Change Dir: '/home/uwb_student00/ahls/new_BSP/work_fim24_caps03_flash01/convert05/cmake-build'

Run Build Command(s): /usr/bin/cmake -E env VERBOSE=1 /usr/bin/make -f Makefile -j1 flash_image
/usr/bin/cmake -S/home/uwb_student00/ahls/new_BSP/work_fim24_caps03_flash01/convert05 -B/home/uwb_student00/ahls/new_BSP/work_fim24_caps03_flash01/convert05/cmake-build --check-build-system CMakeFiles/Makefile.cmake 0
/usr/bin/make  -f CMakeFiles/Makefile2 flash_image
make[1]: Entering directory '/home/uwb_student00/ahls/new_BSP/work_fim24_caps03_flash01/convert05/cmake-build'
/usr/bin/cmake -S/home/uwb_student00/ahls/new_BSP/work_fim24_caps03_flash01/convert05 -B/home/uwb_student00/ahls/new_BSP/work_fim24_caps03_flash01/convert05/cmake-build --check-build-system CMakeFiles/Makefile.cmake 0
/usr/bin/cmake -E cmake_progress_start /home/uwb_student00/ahls/new_BSP/work_fim24_caps03_flash01/convert05/cmake-build/CMakeFiles 0
/usr/bin/make  -f CMakeFiles/Makefile2 CMakeFiles/flash_image.dir/all
make[2]: Entering directory '/home/uwb_student00/ahls/new_BSP/work_fim24_caps03_flash01/convert05/cmake-build'
/usr/bin/make  -f CMakeFiles/flash_image.dir/build.make CMakeFiles/flash_image.dir/depend
make[3]: Entering directory '/home/uwb_student00/ahls/new_BSP/work_fim24_caps03_flash01/convert05/cmake-build'
cd /home/uwb_student00/ahls/new_BSP/work_fim24_caps03_flash01/convert05/cmake-build && /usr/bin/cmake -E cmake_depends "Unix Makefiles" /home/uwb_student00/ahls/new_BSP/work_fim24_caps03_flash01/convert05 /home/uwb_student00/ahls/new_BSP/work_fim24_caps03_flash01/convert05 /home/uwb_student00/ahls/new_BSP/work_fim24_caps03_flash01/convert05/cmake-build /home/uwb_student00/ahls/new_BSP/work_fim24_caps03_flash01/convert05/cmake-build /home/uwb_student00/ahls/new_BSP/work_fim24_caps03_flash01/convert05/cmake-build/CMakeFiles/flash_image.dir/DependInfo.cmake "--color="
make[3]: Leaving directory '/home/uwb_student00/ahls/new_BSP/work_fim24_caps03_flash01/convert05/cmake-build'
/usr/bin/make  -f CMakeFiles/flash_image.dir/build.make CMakeFiles/flash_image.dir/build
make[3]: Entering directory '/home/uwb_student00/ahls/new_BSP/work_fim24_caps03_flash01/convert05/cmake-build'
/opt/altera/26.1.1/quartus/bin/quartus_pfg -c /home/uwb_student00/ahls/new_BSP/work_fim24_caps03_assembly01/base01/build/syn/board/ia840f/syn_top/output_files/ofs_pr_afu.sof /home/uwb_student00/ahls/new_BSP/work_fim24_caps03_flash01/convert05/migrated-caps03-sdk.jic /home/uwb_student00/ahls/new_BSP/work_fim24_caps03_flash01/convert05/migrated-caps03-sdk.map /home/uwb_student00/ahls/new_BSP/work_fim24_caps03_flash01/convert05/migrated-caps03-sdk.rpd -o device=MT25QU02G -o mode=ASX4 -o flash_loader=AGFB027R25A -o bitswap=OFF
Info: *******************************************************************
Info: Running Quartus Prime Programming File Generator
    Info: Version 26.1.1 Build 130 08/06/2026 SC Pro Edition
    Info: Copyright (C) 2026  Altera Corporation. All rights reserved.
    Info: Your use of Altera Corporation's design tools, logic functions 
    Info: and other software and tools, and any partner logic 
    Info: functions, and any output files from any of the foregoing 
    Info: (including device programming or simulation files), and any 
    Info: associated documentation or information are expressly subject 
    Info: to the terms and conditions of the Altera Program License 
    Info: Subscription Agreement, the Altera Quartus Prime License Agreement,
    Info: the Altera IP License Agreement, or other applicable license
    Info: agreement, including, without limitation, that your use is for
    Info: the sole purpose of programming logic devices manufactured by
    Info: Altera and sold by Altera or its authorized distributors.  Please
    Info: refer to the Altera Software License Subscription Agreements 
    Info: on the Quartus Prime software download page.
    Info: Processing started: Sat Oct  3 09:58:31 2026
    Info: System process ID: 391089
Info: Command: quartus_pfg -c /home/uwb_student00/ahls/new_BSP/work_fim24_caps03_assembly01/base01/build/syn/board/ia840f/syn_top/output_files/ofs_pr_afu.sof /home/uwb_student00/ahls/new_BSP/work_fim24_caps03_flash01/convert05/migrated-caps03-sdk.jic /home/uwb_student00/ahls/new_BSP/work_fim24_caps03_flash01/convert05/migrated-caps03-sdk.map /home/uwb_student00/ahls/new_BSP/work_fim24_caps03_flash01/convert05/migrated-caps03-sdk.rpd -o device=MT25QU02G -o mode=ASX4 -o flash_loader=AGFB027R25A -o bitswap=OFF
Info (19848): Regular SEU info => 56 sector(s), 9 thread(s), 15120 interval time in microsecond(s)
Info (19848): IO hash is 6DFE5103C8CCABD566A2456AEB2C139F4C794F3597AEB0B76A094B0F53E457AC
Info (19848): Keyed hash is E9EE75A6B2AB0B9B80C04F16AFC5AB387DF4C527F18086A87C7048247337358A
Info (19848): Design hash is B611E5A786D088C7AB31FA545A6606B42F286F002309C1A8584F306589B996CC
Info (19848): IO hash is 6DFE5103C8CCABD566A2456AEB2C139F4C794F3597AEB0B76A094B0F53E457AC
Info (19848): Keyed hash is 148C2905A73C371F8ED911488BAC4F798FD6DB7DBF744949F9739AA1E1E0F5AF
Info (19494): Raw Programming Data File /home/uwb_student00/ahls/new_BSP/work_fim24_caps03_flash01/convert05/migrated-caps03-sdk.rpd contains configuration device programming data for file /home/uwb_student00/ahls/new_BSP/work_fim24_caps03_flash01/convert05/migrated-caps03-sdk.jic
Info: Quartus Prime Programming File Generator was successful. 0 errors, 0 warnings
    Info: Peak virtual memory: 2317 megabytes
    Info: Processing ended: Sat Oct  3 09:59:04 2026
    Info: Elapsed time: 00:00:33
    Info: System process ID: 391089
make[3]: Leaving directory '/home/uwb_student00/ahls/new_BSP/work_fim24_caps03_flash01/convert05/cmake-build'
Built target flash_image
make[2]: Leaving directory '/home/uwb_student00/ahls/new_BSP/work_fim24_caps03_flash01/convert05/cmake-build'
/usr/bin/cmake -E cmake_progress_start /home/uwb_student00/ahls/new_BSP/work_fim24_caps03_flash01/convert05/cmake-build/CMakeFiles 0
make[1]: Leaving directory '/home/uwb_student00/ahls/new_BSP/work_fim24_caps03_flash01/convert05/cmake-build'

