Change Dir: '/home/uwb_student00/ahls/new_BSP/work_fim24_caps03_flash01/convert05/cmake-build'

Run Build Command(s): /usr/bin/cmake -E env VERBOSE=1 /usr/bin/make -f Makefile -j1 image_info
/usr/bin/cmake -S/home/uwb_student00/ahls/new_BSP/work_fim24_caps03_flash01/convert05 -B/home/uwb_student00/ahls/new_BSP/work_fim24_caps03_flash01/convert05/cmake-build --check-build-system CMakeFiles/Makefile.cmake 0
/usr/bin/make  -f CMakeFiles/Makefile2 image_info
make[1]: Entering directory '/home/uwb_student00/ahls/new_BSP/work_fim24_caps03_flash01/convert05/cmake-build'
/usr/bin/cmake -S/home/uwb_student00/ahls/new_BSP/work_fim24_caps03_flash01/convert05 -B/home/uwb_student00/ahls/new_BSP/work_fim24_caps03_flash01/convert05/cmake-build --check-build-system CMakeFiles/Makefile.cmake 0
/usr/bin/cmake -E cmake_progress_start /home/uwb_student00/ahls/new_BSP/work_fim24_caps03_flash01/convert05/cmake-build/CMakeFiles 0
/usr/bin/make  -f CMakeFiles/Makefile2 CMakeFiles/image_info.dir/all
make[2]: Entering directory '/home/uwb_student00/ahls/new_BSP/work_fim24_caps03_flash01/convert05/cmake-build'
/usr/bin/make  -f CMakeFiles/image_info.dir/build.make CMakeFiles/image_info.dir/depend
make[3]: Entering directory '/home/uwb_student00/ahls/new_BSP/work_fim24_caps03_flash01/convert05/cmake-build'
cd /home/uwb_student00/ahls/new_BSP/work_fim24_caps03_flash01/convert05/cmake-build && /usr/bin/cmake -E cmake_depends "Unix Makefiles" /home/uwb_student00/ahls/new_BSP/work_fim24_caps03_flash01/convert05 /home/uwb_student00/ahls/new_BSP/work_fim24_caps03_flash01/convert05 /home/uwb_student00/ahls/new_BSP/work_fim24_caps03_flash01/convert05/cmake-build /home/uwb_student00/ahls/new_BSP/work_fim24_caps03_flash01/convert05/cmake-build /home/uwb_student00/ahls/new_BSP/work_fim24_caps03_flash01/convert05/cmake-build/CMakeFiles/image_info.dir/DependInfo.cmake "--color="
make[3]: Leaving directory '/home/uwb_student00/ahls/new_BSP/work_fim24_caps03_flash01/convert05/cmake-build'
/usr/bin/make  -f CMakeFiles/image_info.dir/build.make CMakeFiles/image_info.dir/build
make[3]: Entering directory '/home/uwb_student00/ahls/new_BSP/work_fim24_caps03_flash01/convert05/cmake-build'
/opt/altera/26.1.1/quartus/bin/quartus_pfg -i /home/uwb_student00/ahls/new_BSP/work_fim24_caps03_flash01/convert05/migrated-caps03-sdk.jic
Info: *******************************************************************
Info: Running Quartus Prime Programming File Generator
    Info: Version 26.1.1 Build 130 08/06/2026 SC Pro Edition
    Info: Copyright (C) 2026  Altera Corporation. All rights reserved.
    Info: Your use of Altera Corporation's design tools, logic functions 
    Info: and other software and tools, and any partner logic 
    Info: functions, and any output files from any of the foregoing 
    Info: (including device programming or simulation files), and any 
    Info: associated documentation or information are expressly subject 
    Info: to the terms and conditions of the Altera Program License 
    Info: Subscription Agreement, the Altera Quartus Prime License Agreement,
    Info: the Altera IP License Agreement, or other applicable license
    Info: agreement, including, without limitation, that your use is for
    Info: the sole purpose of programming logic devices manufactured by
    Info: Altera and sold by Altera or its authorized distributors.  Please
    Info: refer to the Altera Software License Subscription Agreements 
    Info: on the Quartus Prime software download page.
    Info: Processing started: Sat Oct  3 09:59:13 2026
    Info: System process ID: 393405
Info: Command: quartus_pfg -i /home/uwb_student00/ahls/new_BSP/work_fim24_caps03_flash01/convert05/migrated-caps03-sdk.jic
==================================================
JIC Header
==================================================
Creator: Quartus Prime Programmer Version 26.1.1 Build 130 08/06/2026 SC Pro Edition
Device name: AGFB027R25A
Flash device: MT25QU02G
CRC: 0x0DDE

==================================================
CMF Section 1
==================================================
Offset: 0x00000000
Version: 0x1A010100 (26.1.1)
Support firmware upgrade: TRUE (Max 4)
Number of sections following: 2
Signed: True
Keychain permission: SIGN_CODE (0x00000001)
Keychain can be cancelled by ID: hash:7

==================================================
CMF Section 2
==================================================
Offset: 0x00040000
Version: 0x1A010100 (26.1.1)
Support firmware upgrade: TRUE (Max 4)
Number of sections following: 2
Signed: True
Keychain permission: SIGN_CODE (0x00000001)
Keychain can be cancelled by ID: hash:7

==================================================
CMF Section 3
==================================================
Offset: 0x00080000
Version: 0x1A010100 (26.1.1)
Support firmware upgrade: TRUE (Max 4)
Number of sections following: 2
Signed: True
Keychain permission: SIGN_CODE (0x00000001)
Keychain can be cancelled by ID: hash:7

==================================================
CMF Section 4
==================================================
Offset: 0x000C0000
Version: 0x1A010100 (26.1.1)
Support firmware upgrade: TRUE (Max 4)
Number of sections following: 2
Signed: True
Keychain permission: SIGN_CODE (0x00000001)
Keychain can be cancelled by ID: hash:7

==================================================
General
==================================================
Device name: AGFB027R25A2E2V
Software version: Quartus Prime Version 26.1.1 Build 130
JTAG user code: 0xFFFFFFFF
JTAG ID: 0x0341B0DD
Secondary JTAG ID: 0x0341B0DD
Configuration clock source: 125 MHz OSC_CLK_1 pin
IO hash: 6DFE5103C8CCABD566A2456AEB2C139F4C794F3597AEB0B76A094B0F53E457AC
SOF file checksum: 0x76DE5159

==================================================
Configuration
==================================================
Configuration scheme: Active Serial x4
Active serial clock source: 100 MHz Clock Frequency
Remote system update MAX_RETRY count: 1
HPS present: FALSE

==================================================
Configuration Pin Options
==================================================
SDM_IO0: INIT_DONE
SDM_IO1: AS_DATA1
SDM_IO2: AS_CLK
SDM_IO3: AS_DATA2
SDM_IO4: AS_DATA0
SDM_IO5: AS_nCSO0
SDM_IO6: AS_DATA3
SDM_IO7: AS_nCSO2
SDM_IO8: AS_nCSO3
SDM_IO9: AS_nCSO1
SDM_IO10: NA
SDM_IO11: PWRMGT_SDA
SDM_IO12: PWRMGT_ALERT
SDM_IO13: LOADFACTORY
SDM_IO14: PWRMGT_SCL
SDM_IO15: AS_RESET
SDM_IO16: CONF_DONE

==================================================
Power Management & VID
==================================================
Version: 2
VID enable: TRUE
VID mode of operation: PMBUS_SLAVE
Device address in PMBus Slave mode (Hex): 01

==================================================
Error Detection CRC
==================================================
Enable internal scrubbing: FALSE
Allow SEU fault injection: FALSE

==================================================
CvP settings
==================================================
Configuration via Protocol: OFF

==================================================
Partial Reconfiguration
==================================================
POF0 region ID: 0x01000000
POF0 hash: FD915F42DD42A9BAA357AAF457EDB381EFA1A9524D3969B40C9224683B6B4AB2

==================================================
Security
==================================================
Bitstream signed: FALSE
Bitstream encrypted: FALSE

==================================================
Anti-Tamper
==================================================
Anti-tamper response: DISABLE

==================================================
Attestation
==================================================
CRL distribution point: https://

==================================================
Security Options
==================================================
Disable JTAG: OFF
Force SDM clock to internal oscillator: OFF
Force encryption key update: OFF
Disable virtual eFuses: OFF
Lock security eFuses: OFF
Disable HPS debug: OFF
Disable encryption key in eFuses: OFF
Disable encryption key in BBRAM: OFF
Disable Intrinsic ID PUF-wrapped encryption key in Quad SPI: OFF

==================================================
IO Section
==================================================
Offset: 0x00000000
Signature Block Size: 4096 bytes
Signed: False

==================================================
CORE Section
==================================================
Offset: 0x00060000
Signature Block Size: 4096 bytes
Signed: False


Info: Quartus Prime Programming File Generator was successful. 0 errors, 0 warnings
    Info: Peak virtual memory: 1119 megabytes
    Info: Processing ended: Sat Oct  3 09:59:14 2026
    Info: Elapsed time: 00:00:01
    Info: System process ID: 393405
make[3]: Leaving directory '/home/uwb_student00/ahls/new_BSP/work_fim24_caps03_flash01/convert05/cmake-build'
Built target image_info
make[2]: Leaving directory '/home/uwb_student00/ahls/new_BSP/work_fim24_caps03_flash01/convert05/cmake-build'
/usr/bin/cmake -E cmake_progress_start /home/uwb_student00/ahls/new_BSP/work_fim24_caps03_flash01/convert05/cmake-build/CMakeFiles 0
make[1]: Leaving directory '/home/uwb_student00/ahls/new_BSP/work_fim24_caps03_flash01/convert05/cmake-build'

