Change Dir: '/home/uwb_student00/ahls/new_BSP/work_fim24_caps03_flash01/convert05/cmake-build'

Run Build Command(s): /usr/bin/cmake -E env VERBOSE=1 /usr/bin/make -f Makefile -j1 source_info
/usr/bin/cmake -S/home/uwb_student00/ahls/new_BSP/work_fim24_caps03_flash01/convert05 -B/home/uwb_student00/ahls/new_BSP/work_fim24_caps03_flash01/convert05/cmake-build --check-build-system CMakeFiles/Makefile.cmake 0
/usr/bin/make  -f CMakeFiles/Makefile2 source_info
make[1]: Entering directory '/home/uwb_student00/ahls/new_BSP/work_fim24_caps03_flash01/convert05/cmake-build'
/usr/bin/cmake -S/home/uwb_student00/ahls/new_BSP/work_fim24_caps03_flash01/convert05 -B/home/uwb_student00/ahls/new_BSP/work_fim24_caps03_flash01/convert05/cmake-build --check-build-system CMakeFiles/Makefile.cmake 0
/usr/bin/cmake -E cmake_progress_start /home/uwb_student00/ahls/new_BSP/work_fim24_caps03_flash01/convert05/cmake-build/CMakeFiles 0
/usr/bin/make  -f CMakeFiles/Makefile2 CMakeFiles/source_info.dir/all
make[2]: Entering directory '/home/uwb_student00/ahls/new_BSP/work_fim24_caps03_flash01/convert05/cmake-build'
/usr/bin/make  -f CMakeFiles/source_info.dir/build.make CMakeFiles/source_info.dir/depend
make[3]: Entering directory '/home/uwb_student00/ahls/new_BSP/work_fim24_caps03_flash01/convert05/cmake-build'
cd /home/uwb_student00/ahls/new_BSP/work_fim24_caps03_flash01/convert05/cmake-build && /usr/bin/cmake -E cmake_depends "Unix Makefiles" /home/uwb_student00/ahls/new_BSP/work_fim24_caps03_flash01/convert05 /home/uwb_student00/ahls/new_BSP/work_fim24_caps03_flash01/convert05 /home/uwb_student00/ahls/new_BSP/work_fim24_caps03_flash01/convert05/cmake-build /home/uwb_student00/ahls/new_BSP/work_fim24_caps03_flash01/convert05/cmake-build /home/uwb_student00/ahls/new_BSP/work_fim24_caps03_flash01/convert05/cmake-build/CMakeFiles/source_info.dir/DependInfo.cmake "--color="
make[3]: Leaving directory '/home/uwb_student00/ahls/new_BSP/work_fim24_caps03_flash01/convert05/cmake-build'
/usr/bin/make  -f CMakeFiles/source_info.dir/build.make CMakeFiles/source_info.dir/build
make[3]: Entering directory '/home/uwb_student00/ahls/new_BSP/work_fim24_caps03_flash01/convert05/cmake-build'
/opt/altera/26.1.1/quartus/bin/quartus_pfg -i /home/uwb_student00/ahls/new_BSP/work_fim24_caps03_assembly01/base01/build/syn/board/ia840f/syn_top/output_files/ofs_pr_afu.sof
Info: *******************************************************************
Info: Running Quartus Prime Programming File Generator
    Info: Version 26.1.1 Build 130 08/06/2026 SC Pro Edition
    Info: Copyright (C) 2026  Altera Corporation. All rights reserved.
    Info: Your use of Altera Corporation's design tools, logic functions 
    Info: and other software and tools, and any partner logic 
    Info: functions, and any output files from any of the foregoing 
    Info: (including device programming or simulation files), and any 
    Info: associated documentation or information are expressly subject 
    Info: to the terms and conditions of the Altera Program License 
    Info: Subscription Agreement, the Altera Quartus Prime License Agreement,
    Info: the Altera IP License Agreement, or other applicable license
    Info: agreement, including, without limitation, that your use is for
    Info: the sole purpose of programming logic devices manufactured by
    Info: Altera and sold by Altera or its authorized distributors.  Please
    Info: refer to the Altera Software License Subscription Agreements 
    Info: on the Quartus Prime software download page.
    Info: Processing started: Sat Oct  3 09:59:04 2026
    Info: System process ID: 393370
Info: Command: quartus_pfg -i /home/uwb_student00/ahls/new_BSP/work_fim24_caps03_assembly01/base01/build/syn/board/ia840f/syn_top/output_files/ofs_pr_afu.sof
==================================================
General
==================================================
Device name: AGFB027R25A2E2V
Software version: Quartus Prime Version 26.1.1 Build 130 08/06/2026 SC Pro Edition
JTAG user code: 0xFFFFFFFF
Configuration clock source: 125 MHz OSC_CLK_1 pin
SOF file checksum: 0x76DE5159

==================================================
Configuration
==================================================
Configuration scheme: Active Serial x4
Active serial clock source: 100 MHz Clock Frequency
Remote system update MAX_RETRY count: 1
HPS present: FALSE

==================================================
Configuration Pin Options
==================================================
SDM_IO0: INIT_DONE
SDM_IO1: AS_DATA1
SDM_IO2: AS_CLK
SDM_IO3: AS_DATA2
SDM_IO4: AS_DATA0
SDM_IO5: AS_nCSO0
SDM_IO6: AS_DATA3
SDM_IO7: AS_nCSO2
SDM_IO8: AS_nCSO3
SDM_IO9: AS_nCSO1
SDM_IO10: NA
SDM_IO11: PWRMGT_SDA
SDM_IO12: PWRMGT_ALERT
SDM_IO13: LOADFACTORY
SDM_IO14: PWRMGT_SCL
SDM_IO15: AS_RESET
SDM_IO16: CONF_DONE

==================================================
Power Management & VID
==================================================
Version: 1
VID enable: TRUE
VID mode of operation: PMBUS_SLAVE
Device address in PMBus Slave mode (Hex): 01

==================================================
Error Detection CRC
==================================================
Enable error detection check: TRUE
Minimum SEU interval: 0
Enable internal scrubbing: FALSE
Allow SEU fault injection: FALSE

==================================================
CvP settings
==================================================
Configuration via Protocol: OFF

==================================================
Partial Reconfiguration
==================================================
POF0 region ID: 0x01000000
POF0 hash: FD915F42DD42A9BAA357AAF457EDB381EFA1A9524D3969B40C9224683B6B4AB2

==================================================
Security
==================================================
Enable configuration bitstream authentication: FALSE
Enable configuration bitstream encryption: FALSE

==================================================
Anti-Tamper
==================================================
Anti-tamper response: DISABLE

==================================================
Attestation
==================================================
CRL distribution point: 

==================================================
Security Options
==================================================
Disable JTAG: OFF
Force SDM clock to internal oscillator: OFF
Force encryption key update: OFF
Disable virtual eFuses: OFF
Lock security eFuses: OFF
Disable HPS debug: OFF
Disable encryption key in eFuses: OFF
Disable encryption key in BBRAM: OFF
Disable Intrinsic ID PUF-wrapped encryption key in Quad SPI: OFF

==================================================
Tiles
==================================================
P-tile: USED
E-tile: USED
P-tile: UNUSED


Info: Quartus Prime Programming File Generator was successful. 0 errors, 0 warnings
    Info: Peak virtual memory: 2175 megabytes
    Info: Processing ended: Sat Oct  3 09:59:12 2026
    Info: Elapsed time: 00:00:08
    Info: System process ID: 393370
make[3]: Leaving directory '/home/uwb_student00/ahls/new_BSP/work_fim24_caps03_flash01/convert05/cmake-build'
Built target source_info
make[2]: Leaving directory '/home/uwb_student00/ahls/new_BSP/work_fim24_caps03_flash01/convert05/cmake-build'
/usr/bin/cmake -E cmake_progress_start /home/uwb_student00/ahls/new_BSP/work_fim24_caps03_flash01/convert05/cmake-build/CMakeFiles 0
make[1]: Leaving directory '/home/uwb_student00/ahls/new_BSP/work_fim24_caps03_flash01/convert05/cmake-build'

