***************************************************************
Quartus is a registered trademark of Intel Corporation in the
US and other countries.  Portions of the Quartus Prime software
code, and other portions of the code included in this download
or on this DVD, are licensed to Intel Corporation and are the
copyrighted property of third parties. For license details,
refer to the End User License Agreement at
http://fpgasoftware.intel.com/eula.
***************************************************************

2026.09.23.04:11:52 Info: ahls_memory_dma_fabric: All Generic Component instances match their respective ip files.
2026.09.23.04:11:53 Info: Saving generation log to /home/uwb_student00/ahls/new_BSP/work_ahls_memory_dma_core01/fabric01/ip/ahls_memory_dma_fabric/ahls_memory_dma_fabric_fabric/ahls_memory_dma_fabric_fabric_generation.rpt
2026.09.23.04:11:53 Info: Generated by version: 25.1 build 129
2026.09.23.04:11:53 Info: Starting: Create HDL design files for synthesis
2026.09.23.04:11:53 Info: qsys-generate /home/uwb_student00/ahls/new_BSP/work_ahls_memory_dma_core01/fabric01/ip/ahls_memory_dma_fabric/ahls_memory_dma_fabric_fabric.ip --synthesis=VERILOG --output-directory=/home/uwb_student00/ahls/new_BSP/work_ahls_memory_dma_core01/fabric01/ip/ahls_memory_dma_fabric/ahls_memory_dma_fabric_fabric --family="Agilex 7" --part=AGFB027R25A2E2V
2026.09.23.04:11:54 Info: ahls_memory_dma_fabric_fabric: "Transforming system: ahls_memory_dma_fabric_fabric"
2026.09.23.04:11:56 Info: ahls_memory_dma_fabric_fabric: "Naming system components in system: ahls_memory_dma_fabric_fabric"
2026.09.23.04:11:56 Info: ahls_memory_dma_fabric_fabric: "Processing generation queue"
2026.09.23.04:11:56 Info: ahls_memory_dma_fabric_fabric: "Generating: ahls_memory_dma_fabric_fabric"
2026.09.23.04:11:56 Info: ahls_memory_dma_fabric_fabric: "Generating: ahls_memory_dma_fabric_fabric_ia840f_ahls_memory_fabric_dma_10_bw6p3iy"
2026.09.23.04:11:56 Info: ahls_memory_dma_fabric_fabric: "Generating: mmhost_ia840f_report_di"
2026.09.23.04:11:57 Info: ahls_memory_dma_fabric_fabric: "Generating: ahls_memory_dma_fabric_fabric_altera_axi_bridge_1993_2ykamhy"
2026.09.23.04:11:57 Info: ahls_memory_dma_fabric_fabric: "Generating: ahls_memory_dma_fabric_fabric_altera_axi_bridge_1993_kwvtw4a"
2026.09.23.04:11:57 Info: ahls_memory_dma_fabric_fabric: "Generating: ahls_memory_dma_fabric_fabric_altera_axi_bridge_1993_ho77dxi"
2026.09.23.04:11:57 Info: ahls_memory_dma_fabric_fabric: "Generating: ahls_memory_dma_fabric_fabric_altera_mm_interconnect_1920_7cfzhiy"
2026.09.23.04:11:57 Info: ahls_memory_dma_fabric_fabric: "Generating: ahls_memory_dma_fabric_fabric_altera_mm_interconnect_1920_gtz2awi"
2026.09.23.04:11:57 Info: ahls_memory_dma_fabric_fabric: "Generating: ahls_memory_dma_fabric_fabric_altera_mm_interconnect_1920_wgwcdgy"
2026.09.23.04:11:57 Info: ahls_memory_dma_fabric_fabric: "Generating: altera_reset_controller"
2026.09.23.04:11:57 Info: ahls_memory_dma_fabric_fabric: "Generating: ahls_memory_dma_fabric_fabric_altera_merlin_axi_translator_1974_xfkiwxi"
2026.09.23.04:11:57 Info: ahls_memory_dma_fabric_fabric: "Generating: ahls_memory_dma_fabric_fabric_altera_merlin_slave_translator_191_xg7rzxi"
2026.09.23.04:11:57 Info: ahls_memory_dma_fabric_fabric: "Generating: ahls_memory_dma_fabric_fabric_altera_merlin_axi_master_ni_19100_y3ctica"
2026.09.23.04:11:57 Info: ahls_memory_dma_fabric_fabric: "Generating: ahls_memory_dma_fabric_fabric_altera_merlin_axi_slave_ni_19112_oazrs3y"
2026.09.23.04:11:57 Info: my_altera_avalon_sc_fifo_wr: "Generating: my_altera_avalon_sc_fifo_wr"
2026.09.23.04:11:57 Info: my_altera_avalon_sc_fifo_rd: "Generating: my_altera_avalon_sc_fifo_rd"
2026.09.23.04:11:57 Info: my_altera_avalon_st_pipeline_stage_rd: "Generating: my_altera_avalon_st_pipeline_stage_rd"
2026.09.23.04:11:57 Info: my_altera_avalon_st_pipeline_stage_wr: "Generating: my_altera_avalon_st_pipeline_stage_wr"
2026.09.23.04:11:57 Info: my_altera_avalon_st_pipeline_stage_rp: "Generating: my_altera_avalon_st_pipeline_stage_rp"
2026.09.23.04:11:57 Info: ahls_memory_dma_fabric_fabric: "Generating: ahls_memory_dma_fabric_fabric_altera_merlin_slave_agent_1930_jxauz3i"
2026.09.23.04:11:57 Info: ahls_memory_dma_fabric_fabric: "Generating: ahls_memory_dma_fabric_fabric_altera_avalon_sc_fifo_1932_onpcouq"
2026.09.23.04:11:57 Info: ahls_memory_dma_fabric_fabric: "Generating: ahls_memory_dma_fabric_fabric_altera_merlin_router_1921_pleb25y"
2026.09.23.04:11:57 Info: ahls_memory_dma_fabric_fabric: "Generating: ahls_memory_dma_fabric_fabric_altera_merlin_router_1921_bknbsua"
2026.09.23.04:11:57 Info: ahls_memory_dma_fabric_fabric: "Generating: ahls_memory_dma_fabric_fabric_altera_merlin_router_1921_2bcilgi"
2026.09.23.04:11:57 Info: ahls_memory_dma_fabric_fabric: "Generating: ahls_memory_dma_fabric_fabric_altera_merlin_router_1921_5wd2p4i"
2026.09.23.04:11:57 Info: ahls_memory_dma_fabric_fabric: "Generating: ahls_memory_dma_fabric_fabric_altera_merlin_router_1921_wfloq4q"
2026.09.23.04:11:57 Info: ahls_memory_dma_fabric_fabric: "Generating: ahls_memory_dma_fabric_fabric_altera_merlin_burst_adapter_1940_twtirdy"
2026.09.23.04:11:57 Info: my_altera_avalon_st_pipeline_stage: "Generating: my_altera_avalon_st_pipeline_stage"
2026.09.23.04:11:57 Info: ahls_memory_dma_fabric_fabric: "Generating: ahls_memory_dma_fabric_fabric_altera_merlin_demultiplexer_1921_wfrz5ua"
2026.09.23.04:11:57 Info: ahls_memory_dma_fabric_fabric: "Generating: ahls_memory_dma_fabric_fabric_altera_merlin_multiplexer_1922_g6klifq"
2026.09.23.04:11:57 Info: ahls_memory_dma_fabric_fabric: "Generating: ahls_memory_dma_fabric_fabric_altera_merlin_multiplexer_1922_njwpk6q"
2026.09.23.04:11:57 Info: ahls_memory_dma_fabric_fabric: "Generating: ahls_memory_dma_fabric_fabric_altera_merlin_demultiplexer_1921_4idlbya"
2026.09.23.04:11:57 Info: ahls_memory_dma_fabric_fabric: "Generating: ahls_memory_dma_fabric_fabric_altera_merlin_multiplexer_1922_hmweysy"
2026.09.23.04:11:57 Info: ahls_memory_dma_fabric_fabric: "Generating: ahls_memory_dma_fabric_fabric_altera_merlin_master_translator_193_lgcew2q"
2026.09.23.04:11:57 Info: ahls_memory_dma_fabric_fabric: "Generating: ahls_memory_dma_fabric_fabric_altera_merlin_axi_master_ni_19100_pogz5yy"
2026.09.23.04:11:57 Info: ahls_memory_dma_fabric_fabric: "Generating: ahls_memory_dma_fabric_fabric_altera_merlin_master_agent_1931_szfayly"
2026.09.23.04:11:57 Info: ahls_memory_dma_fabric_fabric: "Generating: ahls_memory_dma_fabric_fabric_altera_merlin_axi_slave_ni_19112_wdwws5q"
2026.09.23.04:11:57 Info: my_altera_avalon_sc_fifo_wr: "Generating: my_altera_avalon_sc_fifo_wr"
2026.09.23.04:11:57 Info: my_altera_avalon_sc_fifo_rd: "Generating: my_altera_avalon_sc_fifo_rd"
2026.09.23.04:11:57 Info: my_altera_avalon_st_pipeline_stage_rd: "Generating: my_altera_avalon_st_pipeline_stage_rd"
2026.09.23.04:11:57 Info: my_altera_avalon_st_pipeline_stage_wr: "Generating: my_altera_avalon_st_pipeline_stage_wr"
2026.09.23.04:11:57 Info: my_altera_avalon_st_pipeline_stage_rp: "Generating: my_altera_avalon_st_pipeline_stage_rp"
2026.09.23.04:11:57 Info: ahls_memory_dma_fabric_fabric: "Generating: ahls_memory_dma_fabric_fabric_altera_merlin_router_1921_hz233uq"
2026.09.23.04:11:57 Info: ahls_memory_dma_fabric_fabric: "Generating: ahls_memory_dma_fabric_fabric_altera_merlin_router_1921_t2ginwa"
2026.09.23.04:11:57 Info: ahls_memory_dma_fabric_fabric: "Generating: ahls_memory_dma_fabric_fabric_altera_merlin_router_1921_ixmw7li"
2026.09.23.04:11:57 Info: ahls_memory_dma_fabric_fabric: "Generating: ahls_memory_dma_fabric_fabric_altera_merlin_router_1921_3uc74ei"
2026.09.23.04:11:57 Info: ahls_memory_dma_fabric_fabric: "Generating: ahls_memory_dma_fabric_fabric_altera_merlin_router_1921_ldbgtgq"
2026.09.23.04:11:57 Info: ahls_memory_dma_fabric_fabric: "Generating: ahls_memory_dma_fabric_fabric_altera_merlin_traffic_limiter_1921_dbseoby"
2026.09.23.04:11:57 Info: my_altera_avalon_sc_fifo_dest_id_fifo: "Generating: my_altera_avalon_sc_fifo_dest_id_fifo"
2026.09.23.04:11:57 Info: ahls_memory_dma_fabric_fabric: "Generating: ahls_memory_dma_fabric_fabric_altera_merlin_demultiplexer_1921_qaae75a"
2026.09.23.04:11:57 Info: ahls_memory_dma_fabric_fabric: "Generating: ahls_memory_dma_fabric_fabric_altera_merlin_demultiplexer_1921_2nswdra"
2026.09.23.04:11:57 Info: ahls_memory_dma_fabric_fabric: "Generating: ahls_memory_dma_fabric_fabric_altera_merlin_multiplexer_1922_7lcn5ca"
2026.09.23.04:11:57 Info: ahls_memory_dma_fabric_fabric: "Generating: ahls_memory_dma_fabric_fabric_altera_merlin_multiplexer_1922_cijvlya"
2026.09.23.04:11:57 Info: ahls_memory_dma_fabric_fabric: "Generating: ahls_memory_dma_fabric_fabric_altera_merlin_multiplexer_1922_y3mkexi"
2026.09.23.04:11:57 Info: ahls_memory_dma_fabric_fabric: "Generating: ahls_memory_dma_fabric_fabric_altera_merlin_width_adapter_1950_fq674yi"
2026.09.23.04:11:57 Info: ahls_memory_dma_fabric_fabric: "Generating: ahls_memory_dma_fabric_fabric_altera_merlin_width_adapter_1950_bvtlyty"
2026.09.23.04:11:57 Info: ahls_memory_dma_fabric_fabric: "Generating: ahls_memory_dma_fabric_fabric_altera_avalon_st_pipeline_stage_1930_oiupeiq"
2026.09.23.04:11:57 Info: ahls_memory_dma_fabric_fabric: "Generating: ahls_memory_dma_fabric_fabric_altera_merlin_axi_slave_ni_altera_avalon_sc_fifo_19112_jne3kpq"
2026.09.23.04:11:57 Info: ahls_memory_dma_fabric_fabric: "Generating: ahls_memory_dma_fabric_fabric_altera_merlin_axi_slave_ni_altera_avalon_st_pipeline_stage_19112_7najzbq"
2026.09.23.04:11:57 Info: ahls_memory_dma_fabric_fabric: "Generating: ahls_memory_dma_fabric_fabric_altera_merlin_axi_slave_ni_altera_avalon_st_pipeline_stage_19112_4nxcxpi"
2026.09.23.04:11:57 Info: ahls_memory_dma_fabric_fabric: "Generating: ahls_memory_dma_fabric_fabric_altera_merlin_axi_slave_ni_altera_avalon_st_pipeline_stage_19112_gaxsrkq"
2026.09.23.04:11:57 Info: ahls_memory_dma_fabric_fabric: "Generating: ahls_memory_dma_fabric_fabric_altera_merlin_burst_adapter_altera_avalon_st_pipeline_stage_1940_hev3h3q"
2026.09.23.04:11:57 Info: ahls_memory_dma_fabric_fabric: "Generating: ahls_memory_dma_fabric_fabric_altera_merlin_axi_slave_ni_altera_avalon_sc_fifo_19112_42kli5i"
2026.09.23.04:11:57 Info: ahls_memory_dma_fabric_fabric: "Generating: ahls_memory_dma_fabric_fabric_altera_merlin_axi_slave_ni_altera_avalon_st_pipeline_stage_19112_ha2465i"
2026.09.23.04:11:57 Info: ahls_memory_dma_fabric_fabric: "Generating: ahls_memory_dma_fabric_fabric_altera_merlin_axi_slave_ni_altera_avalon_st_pipeline_stage_19112_2qk66ia"
2026.09.23.04:11:57 Info: ahls_memory_dma_fabric_fabric: "Generating: ahls_memory_dma_fabric_fabric_altera_merlin_axi_slave_ni_altera_avalon_st_pipeline_stage_19112_ldqk53q"
2026.09.23.04:11:57 Info: ahls_memory_dma_fabric_fabric: "Generating: ahls_memory_dma_fabric_fabric_altera_merlin_traffic_limiter_altera_avalon_sc_fifo_1921_fmkphni"
2026.09.23.04:11:57 Info: ahls_memory_dma_fabric_fabric: Done "ahls_memory_dma_fabric_fabric" with 55 modules, 259 files
2026.09.23.04:11:57 Info: Finished: Create HDL design files for synthesis
2026.09.23.04:11:57 Info: Generation of /home/uwb_student00/ahls/new_BSP/work_ahls_memory_dma_core01/fabric01/ip/ahls_memory_dma_fabric/ahls_memory_dma_fabric_fabric.ip (ahls_memory_dma_fabric_fabric) took 4134 ms
2026.09.23.04:11:57 Info: 
2026.09.23.04:11:57 Info: Saving generation log to /home/uwb_student00/ahls/new_BSP/work_ahls_memory_dma_core01/fabric01/ahls_memory_dma_fabric/ahls_memory_dma_fabric_generation.rpt
2026.09.23.04:11:57 Info: Generated by version: 25.1 build 129
2026.09.23.04:11:57 Info: Starting: Create HDL design files for synthesis
2026.09.23.04:11:57 Info: qsys-generate /home/uwb_student00/ahls/new_BSP/work_ahls_memory_dma_core01/fabric01/ahls_memory_dma_fabric.qsys --synthesis=VERILOG --output-directory=/home/uwb_student00/ahls/new_BSP/work_ahls_memory_dma_core01/fabric01/ahls_memory_dma_fabric --family="Agilex 7" --part=AGFB027R25A2E2V
2026.09.23.04:11:57 Info: Loading fabric01/ahls_memory_dma_fabric.qsys
2026.09.23.04:11:57 Info: Reading input file
2026.09.23.04:11:57 Info: Parameterizing module fabric
2026.09.23.04:11:57 Info: Building connections
2026.09.23.04:11:57 Info: Parameterizing connections
2026.09.23.04:11:57 Info: Validating
2026.09.23.04:11:57 Info: Done reading input file
2026.09.23.04:11:58 Info: ahls_memory_dma_fabric: "Transforming system: ahls_memory_dma_fabric"
2026.09.23.04:11:58 Info: ahls_memory_dma_fabric: "Naming system components in system: ahls_memory_dma_fabric"
2026.09.23.04:11:58 Info: ahls_memory_dma_fabric: "Processing generation queue"
2026.09.23.04:11:58 Info: ahls_memory_dma_fabric: "Generating: ahls_memory_dma_fabric"
2026.09.23.04:11:58 Info: ahls_memory_dma_fabric: "Generating: ahls_memory_dma_fabric_fabric"
2026.09.23.04:11:58 Info: ahls_memory_dma_fabric: Done "ahls_memory_dma_fabric" with 2 modules, 1 files
2026.09.23.04:11:58 Info: Finished: Create HDL design files for synthesis
2026.09.23.04:11:58 Info: Generation of /home/uwb_student00/ahls/new_BSP/work_ahls_memory_dma_core01/fabric01/ahls_memory_dma_fabric.qsys (ahls_memory_dma_fabric) took 5602 ms
