Info: Generated by version: 26.1.1 build 130
Info: Starting: Create simulation model
Info: qsys-generate /home/uwb_student00/ahls/new_BSP/work_ia840f_fim_05/syn/board/ia840f/syn_top/../../../../src/pd_qsys/fabric/apf.qsys --simulation=VERILOG --allow-mixed-language-simulation --simulator=MODELSIM --output-directory=/home/uwb_student00/ahls/new_BSP/work_ia840f_fim_05/src/pd_qsys/fabric/apf --family="Agilex 7" --part=AGFB027R25A2E2V
Progress: Loading fabric/apf.qsys
Progress: Reading input file
Progress: Parameterizing module apf_achk_slv
Progress: Parameterizing module apf_bpf_mst
Progress: Parameterizing module apf_bpf_slv
Progress: Parameterizing module apf_clock_bridge
Progress: Parameterizing module apf_default_slv
Progress: Parameterizing module apf_mctp_mst
Progress: Parameterizing module apf_pr_slv
Progress: Parameterizing module apf_reset_bridge
Progress: Parameterizing module apf_st2mm_mst
Progress: Parameterizing module apf_st2mm_slv
Progress: Parameterizing module apf_uart_mst
Progress: Parameterizing module apf_uart_slv
Progress: Building connections
Progress: Parameterizing connections
Progress: Validating
Progress: Done reading input file
Component Instantiation Warning: apf.apf_achk_slv: Project Setting information doesn't match IP Variant file. Double-click to open System Info tab.
Component Instantiation Warning: apf.apf_bpf_mst: Project Setting information doesn't match IP Variant file. Double-click to open System Info tab.
Component Instantiation Warning: apf.apf_bpf_slv: Project Setting information doesn't match IP Variant file. Double-click to open System Info tab.
Component Instantiation Warning: apf.apf_clock_bridge: Project Setting information doesn't match IP Variant file. Double-click to open System Info tab.
Component Instantiation Warning: apf.apf_default_slv: Project Setting information doesn't match IP Variant file. Double-click to open System Info tab.
Component Instantiation Warning: apf.apf_mctp_mst: Project Setting information doesn't match IP Variant file. Double-click to open System Info tab.
Component Instantiation Warning: apf.apf_pr_slv: Project Setting information doesn't match IP Variant file. Double-click to open System Info tab.
Component Instantiation Warning: apf.apf_reset_bridge: Project Setting information doesn't match IP Variant file. Double-click to open System Info tab.
Component Instantiation Warning: apf.apf_st2mm_mst: Project Setting information doesn't match IP Variant file. Double-click to open System Info tab.
Component Instantiation Warning: apf.apf_st2mm_slv: Project Setting information doesn't match IP Variant file. Double-click to open System Info tab.
Component Instantiation Warning: apf.apf_uart_mst: Project Setting information doesn't match IP Variant file. Double-click to open System Info tab.
Component Instantiation Warning: apf.apf_uart_slv: Project Setting information doesn't match IP Variant file. Double-click to open System Info tab.
Info: apf: "Transforming system: apf"
Info: apf: "Naming system components in system: apf"
Info: apf: "Processing generation queue"
Info: apf: "Generating: apf"
Info: apf: "Generating: apf_achk_slv"
Info: apf: "Generating: apf_bpf_mst"
Info: apf: "Generating: apf_bpf_slv"
Info: apf: "Generating: apf_clock_bridge"
Info: apf: "Generating: apf_default_slv"
Info: apf: "Generating: apf_mctp_mst"
Info: apf: "Generating: apf_pr_slv"
Info: apf: "Generating: apf_reset_bridge"
Info: apf: "Generating: apf_st2mm_mst"
Info: apf: "Generating: apf_st2mm_slv"
Info: apf: "Generating: apf_uart_mst"
Info: apf: "Generating: apf_uart_slv"
Info: apf: "Generating: apf_altera_mm_interconnect_1920_gey7kqa"
Info: apf: "Generating: apf_altera_merlin_axi_translator_1988_n73csba"
Info: apf: "Generating: apf_altera_merlin_axi_master_ni_19121_jqy4kmq"
Info: apf: "Generating: apf_altera_merlin_axi_slave_ni_19134_2it66pi"
Info: my_altera_avalon_sc_fifo_wr: "Generating: my_altera_avalon_sc_fifo_wr"
Info: my_altera_avalon_sc_fifo_rd: "Generating: my_altera_avalon_sc_fifo_rd"
Info: my_altera_avalon_st_pipeline_stage_rd: "Generating: my_altera_avalon_st_pipeline_stage_rd"
Info: my_altera_avalon_st_pipeline_stage_wr: "Generating: my_altera_avalon_st_pipeline_stage_wr"
Info: my_altera_avalon_st_pipeline_stage_rp: "Generating: my_altera_avalon_st_pipeline_stage_rp"
Info: apf: "Generating: apf_altera_merlin_axi_slave_ni_19134_7scq7cy"
Info: my_altera_avalon_sc_fifo_wr: "Generating: my_altera_avalon_sc_fifo_wr"
Info: my_altera_avalon_sc_fifo_rd: "Generating: my_altera_avalon_sc_fifo_rd"
Info: my_altera_avalon_st_pipeline_stage_rd: "Generating: my_altera_avalon_st_pipeline_stage_rd"
Info: my_altera_avalon_st_pipeline_stage_wr: "Generating: my_altera_avalon_st_pipeline_stage_wr"
Info: my_altera_avalon_st_pipeline_stage_rp: "Generating: my_altera_avalon_st_pipeline_stage_rp"
Info: apf: "Generating: apf_altera_merlin_axi_slave_ni_19134_hjemyva"
Info: my_altera_avalon_sc_fifo_wr: "Generating: my_altera_avalon_sc_fifo_wr"
Info: my_altera_avalon_sc_fifo_rd: "Generating: my_altera_avalon_sc_fifo_rd"
Info: my_altera_avalon_st_pipeline_stage_rd: "Generating: my_altera_avalon_st_pipeline_stage_rd"
Info: my_altera_avalon_st_pipeline_stage_wr: "Generating: my_altera_avalon_st_pipeline_stage_wr"
Info: my_altera_avalon_st_pipeline_stage_rp: "Generating: my_altera_avalon_st_pipeline_stage_rp"
Info: apf: "Generating: apf_altera_merlin_axi_slave_ni_19134_nm4ijdq"
Info: my_altera_avalon_sc_fifo_wr: "Generating: my_altera_avalon_sc_fifo_wr"
Info: my_altera_avalon_sc_fifo_rd: "Generating: my_altera_avalon_sc_fifo_rd"
Info: my_altera_avalon_st_pipeline_stage_rd: "Generating: my_altera_avalon_st_pipeline_stage_rd"
Info: my_altera_avalon_st_pipeline_stage_wr: "Generating: my_altera_avalon_st_pipeline_stage_wr"
Info: my_altera_avalon_st_pipeline_stage_rp: "Generating: my_altera_avalon_st_pipeline_stage_rp"
Info: apf: "Generating: apf_altera_merlin_axi_slave_ni_19134_rdpglyi"
Info: my_altera_avalon_sc_fifo_wr: "Generating: my_altera_avalon_sc_fifo_wr"
Info: my_altera_avalon_sc_fifo_rd: "Generating: my_altera_avalon_sc_fifo_rd"
Info: my_altera_avalon_st_pipeline_stage_rd: "Generating: my_altera_avalon_st_pipeline_stage_rd"
Info: my_altera_avalon_st_pipeline_stage_wr: "Generating: my_altera_avalon_st_pipeline_stage_wr"
Info: my_altera_avalon_st_pipeline_stage_rp: "Generating: my_altera_avalon_st_pipeline_stage_rp"
Info: apf: "Generating: apf_altera_merlin_axi_slave_ni_19134_vx2uoui"
Info: my_altera_avalon_sc_fifo_wr: "Generating: my_altera_avalon_sc_fifo_wr"
Info: my_altera_avalon_sc_fifo_rd: "Generating: my_altera_avalon_sc_fifo_rd"
Info: my_altera_avalon_st_pipeline_stage_rd: "Generating: my_altera_avalon_st_pipeline_stage_rd"
Info: my_altera_avalon_st_pipeline_stage_wr: "Generating: my_altera_avalon_st_pipeline_stage_wr"
Info: my_altera_avalon_st_pipeline_stage_rp: "Generating: my_altera_avalon_st_pipeline_stage_rp"
Info: apf: "Generating: apf_altera_merlin_router_1921_37vteoq"
Info: apf: "Generating: apf_altera_merlin_router_1921_ufannti"
Info: apf: "Generating: apf_altera_merlin_router_1921_bj5jzky"
Info: apf: "Generating: apf_altera_merlin_router_1921_jibmx7i"
Info: apf: "Generating: apf_altera_merlin_router_1921_xm24qzy"
Info: apf: "Generating: apf_altera_merlin_router_1921_dzizx5q"
Info: apf: "Generating: apf_altera_merlin_router_1921_b5brlwa"
Info: apf: "Generating: apf_altera_merlin_router_1921_svivcwi"
Info: apf: "Generating: apf_altera_merlin_traffic_limiter_1922_mnpodii"
Info: my_altera_avalon_sc_fifo_dest_id_fifo: "Generating: my_altera_avalon_sc_fifo_dest_id_fifo"
Info: apf: "Generating: apf_altera_merlin_demultiplexer_1921_xh4p33i"
Info: apf: "Generating: apf_altera_merlin_demultiplexer_1921_gpbqkjy"
Info: apf: "Generating: apf_altera_merlin_multiplexer_1922_c55sbsi"
Info: apf: "Generating: apf_altera_merlin_multiplexer_1922_nztveqa"
Info: apf: "Generating: apf_altera_merlin_demultiplexer_1921_lgp6g2i"
Info: apf: "Generating: apf_altera_merlin_demultiplexer_1921_d2utldq"
Info: apf: "Generating: apf_altera_merlin_multiplexer_1922_sr2i6uy"
Info: apf: "Generating: apf_altera_merlin_multiplexer_1922_ndylw7i"
Info: apf: "Generating: apf_altera_merlin_axi_slave_ni_altera_avalon_sc_fifo_19134_nae6v6i"
Info: apf: "Generating: apf_altera_merlin_axi_slave_ni_altera_avalon_st_pipeline_stage_19134_4hmnj3y"
Info: apf: "Generating: apf_altera_merlin_axi_slave_ni_altera_avalon_st_pipeline_stage_19134_qeiahmi"
Info: apf: "Generating: apf_altera_merlin_axi_slave_ni_altera_avalon_st_pipeline_stage_19134_ec7z43a"
Info: apf: "Generating: apf_altera_merlin_axi_slave_ni_altera_avalon_sc_fifo_19134_iwgmf2a"
Info: apf: "Generating: apf_altera_merlin_axi_slave_ni_altera_avalon_st_pipeline_stage_19134_4hmnj3y"
Info: apf: "Generating: apf_altera_merlin_axi_slave_ni_altera_avalon_st_pipeline_stage_19134_qeiahmi"
Info: apf: "Generating: apf_altera_merlin_axi_slave_ni_altera_avalon_st_pipeline_stage_19134_ec7z43a"
Info: apf: "Generating: apf_altera_merlin_axi_slave_ni_altera_avalon_sc_fifo_19134_iwgmf2a"
Info: apf: "Generating: apf_altera_merlin_axi_slave_ni_altera_avalon_st_pipeline_stage_19134_4hmnj3y"
Info: apf: "Generating: apf_altera_merlin_axi_slave_ni_altera_avalon_st_pipeline_stage_19134_qeiahmi"
Info: apf: "Generating: apf_altera_merlin_axi_slave_ni_altera_avalon_st_pipeline_stage_19134_ec7z43a"
Info: apf: "Generating: apf_altera_merlin_axi_slave_ni_altera_avalon_sc_fifo_19134_iwgmf2a"
Info: apf: "Generating: apf_altera_merlin_axi_slave_ni_altera_avalon_st_pipeline_stage_19134_4hmnj3y"
Info: apf: "Generating: apf_altera_merlin_axi_slave_ni_altera_avalon_st_pipeline_stage_19134_qeiahmi"
Info: apf: "Generating: apf_altera_merlin_axi_slave_ni_altera_avalon_st_pipeline_stage_19134_ec7z43a"
Info: apf: "Generating: apf_altera_merlin_axi_slave_ni_altera_avalon_sc_fifo_19134_iwgmf2a"
Info: apf: "Generating: apf_altera_merlin_axi_slave_ni_altera_avalon_st_pipeline_stage_19134_4hmnj3y"
Info: apf: "Generating: apf_altera_merlin_axi_slave_ni_altera_avalon_st_pipeline_stage_19134_qeiahmi"
Info: apf: "Generating: apf_altera_merlin_axi_slave_ni_altera_avalon_st_pipeline_stage_19134_ec7z43a"
Info: apf: "Generating: apf_altera_merlin_axi_slave_ni_altera_avalon_sc_fifo_19134_iwgmf2a"
Info: apf: "Generating: apf_altera_merlin_axi_slave_ni_altera_avalon_st_pipeline_stage_19134_4hmnj3y"
Info: apf: "Generating: apf_altera_merlin_axi_slave_ni_altera_avalon_st_pipeline_stage_19134_qeiahmi"
Info: apf: "Generating: apf_altera_merlin_axi_slave_ni_altera_avalon_st_pipeline_stage_19134_ec7z43a"
Info: apf: "Generating: apf_altera_merlin_traffic_limiter_altera_avalon_sc_fifo_1922_tre3lzi"
Info: apf: "Generating: apf_altera_avalon_sc_fifo_1932_onpcouq"
Info: apf: "Generating: apf_altera_avalon_st_pipeline_stage_1930_oiupeiq"
Info: apf: Done "apf" with 66 modules, 128 files
Info: Generating the following file(s) for MODELSIM simulator in /home/uwb_student00/ahls/new_BSP/work_ia840f_fim_05/src/pd_qsys/fabric/apf/sim/ directory:
Info: 	common/modelsim_files.tcl
Info: For information on how to simulate your IP, see the explanatory comments in the simulator-specific subdirectories under /home/uwb_student00/ahls/new_BSP/work_ia840f_fim_05/src/pd_qsys/fabric/apf/sim/.
Info: Regenerate these scripts whenever you make any change to any Quartus-generated IP in your project.
Info: Finished: Create simulation model
Info: Starting: Create simulation script
Info: sim-script-gen --system-file=/home/uwb_student00/ahls/new_BSP/work_ia840f_fim_05/syn/board/ia840f/syn_top/../../../../src/pd_qsys/fabric/apf.qsys --simulator=MODELSIM --output-directory=/home/uwb_student00/ahls/new_BSP/work_ia840f_fim_05/src/pd_qsys/fabric/apf/sim/ --use-relative-paths=true --modelsim-flow=traditional
Info: Generating the following file(s) for MODELSIM simulator in /home/uwb_student00/ahls/new_BSP/work_ia840f_fim_05/src/pd_qsys/fabric/apf/sim/ directory:
Info: 	mentor/msim_setup.tcl
Info: 	mentor/run_msim_setup.tcl
Info: For information on how to simulate your IP, see the explanatory comments in the simulator-specific subdirectories under /home/uwb_student00/ahls/new_BSP/work_ia840f_fim_05/src/pd_qsys/fabric/apf/sim/.
Info: Regenerate these scripts whenever you make any change to any Quartus-generated IP in your project.
Info: Finished: Create simulation script
Info: 
Info: Starting: Create HDL design files for synthesis
Info: qsys-generate /home/uwb_student00/ahls/new_BSP/work_ia840f_fim_05/syn/board/ia840f/syn_top/../../../../src/pd_qsys/fabric/apf.qsys --synthesis=VERILOG --output-directory=/home/uwb_student00/ahls/new_BSP/work_ia840f_fim_05/src/pd_qsys/fabric/apf --family="Agilex 7" --part=AGFB027R25A2E2V
Progress: Loading fabric/apf.qsys
Progress: Reading input file
Progress: Parameterizing module apf_achk_slv
Progress: Parameterizing module apf_bpf_mst
Progress: Parameterizing module apf_bpf_slv
Progress: Parameterizing module apf_clock_bridge
Progress: Parameterizing module apf_default_slv
Progress: Parameterizing module apf_mctp_mst
Progress: Parameterizing module apf_pr_slv
Progress: Parameterizing module apf_reset_bridge
Progress: Parameterizing module apf_st2mm_mst
Progress: Parameterizing module apf_st2mm_slv
Progress: Parameterizing module apf_uart_mst
Progress: Parameterizing module apf_uart_slv
Progress: Building connections
Progress: Parameterizing connections
Progress: Validating
Progress: Done reading input file
Component Instantiation Warning: apf.apf_achk_slv: Project Setting information doesn't match IP Variant file. Double-click to open System Info tab.
Component Instantiation Warning: apf.apf_bpf_mst: Project Setting information doesn't match IP Variant file. Double-click to open System Info tab.
Component Instantiation Warning: apf.apf_bpf_slv: Project Setting information doesn't match IP Variant file. Double-click to open System Info tab.
Component Instantiation Warning: apf.apf_clock_bridge: Project Setting information doesn't match IP Variant file. Double-click to open System Info tab.
Component Instantiation Warning: apf.apf_default_slv: Project Setting information doesn't match IP Variant file. Double-click to open System Info tab.
Component Instantiation Warning: apf.apf_mctp_mst: Project Setting information doesn't match IP Variant file. Double-click to open System Info tab.
Component Instantiation Warning: apf.apf_pr_slv: Project Setting information doesn't match IP Variant file. Double-click to open System Info tab.
Component Instantiation Warning: apf.apf_reset_bridge: Project Setting information doesn't match IP Variant file. Double-click to open System Info tab.
Component Instantiation Warning: apf.apf_st2mm_mst: Project Setting information doesn't match IP Variant file. Double-click to open System Info tab.
Component Instantiation Warning: apf.apf_st2mm_slv: Project Setting information doesn't match IP Variant file. Double-click to open System Info tab.
Component Instantiation Warning: apf.apf_uart_mst: Project Setting information doesn't match IP Variant file. Double-click to open System Info tab.
Component Instantiation Warning: apf.apf_uart_slv: Project Setting information doesn't match IP Variant file. Double-click to open System Info tab.
Info: apf: "Transforming system: apf"
Info: apf: "Naming system components in system: apf"
Info: apf: "Processing generation queue"
Info: apf: "Generating: apf"
Info: apf: "Generating: apf_achk_slv"
Info: apf: "Generating: apf_bpf_mst"
Info: apf: "Generating: apf_bpf_slv"
Info: apf: "Generating: apf_clock_bridge"
Info: apf: "Generating: apf_default_slv"
Info: apf: "Generating: apf_mctp_mst"
Info: apf: "Generating: apf_pr_slv"
Info: apf: "Generating: apf_reset_bridge"
Info: apf: "Generating: apf_st2mm_mst"
Info: apf: "Generating: apf_st2mm_slv"
Info: apf: "Generating: apf_uart_mst"
Info: apf: "Generating: apf_uart_slv"
Info: apf: "Generating: apf_altera_mm_interconnect_1920_gey7kqa"
Info: apf: "Generating: apf_altera_merlin_axi_translator_1988_n73csba"
Info: apf: "Generating: apf_altera_merlin_axi_master_ni_19121_jqy4kmq"
Info: apf: "Generating: apf_altera_merlin_axi_slave_ni_19134_2it66pi"
Info: my_altera_avalon_sc_fifo_wr: "Generating: my_altera_avalon_sc_fifo_wr"
Info: my_altera_avalon_sc_fifo_rd: "Generating: my_altera_avalon_sc_fifo_rd"
Info: my_altera_avalon_st_pipeline_stage_rd: "Generating: my_altera_avalon_st_pipeline_stage_rd"
Info: my_altera_avalon_st_pipeline_stage_wr: "Generating: my_altera_avalon_st_pipeline_stage_wr"
Info: my_altera_avalon_st_pipeline_stage_rp: "Generating: my_altera_avalon_st_pipeline_stage_rp"
Info: apf: "Generating: apf_altera_merlin_axi_slave_ni_19134_7scq7cy"
Info: my_altera_avalon_sc_fifo_wr: "Generating: my_altera_avalon_sc_fifo_wr"
Info: my_altera_avalon_sc_fifo_rd: "Generating: my_altera_avalon_sc_fifo_rd"
Info: my_altera_avalon_st_pipeline_stage_rd: "Generating: my_altera_avalon_st_pipeline_stage_rd"
Info: my_altera_avalon_st_pipeline_stage_wr: "Generating: my_altera_avalon_st_pipeline_stage_wr"
Info: my_altera_avalon_st_pipeline_stage_rp: "Generating: my_altera_avalon_st_pipeline_stage_rp"
Info: apf: "Generating: apf_altera_merlin_axi_slave_ni_19134_hjemyva"
Info: my_altera_avalon_sc_fifo_wr: "Generating: my_altera_avalon_sc_fifo_wr"
Info: my_altera_avalon_sc_fifo_rd: "Generating: my_altera_avalon_sc_fifo_rd"
Info: my_altera_avalon_st_pipeline_stage_rd: "Generating: my_altera_avalon_st_pipeline_stage_rd"
Info: my_altera_avalon_st_pipeline_stage_wr: "Generating: my_altera_avalon_st_pipeline_stage_wr"
Info: my_altera_avalon_st_pipeline_stage_rp: "Generating: my_altera_avalon_st_pipeline_stage_rp"
Info: apf: "Generating: apf_altera_merlin_axi_slave_ni_19134_nm4ijdq"
Info: my_altera_avalon_sc_fifo_wr: "Generating: my_altera_avalon_sc_fifo_wr"
Info: my_altera_avalon_sc_fifo_rd: "Generating: my_altera_avalon_sc_fifo_rd"
Info: my_altera_avalon_st_pipeline_stage_rd: "Generating: my_altera_avalon_st_pipeline_stage_rd"
Info: my_altera_avalon_st_pipeline_stage_wr: "Generating: my_altera_avalon_st_pipeline_stage_wr"
Info: my_altera_avalon_st_pipeline_stage_rp: "Generating: my_altera_avalon_st_pipeline_stage_rp"
Info: apf: "Generating: apf_altera_merlin_axi_slave_ni_19134_rdpglyi"
Info: my_altera_avalon_sc_fifo_wr: "Generating: my_altera_avalon_sc_fifo_wr"
Info: my_altera_avalon_sc_fifo_rd: "Generating: my_altera_avalon_sc_fifo_rd"
Info: my_altera_avalon_st_pipeline_stage_rd: "Generating: my_altera_avalon_st_pipeline_stage_rd"
Info: my_altera_avalon_st_pipeline_stage_wr: "Generating: my_altera_avalon_st_pipeline_stage_wr"
Info: my_altera_avalon_st_pipeline_stage_rp: "Generating: my_altera_avalon_st_pipeline_stage_rp"
Info: apf: "Generating: apf_altera_merlin_axi_slave_ni_19134_vx2uoui"
Info: my_altera_avalon_sc_fifo_wr: "Generating: my_altera_avalon_sc_fifo_wr"
Info: my_altera_avalon_sc_fifo_rd: "Generating: my_altera_avalon_sc_fifo_rd"
Info: my_altera_avalon_st_pipeline_stage_rd: "Generating: my_altera_avalon_st_pipeline_stage_rd"
Info: my_altera_avalon_st_pipeline_stage_wr: "Generating: my_altera_avalon_st_pipeline_stage_wr"
Info: my_altera_avalon_st_pipeline_stage_rp: "Generating: my_altera_avalon_st_pipeline_stage_rp"
Info: apf: "Generating: apf_altera_merlin_router_1921_37vteoq"
Info: apf: "Generating: apf_altera_merlin_router_1921_ufannti"
Info: apf: "Generating: apf_altera_merlin_router_1921_bj5jzky"
Info: apf: "Generating: apf_altera_merlin_router_1921_jibmx7i"
Info: apf: "Generating: apf_altera_merlin_router_1921_xm24qzy"
Info: apf: "Generating: apf_altera_merlin_router_1921_dzizx5q"
Info: apf: "Generating: apf_altera_merlin_router_1921_b5brlwa"
Info: apf: "Generating: apf_altera_merlin_router_1921_svivcwi"
Info: apf: "Generating: apf_altera_merlin_traffic_limiter_1922_mnpodii"
Info: my_altera_avalon_sc_fifo_dest_id_fifo: "Generating: my_altera_avalon_sc_fifo_dest_id_fifo"
Info: apf: "Generating: apf_altera_merlin_demultiplexer_1921_xh4p33i"
Info: apf: "Generating: apf_altera_merlin_demultiplexer_1921_gpbqkjy"
Info: apf: "Generating: apf_altera_merlin_multiplexer_1922_c55sbsi"
Info: apf: "Generating: apf_altera_merlin_multiplexer_1922_nztveqa"
Info: apf: "Generating: apf_altera_merlin_demultiplexer_1921_lgp6g2i"
Info: apf: "Generating: apf_altera_merlin_demultiplexer_1921_d2utldq"
Info: apf: "Generating: apf_altera_merlin_multiplexer_1922_sr2i6uy"
Info: apf: "Generating: apf_altera_merlin_multiplexer_1922_ndylw7i"
Info: apf: "Generating: apf_altera_merlin_axi_slave_ni_altera_avalon_sc_fifo_19134_nae6v6i"
Info: apf: "Generating: apf_altera_merlin_axi_slave_ni_altera_avalon_st_pipeline_stage_19134_4hmnj3y"
Info: apf: "Generating: apf_altera_merlin_axi_slave_ni_altera_avalon_st_pipeline_stage_19134_qeiahmi"
Info: apf: "Generating: apf_altera_merlin_axi_slave_ni_altera_avalon_st_pipeline_stage_19134_ec7z43a"
Info: apf: "Generating: apf_altera_merlin_axi_slave_ni_altera_avalon_sc_fifo_19134_iwgmf2a"
Info: apf: "Generating: apf_altera_merlin_axi_slave_ni_altera_avalon_st_pipeline_stage_19134_4hmnj3y"
Info: apf: "Generating: apf_altera_merlin_axi_slave_ni_altera_avalon_st_pipeline_stage_19134_qeiahmi"
Info: apf: "Generating: apf_altera_merlin_axi_slave_ni_altera_avalon_st_pipeline_stage_19134_ec7z43a"
Info: apf: "Generating: apf_altera_merlin_axi_slave_ni_altera_avalon_sc_fifo_19134_iwgmf2a"
Info: apf: "Generating: apf_altera_merlin_axi_slave_ni_altera_avalon_st_pipeline_stage_19134_4hmnj3y"
Info: apf: "Generating: apf_altera_merlin_axi_slave_ni_altera_avalon_st_pipeline_stage_19134_qeiahmi"
Info: apf: "Generating: apf_altera_merlin_axi_slave_ni_altera_avalon_st_pipeline_stage_19134_ec7z43a"
Info: apf: "Generating: apf_altera_merlin_axi_slave_ni_altera_avalon_sc_fifo_19134_iwgmf2a"
Info: apf: "Generating: apf_altera_merlin_axi_slave_ni_altera_avalon_st_pipeline_stage_19134_4hmnj3y"
Info: apf: "Generating: apf_altera_merlin_axi_slave_ni_altera_avalon_st_pipeline_stage_19134_qeiahmi"
Info: apf: "Generating: apf_altera_merlin_axi_slave_ni_altera_avalon_st_pipeline_stage_19134_ec7z43a"
Info: apf: "Generating: apf_altera_merlin_axi_slave_ni_altera_avalon_sc_fifo_19134_iwgmf2a"
Info: apf: "Generating: apf_altera_merlin_axi_slave_ni_altera_avalon_st_pipeline_stage_19134_4hmnj3y"
Info: apf: "Generating: apf_altera_merlin_axi_slave_ni_altera_avalon_st_pipeline_stage_19134_qeiahmi"
Info: apf: "Generating: apf_altera_merlin_axi_slave_ni_altera_avalon_st_pipeline_stage_19134_ec7z43a"
Info: apf: "Generating: apf_altera_merlin_axi_slave_ni_altera_avalon_sc_fifo_19134_iwgmf2a"
Info: apf: "Generating: apf_altera_merlin_axi_slave_ni_altera_avalon_st_pipeline_stage_19134_4hmnj3y"
Info: apf: "Generating: apf_altera_merlin_axi_slave_ni_altera_avalon_st_pipeline_stage_19134_qeiahmi"
Info: apf: "Generating: apf_altera_merlin_axi_slave_ni_altera_avalon_st_pipeline_stage_19134_ec7z43a"
Info: apf: "Generating: apf_altera_merlin_traffic_limiter_altera_avalon_sc_fifo_1922_tre3lzi"
Info: apf: "Generating: apf_altera_avalon_sc_fifo_1932_onpcouq"
Info: apf: "Generating: apf_altera_avalon_st_pipeline_stage_1930_oiupeiq"
Info: apf: Done "apf" with 66 modules, 128 files
Info: Finished: Create HDL design files for synthesis
