Info: Generated by version: 26.1.1 build 130
Info: Starting: Create simulation model
Info: qsys-generate /tmp/alt0714_4635608479207182425.dir/0341_packageGeneration/ip/mem_ss_mem_ss_501_qm5zaka/mem_ss_mem_ss_501_qm5zaka_emif_1.ip --simulation=VERILOG --allow-mixed-language-simulation --simulator=MODELSIM --output-directory=/tmp/alt0714_4635608479207182425.dir/0341_packageGeneration/ip/mem_ss_mem_ss_501_qm5zaka/mem_ss_mem_ss_501_qm5zaka_emif_1 --family="Agilex 7" --part=AGFB027R25A2E2V
Info: mem_ss_mem_ss_501_qm5zaka_emif_1.emif_1: SPD Bytes must be set for RDIMM/LRDIMM and are unique to each memory module. Please check with the SPD provider to ensure correct SPD data.
Info: mem_ss_mem_ss_501_qm5zaka_emif_1.emif_1.arch: EMIF IP requires EMIF Calibration IP to source its calbus clock and calbus conduit.
Info: mem_ss_mem_ss_501_qm5zaka_emif_1.emif_1.arch: PHY and controller running at 2x the frequency of user logic for improved efficiency.
Info: mem_ss_mem_ss_501_qm5zaka_emif_1.emif_1.arch: Placement of address/command pins must follow "DDR4 Scheme 2: Component and DIMM".
Info: mem_ss_mem_ss_501_qm5zaka_emif_1.emif_1.arch: Interface estimated to require 2 I/O Bank(s) and 3 I/O PLL(s). This is only an estimation. Final usage depends on user pin location assignments and/or fitter behavior.
Info: mem_ss_mem_ss_501_qm5zaka_emif_1.emif_1.arch: Valid memory frequencies for the current PLL reference clock of 33.333 MHz and user clock rate, in MHz: 1599.98, 1466.65, 1333.32, 1199.99, 1066.66, 933.32, 799.99, 666.66
Info: mem_ss_mem_ss_501_qm5zaka_emif_1.emif_1.arch: For additional documentation about the interface, consult the *_readme.txt file after generation.
Info: mem_ss_mem_ss_501_qm5zaka_emif_1: "Transforming system: mem_ss_mem_ss_501_qm5zaka_emif_1"
Info: mem_ss_mem_ss_501_qm5zaka_emif_1: "Naming system components in system: mem_ss_mem_ss_501_qm5zaka_emif_1"
Info: mem_ss_mem_ss_501_qm5zaka_emif_1: "Processing generation queue"
Info: mem_ss_mem_ss_501_qm5zaka_emif_1: "Generating: mem_ss_mem_ss_501_qm5zaka_emif_1"
Info: mem_ss_mem_ss_501_qm5zaka_emif_1: "Generating: mem_ss_mem_ss_501_qm5zaka_emif_1_altera_emif_fm_280_gdk3rhy"
Info: mem_ss_mem_ss_501_qm5zaka_emif_1: "Generating: mem_ss_mem_ss_501_qm5zaka_emif_1_altera_emif_arch_fm_191_ym4dzra"
Info: mem_ss_mem_ss_501_qm5zaka_emif_1: Done "mem_ss_mem_ss_501_qm5zaka_emif_1" with 3 modules, 40 files
Info: Generating the following file(s) for MODELSIM simulator in /tmp/alt0714_4635608479207182425.dir/0341_packageGeneration/ip/mem_ss_mem_ss_501_qm5zaka/mem_ss_mem_ss_501_qm5zaka_emif_1/sim/ directory:
Info: 	common/modelsim_files.tcl
Info: For information on how to simulate your IP, see the explanatory comments in the simulator-specific subdirectories under /tmp/alt0714_4635608479207182425.dir/0341_packageGeneration/ip/mem_ss_mem_ss_501_qm5zaka/mem_ss_mem_ss_501_qm5zaka_emif_1/sim/.
Info: Regenerate these scripts whenever you make any change to any Quartus-generated IP in your project.
Info: Finished: Create simulation model
Info: Starting: Create simulation script
Info: sim-script-gen --system-file=/tmp/alt0714_4635608479207182425.dir/0341_packageGeneration/ip/mem_ss_mem_ss_501_qm5zaka/mem_ss_mem_ss_501_qm5zaka_emif_1.ip --simulator=MODELSIM --output-directory=/tmp/alt0714_4635608479207182425.dir/0341_packageGeneration/ip/mem_ss_mem_ss_501_qm5zaka/mem_ss_mem_ss_501_qm5zaka_emif_1/sim/ --use-relative-paths=true --modelsim-flow=traditional
Info: Generating the following file(s) for MODELSIM simulator in /tmp/alt0714_4635608479207182425.dir/0341_packageGeneration/ip/mem_ss_mem_ss_501_qm5zaka/mem_ss_mem_ss_501_qm5zaka_emif_1/sim/ directory:
Info: 	mentor/msim_setup.tcl
Info: 	mentor/run_msim_setup.tcl
Info: For information on how to simulate your IP, see the explanatory comments in the simulator-specific subdirectories under /tmp/alt0714_4635608479207182425.dir/0341_packageGeneration/ip/mem_ss_mem_ss_501_qm5zaka/mem_ss_mem_ss_501_qm5zaka_emif_1/sim/.
Info: Regenerate these scripts whenever you make any change to any Quartus-generated IP in your project.
Info: Finished: Create simulation script
