Design Assistant report for ofs_top
Fri Sep 18 19:45:27 2026
Quartus Prime Version 26.1.1 Build 130 08/06/2026 SC Pro Edition


---------------------
; Table of Contents ;
---------------------
  1. Legal Notice
  2. Design Assistant (Synthesized) Results - 6 of 13 Rules Failed
  3. RES-30132 - Registers May Not Be Properly Reset
  4. LNT-30023 - Reset Nets with Polarity Conflict
  5. LNT-30010 - Nets Driving both Reset and Clock Enable Signals
  6. TMC-20501 - Hierarchical Tree Duplication was Shallower than Requested
  7. TMC-20500 - Hierarchical Tree Duplication was Shallower than Possible
  8. FLP-10500 - Non Driving Top Level Inputs Found
  9. LNT-30011 - Design Contains Combinational Loops
 10. LNT-30017 - Register Output Driving Its Own Asynchronous Control Signal Directly or Through Combinational Logic
 11. RES-30133 - Embedded Memory Blocks with Initialized Content That Might be Modified Before the FPGA Enters User Mode
 12. RES-30134 - Registers Not Reachable from Reset Release IP
 13. TMC-20052 - Paths with Post Synthesis Inferred Latches
 14. LNT-50006 - DSP Control Signal Registers Reset Mode Mismatch
 15. TMC-20053 - DSP Inputs Driven by High Fan-Out Net



----------------
; Legal Notice ;
----------------
Copyright (C) 2026  Altera Corporation. All rights reserved.
Your use of Altera Corporation's design tools, logic functions 
and other software and tools, and any partner logic 
functions, and any output files from any of the foregoing 
(including device programming or simulation files), and any 
associated documentation or information are expressly subject 
to the terms and conditions of the Altera Program License 
Subscription Agreement, the Altera Quartus Prime License Agreement,
the Altera IP License Agreement, or other applicable license
agreement, including, without limitation, that your use is for
the sole purpose of programming logic devices manufactured by
Altera and sold by Altera or its authorized distributors.  Please
refer to the Altera Software License Subscription Agreements 
on the Quartus Prime software download page.



+----------------------------------------------------------------------------------------------------------------------------------------------------------------------------------------+
; Design Assistant (Synthesized) Results - 6 of 13 Rules Failed                                                                                                                          ;
+---------------------------------------------------------------------------------------------------------------------+----------+------------+--------+---------------------------------+
; Rule                                                                                                                ; Severity ; Violations ; Waived ; Tags                            ;
+---------------------------------------------------------------------------------------------------------------------+----------+------------+--------+---------------------------------+
; RES-30132 - Registers May Not Be Properly Reset                                                                     ; Medium   ; 6          ; 0      ; reset-usage, reset-reachability ;
; LNT-30023 - Reset Nets with Polarity Conflict                                                                       ; Medium   ; 1          ; 0      ; reset-usage                     ;
; LNT-30010 - Nets Driving both Reset and Clock Enable Signals                                                        ; Low      ; 5          ; 0      ; reset-usage                     ;
; TMC-20501 - Hierarchical Tree Duplication was Shallower than Requested                                              ; Low      ; 3          ; 0      ; register-duplication, synthesis ;
; TMC-20500 - Hierarchical Tree Duplication was Shallower than Possible                                               ; Low      ; 2          ; 0      ; register-duplication, synthesis ;
; FLP-10500 - Non Driving Top Level Inputs Found                                                                      ; Low      ; 1          ; 0      ; system                          ;
; LNT-30011 - Design Contains Combinational Loops                                                                     ; High     ; 0          ; 0      ; nonstandard-timing              ;
; LNT-30017 - Register Output Driving Its Own Asynchronous Control Signal Directly or Through Combinational Logic     ; Medium   ; 0          ; 0      ; nonstandard-timing              ;
; RES-30133 - Embedded Memory Blocks with Initialized Content That Might be Modified Before the FPGA Enters User Mode ; Medium   ; 0          ; 0      ; ram, reset-usage                ;
; RES-30134 - Registers Not Reachable from Reset Release IP                                                           ; Medium   ; 0          ; 0      ; reset-usage, reset-reachability ;
; TMC-20052 - Paths with Post Synthesis Inferred Latches                                                              ; Medium   ; 0          ; 0      ; nonstandard-timing, latch       ;
; LNT-50006 - DSP Control Signal Registers Reset Mode Mismatch                                                        ; Low      ; 0          ; 0      ; dsp, reset-usage                ;
; TMC-20053 - DSP Inputs Driven by High Fan-Out Net                                                                   ; Low      ; 0          ; 0      ; dsp                             ;
+---------------------------------------------------------------------------------------------------------------------+----------+------------+--------+---------------------------------+


Status:		FAIL
Severity:		Medium
Number of violations: 	6
Rule Parameters:      	max_violations = 5000
+------------------------------------------------------------------+
; RES-30132 - Registers May Not Be Properly Reset                  ;
+---------------------------------------------------------+--------+
; Register Node                                           ; Waived ;
+---------------------------------------------------------+--------+
; afu_top|pg_afu.port_gasket|pr_slot|afu_main|pclkDiv4_q2 ;        ;
; afu_top|pg_afu.port_gasket|pr_slot|afu_main|pclkDiv4_q1 ;        ;
; afu_top|pg_afu.port_gasket|pr_slot|afu_main|pclkDiv2_q2 ;        ;
; afu_top|pg_afu.port_gasket|pr_slot|afu_main|pclkDiv2_q1 ;        ;
; afu_top|clk_div2_q1                                     ;        ;
; afu_top|clk_div2_q2                                     ;        ;
+---------------------------------------------------------+--------+


Status:		FAIL
Severity:		Medium
Number of violations: 	1
Rule Parameters:      	max_violations = 5000
+---------------------------------------------------------------------------------------------------------------------------------------------------------------------------------------------------------------------------------------------------------------------------------------------------------------------------------------+
; LNT-30023 - Reset Nets with Polarity Conflict                                                                                                                                                                                                                                                                                         ;
+---------------------------------------------------------------------------------------+------------------------------------------------------------------------------------+--------------------------------+-----------------------------------------------------------------------------------+----------------------------+--------+
; Driver                                                                                ; Non-Inverted Signal                                                                ; Number of Non-Inverted Signals ; Inverted Signal                                                                   ; Number of Inverted Signals ; Waived ;
+---------------------------------------------------------------------------------------+------------------------------------------------------------------------------------+--------------------------------+-----------------------------------------------------------------------------------+----------------------------+--------+
; pcie_wrapper|pcie_ss.top|PCIE_LINK_CONN[0].msix.msix|msix_table|intc_st_cpl_tx_tvalid ; pcie_wrapper|pcie_ss.top|PCIE_LINK_CONN[0].msix.msix|msix_tx_hdr.pref_present|SCLR ; 67                             ; pcie_wrapper|pcie_ss.top|PCIE_LINK_CONN[0].msix.msix|msix_tx_hdr.fmt_type[1]|SCLR ; 85                         ;        ;
+---------------------------------------------------------------------------------------+------------------------------------------------------------------------------------+--------------------------------+-----------------------------------------------------------------------------------+----------------------------+--------+


Status:		FAIL
Severity:		Low
Number of violations: 	5
Rule Parameters:      	max_violations = 5000
+--------------------------------------------------------------------------------------------------------------------------------------------------------------------------------------------------------------------------------------------------------------------------------------------------------------------------------------------------------------------------------------------------------------------------------------------------------------------------------------------------------------------------------------------+
; LNT-30010 - Nets Driving both Reset and Clock Enable Signals                                                                                                                                                                                                                                                                                                                                                                                                                                                                               ;
+--------------------------------------------------------------------------------------------------------------------------------------+---------------------------------------------------------------------------------------------------------------+-------------------------------------------------------------------+------------------------------------------------------------------------------------------+--------------------------------------+-------------------------------------+--------------------------------+--------+
; Driver                                                                                                                               ; Asynchronous Reset Signal                                                                                     ; Synchronous Reset Signal                                          ; Clock Enable Signal                                                                      ; Number of Asynchronous Reset Signals ; Number of Synchronous Reset Signals ; Number of Clock Enable Signals ; Waived ;
+--------------------------------------------------------------------------------------------------------------------------------------+---------------------------------------------------------------------------------------------------------------+-------------------------------------------------------------------+------------------------------------------------------------------------------------------+--------------------------------------+-------------------------------------+--------------------------------+--------+
; PCIE_RST_CTRL[0].rst_ctrl|rst_clk_sys_resync|resync_chains[0].synchronizer_nocut|g_additional_pipeline_on.dup|dup_leaf[0]~SynDup_17  ; --                                                                                                            ; afu_top|afu_intf_inst|tx_filter_inst|o_blocking_traffic|SCLR      ; afu_top|afu_intf_inst|tx_filter_inst|tx_mmio_st.tdata[68]|ENA                            ; 0                                    ; 4                                   ; 35                             ;        ;
; PCIE_RST_CTRL[0].rst_ctrl|rst_clk100m_resync|resync_chains[0].synchronizer_nocut|g_additional_pipeline_on.dup|dup_leaf[0]~SynDup_457 ; --                                                                                                            ; afu_top|st2mm|st2mm_rx_bridge|mctp_rx_bridge|csr_req.addr[3]|SCLR ; afu_top|st2mm|st2mm_rx_bridge|mctp_rx_bridge|buf_ren_d|ENA                               ; 0                                    ; 49                                  ; 1                              ;        ;
; pcie_wrapper|pcie_ss.top|PCIE_LINK_CONN[0].msix.msix|msix_table|u_rst_stclk_sync1|dreg[1]                                            ; pcie_wrapper|pcie_ss.top|PCIE_LINK_CONN[0].msix.msix|msix_table|u_flrcmpl_fifo|auto_generated|rdptr_g[0]|CLRN ; --                                                                ; pcie_wrapper|pcie_ss.top|PCIE_LINK_CONN[0].msix.msix|msix_table|flr_pba_cycle_cnt[0]|ENA ; 1691                                 ; 0                                   ; 2                              ;        ;
; PCIE_RST_CTRL[0].rst_ctrl|rst_clk_sys_resync|resync_chains[0].synchronizer_nocut|g_additional_pipeline_on.dup|dup_leaf[0]~SynDup_63  ; --                                                                                                            ; afu_top|afu_intf_inst|mmio_handler_inst|mmio_timeout_err|SCLR     ; afu_top|afu_intf_inst|mmio_handler_inst|mmio_timeout_r3|ENA                              ; 0                                    ; 48                                  ; 2                              ;        ;
; PCIE_RST_CTRL[0].rst_ctrl|rst_clk100m_resync|resync_chains[0].synchronizer_nocut|g_additional_pipeline_on.dup|dup_leaf[0]~SynDup_28  ; --                                                                                                            ; afu_top|st2mm|axis_tx_msix_bridge|msix_ready|SCLR                 ; afu_top|st2mm|axis_tx_msix_bridge|msix_fifo_din[0]|ENA                                   ; 0                                    ; 3                                   ; 16                             ;        ;
+--------------------------------------------------------------------------------------------------------------------------------------+---------------------------------------------------------------------------------------------------------------+-------------------------------------------------------------------+------------------------------------------------------------------------------------------+--------------------------------------+-------------------------------------+--------------------------------+--------+


Status:		FAIL
Severity:		Low
Number of violations: 	3
Rule Parameters:      	max_violations = 5000
+------------------------------------------------------------------------------------------------------------------------------------------------------------------------------------------------------------------------------------+
; TMC-20501 - Hierarchical Tree Duplication was Shallower than Requested                                                                                                                                                             ;
+------------------------------------------------------------------------------------------------------------------------------+------------------------+--------------------------+----------------------------------------+--------+
; Register Name                                                                                                                ; Chain Length Requested ; Chain Length Implemented ; Reason for Chain Length/No duplication ; Waived ;
+------------------------------------------------------------------------------------------------------------------------------+------------------------+--------------------------+----------------------------------------+--------+
; afu_top|pg_afu.port_gasket|pr_slot|afu_main|dup_rst|dup_leaf[0]                                                              ; 6                      ; 0                        ; All fanout is in the same hierarchy    ;        ;
; afu_top|pg_afu.port_gasket|pr_slot|afu_main|port_afu_instances|afu_gen[0].hem_gen.he_mem_inst|mb[0].shim|soft_reset|dup_leaf ; 6                      ; 0                        ; All fanout is in the same hierarchy    ;        ;
; afu_top|pg_afu.port_gasket|vf_link[0].pg_flr_port_map[0].dup|dup_leaf[0]                                                     ; 3                      ; 0                        ; All fanout is in the same hierarchy    ;        ;
+------------------------------------------------------------------------------------------------------------------------------+------------------------+--------------------------+----------------------------------------+--------+


Status:		FAIL
Severity:		Low
Number of violations: 	2
Rule Parameters:      	max_violations = 5000
+------------------------------------------------------------------------------------------------------------------------------------------------------------------------------------------------------------------------------------------------------------------------------------------------------------------------+
; TMC-20500 - Hierarchical Tree Duplication was Shallower than Possible                                                                                                                                                                                                                                                  ;
+---------------------------------------------------------------------------------------------------------------------------+----------------------+--------------------------+---------------------------------------------------------------------------------------------------------------------------------+--------+
; Register Name                                                                                                             ; Hierarchy Tree Depth ; Chain Length Implemented ; Reason for Chain Length/No duplication                                                                                          ; Waived ;
+---------------------------------------------------------------------------------------------------------------------------+----------------------+--------------------------+---------------------------------------------------------------------------------------------------------------------------------+--------+
; afu_top|pg_afu.port_gasket|pr_slot|afu_main|rst_link[0].rst_p[0].dup_port_rst|dup_leaf[0]                                 ; 8                    ; 6                        ; Register is fed by a non-register: afu_top|pg_afu.port_gasket|pr_slot|afu_main|rst_link[0].rst_p[0].dup_port_rst|dup_tree[0][0] ;        ;
; PCIE_RST_CTRL[0].rst_ctrl|rst_clk100m_resync|resync_chains[0].synchronizer_nocut|g_additional_pipeline_on.dup|dup_leaf[0] ; 10                   ; 6                        ; This hierarchy depth setting limits synthesis from performing more duplication                                                  ;        ;
+---------------------------------------------------------------------------------------------------------------------------+----------------------+--------------------------+---------------------------------------------------------------------------------------------------------------------------------+--------+


Status:		FAIL
Severity:		Low
Number of violations: 	1
Rule Parameters:      	max_violations = 5000
+------------------------------------------------+
; FLP-10500 - Non Driving Top Level Inputs Found ;
+--------------+---------------------------------+
; Input Name   ; Waived                          ;
+--------------+---------------------------------+
; qsfp_ref_clk ;                                 ;
+--------------+---------------------------------+


Status:		PASS
Severity:		High
Number of violations: 	0
Rule Parameters:      	max_violations = 5000
+-------------------------------------------------+
; LNT-30011 - Design Contains Combinational Loops ;
+-------------------------------------------------+


Status:		PASS
Severity:		Medium
Number of violations: 	0
Rule Parameters:      	max_violations = 5000
+-----------------------------------------------------------------------------------------------------------------+
; LNT-30017 - Register Output Driving Its Own Asynchronous Control Signal Directly or Through Combinational Logic ;
+-----------------------------------------------------------------------------------------------------------------+


Status:		PASS
Severity:		Medium
Number of violations: 	0
Rule Parameters:      	
		max_violations = 5000
		exclude_ram_blocks_without_mif = True
+---------------------------------------------------------------------------------------------------------------------+
; RES-30133 - Embedded Memory Blocks with Initialized Content That Might be Modified Before the FPGA Enters User Mode ;
+---------------------------------------------------------------------------------------------------------------------+


Status:		PASS
Severity:		Medium
Number of violations: 	0
Rule Parameters:      	max_violations = 5000
+-----------------------------------------------------------+
; RES-30134 - Registers Not Reachable from Reset Release IP ;
+-----------------------------------------------------------+


Status:		PASS
Severity:		Medium
Number of violations: 	0
Rule Parameters:      	max_violations = 5000
+--------------------------------------------------------+
; TMC-20052 - Paths with Post Synthesis Inferred Latches ;
+--------------------------------------------------------+


Status:		PASS
Severity:		Low
Number of violations: 	0
Rule Parameters:      	
		max_violations = 5000
		DSP_Chain_Threshold = 2
		DSP_Check_User_WYSIWYGs = True
+--------------------------------------------------------------+
; LNT-50006 - DSP Control Signal Registers Reset Mode Mismatch ;
+--------------------------------------------------------------+


Status:		PASS
Severity:		Low
Number of violations: 	0
Rule Parameters:      	
		max_violations = 5000
		DSP_High_Fanout_Net_Threshold = 500
		DSP_Chain_Threshold = 2
		DSP_Check_User_WYSIWYGs = True
+---------------------------------------------------+
; TMC-20053 - DSP Inputs Driven by High Fan-Out Net ;
+---------------------------------------------------+


