------------------------------------------------------------
Timing Analyzer Summary
------------------------------------------------------------

Type  : Setup 'sys_pll|iopll_0_clk_sys'
Slack : 0.216
TNS   : 0.000
Corner: Slow vid2 100C Model

Type  : Setup 'pcie_wrapper|pcie_ss.top|host_pcie.pcie_ss|pcie_ss|gen_ptile.u_ptile|intel_pcie_ptile_ast_qhip|inst|inst|maib_and_tile|xcvr_hip_native|rx_ch15'
Slack : 0.309
TNS   : 0.000
Corner: Slow vid2 100C Model

Type  : Setup 'local_mem_wrapper|mem_ss_top|mem_ss_sv|mem_ss|mem_ss|emif_1|emif_1_core_usr_clk'
Slack : 0.589
TNS   : 0.000
Corner: Slow vid2 100C Model

Type  : Setup 'local_mem_wrapper|mem_ss_top|mem_ss_sv|mem_ss|mem_ss|emif_0|emif_0_core_usr_clk'
Slack : 0.635
TNS   : 0.000
Corner: Slow vid2 100C Model

Type  : Setup 'local_mem_wrapper|mem_ss_top|mem_ss_sv|mem_ss|mem_ss|emif_1|emif_1_phy_clk_l_0'
Slack : 0.688
TNS   : 0.000
Corner: Slow vid2 100C Model

Type  : Setup 'local_mem_wrapper|mem_ss_top|mem_ss_sv|mem_ss|mem_ss|emif_0|emif_0_phy_clk_l_0'
Slack : 0.691
TNS   : 0.000
Corner: Slow vid2 100C Model

Type  : Setup 'sys_pll|iopll_0_clk_100m'
Slack : 0.990
TNS   : 0.000
Corner: Slow vid2 100C Model

Type  : Setup 'altera_int_osc_clk'
Slack : 1.990
TNS   : 0.000
Corner: Slow vid2 100C Model

Type  : Setup 'local_mem_wrapper|mem_ss_top|mem_ss_sv|mem_ss|mem_ss|emif_0|emif_0_phy_clk_0'
Slack : 2.181
TNS   : 0.000
Corner: Slow vid2 100C Model

Type  : Setup 'local_mem_wrapper|mem_ss_top|mem_ss_sv|mem_ss|mem_ss|emif_1|emif_1_phy_clk_0'
Slack : 2.460
TNS   : 0.000
Corner: Slow vid2 100C Model

Type  : Setup 'afu_top|pg_afu.port_gasket|user_clock|qph_user_clk|pll.qph_user_clk_iopll|iopll_0_outclk0'
Slack : 2.729
TNS   : 0.000
Corner: Slow vid2 100C Model

Type  : Setup 'sys_pll|iopll_0_clk_sys_div2'
Slack : 3.875
TNS   : 0.000
Corner: Slow vid2 100C Model

Type  : Setup 'afu_top|pg_afu.port_gasket|user_clock|qph_user_clk|pll.qph_user_clk_iopll|iopll_0_outclk1'
Slack : 4.880
TNS   : 0.000
Corner: Slow vid2 100C Model

Type  : Setup 'sys_pll|iopll_0_clk_sys_div4'
Slack : 8.192
TNS   : 0.000
Corner: Slow vid2 100C Model

Type  : Setup 'pcie_wrapper|pcie_ss.top|host_pcie.pcie_ss|pcie_ss|avmm_clock0'
Slack : 17.495
TNS   : 0.000
Corner: Slow vid2b 100C Model

Type  : Setup 'local_mem_wrapper|mem_ss_top|mem_ss_sv|mem_ss|mem_ss|emif_0|emif_0_ref_clock'
Slack : 28.761
TNS   : 0.000
Corner: Slow vid2 100C Model

Type  : Setup 'altera_reserved_tck'
Slack : 43.516
TNS   : 0.000
Corner: Slow vid2 100C Model

Type  : Setup 'bwbmc_fpga_max_sclk'
Slack : 86.884
TNS   : 0.000
Corner: Slow vid2b 100C Model

Type  : Hold 'afu_top|pg_afu.port_gasket|user_clock|qph_user_clk|pll.qph_user_clk_iopll|iopll_0_outclk1'
Slack : 0.000
TNS   : 0.000
Corner: Fast vid2 100C Model

Type  : Hold 'local_mem_wrapper|mem_ss_top|mem_ss_sv|mem_ss|mem_ss|emif_1|emif_1_core_usr_clk'
Slack : 0.000
TNS   : 0.000
Corner: Slow vid2 100C Model

Type  : Hold 'local_mem_wrapper|mem_ss_top|mem_ss_sv|mem_ss|mem_ss|emif_0|emif_0_core_usr_clk'
Slack : 0.001
TNS   : 0.000
Corner: Slow vid2 100C Model

Type  : Hold 'pcie_wrapper|pcie_ss.top|host_pcie.pcie_ss|pcie_ss|gen_ptile.u_ptile|intel_pcie_ptile_ast_qhip|inst|inst|maib_and_tile|xcvr_hip_native|rx_ch15'
Slack : 0.004
TNS   : 0.000
Corner: Fast vid2 100C Model

Type  : Hold 'sys_pll|iopll_0_clk_sys'
Slack : 0.008
TNS   : 0.000
Corner: Fast vid2 100C Model

Type  : Hold 'sys_pll|iopll_0_clk_100m'
Slack : 0.013
TNS   : 0.000
Corner: Fast vid2a 100C Model

Type  : Hold 'altera_int_osc_clk'
Slack : 0.015
TNS   : 0.000
Corner: Fast vid2 100C Model

Type  : Hold 'local_mem_wrapper|mem_ss_top|mem_ss_sv|mem_ss|mem_ss|emif_0|emif_0_ref_clock'
Slack : 0.030
TNS   : 0.000
Corner: Fast vid2a 0C Model

Type  : Hold 'pcie_wrapper|pcie_ss.top|host_pcie.pcie_ss|pcie_ss|avmm_clock0'
Slack : 0.033
TNS   : 0.000
Corner: Fast vid2a 0C Model

Type  : Hold 'local_mem_wrapper|mem_ss_top|mem_ss_sv|mem_ss|mem_ss|emif_1|emif_1_phy_clk_l_0'
Slack : 0.082
TNS   : 0.000
Corner: Fast vid2 100C Model

Type  : Hold 'altera_reserved_tck'
Slack : 0.092
TNS   : 0.000
Corner: Fast vid2a 0C Model

Type  : Hold 'sys_pll|iopll_0_clk_sys_div4'
Slack : 0.092
TNS   : 0.000
Corner: Fast vid2a 0C Model

Type  : Hold 'sys_pll|iopll_0_clk_sys_div2'
Slack : 0.098
TNS   : 0.000
Corner: Fast vid2a 0C Model

Type  : Hold 'local_mem_wrapper|mem_ss_top|mem_ss_sv|mem_ss|mem_ss|emif_0|emif_0_phy_clk_l_0'
Slack : 0.102
TNS   : 0.000
Corner: Fast vid2 100C Model

Type  : Hold 'afu_top|pg_afu.port_gasket|user_clock|qph_user_clk|pll.qph_user_clk_iopll|iopll_0_outclk0'
Slack : 0.104
TNS   : 0.000
Corner: Fast vid2a 0C Model

Type  : Hold 'local_mem_wrapper|mem_ss_top|mem_ss_sv|mem_ss|mem_ss|emif_1|emif_1_phy_clk_0'
Slack : 0.474
TNS   : 0.000
Corner: Fast vid2a 0C Model

Type  : Hold 'bwbmc_fpga_max_sclk'
Slack : 0.568
TNS   : 0.000
Corner: Fast vid2a 0C Model

Type  : Hold 'local_mem_wrapper|mem_ss_top|mem_ss_sv|mem_ss|mem_ss|emif_0|emif_0_phy_clk_0'
Slack : 0.596
TNS   : 0.000
Corner: Fast vid2a 0C Model

Type  : Recovery 'pcie_wrapper|pcie_ss.top|host_pcie.pcie_ss|pcie_ss|gen_ptile.u_ptile|intel_pcie_ptile_ast_qhip|inst|inst|maib_and_tile|xcvr_hip_native|rx_ch15'
Slack : 0.242
TNS   : 0.000
Corner: Slow vid2b 100C Model

Type  : Recovery 'sys_pll|iopll_0_clk_sys'
Slack : 0.480
TNS   : 0.000
Corner: Slow vid2b 100C Model

Type  : Recovery 'local_mem_wrapper|mem_ss_top|mem_ss_sv|mem_ss|mem_ss|emif_0|emif_0_core_usr_clk'
Slack : 1.175
TNS   : 0.000
Corner: Slow vid2 100C Model

Type  : Recovery 'local_mem_wrapper|mem_ss_top|mem_ss_sv|mem_ss|mem_ss|emif_1|emif_1_core_usr_clk'
Slack : 1.266
TNS   : 0.000
Corner: Slow vid2 100C Model

Type  : Recovery 'altera_int_osc_clk'
Slack : 2.587
TNS   : 0.000
Corner: Slow vid2b 100C Model

Type  : Recovery 'afu_top|pg_afu.port_gasket|user_clock|qph_user_clk|pll.qph_user_clk_iopll|iopll_0_outclk1'
Slack : 5.652
TNS   : 0.000
Corner: Slow vid2 100C Model

Type  : Recovery 'sys_pll|iopll_0_clk_100m'
Slack : 7.114
TNS   : 0.000
Corner: Slow vid2 100C Model

Type  : Recovery 'pcie_wrapper|pcie_ss.top|host_pcie.pcie_ss|pcie_ss|avmm_clock0'
Slack : 18.760
TNS   : 0.000
Corner: Slow vid2 100C Model

Type  : Recovery 'local_mem_wrapper|mem_ss_top|mem_ss_sv|mem_ss|mem_ss|emif_0|emif_0_ref_clock'
Slack : 28.866
TNS   : 0.000
Corner: Slow vid2 100C Model

Type  : Recovery 'bwbmc_fpga_max_sclk'
Slack : 86.208
TNS   : 0.000
Corner: Slow vid2b 100C Model

Type  : Recovery 'altera_reserved_tck'
Slack : 99.002
TNS   : 0.000
Corner: Slow vid2b 100C Model

Type  : Removal 'sys_pll|iopll_0_clk_sys'
Slack : 0.140
TNS   : 0.000
Corner: Fast vid2 100C Model

Type  : Removal 'sys_pll|iopll_0_clk_100m'
Slack : 0.147
TNS   : 0.000
Corner: Fast vid2a 0C Model

Type  : Removal 'pcie_wrapper|pcie_ss.top|host_pcie.pcie_ss|pcie_ss|gen_ptile.u_ptile|intel_pcie_ptile_ast_qhip|inst|inst|maib_and_tile|xcvr_hip_native|rx_ch15'
Slack : 0.152
TNS   : 0.000
Corner: Fast vid2a 0C Model

Type  : Removal 'afu_top|pg_afu.port_gasket|user_clock|qph_user_clk|pll.qph_user_clk_iopll|iopll_0_outclk1'
Slack : 0.164
TNS   : 0.000
Corner: Fast vid2a 0C Model

Type  : Removal 'local_mem_wrapper|mem_ss_top|mem_ss_sv|mem_ss|mem_ss|emif_0|emif_0_core_usr_clk'
Slack : 0.165
TNS   : 0.000
Corner: Fast vid2 100C Model

Type  : Removal 'pcie_wrapper|pcie_ss.top|host_pcie.pcie_ss|pcie_ss|avmm_clock0'
Slack : 0.166
TNS   : 0.000
Corner: Fast vid2a 0C Model

Type  : Removal 'altera_reserved_tck'
Slack : 0.170
TNS   : 0.000
Corner: Fast vid2a 0C Model

Type  : Removal 'altera_int_osc_clk'
Slack : 0.176
TNS   : 0.000
Corner: Fast vid2a 0C Model

Type  : Removal 'local_mem_wrapper|mem_ss_top|mem_ss_sv|mem_ss|mem_ss|emif_1|emif_1_core_usr_clk'
Slack : 0.182
TNS   : 0.000
Corner: Fast vid2a 0C Model

Type  : Removal 'local_mem_wrapper|mem_ss_top|mem_ss_sv|mem_ss|mem_ss|emif_0|emif_0_ref_clock'
Slack : 0.184
TNS   : 0.000
Corner: Fast vid2a 0C Model

Type  : Removal 'bwbmc_fpga_max_sclk'
Slack : 1.627
TNS   : 0.000
Corner: Fast vid2a 0C Model

Type  : Minimum Pulse Width 'altera_int_osc_clk'
Slack : 0.000
TNS   : 0.000
Corner: Slow vid2 100C Model

Type  : Minimum Pulse Width 'local_mem_wrapper|mem_ss_top|mem_ss_sv|mem_ss|mem_ss|emif_0|emif_0_vco_clk_1'
Slack : 0.091
TNS   : 0.000
Corner: Slow vid2 100C Model

Type  : Minimum Pulse Width 'local_mem_wrapper|mem_ss_top|mem_ss_sv|mem_ss|mem_ss|emif_0|emif_0_vco_clk_2'
Slack : 0.091
TNS   : 0.000
Corner: Slow vid2 100C Model

Type  : Minimum Pulse Width 'local_mem_wrapper|mem_ss_top|mem_ss_sv|mem_ss|mem_ss|emif_1|emif_1_vco_clk_1'
Slack : 0.091
TNS   : 0.000
Corner: Slow vid2 100C Model

Type  : Minimum Pulse Width 'local_mem_wrapper|mem_ss_top|mem_ss_sv|mem_ss|mem_ss|emif_1|emif_1_vco_clk_2'
Slack : 0.091
TNS   : 0.000
Corner: Slow vid2 100C Model

Type  : Minimum Pulse Width 'local_mem_wrapper|mem_ss_top|mem_ss_sv|mem_ss|mem_ss|emif_0|emif_0_vco_clk'
Slack : 0.092
TNS   : 0.000
Corner: Slow vid2 100C Model

Type  : Minimum Pulse Width 'local_mem_wrapper|mem_ss_top|mem_ss_sv|mem_ss|mem_ss|emif_1|emif_1_vco_clk'
Slack : 0.092
TNS   : 0.000
Corner: Slow vid2 100C Model

Type  : Minimum Pulse Width 'local_mem_wrapper|mem_ss_top|mem_ss_sv|mem_ss|mem_ss|emif_0|emif_0_wf_clk_3'
Slack : 0.148
TNS   : 0.000
Corner: Slow vid2 100C Model

Type  : Minimum Pulse Width 'local_mem_wrapper|mem_ss_top|mem_ss_sv|mem_ss|mem_ss|emif_0|emif_0_wf_clk_9'
Slack : 0.148
TNS   : 0.000
Corner: Slow vid2 100C Model

Type  : Minimum Pulse Width 'local_mem_wrapper|mem_ss_top|mem_ss_sv|mem_ss|mem_ss|emif_1|emif_1_wf_clk_8'
Slack : 0.148
TNS   : 0.000
Corner: Slow vid2 100C Model

Type  : Minimum Pulse Width 'local_mem_wrapper|mem_ss_top|mem_ss_sv|mem_ss|mem_ss|emif_1|emif_1_wf_clk_9'
Slack : 0.148
TNS   : 0.000
Corner: Slow vid2 100C Model

Type  : Minimum Pulse Width 'pcie_wrapper|pcie_ss.top|host_pcie.pcie_ss|pcie_ss|gen_ptile.u_ptile|intel_pcie_ptile_ast_qhip|inst|inst|maib_and_tile|xcvr_hip_native|rx_ch15'
Slack : 0.148
TNS   : 0.000
Corner: Slow vid2 100C Model

Type  : Minimum Pulse Width 'local_mem_wrapper|mem_ss_top|mem_ss_sv|mem_ss|mem_ss|emif_0|emif_0_wf_clk_1'
Slack : 0.149
TNS   : 0.000
Corner: Slow vid2 100C Model

Type  : Minimum Pulse Width 'local_mem_wrapper|mem_ss_top|mem_ss_sv|mem_ss|mem_ss|emif_0|emif_0_wf_clk_10'
Slack : 0.149
TNS   : 0.000
Corner: Slow vid2 100C Model

Type  : Minimum Pulse Width 'local_mem_wrapper|mem_ss_top|mem_ss_sv|mem_ss|mem_ss|emif_0|emif_0_wf_clk_2'
Slack : 0.149
TNS   : 0.000
Corner: Slow vid2 100C Model

Type  : Minimum Pulse Width 'local_mem_wrapper|mem_ss_top|mem_ss_sv|mem_ss|mem_ss|emif_0|emif_0_wf_clk_4'
Slack : 0.149
TNS   : 0.000
Corner: Slow vid2 100C Model

Type  : Minimum Pulse Width 'local_mem_wrapper|mem_ss_top|mem_ss_sv|mem_ss|mem_ss|emif_0|emif_0_wf_clk_5'
Slack : 0.149
TNS   : 0.000
Corner: Slow vid2 100C Model

Type  : Minimum Pulse Width 'local_mem_wrapper|mem_ss_top|mem_ss_sv|mem_ss|mem_ss|emif_0|emif_0_wf_clk_8'
Slack : 0.149
TNS   : 0.000
Corner: Slow vid2 100C Model

Type  : Minimum Pulse Width 'local_mem_wrapper|mem_ss_top|mem_ss_sv|mem_ss|mem_ss|emif_1|emif_1_wf_clk_1'
Slack : 0.149
TNS   : 0.000
Corner: Slow vid2 100C Model

Type  : Minimum Pulse Width 'local_mem_wrapper|mem_ss_top|mem_ss_sv|mem_ss|mem_ss|emif_1|emif_1_wf_clk_2'
Slack : 0.149
TNS   : 0.000
Corner: Slow vid2 100C Model

Type  : Minimum Pulse Width 'local_mem_wrapper|mem_ss_top|mem_ss_sv|mem_ss|mem_ss|emif_1|emif_1_wf_clk_3'
Slack : 0.149
TNS   : 0.000
Corner: Slow vid2 100C Model

Type  : Minimum Pulse Width 'local_mem_wrapper|mem_ss_top|mem_ss_sv|mem_ss|mem_ss|emif_1|emif_1_wf_clk_4'
Slack : 0.149
TNS   : 0.000
Corner: Slow vid2 100C Model

Type  : Minimum Pulse Width 'local_mem_wrapper|mem_ss_top|mem_ss_sv|mem_ss|mem_ss|emif_1|emif_1_wf_clk_5'
Slack : 0.149
TNS   : 0.000
Corner: Slow vid2 100C Model

Type  : Minimum Pulse Width 'local_mem_wrapper|mem_ss_top|mem_ss_sv|mem_ss|mem_ss|emif_1|emif_1_wf_clk_7'
Slack : 0.149
TNS   : 0.000
Corner: Slow vid2 100C Model

Type  : Minimum Pulse Width 'local_mem_wrapper|mem_ss_top|mem_ss_sv|mem_ss|mem_ss|emif_0|emif_0_wf_clk_0'
Slack : 0.150
TNS   : 0.000
Corner: Slow vid2 100C Model

Type  : Minimum Pulse Width 'local_mem_wrapper|mem_ss_top|mem_ss_sv|mem_ss|mem_ss|emif_0|emif_0_wf_clk_6'
Slack : 0.150
TNS   : 0.000
Corner: Slow vid2 100C Model

Type  : Minimum Pulse Width 'local_mem_wrapper|mem_ss_top|mem_ss_sv|mem_ss|mem_ss|emif_0|emif_0_wf_clk_7'
Slack : 0.150
TNS   : 0.000
Corner: Slow vid2 100C Model

Type  : Minimum Pulse Width 'local_mem_wrapper|mem_ss_top|mem_ss_sv|mem_ss|mem_ss|emif_1|emif_1_wf_clk_0'
Slack : 0.150
TNS   : 0.000
Corner: Slow vid2 100C Model

Type  : Minimum Pulse Width 'local_mem_wrapper|mem_ss_top|mem_ss_sv|mem_ss|mem_ss|emif_1|emif_1_wf_clk_10'
Slack : 0.150
TNS   : 0.000
Corner: Slow vid2 100C Model

Type  : Minimum Pulse Width 'local_mem_wrapper|mem_ss_top|mem_ss_sv|mem_ss|mem_ss|emif_1|emif_1_wf_clk_6'
Slack : 0.150
TNS   : 0.000
Corner: Slow vid2 100C Model

Type  : Minimum Pulse Width 'ddr4_mem[0].dqs[2]_IN'
Slack : 0.207
TNS   : 0.000
Corner: Slow vid2 100C Model

Type  : Minimum Pulse Width 'ddr4_mem[0].dqs[3]_IN'
Slack : 0.207
TNS   : 0.000
Corner: Slow vid2 100C Model

Type  : Minimum Pulse Width 'ddr4_mem[0].dqs[6]_IN'
Slack : 0.207
TNS   : 0.000
Corner: Slow vid2 100C Model

Type  : Minimum Pulse Width 'ddr4_mem[0].dqs[7]_IN'
Slack : 0.207
TNS   : 0.000
Corner: Slow vid2 100C Model

Type  : Minimum Pulse Width 'ddr4_mem[1].dqs[2]_IN'
Slack : 0.207
TNS   : 0.000
Corner: Slow vid2 100C Model

Type  : Minimum Pulse Width 'ddr4_mem[1].dqs[3]_IN'
Slack : 0.207
TNS   : 0.000
Corner: Slow vid2 100C Model

Type  : Minimum Pulse Width 'ddr4_mem[1].dqs[4]_IN'
Slack : 0.207
TNS   : 0.000
Corner: Slow vid2 100C Model

Type  : Minimum Pulse Width 'ddr4_mem[1].dqs[5]_IN'
Slack : 0.207
TNS   : 0.000
Corner: Slow vid2 100C Model

Type  : Minimum Pulse Width 'ddr4_mem[0].dqs[0]_IN'
Slack : 0.208
TNS   : 0.000
Corner: Slow vid2 100C Model

Type  : Minimum Pulse Width 'ddr4_mem[0].dqs[1]_IN'
Slack : 0.208
TNS   : 0.000
Corner: Slow vid2 100C Model

Type  : Minimum Pulse Width 'ddr4_mem[0].dqs[4]_IN'
Slack : 0.208
TNS   : 0.000
Corner: Slow vid2 100C Model

Type  : Minimum Pulse Width 'ddr4_mem[0].dqs[5]_IN'
Slack : 0.208
TNS   : 0.000
Corner: Slow vid2 100C Model

Type  : Minimum Pulse Width 'ddr4_mem[1].dqs[0]_IN'
Slack : 0.208
TNS   : 0.000
Corner: Slow vid2 100C Model

Type  : Minimum Pulse Width 'ddr4_mem[1].dqs[1]_IN'
Slack : 0.208
TNS   : 0.000
Corner: Slow vid2 100C Model

Type  : Minimum Pulse Width 'ddr4_mem[1].dqs[6]_IN'
Slack : 0.208
TNS   : 0.000
Corner: Slow vid2 100C Model

Type  : Minimum Pulse Width 'ddr4_mem[1].dqs[7]_IN'
Slack : 0.208
TNS   : 0.000
Corner: Slow vid2 100C Model

Type  : Minimum Pulse Width 'sys_pll|iopll_0_clk_sys'
Slack : 0.275
TNS   : 0.000
Corner: Slow vid2 100C Model

Type  : Minimum Pulse Width 'local_mem_wrapper|mem_ss_top|mem_ss_sv|mem_ss|mem_ss|emif_0|emif_0_phy_clk_0'
Slack : 0.367
TNS   : 0.000
Corner: Slow vid2 100C Model

Type  : Minimum Pulse Width 'local_mem_wrapper|mem_ss_top|mem_ss_sv|mem_ss|mem_ss|emif_1|emif_1_phy_clk_0'
Slack : 0.367
TNS   : 0.000
Corner: Slow vid2 100C Model

Type  : Minimum Pulse Width 'local_mem_wrapper|mem_ss_top|mem_ss_sv|mem_ss|mem_ss|emif_0|emif_0_phy_clk_2'
Slack : 0.439
TNS   : 0.000
Corner: Slow vid2 100C Model

Type  : Minimum Pulse Width 'local_mem_wrapper|mem_ss_top|mem_ss_sv|mem_ss|mem_ss|emif_1|emif_1_phy_clk_1'
Slack : 0.439
TNS   : 0.000
Corner: Slow vid2 100C Model

Type  : Minimum Pulse Width 'local_mem_wrapper|mem_ss_top|mem_ss_sv|mem_ss|mem_ss|emif_0|emif_0_phy_clk_1'
Slack : 0.440
TNS   : 0.000
Corner: Slow vid2 100C Model

Type  : Minimum Pulse Width 'local_mem_wrapper|mem_ss_top|mem_ss_sv|mem_ss|mem_ss|emif_1|emif_1_phy_clk_2'
Slack : 0.440
TNS   : 0.000
Corner: Slow vid2 100C Model

Type  : Minimum Pulse Width 'local_mem_wrapper|mem_ss_top|mem_ss_sv|mem_ss|mem_ss|emif_1|emif_1_core_usr_clk'
Slack : 0.667
TNS   : 0.000
Corner: Slow vid2 100C Model

Type  : Minimum Pulse Width 'local_mem_wrapper|mem_ss_top|mem_ss_sv|mem_ss|mem_ss|emif_0|emif_0_core_usr_clk'
Slack : 0.709
TNS   : 0.000
Corner: Slow vid2 100C Model

Type  : Minimum Pulse Width 'pcie_wrapper|pcie_ss.top|host_pcie.pcie_ss|pcie_ss|gen_ptile.u_ptile|intel_pcie_ptile_ast_qhip|inst|inst|maib_and_tile|rx_pcs_x2_clk|ch15'
Slack : 0.752
TNS   : 0.000
Corner: Slow vid2 100C Model

Type  : Minimum Pulse Width 'afu_top|pg_afu.port_gasket|user_clock|qph_user_clk|pll.qph_user_clk_iopll|iopll_0_outclk0'
Slack : 1.120
TNS   : 0.000
Corner: Slow vid2b 100C Model

Type  : Minimum Pulse Width 'local_mem_wrapper|mem_ss_top|mem_ss_sv|mem_ss|mem_ss|emif_0|emif_0_phy_clk_l_0'
Slack : 1.127
TNS   : 0.000
Corner: Slow vid2 100C Model

Type  : Minimum Pulse Width 'local_mem_wrapper|mem_ss_top|mem_ss_sv|mem_ss|mem_ss|emif_1|emif_1_phy_clk_l_0'
Slack : 1.127
TNS   : 0.000
Corner: Slow vid2 100C Model

Type  : Minimum Pulse Width 'sys_pll|iopll_0_clk_sys_div2'
Slack : 1.694
TNS   : 0.000
Corner: Slow vid2b 100C Model

Type  : Minimum Pulse Width 'afu_top|pg_afu.port_gasket|user_clock|qph_user_clk|pll.qph_user_clk_iopll|iopll_0_outclk1'
Slack : 2.567
TNS   : 0.000
Corner: Slow vid2b 100C Model

Type  : Minimum Pulse Width 'qsfp_ref_clk'
Slack : 3.200
TNS   : 0.000
Corner: Slow vid2 100C Model

Type  : Minimum Pulse Width 'sys_pll|iopll_0_clk_sys_div4'
Slack : 3.837
TNS   : 0.000
Corner: Slow vid2b 100C Model

Type  : Minimum Pulse Width 'sys_pll|iopll_0_refclk'
Slack : 3.847
TNS   : 0.000
Corner: Slow vid2 100C Model

Type  : Minimum Pulse Width 'sys_pll|iopll_0_clk_100m'
Slack : 4.293
TNS   : 0.000
Corner: Slow vid2b 100C Model

Type  : Minimum Pulse Width 'PCIE_REFCLK0'
Slack : 5.000
TNS   : 0.000
Corner: Slow vid2 100C Model

Type  : Minimum Pulse Width 'PCIE_REFCLK1'
Slack : 5.000
TNS   : 0.000
Corner: Slow vid2 100C Model

Type  : Minimum Pulse Width 'pcie_wrapper|pcie_ss.top|host_pcie.pcie_ss|pcie_ss|avmm_clock0'
Slack : 9.423
TNS   : 0.000
Corner: Slow vid2b 100C Model

Type  : Minimum Pulse Width 'afu_top|pg_afu.port_gasket|user_clock|qph_user_clk|pll.qph_user_clk_iopll|iopll_0_n_cnt_clk'
Slack : 9.761
TNS   : 0.000
Corner: Slow vid2 100C Model

Type  : Minimum Pulse Width 'local_mem_wrapper|mem_ss_top|mem_ss_sv|mem_ss|mem_ss|emif_0|emif_0_ref_clock'
Slack : 14.183
TNS   : 0.000
Corner: Slow vid2 100C Model

Type  : Minimum Pulse Width 'local_mem_wrapper|mem_ss_top|mem_ss_sv|mem_ss|mem_ss|emif_1|emif_1_ref_clock'
Slack : 14.184
TNS   : 0.000
Corner: Slow vid2 100C Model

Type  : Minimum Pulse Width 'altera_reserved_tck'
Slack : 47.151
TNS   : 0.000
Corner: Slow vid2 100C Model

Type  : Minimum Pulse Width 'sys_pll|iopll_0_n_cnt_clk'
Slack : 49.769
TNS   : 0.000
Corner: Slow vid2 100C Model

Type  : Minimum Pulse Width 'bwbmc_fpga_max_sclk'
Slack : 98.972
TNS   : 0.000
Corner: Fast vid2a 100C Model

Type  : Minimum Pulse Width 'afu_top|pg_afu.port_gasket|user_clock|qph_user_clk|pll.qph_user_clk_iopll|iopll_0_m_cnt_clk'
Slack : 249.912
TNS   : 0.000
Corner: Slow vid2 100C Model

Type  : Minimum Pulse Width 'sys_pll|iopll_0_m_cnt_clk'
Slack : 7049.921
TNS   : 0.000
Corner: Slow vid2 100C Model

Type  : Slow vid2 100C Model Max Skew 'set_max_skew'
Slack : 1.137

Type  : Slow vid2 100C Model Max Skew 'set_max_skew'
Slack : 1.137

Type  : Slow vid2 100C Model Max Skew 'set_max_skew'
Slack : 1.175

Type  : Slow vid2 100C Model Max Skew 'set_max_skew'
Slack : 1.205

Type  : Slow vid2 100C Model Max Skew 'set_max_skew'
Slack : 1.212

Type  : Slow vid2 100C Model Max Skew 'set_max_skew'
Slack : 1.212

Type  : Slow vid2 100C Model Max Skew 'set_max_skew'
Slack : 1.221

Type  : Slow vid2 100C Model Max Skew 'set_max_skew'
Slack : 1.228

Type  : Slow vid2 100C Model Max Skew 'set_max_skew'
Slack : 1.237

Type  : Slow vid2 100C Model Max Skew 'set_max_skew'
Slack : 1.242

Type  : Slow vid2 100C Model Max Skew 'set_max_skew'
Slack : 1.242

Type  : Slow vid2 100C Model Max Skew 'set_max_skew'
Slack : 1.244

Type  : Slow vid2 100C Model Max Skew 'set_max_skew'
Slack : 1.247

Type  : Slow vid2 100C Model Max Skew 'set_max_skew'
Slack : 1.247

Type  : Slow vid2 100C Model Max Skew 'set_max_skew'
Slack : 1.249

Type  : Slow vid2 100C Model Max Skew 'set_max_skew'
Slack : 1.264

Type  : Slow vid2 100C Model Max Skew 'set_max_skew'
Slack : 1.302

Type  : Slow vid2 100C Model Max Skew 'set_max_skew'
Slack : 1.307

Type  : Slow vid2 100C Model Max Skew 'set_max_skew'
Slack : 1.309

Type  : Slow vid2 100C Model Max Skew 'set_max_skew'
Slack : 1.309

Type  : Slow vid2 100C Model Max Skew 'set_max_skew'
Slack : 1.321

Type  : Slow vid2 100C Model Max Skew 'set_max_skew'
Slack : 1.329

Type  : Slow vid2 100C Model Max Skew 'set_max_skew'
Slack : 1.329

Type  : Slow vid2 100C Model Max Skew 'set_max_skew'
Slack : 1.335

Type  : Slow vid2 100C Model Max Skew 'set_max_skew'
Slack : 1.350

Type  : Slow vid2 100C Model Max Skew 'set_max_skew'
Slack : 1.359

Type  : Slow vid2 100C Model Max Skew 'set_max_skew'
Slack : 1.369

Type  : Slow vid2 100C Model Max Skew 'set_max_skew'
Slack : 1.378

Type  : Slow vid2 100C Model Max Skew 'set_max_skew'
Slack : 1.382

Type  : Slow vid2 100C Model Max Skew 'set_max_skew'
Slack : 1.403

Type  : Slow vid2 100C Model Max Skew 'set_max_skew'
Slack : 1.403

Type  : Slow vid2 100C Model Max Skew 'set_max_skew'
Slack : 1.403

Type  : Slow vid2 100C Model Max Skew 'set_max_skew'
Slack : 1.414

Type  : Slow vid2 100C Model Max Skew 'set_max_skew'
Slack : 1.414

Type  : Slow vid2 100C Model Max Skew 'set_max_skew'
Slack : 1.431

Type  : Slow vid2 100C Model Max Skew 'set_max_skew'
Slack : 1.467

Type  : Slow vid2 100C Model Max Skew 'set_max_skew'
Slack : 1.467

Type  : Slow vid2 100C Model Max Skew 'set_max_skew'
Slack : 1.472

Type  : Slow vid2 100C Model Max Skew 'set_max_skew'
Slack : 1.472

Type  : Slow vid2 100C Model Max Skew 'set_max_skew'
Slack : 1.476

Type  : Slow vid2 100C Model Max Skew 'set_max_skew'
Slack : 1.476

Type  : Slow vid2 100C Model Max Skew 'set_max_skew'
Slack : 1.479

Type  : Slow vid2 100C Model Max Skew 'set_max_skew'
Slack : 1.485

Type  : Slow vid2 100C Model Max Skew 'set_max_skew'
Slack : 1.503

Type  : Slow vid2 100C Model Max Skew 'set_max_skew'
Slack : 1.511

Type  : Slow vid2 100C Model Max Skew 'set_max_skew'
Slack : 1.979

Type  : Slow vid2 100C Model Max Skew 'set_max_skew'
Slack : 2.018

Type  : Slow vid2 100C Model Max Skew 'set_max_skew'
Slack : 2.046

Type  : Slow vid2 100C Model Max Skew 'set_max_skew'
Slack : 2.053

Type  : Slow vid2 100C Model Max Skew 'set_max_skew'
Slack : 2.059

Type  : Slow vid2 100C Model Max Skew 'set_max_skew'
Slack : 2.065

Type  : Slow vid2 100C Model Max Skew 'set_max_skew'
Slack : 2.075

Type  : Slow vid2 100C Model Max Skew 'set_max_skew'
Slack : 2.093

Type  : Slow vid2 100C Model Max Skew 'set_max_skew'
Slack : 2.100

Type  : Slow vid2 100C Model Max Skew 'set_max_skew'
Slack : 2.160

Type  : Slow vid2 100C Model Max Skew 'set_max_skew'
Slack : 2.165

Type  : Slow vid2 100C Model Max Skew 'set_max_skew'
Slack : 2.182

Type  : Slow vid2 100C Model Max Skew 'set_max_skew'
Slack : 2.829

Type  : Slow vid2 100C Model Max Skew 'set_max_skew'
Slack : 2.850

Type  : Slow vid2 100C Model Max Skew 'set_max_skew'
Slack : 4.774

Type  : Slow vid2 100C Model Max Skew 'set_max_skew'
Slack : 4.818

Type  : Slow vid2 100C Model Max Skew 'set_max_skew'
Slack : 4.874

Type  : Slow vid2 100C Model Max Skew 'set_max_skew'
Slack : 4.880

Type  : Slow vid2 100C Model Max Skew 'set_max_skew'
Slack : 4.881

Type  : Slow vid2 100C Model Max Skew 'set_max_skew'
Slack : 4.887

Type  : Slow vid2 100C Model Max Skew 'set_max_skew'
Slack : 7.417

Type  : Slow vid2 100C Model Max Skew 'set_max_skew'
Slack : 7.512

Type  : Slow vid2 100C Model Max Skew 'set_max_skew'
Slack : 7.512

Type  : Slow vid2 100C Model Max Skew 'set_max_skew'
Slack : 7.520

Type  : Slow vid2 100C Model Max Skew 'set_max_skew'
Slack : 7.520

Type  : Slow vid2 100C Model Max Skew 'set_max_skew'
Slack : 7.552

Type  : Slow vid2 100C Model Max Skew 'set_max_skew'
Slack : 7.583

Type  : Slow vid2 100C Model Max Skew 'set_max_skew'
Slack : 7.626

Type  : Slow vid2 100C Model Max Skew 'set_max_skew'
Slack : 7.652

Type  : Slow vid2 100C Model Max Skew 'set_max_skew'
Slack : 7.656

Type  : Slow vid2 100C Model Max Skew 'set_max_skew'
Slack : 7.656

Type  : Slow vid2 100C Model Max Skew 'set_max_skew'
Slack : 7.673

Type  : Slow vid2 100C Model Max Skew 'set_max_skew'
Slack : 7.686

Type  : Slow vid2 100C Model Max Skew 'set_max_skew'
Slack : 7.688

Type  : Slow vid2 100C Model Max Skew 'set_max_skew'
Slack : 7.693

Type  : Slow vid2 100C Model Max Skew 'set_max_skew'
Slack : 7.693

Type  : Slow vid2 100C Model Max Skew 'set_max_skew'
Slack : 7.698

Type  : Slow vid2 100C Model Max Skew 'set_max_skew'
Slack : 7.701

Type  : Slow vid2 100C Model Max Skew 'set_max_skew'
Slack : 7.702

Type  : Slow vid2 100C Model Max Skew 'set_max_skew'
Slack : 7.722

Type  : Slow vid2 100C Model Max Skew 'set_max_skew'
Slack : 7.738

Type  : Slow vid2 100C Model Max Skew 'set_max_skew'
Slack : 7.741

Type  : Slow vid2 100C Model Max Skew 'set_max_skew'
Slack : 7.744

Type  : Slow vid2 100C Model Max Skew 'set_max_skew'
Slack : 7.745

Type  : Slow vid2 100C Model Max Skew 'set_max_skew'
Slack : 7.753

Type  : Slow vid2 100C Model Max Skew 'set_max_skew'
Slack : 7.765

Type  : Slow vid2 100C Model Max Skew 'set_max_skew'
Slack : 7.770

Type  : Slow vid2 100C Model Max Skew 'set_max_skew'
Slack : 15.521

Type  : Slow vid2 100C Model Max Skew 'set_max_skew'
Slack : 15.663

Type  : Slow vid2 100C Model Max Skew 'set_max_skew'
Slack : 15.671

Type  : Slow vid2 100C Model Max Skew 'set_max_skew'
Slack : 15.678

Type  : Slow vid2 100C Model Max Skew 'set_max_skew'
Slack : 79.723

Type  : Slow vid2 100C Model Max Skew 'set_max_skew'
Slack : 79.731

Type  : Slow vid2 100C Model Max Skew 'set_max_skew'
Slack : 79.777

Type  : Slow vid2 100C Model Max Skew 'set_max_skew'
Slack : 79.787

Type  : Slow vid2b 100C Model Max Skew 'set_max_skew'
Slack : 1.150

Type  : Slow vid2b 100C Model Max Skew 'set_max_skew'
Slack : 1.150

Type  : Slow vid2b 100C Model Max Skew 'set_max_skew'
Slack : 1.187

Type  : Slow vid2b 100C Model Max Skew 'set_max_skew'
Slack : 1.210

Type  : Slow vid2b 100C Model Max Skew 'set_max_skew'
Slack : 1.219

Type  : Slow vid2b 100C Model Max Skew 'set_max_skew'
Slack : 1.219

Type  : Slow vid2b 100C Model Max Skew 'set_max_skew'
Slack : 1.225

Type  : Slow vid2b 100C Model Max Skew 'set_max_skew'
Slack : 1.234

Type  : Slow vid2b 100C Model Max Skew 'set_max_skew'
Slack : 1.243

Type  : Slow vid2b 100C Model Max Skew 'set_max_skew'
Slack : 1.246

Type  : Slow vid2b 100C Model Max Skew 'set_max_skew'
Slack : 1.248

Type  : Slow vid2b 100C Model Max Skew 'set_max_skew'
Slack : 1.249

Type  : Slow vid2b 100C Model Max Skew 'set_max_skew'
Slack : 1.249

Type  : Slow vid2b 100C Model Max Skew 'set_max_skew'
Slack : 1.251

Type  : Slow vid2b 100C Model Max Skew 'set_max_skew'
Slack : 1.251

Type  : Slow vid2b 100C Model Max Skew 'set_max_skew'
Slack : 1.269

Type  : Slow vid2b 100C Model Max Skew 'set_max_skew'
Slack : 1.305

Type  : Slow vid2b 100C Model Max Skew 'set_max_skew'
Slack : 1.308

Type  : Slow vid2b 100C Model Max Skew 'set_max_skew'
Slack : 1.308

Type  : Slow vid2b 100C Model Max Skew 'set_max_skew'
Slack : 1.309

Type  : Slow vid2b 100C Model Max Skew 'set_max_skew'
Slack : 1.322

Type  : Slow vid2b 100C Model Max Skew 'set_max_skew'
Slack : 1.333

Type  : Slow vid2b 100C Model Max Skew 'set_max_skew'
Slack : 1.335

Type  : Slow vid2b 100C Model Max Skew 'set_max_skew'
Slack : 1.336

Type  : Slow vid2b 100C Model Max Skew 'set_max_skew'
Slack : 1.349

Type  : Slow vid2b 100C Model Max Skew 'set_max_skew'
Slack : 1.359

Type  : Slow vid2b 100C Model Max Skew 'set_max_skew'
Slack : 1.370

Type  : Slow vid2b 100C Model Max Skew 'set_max_skew'
Slack : 1.378

Type  : Slow vid2b 100C Model Max Skew 'set_max_skew'
Slack : 1.382

Type  : Slow vid2b 100C Model Max Skew 'set_max_skew'
Slack : 1.402

Type  : Slow vid2b 100C Model Max Skew 'set_max_skew'
Slack : 1.402

Type  : Slow vid2b 100C Model Max Skew 'set_max_skew'
Slack : 1.406

Type  : Slow vid2b 100C Model Max Skew 'set_max_skew'
Slack : 1.414

Type  : Slow vid2b 100C Model Max Skew 'set_max_skew'
Slack : 1.415

Type  : Slow vid2b 100C Model Max Skew 'set_max_skew'
Slack : 1.434

Type  : Slow vid2b 100C Model Max Skew 'set_max_skew'
Slack : 1.467

Type  : Slow vid2b 100C Model Max Skew 'set_max_skew'
Slack : 1.467

Type  : Slow vid2b 100C Model Max Skew 'set_max_skew'
Slack : 1.473

Type  : Slow vid2b 100C Model Max Skew 'set_max_skew'
Slack : 1.473

Type  : Slow vid2b 100C Model Max Skew 'set_max_skew'
Slack : 1.476

Type  : Slow vid2b 100C Model Max Skew 'set_max_skew'
Slack : 1.476

Type  : Slow vid2b 100C Model Max Skew 'set_max_skew'
Slack : 1.479

Type  : Slow vid2b 100C Model Max Skew 'set_max_skew'
Slack : 1.486

Type  : Slow vid2b 100C Model Max Skew 'set_max_skew'
Slack : 1.505

Type  : Slow vid2b 100C Model Max Skew 'set_max_skew'
Slack : 1.512

Type  : Slow vid2b 100C Model Max Skew 'set_max_skew'
Slack : 1.984

Type  : Slow vid2b 100C Model Max Skew 'set_max_skew'
Slack : 2.024

Type  : Slow vid2b 100C Model Max Skew 'set_max_skew'
Slack : 2.048

Type  : Slow vid2b 100C Model Max Skew 'set_max_skew'
Slack : 2.055

Type  : Slow vid2b 100C Model Max Skew 'set_max_skew'
Slack : 2.061

Type  : Slow vid2b 100C Model Max Skew 'set_max_skew'
Slack : 2.068

Type  : Slow vid2b 100C Model Max Skew 'set_max_skew'
Slack : 2.079

Type  : Slow vid2b 100C Model Max Skew 'set_max_skew'
Slack : 2.092

Type  : Slow vid2b 100C Model Max Skew 'set_max_skew'
Slack : 2.104

Type  : Slow vid2b 100C Model Max Skew 'set_max_skew'
Slack : 2.162

Type  : Slow vid2b 100C Model Max Skew 'set_max_skew'
Slack : 2.166

Type  : Slow vid2b 100C Model Max Skew 'set_max_skew'
Slack : 2.183

Type  : Slow vid2b 100C Model Max Skew 'set_max_skew'
Slack : 2.831

Type  : Slow vid2b 100C Model Max Skew 'set_max_skew'
Slack : 2.855

Type  : Slow vid2b 100C Model Max Skew 'set_max_skew'
Slack : 4.778

Type  : Slow vid2b 100C Model Max Skew 'set_max_skew'
Slack : 4.820

Type  : Slow vid2b 100C Model Max Skew 'set_max_skew'
Slack : 4.876

Type  : Slow vid2b 100C Model Max Skew 'set_max_skew'
Slack : 4.881

Type  : Slow vid2b 100C Model Max Skew 'set_max_skew'
Slack : 4.883

Type  : Slow vid2b 100C Model Max Skew 'set_max_skew'
Slack : 4.889

Type  : Slow vid2b 100C Model Max Skew 'set_max_skew'
Slack : 7.429

Type  : Slow vid2b 100C Model Max Skew 'set_max_skew'
Slack : 7.516

Type  : Slow vid2b 100C Model Max Skew 'set_max_skew'
Slack : 7.516

Type  : Slow vid2b 100C Model Max Skew 'set_max_skew'
Slack : 7.525

Type  : Slow vid2b 100C Model Max Skew 'set_max_skew'
Slack : 7.525

Type  : Slow vid2b 100C Model Max Skew 'set_max_skew'
Slack : 7.558

Type  : Slow vid2b 100C Model Max Skew 'set_max_skew'
Slack : 7.587

Type  : Slow vid2b 100C Model Max Skew 'set_max_skew'
Slack : 7.627

Type  : Slow vid2b 100C Model Max Skew 'set_max_skew'
Slack : 7.653

Type  : Slow vid2b 100C Model Max Skew 'set_max_skew'
Slack : 7.656

Type  : Slow vid2b 100C Model Max Skew 'set_max_skew'
Slack : 7.661

Type  : Slow vid2b 100C Model Max Skew 'set_max_skew'
Slack : 7.676

Type  : Slow vid2b 100C Model Max Skew 'set_max_skew'
Slack : 7.687

Type  : Slow vid2b 100C Model Max Skew 'set_max_skew'
Slack : 7.688

Type  : Slow vid2b 100C Model Max Skew 'set_max_skew'
Slack : 7.695

Type  : Slow vid2b 100C Model Max Skew 'set_max_skew'
Slack : 7.696

Type  : Slow vid2b 100C Model Max Skew 'set_max_skew'
Slack : 7.699

Type  : Slow vid2b 100C Model Max Skew 'set_max_skew'
Slack : 7.702

Type  : Slow vid2b 100C Model Max Skew 'set_max_skew'
Slack : 7.704

Type  : Slow vid2b 100C Model Max Skew 'set_max_skew'
Slack : 7.723

Type  : Slow vid2b 100C Model Max Skew 'set_max_skew'
Slack : 7.742

Type  : Slow vid2b 100C Model Max Skew 'set_max_skew'
Slack : 7.743

Type  : Slow vid2b 100C Model Max Skew 'set_max_skew'
Slack : 7.745

Type  : Slow vid2b 100C Model Max Skew 'set_max_skew'
Slack : 7.747

Type  : Slow vid2b 100C Model Max Skew 'set_max_skew'
Slack : 7.753

Type  : Slow vid2b 100C Model Max Skew 'set_max_skew'
Slack : 7.765

Type  : Slow vid2b 100C Model Max Skew 'set_max_skew'
Slack : 7.771

Type  : Slow vid2b 100C Model Max Skew 'set_max_skew'
Slack : 15.522

Type  : Slow vid2b 100C Model Max Skew 'set_max_skew'
Slack : 15.661

Type  : Slow vid2b 100C Model Max Skew 'set_max_skew'
Slack : 15.671

Type  : Slow vid2b 100C Model Max Skew 'set_max_skew'
Slack : 15.678

Type  : Slow vid2b 100C Model Max Skew 'set_max_skew'
Slack : 79.723

Type  : Slow vid2b 100C Model Max Skew 'set_max_skew'
Slack : 79.735

Type  : Slow vid2b 100C Model Max Skew 'set_max_skew'
Slack : 79.780

Type  : Slow vid2b 100C Model Max Skew 'set_max_skew'
Slack : 79.787

Type  : Fast vid2a 0C Model Max Skew 'set_max_skew'
Slack : 1.301

Type  : Fast vid2a 0C Model Max Skew 'set_max_skew'
Slack : 1.301

Type  : Fast vid2a 0C Model Max Skew 'set_max_skew'
Slack : 1.310

Type  : Fast vid2a 0C Model Max Skew 'set_max_skew'
Slack : 1.318

Type  : Fast vid2a 0C Model Max Skew 'set_max_skew'
Slack : 1.318

Type  : Fast vid2a 0C Model Max Skew 'set_max_skew'
Slack : 1.322

Type  : Fast vid2a 0C Model Max Skew 'set_max_skew'
Slack : 1.324

Type  : Fast vid2a 0C Model Max Skew 'set_max_skew'
Slack : 1.324

Type  : Fast vid2a 0C Model Max Skew 'set_max_skew'
Slack : 1.324

Type  : Fast vid2a 0C Model Max Skew 'set_max_skew'
Slack : 1.329

Type  : Fast vid2a 0C Model Max Skew 'set_max_skew'
Slack : 1.331

Type  : Fast vid2a 0C Model Max Skew 'set_max_skew'
Slack : 1.333

Type  : Fast vid2a 0C Model Max Skew 'set_max_skew'
Slack : 1.336

Type  : Fast vid2a 0C Model Max Skew 'set_max_skew'
Slack : 1.343

Type  : Fast vid2a 0C Model Max Skew 'set_max_skew'
Slack : 1.343

Type  : Fast vid2a 0C Model Max Skew 'set_max_skew'
Slack : 1.352

Type  : Fast vid2a 0C Model Max Skew 'set_max_skew'
Slack : 1.354

Type  : Fast vid2a 0C Model Max Skew 'set_max_skew'
Slack : 1.368

Type  : Fast vid2a 0C Model Max Skew 'set_max_skew'
Slack : 1.368

Type  : Fast vid2a 0C Model Max Skew 'set_max_skew'
Slack : 1.372

Type  : Fast vid2a 0C Model Max Skew 'set_max_skew'
Slack : 1.378

Type  : Fast vid2a 0C Model Max Skew 'set_max_skew'
Slack : 1.387

Type  : Fast vid2a 0C Model Max Skew 'set_max_skew'
Slack : 1.389

Type  : Fast vid2a 0C Model Max Skew 'set_max_skew'
Slack : 1.400

Type  : Fast vid2a 0C Model Max Skew 'set_max_skew'
Slack : 1.413

Type  : Fast vid2a 0C Model Max Skew 'set_max_skew'
Slack : 1.420

Type  : Fast vid2a 0C Model Max Skew 'set_max_skew'
Slack : 1.422

Type  : Fast vid2a 0C Model Max Skew 'set_max_skew'
Slack : 1.434

Type  : Fast vid2a 0C Model Max Skew 'set_max_skew'
Slack : 1.437

Type  : Fast vid2a 0C Model Max Skew 'set_max_skew'
Slack : 1.473

Type  : Fast vid2a 0C Model Max Skew 'set_max_skew'
Slack : 1.473

Type  : Fast vid2a 0C Model Max Skew 'set_max_skew'
Slack : 1.475

Type  : Fast vid2a 0C Model Max Skew 'set_max_skew'
Slack : 1.475

Type  : Fast vid2a 0C Model Max Skew 'set_max_skew'
Slack : 1.476

Type  : Fast vid2a 0C Model Max Skew 'set_max_skew'
Slack : 1.494

Type  : Fast vid2a 0C Model Max Skew 'set_max_skew'
Slack : 1.515

Type  : Fast vid2a 0C Model Max Skew 'set_max_skew'
Slack : 1.515

Type  : Fast vid2a 0C Model Max Skew 'set_max_skew'
Slack : 1.516

Type  : Fast vid2a 0C Model Max Skew 'set_max_skew'
Slack : 1.516

Type  : Fast vid2a 0C Model Max Skew 'set_max_skew'
Slack : 1.517

Type  : Fast vid2a 0C Model Max Skew 'set_max_skew'
Slack : 1.517

Type  : Fast vid2a 0C Model Max Skew 'set_max_skew'
Slack : 1.521

Type  : Fast vid2a 0C Model Max Skew 'set_max_skew'
Slack : 1.537

Type  : Fast vid2a 0C Model Max Skew 'set_max_skew'
Slack : 1.543

Type  : Fast vid2a 0C Model Max Skew 'set_max_skew'
Slack : 1.552

Type  : Fast vid2a 0C Model Max Skew 'set_max_skew'
Slack : 2.089

Type  : Fast vid2a 0C Model Max Skew 'set_max_skew'
Slack : 2.118

Type  : Fast vid2a 0C Model Max Skew 'set_max_skew'
Slack : 2.137

Type  : Fast vid2a 0C Model Max Skew 'set_max_skew'
Slack : 2.142

Type  : Fast vid2a 0C Model Max Skew 'set_max_skew'
Slack : 2.147

Type  : Fast vid2a 0C Model Max Skew 'set_max_skew'
Slack : 2.151

Type  : Fast vid2a 0C Model Max Skew 'set_max_skew'
Slack : 2.159

Type  : Fast vid2a 0C Model Max Skew 'set_max_skew'
Slack : 2.161

Type  : Fast vid2a 0C Model Max Skew 'set_max_skew'
Slack : 2.173

Type  : Fast vid2a 0C Model Max Skew 'set_max_skew'
Slack : 2.213

Type  : Fast vid2a 0C Model Max Skew 'set_max_skew'
Slack : 2.215

Type  : Fast vid2a 0C Model Max Skew 'set_max_skew'
Slack : 2.226

Type  : Fast vid2a 0C Model Max Skew 'set_max_skew'
Slack : 2.924

Type  : Fast vid2a 0C Model Max Skew 'set_max_skew'
Slack : 2.944

Type  : Fast vid2a 0C Model Max Skew 'set_max_skew'
Slack : 4.848

Type  : Fast vid2a 0C Model Max Skew 'set_max_skew'
Slack : 4.872

Type  : Fast vid2a 0C Model Max Skew 'set_max_skew'
Slack : 4.907

Type  : Fast vid2a 0C Model Max Skew 'set_max_skew'
Slack : 4.912

Type  : Fast vid2a 0C Model Max Skew 'set_max_skew'
Slack : 4.912

Type  : Fast vid2a 0C Model Max Skew 'set_max_skew'
Slack : 4.916

Type  : Fast vid2a 0C Model Max Skew 'set_max_skew'
Slack : 7.571

Type  : Fast vid2a 0C Model Max Skew 'set_max_skew'
Slack : 7.631

Type  : Fast vid2a 0C Model Max Skew 'set_max_skew'
Slack : 7.631

Type  : Fast vid2a 0C Model Max Skew 'set_max_skew'
Slack : 7.640

Type  : Fast vid2a 0C Model Max Skew 'set_max_skew'
Slack : 7.640

Type  : Fast vid2a 0C Model Max Skew 'set_max_skew'
Slack : 7.651

Type  : Fast vid2a 0C Model Max Skew 'set_max_skew'
Slack : 7.673

Type  : Fast vid2a 0C Model Max Skew 'set_max_skew'
Slack : 7.712

Type  : Fast vid2a 0C Model Max Skew 'set_max_skew'
Slack : 7.714

Type  : Fast vid2a 0C Model Max Skew 'set_max_skew'
Slack : 7.717

Type  : Fast vid2a 0C Model Max Skew 'set_max_skew'
Slack : 7.718

Type  : Fast vid2a 0C Model Max Skew 'set_max_skew'
Slack : 7.732

Type  : Fast vid2a 0C Model Max Skew 'set_max_skew'
Slack : 7.736

Type  : Fast vid2a 0C Model Max Skew 'set_max_skew'
Slack : 7.746

Type  : Fast vid2a 0C Model Max Skew 'set_max_skew'
Slack : 7.747

Type  : Fast vid2a 0C Model Max Skew 'set_max_skew'
Slack : 7.750

Type  : Fast vid2a 0C Model Max Skew 'set_max_skew'
Slack : 7.750

Type  : Fast vid2a 0C Model Max Skew 'set_max_skew'
Slack : 7.755

Type  : Fast vid2a 0C Model Max Skew 'set_max_skew'
Slack : 7.756

Type  : Fast vid2a 0C Model Max Skew 'set_max_skew'
Slack : 7.763

Type  : Fast vid2a 0C Model Max Skew 'set_max_skew'
Slack : 7.779

Type  : Fast vid2a 0C Model Max Skew 'set_max_skew'
Slack : 7.785

Type  : Fast vid2a 0C Model Max Skew 'set_max_skew'
Slack : 7.785

Type  : Fast vid2a 0C Model Max Skew 'set_max_skew'
Slack : 7.787

Type  : Fast vid2a 0C Model Max Skew 'set_max_skew'
Slack : 7.789

Type  : Fast vid2a 0C Model Max Skew 'set_max_skew'
Slack : 7.794

Type  : Fast vid2a 0C Model Max Skew 'set_max_skew'
Slack : 7.800

Type  : Fast vid2a 0C Model Max Skew 'set_max_skew'
Slack : 15.617

Type  : Fast vid2a 0C Model Max Skew 'set_max_skew'
Slack : 15.709

Type  : Fast vid2a 0C Model Max Skew 'set_max_skew'
Slack : 15.714

Type  : Fast vid2a 0C Model Max Skew 'set_max_skew'
Slack : 15.718

Type  : Fast vid2a 0C Model Max Skew 'set_max_skew'
Slack : 79.774

Type  : Fast vid2a 0C Model Max Skew 'set_max_skew'
Slack : 79.790

Type  : Fast vid2a 0C Model Max Skew 'set_max_skew'
Slack : 79.824

Type  : Fast vid2a 0C Model Max Skew 'set_max_skew'
Slack : 79.827

Type  : Fast vid2a 100C Model Max Skew 'set_max_skew'
Slack : 1.263

Type  : Fast vid2a 100C Model Max Skew 'set_max_skew'
Slack : 1.263

Type  : Fast vid2a 100C Model Max Skew 'set_max_skew'
Slack : 1.285

Type  : Fast vid2a 100C Model Max Skew 'set_max_skew'
Slack : 1.294

Type  : Fast vid2a 100C Model Max Skew 'set_max_skew'
Slack : 1.294

Type  : Fast vid2a 100C Model Max Skew 'set_max_skew'
Slack : 1.295

Type  : Fast vid2a 100C Model Max Skew 'set_max_skew'
Slack : 1.298

Type  : Fast vid2a 100C Model Max Skew 'set_max_skew'
Slack : 1.298

Type  : Fast vid2a 100C Model Max Skew 'set_max_skew'
Slack : 1.300

Type  : Fast vid2a 100C Model Max Skew 'set_max_skew'
Slack : 1.300

Type  : Fast vid2a 100C Model Max Skew 'set_max_skew'
Slack : 1.303

Type  : Fast vid2a 100C Model Max Skew 'set_max_skew'
Slack : 1.303

Type  : Fast vid2a 100C Model Max Skew 'set_max_skew'
Slack : 1.308

Type  : Fast vid2a 100C Model Max Skew 'set_max_skew'
Slack : 1.310

Type  : Fast vid2a 100C Model Max Skew 'set_max_skew'
Slack : 1.310

Type  : Fast vid2a 100C Model Max Skew 'set_max_skew'
Slack : 1.330

Type  : Fast vid2a 100C Model Max Skew 'set_max_skew'
Slack : 1.337

Type  : Fast vid2a 100C Model Max Skew 'set_max_skew'
Slack : 1.337

Type  : Fast vid2a 100C Model Max Skew 'set_max_skew'
Slack : 1.340

Type  : Fast vid2a 100C Model Max Skew 'set_max_skew'
Slack : 1.357

Type  : Fast vid2a 100C Model Max Skew 'set_max_skew'
Slack : 1.360

Type  : Fast vid2a 100C Model Max Skew 'set_max_skew'
Slack : 1.360

Type  : Fast vid2a 100C Model Max Skew 'set_max_skew'
Slack : 1.374

Type  : Fast vid2a 100C Model Max Skew 'set_max_skew'
Slack : 1.388

Type  : Fast vid2a 100C Model Max Skew 'set_max_skew'
Slack : 1.391

Type  : Fast vid2a 100C Model Max Skew 'set_max_skew'
Slack : 1.401

Type  : Fast vid2a 100C Model Max Skew 'set_max_skew'
Slack : 1.401

Type  : Fast vid2a 100C Model Max Skew 'set_max_skew'
Slack : 1.402

Type  : Fast vid2a 100C Model Max Skew 'set_max_skew'
Slack : 1.407

Type  : Fast vid2a 100C Model Max Skew 'set_max_skew'
Slack : 1.448

Type  : Fast vid2a 100C Model Max Skew 'set_max_skew'
Slack : 1.454

Type  : Fast vid2a 100C Model Max Skew 'set_max_skew'
Slack : 1.458

Type  : Fast vid2a 100C Model Max Skew 'set_max_skew'
Slack : 1.458

Type  : Fast vid2a 100C Model Max Skew 'set_max_skew'
Slack : 1.458

Type  : Fast vid2a 100C Model Max Skew 'set_max_skew'
Slack : 1.477

Type  : Fast vid2a 100C Model Max Skew 'set_max_skew'
Slack : 1.492

Type  : Fast vid2a 100C Model Max Skew 'set_max_skew'
Slack : 1.503

Type  : Fast vid2a 100C Model Max Skew 'set_max_skew'
Slack : 1.503

Type  : Fast vid2a 100C Model Max Skew 'set_max_skew'
Slack : 1.505

Type  : Fast vid2a 100C Model Max Skew 'set_max_skew'
Slack : 1.505

Type  : Fast vid2a 100C Model Max Skew 'set_max_skew'
Slack : 1.508

Type  : Fast vid2a 100C Model Max Skew 'set_max_skew'
Slack : 1.508

Type  : Fast vid2a 100C Model Max Skew 'set_max_skew'
Slack : 1.519

Type  : Fast vid2a 100C Model Max Skew 'set_max_skew'
Slack : 1.522

Type  : Fast vid2a 100C Model Max Skew 'set_max_skew'
Slack : 1.541

Type  : Fast vid2a 100C Model Max Skew 'set_max_skew'
Slack : 2.061

Type  : Fast vid2a 100C Model Max Skew 'set_max_skew'
Slack : 2.091

Type  : Fast vid2a 100C Model Max Skew 'set_max_skew'
Slack : 2.104

Type  : Fast vid2a 100C Model Max Skew 'set_max_skew'
Slack : 2.113

Type  : Fast vid2a 100C Model Max Skew 'set_max_skew'
Slack : 2.114

Type  : Fast vid2a 100C Model Max Skew 'set_max_skew'
Slack : 2.130

Type  : Fast vid2a 100C Model Max Skew 'set_max_skew'
Slack : 2.138

Type  : Fast vid2a 100C Model Max Skew 'set_max_skew'
Slack : 2.143

Type  : Fast vid2a 100C Model Max Skew 'set_max_skew'
Slack : 2.147

Type  : Fast vid2a 100C Model Max Skew 'set_max_skew'
Slack : 2.198

Type  : Fast vid2a 100C Model Max Skew 'set_max_skew'
Slack : 2.203

Type  : Fast vid2a 100C Model Max Skew 'set_max_skew'
Slack : 2.209

Type  : Fast vid2a 100C Model Max Skew 'set_max_skew'
Slack : 2.897

Type  : Fast vid2a 100C Model Max Skew 'set_max_skew'
Slack : 2.908

Type  : Fast vid2a 100C Model Max Skew 'set_max_skew'
Slack : 4.823

Type  : Fast vid2a 100C Model Max Skew 'set_max_skew'
Slack : 4.850

Type  : Fast vid2a 100C Model Max Skew 'set_max_skew'
Slack : 4.885

Type  : Fast vid2a 100C Model Max Skew 'set_max_skew'
Slack : 4.888

Type  : Fast vid2a 100C Model Max Skew 'set_max_skew'
Slack : 4.892

Type  : Fast vid2a 100C Model Max Skew 'set_max_skew'
Slack : 4.898

Type  : Fast vid2a 100C Model Max Skew 'set_max_skew'
Slack : 7.536

Type  : Fast vid2a 100C Model Max Skew 'set_max_skew'
Slack : 7.607

Type  : Fast vid2a 100C Model Max Skew 'set_max_skew'
Slack : 7.607

Type  : Fast vid2a 100C Model Max Skew 'set_max_skew'
Slack : 7.617

Type  : Fast vid2a 100C Model Max Skew 'set_max_skew'
Slack : 7.617

Type  : Fast vid2a 100C Model Max Skew 'set_max_skew'
Slack : 7.620

Type  : Fast vid2a 100C Model Max Skew 'set_max_skew'
Slack : 7.653

Type  : Fast vid2a 100C Model Max Skew 'set_max_skew'
Slack : 7.691

Type  : Fast vid2a 100C Model Max Skew 'set_max_skew'
Slack : 7.691

Type  : Fast vid2a 100C Model Max Skew 'set_max_skew'
Slack : 7.695

Type  : Fast vid2a 100C Model Max Skew 'set_max_skew'
Slack : 7.696

Type  : Fast vid2a 100C Model Max Skew 'set_max_skew'
Slack : 7.703

Type  : Fast vid2a 100C Model Max Skew 'set_max_skew'
Slack : 7.717

Type  : Fast vid2a 100C Model Max Skew 'set_max_skew'
Slack : 7.719

Type  : Fast vid2a 100C Model Max Skew 'set_max_skew'
Slack : 7.728

Type  : Fast vid2a 100C Model Max Skew 'set_max_skew'
Slack : 7.730

Type  : Fast vid2a 100C Model Max Skew 'set_max_skew'
Slack : 7.732

Type  : Fast vid2a 100C Model Max Skew 'set_max_skew'
Slack : 7.734

Type  : Fast vid2a 100C Model Max Skew 'set_max_skew'
Slack : 7.741

Type  : Fast vid2a 100C Model Max Skew 'set_max_skew'
Slack : 7.741

Type  : Fast vid2a 100C Model Max Skew 'set_max_skew'
Slack : 7.764

Type  : Fast vid2a 100C Model Max Skew 'set_max_skew'
Slack : 7.764

Type  : Fast vid2a 100C Model Max Skew 'set_max_skew'
Slack : 7.770

Type  : Fast vid2a 100C Model Max Skew 'set_max_skew'
Slack : 7.771

Type  : Fast vid2a 100C Model Max Skew 'set_max_skew'
Slack : 7.775

Type  : Fast vid2a 100C Model Max Skew 'set_max_skew'
Slack : 7.783

Type  : Fast vid2a 100C Model Max Skew 'set_max_skew'
Slack : 7.783

Type  : Fast vid2a 100C Model Max Skew 'set_max_skew'
Slack : 15.596

Type  : Fast vid2a 100C Model Max Skew 'set_max_skew'
Slack : 15.688

Type  : Fast vid2a 100C Model Max Skew 'set_max_skew'
Slack : 15.702

Type  : Fast vid2a 100C Model Max Skew 'set_max_skew'
Slack : 15.703

Type  : Fast vid2a 100C Model Max Skew 'set_max_skew'
Slack : 79.750

Type  : Fast vid2a 100C Model Max Skew 'set_max_skew'
Slack : 79.764

Type  : Fast vid2a 100C Model Max Skew 'set_max_skew'
Slack : 79.800

Type  : Fast vid2a 100C Model Max Skew 'set_max_skew'
Slack : 79.812

Type  : Fast vid2 100C Model Max Skew 'set_max_skew'
Slack : 1.250

Type  : Fast vid2 100C Model Max Skew 'set_max_skew'
Slack : 1.250

Type  : Fast vid2 100C Model Max Skew 'set_max_skew'
Slack : 1.281

Type  : Fast vid2 100C Model Max Skew 'set_max_skew'
Slack : 1.281

Type  : Fast vid2 100C Model Max Skew 'set_max_skew'
Slack : 1.289

Type  : Fast vid2 100C Model Max Skew 'set_max_skew'
Slack : 1.291

Type  : Fast vid2 100C Model Max Skew 'set_max_skew'
Slack : 1.293

Type  : Fast vid2 100C Model Max Skew 'set_max_skew'
Slack : 1.293

Type  : Fast vid2 100C Model Max Skew 'set_max_skew'
Slack : 1.296

Type  : Fast vid2 100C Model Max Skew 'set_max_skew'
Slack : 1.296

Type  : Fast vid2 100C Model Max Skew 'set_max_skew'
Slack : 1.296

Type  : Fast vid2 100C Model Max Skew 'set_max_skew'
Slack : 1.299

Type  : Fast vid2 100C Model Max Skew 'set_max_skew'
Slack : 1.300

Type  : Fast vid2 100C Model Max Skew 'set_max_skew'
Slack : 1.308

Type  : Fast vid2 100C Model Max Skew 'set_max_skew'
Slack : 1.308

Type  : Fast vid2 100C Model Max Skew 'set_max_skew'
Slack : 1.325

Type  : Fast vid2 100C Model Max Skew 'set_max_skew'
Slack : 1.334

Type  : Fast vid2 100C Model Max Skew 'set_max_skew'
Slack : 1.334

Type  : Fast vid2 100C Model Max Skew 'set_max_skew'
Slack : 1.337

Type  : Fast vid2 100C Model Max Skew 'set_max_skew'
Slack : 1.353

Type  : Fast vid2 100C Model Max Skew 'set_max_skew'
Slack : 1.359

Type  : Fast vid2 100C Model Max Skew 'set_max_skew'
Slack : 1.360

Type  : Fast vid2 100C Model Max Skew 'set_max_skew'
Slack : 1.373

Type  : Fast vid2 100C Model Max Skew 'set_max_skew'
Slack : 1.388

Type  : Fast vid2 100C Model Max Skew 'set_max_skew'
Slack : 1.392

Type  : Fast vid2 100C Model Max Skew 'set_max_skew'
Slack : 1.397

Type  : Fast vid2 100C Model Max Skew 'set_max_skew'
Slack : 1.399

Type  : Fast vid2 100C Model Max Skew 'set_max_skew'
Slack : 1.400

Type  : Fast vid2 100C Model Max Skew 'set_max_skew'
Slack : 1.408

Type  : Fast vid2 100C Model Max Skew 'set_max_skew'
Slack : 1.447

Type  : Fast vid2 100C Model Max Skew 'set_max_skew'
Slack : 1.451

Type  : Fast vid2 100C Model Max Skew 'set_max_skew'
Slack : 1.454

Type  : Fast vid2 100C Model Max Skew 'set_max_skew'
Slack : 1.458

Type  : Fast vid2 100C Model Max Skew 'set_max_skew'
Slack : 1.458

Type  : Fast vid2 100C Model Max Skew 'set_max_skew'
Slack : 1.476

Type  : Fast vid2 100C Model Max Skew 'set_max_skew'
Slack : 1.493

Type  : Fast vid2 100C Model Max Skew 'set_max_skew'
Slack : 1.504

Type  : Fast vid2 100C Model Max Skew 'set_max_skew'
Slack : 1.504

Type  : Fast vid2 100C Model Max Skew 'set_max_skew'
Slack : 1.505

Type  : Fast vid2 100C Model Max Skew 'set_max_skew'
Slack : 1.505

Type  : Fast vid2 100C Model Max Skew 'set_max_skew'
Slack : 1.507

Type  : Fast vid2 100C Model Max Skew 'set_max_skew'
Slack : 1.507

Type  : Fast vid2 100C Model Max Skew 'set_max_skew'
Slack : 1.518

Type  : Fast vid2 100C Model Max Skew 'set_max_skew'
Slack : 1.522

Type  : Fast vid2 100C Model Max Skew 'set_max_skew'
Slack : 1.539

Type  : Fast vid2 100C Model Max Skew 'set_max_skew'
Slack : 2.058

Type  : Fast vid2 100C Model Max Skew 'set_max_skew'
Slack : 2.090

Type  : Fast vid2 100C Model Max Skew 'set_max_skew'
Slack : 2.103

Type  : Fast vid2 100C Model Max Skew 'set_max_skew'
Slack : 2.111

Type  : Fast vid2 100C Model Max Skew 'set_max_skew'
Slack : 2.113

Type  : Fast vid2 100C Model Max Skew 'set_max_skew'
Slack : 2.126

Type  : Fast vid2 100C Model Max Skew 'set_max_skew'
Slack : 2.136

Type  : Fast vid2 100C Model Max Skew 'set_max_skew'
Slack : 2.142

Type  : Fast vid2 100C Model Max Skew 'set_max_skew'
Slack : 2.146

Type  : Fast vid2 100C Model Max Skew 'set_max_skew'
Slack : 2.197

Type  : Fast vid2 100C Model Max Skew 'set_max_skew'
Slack : 2.200

Type  : Fast vid2 100C Model Max Skew 'set_max_skew'
Slack : 2.206

Type  : Fast vid2 100C Model Max Skew 'set_max_skew'
Slack : 2.895

Type  : Fast vid2 100C Model Max Skew 'set_max_skew'
Slack : 2.905

Type  : Fast vid2 100C Model Max Skew 'set_max_skew'
Slack : 4.817

Type  : Fast vid2 100C Model Max Skew 'set_max_skew'
Slack : 4.848

Type  : Fast vid2 100C Model Max Skew 'set_max_skew'
Slack : 4.884

Type  : Fast vid2 100C Model Max Skew 'set_max_skew'
Slack : 4.886

Type  : Fast vid2 100C Model Max Skew 'set_max_skew'
Slack : 4.890

Type  : Fast vid2 100C Model Max Skew 'set_max_skew'
Slack : 4.898

Type  : Fast vid2 100C Model Max Skew 'set_max_skew'
Slack : 7.523

Type  : Fast vid2 100C Model Max Skew 'set_max_skew'
Slack : 7.599

Type  : Fast vid2 100C Model Max Skew 'set_max_skew'
Slack : 7.599

Type  : Fast vid2 100C Model Max Skew 'set_max_skew'
Slack : 7.612

Type  : Fast vid2 100C Model Max Skew 'set_max_skew'
Slack : 7.612

Type  : Fast vid2 100C Model Max Skew 'set_max_skew'
Slack : 7.616

Type  : Fast vid2 100C Model Max Skew 'set_max_skew'
Slack : 7.648

Type  : Fast vid2 100C Model Max Skew 'set_max_skew'
Slack : 7.687

Type  : Fast vid2 100C Model Max Skew 'set_max_skew'
Slack : 7.689

Type  : Fast vid2 100C Model Max Skew 'set_max_skew'
Slack : 7.693

Type  : Fast vid2 100C Model Max Skew 'set_max_skew'
Slack : 7.693

Type  : Fast vid2 100C Model Max Skew 'set_max_skew'
Slack : 7.698

Type  : Fast vid2 100C Model Max Skew 'set_max_skew'
Slack : 7.716

Type  : Fast vid2 100C Model Max Skew 'set_max_skew'
Slack : 7.718

Type  : Fast vid2 100C Model Max Skew 'set_max_skew'
Slack : 7.726

Type  : Fast vid2 100C Model Max Skew 'set_max_skew'
Slack : 7.727

Type  : Fast vid2 100C Model Max Skew 'set_max_skew'
Slack : 7.732

Type  : Fast vid2 100C Model Max Skew 'set_max_skew'
Slack : 7.732

Type  : Fast vid2 100C Model Max Skew 'set_max_skew'
Slack : 7.741

Type  : Fast vid2 100C Model Max Skew 'set_max_skew'
Slack : 7.741

Type  : Fast vid2 100C Model Max Skew 'set_max_skew'
Slack : 7.761

Type  : Fast vid2 100C Model Max Skew 'set_max_skew'
Slack : 7.761

Type  : Fast vid2 100C Model Max Skew 'set_max_skew'
Slack : 7.768

Type  : Fast vid2 100C Model Max Skew 'set_max_skew'
Slack : 7.770

Type  : Fast vid2 100C Model Max Skew 'set_max_skew'
Slack : 7.775

Type  : Fast vid2 100C Model Max Skew 'set_max_skew'
Slack : 7.781

Type  : Fast vid2 100C Model Max Skew 'set_max_skew'
Slack : 7.783

Type  : Fast vid2 100C Model Max Skew 'set_max_skew'
Slack : 15.593

Type  : Fast vid2 100C Model Max Skew 'set_max_skew'
Slack : 15.690

Type  : Fast vid2 100C Model Max Skew 'set_max_skew'
Slack : 15.700

Type  : Fast vid2 100C Model Max Skew 'set_max_skew'
Slack : 15.701

Type  : Fast vid2 100C Model Max Skew 'set_max_skew'
Slack : 79.749

Type  : Fast vid2 100C Model Max Skew 'set_max_skew'
Slack : 79.760

Type  : Fast vid2 100C Model Max Skew 'set_max_skew'
Slack : 79.797

Type  : Fast vid2 100C Model Max Skew 'set_max_skew'
Slack : 79.811

Type  : Net Delay 'set_net_delay'
Slack : 1.024

Type  : Net Delay 'set_net_delay'
Slack : 1.056

Type  : Net Delay 'set_net_delay'
Slack : 1.091

Type  : Net Delay 'set_net_delay'
Slack : 1.093

Type  : Net Delay 'set_net_delay'
Slack : 1.096

Type  : Net Delay 'set_net_delay'
Slack : 1.097

Type  : Net Delay 'set_net_delay'
Slack : 1.104

Type  : Net Delay 'set_net_delay'
Slack : 1.107

Type  : Net Delay 'set_net_delay'
Slack : 1.108

Type  : Net Delay 'set_net_delay'
Slack : 1.115

Type  : Net Delay 'set_net_delay'
Slack : 1.118

Type  : Net Delay 'set_net_delay'
Slack : 1.118

Type  : Net Delay 'set_net_delay'
Slack : 1.128

Type  : Net Delay 'set_net_delay'
Slack : 1.135

Type  : Net Delay 'set_net_delay'
Slack : 1.140

Type  : Net Delay 'set_net_delay'
Slack : 1.141

Type  : Net Delay 'set_net_delay'
Slack : 1.160

Type  : Net Delay 'set_net_delay'
Slack : 1.179

Type  : Net Delay 'set_net_delay'
Slack : 1.185

Type  : Net Delay 'set_net_delay'
Slack : 1.198

Type  : Net Delay 'set_net_delay'
Slack : 1.199

Type  : Net Delay 'set_net_delay'
Slack : 1.204

Type  : Net Delay 'set_net_delay'
Slack : 1.208

Type  : Net Delay 'set_net_delay'
Slack : 1.215

Type  : Net Delay 'set_net_delay'
Slack : 1.230

Type  : Net Delay 'set_net_delay'
Slack : 1.231

Type  : Net Delay 'set_net_delay'
Slack : 1.232

Type  : Net Delay 'set_net_delay'
Slack : 1.233

Type  : Net Delay 'set_net_delay'
Slack : 1.235

Type  : Net Delay 'set_net_delay'
Slack : 1.236

Type  : Net Delay 'set_net_delay'
Slack : 1.238

Type  : Net Delay 'set_net_delay'
Slack : 1.240

Type  : Net Delay 'set_net_delay'
Slack : 1.245

Type  : Net Delay 'set_net_delay'
Slack : 1.245

Type  : Net Delay 'set_net_delay'
Slack : 1.253

Type  : Net Delay 'set_net_delay'
Slack : 1.257

Type  : Net Delay 'set_net_delay'
Slack : 1.273

Type  : Net Delay 'set_net_delay'
Slack : 1.280

Type  : Net Delay 'set_net_delay'
Slack : 1.301

Type  : Net Delay 'set_net_delay'
Slack : 1.308

Type  : Net Delay 'set_net_delay'
Slack : 1.334

Type  : Net Delay 'set_net_delay'
Slack : 1.338

Type  : Net Delay 'set_net_delay'
Slack : 1.339

Type  : Net Delay 'set_net_delay'
Slack : 1.346

Type  : Net Delay 'set_net_delay'
Slack : 1.348

Type  : Net Delay 'set_net_delay'
Slack : 1.348

Type  : Net Delay 'set_net_delay'
Slack : 1.349

Type  : Net Delay 'set_net_delay'
Slack : 1.377

Type  : Net Delay 'set_net_delay'
Slack : 1.381

Type  : Net Delay 'set_net_delay'
Slack : 1.385

Type  : Net Delay 'set_net_delay'
Slack : 1.391

Type  : Net Delay 'set_net_delay'
Slack : 1.424

Type  : Net Delay 'set_net_delay'
Slack : 1.438

Type  : Net Delay 'set_net_delay'
Slack : 1.439

Type  : Net Delay 'set_net_delay'
Slack : 1.883

Type  : Net Delay 'set_net_delay'
Slack : 1.892

Type  : Net Delay 'set_net_delay'
Slack : 1.904

Type  : Net Delay 'set_net_delay'
Slack : 1.906

Type  : Net Delay 'set_net_delay'
Slack : 1.917

Type  : Net Delay 'set_net_delay'
Slack : 1.934

Type  : Net Delay 'set_net_delay'
Slack : 1.937

Type  : Net Delay 'set_net_delay'
Slack : 1.956

Type  : Net Delay 'set_net_delay'
Slack : 2.030

Type  : Net Delay 'set_net_delay'
Slack : 2.035

Type  : Net Delay 'set_net_delay'
Slack : 2.041

Type  : Net Delay 'set_net_delay'
Slack : 2.045

Type  : Net Delay 'set_net_delay'
Slack : 2.076

Type  : Net Delay 'set_net_delay'
Slack : 2.096

Type  : Net Delay 'set_net_delay'
Slack : 2.125

Type  : Net Delay 'set_net_delay'
Slack : 2.139

Type  : Net Delay 'set_net_delay'
Slack : 2.676

Type  : Net Delay 'set_net_delay'
Slack : 2.687

Type  : Net Delay 'set_net_delay'
Slack : 2.694

Type  : Net Delay 'set_net_delay'
Slack : 2.712

Type  : Net Delay 'set_net_delay'
Slack : 2.725

Type  : Net Delay 'set_net_delay'
Slack : 2.725

Type  : Net Delay 'set_net_delay'
Slack : 7.360

Type  : Net Delay 'set_net_delay'
Slack : 7.374

Type  : Net Delay 'set_net_delay'
Slack : 7.386

Type  : Net Delay 'set_net_delay'
Slack : 7.417

Type  : Net Delay 'set_net_delay'
Slack : 7.420

Type  : Net Delay 'set_net_delay'
Slack : 7.424

Type  : Net Delay 'set_net_delay'
Slack : 7.425

Type  : Net Delay 'set_net_delay'
Slack : 7.428

Type  : Net Delay 'set_net_delay'
Slack : 7.439

Type  : Net Delay 'set_net_delay'
Slack : 7.440

Type  : Net Delay 'set_net_delay'
Slack : 7.441

Type  : Net Delay 'set_net_delay'
Slack : 7.442

Type  : Net Delay 'set_net_delay'
Slack : 7.443

Type  : Net Delay 'set_net_delay'
Slack : 7.443

Type  : Net Delay 'set_net_delay'
Slack : 7.445

Type  : Net Delay 'set_net_delay'
Slack : 7.446

Type  : Net Delay 'set_net_delay'
Slack : 7.451

Type  : Net Delay 'set_net_delay'
Slack : 7.456

Type  : Net Delay 'set_net_delay'
Slack : 7.457

Type  : Net Delay 'set_net_delay'
Slack : 7.459

Type  : Net Delay 'set_net_delay'
Slack : 7.461

Type  : Net Delay 'set_net_delay'
Slack : 7.462

Type  : Net Delay 'set_net_delay'
Slack : 7.464

Type  : Net Delay 'set_net_delay'
Slack : 7.468

Type  : Net Delay 'set_net_delay'
Slack : 7.468

Type  : Net Delay 'set_net_delay'
Slack : 7.468

Type  : Net Delay 'set_net_delay'
Slack : 7.471

Type  : Net Delay 'set_net_delay'
Slack : 7.482

Type  : Net Delay 'set_net_delay'
Slack : 7.502

Type  : Net Delay 'set_net_delay'
Slack : 7.575

Type  : Net Delay 'set_net_delay'
Slack : 7.575

Type  : Net Delay 'set_net_delay'
Slack : 7.577

Type  : Net Delay 'set_net_delay'
Slack : 7.577

Type  : Net Delay 'set_net_delay'
Slack : 7.580

Type  : Net Delay 'set_net_delay'
Slack : 7.585

Type  : Net Delay 'set_net_delay'
Slack : 7.586

Type  : Net Delay 'set_net_delay'
Slack : 7.586

Type  : Net Delay 'set_net_delay'
Slack : 7.588

Type  : Net Delay 'set_net_delay'
Slack : 7.592

Type  : Net Delay 'set_net_delay'
Slack : 7.598

Type  : Net Delay 'set_net_delay'
Slack : 7.618

Type  : Net Delay 'set_net_delay'
Slack : 7.628

Type  : Net Delay 'set_net_delay'
Slack : 7.634

Type  : Net Delay 'set_net_delay'
Slack : 7.635

Type  : Net Delay 'set_net_delay'
Slack : 7.638

Type  : Net Delay 'set_net_delay'
Slack : 7.642

Type  : Net Delay 'set_net_delay'
Slack : 7.646

Type  : Net Delay 'set_net_delay'
Slack : 7.651

Type  : Net Delay 'set_net_delay'
Slack : 7.656

Type  : Net Delay 'set_net_delay'
Slack : 7.663

Type  : Net Delay 'set_net_delay'
Slack : 7.691

Type  : Net Delay 'set_net_delay'
Slack : 7.704

Type  : Net Delay 'set_net_delay'
Slack : 15.382

Type  : Net Delay 'set_net_delay'
Slack : 15.394

Type  : Net Delay 'set_net_delay'
Slack : 15.410

Type  : Net Delay 'set_net_delay'
Slack : 15.422

Type  : Net Delay 'set_net_delay'
Slack : 15.510

Type  : Net Delay 'set_net_delay'
Slack : 15.581

Type  : Net Delay 'set_net_delay'
Slack : 15.613

Type  : Net Delay 'set_net_delay'
Slack : 15.630

Type  : Net Delay 'set_net_delay'
Slack : 79.489

Type  : Net Delay 'set_net_delay'
Slack : 79.497

Type  : Net Delay 'set_net_delay'
Slack : 79.498

Type  : Net Delay 'set_net_delay'
Slack : 79.506

Type  : Net Delay 'set_net_delay'
Slack : 79.637

Type  : Net Delay 'set_net_delay'
Slack : 79.641

Type  : Net Delay 'set_net_delay'
Slack : 79.666

Type  : Net Delay 'set_net_delay'
Slack : 79.690

------------------------------------------------------------
Info: see the "DDR report" for DDR timing results
------------------------------------------------------------
------------------------------------------------------------
