Assembler report for ofs_top
Tue Sep 22 23:23:35 2026
Quartus Prime Version 25.1.0 Build 129 03/26/2025 SC Pro Edition


---------------------
; Table of Contents ;
---------------------
  1. Legal Notice
  2. Assembler Summary
  3. Assembler Settings
  4. Assembler Messages
  5. Assembler Encrypted IP Cores Summary
  6. Assembler Generated Files
  7. Assembler Device Options: ofs_top.sof
  8. Assembler Device Options: ofs_top.static.msf
  9. Assembler Device Options: ofs_top.green_region.pmsf



----------------
; Legal Notice ;
----------------
Copyright (C) 2025  Altera Corporation. All rights reserved.
Your use of Altera Corporation's design tools, logic functions 
and other software and tools, and any partner logic 
functions, and any output files from any of the foregoing 
(including device programming or simulation files), and any 
associated documentation or information are expressly subject 
to the terms and conditions of the Altera Program License 
Subscription Agreement, the Altera Quartus Prime License Agreement,
the Altera IP License Agreement, or other applicable license
agreement, including, without limitation, that your use is for
the sole purpose of programming logic devices manufactured by
Altera and sold by Altera or its authorized distributors.  Please
refer to the Altera Software License Subscription Agreements 
on the Quartus Prime software download page.



+---------------------------------------------------------------+
; Assembler Summary                                             ;
+-----------------------+---------------------------------------+
; Assembler Status      ; Successful - Tue Sep 22 23:23:35 2026 ;
; Revision Name         ; ofs_top                               ;
; Top-level Entity Name ; top                                   ;
; Family                ; Agilex 7                              ;
; Device                ; AGFB027R25A2E2V                       ;
; Timing Models         ; Final                                 ;
; Power Models          ; Final                                 ;
; Device Status         ; Final                                 ;
+-----------------------+---------------------------------------+


+------------------------------------------------------------------------------------------------------------+
; Assembler Settings                                                                                         ;
+------------------------------------------------------------------+--------------------+--------------------+
; Option                                                           ; Setting            ; Default Value      ;
+------------------------------------------------------------------+--------------------+--------------------+
; Enable parallel Assembler and Timing Analyzer during compilation ; On                 ; On                 ;
; Enable compact report table                                      ; Off                ; Off                ;
; Enable Design Assistant in the compilation flow                  ; On                 ; On                 ;
; Design Assistant include IP blocks                               ; Off                ; Off                ;
; High fanout net threshold for RAM inference                      ; 15                 ; 15                 ;
; Design Assistant limit on reported violations per rule           ; 5000               ; 5000               ;
; Device address in PMBus Slave mode                               ; 01                 ; 00                 ;
; Voltage output format                                            ; Linear format      ; Auto discovery     ;
; Linear format N                                                  ; -12                ; 0                  ;
; Enable multi-authority                                           ; On                 ; Off                ;
; Generate compressed bitstreams                                   ; On                 ; On                 ;
; Auto user code                                                   ; On                 ; On                 ;
; Configuration device                                             ; Auto               ; Auto               ;
; Voltage stable delay                                             ; 10                 ; 10                 ;
; FPGA release delay                                               ; 10                 ; 10                 ;
; Initial delay                                                    ; 0                  ; 0                  ;
; Bus speed mode                                                   ; 100 KHz            ; 100 KHz            ;
; Slave device type                                                ; LTM4677            ; LTM4677            ;
; PMBus device 0 slave address                                     ; 00                 ; 00                 ;
; PMBus device 1 slave address                                     ; 00                 ; 00                 ;
; PMBus device 2 slave address                                     ; 00                 ; 00                 ;
; PMBus device 3 slave address                                     ; 00                 ; 00                 ;
; PMBus device 4 slave address                                     ; 00                 ; 00                 ;
; PMBus device 5 slave address                                     ; 00                 ; 00                 ;
; PMBus device 6 slave address                                     ; 00                 ; 00                 ;
; PMBus device 7 slave address                                     ; 00                 ; 00                 ;
; Direct format coefficient m                                      ; 0                  ; 0                  ;
; Direct format coefficient b                                      ; 0                  ; 0                  ;
; Direct format coefficient R                                      ; 0                  ; 0                  ;
; Translated voltage value unit                                    ; Volts              ; Volts              ;
; VID format base voltage in mv                                    ; 0                  ; 0                  ;
; VID format step size in mv                                       ; 0                  ; 0                  ;
; obsolete - Data setup time in nanoseconds                        ; 0                  ; 0                  ;
; obsolete - Data hold time in nanoseconds                         ; 0                  ; 0                  ;
; obsolete - Clock/data fall time in nanoseconds                   ; 0                  ; 0                  ;
; obsolete - Clock/data rise time in nanoseconds                   ; 0                  ; 0                  ;
; Enable PAGE command                                              ; Off                ; Off                ;
; VOUT reading error margin index                                  ; 8                  ; 8                  ;
; Configuration device auto user code                              ; Off                ; Off                ;
; Generate Partial Reconfiguration Raw Binary File (.rbf)          ; On                 ; On                 ;
; HPS/FPGA configuration order                                     ; After INIT_DONE    ; After INIT_DONE    ;
; HPS debug access port (DAP)                                      ; Disabled           ; Disabled           ;
; Enable configuration bitstream encryption                        ; Off                ; Off                ;
; Encryption key storage location                                  ; Battery Backup RAM ; Battery Backup RAM ;
; Encryption update ratio                                          ; 0                  ; 0                  ;
; Enable scrambling                                                ; Off                ; Off                ;
; Allow HPS debug without certificate                              ; Off                ; Off                ;
; Remote system update max retry count                             ; 1                  ; 1                  ;
; Disable JTAG                                                     ; Off                ; Off                ;
; Force SDM clock to internal oscillator                           ; Off                ; Off                ;
; Force encryption key update                                      ; Off                ; Off                ;
; Disable virtual eFuses                                           ; Off                ; Off                ;
; Lock security eFuses                                             ; Off                ; Off                ;
; Disable HPS debug                                                ; Off                ; Off                ;
; Disable encryption key in eFuses                                 ; Off                ; Off                ;
; Disable encryption key in BBRAM                                  ; Off                ; Off                ;
; Disable Intrinsic ID PUF-wrapped encryption key in Quad SPI      ; Off                ; Off                ;
; Enable frequency tamper detection                                ; Off                ; Off                ;
; Enable temperature tamper detection                              ; Off                ; Off                ;
; Enable voltage tamper detection                                  ; Off                ; Off                ;
; Anti-tamper response                                             ; Disabled           ; Disabled           ;
; Frequency tamper detection range                                 ; 35                 ; 35                 ;
; Temperature tamper upper bound                                   ; 110                ; 110                ;
; Temperature tamper lower bound                                   ; -40                ; -40                ;
; Enable VCCL voltage tamper detection                             ; Off                ; Off                ;
; Enable VCCL SDM voltage tamper detection                         ; Off                ; Off                ;
; Voltage tamper detection trigger                                 ; 15                 ; 15                 ;
; VCCL voltage difference in percentage                            ; 0                  ; 0                  ;
; VCCL_SDM voltage difference in percentage                        ; 0                  ; 0                  ;
; Run configuration CPU from internal oscillator                   ; Off                ; Off                ;
; Generate compressed sof                                          ; On                 ; On                 ;
; PAGE command payload                                             ; 255                ; 255                ;
; Enable partial reconfiguration bitstream encryption              ; Off                ; Off                ;
; Enable AliasL1 certificate                                       ; Off                ; Off                ;
; Enable device self-kill                                          ; Off                ; Off                ;
; Enable device self-kill                                          ; Off                ; Off                ;
; Enable device self-kill                                          ; Off                ; Off                ;
; Enable device self-kill                                          ; Off                ; Off                ;
; Generate programming files                                       ; Off                ; Off                ;
; Enable status_byte for polling                                   ; On                 ; On                 ;
+------------------------------------------------------------------+--------------------+--------------------+


+--------------------+
; Assembler Messages ;
+--------------------+
Info: Updating ::env(FME_IFC_ID) from "3bf9c93a-e773-5ec9-b29d-b8472f65fb9a" to "fc4bf1c1-760f-5cd7-8040-b3e86fa0d31e"
Info: Loading PIM-based AFU...
Info: Compiling PR Base revision...
Info: *******************************************************************
Info: Running Quartus Prime Assembler
    Info: Version 25.1.0 Build 129 03/26/2025 SC Pro Edition
    Info: Processing started: Tue Sep 22 23:17:54 2026
    Info: System process ID: 88998
Info: Command: quartus_asm --read_settings_files=on --write_settings_files=off ofs_top -c ofs_top
Info: Using INI file /home/uwb_student00/ahls/new_BSP/work_ia840f_fim_21/syn/board/ia840f/syn_top/quartus.ini
Info (16677): Loading final database.
Info (16734): Loading "final" snapshot for partition "root_partition".
Info (16734): Loading "final" snapshot for partition "green_region".
Info (16734): Loading "final" snapshot for partition "auto_fab_1".
Info (16734): Loading "final" snapshot for partition "auto_fab_0".
Info (16678): Successfully loaded final database: elapsed time is 00:00:15.
Info (20553): Using Static Region Mask Hash 07BA86926A6936EEDEE3EB133FD01B083F398AA77DE9B09660A32DCA21C1BFA8A23D194722EE870199E5B3C845758C93
Info (20553): Using PR Region: ofs_top.green_region Hash 81EBEA2E4ED37D725F716AAE9446596B2840AFC3587588C230B0A21A29BD0022865D75F98657C861DD2E870C0B955B56
Info (20553): Using CVP Hash 0123456789ABCDEF001122334455667788889999AAAABBBBCCCCDDDDEEEEFFFF
Warning (20536): Programming file generation feature has been removed from the compilation flow and the corresponding legacy settings in the Intel Quartus Prime Setting File (.qsf) have been ignored: GENERATE_RBF_FILE. Use Programmer File Generator or Convert Programming File tool to generate a programming file.
Info (19848): Design hash is D82636C708B7DC11E63A691B4F5CD19FFEC347CF96D963CBB03800F5C914A1AB
Info (19848): Keyed hash is F52E80FD7C17C292F9661E61D057A8B2AE02557C401EE3491BB2EEC5FB5EE216
Info: Quartus Prime Assembler was successful. 0 errors, 1 warning
    Info: Peak virtual memory: 18887 megabytes
    Info: Processing ended: Tue Sep 22 23:23:36 2026
    Info: Elapsed time: 00:05:42
    Info: System process ID: 88998


+----------------------------------------------------+
; Assembler Encrypted IP Cores Summary               ;
+------------+------------------------+--------------+
; Vendor     ; IP Core Name           ; License Type ;
+------------+------------------------+--------------+
; Intel FPGA ; Signal Tap (6AF7 BCE1) ; Licensed     ;
; Intel FPGA ; Signal Tap (6AF7 BCEC) ; Licensed     ;
; Intel FPGA ; Unknown (6AF7 FFFF)    ; Licensed     ;
+------------+------------------------+--------------+


+---------------------------------------------------------------------------------------------------------------------+
; Assembler Generated Files                                                                                           ;
+---------------------------------------------------------------------------------------------------------------------+
; File Name                                                                                                           ;
+---------------------------------------------------------------------------------------------------------------------+
; /home/uwb_student00/ahls/new_BSP/work_ia840f_fim_21/syn/board/ia840f/syn_top/output_files/ofs_top.sof               ;
; /home/uwb_student00/ahls/new_BSP/work_ia840f_fim_21/syn/board/ia840f/syn_top/output_files/ofs_top.static.msf        ;
; /home/uwb_student00/ahls/new_BSP/work_ia840f_fim_21/syn/board/ia840f/syn_top/output_files/ofs_top.green_region.pmsf ;
+---------------------------------------------------------------------------------------------------------------------+


+------------------------------------------------------------------------------------+
; Assembler Device Options: ofs_top.sof                                              ;
+----------------+-------------------------------------------------------------------+
; Option         ; Setting                                                           ;
+----------------+-------------------------------------------------------------------+
; JTAG usercode  ; 0xFFFFFFFF                                                        ;
; Checksum       ; 0x76B52551                                                        ;
; Design hash    ; 7743BBFBAEF218ECC1A5A3520204B91736B19B4E492172E975414952238BCF32  ;
+----------------+-------------------------------------------------------------------+


+----------------------------------------------+
; Assembler Device Options: ofs_top.static.msf ;
+--------+-------------------------------------+
; Option ; Setting                             ;
+--------+-------------------------------------+


+------------------------------------------------------------------------------------------------+
; Assembler Device Options: ofs_top.green_region.pmsf                                            ;
+------------------+-----------------------------------------------------------------------------+
; Option           ; Setting                                                                     ;
+------------------+-----------------------------------------------------------------------------+
; PR bitstream ID  ; 0x01000000:DCC216259E7B153B06FB42FDF04A61B7965A836406617333AAD17B3E2C1B1B0D ;
; Design hash      ; D82636C708B7DC11E63A691B4F5CD19FFEC347CF96D963CBB03800F5C914A1AB            ;
+------------------+-----------------------------------------------------------------------------+


