Fitter Retime Stage Report for ofs_top
Tue Sep 22 23:06:52 2026
Quartus Prime Version 25.1.0 Build 129 03/26/2025 SC Pro Edition


---------------------
; Table of Contents ;
---------------------
  1. Legal Notice
  2. Hyper-Retimer Settings
  3. Reset Sequence Requirement
  4. Retiming Limit Summary
  5. Critical Chain Summary for Clock Domain afu_top|pg_afu.port_gasket|user_clock|qph_user_clk|pll.qph_user_clk_iopll|iopll_0_outclk1
  6. Clock Domain sys_pll|iopll_0_clk_sys (Meets timing requirements: No further analysis performed.)
  7. Clock Domain pcie_wrapper|pcie_ss.top|host_pcie.pcie_ss|pcie_ss|gen_ptile.u_ptile|intel_pcie_ptile_ast_qhip|inst|inst|maib_and_tile|xcvr_hip_native|rx_ch15 (Meets timing requirements: No further analysis performed.)
  8. Transfer from local_mem_wrapper|mem_ss_top|mem_ss_sv|mem_ss|mem_ss|emif_1|emif_1_core_usr_clk to local_mem_wrapper|mem_ss_top|mem_ss_sv|mem_ss|mem_ss|emif_1|emif_1_phy_clk_l_0 (Meets timing requirements: No further analysis performed.)
  9. Transfer from local_mem_wrapper|mem_ss_top|mem_ss_sv|mem_ss|mem_ss|emif_0|emif_0_core_usr_clk to local_mem_wrapper|mem_ss_top|mem_ss_sv|mem_ss|mem_ss|emif_0|emif_0_phy_clk_l_0 (Meets timing requirements: No further analysis performed.)
 10. Clock Domain afu_top|pg_afu.port_gasket|user_clock|qph_user_clk|pll.qph_user_clk_iopll|iopll_0_outclk0 (Meets timing requirements: No further analysis performed.)
 11. Clock Domain local_mem_wrapper|mem_ss_top|mem_ss_sv|mem_ss|mem_ss|emif_1|emif_1_core_usr_clk (Meets timing requirements: No further analysis performed.)
 12. Clock Domain local_mem_wrapper|mem_ss_top|mem_ss_sv|mem_ss|mem_ss|emif_0|emif_0_core_usr_clk (Meets timing requirements: No further analysis performed.)
 13. Clock Domain sys_pll|iopll_0_clk_100m (Meets timing requirements: No further analysis performed.)
 14. Transfer from local_mem_wrapper|mem_ss_top|mem_ss_sv|mem_ss|mem_ss|emif_1|emif_1_phy_clk_l_0 to local_mem_wrapper|mem_ss_top|mem_ss_sv|mem_ss|mem_ss|emif_1|emif_1_core_usr_clk (Meets timing requirements: No further analysis performed.)
 15. Transfer from local_mem_wrapper|mem_ss_top|mem_ss_sv|mem_ss|mem_ss|emif_0|emif_0_phy_clk_l_0 to local_mem_wrapper|mem_ss_top|mem_ss_sv|mem_ss|mem_ss|emif_0|emif_0_core_usr_clk (Meets timing requirements: No further analysis performed.)
 16. Clock Domain altera_int_osc_clk (Meets timing requirements: No further analysis performed.)
 17. Transfer from local_mem_wrapper|mem_ss_top|mem_ss_sv|mem_ss|mem_ss|emif_0|emif_0_core_usr_clk to local_mem_wrapper|mem_ss_top|mem_ss_sv|mem_ss|mem_ss|emif_0|emif_0_phy_clk_0 (Meets timing requirements: No further analysis performed.)
 18. Transfer from local_mem_wrapper|mem_ss_top|mem_ss_sv|mem_ss|mem_ss|emif_1|emif_1_core_usr_clk to local_mem_wrapper|mem_ss_top|mem_ss_sv|mem_ss|mem_ss|emif_1|emif_1_phy_clk_0 (Meets timing requirements: No further analysis performed.)
 19. Clock Domain sys_pll|iopll_0_clk_sys_div2 (Meets timing requirements: No further analysis performed.)
 20. Clock Domain sys_pll|iopll_0_clk_sys_div4 (Meets timing requirements: No further analysis performed.)
 21. Transfer from local_mem_wrapper|mem_ss_top|mem_ss_sv|mem_ss|mem_ss|emif_0|emif_0_phy_clk_0 to local_mem_wrapper|mem_ss_top|mem_ss_sv|mem_ss|mem_ss|emif_0|emif_0_core_usr_clk (Meets timing requirements: No further analysis performed.)
 22. Clock Domain pcie_wrapper|pcie_ss.top|host_pcie.pcie_ss|pcie_ss|avmm_clock0 (Meets timing requirements: No further analysis performed.)
 23. Transfer from local_mem_wrapper|mem_ss_top|mem_ss_sv|mem_ss|mem_ss|emif_1|emif_1_phy_clk_0 to local_mem_wrapper|mem_ss_top|mem_ss_sv|mem_ss|mem_ss|emif_1|emif_1_core_usr_clk (Meets timing requirements: No further analysis performed.)
 24. Transfer from local_mem_wrapper|mem_ss_top|mem_ss_sv|mem_ss|mem_ss|emif_0|emif_0_ref_clock to local_mem_wrapper|mem_ss_top|mem_ss_sv|mem_ss|mem_ss|emif_0|emif_0_core_usr_clk (Meets timing requirements: No further analysis performed.)
 25. Transfer from local_mem_wrapper|mem_ss_top|mem_ss_sv|mem_ss|mem_ss|emif_0|emif_0_ref_clock to local_mem_wrapper|mem_ss_top|mem_ss_sv|mem_ss|mem_ss|emif_1|emif_1_core_usr_clk (Meets timing requirements: No further analysis performed.)
 26. Clock Domain local_mem_wrapper|mem_ss_top|mem_ss_sv|mem_ss|mem_ss|emif_0|emif_0_ref_clock (Meets timing requirements: No further analysis performed.)
 27. Clock Domain altera_reserved_tck (Meets timing requirements: No further analysis performed.)
 28. Transfer from sys_pll|iopll_0_clk_100m to altera_int_osc_clk (Meets timing requirements: No further analysis performed.)
 29. Transfer from altera_int_osc_clk to sys_pll|iopll_0_clk_100m (Meets timing requirements: No further analysis performed.)
 30. Clock Domain bwbmc_fpga_max_sclk (Meets timing requirements: No further analysis performed.)
 31. Transfer from local_mem_wrapper|mem_ss_top|mem_ss_sv|mem_ss|mem_ss|emif_0|emif_0_core_usr_clk to local_mem_wrapper|mem_ss_top|mem_ss_sv|mem_ss|mem_ss|emif_0|emif_0_ref_clock (Meets timing requirements: No further analysis performed.)
 32. Transfer from local_mem_wrapper|mem_ss_top|mem_ss_sv|mem_ss|mem_ss|emif_1|emif_1_core_usr_clk to local_mem_wrapper|mem_ss_top|mem_ss_sv|mem_ss|mem_ss|emif_0|emif_0_ref_clock (Meets timing requirements: No further analysis performed.)
 33. Transfer from afu_top|pg_afu.port_gasket|user_clock|qph_user_clk|pll.qph_user_clk_iopll|iopll_0_outclk1 to local_mem_wrapper|mem_ss_top|mem_ss_sv|mem_ss|mem_ss|emif_1|emif_1_core_usr_clk (Meets timing requirements: No further analysis performed.)
 34. Transfer from afu_top|pg_afu.port_gasket|user_clock|qph_user_clk|pll.qph_user_clk_iopll|iopll_0_outclk1 to local_mem_wrapper|mem_ss_top|mem_ss_sv|mem_ss|mem_ss|emif_0|emif_0_core_usr_clk (Meets timing requirements: No further analysis performed.)
 35. Transfer from local_mem_wrapper|mem_ss_top|mem_ss_sv|mem_ss|mem_ss|emif_1|emif_1_core_usr_clk to afu_top|pg_afu.port_gasket|user_clock|qph_user_clk|pll.qph_user_clk_iopll|iopll_0_outclk1 (Meets timing requirements: No further analysis performed.)
 36. Transfer from local_mem_wrapper|mem_ss_top|mem_ss_sv|mem_ss|mem_ss|emif_0|emif_0_core_usr_clk to afu_top|pg_afu.port_gasket|user_clock|qph_user_clk|pll.qph_user_clk_iopll|iopll_0_outclk1 (Meets timing requirements: No further analysis performed.)
 37. Hyper-Retimer INI Usage
 38. Retime Messages



----------------
; Legal Notice ;
----------------
Copyright (C) 2025  Altera Corporation. All rights reserved.
Your use of Altera Corporation's design tools, logic functions 
and other software and tools, and any partner logic 
functions, and any output files from any of the foregoing 
(including device programming or simulation files), and any 
associated documentation or information are expressly subject 
to the terms and conditions of the Altera Program License 
Subscription Agreement, the Altera Quartus Prime License Agreement,
the Altera IP License Agreement, or other applicable license
agreement, including, without limitation, that your use is for
the sole purpose of programming logic devices manufactured by
Altera and sold by Altera or its authorized distributors.  Please
refer to the Altera Software License Subscription Agreements 
on the Quartus Prime software download page.



+--------------------------------------------------+
; Hyper-Retimer Settings                           ;
+------------------------+---------+---------------+
; Option                 ; Setting ; Default Value ;
+------------------------+---------+---------------+
; Enable Auto-Pipelining ; On      ; On            ;
+------------------------+---------+---------------+


+-------------------------------------------------------------------------------------------------------------------------------------------------------------------------------+
; Reset Sequence Requirement                                                                                                                                                    ;
+-------------------------------------------------------------------------------------------------------------------------------------------------+-----------------------------+
; Clock Name                                                                                                                                      ; Number of additional cycles ;
+-------------------------------------------------------------------------------------------------------------------------------------------------+-----------------------------+
; sys_pll|iopll_0_refclk                                                                                                                          ; 0                           ;
; sys_pll|iopll_0_n_cnt_clk                                                                                                                       ; 0                           ;
; sys_pll|iopll_0_m_cnt_clk                                                                                                                       ; 0                           ;
; sys_pll|iopll_0_clk_sys                                                                                                                         ; 4                           ;
; sys_pll|iopll_0_clk_100m                                                                                                                        ; 2                           ;
; sys_pll|iopll_0_clk_sys_div2                                                                                                                    ; 0                           ;
; sys_pll|iopll_0_clk_sys_div4                                                                                                                    ; 0                           ;
; afu_top|pg_afu.port_gasket|user_clock|qph_user_clk|pll.qph_user_clk_iopll|iopll_0_n_cnt_clk                                                     ; 0                           ;
; afu_top|pg_afu.port_gasket|user_clock|qph_user_clk|pll.qph_user_clk_iopll|iopll_0_m_cnt_clk                                                     ; 0                           ;
; afu_top|pg_afu.port_gasket|user_clock|qph_user_clk|pll.qph_user_clk_iopll|iopll_0_outclk0                                                       ; 0                           ;
; afu_top|pg_afu.port_gasket|user_clock|qph_user_clk|pll.qph_user_clk_iopll|iopll_0_outclk1                                                       ; 3                           ;
; pcie_wrapper|pcie_ss.top|host_pcie.pcie_ss|pcie_ss|gen_ptile.u_ptile|intel_pcie_ptile_ast_qhip|inst|inst|maib_and_tile|rx_pma_parallel_clk|ch15 ; 0                           ;
; pcie_wrapper|pcie_ss.top|host_pcie.pcie_ss|pcie_ss|gen_ptile.u_ptile|intel_pcie_ptile_ast_qhip|inst|inst|maib_and_tile|rx_pcs_x2_clk|ch15       ; 0                           ;
; pcie_wrapper|pcie_ss.top|host_pcie.pcie_ss|pcie_ss|gen_ptile.u_ptile|intel_pcie_ptile_ast_qhip|inst|inst|maib_and_tile|xcvr_hip_native|rx_ch15  ; 3                           ;
; local_mem_wrapper|mem_ss_top|mem_ss_sv|mem_ss|mem_ss|emif_1|emif_1_ref_clock                                                                    ; 0                           ;
; local_mem_wrapper|mem_ss_top|mem_ss_sv|mem_ss|mem_ss|emif_1|emif_1_vco_clk                                                                      ; 0                           ;
; local_mem_wrapper|mem_ss_top|mem_ss_sv|mem_ss|mem_ss|emif_1|emif_1_vco_clk_1                                                                    ; 0                           ;
; local_mem_wrapper|mem_ss_top|mem_ss_sv|mem_ss|mem_ss|emif_1|emif_1_vco_clk_2                                                                    ; 0                           ;
; local_mem_wrapper|mem_ss_top|mem_ss_sv|mem_ss|mem_ss|emif_1|emif_1_core_usr_clk                                                                 ; 0                           ;
; local_mem_wrapper|mem_ss_top|mem_ss_sv|mem_ss|mem_ss|emif_1|emif_1_phy_clk_0                                                                    ; 0                           ;
; local_mem_wrapper|mem_ss_top|mem_ss_sv|mem_ss|mem_ss|emif_1|emif_1_phy_clk_1                                                                    ; 0                           ;
; local_mem_wrapper|mem_ss_top|mem_ss_sv|mem_ss|mem_ss|emif_1|emif_1_phy_clk_2                                                                    ; 0                           ;
; local_mem_wrapper|mem_ss_top|mem_ss_sv|mem_ss|mem_ss|emif_1|emif_1_phy_clk_l_0                                                                  ; 0                           ;
; local_mem_wrapper|mem_ss_top|mem_ss_sv|mem_ss|mem_ss|emif_1|emif_1_phy_clk_l_1                                                                  ; 0                           ;
; local_mem_wrapper|mem_ss_top|mem_ss_sv|mem_ss|mem_ss|emif_1|emif_1_phy_clk_l_2                                                                  ; 0                           ;
; local_mem_wrapper|mem_ss_top|mem_ss_sv|mem_ss|mem_ss|emif_1|emif_1_wf_clk_0                                                                     ; 0                           ;
; local_mem_wrapper|mem_ss_top|mem_ss_sv|mem_ss|mem_ss|emif_1|emif_1_wf_clk_1                                                                     ; 0                           ;
; local_mem_wrapper|mem_ss_top|mem_ss_sv|mem_ss|mem_ss|emif_1|emif_1_wf_clk_2                                                                     ; 0                           ;
; local_mem_wrapper|mem_ss_top|mem_ss_sv|mem_ss|mem_ss|emif_1|emif_1_wf_clk_3                                                                     ; 0                           ;
; local_mem_wrapper|mem_ss_top|mem_ss_sv|mem_ss|mem_ss|emif_1|emif_1_wf_clk_4                                                                     ; 0                           ;
; local_mem_wrapper|mem_ss_top|mem_ss_sv|mem_ss|mem_ss|emif_1|emif_1_wf_clk_5                                                                     ; 0                           ;
; local_mem_wrapper|mem_ss_top|mem_ss_sv|mem_ss|mem_ss|emif_1|emif_1_wf_clk_6                                                                     ; 0                           ;
; local_mem_wrapper|mem_ss_top|mem_ss_sv|mem_ss|mem_ss|emif_1|emif_1_wf_clk_7                                                                     ; 0                           ;
; local_mem_wrapper|mem_ss_top|mem_ss_sv|mem_ss|mem_ss|emif_1|emif_1_wf_clk_8                                                                     ; 0                           ;
; local_mem_wrapper|mem_ss_top|mem_ss_sv|mem_ss|mem_ss|emif_1|emif_1_wf_clk_9                                                                     ; 0                           ;
; local_mem_wrapper|mem_ss_top|mem_ss_sv|mem_ss|mem_ss|emif_1|emif_1_wf_clk_10                                                                    ; 0                           ;
; ddr4_mem[1].dqs[0]_IN                                                                                                                           ; 0                           ;
; ddr4_mem[1].dqs[1]_IN                                                                                                                           ; 0                           ;
; ddr4_mem[1].dqs[2]_IN                                                                                                                           ; 0                           ;
; ddr4_mem[1].dqs[3]_IN                                                                                                                           ; 0                           ;
; ddr4_mem[1].dqs[4]_IN                                                                                                                           ; 0                           ;
; ddr4_mem[1].dqs[5]_IN                                                                                                                           ; 0                           ;
; ddr4_mem[1].dqs[6]_IN                                                                                                                           ; 0                           ;
; ddr4_mem[1].dqs[7]_IN                                                                                                                           ; 0                           ;
; local_mem_wrapper|mem_ss_top|mem_ss_sv|mem_ss|mem_ss|emif_0|emif_0_ref_clock                                                                    ; 0                           ;
; local_mem_wrapper|mem_ss_top|mem_ss_sv|mem_ss|mem_ss|emif_0|emif_0_vco_clk                                                                      ; 0                           ;
; local_mem_wrapper|mem_ss_top|mem_ss_sv|mem_ss|mem_ss|emif_0|emif_0_vco_clk_1                                                                    ; 0                           ;
; local_mem_wrapper|mem_ss_top|mem_ss_sv|mem_ss|mem_ss|emif_0|emif_0_vco_clk_2                                                                    ; 0                           ;
; local_mem_wrapper|mem_ss_top|mem_ss_sv|mem_ss|mem_ss|emif_0|emif_0_core_usr_clk                                                                 ; 0                           ;
; local_mem_wrapper|mem_ss_top|mem_ss_sv|mem_ss|mem_ss|emif_0|emif_0_phy_clk_0                                                                    ; 0                           ;
; local_mem_wrapper|mem_ss_top|mem_ss_sv|mem_ss|mem_ss|emif_0|emif_0_phy_clk_1                                                                    ; 0                           ;
; local_mem_wrapper|mem_ss_top|mem_ss_sv|mem_ss|mem_ss|emif_0|emif_0_phy_clk_2                                                                    ; 0                           ;
; local_mem_wrapper|mem_ss_top|mem_ss_sv|mem_ss|mem_ss|emif_0|emif_0_phy_clk_l_0                                                                  ; 0                           ;
; local_mem_wrapper|mem_ss_top|mem_ss_sv|mem_ss|mem_ss|emif_0|emif_0_phy_clk_l_1                                                                  ; 0                           ;
; local_mem_wrapper|mem_ss_top|mem_ss_sv|mem_ss|mem_ss|emif_0|emif_0_phy_clk_l_2                                                                  ; 0                           ;
; local_mem_wrapper|mem_ss_top|mem_ss_sv|mem_ss|mem_ss|emif_0|emif_0_wf_clk_0                                                                     ; 0                           ;
; local_mem_wrapper|mem_ss_top|mem_ss_sv|mem_ss|mem_ss|emif_0|emif_0_wf_clk_1                                                                     ; 0                           ;
; local_mem_wrapper|mem_ss_top|mem_ss_sv|mem_ss|mem_ss|emif_0|emif_0_wf_clk_2                                                                     ; 0                           ;
; local_mem_wrapper|mem_ss_top|mem_ss_sv|mem_ss|mem_ss|emif_0|emif_0_wf_clk_3                                                                     ; 0                           ;
; local_mem_wrapper|mem_ss_top|mem_ss_sv|mem_ss|mem_ss|emif_0|emif_0_wf_clk_4                                                                     ; 0                           ;
; local_mem_wrapper|mem_ss_top|mem_ss_sv|mem_ss|mem_ss|emif_0|emif_0_wf_clk_5                                                                     ; 0                           ;
; local_mem_wrapper|mem_ss_top|mem_ss_sv|mem_ss|mem_ss|emif_0|emif_0_wf_clk_6                                                                     ; 0                           ;
; local_mem_wrapper|mem_ss_top|mem_ss_sv|mem_ss|mem_ss|emif_0|emif_0_wf_clk_7                                                                     ; 0                           ;
; local_mem_wrapper|mem_ss_top|mem_ss_sv|mem_ss|mem_ss|emif_0|emif_0_wf_clk_8                                                                     ; 0                           ;
; local_mem_wrapper|mem_ss_top|mem_ss_sv|mem_ss|mem_ss|emif_0|emif_0_wf_clk_9                                                                     ; 0                           ;
; local_mem_wrapper|mem_ss_top|mem_ss_sv|mem_ss|mem_ss|emif_0|emif_0_wf_clk_10                                                                    ; 0                           ;
; ddr4_mem[0].dqs[0]_IN                                                                                                                           ; 0                           ;
; ddr4_mem[0].dqs[1]_IN                                                                                                                           ; 0                           ;
; ddr4_mem[0].dqs[2]_IN                                                                                                                           ; 0                           ;
; ddr4_mem[0].dqs[3]_IN                                                                                                                           ; 0                           ;
; ddr4_mem[0].dqs[4]_IN                                                                                                                           ; 0                           ;
; ddr4_mem[0].dqs[5]_IN                                                                                                                           ; 0                           ;
; ddr4_mem[0].dqs[6]_IN                                                                                                                           ; 0                           ;
; ddr4_mem[0].dqs[7]_IN                                                                                                                           ; 0                           ;
; PCIE_REFCLK0                                                                                                                                    ; 0                           ;
; PCIE_REFCLK1                                                                                                                                    ; 0                           ;
; altera_reserved_tck                                                                                                                             ; 0                           ;
; pcie_wrapper|pcie_ss.top|host_pcie.pcie_ss|pcie_ss|avmm_clock0                                                                                  ; 0                           ;
; qsfp_ref_clk                                                                                                                                    ; 0                           ;
; bwbmc_fpga_max_sclk                                                                                                                             ; 0                           ;
; altera_int_osc_clk                                                                                                                              ; 0                           ;
+-------------------------------------------------------------------------------------------------------------------------------------------------+-----------------------------+
Note: Due to retiming optimizations, a clock domain may require a longer reset sequence to ensure correct functionality.  The table above indicates the minimum number of additional reset sequence cycles needed for each clock domain.


+--------------------------------------------------------------------------------------------------------------------------------------------------------------------------------------------------------------------------------------------------------------------------------------------------------------------------------------------------------------------------------------------+
; Retiming Limit Summary                                                                                                                                                                                                                                                                                                                                                                     ;
+--------------------------------------------------------------------------------------------------------------------------------------------------------------------------------------------+-----------------------------------------------------------+-----------------------------------------------------------------------------------------------------------------------------------+
; Clock Transfer                                                                                                                                                                             ; Limiting Reason                                           ; Recommendation                                                                                                                    ;
+--------------------------------------------------------------------------------------------------------------------------------------------------------------------------------------------+-----------------------------------------------------------+-----------------------------------------------------------------------------------------------------------------------------------+
; Clock Domain afu_top|pg_afu.port_gasket|user_clock|qph_user_clk|pll.qph_user_clk_iopll|iopll_0_outclk1                                                                                     ; Retiming Dependency Loop                                  ; See the Fast Forward Timing Closure Recommendations report for step-by-step suggestions for RTL changes and estimated performance ;
; Clock Domain sys_pll|iopll_0_clk_sys                                                                                                                                                       ; Meets timing requirements: No further analysis performed. ; None                                                                                                                              ;
; Clock Domain pcie_wrapper|pcie_ss.top|host_pcie.pcie_ss|pcie_ss|gen_ptile.u_ptile|intel_pcie_ptile_ast_qhip|inst|inst|maib_and_tile|xcvr_hip_native|rx_ch15                                ; Meets timing requirements: No further analysis performed. ; None                                                                                                                              ;
; Transfer from local_mem_wrapper|mem_ss_top|mem_ss_sv|mem_ss|mem_ss|emif_1|emif_1_core_usr_clk to local_mem_wrapper|mem_ss_top|mem_ss_sv|mem_ss|mem_ss|emif_1|emif_1_phy_clk_l_0            ; Meets timing requirements: No further analysis performed. ; None                                                                                                                              ;
; Transfer from local_mem_wrapper|mem_ss_top|mem_ss_sv|mem_ss|mem_ss|emif_0|emif_0_core_usr_clk to local_mem_wrapper|mem_ss_top|mem_ss_sv|mem_ss|mem_ss|emif_0|emif_0_phy_clk_l_0            ; Meets timing requirements: No further analysis performed. ; None                                                                                                                              ;
; Clock Domain afu_top|pg_afu.port_gasket|user_clock|qph_user_clk|pll.qph_user_clk_iopll|iopll_0_outclk0                                                                                     ; Meets timing requirements: No further analysis performed. ; None                                                                                                                              ;
; Clock Domain local_mem_wrapper|mem_ss_top|mem_ss_sv|mem_ss|mem_ss|emif_1|emif_1_core_usr_clk                                                                                               ; Meets timing requirements: No further analysis performed. ; None                                                                                                                              ;
; Clock Domain local_mem_wrapper|mem_ss_top|mem_ss_sv|mem_ss|mem_ss|emif_0|emif_0_core_usr_clk                                                                                               ; Meets timing requirements: No further analysis performed. ; None                                                                                                                              ;
; Clock Domain sys_pll|iopll_0_clk_100m                                                                                                                                                      ; Meets timing requirements: No further analysis performed. ; None                                                                                                                              ;
; Transfer from local_mem_wrapper|mem_ss_top|mem_ss_sv|mem_ss|mem_ss|emif_1|emif_1_phy_clk_l_0 to local_mem_wrapper|mem_ss_top|mem_ss_sv|mem_ss|mem_ss|emif_1|emif_1_core_usr_clk            ; Meets timing requirements: No further analysis performed. ; None                                                                                                                              ;
; Transfer from local_mem_wrapper|mem_ss_top|mem_ss_sv|mem_ss|mem_ss|emif_0|emif_0_phy_clk_l_0 to local_mem_wrapper|mem_ss_top|mem_ss_sv|mem_ss|mem_ss|emif_0|emif_0_core_usr_clk            ; Meets timing requirements: No further analysis performed. ; None                                                                                                                              ;
; Clock Domain altera_int_osc_clk                                                                                                                                                            ; Meets timing requirements: No further analysis performed. ; None                                                                                                                              ;
; Transfer from local_mem_wrapper|mem_ss_top|mem_ss_sv|mem_ss|mem_ss|emif_0|emif_0_core_usr_clk to local_mem_wrapper|mem_ss_top|mem_ss_sv|mem_ss|mem_ss|emif_0|emif_0_phy_clk_0              ; Meets timing requirements: No further analysis performed. ; None                                                                                                                              ;
; Transfer from local_mem_wrapper|mem_ss_top|mem_ss_sv|mem_ss|mem_ss|emif_1|emif_1_core_usr_clk to local_mem_wrapper|mem_ss_top|mem_ss_sv|mem_ss|mem_ss|emif_1|emif_1_phy_clk_0              ; Meets timing requirements: No further analysis performed. ; None                                                                                                                              ;
; Clock Domain sys_pll|iopll_0_clk_sys_div2                                                                                                                                                  ; Meets timing requirements: No further analysis performed. ; None                                                                                                                              ;
; Clock Domain sys_pll|iopll_0_clk_sys_div4                                                                                                                                                  ; Meets timing requirements: No further analysis performed. ; None                                                                                                                              ;
; Transfer from local_mem_wrapper|mem_ss_top|mem_ss_sv|mem_ss|mem_ss|emif_0|emif_0_phy_clk_0 to local_mem_wrapper|mem_ss_top|mem_ss_sv|mem_ss|mem_ss|emif_0|emif_0_core_usr_clk              ; Meets timing requirements: No further analysis performed. ; None                                                                                                                              ;
; Clock Domain pcie_wrapper|pcie_ss.top|host_pcie.pcie_ss|pcie_ss|avmm_clock0                                                                                                                ; Meets timing requirements: No further analysis performed. ; None                                                                                                                              ;
; Transfer from local_mem_wrapper|mem_ss_top|mem_ss_sv|mem_ss|mem_ss|emif_1|emif_1_phy_clk_0 to local_mem_wrapper|mem_ss_top|mem_ss_sv|mem_ss|mem_ss|emif_1|emif_1_core_usr_clk              ; Meets timing requirements: No further analysis performed. ; None                                                                                                                              ;
; Transfer from local_mem_wrapper|mem_ss_top|mem_ss_sv|mem_ss|mem_ss|emif_0|emif_0_ref_clock to local_mem_wrapper|mem_ss_top|mem_ss_sv|mem_ss|mem_ss|emif_0|emif_0_core_usr_clk              ; Meets timing requirements: No further analysis performed. ; None                                                                                                                              ;
; Transfer from local_mem_wrapper|mem_ss_top|mem_ss_sv|mem_ss|mem_ss|emif_0|emif_0_ref_clock to local_mem_wrapper|mem_ss_top|mem_ss_sv|mem_ss|mem_ss|emif_1|emif_1_core_usr_clk              ; Meets timing requirements: No further analysis performed. ; None                                                                                                                              ;
; Clock Domain local_mem_wrapper|mem_ss_top|mem_ss_sv|mem_ss|mem_ss|emif_0|emif_0_ref_clock                                                                                                  ; Meets timing requirements: No further analysis performed. ; None                                                                                                                              ;
; Clock Domain altera_reserved_tck                                                                                                                                                           ; Meets timing requirements: No further analysis performed. ; None                                                                                                                              ;
; Transfer from sys_pll|iopll_0_clk_100m to altera_int_osc_clk                                                                                                                               ; Meets timing requirements: No further analysis performed. ; None                                                                                                                              ;
; Transfer from altera_int_osc_clk to sys_pll|iopll_0_clk_100m                                                                                                                               ; Meets timing requirements: No further analysis performed. ; None                                                                                                                              ;
; Clock Domain bwbmc_fpga_max_sclk                                                                                                                                                           ; Meets timing requirements: No further analysis performed. ; None                                                                                                                              ;
; Transfer from local_mem_wrapper|mem_ss_top|mem_ss_sv|mem_ss|mem_ss|emif_0|emif_0_core_usr_clk to local_mem_wrapper|mem_ss_top|mem_ss_sv|mem_ss|mem_ss|emif_0|emif_0_ref_clock              ; Meets timing requirements: No further analysis performed. ; None                                                                                                                              ;
; Transfer from local_mem_wrapper|mem_ss_top|mem_ss_sv|mem_ss|mem_ss|emif_1|emif_1_core_usr_clk to local_mem_wrapper|mem_ss_top|mem_ss_sv|mem_ss|mem_ss|emif_0|emif_0_ref_clock              ; Meets timing requirements: No further analysis performed. ; None                                                                                                                              ;
; Transfer from afu_top|pg_afu.port_gasket|user_clock|qph_user_clk|pll.qph_user_clk_iopll|iopll_0_outclk1 to local_mem_wrapper|mem_ss_top|mem_ss_sv|mem_ss|mem_ss|emif_1|emif_1_core_usr_clk ; Meets timing requirements: No further analysis performed. ; None                                                                                                                              ;
; Transfer from afu_top|pg_afu.port_gasket|user_clock|qph_user_clk|pll.qph_user_clk_iopll|iopll_0_outclk1 to local_mem_wrapper|mem_ss_top|mem_ss_sv|mem_ss|mem_ss|emif_0|emif_0_core_usr_clk ; Meets timing requirements: No further analysis performed. ; None                                                                                                                              ;
; Transfer from local_mem_wrapper|mem_ss_top|mem_ss_sv|mem_ss|mem_ss|emif_1|emif_1_core_usr_clk to afu_top|pg_afu.port_gasket|user_clock|qph_user_clk|pll.qph_user_clk_iopll|iopll_0_outclk1 ; Meets timing requirements: No further analysis performed. ; None                                                                                                                              ;
; Transfer from local_mem_wrapper|mem_ss_top|mem_ss_sv|mem_ss|mem_ss|emif_0|emif_0_core_usr_clk to afu_top|pg_afu.port_gasket|user_clock|qph_user_clk|pll.qph_user_clk_iopll|iopll_0_outclk1 ; Meets timing requirements: No further analysis performed. ; None                                                                                                                              ;
+--------------------------------------------------------------------------------------------------------------------------------------------------------------------------------------------+-----------------------------------------------------------+-----------------------------------------------------------------------------------------------------------------------------------+


Critical Chain Summary for Clock Domain afu_top|pg_afu.port_gasket|user_clock|qph_user_clk|pll.qph_user_clk_iopll|iopll_0_outclk1
===============================================================================
+-----------------------------------------------------------------------------------------------------------------------------------------------------------------------------------------------------------------------+
; Recommendations for Critical Chain                                                                                                                                                                                    ;
+-----------------------------------------------------------------------------------------------------------------------------------------------------------------------------------------------------------------------+
; Recommendation                                                                                                                                                                                                        ;
+-----------------------------------------------------------------------------------------------------------------------------------------------------------------------------------------------------------------------+
; The critical chain is limited by: Retiming Dependency Loop                                                                                                                                                            ;
;                                                                                                                                                                                                                       ;
; The critical chain has some retiming dependencies that restrict retiming.                                                                                                                                             ;
;    Reduce the delay of 'Long Paths' in the chain                                                                                                                                                                      ;
;   or insert more pipeline stages for 'Long Paths' in the chain.                                                                                                                                                       ;
;   See the 'Critical Chain Details' table for more information                                                                                                                                                         ;
;    Refer to <a href='https://www.intel.com/content/www/us/en/docs/programmable/683353/current/loops.html'>Loops</a> in the <i>Intel Hyperflex Architecture High-Performance Design Handbook</i> for more information. ;
+-----------------------------------------------------------------------------------------------------------------------------------------------------------------------------------------------------------------------+

+--------------------------------------------------------------------------------------------------------------------------------------------------------------------------------------------------------------------------------------------------------------------------------------------------------+
; Critical Chain Details                                                                                                                                                                                                                                                                                 ;
+--------------------------+-------------------------+-------------+-------------------------------------------------------------------------------------------------------------------------------------------------------------------------------------------------------------------------------------+
; Path Info                ; Register                ; Register ID ; Element                                                                                                                                                                                                                             ;
+--------------------------+-------------------------+-------------+-------------------------------------------------------------------------------------------------------------------------------------------------------------------------------------------------------------------------------------+
; Extend to locatable node ; Hyper-Register          ; #1          ; afu_top|pg_afu.port_gasket|pr_slot|afu_main|port_afu_instances|ofs_plat_afu|ahls_binding|board|primary_avalon|cc.reg_mmio|conn_reg|r|regs.p[1].bridge|i214~1_BLOCK_INPUT_MUX_PASSTHROUGH_X152_Y74_N0_I12_dff                        ;
; Extend to locatable node ;                         ;             ; afu_top|pg_afu.port_gasket|pr_slot|afu_main|port_afu_instances|ofs_plat_afu|ahls_binding|board|primary_avalon|cc.reg_mmio|conn_reg|r|regs.p[1].bridge|i214~1_BLOCK_INPUT_MUX_PASSTHROUGH_X152_Y74_N0_I12_dff|q                      ;
; Extend to locatable node ;                         ;             ; afu_top|pg_afu.port_gasket|pr_slot|afu_main|port_afu_instances|ofs_plat_afu|ahls_binding|board|primary_avalon|cc.reg_mmio|conn_reg|r|regs.p[1].bridge|i214~1~_BLOCK_INPUT_MUX_PASSTHROUGH_X152_Y74_N0_I12                           ;
; Extend to locatable node ;                         ;             ; afu_top|pg_afu.port_gasket|pr_slot|afu_main|port_afu_instances|ofs_plat_afu|ahls_binding|board|primary_avalon|cc.reg_mmio|conn_reg|r|regs.p[1].bridge|i214~1~_LAB_RE_X152_Y74_N0_I11                                                ;
; Extend to locatable node ;                         ;             ; afu_top|pg_afu.port_gasket|pr_slot|afu_main|port_afu_instances|ofs_plat_afu|ahls_binding|board|primary_avalon|cc.reg_mmio|conn_reg|r|regs.p[1].bridge|i214~0|dataa                                                                  ;
; Extend to locatable node ;                         ;             ; afu_top|pg_afu.port_gasket|pr_slot|afu_main|port_afu_instances|ofs_plat_afu|ahls_binding|board|primary_avalon|cc.reg_mmio|conn_reg|r|regs.p[1].bridge|i214~0|combout                                                                ;
; Extend to locatable node ;                         ;             ; afu_top|pg_afu.port_gasket|pr_slot|afu_main|port_afu_instances|ofs_plat_afu|ahls_binding|board|primary_avalon|cc.reg_mmio|conn_reg|r|regs.p[1].bridge|use_reg|d                                                                     ;
; Extend to locatable node ; Bypassed ALM Register   ;             ; afu_top|pg_afu.port_gasket|pr_slot|afu_main|port_afu_instances|ofs_plat_afu|ahls_binding|board|primary_avalon|cc.reg_mmio|conn_reg|r|regs.p[1].bridge|use_reg~.comb                                                                 ;
; Extend to locatable node ;                         ;             ; afu_top|pg_afu.port_gasket|pr_slot|afu_main|port_afu_instances|ofs_plat_afu|ahls_binding|board|primary_avalon|cc.reg_mmio|conn_reg|r|regs.p[1].bridge|use_reg|q                                                                     ;
; Extend to locatable node ;                         ;             ; afu_top|pg_afu.port_gasket|pr_slot|afu_main|port_afu_instances|ofs_plat_afu|ahls_binding|board|primary_avalon|cc.reg_mmio|conn_reg|r|regs.p[1].bridge|use_reg~LAB_RE_X152_Y74_N0_I94                                                ;
; Extend to locatable node ;                         ;             ; afu_top|pg_afu.port_gasket|pr_slot|afu_main|port_afu_instances|ofs_plat_afu|ahls_binding|board|primary_avalon|cc.reg_mmio|conn_reg|r|regs.p[1].bridge|use_reg~R2_X153_Y74_N0_I3                                                     ;
; Extend to locatable node ;                         ;             ; afu_top|pg_afu.port_gasket|pr_slot|afu_main|port_afu_instances|ofs_plat_afu|ahls_binding|board|primary_avalon|cc.reg_mmio|conn_reg|r|regs.p[1].bridge|use_reg~R1_X155_Y74_N0_I7                                                     ;
; Extend to locatable node ;                         ;             ; afu_top|pg_afu.port_gasket|pr_slot|afu_main|port_afu_instances|ofs_plat_afu|ahls_binding|board|primary_avalon|cc.reg_mmio|conn_reg|r|regs.p[1].bridge|use_reg~C1_X155_Y73_N0_I7                                                     ;
; Extend to locatable node ;                         ;             ; afu_top|pg_afu.port_gasket|pr_slot|afu_main|port_afu_instances|ofs_plat_afu|ahls_binding|board|primary_avalon|cc.reg_mmio|conn_reg|r|regs.p[1].bridge|use_reg~LOCAL_INTERCONNECT_X155_Y73_N0_I16                                    ;
; Long Path                ; Bypassed Hyper-Register ;             ; afu_top|pg_afu.port_gasket|pr_slot|afu_main|port_afu_instances|ofs_plat_afu|ahls_binding|board|primary_avalon|cc.reg_mmio|conn_reg|r|regs.p[1].bridge|use_reg~BLOCK_INPUT_MUX_PASSTHROUGH_X155_Y73_N0_I8                            ;
; Long Path                ;                         ;             ; afu_top|pg_afu.port_gasket|pr_slot|afu_main|port_afu_instances|ofs_plat_afu|ahls_binding|board|primary_avalon|cc.reg_mmio|conn_reg|r|regs.p[1].bridge|use_reg~LAB_RE_X155_Y73_N0_I10                                                ;
; Long Path                ;                         ;             ; afu_top|pg_afu.port_gasket|pr_slot|afu_main|port_afu_instances|ofs_plat_afu|ahls_binding|board|primary_avalon|cc.reg_mmio|conn_reg|r|regs.p[1].bridge|wr_address[0]~0|datac                                                         ;
; Long Path                ;                         ;             ; afu_top|pg_afu.port_gasket|pr_slot|afu_main|port_afu_instances|ofs_plat_afu|ahls_binding|board|primary_avalon|cc.reg_mmio|conn_reg|r|regs.p[1].bridge|wr_address[0]~0|combout                                                       ;
; Long Path                ;                         ;             ; afu_top|pg_afu.port_gasket|pr_slot|afu_main|port_afu_instances|ofs_plat_afu|ahls_binding|board|primary_avalon|cc.reg_mmio|conn_reg|r|regs.p[1].bridge|cmd_address[7]~DUPLICATE|d                                                    ;
; Long Path                ; ALM Register            ; #3          ; afu_top|pg_afu.port_gasket|pr_slot|afu_main|port_afu_instances|ofs_plat_afu|ahls_binding|board|primary_avalon|cc.reg_mmio|conn_reg|r|regs.p[1].bridge|cmd_address[7]~DUPLICATE                                                      ;
; Long Path                ;                         ;             ; afu_top|pg_afu.port_gasket|pr_slot|afu_main|port_afu_instances|ofs_plat_afu|ahls_binding|board|primary_avalon|cc.reg_mmio|conn_reg|r|regs.p[1].bridge|cmd_address[7]~DUPLICATE|q                                                    ;
; Long Path                ;                         ;             ; afu_top|pg_afu.port_gasket|pr_slot|afu_main|port_afu_instances|ofs_plat_afu|ahls_binding|board|primary_avalon|cc.reg_mmio|conn_reg|r|regs.p[1].bridge|cmd_address[7]~DUPLICATE~_LAB_RE_X155_Y73_N0_I93                              ;
; Long Path                ;                         ;             ; afu_top|pg_afu.port_gasket|pr_slot|afu_main|port_afu_instances|ofs_plat_afu|ahls_binding|board|primary_avalon|cc.reg_mmio|conn_reg|r|regs.p[1].bridge|cmd_address[7]~DUPLICATE~_R1_X155_Y73_N0_I4                                   ;
; Long Path                ;                         ;             ; afu_top|pg_afu.port_gasket|pr_slot|afu_main|port_afu_instances|ofs_plat_afu|ahls_binding|board|primary_avalon|cc.reg_mmio|conn_reg|r|regs.p[1].bridge|cmd_address[7]~DUPLICATE~_LOCAL_INTERCONNECT_X154_Y73_N0_I17                  ;
; Long Path                ; Bypassed Hyper-Register ;             ; afu_top|pg_afu.port_gasket|pr_slot|afu_main|port_afu_instances|ofs_plat_afu|ahls_binding|board|primary_avalon|cc.reg_mmio|conn_reg|r|regs.p[1].bridge|cmd_address[7]~DUPLICATE~_BLOCK_INPUT_MUX_PASSTHROUGH_X154_Y73_N0_I23         ;
; Long Path                ;                         ;             ; afu_top|pg_afu.port_gasket|pr_slot|afu_main|port_afu_instances|ofs_plat_afu|ahls_binding|board|primary_avalon|cc.reg_mmio|conn_reg|r|regs.p[1].bridge|cmd_address[7]~DUPLICATE~_LAB_RE_X154_Y73_N0_I17                              ;
; Long Path                ;                         ;             ; afu_top|pg_afu.port_gasket|pr_slot|afu_main|port_afu_instances|ofs_plat_afu|ahls_binding|aperture|add_0~1|datad                                                                                                                     ;
; Long Path                ;                         ;             ; afu_top|pg_afu.port_gasket|pr_slot|afu_main|port_afu_instances|ofs_plat_afu|ahls_binding|aperture|add_0~36|cout                                                                                                                     ;
; Long Path                ;                         ;             ; afu_top|pg_afu.port_gasket|pr_slot|afu_main|port_afu_instances|ofs_plat_afu|ahls_binding|aperture|add_0~41|cin                                                                                                                      ;
; Long Path                ;                         ;             ; afu_top|pg_afu.port_gasket|pr_slot|afu_main|port_afu_instances|ofs_plat_afu|ahls_binding|aperture|add_0~46|cout                                                                                                                     ;
; Long Path                ;                         ;             ; afu_top|pg_afu.port_gasket|pr_slot|afu_main|port_afu_instances|ofs_plat_afu|ahls_binding|aperture|add_0~51|cin                                                                                                                      ;
; Long Path                ;                         ;             ; afu_top|pg_afu.port_gasket|pr_slot|afu_main|port_afu_instances|ofs_plat_afu|ahls_binding|aperture|add_0~56|cout                                                                                                                     ;
; Long Path                ;                         ;             ; afu_top|pg_afu.port_gasket|pr_slot|afu_main|port_afu_instances|ofs_plat_afu|ahls_binding|aperture|add_0~16|cin                                                                                                                      ;
; Long Path                ;                         ;             ; afu_top|pg_afu.port_gasket|pr_slot|afu_main|port_afu_instances|ofs_plat_afu|ahls_binding|aperture|add_0~16|sumout                                                                                                                   ;
; Long Path                ;                         ;             ; afu_top|pg_afu.port_gasket|pr_slot|afu_main|port_afu_instances|ofs_plat_afu|ahls_binding|aperture|add_0~16~cw_la_lab/laboutb[0]                                                                                                     ;
; Long Path                ;                         ;             ; afu_top|pg_afu.port_gasket|pr_slot|afu_main|port_afu_instances|ofs_plat_afu|ahls_binding|aperture|add_0~16~_LAB_RE_X154_Y73_N0_I109                                                                                                 ;
; Long Path                ;                         ;             ; afu_top|pg_afu.port_gasket|pr_slot|afu_main|port_afu_instances|ofs_plat_afu|ahls_binding|aperture|add_0~16~_R0_X154_Y73_N0_I35                                                                                                      ;
; Long Path                ;                         ;             ; afu_top|pg_afu.port_gasket|pr_slot|afu_main|port_afu_instances|ofs_plat_afu|ahls_binding|aperture|add_0~16~_LOCAL_INTERCONNECT_X154_Y73_N0_I62                                                                                      ;
; Long Path                ; Bypassed Hyper-Register ;             ; afu_top|pg_afu.port_gasket|pr_slot|afu_main|port_afu_instances|ofs_plat_afu|ahls_binding|aperture|add_0~16~_BLOCK_INPUT_MUX_PASSTHROUGH_X154_Y73_N0_I69                                                                             ;
; Long Path                ;                         ;             ; afu_top|pg_afu.port_gasket|pr_slot|afu_main|port_afu_instances|ofs_plat_afu|ahls_binding|aperture|add_0~16~_LAB_RE_X154_Y73_N0_I68                                                                                                  ;
; Long Path                ;                         ;             ; afu_top|pg_afu.port_gasket|pr_slot|afu_main|port_afu_instances|ofs_plat_afu|ahls_binding|aperture|in_csr~1xsyn|datab                                                                                                                ;
; Long Path                ;                         ;             ; afu_top|pg_afu.port_gasket|pr_slot|afu_main|port_afu_instances|ofs_plat_afu|ahls_binding|aperture|in_csr~1xsyn|combout                                                                                                              ;
; Long Path                ;                         ;             ; afu_top|pg_afu.port_gasket|pr_slot|afu_main|port_afu_instances|ofs_plat_afu|ahls_binding|aperture|in_csr~1xsyn~cw_la_lab/lab_lut5outb[3]                                                                                            ;
; Long Path                ;                         ;             ; afu_top|pg_afu.port_gasket|pr_slot|afu_main|port_afu_instances|ofs_plat_afu|ahls_binding|aperture|in_csr~1xsyn~_LAB_RE_X154_Y73_N0_I142                                                                                             ;
; Long Path                ;                         ;             ; afu_top|pg_afu.port_gasket|pr_slot|afu_main|port_afu_instances|ofs_plat_afu|ahls_binding|aperture|in_csr~1xsyn~_R1_X154_Y73_N0_I34                                                                                                  ;
; Long Path                ;                         ;             ; afu_top|pg_afu.port_gasket|pr_slot|afu_main|port_afu_instances|ofs_plat_afu|ahls_binding|aperture|in_csr~1xsyn~_LOCAL_INTERCONNECT_X153_Y73_N0_I71                                                                                  ;
; Long Path                ; Bypassed Hyper-Register ;             ; afu_top|pg_afu.port_gasket|pr_slot|afu_main|port_afu_instances|ofs_plat_afu|ahls_binding|aperture|in_csr~1xsyn~_BLOCK_INPUT_MUX_PASSTHROUGH_X153_Y73_N0_I42                                                                         ;
; Long Path                ;                         ;             ; afu_top|pg_afu.port_gasket|pr_slot|afu_main|port_afu_instances|ofs_plat_afu|ahls_binding|aperture|in_csr~1xsyn~_LAB_RE_X153_Y73_N0_I40                                                                                              ;
; Long Path                ;                         ;             ; afu_top|pg_afu.port_gasket|pr_slot|afu_main|port_afu_instances|ofs_plat_afu|ahls_binding|board|primary_avalon|cc.reg_mmio|conn_reg|r|regs.p[1].bridge|cmd_waitrequest~1|datae                                                       ;
; Long Path                ;                         ;             ; afu_top|pg_afu.port_gasket|pr_slot|afu_main|port_afu_instances|ofs_plat_afu|ahls_binding|board|primary_avalon|cc.reg_mmio|conn_reg|r|regs.p[1].bridge|cmd_waitrequest~1|combout                                                     ;
; Long Path                ;                         ;             ; afu_top|pg_afu.port_gasket|pr_slot|afu_main|port_afu_instances|ofs_plat_afu|ahls_binding|board|primary_avalon|cc.reg_mmio|conn_reg|r|regs.p[1].bridge|cmd_waitrequest~1~cw_ml_mlab/laboutb[2]                                       ;
; Long Path                ;                         ;             ; afu_top|pg_afu.port_gasket|pr_slot|afu_main|port_afu_instances|ofs_plat_afu|ahls_binding|board|primary_avalon|cc.reg_mmio|conn_reg|r|regs.p[1].bridge|cmd_waitrequest~1~_LAB_RE_X153_Y73_N0_I111                                    ;
; Long Path                ;                         ;             ; afu_top|pg_afu.port_gasket|pr_slot|afu_main|port_afu_instances|ofs_plat_afu|ahls_binding|board|primary_avalon|cc.reg_mmio|conn_reg|r|regs.p[1].bridge|cmd_waitrequest~1~_LOCAL_INTERCONNECT_X153_Y73_N0_I52                         ;
; Long Path                ;                         ;             ; afu_top|pg_afu.port_gasket|pr_slot|afu_main|port_afu_instances|ofs_plat_afu|ahls_binding|board|primary_avalon|cc.reg_mmio|conn_reg|r|regs.p[1].bridge|cmd_waitrequest~1~_BLOCK_INPUT_MUX_PASSTHROUGH_X153_Y73_N0_I82                ;
; Long Path                ;                         ;             ; afu_top|pg_afu.port_gasket|pr_slot|afu_main|port_afu_instances|ofs_plat_afu|ahls_binding|board|primary_avalon|cc.reg_mmio|conn_reg|r|regs.p[1].bridge|cmd_waitrequest~1~_LAB_RE_X153_Y73_N0_I80                                     ;
; Long Path                ; Bypassed Hyper-Register ;             ; afu_top|pg_afu.port_gasket|pr_slot|afu_main|port_afu_instances|ofs_plat_afu|ahls_binding|board|primary_avalon|cc.reg_mmio|conn_reg|r|regs.p[1].bridge|cmd_address[8]~xtophalf/xale4/xcw_ml_le_regctrl/xcw_la_le_regctrl_reg/nce_out ;
; Long Path                ;                         ;             ; afu_top|pg_afu.port_gasket|pr_slot|afu_main|port_afu_instances|ofs_plat_afu|ahls_binding|board|primary_avalon|cc.reg_mmio|conn_reg|r|regs.p[1].bridge|cmd_address[4]~DUPLICATE|ena                                                  ;
; Long Path                ; ALM Register            ; #4          ; afu_top|pg_afu.port_gasket|pr_slot|afu_main|port_afu_instances|ofs_plat_afu|ahls_binding|board|primary_avalon|cc.reg_mmio|conn_reg|r|regs.p[1].bridge|cmd_address[4]~DUPLICATE                                                      ;
; Long Path                ;                         ;             ; afu_top|pg_afu.port_gasket|pr_slot|afu_main|port_afu_instances|ofs_plat_afu|ahls_binding|board|primary_avalon|cc.reg_mmio|conn_reg|r|regs.p[1].bridge|cmd_address[4]~DUPLICATE|q                                                    ;
; Long Path                ;                         ;             ; afu_top|pg_afu.port_gasket|pr_slot|afu_main|port_afu_instances|ofs_plat_afu|ahls_binding|board|primary_avalon|cc.reg_mmio|conn_reg|r|regs.p[1].bridge|cmd_address[4]~DUPLICATE~_LAB_RE_X153_Y73_N0_I107                             ;
; Long Path                ;                         ;             ; afu_top|pg_afu.port_gasket|pr_slot|afu_main|port_afu_instances|ofs_plat_afu|ahls_binding|board|primary_avalon|cc.reg_mmio|conn_reg|r|regs.p[1].bridge|cmd_address[4]~DUPLICATE~_R1_X154_Y73_N0_I17                                  ;
; Long Path                ;                         ;             ; afu_top|pg_afu.port_gasket|pr_slot|afu_main|port_afu_instances|ofs_plat_afu|ahls_binding|board|primary_avalon|cc.reg_mmio|conn_reg|r|regs.p[1].bridge|cmd_address[4]~DUPLICATE~_LOCAL_INTERCONNECT_X154_Y73_N0_I38                  ;
; Long Path                ; Bypassed Hyper-Register ;             ; afu_top|pg_afu.port_gasket|pr_slot|afu_main|port_afu_instances|ofs_plat_afu|ahls_binding|board|primary_avalon|cc.reg_mmio|conn_reg|r|regs.p[1].bridge|cmd_address[4]~DUPLICATE~_BLOCK_INPUT_MUX_PASSTHROUGH_X154_Y73_N0_I6          ;
; Long Path                ;                         ;             ; afu_top|pg_afu.port_gasket|pr_slot|afu_main|port_afu_instances|ofs_plat_afu|ahls_binding|board|primary_avalon|cc.reg_mmio|conn_reg|r|regs.p[1].bridge|cmd_address[4]~DUPLICATE~_LAB_RE_X154_Y73_N0_I6                               ;
; Long Path                ;                         ;             ; afu_top|pg_afu.port_gasket|pr_slot|afu_main|port_afu_instances|ofs_plat_afu|ahls_binding|aperture|add_0~66|datad                                                                                                                    ;
; Long Path                ;                         ;             ; afu_top|pg_afu.port_gasket|pr_slot|afu_main|port_afu_instances|ofs_plat_afu|ahls_binding|aperture|add_0~56|cout                                                                                                                     ;
; Long Path                ;                         ;             ; afu_top|pg_afu.port_gasket|pr_slot|afu_main|port_afu_instances|ofs_plat_afu|ahls_binding|aperture|add_0~16|cin                                                                                                                      ;
; Long Path                ;                         ;             ; afu_top|pg_afu.port_gasket|pr_slot|afu_main|port_afu_instances|ofs_plat_afu|ahls_binding|aperture|add_0~16|sumout                                                                                                                   ;
; Long Path                ;                         ;             ; afu_top|pg_afu.port_gasket|pr_slot|afu_main|port_afu_instances|ofs_plat_afu|ahls_binding|aperture|add_0~16~cw_la_lab/laboutb[0]                                                                                                     ;
; Long Path                ;                         ;             ; afu_top|pg_afu.port_gasket|pr_slot|afu_main|port_afu_instances|ofs_plat_afu|ahls_binding|aperture|add_0~16~_LAB_RE_X154_Y73_N0_I109                                                                                                 ;
; Long Path                ;                         ;             ; afu_top|pg_afu.port_gasket|pr_slot|afu_main|port_afu_instances|ofs_plat_afu|ahls_binding|aperture|add_0~16~_R0_X154_Y73_N0_I35                                                                                                      ;
; Long Path                ;                         ;             ; afu_top|pg_afu.port_gasket|pr_slot|afu_main|port_afu_instances|ofs_plat_afu|ahls_binding|aperture|add_0~16~_LOCAL_INTERCONNECT_X154_Y73_N0_I62                                                                                      ;
; Long Path                ; Bypassed Hyper-Register ;             ; afu_top|pg_afu.port_gasket|pr_slot|afu_main|port_afu_instances|ofs_plat_afu|ahls_binding|aperture|add_0~16~_BLOCK_INPUT_MUX_PASSTHROUGH_X154_Y73_N0_I69                                                                             ;
; Long Path                ;                         ;             ; afu_top|pg_afu.port_gasket|pr_slot|afu_main|port_afu_instances|ofs_plat_afu|ahls_binding|aperture|add_0~16~_LAB_RE_X154_Y73_N0_I68                                                                                                  ;
; Long Path                ;                         ;             ; afu_top|pg_afu.port_gasket|pr_slot|afu_main|port_afu_instances|ofs_plat_afu|ahls_binding|aperture|in_csr~1xsyn|datab                                                                                                                ;
; Long Path                ;                         ;             ; afu_top|pg_afu.port_gasket|pr_slot|afu_main|port_afu_instances|ofs_plat_afu|ahls_binding|aperture|in_csr~1xsyn|combout                                                                                                              ;
; Long Path                ;                         ;             ; afu_top|pg_afu.port_gasket|pr_slot|afu_main|port_afu_instances|ofs_plat_afu|ahls_binding|aperture|in_csr~1xsyn~cw_la_lab/lab_lut5outb[3]                                                                                            ;
; Long Path                ;                         ;             ; afu_top|pg_afu.port_gasket|pr_slot|afu_main|port_afu_instances|ofs_plat_afu|ahls_binding|aperture|in_csr~1xsyn~_LAB_RE_X154_Y73_N0_I142                                                                                             ;
; Long Path                ;                         ;             ; afu_top|pg_afu.port_gasket|pr_slot|afu_main|port_afu_instances|ofs_plat_afu|ahls_binding|aperture|in_csr~1xsyn~_R1_X154_Y73_N0_I34                                                                                                  ;
; Long Path                ;                         ;             ; afu_top|pg_afu.port_gasket|pr_slot|afu_main|port_afu_instances|ofs_plat_afu|ahls_binding|aperture|in_csr~1xsyn~_LOCAL_INTERCONNECT_X153_Y73_N0_I71                                                                                  ;
; Long Path                ; Bypassed Hyper-Register ;             ; afu_top|pg_afu.port_gasket|pr_slot|afu_main|port_afu_instances|ofs_plat_afu|ahls_binding|aperture|in_csr~1xsyn~_BLOCK_INPUT_MUX_PASSTHROUGH_X153_Y73_N0_I42                                                                         ;
; Long Path                ;                         ;             ; afu_top|pg_afu.port_gasket|pr_slot|afu_main|port_afu_instances|ofs_plat_afu|ahls_binding|aperture|in_csr~1xsyn~_LAB_RE_X153_Y73_N0_I40                                                                                              ;
; Long Path                ;                         ;             ; afu_top|pg_afu.port_gasket|pr_slot|afu_main|port_afu_instances|ofs_plat_afu|ahls_binding|board|primary_avalon|cc.reg_mmio|conn_reg|r|regs.p[1].bridge|cmd_waitrequest~1|datae                                                       ;
; Long Path                ;                         ;             ; afu_top|pg_afu.port_gasket|pr_slot|afu_main|port_afu_instances|ofs_plat_afu|ahls_binding|board|primary_avalon|cc.reg_mmio|conn_reg|r|regs.p[1].bridge|cmd_waitrequest~1|combout                                                     ;
; Long Path                ;                         ;             ; afu_top|pg_afu.port_gasket|pr_slot|afu_main|port_afu_instances|ofs_plat_afu|ahls_binding|board|primary_avalon|cc.reg_mmio|conn_reg|r|regs.p[1].bridge|cmd_waitrequest~1~cw_ml_mlab/laboutb[2]                                       ;
; Long Path                ;                         ;             ; afu_top|pg_afu.port_gasket|pr_slot|afu_main|port_afu_instances|ofs_plat_afu|ahls_binding|board|primary_avalon|cc.reg_mmio|conn_reg|r|regs.p[1].bridge|cmd_waitrequest~1~_LAB_RE_X153_Y73_N0_I111                                    ;
; Long Path                ;                         ;             ; afu_top|pg_afu.port_gasket|pr_slot|afu_main|port_afu_instances|ofs_plat_afu|ahls_binding|board|primary_avalon|cc.reg_mmio|conn_reg|r|regs.p[1].bridge|cmd_waitrequest~1~_LOCAL_INTERCONNECT_X153_Y73_N0_I52                         ;
; Long Path                ;                         ;             ; afu_top|pg_afu.port_gasket|pr_slot|afu_main|port_afu_instances|ofs_plat_afu|ahls_binding|board|primary_avalon|cc.reg_mmio|conn_reg|r|regs.p[1].bridge|cmd_waitrequest~1~_BLOCK_INPUT_MUX_PASSTHROUGH_X153_Y73_N0_I82                ;
; Long Path                ;                         ;             ; afu_top|pg_afu.port_gasket|pr_slot|afu_main|port_afu_instances|ofs_plat_afu|ahls_binding|board|primary_avalon|cc.reg_mmio|conn_reg|r|regs.p[1].bridge|cmd_waitrequest~1~_LAB_RE_X153_Y73_N0_I80                                     ;
; Long Path                ; Bypassed Hyper-Register ;             ; afu_top|pg_afu.port_gasket|pr_slot|afu_main|port_afu_instances|ofs_plat_afu|ahls_binding|board|primary_avalon|cc.reg_mmio|conn_reg|r|regs.p[1].bridge|cmd_address[8]~xtophalf/xale4/xcw_ml_le_regctrl/xcw_la_le_regctrl_reg/nce_out ;
; Long Path                ;                         ;             ; afu_top|pg_afu.port_gasket|pr_slot|afu_main|port_afu_instances|ofs_plat_afu|ahls_binding|board|primary_avalon|cc.reg_mmio|conn_reg|r|regs.p[1].bridge|cmd_address[4]~DUPLICATE|ena                                                  ;
; Long Path (Critical)     ; ALM Register            ; #4          ; afu_top|pg_afu.port_gasket|pr_slot|afu_main|port_afu_instances|ofs_plat_afu|ahls_binding|board|primary_avalon|cc.reg_mmio|conn_reg|r|regs.p[1].bridge|cmd_address[4]~DUPLICATE                                                      ;
; Long Path (Critical)     ;                         ;             ; afu_top|pg_afu.port_gasket|pr_slot|afu_main|port_afu_instances|ofs_plat_afu|ahls_binding|board|primary_avalon|cc.reg_mmio|conn_reg|r|regs.p[1].bridge|cmd_address[4]~DUPLICATE|q                                                    ;
; Long Path (Critical)     ;                         ;             ; afu_top|pg_afu.port_gasket|pr_slot|afu_main|port_afu_instances|ofs_plat_afu|ahls_binding|board|primary_avalon|cc.reg_mmio|conn_reg|r|regs.p[1].bridge|cmd_address[4]~DUPLICATE~_LAB_RE_X153_Y73_N0_I107                             ;
; Long Path (Critical)     ;                         ;             ; afu_top|pg_afu.port_gasket|pr_slot|afu_main|port_afu_instances|ofs_plat_afu|ahls_binding|board|primary_avalon|cc.reg_mmio|conn_reg|r|regs.p[1].bridge|cmd_address[4]~DUPLICATE~_R1_X154_Y73_N0_I17                                  ;
; Long Path (Critical)     ;                         ;             ; afu_top|pg_afu.port_gasket|pr_slot|afu_main|port_afu_instances|ofs_plat_afu|ahls_binding|board|primary_avalon|cc.reg_mmio|conn_reg|r|regs.p[1].bridge|cmd_address[4]~DUPLICATE~_LOCAL_INTERCONNECT_X154_Y73_N0_I38                  ;
; Long Path (Critical)     ; Bypassed Hyper-Register ;             ; afu_top|pg_afu.port_gasket|pr_slot|afu_main|port_afu_instances|ofs_plat_afu|ahls_binding|board|primary_avalon|cc.reg_mmio|conn_reg|r|regs.p[1].bridge|cmd_address[4]~DUPLICATE~_BLOCK_INPUT_MUX_PASSTHROUGH_X154_Y73_N0_I6          ;
; Long Path (Critical)     ;                         ;             ; afu_top|pg_afu.port_gasket|pr_slot|afu_main|port_afu_instances|ofs_plat_afu|ahls_binding|board|primary_avalon|cc.reg_mmio|conn_reg|r|regs.p[1].bridge|cmd_address[4]~DUPLICATE~_LAB_RE_X154_Y73_N0_I6                               ;
; Long Path (Critical)     ;                         ;             ; afu_top|pg_afu.port_gasket|pr_slot|afu_main|port_afu_instances|ofs_plat_afu|ahls_binding|aperture|add_0~66|datad                                                                                                                    ;
; Long Path (Critical)     ;                         ;             ; afu_top|pg_afu.port_gasket|pr_slot|afu_main|port_afu_instances|ofs_plat_afu|ahls_binding|aperture|add_0~56|cout                                                                                                                     ;
; Long Path (Critical)     ;                         ;             ; afu_top|pg_afu.port_gasket|pr_slot|afu_main|port_afu_instances|ofs_plat_afu|ahls_binding|aperture|add_0~16|cin                                                                                                                      ;
; Long Path (Critical)     ;                         ;             ; afu_top|pg_afu.port_gasket|pr_slot|afu_main|port_afu_instances|ofs_plat_afu|ahls_binding|aperture|add_0~16|sumout                                                                                                                   ;
; Long Path (Critical)     ;                         ;             ; afu_top|pg_afu.port_gasket|pr_slot|afu_main|port_afu_instances|ofs_plat_afu|ahls_binding|aperture|add_0~16~cw_la_lab/laboutb[0]                                                                                                     ;
; Long Path (Critical)     ;                         ;             ; afu_top|pg_afu.port_gasket|pr_slot|afu_main|port_afu_instances|ofs_plat_afu|ahls_binding|aperture|add_0~16~_LAB_RE_X154_Y73_N0_I109                                                                                                 ;
; Long Path (Critical)     ;                         ;             ; afu_top|pg_afu.port_gasket|pr_slot|afu_main|port_afu_instances|ofs_plat_afu|ahls_binding|aperture|add_0~16~_R0_X154_Y73_N0_I35                                                                                                      ;
; Long Path (Critical)     ;                         ;             ; afu_top|pg_afu.port_gasket|pr_slot|afu_main|port_afu_instances|ofs_plat_afu|ahls_binding|aperture|add_0~16~_LOCAL_INTERCONNECT_X154_Y73_N0_I62                                                                                      ;
; Long Path (Critical)     ; Bypassed Hyper-Register ;             ; afu_top|pg_afu.port_gasket|pr_slot|afu_main|port_afu_instances|ofs_plat_afu|ahls_binding|aperture|add_0~16~_BLOCK_INPUT_MUX_PASSTHROUGH_X154_Y73_N0_I69                                                                             ;
; Long Path (Critical)     ;                         ;             ; afu_top|pg_afu.port_gasket|pr_slot|afu_main|port_afu_instances|ofs_plat_afu|ahls_binding|aperture|add_0~16~_LAB_RE_X154_Y73_N0_I68                                                                                                  ;
; Long Path (Critical)     ;                         ;             ; afu_top|pg_afu.port_gasket|pr_slot|afu_main|port_afu_instances|ofs_plat_afu|ahls_binding|aperture|in_csr~1xsyn|datab                                                                                                                ;
; Long Path (Critical)     ;                         ;             ; afu_top|pg_afu.port_gasket|pr_slot|afu_main|port_afu_instances|ofs_plat_afu|ahls_binding|aperture|in_csr~1xsyn|combout                                                                                                              ;
; Long Path (Critical)     ;                         ;             ; afu_top|pg_afu.port_gasket|pr_slot|afu_main|port_afu_instances|ofs_plat_afu|ahls_binding|aperture|in_csr~1xsyn~cw_la_lab/lab_lut5outb[3]                                                                                            ;
; Long Path (Critical)     ;                         ;             ; afu_top|pg_afu.port_gasket|pr_slot|afu_main|port_afu_instances|ofs_plat_afu|ahls_binding|aperture|in_csr~1xsyn~_LAB_RE_X154_Y73_N0_I142                                                                                             ;
; Long Path (Critical)     ;                         ;             ; afu_top|pg_afu.port_gasket|pr_slot|afu_main|port_afu_instances|ofs_plat_afu|ahls_binding|aperture|in_csr~1xsyn~_R1_X154_Y73_N0_I34                                                                                                  ;
; Long Path (Critical)     ;                         ;             ; afu_top|pg_afu.port_gasket|pr_slot|afu_main|port_afu_instances|ofs_plat_afu|ahls_binding|aperture|in_csr~1xsyn~_LOCAL_INTERCONNECT_X153_Y73_N0_I71                                                                                  ;
; Long Path (Critical)     ; Bypassed Hyper-Register ;             ; afu_top|pg_afu.port_gasket|pr_slot|afu_main|port_afu_instances|ofs_plat_afu|ahls_binding|aperture|in_csr~1xsyn~_BLOCK_INPUT_MUX_PASSTHROUGH_X153_Y73_N0_I42                                                                         ;
; Long Path (Critical)     ;                         ;             ; afu_top|pg_afu.port_gasket|pr_slot|afu_main|port_afu_instances|ofs_plat_afu|ahls_binding|aperture|in_csr~1xsyn~_LAB_RE_X153_Y73_N0_I40                                                                                              ;
; Long Path (Critical)     ;                         ;             ; afu_top|pg_afu.port_gasket|pr_slot|afu_main|port_afu_instances|ofs_plat_afu|ahls_binding|board|primary_avalon|cc.reg_mmio|conn_reg|r|regs.p[1].bridge|cmd_waitrequest~1|datae                                                       ;
; Long Path (Critical)     ;                         ;             ; afu_top|pg_afu.port_gasket|pr_slot|afu_main|port_afu_instances|ofs_plat_afu|ahls_binding|board|primary_avalon|cc.reg_mmio|conn_reg|r|regs.p[1].bridge|cmd_waitrequest~1|combout                                                     ;
; Long Path (Critical)     ;                         ;             ; afu_top|pg_afu.port_gasket|pr_slot|afu_main|port_afu_instances|ofs_plat_afu|ahls_binding|board|primary_avalon|cc.reg_mmio|conn_reg|r|regs.p[1].bridge|cmd_waitrequest~1~cw_ml_mlab/lab_lut6outb[0]                                  ;
; Long Path (Critical)     ;                         ;             ; afu_top|pg_afu.port_gasket|pr_slot|afu_main|port_afu_instances|ofs_plat_afu|ahls_binding|board|primary_avalon|cc.reg_mmio|conn_reg|r|regs.p[1].bridge|cmd_waitrequest~1~_LAB_RE_X153_Y73_N0_I144                                    ;
; Long Path (Critical)     ;                         ;             ; afu_top|pg_afu.port_gasket|pr_slot|afu_main|port_afu_instances|ofs_plat_afu|ahls_binding|board|primary_avalon|cc.reg_mmio|conn_reg|r|regs.p[1].bridge|cmd_waitrequest~1~_R1_X154_Y73_N0_I21                                         ;
; Long Path (Critical)     ;                         ;             ; afu_top|pg_afu.port_gasket|pr_slot|afu_main|port_afu_instances|ofs_plat_afu|ahls_binding|board|primary_avalon|cc.reg_mmio|conn_reg|r|regs.p[1].bridge|cmd_waitrequest~1~_R1_X155_Y73_N0_I21                                         ;
; Long Path (Critical)     ;                         ;             ; afu_top|pg_afu.port_gasket|pr_slot|afu_main|port_afu_instances|ofs_plat_afu|ahls_binding|board|primary_avalon|cc.reg_mmio|conn_reg|r|regs.p[1].bridge|cmd_waitrequest~1~_LOCAL_INTERCONNECT_X155_Y73_N0_I43                         ;
; Long Path (Critical)     ;                         ;             ; afu_top|pg_afu.port_gasket|pr_slot|afu_main|port_afu_instances|ofs_plat_afu|ahls_binding|board|primary_avalon|cc.reg_mmio|conn_reg|r|regs.p[1].bridge|cmd_waitrequest~1~_BLOCK_INPUT_MUX_PASSTHROUGH_X155_Y73_N0_I81                ;
; Long Path (Critical)     ;                         ;             ; afu_top|pg_afu.port_gasket|pr_slot|afu_main|port_afu_instances|ofs_plat_afu|ahls_binding|board|primary_avalon|cc.reg_mmio|conn_reg|r|regs.p[1].bridge|cmd_waitrequest~1~_LAB_RE_X155_Y73_N0_I81                                     ;
; Long Path (Critical)     ; Bypassed Hyper-Register ;             ; afu_top|pg_afu.port_gasket|pr_slot|afu_main|port_afu_instances|ofs_plat_afu|ahls_binding|board|primary_avalon|cc.reg_mmio|conn_reg|r|regs.p[1].bridge|cmd_address[7]~xtophalf/xale1/xcw_ml_le_regctrl/xcw_la_le_regctrl_reg/nce_out ;
; Long Path (Critical)     ;                         ;             ; afu_top|pg_afu.port_gasket|pr_slot|afu_main|port_afu_instances|ofs_plat_afu|ahls_binding|board|primary_avalon|cc.reg_mmio|conn_reg|r|regs.p[1].bridge|cmd_address[7]|ena                                                            ;
; Long Path (Critical)     ; ALM Register            ; #2          ; afu_top|pg_afu.port_gasket|pr_slot|afu_main|port_afu_instances|ofs_plat_afu|ahls_binding|board|primary_avalon|cc.reg_mmio|conn_reg|r|regs.p[1].bridge|cmd_address[7]                                                                ;
; ------------------------ ; ----------------------- ; ----------- ; ----------------------------------------------------------------------------------------------------------------------------------------------------------------------------------------------------------------------------------- ;
; Extend to locatable node ; Hyper-Register          ; #1          ; afu_top|pg_afu.port_gasket|pr_slot|afu_main|port_afu_instances|ofs_plat_afu|ahls_binding|board|primary_avalon|cc.reg_mmio|conn_reg|r|regs.p[1].bridge|i214~1_BLOCK_INPUT_MUX_PASSTHROUGH_X152_Y74_N0_I12_dff                        ;
; Extend to locatable node ;                         ;             ; afu_top|pg_afu.port_gasket|pr_slot|afu_main|port_afu_instances|ofs_plat_afu|ahls_binding|board|primary_avalon|cc.reg_mmio|conn_reg|r|regs.p[1].bridge|i214~1_BLOCK_INPUT_MUX_PASSTHROUGH_X152_Y74_N0_I12_dff|q                      ;
; Extend to locatable node ;                         ;             ; afu_top|pg_afu.port_gasket|pr_slot|afu_main|port_afu_instances|ofs_plat_afu|ahls_binding|board|primary_avalon|cc.reg_mmio|conn_reg|r|regs.p[1].bridge|i214~1~_BLOCK_INPUT_MUX_PASSTHROUGH_X152_Y74_N0_I12                           ;
; Extend to locatable node ;                         ;             ; afu_top|pg_afu.port_gasket|pr_slot|afu_main|port_afu_instances|ofs_plat_afu|ahls_binding|board|primary_avalon|cc.reg_mmio|conn_reg|r|regs.p[1].bridge|i214~1~_LAB_RE_X152_Y74_N0_I11                                                ;
; Extend to locatable node ;                         ;             ; afu_top|pg_afu.port_gasket|pr_slot|afu_main|port_afu_instances|ofs_plat_afu|ahls_binding|board|primary_avalon|cc.reg_mmio|conn_reg|r|regs.p[1].bridge|i214~0|dataa                                                                  ;
; Extend to locatable node ;                         ;             ; afu_top|pg_afu.port_gasket|pr_slot|afu_main|port_afu_instances|ofs_plat_afu|ahls_binding|board|primary_avalon|cc.reg_mmio|conn_reg|r|regs.p[1].bridge|i214~0|combout                                                                ;
; Extend to locatable node ;                         ;             ; afu_top|pg_afu.port_gasket|pr_slot|afu_main|port_afu_instances|ofs_plat_afu|ahls_binding|board|primary_avalon|cc.reg_mmio|conn_reg|r|regs.p[1].bridge|use_reg|d                                                                     ;
; Extend to locatable node ; Bypassed ALM Register   ;             ; afu_top|pg_afu.port_gasket|pr_slot|afu_main|port_afu_instances|ofs_plat_afu|ahls_binding|board|primary_avalon|cc.reg_mmio|conn_reg|r|regs.p[1].bridge|use_reg~.comb                                                                 ;
; Extend to locatable node ;                         ;             ; afu_top|pg_afu.port_gasket|pr_slot|afu_main|port_afu_instances|ofs_plat_afu|ahls_binding|board|primary_avalon|cc.reg_mmio|conn_reg|r|regs.p[1].bridge|use_reg|q                                                                     ;
; Extend to locatable node ;                         ;             ; afu_top|pg_afu.port_gasket|pr_slot|afu_main|port_afu_instances|ofs_plat_afu|ahls_binding|board|primary_avalon|cc.reg_mmio|conn_reg|r|regs.p[1].bridge|use_reg~LAB_RE_X152_Y74_N0_I94                                                ;
; Extend to locatable node ;                         ;             ; afu_top|pg_afu.port_gasket|pr_slot|afu_main|port_afu_instances|ofs_plat_afu|ahls_binding|board|primary_avalon|cc.reg_mmio|conn_reg|r|regs.p[1].bridge|use_reg~R2_X153_Y74_N0_I3                                                     ;
; Extend to locatable node ;                         ;             ; afu_top|pg_afu.port_gasket|pr_slot|afu_main|port_afu_instances|ofs_plat_afu|ahls_binding|board|primary_avalon|cc.reg_mmio|conn_reg|r|regs.p[1].bridge|use_reg~R1_X155_Y74_N0_I7                                                     ;
; Extend to locatable node ;                         ;             ; afu_top|pg_afu.port_gasket|pr_slot|afu_main|port_afu_instances|ofs_plat_afu|ahls_binding|board|primary_avalon|cc.reg_mmio|conn_reg|r|regs.p[1].bridge|use_reg~C1_X155_Y73_N0_I7                                                     ;
; Extend to locatable node ;                         ;             ; afu_top|pg_afu.port_gasket|pr_slot|afu_main|port_afu_instances|ofs_plat_afu|ahls_binding|board|primary_avalon|cc.reg_mmio|conn_reg|r|regs.p[1].bridge|use_reg~LOCAL_INTERCONNECT_X155_Y73_N0_I16                                    ;
; Retiming Dependency      ; Bypassed Hyper-Register ;             ; afu_top|pg_afu.port_gasket|pr_slot|afu_main|port_afu_instances|ofs_plat_afu|ahls_binding|board|primary_avalon|cc.reg_mmio|conn_reg|r|regs.p[1].bridge|use_reg~BLOCK_INPUT_MUX_PASSTHROUGH_X155_Y73_N0_I8                            ;
; Retiming Dependency      ;                         ;             ; afu_top|pg_afu.port_gasket|pr_slot|afu_main|port_afu_instances|ofs_plat_afu|ahls_binding|board|primary_avalon|cc.reg_mmio|conn_reg|r|regs.p[1].bridge|use_reg~LAB_RE_X155_Y73_N0_I10                                                ;
; Retiming Dependency      ;                         ;             ; afu_top|pg_afu.port_gasket|pr_slot|afu_main|port_afu_instances|ofs_plat_afu|ahls_binding|board|primary_avalon|cc.reg_mmio|conn_reg|r|regs.p[1].bridge|wr_address[0]~0|datac                                                         ;
; Retiming Dependency      ;                         ;             ; afu_top|pg_afu.port_gasket|pr_slot|afu_main|port_afu_instances|ofs_plat_afu|ahls_binding|board|primary_avalon|cc.reg_mmio|conn_reg|r|regs.p[1].bridge|wr_address[0]~0|combout                                                       ;
; Retiming Dependency      ;                         ;             ; afu_top|pg_afu.port_gasket|pr_slot|afu_main|port_afu_instances|ofs_plat_afu|ahls_binding|board|primary_avalon|cc.reg_mmio|conn_reg|r|regs.p[1].bridge|cmd_address[7]|d                                                              ;
; Retiming Dependency      ; ALM Register            ; #2          ; afu_top|pg_afu.port_gasket|pr_slot|afu_main|port_afu_instances|ofs_plat_afu|ahls_binding|board|primary_avalon|cc.reg_mmio|conn_reg|r|regs.p[1].bridge|cmd_address[7]                                                                ;
+--------------------------+-------------------------+-------------+-------------------------------------------------------------------------------------------------------------------------------------------------------------------------------------------------------------------------------------+



Clock Domain sys_pll|iopll_0_clk_sys (Meets timing requirements: No further analysis performed.)
===============================================================================


Clock Domain pcie_wrapper|pcie_ss.top|host_pcie.pcie_ss|pcie_ss|gen_ptile.u_ptile|intel_pcie_ptile_ast_qhip|inst|inst|maib_and_tile|xcvr_hip_native|rx_ch15 (Meets timing requirements: No further analysis performed.)
===============================================================================


Transfer from local_mem_wrapper|mem_ss_top|mem_ss_sv|mem_ss|mem_ss|emif_1|emif_1_core_usr_clk to local_mem_wrapper|mem_ss_top|mem_ss_sv|mem_ss|mem_ss|emif_1|emif_1_phy_clk_l_0 (Meets timing requirements: No further analysis performed.)
===============================================================================


Transfer from local_mem_wrapper|mem_ss_top|mem_ss_sv|mem_ss|mem_ss|emif_0|emif_0_core_usr_clk to local_mem_wrapper|mem_ss_top|mem_ss_sv|mem_ss|mem_ss|emif_0|emif_0_phy_clk_l_0 (Meets timing requirements: No further analysis performed.)
===============================================================================


Clock Domain afu_top|pg_afu.port_gasket|user_clock|qph_user_clk|pll.qph_user_clk_iopll|iopll_0_outclk0 (Meets timing requirements: No further analysis performed.)
===============================================================================


Clock Domain local_mem_wrapper|mem_ss_top|mem_ss_sv|mem_ss|mem_ss|emif_1|emif_1_core_usr_clk (Meets timing requirements: No further analysis performed.)
===============================================================================


Clock Domain local_mem_wrapper|mem_ss_top|mem_ss_sv|mem_ss|mem_ss|emif_0|emif_0_core_usr_clk (Meets timing requirements: No further analysis performed.)
===============================================================================


Clock Domain sys_pll|iopll_0_clk_100m (Meets timing requirements: No further analysis performed.)
===============================================================================


Transfer from local_mem_wrapper|mem_ss_top|mem_ss_sv|mem_ss|mem_ss|emif_1|emif_1_phy_clk_l_0 to local_mem_wrapper|mem_ss_top|mem_ss_sv|mem_ss|mem_ss|emif_1|emif_1_core_usr_clk (Meets timing requirements: No further analysis performed.)
===============================================================================


Transfer from local_mem_wrapper|mem_ss_top|mem_ss_sv|mem_ss|mem_ss|emif_0|emif_0_phy_clk_l_0 to local_mem_wrapper|mem_ss_top|mem_ss_sv|mem_ss|mem_ss|emif_0|emif_0_core_usr_clk (Meets timing requirements: No further analysis performed.)
===============================================================================


Clock Domain altera_int_osc_clk (Meets timing requirements: No further analysis performed.)
===============================================================================


Transfer from local_mem_wrapper|mem_ss_top|mem_ss_sv|mem_ss|mem_ss|emif_0|emif_0_core_usr_clk to local_mem_wrapper|mem_ss_top|mem_ss_sv|mem_ss|mem_ss|emif_0|emif_0_phy_clk_0 (Meets timing requirements: No further analysis performed.)
===============================================================================


Transfer from local_mem_wrapper|mem_ss_top|mem_ss_sv|mem_ss|mem_ss|emif_1|emif_1_core_usr_clk to local_mem_wrapper|mem_ss_top|mem_ss_sv|mem_ss|mem_ss|emif_1|emif_1_phy_clk_0 (Meets timing requirements: No further analysis performed.)
===============================================================================


Clock Domain sys_pll|iopll_0_clk_sys_div2 (Meets timing requirements: No further analysis performed.)
===============================================================================


Clock Domain sys_pll|iopll_0_clk_sys_div4 (Meets timing requirements: No further analysis performed.)
===============================================================================


Transfer from local_mem_wrapper|mem_ss_top|mem_ss_sv|mem_ss|mem_ss|emif_0|emif_0_phy_clk_0 to local_mem_wrapper|mem_ss_top|mem_ss_sv|mem_ss|mem_ss|emif_0|emif_0_core_usr_clk (Meets timing requirements: No further analysis performed.)
===============================================================================


Clock Domain pcie_wrapper|pcie_ss.top|host_pcie.pcie_ss|pcie_ss|avmm_clock0 (Meets timing requirements: No further analysis performed.)
===============================================================================


Transfer from local_mem_wrapper|mem_ss_top|mem_ss_sv|mem_ss|mem_ss|emif_1|emif_1_phy_clk_0 to local_mem_wrapper|mem_ss_top|mem_ss_sv|mem_ss|mem_ss|emif_1|emif_1_core_usr_clk (Meets timing requirements: No further analysis performed.)
===============================================================================


Transfer from local_mem_wrapper|mem_ss_top|mem_ss_sv|mem_ss|mem_ss|emif_0|emif_0_ref_clock to local_mem_wrapper|mem_ss_top|mem_ss_sv|mem_ss|mem_ss|emif_0|emif_0_core_usr_clk (Meets timing requirements: No further analysis performed.)
===============================================================================


Transfer from local_mem_wrapper|mem_ss_top|mem_ss_sv|mem_ss|mem_ss|emif_0|emif_0_ref_clock to local_mem_wrapper|mem_ss_top|mem_ss_sv|mem_ss|mem_ss|emif_1|emif_1_core_usr_clk (Meets timing requirements: No further analysis performed.)
===============================================================================


Clock Domain local_mem_wrapper|mem_ss_top|mem_ss_sv|mem_ss|mem_ss|emif_0|emif_0_ref_clock (Meets timing requirements: No further analysis performed.)
===============================================================================


Clock Domain altera_reserved_tck (Meets timing requirements: No further analysis performed.)
===============================================================================


Transfer from sys_pll|iopll_0_clk_100m to altera_int_osc_clk (Meets timing requirements: No further analysis performed.)
===============================================================================


Transfer from altera_int_osc_clk to sys_pll|iopll_0_clk_100m (Meets timing requirements: No further analysis performed.)
===============================================================================


Clock Domain bwbmc_fpga_max_sclk (Meets timing requirements: No further analysis performed.)
===============================================================================


Transfer from local_mem_wrapper|mem_ss_top|mem_ss_sv|mem_ss|mem_ss|emif_0|emif_0_core_usr_clk to local_mem_wrapper|mem_ss_top|mem_ss_sv|mem_ss|mem_ss|emif_0|emif_0_ref_clock (Meets timing requirements: No further analysis performed.)
===============================================================================


Transfer from local_mem_wrapper|mem_ss_top|mem_ss_sv|mem_ss|mem_ss|emif_1|emif_1_core_usr_clk to local_mem_wrapper|mem_ss_top|mem_ss_sv|mem_ss|mem_ss|emif_0|emif_0_ref_clock (Meets timing requirements: No further analysis performed.)
===============================================================================


Transfer from afu_top|pg_afu.port_gasket|user_clock|qph_user_clk|pll.qph_user_clk_iopll|iopll_0_outclk1 to local_mem_wrapper|mem_ss_top|mem_ss_sv|mem_ss|mem_ss|emif_1|emif_1_core_usr_clk (Meets timing requirements: No further analysis performed.)
===============================================================================


Transfer from afu_top|pg_afu.port_gasket|user_clock|qph_user_clk|pll.qph_user_clk_iopll|iopll_0_outclk1 to local_mem_wrapper|mem_ss_top|mem_ss_sv|mem_ss|mem_ss|emif_0|emif_0_core_usr_clk (Meets timing requirements: No further analysis performed.)
===============================================================================


Transfer from local_mem_wrapper|mem_ss_top|mem_ss_sv|mem_ss|mem_ss|emif_1|emif_1_core_usr_clk to afu_top|pg_afu.port_gasket|user_clock|qph_user_clk|pll.qph_user_clk_iopll|iopll_0_outclk1 (Meets timing requirements: No further analysis performed.)
===============================================================================


Transfer from local_mem_wrapper|mem_ss_top|mem_ss_sv|mem_ss|mem_ss|emif_0|emif_0_core_usr_clk to afu_top|pg_afu.port_gasket|user_clock|qph_user_clk|pll.qph_user_clk_iopll|iopll_0_outclk1 (Meets timing requirements: No further analysis performed.)
===============================================================================


+-----------------------------------------------------------------------------------------------------------------+
; Hyper-Retimer INI Usage                                                                                         ;
+----------------------+------------------------------------------------------------------------------------------+
; Option               ; Usage                                                                                    ;
+----------------------+------------------------------------------------------------------------------------------+
; Initialization file: ; /home/uwb_student00/ahls/new_BSP/work_ia840f_fim_21/syn/board/ia840f/syn_top/quartus.ini ;
+----------------------+------------------------------------------------------------------------------------------+


+-----------------+
; Retime Messages ;
+-----------------+
Info: Loading PIM-based AFU...
Info: Compiling PR Base revision...
Info (20030): Parallel compilation is enabled and will use 18 of the 18 processors detected
Info: *******************************************************************
Info: Running Quartus Prime Fitter
    Info: Version 25.1.0 Build 129 03/26/2025 SC Pro Edition
    Info: Processing started: Tue Sep 22 22:32:41 2026
    Info: System process ID: 86423
Info: Command: quartus_fit --read_settings_files=on --write_settings_files=off ofs_top -c ofs_top
Info: Using INI file /home/uwb_student00/ahls/new_BSP/work_ia840f_fim_21/syn/board/ia840f/syn_top/quartus.ini
Info: qfit2_default_script.tcl version: #1
Info: Project  = ofs_top
Info: Revision = ofs_top
Info (17966): Starting Hyper-Retimer operations.
Info (17968): Completed Hyper-Retimer operations.
Info (18821): Fitter Hyper-Retimer operations ending: elapsed time is 00:01:42
Info: Adding extra slack to base iopll clock crossings...
Info: Applying high frequency constraint to FIM user clock during quartus_fit.
Info: IA840F_EMIF1_HOLD_MARGIN_APPLIED app=quartus_fit additive=10ps from_count=1 to_count=1


