Fitter Finalize Stage Report for ofs_top
Tue Sep 22 23:13:17 2026
Quartus Prime Version 25.1.0 Build 129 03/26/2025 SC Pro Edition


---------------------
; Table of Contents ;
---------------------
  1. Legal Notice
  2. Routing Usage Summary
  3. Finalize Messages



----------------
; Legal Notice ;
----------------
Copyright (C) 2025  Altera Corporation. All rights reserved.
Your use of Altera Corporation's design tools, logic functions 
and other software and tools, and any partner logic 
functions, and any output files from any of the foregoing 
(including device programming or simulation files), and any 
associated documentation or information are expressly subject 
to the terms and conditions of the Altera Program License 
Subscription Agreement, the Altera Quartus Prime License Agreement,
the Altera IP License Agreement, or other applicable license
agreement, including, without limitation, that your use is for
the sole purpose of programming logic devices manufactured by
Altera and sold by Altera or its authorized distributors.  Please
refer to the Altera Software License Subscription Agreements 
on the Quartus Prime software download page.



+-------------------------------------------------------------+
; Routing Usage Summary                                       ;
+-----------------------------+-------------------------------+
; Routing Resource Type       ; Usage                         ;
+-----------------------------+-------------------------------+
; Block Input Mux Wrapbacks   ; 1,764 / 964,320 ( < 1 % )     ;
; Block Input Muxes           ; 469,542 / 10,561,600 ( 4 % )  ;
; Block interconnects         ; 341,725 / 12,385,280 ( 3 % )  ;
; C1 interconnects            ; 149,631 / 5,173,760 ( 3 % )   ;
; C4 interconnects            ; 60,455 / 4,933,120 ( 1 % )    ;
; C8 interconnects            ; 3,373 / 493,312 ( < 1 % )     ;
; DCM_muxes                   ; 86 / 1,152 ( 7 % )            ;
; DELAY_CHAINs                ; 60 / 32,048 ( < 1 % )         ;
; Direct links                ; 60,783 / 12,385,280 ( < 1 % ) ;
; HIO Buffers                 ; 1,144 / 73,472 ( 2 % )        ;
; Programmable Invert Buffers ; 56 / 560 ( 10 % )             ;
; Programmable Invert Inputs  ; 16,000 / 932,160 ( 2 % )      ;
; Programmable Inverts        ; 16,000 / 932,160 ( 2 % )      ;
; R0 interconnects            ; 214,765 / 8,632,960 ( 2 % )   ;
; R1 interconnects            ; 108,516 / 4,933,120 ( 2 % )   ;
; R12 interconnects           ; 3,581 / 739,968 ( < 1 % )     ;
; R2 interconnects            ; 46,998 / 2,473,120 ( 2 % )    ;
; R4 interconnects            ; 35,255 / 2,486,240 ( 1 % )    ;
; R6 interconnects            ; 38,426 / 2,492,800 ( 2 % )    ;
; Redundancy Muxes            ; 2,408 / 145,648 ( 2 % )       ;
; Row Clock Tap-Offs          ; 9,883 / 739,968 ( 1 % )       ;
; Switchbox_clock_muxes       ; 1,077 / 23,040 ( 5 % )        ;
; VIO Buffers                 ; 1,125 / 22,400 ( 5 % )        ;
; Vertical_seam_tap_muxes     ; 1,075 / 12,288 ( 9 % )        ;
+-----------------------------+-------------------------------+


+-------------------+
; Finalize Messages ;
+-------------------+
Info: Loading PIM-based AFU...
Info: Compiling PR Base revision...
Info (20030): Parallel compilation is enabled and will use 18 of the 18 processors detected
Info: *******************************************************************
Info: Running Quartus Prime Fitter
    Info: Version 25.1.0 Build 129 03/26/2025 SC Pro Edition
    Info: Processing started: Tue Sep 22 22:32:41 2026
    Info: System process ID: 86423
Info: Command: quartus_fit --read_settings_files=on --write_settings_files=off ofs_top -c ofs_top
Info: Using INI file /home/uwb_student00/ahls/new_BSP/work_ia840f_fim_21/syn/board/ia840f/syn_top/quartus.ini
Info: qfit2_default_script.tcl version: #1
Info: Project  = ofs_top
Info: Revision = ofs_top
Info (21077): Low junction temperature is 0 degrees C
Info (21077): High junction temperature is 100 degrees C
Info (18258): Fitter Physical Synthesis operations beginning
Info (18259): Fitter Physical Synthesis operations ending: elapsed time is 00:00:30
Info (16557): Fitter post-fit operations ending: elapsed time is 00:06:11


