Compiling ofs_top -c ofs_top in /home/uwb_student00/ahls/new_BSP/work_ia840f_fim_12/syn/board/ia840f/syn_top

Info: *******************************************************************
Info: Running Quartus Prime Shell
    Info: Version 26.1.1 Build 130 08/06/2026 SC Pro Edition
    Info: Copyright (C) 2026  Altera Corporation. All rights reserved.
    Info: Your use of Altera Corporation's design tools, logic functions 
    Info: and other software and tools, and any partner logic 
    Info: functions, and any output files from any of the foregoing 
    Info: (including device programming or simulation files), and any 
    Info: associated documentation or information are expressly subject 
    Info: to the terms and conditions of the Altera Program License 
    Info: Subscription Agreement, the Altera Quartus Prime License Agreement,
    Info: the Altera IP License Agreement, or other applicable license
    Info: agreement, including, without limitation, that your use is for
    Info: the sole purpose of programming logic devices manufactured by
    Info: Altera and sold by Altera or its authorized distributors.  Please
    Info: refer to the Altera Software License Subscription Agreements 
    Info: on the Quartus Prime software download page.
    Info: Processing started: Sat Sep 19 04:41:20 2026
    Info: System process ID: 176885
Info: Command: quartus_sh --flow compile ofs_top -c ofs_top
Info: Quartus(args): compile ofs_top -c ofs_top
Info: Using INI file /home/uwb_student00/ahls/new_BSP/work_ia840f_fim_12/syn/board/ia840f/syn_top/quartus.ini
Info: Project Name = /home/uwb_student00/ahls/new_BSP/work_ia840f_fim_12/syn/board/ia840f/syn_top/ofs_top
Info: Revision Name = ofs_top
Info: Setting ::env(BUILD_ROOT_REL)=../../../..
Info: Setting ::env(BITSTREAM_ID)=05010202599ac052
Info: Setting ::env(BITSTREAM_MD)=0000000002609181
Info: Setting ::env(BITSTREAM_INFO)=0000000000000001
Info: Setting ::env(Q_REVISION)=ofs_top
Info: Setting ::env(Q_PR_REVISION)=ofs_pr_afu
Info: Setting ::env(Q_PR_PARTITION_NAME)=green_region
Info: BUILD_ROOT_REL is ../../../..
Info: Loading device exerciser AFU...
Info: Compiling PR Base revision...
Info: 2026-09-19 04:41:22 worker[0] started.
Info: Run task: IP Generation
Info: Loading device exerciser AFU...
Info: Compiling PR Base revision...
Info: *******************************************************************
Info: Running Quartus Prime IP Generation Tool
    Info: Version 26.1.1 Build 130 08/06/2026 SC Pro Edition
    Info: Processing started: Sat Sep 19 04:41:23 2026
    Info: System process ID: 176910
Info: Command: quartus_ipgenerate ofs_top -c ofs_top --run_default_mode_op
Info: Using INI file /home/uwb_student00/ahls/new_BSP/work_ia840f_fim_12/syn/board/ia840f/syn_top/quartus.ini
Info: Found 83 IP file(s) in the project.
    Info: IP file /home/uwb_student00/ahls/new_BSP/work_ia840f_fim_12/ofs-common/src/fpga_family/agilex/remote_stp/remote_debug_jtag_only.qsys was found in the project.
    Info: IP file /home/uwb_student00/ahls/new_BSP/work_ia840f_fim_12/ofs-common/src/fpga_family/agilex/mem_ss/qip/axilite_ic/emif_csr_ic.qsys was found in the project.
    Info: IP file /home/uwb_student00/ahls/new_BSP/work_ia840f_fim_12/ipss/ia840f/bwbmc/bw_840_support.qsys was found in the project.
    Info: IP file /home/uwb_student00/ahls/new_BSP/work_ia840f_fim_12/ipss/ia840f/bwbmc/bmc_spi_sub.qsys was found in the project.
    Info: IP file /home/uwb_student00/ahls/new_BSP/work_ia840f_fim_12/src/pd_qsys/fabric/apf.qsys was found in the project.
    Info: IP file /home/uwb_student00/ahls/new_BSP/work_ia840f_fim_12/src/pd_qsys/fabric/bpf.qsys was found in the project.
    Info: IP file /home/uwb_student00/ahls/new_BSP/work_ia840f_fim_12/ofs-common/src/common/fme_id_rom/fme_id_rom.ip was found in the project.
    Info: IP file /home/uwb_student00/ahls/new_BSP/work_ia840f_fim_12/ofs-common/src/common/lib/fifo/sc_fifo_tx_sc_fifo.ip was found in the project.
    Info: IP file /home/uwb_student00/ahls/new_BSP/work_ia840f_fim_12/ofs-common/src/fpga_family/agilex/avst_pipeline/avst_pipeline_st_pipeline_stage_0.ip was found in the project.
    Info: IP file /home/uwb_student00/ahls/new_BSP/work_ia840f_fim_12/ofs-common/src/fpga_family/agilex/cfg_mon/cfg_mon.ip was found in the project.
    Info: IP file /home/uwb_student00/ahls/new_BSP/work_ia840f_fim_12/ofs-common/src/fpga_family/agilex/pr/PR_IP.ip was found in the project.
    Info: IP file /home/uwb_student00/ahls/new_BSP/work_ia840f_fim_12/ofs-common/src/fpga_family/agilex/remote_stp/ip/remote_debug_jtag_only/remote_debug_jtag_only_clock_in.ip was found in the project.
    Info: IP file /home/uwb_student00/ahls/new_BSP/work_ia840f_fim_12/ofs-common/src/fpga_family/agilex/remote_stp/ip/remote_debug_jtag_only/host_if.ip was found in the project.
    Info: IP file /home/uwb_student00/ahls/new_BSP/work_ia840f_fim_12/ofs-common/src/fpga_family/agilex/remote_stp/ip/remote_debug_jtag_only/jop_blaster.ip was found in the project.
    Info: IP file /home/uwb_student00/ahls/new_BSP/work_ia840f_fim_12/ofs-common/src/fpga_family/agilex/remote_stp/ip/remote_debug_jtag_only/remote_debug_jtag_only_reset_in.ip was found in the project.
    Info: IP file /home/uwb_student00/ahls/new_BSP/work_ia840f_fim_12/ofs-common/src/fpga_family/agilex/remote_stp/ip/remote_debug_jtag_only/sys_clk.ip was found in the project.
    Info: IP file /home/uwb_student00/ahls/new_BSP/work_ia840f_fim_12/ofs-common/src/fpga_family/agilex/remote_stp/AFU_debug/config_reset_release.ip was found in the project.
    Info: IP file /home/uwb_student00/ahls/new_BSP/work_ia840f_fim_12/ofs-common/src/fpga_family/agilex/remote_stp/AFU_debug/scjio_agilex.ip was found in the project.
    Info: IP file /home/uwb_student00/ahls/new_BSP/work_ia840f_fim_12/ofs-common/src/fpga_family/agilex/sys_pll/sys_pll.ip was found in the project.
    Info: IP file /home/uwb_student00/ahls/new_BSP/work_ia840f_fim_12/ofs-common/src/fpga_family/agilex/user_clock/qph_user_clk_iopll_RF100M.ip was found in the project.
    Info: IP file /home/uwb_student00/ahls/new_BSP/work_ia840f_fim_12/ofs-common/src/fpga_family/agilex/user_clock/qph_user_clk_iopll_reconfig.ip was found in the project.
    Info: IP file /home/uwb_student00/ahls/new_BSP/work_ia840f_fim_12/ofs-common/src/fpga_family/agilex/mem_ss/qip/axilite_ic/ip/emif_csr_ic/emif_csr_ic_clock_in.ip was found in the project.
    Info: IP file /home/uwb_student00/ahls/new_BSP/work_ia840f_fim_12/ofs-common/src/fpga_family/agilex/mem_ss/qip/axilite_ic/ip/emif_csr_ic/emif_csr_ic_reset_in.ip was found in the project.
    Info: IP file /home/uwb_student00/ahls/new_BSP/work_ia840f_fim_12/ofs-common/src/fpga_family/agilex/mem_ss/qip/axilite_ic/ip/emif_csr_ic/emif_csr_slv.ip was found in the project.
    Info: IP file /home/uwb_student00/ahls/new_BSP/work_ia840f_fim_12/ofs-common/src/fpga_family/agilex/mem_ss/qip/axilite_ic/ip/emif_csr_ic/mem_ss_csr_mst.ip was found in the project.
    Info: IP file /home/uwb_student00/ahls/new_BSP/work_ia840f_fim_12/ofs-common/src/fpga_family/agilex/mem_ss/qip/axilite_ic/ip/emif_csr_ic/emif_dfh_mst.ip was found in the project.
    Info: IP file /home/uwb_student00/ahls/new_BSP/work_ia840f_fim_12/ipss/pcie/qip/pcie_ss.ip was found in the project.
    Info: IP file /home/uwb_student00/ahls/new_BSP/work_ia840f_fim_12/ipss/ia840f/bwbmc/ip/bw_840_support/bw_840_support_axi_bridge_0.ip was found in the project.
    Info: IP file /home/uwb_student00/ahls/new_BSP/work_ia840f_fim_12/ipss/ia840f/bwbmc/ip/bw_840_support/bw_840_support_mm_bridge_0.ip was found in the project.
    Info: IP file /home/uwb_student00/ahls/new_BSP/work_ia840f_fim_12/ipss/ia840f/bwbmc/ip/bw_840_support/bw_840_support_sysid_qsys_0.ip was found in the project.
    Info: IP file /home/uwb_student00/ahls/new_BSP/work_ia840f_fim_12/ipss/ia840f/bwbmc/ip/bw_840_support/host_bmc_support_pipeline.ip was found in the project.
    Info: IP file /home/uwb_student00/ahls/new_BSP/work_ia840f_fim_12/ipss/ia840f/bwbmc/ip/bw_840_support/host_sdm_pipeline.ip was found in the project.
    Info: IP file /home/uwb_student00/ahls/new_BSP/work_ia840f_fim_12/ipss/ia840f/bwbmc/ip/bw_840_support/sysclk_bridge.ip was found in the project.
    Info: IP file /home/uwb_student00/ahls/new_BSP/work_ia840f_fim_12/ipss/ia840f/bwbmc/ip/bw_840_support/sysrst_bridge.ip was found in the project.
    Info: IP file /home/uwb_student00/ahls/new_BSP/work_ia840f_fim_12/ipss/ia840f/bwbmc/ip/bmc_spi_sub/bmc_spi_cardtest_pipe.ip was found in the project.
    Info: IP file /home/uwb_student00/ahls/new_BSP/work_ia840f_fim_12/ipss/ia840f/bwbmc/ip/bmc_spi_sub/bmc_spi_pipe0.ip was found in the project.
    Info: IP file /home/uwb_student00/ahls/new_BSP/work_ia840f_fim_12/ipss/ia840f/bwbmc/ip/bmc_spi_sub/bmc_spi_sdm_pipe.ip was found in the project.
    Info: IP file /home/uwb_student00/ahls/new_BSP/work_ia840f_fim_12/ipss/ia840f/bwbmc/ip/bmc_spi_sub/bmc_spi_support_pipe.ip was found in the project.
    Info: IP file /home/uwb_student00/ahls/new_BSP/work_ia840f_fim_12/ipss/ia840f/bwbmc/ip/bmc_spi_sub/bmc_spi_to_avmm.ip was found in the project.
    Info: IP file /home/uwb_student00/ahls/new_BSP/work_ia840f_fim_12/ipss/ia840f/bwbmc/ip/bmc_spi_sub/bmc_spi_xcvr_pipe.ip was found in the project.
    Info: IP file /home/uwb_student00/ahls/new_BSP/work_ia840f_fim_12/ipss/ia840f/bwbmc/ip/bmc_spi_sub/bmc_to_pcie_irq_gen.ip was found in the project.
    Info: IP file /home/uwb_student00/ahls/new_BSP/work_ia840f_fim_12/ipss/ia840f/bwbmc/ip/bmc_spi_sub/host_sdm_pipe.ip was found in the project.
    Info: IP file /home/uwb_student00/ahls/new_BSP/work_ia840f_fim_12/ipss/ia840f/bwbmc/ip/bmc_spi_sub/host_support_pipe.ip was found in the project.
    Info: IP file /home/uwb_student00/ahls/new_BSP/work_ia840f_fim_12/ipss/ia840f/bwbmc/ip/bmc_spi_sub/ocmem.ip was found in the project.
    Info: IP file /home/uwb_student00/ahls/new_BSP/work_ia840f_fim_12/ipss/ia840f/bwbmc/ip/bmc_spi_sub/pci_to_bmc_irq_gen.ip was found in the project.
    Info: IP file /home/uwb_student00/ahls/new_BSP/work_ia840f_fim_12/ipss/ia840f/bwbmc/ip/bmc_spi_sub/sdm_mailbox.ip was found in the project.
    Info: IP file /home/uwb_student00/ahls/new_BSP/work_ia840f_fim_12/ipss/ia840f/bwbmc/ip/bmc_spi_sub/sdm_pipeline.ip was found in the project.
    Info: IP file /home/uwb_student00/ahls/new_BSP/work_ia840f_fim_12/ipss/ia840f/bwbmc/ip/bmc_spi_sub/sdm_reset.ip was found in the project.
    Info: IP file /home/uwb_student00/ahls/new_BSP/work_ia840f_fim_12/ipss/ia840f/bwbmc/ip/bmc_spi_sub/system_arbiter.ip was found in the project.
    Info: IP file /home/uwb_student00/ahls/new_BSP/work_ia840f_fim_12/ipss/ia840f/bwbmc/ip/bmc_spi_sub/system_clk_bridge.ip was found in the project.
    Info: IP file /home/uwb_student00/ahls/new_BSP/work_ia840f_fim_12/ipss/ia840f/bwbmc/ip/bmc_spi_sub/system_rst_bridge.ip was found in the project.
    Info: IP file /home/uwb_student00/ahls/new_BSP/work_ia840f_fim_12/src/pd_qsys/fabric/ip/apf/apf_achk_slv.ip was found in the project.
    Info: IP file /home/uwb_student00/ahls/new_BSP/work_ia840f_fim_12/src/pd_qsys/fabric/ip/apf/apf_default_slv.ip was found in the project.
    Info: IP file /home/uwb_student00/ahls/new_BSP/work_ia840f_fim_12/src/pd_qsys/fabric/ip/apf/apf_bpf_mst.ip was found in the project.
    Info: IP file /home/uwb_student00/ahls/new_BSP/work_ia840f_fim_12/src/pd_qsys/fabric/ip/apf/apf_bpf_slv.ip was found in the project.
    Info: IP file /home/uwb_student00/ahls/new_BSP/work_ia840f_fim_12/src/pd_qsys/fabric/ip/apf/apf_clock_bridge.ip was found in the project.
    Info: IP file /home/uwb_student00/ahls/new_BSP/work_ia840f_fim_12/src/pd_qsys/fabric/ip/apf/apf_mctp_mst.ip was found in the project.
    Info: IP file /home/uwb_student00/ahls/new_BSP/work_ia840f_fim_12/src/pd_qsys/fabric/ip/apf/apf_pr_slv.ip was found in the project.
    Info: IP file /home/uwb_student00/ahls/new_BSP/work_ia840f_fim_12/src/pd_qsys/fabric/ip/apf/apf_reset_bridge.ip was found in the project.
    Info: IP file /home/uwb_student00/ahls/new_BSP/work_ia840f_fim_12/src/pd_qsys/fabric/ip/apf/apf_st2mm_mst.ip was found in the project.
    Info: IP file /home/uwb_student00/ahls/new_BSP/work_ia840f_fim_12/src/pd_qsys/fabric/ip/apf/apf_st2mm_slv.ip was found in the project.
    Info: IP file /home/uwb_student00/ahls/new_BSP/work_ia840f_fim_12/src/pd_qsys/fabric/ip/apf/apf_uart_mst.ip was found in the project.
    Info: IP file /home/uwb_student00/ahls/new_BSP/work_ia840f_fim_12/src/pd_qsys/fabric/ip/apf/apf_uart_slv.ip was found in the project.
    Info: IP file /home/uwb_student00/ahls/new_BSP/work_ia840f_fim_12/src/pd_qsys/fabric/ip/bpf/bpf_default_slv.ip was found in the project.
    Info: IP file /home/uwb_student00/ahls/new_BSP/work_ia840f_fim_12/src/pd_qsys/fabric/ip/bpf/bpf_apf_mst.ip was found in the project.
    Info: IP file /home/uwb_student00/ahls/new_BSP/work_ia840f_fim_12/src/pd_qsys/fabric/ip/bpf/bpf_apf_slv.ip was found in the project.
    Info: IP file /home/uwb_student00/ahls/new_BSP/work_ia840f_fim_12/src/pd_qsys/fabric/ip/bpf/bpf_clock_bridge.ip was found in the project.
    Info: IP file /home/uwb_student00/ahls/new_BSP/work_ia840f_fim_12/src/pd_qsys/fabric/ip/bpf/bpf_emif_slv.ip was found in the project.
    Info: IP file /home/uwb_student00/ahls/new_BSP/work_ia840f_fim_12/src/pd_qsys/fabric/ip/bpf/bpf_fme_mst.ip was found in the project.
    Info: IP file /home/uwb_student00/ahls/new_BSP/work_ia840f_fim_12/src/pd_qsys/fabric/ip/bpf/bpf_fme_slv.ip was found in the project.
    Info: IP file /home/uwb_student00/ahls/new_BSP/work_ia840f_fim_12/src/pd_qsys/fabric/ip/bpf/bpf_hssi_slv.ip was found in the project.
    Info: IP file /home/uwb_student00/ahls/new_BSP/work_ia840f_fim_12/src/pd_qsys/fabric/ip/bpf/bpf_pcie_slv.ip was found in the project.
    Info: IP file /home/uwb_student00/ahls/new_BSP/work_ia840f_fim_12/src/pd_qsys/fabric/ip/bpf/bpf_pmci_lpbk_mst.ip was found in the project.
    Info: IP file /home/uwb_student00/ahls/new_BSP/work_ia840f_fim_12/src/pd_qsys/fabric/ip/bpf/bpf_pmci_lpbk_slv.ip was found in the project.
    Info: IP file /home/uwb_student00/ahls/new_BSP/work_ia840f_fim_12/src/pd_qsys/fabric/ip/bpf/bpf_pmci_mst.ip was found in the project.
    Info: IP file /home/uwb_student00/ahls/new_BSP/work_ia840f_fim_12/src/pd_qsys/fabric/ip/bpf/bpf_pmci_slv.ip was found in the project.
    Info: IP file /home/uwb_student00/ahls/new_BSP/work_ia840f_fim_12/src/pd_qsys/fabric/ip/bpf/bpf_qsfp0_slv.ip was found in the project.
    Info: IP file /home/uwb_student00/ahls/new_BSP/work_ia840f_fim_12/src/pd_qsys/fabric/ip/bpf/bpf_qsfp1_slv.ip was found in the project.
    Info: IP file /home/uwb_student00/ahls/new_BSP/work_ia840f_fim_12/src/pd_qsys/fabric/ip/bpf/bpf_reset_bridge.ip was found in the project.
    Info: IP file /home/uwb_student00/ahls/new_BSP/work_ia840f_fim_12/ipss/mem/qip/mem_ss/mem_ss.ip was found in the project.
    Info: IP file /home/uwb_student00/ahls/new_BSP/work_ia840f_fim_12/ipss/mem/qip/ed_sim/ed_sim_mem.ip was found in the project.
    Info: IP file /home/uwb_student00/ahls/new_BSP/work_ia840f_fim_12/ipss/mem/qip/ed_sim/ed_sim_mem_group1.ip was found in the project.
    Info: IP file /home/uwb_student00/ahls/new_BSP/work_ia840f_fim_12/ofs-common/src/fpga_family/agilex/uart/ip/uart.ip was found in the project.
Info: Skipped elaborating entity ../../../../ofs-common/src/fpga_family/agilex/remote_stp/remote_debug_jtag_only.qsys based on generation settings.
Info: Skipped elaborating entity ../../../../ofs-common/src/fpga_family/agilex/mem_ss/qip/axilite_ic/emif_csr_ic.qsys based on generation settings.
Info: Skipped elaborating entity ../../../../ipss/ia840f/bwbmc/bw_840_support.qsys based on generation settings.
Info: Skipped elaborating entity ../../../../ipss/ia840f/bwbmc/bmc_spi_sub.qsys based on generation settings.
Info: Skipped elaborating entity ../../../../src/pd_qsys/fabric/apf.qsys based on generation settings.
Info: Skipped elaborating entity ../../../../src/pd_qsys/fabric/bpf.qsys based on generation settings.
Info: Skipped elaborating entity ../../../../ofs-common/src/common/fme_id_rom/fme_id_rom.ip based on generation settings.
Info: Skipped elaborating entity ../../../../ofs-common/src/common/lib/fifo/sc_fifo_tx_sc_fifo.ip based on generation settings.
Info: Skipped elaborating entity ../../../../ofs-common/src/fpga_family/agilex/avst_pipeline/avst_pipeline_st_pipeline_stage_0.ip based on generation settings.
Info: Skipped elaborating entity ../../../../ofs-common/src/fpga_family/agilex/cfg_mon/cfg_mon.ip based on generation settings.
Info: Skipped elaborating entity ../../../../ofs-common/src/fpga_family/agilex/pr/PR_IP.ip based on generation settings.
Info: Skipped elaborating entity ../../../../ofs-common/src/fpga_family/agilex/remote_stp/ip/remote_debug_jtag_only/remote_debug_jtag_only_clock_in.ip based on generation settings.
Info: Skipped elaborating entity ../../../../ofs-common/src/fpga_family/agilex/remote_stp/ip/remote_debug_jtag_only/host_if.ip based on generation settings.
Info: Skipped elaborating entity ../../../../ofs-common/src/fpga_family/agilex/remote_stp/ip/remote_debug_jtag_only/jop_blaster.ip based on generation settings.
Info: Skipped elaborating entity ../../../../ofs-common/src/fpga_family/agilex/remote_stp/ip/remote_debug_jtag_only/remote_debug_jtag_only_reset_in.ip based on generation settings.
Info: Skipped elaborating entity ../../../../ofs-common/src/fpga_family/agilex/remote_stp/ip/remote_debug_jtag_only/sys_clk.ip based on generation settings.
Info: Skipped elaborating entity ../../../../ofs-common/src/fpga_family/agilex/remote_stp/AFU_debug/config_reset_release.ip based on generation settings.
Info: Skipped elaborating entity ../../../../ofs-common/src/fpga_family/agilex/remote_stp/AFU_debug/scjio_agilex.ip based on generation settings.
Info: Skipped elaborating entity ../../../../ofs-common/src/fpga_family/agilex/sys_pll/sys_pll.ip based on generation settings.
Info: Skipped elaborating entity ../../../../ofs-common/src/fpga_family/agilex/user_clock/qph_user_clk_iopll_RF100M.ip based on generation settings.
Info: Skipped elaborating entity ../../../../ofs-common/src/fpga_family/agilex/user_clock/qph_user_clk_iopll_reconfig.ip based on generation settings.
Info: Skipped elaborating entity ../../../../ofs-common/src/fpga_family/agilex/mem_ss/qip/axilite_ic/ip/emif_csr_ic/emif_csr_ic_clock_in.ip based on generation settings.
Info: Skipped elaborating entity ../../../../ofs-common/src/fpga_family/agilex/mem_ss/qip/axilite_ic/ip/emif_csr_ic/emif_csr_ic_reset_in.ip based on generation settings.
Info: Skipped elaborating entity ../../../../ofs-common/src/fpga_family/agilex/mem_ss/qip/axilite_ic/ip/emif_csr_ic/emif_csr_slv.ip based on generation settings.
Info: Skipped elaborating entity ../../../../ofs-common/src/fpga_family/agilex/mem_ss/qip/axilite_ic/ip/emif_csr_ic/mem_ss_csr_mst.ip based on generation settings.
Info: Skipped elaborating entity ../../../../ofs-common/src/fpga_family/agilex/mem_ss/qip/axilite_ic/ip/emif_csr_ic/emif_dfh_mst.ip based on generation settings.
Info: Skipped elaborating entity ../../../../ipss/pcie/qip/pcie_ss.ip based on generation settings.
Info: Skipped elaborating entity ../../../../ipss/ia840f/bwbmc/ip/bw_840_support/bw_840_support_axi_bridge_0.ip based on generation settings.
Info: Skipped elaborating entity ../../../../ipss/ia840f/bwbmc/ip/bw_840_support/bw_840_support_mm_bridge_0.ip based on generation settings.
Info: Skipped elaborating entity ../../../../ipss/ia840f/bwbmc/ip/bw_840_support/bw_840_support_sysid_qsys_0.ip based on generation settings.
Info: Skipped elaborating entity ../../../../ipss/ia840f/bwbmc/ip/bw_840_support/host_bmc_support_pipeline.ip based on generation settings.
Info: Skipped elaborating entity ../../../../ipss/ia840f/bwbmc/ip/bw_840_support/host_sdm_pipeline.ip based on generation settings.
Info: Skipped elaborating entity ../../../../ipss/ia840f/bwbmc/ip/bw_840_support/sysclk_bridge.ip based on generation settings.
Info: Skipped elaborating entity ../../../../ipss/ia840f/bwbmc/ip/bw_840_support/sysrst_bridge.ip based on generation settings.
Info: Skipped elaborating entity ../../../../ipss/ia840f/bwbmc/ip/bmc_spi_sub/bmc_spi_cardtest_pipe.ip based on generation settings.
Info: Skipped elaborating entity ../../../../ipss/ia840f/bwbmc/ip/bmc_spi_sub/bmc_spi_pipe0.ip based on generation settings.
Info: Skipped elaborating entity ../../../../ipss/ia840f/bwbmc/ip/bmc_spi_sub/bmc_spi_sdm_pipe.ip based on generation settings.
Info: Skipped elaborating entity ../../../../ipss/ia840f/bwbmc/ip/bmc_spi_sub/bmc_spi_support_pipe.ip based on generation settings.
Info: Skipped elaborating entity ../../../../ipss/ia840f/bwbmc/ip/bmc_spi_sub/bmc_spi_to_avmm.ip based on generation settings.
Info: Skipped elaborating entity ../../../../ipss/ia840f/bwbmc/ip/bmc_spi_sub/bmc_spi_xcvr_pipe.ip based on generation settings.
Info: Skipped elaborating entity ../../../../ipss/ia840f/bwbmc/ip/bmc_spi_sub/bmc_to_pcie_irq_gen.ip based on generation settings.
Info: Skipped elaborating entity ../../../../ipss/ia840f/bwbmc/ip/bmc_spi_sub/host_sdm_pipe.ip based on generation settings.
Info: Skipped elaborating entity ../../../../ipss/ia840f/bwbmc/ip/bmc_spi_sub/host_support_pipe.ip based on generation settings.
Info: Skipped elaborating entity ../../../../ipss/ia840f/bwbmc/ip/bmc_spi_sub/ocmem.ip based on generation settings.
Info: Skipped elaborating entity ../../../../ipss/ia840f/bwbmc/ip/bmc_spi_sub/pci_to_bmc_irq_gen.ip based on generation settings.
Info: Skipped elaborating entity ../../../../ipss/ia840f/bwbmc/ip/bmc_spi_sub/sdm_mailbox.ip based on generation settings.
Info: Skipped elaborating entity ../../../../ipss/ia840f/bwbmc/ip/bmc_spi_sub/sdm_pipeline.ip based on generation settings.
Info: Skipped elaborating entity ../../../../ipss/ia840f/bwbmc/ip/bmc_spi_sub/sdm_reset.ip based on generation settings.
Info: Skipped elaborating entity ../../../../ipss/ia840f/bwbmc/ip/bmc_spi_sub/system_arbiter.ip based on generation settings.
Info: Skipped elaborating entity ../../../../ipss/ia840f/bwbmc/ip/bmc_spi_sub/system_clk_bridge.ip based on generation settings.
Info: Skipped elaborating entity ../../../../ipss/ia840f/bwbmc/ip/bmc_spi_sub/system_rst_bridge.ip based on generation settings.
Info: Skipped elaborating entity ../../../../src/pd_qsys/fabric/ip/apf/apf_achk_slv.ip based on generation settings.
Info: Skipped elaborating entity ../../../../src/pd_qsys/fabric/ip/apf/apf_default_slv.ip based on generation settings.
Info: Skipped elaborating entity ../../../../src/pd_qsys/fabric/ip/apf/apf_bpf_mst.ip based on generation settings.
Info: Skipped elaborating entity ../../../../src/pd_qsys/fabric/ip/apf/apf_bpf_slv.ip based on generation settings.
Info: Skipped elaborating entity ../../../../src/pd_qsys/fabric/ip/apf/apf_clock_bridge.ip based on generation settings.
Info: Skipped elaborating entity ../../../../src/pd_qsys/fabric/ip/apf/apf_mctp_mst.ip based on generation settings.
Info: Skipped elaborating entity ../../../../src/pd_qsys/fabric/ip/apf/apf_pr_slv.ip based on generation settings.
Info: Skipped elaborating entity ../../../../src/pd_qsys/fabric/ip/apf/apf_reset_bridge.ip based on generation settings.
Info: Skipped elaborating entity ../../../../src/pd_qsys/fabric/ip/apf/apf_st2mm_mst.ip based on generation settings.
Info: Skipped elaborating entity ../../../../src/pd_qsys/fabric/ip/apf/apf_st2mm_slv.ip based on generation settings.
Info: Skipped elaborating entity ../../../../src/pd_qsys/fabric/ip/apf/apf_uart_mst.ip based on generation settings.
Info: Skipped elaborating entity ../../../../src/pd_qsys/fabric/ip/apf/apf_uart_slv.ip based on generation settings.
Info: Skipped elaborating entity ../../../../src/pd_qsys/fabric/ip/bpf/bpf_default_slv.ip based on generation settings.
Info: Skipped elaborating entity ../../../../src/pd_qsys/fabric/ip/bpf/bpf_apf_mst.ip based on generation settings.
Info: Skipped elaborating entity ../../../../src/pd_qsys/fabric/ip/bpf/bpf_apf_slv.ip based on generation settings.
Info: Skipped elaborating entity ../../../../src/pd_qsys/fabric/ip/bpf/bpf_clock_bridge.ip based on generation settings.
Info: Skipped elaborating entity ../../../../src/pd_qsys/fabric/ip/bpf/bpf_emif_slv.ip based on generation settings.
Info: Skipped elaborating entity ../../../../src/pd_qsys/fabric/ip/bpf/bpf_fme_mst.ip based on generation settings.
Info: Skipped elaborating entity ../../../../src/pd_qsys/fabric/ip/bpf/bpf_fme_slv.ip based on generation settings.
Info: Skipped elaborating entity ../../../../src/pd_qsys/fabric/ip/bpf/bpf_hssi_slv.ip based on generation settings.
Info: Skipped elaborating entity ../../../../src/pd_qsys/fabric/ip/bpf/bpf_pcie_slv.ip based on generation settings.
Info: Skipped elaborating entity ../../../../src/pd_qsys/fabric/ip/bpf/bpf_pmci_lpbk_mst.ip based on generation settings.
Info: Skipped elaborating entity ../../../../src/pd_qsys/fabric/ip/bpf/bpf_pmci_lpbk_slv.ip based on generation settings.
Info: Skipped elaborating entity ../../../../src/pd_qsys/fabric/ip/bpf/bpf_pmci_mst.ip based on generation settings.
Info: Skipped elaborating entity ../../../../src/pd_qsys/fabric/ip/bpf/bpf_pmci_slv.ip based on generation settings.
Info: Skipped elaborating entity ../../../../src/pd_qsys/fabric/ip/bpf/bpf_qsfp0_slv.ip based on generation settings.
Info: Skipped elaborating entity ../../../../src/pd_qsys/fabric/ip/bpf/bpf_qsfp1_slv.ip based on generation settings.
Info: Skipped elaborating entity ../../../../src/pd_qsys/fabric/ip/bpf/bpf_reset_bridge.ip based on generation settings.
Info: Skipped elaborating entity ../../../../ipss/mem/qip/mem_ss/mem_ss.ip based on generation settings.
Info: Skipped elaborating entity ../../../../ipss/mem/qip/ed_sim/ed_sim_mem.ip based on generation settings.
Info: Skipped elaborating entity ../../../../ipss/mem/qip/ed_sim/ed_sim_mem_group1.ip based on generation settings.
Info: Skipped elaborating entity ../../../../ofs-common/src/fpga_family/agilex/uart/ip/uart.ip based on generation settings.
Info: Finished generating IP file(s) in the project.
    Info: {Previously generated synthesis files were detected in the Platform Designer IP file generation directory (/home/uwb_student00/ahls/new_BSP/work_ia840f_fim_12/syn/board/ia840f/syn_top/../../../../ofs-common/src/fpga_family/agilex/remote_stp/remote_debug_jtag_only).} {Skipped generation of synthesis files for the Platform Designer IP file ../../../../ofs-common/src/fpga_family/agilex/remote_stp/remote_debug_jtag_only.qsys based on the current regeneration policy setting (Tools/Options/IP Settings).} {Previously generated synthesis files were detected in the Platform Designer IP file generation directory (/home/uwb_student00/ahls/new_BSP/work_ia840f_fim_12/syn/board/ia840f/syn_top/../../../../ofs-common/src/fpga_family/agilex/mem_ss/qip/axilite_ic/emif_csr_ic).} {Skipped generation of synthesis files for the Platform Designer IP file ../../../../ofs-common/src/fpga_family/agilex/mem_ss/qip/axilite_ic/emif_csr_ic.qsys based on the current regeneration policy setting (Tools/Options/IP Settings).} {Previously generated synthesis files were detected in the Platform Designer IP file generation directory (/home/uwb_student00/ahls/new_BSP/work_ia840f_fim_12/syn/board/ia840f/syn_top/../../../../ipss/ia840f/bwbmc/bw_840_support).} {Skipped generation of synthesis files for the Platform Designer IP file ../../../../ipss/ia840f/bwbmc/bw_840_support.qsys based on the current regeneration policy setting (Tools/Options/IP Settings).} {Previously generated synthesis files were detected in the Platform Designer IP file generation directory (/home/uwb_student00/ahls/new_BSP/work_ia840f_fim_12/syn/board/ia840f/syn_top/../../../../ipss/ia840f/bwbmc/bmc_spi_sub).} {Skipped generation of synthesis files for the Platform Designer IP file ../../../../ipss/ia840f/bwbmc/bmc_spi_sub.qsys based on the current regeneration policy setting (Tools/Options/IP Settings).} {Previously generated synthesis files were detected in the Platform Designer IP file generation directory (/home/uwb_student00/ahls/new_BSP/work_ia840f_fim_12/syn/board/ia840f/syn_top/../../../../src/pd_qsys/fabric/apf).} {Skipped generation of synthesis files for the Platform Designer IP file ../../../../src/pd_qsys/fabric/apf.qsys based on the current regeneration policy setting (Tools/Options/IP Settings).} {Previously generated synthesis files were detected in the Platform Designer IP file generation directory (/home/uwb_student00/ahls/new_BSP/work_ia840f_fim_12/syn/board/ia840f/syn_top/../../../../src/pd_qsys/fabric/bpf).} {Skipped generation of synthesis files for the Platform Designer IP file ../../../../src/pd_qsys/fabric/bpf.qsys based on the current regeneration policy setting (Tools/Options/IP Settings).} {Previously generated synthesis files were detected in the Platform Designer IP file generation directory (/home/uwb_student00/ahls/new_BSP/work_ia840f_fim_12/syn/board/ia840f/syn_top/../../../../ofs-common/src/common/fme_id_rom/fme_id_rom).} {Skipped generation of synthesis files for the Platform Designer IP file ../../../../ofs-common/src/common/fme_id_rom/fme_id_rom.ip based on the current regeneration policy setting (Tools/Options/IP Settings).} {Previously generated synthesis files were detected in the Platform Designer IP file generation directory (/home/uwb_student00/ahls/new_BSP/work_ia840f_fim_12/syn/board/ia840f/syn_top/../../../../ofs-common/src/common/lib/fifo/sc_fifo_tx_sc_fifo).} {Skipped generation of synthesis files for the Platform Designer IP file ../../../../ofs-common/src/common/lib/fifo/sc_fifo_tx_sc_fifo.ip based on the current regeneration policy setting (Tools/Options/IP Settings).} {Previously generated synthesis files were detected in the Platform Designer IP file generation directory (/home/uwb_student00/ahls/new_BSP/work_ia840f_fim_12/syn/board/ia840f/syn_top/../../../../ofs-common/src/fpga_family/agilex/avst_pipeline/avst_pipeline_st_pipeline_stage_0).} {Skipped generation of synthesis files for the Platform Designer IP file ../../../../ofs-common/src/fpga_family/agilex/avst_pipeline/avst_pipeline_st_pipeline_stage_0.ip based on the current regeneration policy setting (Tools/Options/IP Settings).} {Previously generated synthesis files were detected in the Platform Designer IP file generation directory (/home/uwb_student00/ahls/new_BSP/work_ia840f_fim_12/syn/board/ia840f/syn_top/../../../../ofs-common/src/fpga_family/agilex/cfg_mon/cfg_mon).} {Skipped generation of synthesis files for the Platform Designer IP file ../../../../ofs-common/src/fpga_family/agilex/cfg_mon/cfg_mon.ip based on the current regeneration policy setting (Tools/Options/IP Settings).} {Previously generated synthesis files were detected in the Platform Designer IP file generation directory (/home/uwb_student00/ahls/new_BSP/work_ia840f_fim_12/syn/board/ia840f/syn_top/../../../../ofs-common/src/fpga_family/agilex/pr/PR_IP).} {Skipped generation of synthesis files for the Platform Designer IP file ../../../../ofs-common/src/fpga_family/agilex/pr/PR_IP.ip based on the current regeneration policy setting (Tools/Options/IP Settings).} {Previously generated synthesis files were detected in the Platform Designer IP file generation directory (/home/uwb_student00/ahls/new_BSP/work_ia840f_fim_12/syn/board/ia840f/syn_top/../../../../ofs-common/src/fpga_family/agilex/remote_stp/ip/remote_debug_jtag_only/remote_debug_jtag_only_clock_in).} {Skipped generation of synthesis files for the Platform Designer IP file ../../../../ofs-common/src/fpga_family/agilex/remote_stp/ip/remote_debug_jtag_only/remote_debug_jtag_only_clock_in.ip based on the current regeneration policy setting (Tools/Options/IP Settings).} {Previously generated synthesis files were detected in the Platform Designer IP file generation directory (/home/uwb_student00/ahls/new_BSP/work_ia840f_fim_12/syn/board/ia840f/syn_top/../../../../ofs-common/src/fpga_family/agilex/remote_stp/ip/remote_debug_jtag_only/host_if).} {Skipped generation of synthesis files for the Platform Designer IP file ../../../../ofs-common/src/fpga_family/agilex/remote_stp/ip/remote_debug_jtag_only/host_if.ip based on the current regeneration policy setting (Tools/Options/IP Settings).} {Previously generated synthesis files were detected in the Platform Designer IP file generation directory (/home/uwb_student00/ahls/new_BSP/work_ia840f_fim_12/syn/board/ia840f/syn_top/../../../../ofs-common/src/fpga_family/agilex/remote_stp/ip/remote_debug_jtag_only/jop_blaster).} {Skipped generation of synthesis files for the Platform Designer IP file ../../../../ofs-common/src/fpga_family/agilex/remote_stp/ip/remote_debug_jtag_only/jop_blaster.ip based on the current regeneration policy setting (Tools/Options/IP Settings).} {Previously generated synthesis files were detected in the Platform Designer IP file generation directory (/home/uwb_student00/ahls/new_BSP/work_ia840f_fim_12/syn/board/ia840f/syn_top/../../../../ofs-common/src/fpga_family/agilex/remote_stp/ip/remote_debug_jtag_only/remote_debug_jtag_only_reset_in).} {Skipped generation of synthesis files for the Platform Designer IP file ../../../../ofs-common/src/fpga_family/agilex/remote_stp/ip/remote_debug_jtag_only/remote_debug_jtag_only_reset_in.ip based on the current regeneration policy setting (Tools/Options/IP Settings).} {Previously generated synthesis files were detected in the Platform Designer IP file generation directory (/home/uwb_student00/ahls/new_BSP/work_ia840f_fim_12/syn/board/ia840f/syn_top/../../../../ofs-common/src/fpga_family/agilex/remote_stp/ip/remote_debug_jtag_only/sys_clk).} {Skipped generation of synthesis files for the Platform Designer IP file ../../../../ofs-common/src/fpga_family/agilex/remote_stp/ip/remote_debug_jtag_only/sys_clk.ip based on the current regeneration policy setting (Tools/Options/IP Settings).} {Previously generated synthesis files were detected in the Platform Designer IP file generation directory (/home/uwb_student00/ahls/new_BSP/work_ia840f_fim_12/syn/board/ia840f/syn_top/../../../../ofs-common/src/fpga_family/agilex/remote_stp/AFU_debug/config_reset_release).} {Skipped generation of synthesis files for the Platform Designer IP file ../../../../ofs-common/src/fpga_family/agilex/remote_stp/AFU_debug/config_reset_release.ip based on the current regeneration policy setting (Tools/Options/IP Settings).} {Previously generated synthesis files were detected in the Platform Designer IP file generation directory (/home/uwb_student00/ahls/new_BSP/work_ia840f_fim_12/syn/board/ia840f/syn_top/../../../../ofs-common/src/fpga_family/agilex/remote_stp/AFU_debug/scjio_agilex).} {Skipped generation of synthesis files for the Platform Designer IP file ../../../../ofs-common/src/fpga_family/agilex/remote_stp/AFU_debug/scjio_agilex.ip based on the current regeneration policy setting (Tools/Options/IP Settings).} {Previously generated synthesis files were detected in the Platform Designer IP file generation directory (/home/uwb_student00/ahls/new_BSP/work_ia840f_fim_12/syn/board/ia840f/syn_top/../../../../ofs-common/src/fpga_family/agilex/sys_pll/sys_pll).} {Skipped generation of synthesis files for the Platform Designer IP file ../../../../ofs-common/src/fpga_family/agilex/sys_pll/sys_pll.ip based on the current regeneration policy setting (Tools/Options/IP Settings).} {Previously generated synthesis files were detected in the Platform Designer IP file generation directory (/home/uwb_student00/ahls/new_BSP/work_ia840f_fim_12/syn/board/ia840f/syn_top/../../../../ofs-common/src/fpga_family/agilex/user_clock/qph_user_clk_iopll_RF100M).} {Skipped generation of synthesis files for the Platform Designer IP file ../../../../ofs-common/src/fpga_family/agilex/user_clock/qph_user_clk_iopll_RF100M.ip based on the current regeneration policy setting (Tools/Options/IP Settings).} {Previously generated synthesis files were detected in the Platform Designer IP file generation directory (/home/uwb_student00/ahls/new_BSP/work_ia840f_fim_12/syn/board/ia840f/syn_top/../../../../ofs-common/src/fpga_family/agilex/user_clock/qph_user_clk_iopll_reconfig).} {Skipped generation of synthesis files for the Platform Designer IP file ../../../../ofs-common/src/fpga_family/agilex/user_clock/qph_user_clk_iopll_reconfig.ip based on the current regeneration policy setting (Tools/Options/IP Settings).} {Previously generated synthesis files were detected in the Platform Designer IP file generation directory (/home/uwb_student00/ahls/new_BSP/work_ia840f_fim_12/syn/board/ia840f/syn_top/../../../../ofs-common/src/fpga_family/agilex/mem_ss/qip/axilite_ic/ip/emif_csr_ic/emif_csr_ic_clock_in).} {Skipped generation of synthesis files for the Platform Designer IP file ../../../../ofs-common/src/fpga_family/agilex/mem_ss/qip/axilite_ic/ip/emif_csr_ic/emif_csr_ic_clock_in.ip based on the current regeneration policy setting (Tools/Options/IP Settings).} {Previously generated synthesis files were detected in the Platform Designer IP file generation directory (/home/uwb_student00/ahls/new_BSP/work_ia840f_fim_12/syn/board/ia840f/syn_top/../../../../ofs-common/src/fpga_family/agilex/mem_ss/qip/axilite_ic/ip/emif_csr_ic/emif_csr_ic_reset_in).} {Skipped generation of synthesis files for the Platform Designer IP file ../../../../ofs-common/src/fpga_family/agilex/mem_ss/qip/axilite_ic/ip/emif_csr_ic/emif_csr_ic_reset_in.ip based on the current regeneration policy setting (Tools/Options/IP Settings).} {Previously generated synthesis files were detected in the Platform Designer IP file generation directory (/home/uwb_student00/ahls/new_BSP/work_ia840f_fim_12/syn/board/ia840f/syn_top/../../../../ofs-common/src/fpga_family/agilex/mem_ss/qip/axilite_ic/ip/emif_csr_ic/emif_csr_slv).} {Skipped generation of synthesis files for the Platform Designer IP file ../../../../ofs-common/src/fpga_family/agilex/mem_ss/qip/axilite_ic/ip/emif_csr_ic/emif_csr_slv.ip based on the current regeneration policy setting (Tools/Options/IP Settings).} {Previously generated synthesis files were detected in the Platform Designer IP file generation directory (/home/uwb_student00/ahls/new_BSP/work_ia840f_fim_12/syn/board/ia840f/syn_top/../../../../ofs-common/src/fpga_family/agilex/mem_ss/qip/axilite_ic/ip/emif_csr_ic/mem_ss_csr_mst).} {Skipped generation of synthesis files for the Platform Designer IP file ../../../../ofs-common/src/fpga_family/agilex/mem_ss/qip/axilite_ic/ip/emif_csr_ic/mem_ss_csr_mst.ip based on the current regeneration policy setting (Tools/Options/IP Settings).} {Previously generated synthesis files were detected in the Platform Designer IP file generation directory (/home/uwb_student00/ahls/new_BSP/work_ia840f_fim_12/syn/board/ia840f/syn_top/../../../../ofs-common/src/fpga_family/agilex/mem_ss/qip/axilite_ic/ip/emif_csr_ic/emif_dfh_mst).} {Skipped generation of synthesis files for the Platform Designer IP file ../../../../ofs-common/src/fpga_family/agilex/mem_ss/qip/axilite_ic/ip/emif_csr_ic/emif_dfh_mst.ip based on the current regeneration policy setting (Tools/Options/IP Settings).} {Previously generated synthesis files were detected in the Platform Designer IP file generation directory (/home/uwb_student00/ahls/new_BSP/work_ia840f_fim_12/syn/board/ia840f/syn_top/../../../../ipss/pcie/qip/pcie_ss).} {Skipped generation of synthesis files for the Platform Designer IP file ../../../../ipss/pcie/qip/pcie_ss.ip based on the current regeneration policy setting (Tools/Options/IP Settings).} {Previously generated synthesis files were detected in the Platform Designer IP file generation directory (/home/uwb_student00/ahls/new_BSP/work_ia840f_fim_12/syn/board/ia840f/syn_top/../../../../ipss/ia840f/bwbmc/ip/bw_840_support/bw_840_support_axi_bridge_0).} {Skipped generation of synthesis files for the Platform Designer IP file ../../../../ipss/ia840f/bwbmc/ip/bw_840_support/bw_840_support_axi_bridge_0.ip based on the current regeneration policy setting (Tools/Options/IP Settings).} {Previously generated synthesis files were detected in the Platform Designer IP file generation directory (/home/uwb_student00/ahls/new_BSP/work_ia840f_fim_12/syn/board/ia840f/syn_top/../../../../ipss/ia840f/bwbmc/ip/bw_840_support/bw_840_support_mm_bridge_0).} {Skipped generation of synthesis files for the Platform Designer IP file ../../../../ipss/ia840f/bwbmc/ip/bw_840_support/bw_840_support_mm_bridge_0.ip based on the current regeneration policy setting (Tools/Options/IP Settings).} {Previously generated synthesis files were detected in the Platform Designer IP file generation directory (/home/uwb_student00/ahls/new_BSP/work_ia840f_fim_12/syn/board/ia840f/syn_top/../../../../ipss/ia840f/bwbmc/ip/bw_840_support/bw_840_support_sysid_qsys_0).} {Skipped generation of synthesis files for the Platform Designer IP file ../../../../ipss/ia840f/bwbmc/ip/bw_840_support/bw_840_support_sysid_qsys_0.ip based on the current regeneration policy setting (Tools/Options/IP Settings).} {Previously generated synthesis files were detected in the Platform Designer IP file generation directory (/home/uwb_student00/ahls/new_BSP/work_ia840f_fim_12/syn/board/ia840f/syn_top/../../../../ipss/ia840f/bwbmc/ip/bw_840_support/host_bmc_support_pipeline).} {Skipped generation of synthesis files for the Platform Designer IP file ../../../../ipss/ia840f/bwbmc/ip/bw_840_support/host_bmc_support_pipeline.ip based on the current regeneration policy setting (Tools/Options/IP Settings).} {Previously generated synthesis files were detected in the Platform Designer IP file generation directory (/home/uwb_student00/ahls/new_BSP/work_ia840f_fim_12/syn/board/ia840f/syn_top/../../../../ipss/ia840f/bwbmc/ip/bw_840_support/host_sdm_pipeline).} {Skipped generation of synthesis files for the Platform Designer IP file ../../../../ipss/ia840f/bwbmc/ip/bw_840_support/host_sdm_pipeline.ip based on the current regeneration policy setting (Tools/Options/IP Settings).} {Previously generated synthesis files were detected in the Platform Designer IP file generation directory (/home/uwb_student00/ahls/new_BSP/work_ia840f_fim_12/syn/board/ia840f/syn_top/../../../../ipss/ia840f/bwbmc/ip/bw_840_support/sysclk_bridge).} {Skipped generation of synthesis files for the Platform Designer IP file ../../../../ipss/ia840f/bwbmc/ip/bw_840_support/sysclk_bridge.ip based on the current regeneration policy setting (Tools/Options/IP Settings).} {Previously generated synthesis files were detected in the Platform Designer IP file generation directory (/home/uwb_student00/ahls/new_BSP/work_ia840f_fim_12/syn/board/ia840f/syn_top/../../../../ipss/ia840f/bwbmc/ip/bw_840_support/sysrst_bridge).} {Skipped generation of synthesis files for the Platform Designer IP file ../../../../ipss/ia840f/bwbmc/ip/bw_840_support/sysrst_bridge.ip based on the current regeneration policy setting (Tools/Options/IP Settings).} {Previously generated synthesis files were detected in the Platform Designer IP file generation directory (/home/uwb_student00/ahls/new_BSP/work_ia840f_fim_12/syn/board/ia840f/syn_top/../../../../ipss/ia840f/bwbmc/ip/bmc_spi_sub/bmc_spi_cardtest_pipe).} {Skipped generation of synthesis files for the Platform Designer IP file ../../../../ipss/ia840f/bwbmc/ip/bmc_spi_sub/bmc_spi_cardtest_pipe.ip based on the current regeneration policy setting (Tools/Options/IP Settings).} {Previously generated synthesis files were detected in the Platform Designer IP file generation directory (/home/uwb_student00/ahls/new_BSP/work_ia840f_fim_12/syn/board/ia840f/syn_top/../../../../ipss/ia840f/bwbmc/ip/bmc_spi_sub/bmc_spi_pipe0).} {Skipped generation of synthesis files for the Platform Designer IP file ../../../../ipss/ia840f/bwbmc/ip/bmc_spi_sub/bmc_spi_pipe0.ip based on the current regeneration policy setting (Tools/Options/IP Settings).} {Previously generated synthesis files were detected in the Platform Designer IP file generation directory (/home/uwb_student00/ahls/new_BSP/work_ia840f_fim_12/syn/board/ia840f/syn_top/../../../../ipss/ia840f/bwbmc/ip/bmc_spi_sub/bmc_spi_sdm_pipe).} {Skipped generation of synthesis files for the Platform Designer IP file ../../../../ipss/ia840f/bwbmc/ip/bmc_spi_sub/bmc_spi_sdm_pipe.ip based on the current regeneration policy setting (Tools/Options/IP Settings).} {Previously generated synthesis files were detected in the Platform Designer IP file generation directory (/home/uwb_student00/ahls/new_BSP/work_ia840f_fim_12/syn/board/ia840f/syn_top/../../../../ipss/ia840f/bwbmc/ip/bmc_spi_sub/bmc_spi_support_pipe).} {Skipped generation of synthesis files for the Platform Designer IP file ../../../../ipss/ia840f/bwbmc/ip/bmc_spi_sub/bmc_spi_support_pipe.ip based on the current regeneration policy setting (Tools/Options/IP Settings).} {Previously generated synthesis files were detected in the Platform Designer IP file generation directory (/home/uwb_student00/ahls/new_BSP/work_ia840f_fim_12/syn/board/ia840f/syn_top/../../../../ipss/ia840f/bwbmc/ip/bmc_spi_sub/bmc_spi_to_avmm).} {Skipped generation of synthesis files for the Platform Designer IP file ../../../../ipss/ia840f/bwbmc/ip/bmc_spi_sub/bmc_spi_to_avmm.ip based on the current regeneration policy setting (Tools/Options/IP Settings).} {Previously generated synthesis files were detected in the Platform Designer IP file generation directory (/home/uwb_student00/ahls/new_BSP/work_ia840f_fim_12/syn/board/ia840f/syn_top/../../../../ipss/ia840f/bwbmc/ip/bmc_spi_sub/bmc_spi_xcvr_pipe).} {Skipped generation of synthesis files for the Platform Designer IP file ../../../../ipss/ia840f/bwbmc/ip/bmc_spi_sub/bmc_spi_xcvr_pipe.ip based on the current regeneration policy setting (Tools/Options/IP Settings).} {Previously generated synthesis files were detected in the Platform Designer IP file generation directory (/home/uwb_student00/ahls/new_BSP/work_ia840f_fim_12/syn/board/ia840f/syn_top/../../../../ipss/ia840f/bwbmc/ip/bmc_spi_sub/bmc_to_pcie_irq_gen).} {Skipped generation of synthesis files for the Platform Designer IP file ../../../../ipss/ia840f/bwbmc/ip/bmc_spi_sub/bmc_to_pcie_irq_gen.ip based on the current regeneration policy setting (Tools/Options/IP Settings).} {Previously generated synthesis files were detected in the Platform Designer IP file generation directory (/home/uwb_student00/ahls/new_BSP/work_ia840f_fim_12/syn/board/ia840f/syn_top/../../../../ipss/ia840f/bwbmc/ip/bmc_spi_sub/host_sdm_pipe).} {Skipped generation of synthesis files for the Platform Designer IP file ../../../../ipss/ia840f/bwbmc/ip/bmc_spi_sub/host_sdm_pipe.ip based on the current regeneration policy setting (Tools/Options/IP Settings).} {Previously generated synthesis files were detected in the Platform Designer IP file generation directory (/home/uwb_student00/ahls/new_BSP/work_ia840f_fim_12/syn/board/ia840f/syn_top/../../../../ipss/ia840f/bwbmc/ip/bmc_spi_sub/host_support_pipe).} {Skipped generation of synthesis files for the Platform Designer IP file ../../../../ipss/ia840f/bwbmc/ip/bmc_spi_sub/host_support_pipe.ip based on the current regeneration policy setting (Tools/Options/IP Settings).} {Previously generated synthesis files were detected in the Platform Designer IP file generation directory (/home/uwb_student00/ahls/new_BSP/work_ia840f_fim_12/syn/board/ia840f/syn_top/../../../../ipss/ia840f/bwbmc/ip/bmc_spi_sub/ocmem).} {Skipped generation of synthesis files for the Platform Designer IP file ../../../../ipss/ia840f/bwbmc/ip/bmc_spi_sub/ocmem.ip based on the current regeneration policy setting (Tools/Options/IP Settings).} {Previously generated synthesis files were detected in the Platform Designer IP file generation directory (/home/uwb_student00/ahls/new_BSP/work_ia840f_fim_12/syn/board/ia840f/syn_top/../../../../ipss/ia840f/bwbmc/ip/bmc_spi_sub/pci_to_bmc_irq_gen).} {Skipped generation of synthesis files for the Platform Designer IP file ../../../../ipss/ia840f/bwbmc/ip/bmc_spi_sub/pci_to_bmc_irq_gen.ip based on the current regeneration policy setting (Tools/Options/IP Settings).} {Previously generated synthesis files were detected in the Platform Designer IP file generation directory (/home/uwb_student00/ahls/new_BSP/work_ia840f_fim_12/syn/board/ia840f/syn_top/../../../../ipss/ia840f/bwbmc/ip/bmc_spi_sub/sdm_mailbox).} {Skipped generation of synthesis files for the Platform Designer IP file ../../../../ipss/ia840f/bwbmc/ip/bmc_spi_sub/sdm_mailbox.ip based on the current regeneration policy setting (Tools/Options/IP Settings).} {Previously generated synthesis files were detected in the Platform Designer IP file generation directory (/home/uwb_student00/ahls/new_BSP/work_ia840f_fim_12/syn/board/ia840f/syn_top/../../../../ipss/ia840f/bwbmc/ip/bmc_spi_sub/sdm_pipeline).} {Skipped generation of synthesis files for the Platform Designer IP file ../../../../ipss/ia840f/bwbmc/ip/bmc_spi_sub/sdm_pipeline.ip based on the current regeneration policy setting (Tools/Options/IP Settings).} {Previously generated synthesis files were detected in the Platform Designer IP file generation directory (/home/uwb_student00/ahls/new_BSP/work_ia840f_fim_12/syn/board/ia840f/syn_top/../../../../ipss/ia840f/bwbmc/ip/bmc_spi_sub/sdm_reset).} {Skipped generation of synthesis files for the Platform Designer IP file ../../../../ipss/ia840f/bwbmc/ip/bmc_spi_sub/sdm_reset.ip based on the current regeneration policy setting (Tools/Options/IP Settings).} {Previously generated synthesis files were detected in the Platform Designer IP file generation directory (/home/uwb_student00/ahls/new_BSP/work_ia840f_fim_12/syn/board/ia840f/syn_top/../../../../ipss/ia840f/bwbmc/ip/bmc_spi_sub/system_arbiter).} {Skipped generation of synthesis files for the Platform Designer IP file ../../../../ipss/ia840f/bwbmc/ip/bmc_spi_sub/system_arbiter.ip based on the current regeneration policy setting (Tools/Options/IP Settings).} {Previously generated synthesis files were detected in the Platform Designer IP file generation directory (/home/uwb_student00/ahls/new_BSP/work_ia840f_fim_12/syn/board/ia840f/syn_top/../../../../ipss/ia840f/bwbmc/ip/bmc_spi_sub/system_clk_bridge).} {Skipped generation of synthesis files for the Platform Designer IP file ../../../../ipss/ia840f/bwbmc/ip/bmc_spi_sub/system_clk_bridge.ip based on the current regeneration policy setting (Tools/Options/IP Settings).} {Previously generated synthesis files were detected in the Platform Designer IP file generation directory (/home/uwb_student00/ahls/new_BSP/work_ia840f_fim_12/syn/board/ia840f/syn_top/../../../../ipss/ia840f/bwbmc/ip/bmc_spi_sub/system_rst_bridge).} {Skipped generation of synthesis files for the Platform Designer IP file ../../../../ipss/ia840f/bwbmc/ip/bmc_spi_sub/system_rst_bridge.ip based on the current regeneration policy setting (Tools/Options/IP Settings).} {Previously generated synthesis files were detected in the Platform Designer IP file generation directory (/home/uwb_student00/ahls/new_BSP/work_ia840f_fim_12/syn/board/ia840f/syn_top/../../../../src/pd_qsys/fabric/ip/apf/apf_achk_slv).} {Skipped generation of synthesis files for the Platform Designer IP file ../../../../src/pd_qsys/fabric/ip/apf/apf_achk_slv.ip based on the current regeneration policy setting (Tools/Options/IP Settings).} {Previously generated synthesis files were detected in the Platform Designer IP file generation directory (/home/uwb_student00/ahls/new_BSP/work_ia840f_fim_12/syn/board/ia840f/syn_top/../../../../src/pd_qsys/fabric/ip/apf/apf_default_slv).} {Skipped generation of synthesis files for the Platform Designer IP file ../../../../src/pd_qsys/fabric/ip/apf/apf_default_slv.ip based on the current regeneration policy setting (Tools/Options/IP Settings).} {Previously generated synthesis files were detected in the Platform Designer IP file generation directory (/home/uwb_student00/ahls/new_BSP/work_ia840f_fim_12/syn/board/ia840f/syn_top/../../../../src/pd_qsys/fabric/ip/apf/apf_bpf_mst).} {Skipped generation of synthesis files for the Platform Designer IP file ../../../../src/pd_qsys/fabric/ip/apf/apf_bpf_mst.ip based on the current regeneration policy setting (Tools/Options/IP Settings).} {Previously generated synthesis files were detected in the Platform Designer IP file generation directory (/home/uwb_student00/ahls/new_BSP/work_ia840f_fim_12/syn/board/ia840f/syn_top/../../../../src/pd_qsys/fabric/ip/apf/apf_bpf_slv).} {Skipped generation of synthesis files for the Platform Designer IP file ../../../../src/pd_qsys/fabric/ip/apf/apf_bpf_slv.ip based on the current regeneration policy setting (Tools/Options/IP Settings).} {Previously generated synthesis files were detected in the Platform Designer IP file generation directory (/home/uwb_student00/ahls/new_BSP/work_ia840f_fim_12/syn/board/ia840f/syn_top/../../../../src/pd_qsys/fabric/ip/apf/apf_clock_bridge).} {Skipped generation of synthesis files for the Platform Designer IP file ../../../../src/pd_qsys/fabric/ip/apf/apf_clock_bridge.ip based on the current regeneration policy setting (Tools/Options/IP Settings).} {Previously generated synthesis files were detected in the Platform Designer IP file generation directory (/home/uwb_student00/ahls/new_BSP/work_ia840f_fim_12/syn/board/ia840f/syn_top/../../../../src/pd_qsys/fabric/ip/apf/apf_mctp_mst).} {Skipped generation of synthesis files for the Platform Designer IP file ../../../../src/pd_qsys/fabric/ip/apf/apf_mctp_mst.ip based on the current regeneration policy setting (Tools/Options/IP Settings).} {Previously generated synthesis files were detected in the Platform Designer IP file generation directory (/home/uwb_student00/ahls/new_BSP/work_ia840f_fim_12/syn/board/ia840f/syn_top/../../../../src/pd_qsys/fabric/ip/apf/apf_pr_slv).} {Skipped generation of synthesis files for the Platform Designer IP file ../../../../src/pd_qsys/fabric/ip/apf/apf_pr_slv.ip based on the current regeneration policy setting (Tools/Options/IP Settings).} {Previously generated synthesis files were detected in the Platform Designer IP file generation directory (/home/uwb_student00/ahls/new_BSP/work_ia840f_fim_12/syn/board/ia840f/syn_top/../../../../src/pd_qsys/fabric/ip/apf/apf_reset_bridge).} {Skipped generation of synthesis files for the Platform Designer IP file ../../../../src/pd_qsys/fabric/ip/apf/apf_reset_bridge.ip based on the current regeneration policy setting (Tools/Options/IP Settings).} {Previously generated synthesis files were detected in the Platform Designer IP file generation directory (/home/uwb_student00/ahls/new_BSP/work_ia840f_fim_12/syn/board/ia840f/syn_top/../../../../src/pd_qsys/fabric/ip/apf/apf_st2mm_mst).} {Skipped generation of synthesis files for the Platform Designer IP file ../../../../src/pd_qsys/fabric/ip/apf/apf_st2mm_mst.ip based on the current regeneration policy setting (Tools/Options/IP Settings).} {Previously generated synthesis files were detected in the Platform Designer IP file generation directory (/home/uwb_student00/ahls/new_BSP/work_ia840f_fim_12/syn/board/ia840f/syn_top/../../../../src/pd_qsys/fabric/ip/apf/apf_st2mm_slv).} {Skipped generation of synthesis files for the Platform Designer IP file ../../../../src/pd_qsys/fabric/ip/apf/apf_st2mm_slv.ip based on the current regeneration policy setting (Tools/Options/IP Settings).} {Previously generated synthesis files were detected in the Platform Designer IP file generation directory (/home/uwb_student00/ahls/new_BSP/work_ia840f_fim_12/syn/board/ia840f/syn_top/../../../../src/pd_qsys/fabric/ip/apf/apf_uart_mst).} {Skipped generation of synthesis files for the Platform Designer IP file ../../../../src/pd_qsys/fabric/ip/apf/apf_uart_mst.ip based on the current regeneration policy setting (Tools/Options/IP Settings).} {Previously generated synthesis files were detected in the Platform Designer IP file generation directory (/home/uwb_student00/ahls/new_BSP/work_ia840f_fim_12/syn/board/ia840f/syn_top/../../../../src/pd_qsys/fabric/ip/apf/apf_uart_slv).} {Skipped generation of synthesis files for the Platform Designer IP file ../../../../src/pd_qsys/fabric/ip/apf/apf_uart_slv.ip based on the current regeneration policy setting (Tools/Options/IP Settings).} {Previously generated synthesis files were detected in the Platform Designer IP file generation directory (/home/uwb_student00/ahls/new_BSP/work_ia840f_fim_12/syn/board/ia840f/syn_top/../../../../src/pd_qsys/fabric/ip/bpf/bpf_default_slv).} {Skipped generation of synthesis files for the Platform Designer IP file ../../../../src/pd_qsys/fabric/ip/bpf/bpf_default_slv.ip based on the current regeneration policy setting (Tools/Options/IP Settings).} {Previously generated synthesis files were detected in the Platform Designer IP file generation directory (/home/uwb_student00/ahls/new_BSP/work_ia840f_fim_12/syn/board/ia840f/syn_top/../../../../src/pd_qsys/fabric/ip/bpf/bpf_apf_mst).} {Skipped generation of synthesis files for the Platform Designer IP file ../../../../src/pd_qsys/fabric/ip/bpf/bpf_apf_mst.ip based on the current regeneration policy setting (Tools/Options/IP Settings).} {Previously generated synthesis files were detected in the Platform Designer IP file generation directory (/home/uwb_student00/ahls/new_BSP/work_ia840f_fim_12/syn/board/ia840f/syn_top/../../../../src/pd_qsys/fabric/ip/bpf/bpf_apf_slv).} {Skipped generation of synthesis files for the Platform Designer IP file ../../../../src/pd_qsys/fabric/ip/bpf/bpf_apf_slv.ip based on the current regeneration policy setting (Tools/Options/IP Settings).} {Previously generated synthesis files were detected in the Platform Designer IP file generation directory (/home/uwb_student00/ahls/new_BSP/work_ia840f_fim_12/syn/board/ia840f/syn_top/../../../../src/pd_qsys/fabric/ip/bpf/bpf_clock_bridge).} {Skipped generation of synthesis files for the Platform Designer IP file ../../../../src/pd_qsys/fabric/ip/bpf/bpf_clock_bridge.ip based on the current regeneration policy setting (Tools/Options/IP Settings).} {Previously generated synthesis files were detected in the Platform Designer IP file generation directory (/home/uwb_student00/ahls/new_BSP/work_ia840f_fim_12/syn/board/ia840f/syn_top/../../../../src/pd_qsys/fabric/ip/bpf/bpf_emif_slv).} {Skipped generation of synthesis files for the Platform Designer IP file ../../../../src/pd_qsys/fabric/ip/bpf/bpf_emif_slv.ip based on the current regeneration policy setting (Tools/Options/IP Settings).} {Previously generated synthesis files were detected in the Platform Designer IP file generation directory (/home/uwb_student00/ahls/new_BSP/work_ia840f_fim_12/syn/board/ia840f/syn_top/../../../../src/pd_qsys/fabric/ip/bpf/bpf_fme_mst).} {Skipped generation of synthesis files for the Platform Designer IP file ../../../../src/pd_qsys/fabric/ip/bpf/bpf_fme_mst.ip based on the current regeneration policy setting (Tools/Options/IP Settings).} {Previously generated synthesis files were detected in the Platform Designer IP file generation directory (/home/uwb_student00/ahls/new_BSP/work_ia840f_fim_12/syn/board/ia840f/syn_top/../../../../src/pd_qsys/fabric/ip/bpf/bpf_fme_slv).} {Skipped generation of synthesis files for the Platform Designer IP file ../../../../src/pd_qsys/fabric/ip/bpf/bpf_fme_slv.ip based on the current regeneration policy setting (Tools/Options/IP Settings).} {Previously generated synthesis files were detected in the Platform Designer IP file generation directory (/home/uwb_student00/ahls/new_BSP/work_ia840f_fim_12/syn/board/ia840f/syn_top/../../../../src/pd_qsys/fabric/ip/bpf/bpf_hssi_slv).} {Skipped generation of synthesis files for the Platform Designer IP file ../../../../src/pd_qsys/fabric/ip/bpf/bpf_hssi_slv.ip based on the current regeneration policy setting (Tools/Options/IP Settings).} {Previously generated synthesis files were detected in the Platform Designer IP file generation directory (/home/uwb_student00/ahls/new_BSP/work_ia840f_fim_12/syn/board/ia840f/syn_top/../../../../src/pd_qsys/fabric/ip/bpf/bpf_pcie_slv).} {Skipped generation of synthesis files for the Platform Designer IP file ../../../../src/pd_qsys/fabric/ip/bpf/bpf_pcie_slv.ip based on the current regeneration policy setting (Tools/Options/IP Settings).} {Previously generated synthesis files were detected in the Platform Designer IP file generation directory (/home/uwb_student00/ahls/new_BSP/work_ia840f_fim_12/syn/board/ia840f/syn_top/../../../../src/pd_qsys/fabric/ip/bpf/bpf_pmci_lpbk_mst).} {Skipped generation of synthesis files for the Platform Designer IP file ../../../../src/pd_qsys/fabric/ip/bpf/bpf_pmci_lpbk_mst.ip based on the current regeneration policy setting (Tools/Options/IP Settings).} {Previously generated synthesis files were detected in the Platform Designer IP file generation directory (/home/uwb_student00/ahls/new_BSP/work_ia840f_fim_12/syn/board/ia840f/syn_top/../../../../src/pd_qsys/fabric/ip/bpf/bpf_pmci_lpbk_slv).} {Skipped generation of synthesis files for the Platform Designer IP file ../../../../src/pd_qsys/fabric/ip/bpf/bpf_pmci_lpbk_slv.ip based on the current regeneration policy setting (Tools/Options/IP Settings).} {Previously generated synthesis files were detected in the Platform Designer IP file generation directory (/home/uwb_student00/ahls/new_BSP/work_ia840f_fim_12/syn/board/ia840f/syn_top/../../../../src/pd_qsys/fabric/ip/bpf/bpf_pmci_mst).} {Skipped generation of synthesis files for the Platform Designer IP file ../../../../src/pd_qsys/fabric/ip/bpf/bpf_pmci_mst.ip based on the current regeneration policy setting (Tools/Options/IP Settings).} {Previously generated synthesis files were detected in the Platform Designer IP file generation directory (/home/uwb_student00/ahls/new_BSP/work_ia840f_fim_12/syn/board/ia840f/syn_top/../../../../src/pd_qsys/fabric/ip/bpf/bpf_pmci_slv).} {Skipped generation of synthesis files for the Platform Designer IP file ../../../../src/pd_qsys/fabric/ip/bpf/bpf_pmci_slv.ip based on the current regeneration policy setting (Tools/Options/IP Settings).} {Previously generated synthesis files were detected in the Platform Designer IP file generation directory (/home/uwb_student00/ahls/new_BSP/work_ia840f_fim_12/syn/board/ia840f/syn_top/../../../../src/pd_qsys/fabric/ip/bpf/bpf_qsfp0_slv).} {Skipped generation of synthesis files for the Platform Designer IP file ../../../../src/pd_qsys/fabric/ip/bpf/bpf_qsfp0_slv.ip based on the current regeneration policy setting (Tools/Options/IP Settings).} {Previously generated synthesis files were detected in the Platform Designer IP file generation directory (/home/uwb_student00/ahls/new_BSP/work_ia840f_fim_12/syn/board/ia840f/syn_top/../../../../src/pd_qsys/fabric/ip/bpf/bpf_qsfp1_slv).} {Skipped generation of synthesis files for the Platform Designer IP file ../../../../src/pd_qsys/fabric/ip/bpf/bpf_qsfp1_slv.ip based on the current regeneration policy setting (Tools/Options/IP Settings).} {Previously generated synthesis files were detected in the Platform Designer IP file generation directory (/home/uwb_student00/ahls/new_BSP/work_ia840f_fim_12/syn/board/ia840f/syn_top/../../../../src/pd_qsys/fabric/ip/bpf/bpf_reset_bridge).} {Skipped generation of synthesis files for the Platform Designer IP file ../../../../src/pd_qsys/fabric/ip/bpf/bpf_reset_bridge.ip based on the current regeneration policy setting (Tools/Options/IP Settings).} {Previously generated synthesis files were detected in the Platform Designer IP file generation directory (/home/uwb_student00/ahls/new_BSP/work_ia840f_fim_12/syn/board/ia840f/syn_top/../../../../ipss/mem/qip/mem_ss/mem_ss).} {Skipped generation of synthesis files for the Platform Designer IP file ../../../../ipss/mem/qip/mem_ss/mem_ss.ip based on the current regeneration policy setting (Tools/Options/IP Settings).} {Previously generated synthesis files were detected in the Platform Designer IP file generation directory (/home/uwb_student00/ahls/new_BSP/work_ia840f_fim_12/syn/board/ia840f/syn_top/../../../../ipss/mem/qip/ed_sim/ed_sim_mem).} {Skipped generation of synthesis files for the Platform Designer IP file ../../../../ipss/mem/qip/ed_sim/ed_sim_mem.ip based on the current regeneration policy setting (Tools/Options/IP Settings).} {Previously generated synthesis files were detected in the Platform Designer IP file generation directory (/home/uwb_student00/ahls/new_BSP/work_ia840f_fim_12/syn/board/ia840f/syn_top/../../../../ipss/mem/qip/ed_sim/ed_sim_mem_group1).} {Skipped generation of synthesis files for the Platform Designer IP file ../../../../ipss/mem/qip/ed_sim/ed_sim_mem_group1.ip based on the current regeneration policy setting (Tools/Options/IP Settings).} {Previously generated synthesis files were detected in the Platform Designer IP file generation directory (/home/uwb_student00/ahls/new_BSP/work_ia840f_fim_12/syn/board/ia840f/syn_top/../../../../ofs-common/src/fpga_family/agilex/uart/ip/uart).} {Skipped generation of synthesis files for the Platform Designer IP file ../../../../ofs-common/src/fpga_family/agilex/uart/ip/uart.ip based on the current regeneration policy setting (Tools/Options/IP Settings).}
Info: Quartus Prime IP Generation Tool was successful. 0 errors, 0 warnings
    Info: Peak virtual memory: 1498 megabytes
    Info: Processing ended: Sat Sep 19 04:41:24 2026
    Info: Elapsed time: 00:00:01
    Info: System process ID: 176910
Info: *******************************************************************
Info: Running Quartus Prime Shell
    Info: Version 26.1.1 Build 130 08/06/2026 SC Pro Edition
    Info: Processing started: Sat Sep 19 04:41:26 2026
    Info: System process ID: 176914
Info: Command: quartus_sh -t ../../../../syn/shared_config/post_module_hook.tcl quartus_ipgenerate ofs_top ofs_top
In