Change Dir: '/home/uwb_student00/ahls/new_BSP/work_hls_samples_2026_1_0_01/batch12/w1/s096'

Run Build Command(s): /usr/bin/cmake -E env VERBOSE=1 /usr/bin/gmake -f Makefile -j12 fpga_emu
/usr/bin/cmake -S/home/uwb_student00/ahls/new_BSP/work_hls_samples_2026_1_0_01/source-release11/Tutorials/GettingStarted/fpga_template -B/home/uwb_student00/ahls/new_BSP/work_hls_samples_2026_1_0_01/batch12/w1/s096 --check-build-system CMakeFiles/Makefile.cmake 0
/usr/bin/gmake  -f CMakeFiles/Makefile2 fpga_emu
gmake[1]: Entering directory '/home/uwb_student00/ahls/new_BSP/work_hls_samples_2026_1_0_01/batch12/w1/s096'
/usr/bin/cmake -S/home/uwb_student00/ahls/new_BSP/work_hls_samples_2026_1_0_01/source-release11/Tutorials/GettingStarted/fpga_template -B/home/uwb_student00/ahls/new_BSP/work_hls_samples_2026_1_0_01/batch12/w1/s096 --check-build-system CMakeFiles/Makefile.cmake 0
/usr/bin/cmake -E cmake_progress_start /home/uwb_student00/ahls/new_BSP/work_hls_samples_2026_1_0_01/batch12/w1/s096/CMakeFiles 3
/usr/bin/gmake  -f CMakeFiles/Makefile2 CMakeFiles/fpga_emu.dir/all
gmake[2]: Entering directory '/home/uwb_student00/ahls/new_BSP/work_hls_samples_2026_1_0_01/batch12/w1/s096'
/usr/bin/gmake  -f CMakeFiles/displayEmulationCompileCommands.dir/build.make CMakeFiles/displayEmulationCompileCommands.dir/depend
gmake[3]: Entering directory '/home/uwb_student00/ahls/new_BSP/work_hls_samples_2026_1_0_01/batch12/w1/s096'
cd /home/uwb_student00/ahls/new_BSP/work_hls_samples_2026_1_0_01/batch12/w1/s096 && /usr/bin/cmake -E cmake_depends "Unix Makefiles" /home/uwb_student00/ahls/new_BSP/work_hls_samples_2026_1_0_01/source-release11/Tutorials/GettingStarted/fpga_template /home/uwb_student00/ahls/new_BSP/work_hls_samples_2026_1_0_01/source-release11/Tutorials/GettingStarted/fpga_template /home/uwb_student00/ahls/new_BSP/work_hls_samples_2026_1_0_01/batch12/w1/s096 /home/uwb_student00/ahls/new_BSP/work_hls_samples_2026_1_0_01/batch12/w1/s096 /home/uwb_student00/ahls/new_BSP/work_hls_samples_2026_1_0_01/batch12/w1/s096/CMakeFiles/displayEmulationCompileCommands.dir/DependInfo.cmake "--color="
gmake[3]: Leaving directory '/home/uwb_student00/ahls/new_BSP/work_hls_samples_2026_1_0_01/batch12/w1/s096'
/usr/bin/gmake  -f CMakeFiles/displayEmulationCompileCommands.dir/build.make CMakeFiles/displayEmulationCompileCommands.dir/build
gmake[3]: Entering directory '/home/uwb_student00/ahls/new_BSP/work_hls_samples_2026_1_0_01/batch12/w1/s096'
[ 33%] 
To compile manually:
/home/uwb_student00/ahls/altera_hls/aclsycl/bin/ahls -I../../../source-release11/include -Wall -DFPGA_EMULATOR -c ../../../source-release11/Tutorials/GettingStarted/fpga_template/src/fpga_template.cpp -o CMakeFiles/fpga_emu.dir/src/fpga_template.cpp.o

To link manually:
/home/uwb_student00/ahls/altera_hls/aclsycl/bin/ahls -o fpga_template.fpga_emu CMakeFiles/fpga_emu.dir/src/fpga_template.cpp.o
/usr/bin/cmake -E cmake_echo_color --cyan 
gmake[3]: Leaving directory '/home/uwb_student00/ahls/new_BSP/work_hls_samples_2026_1_0_01/batch12/w1/s096'
[ 33%] Built target displayEmulationCompileCommands
/usr/bin/gmake  -f CMakeFiles/fpga_emu.dir/build.make CMakeFiles/fpga_emu.dir/depend
gmake[3]: Entering directory '/home/uwb_student00/ahls/new_BSP/work_hls_samples_2026_1_0_01/batch12/w1/s096'
cd /home/uwb_student00/ahls/new_BSP/work_hls_samples_2026_1_0_01/batch12/w1/s096 && /usr/bin/cmake -E cmake_depends "Unix Makefiles" /home/uwb_student00/ahls/new_BSP/work_hls_samples_2026_1_0_01/source-release11/Tutorials/GettingStarted/fpga_template /home/uwb_student00/ahls/new_BSP/work_hls_samples_2026_1_0_01/source-release11/Tutorials/GettingStarted/fpga_template /home/uwb_student00/ahls/new_BSP/work_hls_samples_2026_1_0_01/batch12/w1/s096 /home/uwb_student00/ahls/new_BSP/work_hls_samples_2026_1_0_01/batch12/w1/s096 /home/uwb_student00/ahls/new_BSP/work_hls_samples_2026_1_0_01/batch12/w1/s096/CMakeFiles/fpga_emu.dir/DependInfo.cmake "--color="
gmake[3]: Leaving directory '/home/uwb_student00/ahls/new_BSP/work_hls_samples_2026_1_0_01/batch12/w1/s096'
/usr/bin/gmake  -f CMakeFiles/fpga_emu.dir/build.make CMakeFiles/fpga_emu.dir/build
gmake[3]: Entering directory '/home/uwb_student00/ahls/new_BSP/work_hls_samples_2026_1_0_01/batch12/w1/s096'
[ 66%] Building CXX object CMakeFiles/fpga_emu.dir/src/fpga_template.cpp.o
/home/uwb_student00/ahls/altera_hls/aclsycl/bin/ahls  -I/home/uwb_student00/ahls/new_BSP/work_hls_samples_2026_1_0_01/source-release11/Tutorials/GettingStarted/fpga_template/../../../include -Wall -DFPGA_EMULATOR -MD -MT CMakeFiles/fpga_emu.dir/src/fpga_template.cpp.o -MF CMakeFiles/fpga_emu.dir/src/fpga_template.cpp.o.d -o CMakeFiles/fpga_emu.dir/src/fpga_template.cpp.o -c /home/uwb_student00/ahls/new_BSP/work_hls_samples_2026_1_0_01/source-release11/Tutorials/GettingStarted/fpga_template/src/fpga_template.cpp
[100%] Linking CXX executable fpga_template.fpga_emu
/usr/bin/cmake -E cmake_link_script CMakeFiles/fpga_emu.dir/link.txt --verbose=1
/home/uwb_student00/ahls/altera_hls/aclsycl/bin/ahls CMakeFiles/fpga_emu.dir/src/fpga_template.cpp.o -o fpga_template.fpga_emu
gmake[3]: Leaving directory '/home/uwb_student00/ahls/new_BSP/work_hls_samples_2026_1_0_01/batch12/w1/s096'
[100%] Built target fpga_emu
gmake[2]: Leaving directory '/home/uwb_student00/ahls/new_BSP/work_hls_samples_2026_1_0_01/batch12/w1/s096'
/usr/bin/cmake -E cmake_progress_start /home/uwb_student00/ahls/new_BSP/work_hls_samples_2026_1_0_01/batch12/w1/s096/CMakeFiles 0
gmake[1]: Leaving directory '/home/uwb_student00/ahls/new_BSP/work_hls_samples_2026_1_0_01/batch12/w1/s096'

