FPGA Test identity read 0x0
FPGA Test identity read 0x8
FPGA Test identity read 0x10
FPGA Test capability read 0x98
FPGA Test capability read 0xa0
FPGA Test capability read 0xa8
FPGA Test capability read 0xb0
FPGA Test discarded quiescent finish history=0
FPGA Test DMA submit sequence=0 mode=1 bank=0 bytes=64 ddr=0x10000
FPGA Test DMA retired and host pages verified sequence=0
FPGA Test DMA submit sequence=1 mode=1 bank=0 bytes=64 ddr=0x14000
FPGA Test DMA retired and host pages verified sequence=1
FPGA Test DMA submit sequence=2 mode=1 bank=1 bytes=64 ddr=0x17fc0
FPGA Test DMA retired and host pages verified sequence=2
FPGA Test DMA submit sequence=3 mode=1 bank=1 bytes=128 ddr=0x18000
FPGA Test DMA retired and host pages verified sequence=3
FPGA Test DMA submit sequence=4 mode=2 bank=1 bytes=64 ddr=0x17fc0
FPGA Test DMA retired and host pages verified sequence=4
FPGA Test DMA submit sequence=5 mode=2 bank=1 bytes=128 ddr=0x18000
FPGA Test DMA retired and host pages verified sequence=5
FPGA Test HLS CASE PASS: case=0 n=1 layout=0 result_bytes=4 guard_bytes=188 descriptors=6
FPGA Test DMA submit sequence=6 mode=1 bank=0 bytes=64 ddr=0x10000
FPGA Test DMA retired and host pages verified sequence=6
FPGA Test DMA submit sequence=7 mode=1 bank=0 bytes=64 ddr=0x14000
FPGA Test DMA retired and host pages verified sequence=7
FPGA Test DMA submit sequence=8 mode=1 bank=1 bytes=64 ddr=0x17fc0
FPGA Test DMA retired and host pages verified sequence=8
FPGA Test DMA submit sequence=9 mode=1 bank=1 bytes=128 ddr=0x18000
FPGA Test DMA retired and host pages verified sequence=9
FPGA Test DMA submit sequence=10 mode=2 bank=1 bytes=64 ddr=0x17fc0
FPGA Test DMA retired and host pages verified sequence=10
FPGA Test DMA submit sequence=11 mode=2 bank=1 bytes=128 ddr=0x18000
FPGA Test DMA retired and host pages verified sequence=11
FPGA Test HLS CASE PASS: case=1 n=8 layout=0 result_bytes=32 guard_bytes=160 descriptors=12
FPGA Test DMA submit sequence=12 mode=1 bank=0 bytes=64 ddr=0x10000
FPGA Test DMA retired and host pages verified sequence=12
FPGA Test DMA submit sequence=13 mode=1 bank=0 bytes=64 ddr=0x14000
FPGA Test DMA retired and host pages verified sequence=13
FPGA Test DMA submit sequence=14 mode=1 bank=1 bytes=64 ddr=0x17fc0
FPGA Test DMA retired and host pages verified sequence=14
FPGA Test DMA submit sequence=15 mode=1 bank=1 bytes=128 ddr=0x18000
FPGA Test DMA retired and host pages verified sequence=15
FPGA Test DMA submit sequence=16 mode=2 bank=1 bytes=64 ddr=0x17fc0
FPGA Test DMA retired and host pages verified sequence=16
FPGA Test DMA submit sequence=17 mode=2 bank=1 bytes=128 ddr=0x18000
FPGA Test DMA retired and host pages verified sequence=17
FPGA Test HLS CASE PASS: case=2 n=9 layout=0 result_bytes=36 guard_bytes=156 descriptors=18
FPGA Test DMA submit sequence=18 mode=1 bank=0 bytes=64 ddr=0x10000
FPGA Test DMA retired and host pages verified sequence=18
FPGA Test DMA submit sequence=19 mode=1 bank=0 bytes=64 ddr=0x14000
FPGA Test DMA retired and host pages verified sequence=19
FPGA Test DMA submit sequence=20 mode=1 bank=1 bytes=64 ddr=0x17fc0
FPGA Test DMA retired and host pages verified sequence=20
FPGA Test DMA submit sequence=21 mode=1 bank=1 bytes=128 ddr=0x18000
FPGA Test DMA retired and host pages verified sequence=21
FPGA Test DMA submit sequence=22 mode=2 bank=1 bytes=64 ddr=0x17fc0
FPGA Test DMA retired and host pages verified sequence=22
FPGA Test DMA submit sequence=23 mode=2 bank=1 bytes=128 ddr=0x18000
FPGA Test DMA retired and host pages verified sequence=23
FPGA Test HLS CASE PASS: case=3 n=16 layout=0 result_bytes=64 guard_bytes=128 descriptors=24
FPGA Test DMA submit sequence=24 mode=1 bank=0 bytes=128 ddr=0x10000
FPGA Test DMA retired and host pages verified sequence=24
FPGA Test DMA submit sequence=25 mode=1 bank=0 bytes=128 ddr=0x14000
FPGA Test DMA retired and host pages verified sequence=25
FPGA Test DMA submit sequence=26 mode=1 bank=1 bytes=64 ddr=0x17fc0
FPGA Test DMA retired and host pages verified sequence=26
FPGA Test DMA submit sequence=27 mode=1 bank=1 bytes=128 ddr=0x18000
FPGA Test DMA retired and host pages verified sequence=27
FPGA Test DMA submit sequence=28 mode=1 bank=1 bytes=64 ddr=0x18080
FPGA Test DMA retired and host pages verified sequence=28
FPGA Test DMA submit sequence=29 mode=2 bank=1 bytes=64 ddr=0x17fc0
FPGA Test DMA retired and host pages verified sequence=29
FPGA Test DMA submit sequence=30 mode=2 bank=1 bytes=128 ddr=0x18000
FPGA Test DMA retired and host pages verified sequence=30
FPGA Test DMA submit sequence=31 mode=2 bank=1 bytes=64 ddr=0x18080
FPGA Test DMA retired and host pages verified sequence=31
FPGA Test HLS CASE PASS: case=4 n=17 layout=0 result_bytes=68 guard_bytes=188 descriptors=32
FPGA Test DMA submit sequence=32 mode=1 bank=0 bytes=128 ddr=0x10000
FPGA Test DMA retired and host pages verified sequence=32
FPGA Test DMA submit sequence=33 mode=1 bank=0 bytes=128 ddr=0x14000
FPGA Test DMA retired and host pages verified sequence=33
FPGA Test DMA submit sequence=34 mode=1 bank=1 bytes=64 ddr=0x17fc0
FPGA Test DMA retired and host pages verified sequence=34
FPGA Test DMA submit sequence=35 mode=1 bank=1 bytes=128 ddr=0x18000
FPGA Test DMA retired and host pages verified sequence=35
FPGA Test DMA submit sequence=36 mode=1 bank=1 bytes=64 ddr=0x18080
FPGA Test DMA retired and host pages verified sequence=36
FPGA Test DMA submit sequence=37 mode=2 bank=1 bytes=64 ddr=0x17fc0
FPGA Test DMA retired and host pages verified sequence=37
FPGA Test DMA submit sequence=38 mode=2 bank=1 bytes=128 ddr=0x18000
FPGA Test DMA retired and host pages verified sequence=38
FPGA Test DMA submit sequence=39 mode=2 bank=1 bytes=64 ddr=0x18080
FPGA Test DMA retired and host pages verified sequence=39
FPGA Test HLS CASE PASS: case=5 n=31 layout=0 result_bytes=124 guard_bytes=132 descriptors=40
FPGA Test DMA submit sequence=40 mode=1 bank=0 bytes=128 ddr=0x10000
FPGA Test DMA retired and host pages verified sequence=40
FPGA Test DMA submit sequence=41 mode=1 bank=0 bytes=128 ddr=0x14000
FPGA Test DMA retired and host pages verified sequence=41
FPGA Test DMA submit sequence=42 mode=1 bank=1 bytes=64 ddr=0x17fc0
FPGA Test DMA retired and host pages verified sequence=42
FPGA Test DMA submit sequence=43 mode=1 bank=1 bytes=128 ddr=0x18000
FPGA Test DMA retired and host pages verified sequence=43
FPGA Test DMA submit sequence=44 mode=1 bank=1 bytes=64 ddr=0x18080
FPGA Test DMA retired and host pages verified sequence=44
FPGA Test DMA submit sequence=45 mode=2 bank=1 bytes=64 ddr=0x17fc0
FPGA Test DMA retired and host pages verified sequence=45
FPGA Test DMA submit sequence=46 mode=2 bank=1 bytes=128 ddr=0x18000
FPGA Test DMA retired and host pages verified sequence=46
FPGA Test DMA submit sequence=47 mode=2 bank=1 bytes=64 ddr=0x18080
FPGA Test DMA retired and host pages verified sequence=47
FPGA Test HLS CASE PASS: case=6 n=32 layout=0 result_bytes=128 guard_bytes=128 descriptors=48
FPGA Test DMA submit sequence=48 mode=1 bank=0 bytes=128 ddr=0x10000
FPGA Test DMA retired and host pages verified sequence=48
FPGA Test DMA submit sequence=49 mode=1 bank=0 bytes=64 ddr=0x10080
FPGA Test DMA retired and host pages verified sequence=49
FPGA Test DMA submit sequence=50 mode=1 bank=0 bytes=128 ddr=0x14000
FPGA Test DMA retired and host pages verified sequence=50
FPGA Test DMA submit sequence=51 mode=1 bank=0 bytes=64 ddr=0x14080
FPGA Test DMA retired and host pages verified sequence=51
FPGA Test DMA submit sequence=52 mode=1 bank=1 bytes=64 ddr=0x17fc0
FPGA Test DMA retired and host pages verified sequence=52
FPGA Test DMA submit sequence=53 mode=1 bank=1 bytes=128 ddr=0x18000
FPGA Test DMA retired and host pages verified sequence=53
FPGA Test DMA submit sequence=54 mode=1 bank=1 bytes=128 ddr=0x18080
FPGA Test DMA retired and host pages verified sequence=54
FPGA Test DMA submit sequence=55 mode=2 bank=1 bytes=64 ddr=0x17fc0
FPGA Test DMA retired and host pages verified sequence=55
FPGA Test DMA submit sequence=56 mode=2 bank=1 bytes=128 ddr=0x18000
FPGA Test DMA retired and host pages verified sequence=56
FPGA Test DMA submit sequence=57 mode=2 bank=1 bytes=128 ddr=0x18080
FPGA Test DMA retired and host pages verified sequence=57
FPGA Test HLS CASE PASS: case=7 n=33 layout=0 result_bytes=132 guard_bytes=188 descriptors=58
FPGA Test DMA submit sequence=58 mode=1 bank=0 bytes=128 ddr=0x10000
FPGA Test DMA retired and host pages verified sequence=58
FPGA Test DMA submit sequence=59 mode=1 bank=0 bytes=128 ddr=0x10080
FPGA Test DMA retired and host pages verified sequence=59
FPGA Test DMA submit sequence=60 mode=1 bank=0 bytes=128 ddr=0x14000
FPGA Test DMA retired and host pages verified sequence=60
FPGA Test DMA submit sequence=61 mode=1 bank=0 bytes=128 ddr=0x14080
FPGA Test DMA retired and host pages verified sequence=61
FPGA Test DMA submit sequence=62 mode=1 bank=1 bytes=64 ddr=0x17fc0
FPGA Test DMA retired and host pages verified sequence=62
FPGA Test DMA submit sequence=63 mode=1 bank=1 bytes=128 ddr=0x18000
FPGA Test DMA retired and host pages verified sequence=63
FPGA Test DMA submit sequence=64 mode=1 bank=1 bytes=128 ddr=0x18080
FPGA Test DMA retired and host pages verified sequence=64
FPGA Test DMA submit sequence=65 mode=1 bank=1 bytes=64 ddr=0x18100
FPGA Test DMA retired and host pages verified sequence=65
FPGA Test DMA submit sequence=66 mode=2 bank=1 bytes=64 ddr=0x17fc0
FPGA Test DMA retired and host pages verified sequence=66
FPGA Test DMA submit sequence=67 mode=2 bank=1 bytes=128 ddr=0x18000
FPGA Test DMA retired and host pages verified sequence=67
FPGA Test DMA submit sequence=68 mode=2 bank=1 bytes=128 ddr=0x18080
FPGA Test DMA retired and host pages verified sequence=68
FPGA Test DMA submit sequence=69 mode=2 bank=1 bytes=64 ddr=0x18100
FPGA Test DMA retired and host pages verified sequence=69
FPGA Test HLS CASE PASS: case=8 n=63 layout=0 result_bytes=252 guard_bytes=132 descriptors=70
FPGA Test DMA submit sequence=70 mode=1 bank=0 bytes=128 ddr=0x10000
FPGA Test DMA retired and host pages verified sequence=70
FPGA Test DMA submit sequence=71 mode=1 bank=0 bytes=128 ddr=0x10080
FPGA Test DMA retired and host pages verified sequence=71
FPGA Test DMA submit sequence=72 mode=1 bank=0 bytes=128 ddr=0x14000
FPGA Test DMA retired and host pages verified sequence=72
FPGA Test DMA submit sequence=73 mode=1 bank=0 bytes=128 ddr=0x14080
FPGA Test DMA retired and host pages verified sequence=73
FPGA Test DMA submit sequence=74 mode=1 bank=1 bytes=64 ddr=0x17fc0
FPGA Test DMA retired and host pages verified sequence=74
FPGA Test DMA submit sequence=75 mode=1 bank=1 bytes=128 ddr=0x18000
FPGA Test DMA retired and host pages verified sequence=75
FPGA Test DMA submit sequence=76 mode=1 bank=1 bytes=128 ddr=0x18080
FPGA Test DMA retired and host pages verified sequence=76
FPGA Test DMA submit sequence=77 mode=1 bank=1 bytes=64 ddr=0x18100
FPGA Test DMA retired and host pages verified sequence=77
FPGA Test DMA submit sequence=78 mode=2 bank=1 bytes=64 ddr=0x17fc0
FPGA Test DMA retired and host pages verified sequence=78
FPGA Test DMA submit sequence=79 mode=2 bank=1 bytes=128 ddr=0x18000
FPGA Test DMA retired and host pages verified sequence=79
FPGA Test DMA submit sequence=80 mode=2 bank=1 bytes=128 ddr=0x18080
FPGA Test DMA retired and host pages verified sequence=80
FPGA Test DMA submit sequence=81 mode=2 bank=1 bytes=64 ddr=0x18100
FPGA Test DMA retired and host pages verified sequence=81
FPGA Test HLS CASE PASS: case=9 n=64 layout=0 result_bytes=256 guard_bytes=128 descriptors=82
FPGA Test DMA submit sequence=82 mode=1 bank=0 bytes=128 ddr=0x10000
FPGA Test DMA retired and host pages verified sequence=82
FPGA Test DMA submit sequence=83 mode=1 bank=0 bytes=128 ddr=0x10080
FPGA Test DMA retired and host pages verified sequence=83
FPGA Test DMA submit sequence=84 mode=1 bank=0 bytes=64 ddr=0x10100
FPGA Test DMA retired and host pages verified sequence=84
FPGA Test DMA submit sequence=85 mode=1 bank=0 bytes=128 ddr=0x14000
FPGA Test DMA retired and host pages verified sequence=85
FPGA Test DMA submit sequence=86 mode=1 bank=0 bytes=128 ddr=0x14080
FPGA Test DMA retired and host pages verified sequence=86
FPGA Test DMA submit sequence=87 mode=1 bank=0 bytes=64 ddr=0x14100
FPGA Test DMA retired and host pages verified sequence=87
FPGA Test DMA submit sequence=88 mode=1 bank=1 bytes=64 ddr=0x17fc0
FPGA Test DMA retired and host pages verified sequence=88
FPGA Test DMA submit sequence=89 mode=1 bank=1 bytes=128 ddr=0x18000
FPGA Test DMA retired and host pages verified sequence=89
FPGA Test DMA submit sequence=90 mode=1 bank=1 bytes=128 ddr=0x18080
FPGA Test DMA retired and host pages verified sequence=90
FPGA Test DMA submit sequence=91 mode=1 bank=1 bytes=128 ddr=0x18100
FPGA Test DMA retired and host pages verified sequence=91
FPGA Test DMA submit sequence=92 mode=2 bank=1 bytes=64 ddr=0x17fc0
FPGA Test DMA retired and host pages verified sequence=92
FPGA Test DMA submit sequence=93 mode=2 bank=1 bytes=128 ddr=0x18000
FPGA Test DMA retired and host pages verified sequence=93
FPGA Test DMA submit sequence=94 mode=2 bank=1 bytes=128 ddr=0x18080
FPGA Test DMA retired and host pages verified sequence=94
FPGA Test DMA submit sequence=95 mode=2 bank=1 bytes=128 ddr=0x18100
FPGA Test DMA retired and host pages verified sequence=95
FPGA Test HLS CASE PASS: case=10 n=65 layout=0 result_bytes=260 guard_bytes=188 descriptors=96
FPGA Test DMA submit sequence=96 mode=1 bank=0 bytes=128 ddr=0x10000
FPGA Test DMA retired and host pages verified sequence=96
FPGA Test DMA submit sequence=97 mode=1 bank=0 bytes=128 ddr=0x10080
FPGA Test DMA retired and host pages verified sequence=97
FPGA Test DMA submit sequence=98 mode=1 bank=0 bytes=128 ddr=0x10100
FPGA Test DMA retired and host pages verified sequence=98
FPGA Test DMA submit sequence=99 mode=1 bank=0 bytes=128 ddr=0x10180
FPGA Test DMA retired and host pages verified sequence=99
FPGA Test DMA submit sequence=100 mode=1 bank=0 bytes=128 ddr=0x14000
FPGA Test DMA retired and host pages verified sequence=100
FPGA Test DMA submit sequence=101 mode=1 bank=0 bytes=128 ddr=0x14080
FPGA Test DMA retired and host pages verified sequence=101
FPGA Test DMA submit sequence=102 mode=1 bank=0 bytes=128 ddr=0x14100
FPGA Test DMA retired and host pages verified sequence=102
FPGA Test DMA submit sequence=103 mode=1 bank=0 bytes=128 ddr=0x14180
FPGA Test DMA retired and host pages verified sequence=103
FPGA Test DMA submit sequence=104 mode=1 bank=1 bytes=64 ddr=0x17fc0
FPGA Test DMA retired and host pages verified sequence=104
FPGA Test DMA submit sequence=105 mode=1 bank=1 bytes=128 ddr=0x18000
FPGA Test DMA retired and host pages verified sequence=105
FPGA Test DMA submit sequence=106 mode=1 bank=1 bytes=128 ddr=0x18080
FPGA Test DMA retired and host pages verified sequence=106
FPGA Test DMA submit sequence=107 mode=1 bank=1 bytes=128 ddr=0x18100
FPGA Test DMA retired and host pages verified sequence=107
FPGA Test DMA submit sequence=108 mode=1 bank=1 bytes=128 ddr=0x18180
FPGA Test DMA retired and host pages verified sequence=108
FPGA Test DMA submit sequence=109 mode=1 bank=1 bytes=64 ddr=0x18200
FPGA Test DMA retired and host pages verified sequence=109
FPGA Test DMA submit sequence=110 mode=2 bank=1 bytes=64 ddr=0x17fc0
FPGA Test DMA retired and host pages verified sequence=110
FPGA Test DMA submit sequence=111 mode=2 bank=1 bytes=128 ddr=0x18000
FPGA Test DMA retired and host pages verified sequence=111
FPGA Test DMA submit sequence=112 mode=2 bank=1 bytes=128 ddr=0x18080
FPGA Test DMA retired and host pages verified sequence=112
FPGA Test DMA submit sequence=113 mode=2 bank=1 bytes=128 ddr=0x18100
FPGA Test DMA retired and host pages verified sequence=113
FPGA Test DMA submit sequence=114 mode=2 bank=1 bytes=128 ddr=0x18180
FPGA Test DMA retired and host pages verified sequence=114
FPGA Test DMA submit sequence=115 mode=2 bank=1 bytes=64 ddr=0x18200
FPGA Test DMA retired and host pages verified sequence=115
FPGA Test HLS CASE PASS: case=11 n=127 layout=0 result_bytes=508 guard_bytes=132 descriptors=116
FPGA Test DMA submit sequence=116 mode=1 bank=0 bytes=128 ddr=0x10000
FPGA Test DMA retired and host pages verified sequence=116
FPGA Test DMA submit sequence=117 mode=1 bank=0 bytes=128 ddr=0x10080
FPGA Test DMA retired and host pages verified sequence=117
FPGA Test DMA submit sequence=118 mode=1 bank=0 bytes=128 ddr=0x10100
FPGA Test DMA retired and host pages verified sequence=118
FPGA Test DMA submit sequence=119 mode=1 bank=0 bytes=128 ddr=0x10180
FPGA Test DMA retired and host pages verified sequence=119
FPGA Test DMA submit sequence=120 mode=1 bank=0 bytes=128 ddr=0x14000
FPGA Test DMA retired and host pages verified sequence=120
FPGA Test DMA submit sequence=121 mode=1 bank=0 bytes=128 ddr=0x14080
FPGA Test DMA retired and host pages verified sequence=121
FPGA Test DMA submit sequence=122 mode=1 bank=0 bytes=128 ddr=0x14100
FPGA Test DMA retired and host pages verified sequence=122
FPGA Test DMA submit sequence=123 mode=1 bank=0 bytes=128 ddr=0x14180
FPGA Test DMA retired and host pages verified sequence=123
FPGA Test DMA submit sequence=124 mode=1 bank=1 bytes=64 ddr=0x17fc0
FPGA Test DMA retired and host pages verified sequence=124
FPGA Test DMA submit sequence=125 mode=1 bank=1 bytes=128 ddr=0x18000
FPGA Test DMA retired and host pages verified sequence=125
FPGA Test DMA submit sequence=126 mode=1 bank=1 bytes=128 ddr=0x18080
FPGA Test DMA retired and host pages verified sequence=126
FPGA Test DMA submit sequence=127 mode=1 bank=1 bytes=128 ddr=0x18100
FPGA Test DMA retired and host pages verified sequence=127
FPGA Test DMA submit sequence=128 mode=1 bank=1 bytes=128 ddr=0x18180
FPGA Test DMA retired and host pages verified sequence=128
FPGA Test DMA submit sequence=129 mode=1 bank=1 bytes=64 ddr=0x18200
FPGA Test DMA retired and host pages verified sequence=129
FPGA Test DMA submit sequence=130 mode=2 bank=1 bytes=64 ddr=0x17fc0
FPGA Test DMA retired and host pages verified sequence=130
FPGA Test DMA submit sequence=131 mode=2 bank=1 bytes=128 ddr=0x18000
FPGA Test DMA retired and host pages verified sequence=131
FPGA Test DMA submit sequence=132 mode=2 bank=1 bytes=128 ddr=0x18080
FPGA Test DMA retired and host pages verified sequence=132
FPGA Test DMA submit sequence=133 mode=2 bank=1 bytes=128 ddr=0x18100
FPGA Test DMA retired and host pages verified sequence=133
FPGA Test DMA submit sequence=134 mode=2 bank=1 bytes=128 ddr=0x18180
FPGA Test DMA retired and host pages verified sequence=134
FPGA Test DMA submit sequence=135 mode=2 bank=1 bytes=64 ddr=0x18200
FPGA Test DMA retired and host pages verified sequence=135
FPGA Test HLS CASE PASS: case=12 n=128 layout=0 result_bytes=512 guard_bytes=128 descriptors=136
FPGA Test DMA submit sequence=136 mode=1 bank=0 bytes=128 ddr=0x10000
FPGA Test DMA retired and host pages verified sequence=136
FPGA Test DMA submit sequence=137 mode=1 bank=0 bytes=128 ddr=0x10080
FPGA Test DMA retired and host pages verified sequence=137
FPGA Test DMA submit sequence=138 mode=1 bank=0 bytes=128 ddr=0x10100
FPGA Test DMA retired and host pages verified sequence=138
FPGA Test DMA submit sequence=139 mode=1 bank=0 bytes=128 ddr=0x10180
FPGA Test DMA retired and host pages verified sequence=139
FPGA Test DMA submit sequence=140 mode=1 bank=0 bytes=64 ddr=0x10200
FPGA Test DMA retired and host pages verified sequence=140
FPGA Test DMA submit sequence=141 mode=1 bank=0 bytes=128 ddr=0x14000
FPGA Test DMA retired and host pages verified sequence=141
FPGA Test DMA submit sequence=142 mode=1 bank=0 bytes=128 ddr=0x14080
FPGA Test DMA retired and host pages verified sequence=142
FPGA Test DMA submit sequence=143 mode=1 bank=0 bytes=128 ddr=0x14100
FPGA Test DMA retired and host pages verified sequence=143
FPGA Test DMA submit sequence=144 mode=1 bank=0 bytes=128 ddr=0x14180
FPGA Test DMA retired and host pages verified sequence=144
FPGA Test DMA submit sequence=145 mode=1 bank=0 bytes=64 ddr=0x14200
FPGA Test DMA retired and host pages verified sequence=145
FPGA Test DMA submit sequence=146 mode=1 bank=1 bytes=64 ddr=0x17fc0
FPGA Test DMA retired and host pages verified sequence=146
FPGA Test DMA submit sequence=147 mode=1 bank=1 bytes=128 ddr=0x18000
FPGA Test DMA retired and host pages verified sequence=147
FPGA Test DMA submit sequence=148 mode=1 bank=1 bytes=128 ddr=0x18080
FPGA Test DMA retired and host pages verified sequence=148
FPGA Test DMA submit sequence=149 mode=1 bank=1 bytes=128 ddr=0x18100
FPGA Test DMA retired and host pages verified sequence=149
FPGA Test DMA submit sequence=150 mode=1 bank=1 bytes=128 ddr=0x18180
FPGA Test DMA retired and host pages verified sequence=150
FPGA Test DMA submit sequence=151 mode=1 bank=1 bytes=128 ddr=0x18200
FPGA Test DMA retired and host pages verified sequence=151
FPGA Test DMA submit sequence=152 mode=2 bank=1 bytes=64 ddr=0x17fc0
FPGA Test DMA retired and host pages verified sequence=152
FPGA Test DMA submit sequence=153 mode=2 bank=1 bytes=128 ddr=0x18000
FPGA Test DMA retired and host pages verified sequence=153
FPGA Test DMA submit sequence=154 mode=2 bank=1 bytes=128 ddr=0x18080
FPGA Test DMA retired and host pages verified sequence=154
FPGA Test DMA submit sequence=155 mode=2 bank=1 bytes=128 ddr=0x18100
FPGA Test DMA retired and host pages verified sequence=155
FPGA Test DMA submit sequence=156 mode=2 bank=1 bytes=128 ddr=0x18180
FPGA Test DMA retired and host pages verified sequence=156
FPGA Test DMA submit sequence=157 mode=2 bank=1 bytes=128 ddr=0x18200
FPGA Test DMA retired and host pages verified sequence=157
FPGA Test HLS CASE PASS: case=13 n=129 layout=0 result_bytes=516 guard_bytes=188 descriptors=158
FPGA Test DMA submit sequence=158 mode=1 bank=0 bytes=128 ddr=0x10000
FPGA Test DMA retired and host pages verified sequence=158
FPGA Test DMA submit sequence=159 mode=1 bank=0 bytes=128 ddr=0x10080
FPGA Test DMA retired and host pages verified sequence=159
FPGA Test DMA submit sequence=160 mode=1 bank=0 bytes=128 ddr=0x10100
FPGA Test DMA retired and host pages verified sequence=160
FPGA Test DMA submit sequence=161 mode=1 bank=0 bytes=128 ddr=0x10180
FPGA Test DMA retired and host pages verified sequence=161
FPGA Test DMA submit sequence=162 mode=1 bank=0 bytes=128 ddr=0x10200
FPGA Test DMA retired and host pages verified sequence=162
FPGA Test DMA submit sequence=163 mode=1 bank=0 bytes=128 ddr=0x10280
FPGA Test DMA retired and host pages verified sequence=163
FPGA Test DMA submit sequence=164 mode=1 bank=0 bytes=128 ddr=0x10300
FPGA Test DMA retired and host pages verified sequence=164
FPGA Test DMA submit sequence=165 mode=1 bank=0 bytes=128 ddr=0x10380
FPGA Test DMA retired and host pages verified sequence=165
FPGA Test DMA submit sequence=166 mode=1 bank=0 bytes=128 ddr=0x14000
FPGA Test DMA retired and host pages verified sequence=166
FPGA Test DMA submit sequence=167 mode=1 bank=0 bytes=128 ddr=0x14080
FPGA Test DMA retired and host pages verified sequence=167
FPGA Test DMA submit sequence=168 mode=1 bank=0 bytes=128 ddr=0x14100
FPGA Test DMA retired and host pages verified sequence=168
FPGA Test DMA submit sequence=169 mode=1 bank=0 bytes=128 ddr=0x14180
FPGA Test DMA retired and host pages verified sequence=169
FPGA Test DMA submit sequence=170 mode=1 bank=0 bytes=128 ddr=0x14200
FPGA Test DMA retired and host pages verified sequence=170
FPGA Test DMA submit sequence=171 mode=1 bank=0 bytes=128 ddr=0x14280
FPGA Test DMA retired and host pages verified sequence=171
FPGA Test DMA submit sequence=172 mode=1 bank=0 bytes=128 ddr=0x14300
FPGA Test DMA retired and host pages verified sequence=172
FPGA Test DMA submit sequence=173 mode=1 bank=0 bytes=128 ddr=0x14380
FPGA Test DMA retired and host pages verified sequence=173
FPGA Test DMA submit sequence=174 mode=1 bank=1 bytes=64 ddr=0x17fc0
FPGA Test DMA retired and host pages verified sequence=174
FPGA Test DMA submit sequence=175 mode=1 bank=1 bytes=128 ddr=0x18000
FPGA Test DMA retired and host pages verified sequence=175
FPGA Test DMA submit sequence=176 mode=1 bank=1 bytes=128 ddr=0x18080
FPGA Test DMA retired and host pages verified sequence=176
FPGA Test DMA submit sequence=177 mode=1 bank=1 bytes=128 ddr=0x18100
FPGA Test DMA retired and host pages verified sequence=177
FPGA Test DMA submit sequence=178 mode=1 bank=1 bytes=128 ddr=0x18180
FPGA Test DMA retired and host pages verified sequence=178
FPGA Test DMA submit sequence=179 mode=1 bank=1 bytes=128 ddr=0x18200
FPGA Test DMA retired and host pages verified sequence=179
FPGA Test DMA submit sequence=180 mode=1 bank=1 bytes=128 ddr=0x18280
FPGA Test DMA retired and host pages verified sequence=180
FPGA Test DMA submit sequence=181 mode=1 bank=1 bytes=128 ddr=0x18300
FPGA Test DMA retired and host pages verified sequence=181
FPGA Test DMA submit sequence=182 mode=1 bank=1 bytes=128 ddr=0x18380
FPGA Test DMA retired and host pages verified sequence=182
FPGA Test DMA submit sequence=183 mode=1 bank=1 bytes=64 ddr=0x18400
FPGA Test DMA retired and host pages verified sequence=183
FPGA Test DMA submit sequence=184 mode=2 bank=1 bytes=64 ddr=0x17fc0
FPGA Test DMA retired and host pages verified sequence=184
FPGA Test DMA submit sequence=185 mode=2 bank=1 bytes=128 ddr=0x18000
FPGA Test DMA retired and host pages verified sequence=185
FPGA Test DMA submit sequence=186 mode=2 bank=1 bytes=128 ddr=0x18080
FPGA Test DMA retired and host pages verified sequence=186
FPGA Test DMA submit sequence=187 mode=2 bank=1 bytes=128 ddr=0x18100
FPGA Test DMA retired and host pages verified sequence=187
FPGA Test DMA submit sequence=188 mode=2 bank=1 bytes=128 ddr=0x18180
FPGA Test DMA retired and host pages verified sequence=188
FPGA Test DMA submit sequence=189 mode=2 bank=1 bytes=128 ddr=0x18200
FPGA Test DMA retired and host pages verified sequence=189
FPGA Test DMA submit sequence=190 mode=2 bank=1 bytes=128 ddr=0x18280
FPGA Test DMA retired and host pages verified sequence=190
FPGA Test DMA submit sequence=191 mode=2 bank=1 bytes=128 ddr=0x18300
FPGA Test DMA retired and host pages verified sequence=191
FPGA Test DMA submit sequence=192 mode=2 bank=1 bytes=128 ddr=0x18380
FPGA Test DMA retired and host pages verified sequence=192
FPGA Test DMA submit sequence=193 mode=2 bank=1 bytes=64 ddr=0x18400
FPGA Test DMA retired and host pages verified sequence=193
FPGA Test HLS CASE PASS: case=14 n=255 layout=0 result_bytes=1020 guard_bytes=132 descriptors=194
FPGA Test DMA submit sequence=194 mode=1 bank=0 bytes=128 ddr=0x10000
FPGA Test DMA retired and host pages verified sequence=194
FPGA Test DMA submit sequence=195 mode=1 bank=0 bytes=128 ddr=0x10080
FPGA Test DMA retired and host pages verified sequence=195
FPGA Test DMA submit sequence=196 mode=1 bank=0 bytes=128 ddr=0x10100
FPGA Test DMA retired and host pages verified sequence=196
FPGA Test DMA submit sequence=197 mode=1 bank=0 bytes=128 ddr=0x10180
FPGA Test DMA retired and host pages verified sequence=197
FPGA Test DMA submit sequence=198 mode=1 bank=0 bytes=128 ddr=0x10200
FPGA Test DMA retired and host pages verified sequence=198
FPGA Test DMA submit sequence=199 mode=1 bank=0 bytes=128 ddr=0x10280
FPGA Test DMA retired and host pages verified sequence=199
FPGA Test DMA submit sequence=200 mode=1 bank=0 bytes=128 ddr=0x10300
FPGA Test DMA retired and host pages verified sequence=200
FPGA Test DMA submit sequence=201 mode=1 bank=0 bytes=128 ddr=0x10380
FPGA Test DMA retired and host pages verified sequence=201
FPGA Test DMA submit sequence=202 mode=1 bank=0 bytes=128 ddr=0x14000
FPGA Test DMA retired and host pages verified sequence=202
FPGA Test DMA submit sequence=203 mode=1 bank=0 bytes=128 ddr=0x14080
FPGA Test DMA retired and host pages verified sequence=203
FPGA Test DMA submit sequence=204 mode=1 bank=0 bytes=128 ddr=0x14100
FPGA Test DMA retired and host pages verified sequence=204
FPGA Test DMA submit sequence=205 mode=1 bank=0 bytes=128 ddr=0x14180
FPGA Test DMA retired and host pages verified sequence=205
FPGA Test DMA submit sequence=206 mode=1 bank=0 bytes=128 ddr=0x14200
FPGA Test DMA retired and host pages verified sequence=206
FPGA Test DMA submit sequence=207 mode=1 bank=0 bytes=128 ddr=0x14280
FPGA Test DMA retired and host pages verified sequence=207
FPGA Test DMA submit sequence=208 mode=1 bank=0 bytes=128 ddr=0x14300
FPGA Test DMA retired and host pages verified sequence=208
FPGA Test DMA submit sequence=209 mode=1 bank=0 bytes=128 ddr=0x14380
FPGA Test DMA retired and host pages verified sequence=209
FPGA Test DMA submit sequence=210 mode=1 bank=1 bytes=64 ddr=0x17fc0
FPGA Test DMA retired and host pages verified sequence=210
FPGA Test DMA submit sequence=211 mode=1 bank=1 bytes=128 ddr=0x18000
FPGA Test DMA retired and host pages verified sequence=211
FPGA Test DMA submit sequence=212 mode=1 bank=1 bytes=128 ddr=0x18080
FPGA Test DMA retired and host pages verified sequence=212
FPGA Test DMA submit sequence=213 mode=1 bank=1 bytes=128 ddr=0x18100
FPGA Test DMA retired and host pages verified sequence=213
FPGA Test DMA submit sequence=214 mode=1 bank=1 bytes=128 ddr=0x18180
FPGA Test DMA retired and host pages verified sequence=214
FPGA Test DMA submit sequence=215 mode=1 bank=1 bytes=128 ddr=0x18200
FPGA Test DMA retired and host pages verified sequence=215
FPGA Test DMA submit sequence=216 mode=1 bank=1 bytes=128 ddr=0x18280
FPGA Test DMA retired and host pages verified sequence=216
FPGA Test DMA submit sequence=217 mode=1 bank=1 bytes=128 ddr=0x18300
FPGA Test DMA retired and host pages verified sequence=217
FPGA Test DMA submit sequence=218 mode=1 bank=1 bytes=128 ddr=0x18380
FPGA Test DMA retired and host pages verified sequence=218
FPGA Test DMA submit sequence=219 mode=1 bank=1 bytes=64 ddr=0x18400
FPGA Test DMA retired and host pages verified sequence=219
FPGA Test DMA submit sequence=220 mode=2 bank=1 bytes=64 ddr=0x17fc0
FPGA Test DMA retired and host pages verified sequence=220
FPGA Test DMA submit sequence=221 mode=2 bank=1 bytes=128 ddr=0x18000
FPGA Test DMA retired and host pages verified sequence=221
FPGA Test DMA submit sequence=222 mode=2 bank=1 bytes=128 ddr=0x18080
FPGA Test DMA retired and host pages verified sequence=222
FPGA Test DMA submit sequence=223 mode=2 bank=1 bytes=128 ddr=0x18100
FPGA Test DMA retired and host pages verified sequence=223
FPGA Test DMA submit sequence=224 mode=2 bank=1 bytes=128 ddr=0x18180
FPGA Test DMA retired and host pages verified sequence=224
FPGA Test DMA submit sequence=225 mode=2 bank=1 bytes=128 ddr=0x18200
FPGA Test DMA retired and host pages verified sequence=225
FPGA Test DMA submit sequence=226 mode=2 bank=1 bytes=128 ddr=0x18280
FPGA Test DMA retired and host pages verified sequence=226
FPGA Test DMA submit sequence=227 mode=2 bank=1 bytes=128 ddr=0x18300
FPGA Test DMA retired and host pages verified sequence=227
FPGA Test DMA submit sequence=228 mode=2 bank=1 bytes=128 ddr=0x18380
FPGA Test DMA retired and host pages verified sequence=228
FPGA Test DMA submit sequence=229 mode=2 bank=1 bytes=64 ddr=0x18400
FPGA Test DMA retired and host pages verified sequence=229
FPGA Test HLS CASE PASS: case=15 n=256 layout=0 result_bytes=1024 guard_bytes=128 descriptors=230
FPGA Test DMA submit sequence=230 mode=1 bank=0 bytes=128 ddr=0x10000
FPGA Test DMA retired and host pages verified sequence=230
FPGA Test DMA submit sequence=231 mode=1 bank=0 bytes=128 ddr=0x10080
FPGA Test DMA retired and host pages verified sequence=231
FPGA Test DMA submit sequence=232 mode=1 bank=0 bytes=128 ddr=0x10100
FPGA Test DMA retired and host pages verified sequence=232
FPGA Test DMA submit sequence=233 mode=1 bank=0 bytes=128 ddr=0x10180
FPGA Test DMA retired and host pages verified sequence=233
FPGA Test DMA submit sequence=234 mode=1 bank=0 bytes=128 ddr=0x10200
FPGA Test DMA retired and host pages verified sequence=234
FPGA Test DMA submit sequence=235 mode=1 bank=0 bytes=128 ddr=0x10280
FPGA Test DMA retired and host pages verified sequence=235
FPGA Test DMA submit sequence=236 mode=1 bank=0 bytes=128 ddr=0x10300
FPGA Test DMA retired and host pages verified sequence=236
FPGA Test DMA submit sequence=237 mode=1 bank=0 bytes=128 ddr=0x10380
FPGA Test DMA retired and host pages verified sequence=237
FPGA Test DMA submit sequence=238 mode=1 bank=0 bytes=64 ddr=0x10400
FPGA Test DMA retired and host pages verified sequence=238
FPGA Test DMA submit sequence=239 mode=1 bank=0 bytes=128 ddr=0x14000
FPGA Test DMA retired and host pages verified sequence=239
FPGA Test DMA submit sequence=240 mode=1 bank=0 bytes=128 ddr=0x14080
FPGA Test DMA retired and host pages verified sequence=240
FPGA Test DMA submit sequence=241 mode=1 bank=0 bytes=128 ddr=0x14100
FPGA Test DMA retired and host pages verified sequence=241
FPGA Test DMA submit sequence=242 mode=1 bank=0 bytes=128 ddr=0x14180
FPGA Test DMA retired and host pages verified sequence=242
FPGA Test DMA submit sequence=243 mode=1 bank=0 bytes=128 ddr=0x14200
FPGA Test DMA retired and host pages verified sequence=243
FPGA Test DMA submit sequence=244 mode=1 bank=0 bytes=128 ddr=0x14280
FPGA Test DMA retired and host pages verified sequence=244
FPGA Test DMA submit sequence=245 mode=1 bank=0 bytes=128 ddr=0x14300
FPGA Test DMA retired and host pages verified sequence=245
FPGA Test DMA submit sequence=246 mode=1 bank=0 bytes=128 ddr=0x14380
FPGA Test DMA retired and host pages verified sequence=246
FPGA Test DMA submit sequence=247 mode=1 bank=0 bytes=64 ddr=0x14400
FPGA Test DMA retired and host pages verified sequence=247
FPGA Test DMA submit sequence=248 mode=1 bank=1 bytes=64 ddr=0x17fc0
FPGA Test DMA retired and host pages verified sequence=248
FPGA Test DMA submit sequence=249 mode=1 bank=1 bytes=128 ddr=0x18000
FPGA Test DMA retired and host pages verified sequence=249
FPGA Test DMA submit sequence=250 mode=1 bank=1 bytes=128 ddr=0x18080
FPGA Test DMA retired and host pages verified sequence=250
FPGA Test DMA submit sequence=251 mode=1 bank=1 bytes=128 ddr=0x18100
FPGA Test DMA retired and host pages verified sequence=251
FPGA Test DMA submit sequence=252 mode=1 bank=1 bytes=128 ddr=0x18180
FPGA Test DMA retired and host pages verified sequence=252
FPGA Test DMA submit sequence=253 mode=1 bank=1 bytes=128 ddr=0x18200
FPGA Test DMA retired and host pages verified sequence=253
FPGA Test DMA submit sequence=254 mode=1 bank=1 bytes=128 ddr=0x18280
FPGA Test DMA retired and host pages verified sequence=254
FPGA Test DMA submit sequence=255 mode=1 bank=1 bytes=128 ddr=0x18300
FPGA Test DMA retired and host pages verified sequence=255
FPGA Test DMA submit sequence=256 mode=1 bank=1 bytes=128 ddr=0x18380
FPGA Test DMA retired and host pages verified sequence=256
FPGA Test DMA submit sequence=257 mode=1 bank=1 bytes=128 ddr=0x18400
FPGA Test DMA retired and host pages verified sequence=257
FPGA Test DMA submit sequence=258 mode=2 bank=1 bytes=64 ddr=0x17fc0
FPGA Test DMA retired and host pages verified sequence=258
FPGA Test DMA submit sequence=259 mode=2 bank=1 bytes=128 ddr=0x18000
FPGA Test DMA retired and host pages verified sequence=259
FPGA Test DMA submit sequence=260 mode=2 bank=1 bytes=128 ddr=0x18080
FPGA Test DMA retired and host pages verified sequence=260
FPGA Test DMA submit sequence=261 mode=2 bank=1 bytes=128 ddr=0x18100
FPGA Test DMA retired and host pages verified sequence=261
FPGA Test DMA submit sequence=262 mode=2 bank=1 bytes=128 ddr=0x18180
FPGA Test DMA retired and host pages verified sequence=262
FPGA Test DMA submit sequence=263 mode=2 bank=1 bytes=128 ddr=0x18200
FPGA Test DMA retired and host pages verified sequence=263
FPGA Test DMA submit sequence=264 mode=2 bank=1 bytes=128 ddr=0x18280
FPGA Test DMA retired and host pages verified sequence=264
FPGA Test DMA submit sequence=265 mode=2 bank=1 bytes=128 ddr=0x18300
FPGA Test DMA retired and host pages verified sequence=265
FPGA Test DMA submit sequence=266 mode=2 bank=1 bytes=128 ddr=0x18380
FPGA Test DMA retired and host pages verified sequence=266
FPGA Test DMA submit sequence=267 mode=2 bank=1 bytes=128 ddr=0x18400
FPGA Test DMA retired and host pages verified sequence=267
FPGA Test HLS CASE PASS: case=16 n=257 layout=0 result_bytes=1028 guard_bytes=188 descriptors=268
FPGA Test DMA submit sequence=268 mode=1 bank=0 bytes=64 ddr=0x1ffc0
FPGA Test DMA retired and host pages verified sequence=268
FPGA Test DMA submit sequence=269 mode=1 bank=0 bytes=64 ddr=0x23fc0
FPGA Test DMA retired and host pages verified sequence=269
FPGA Test DMA submit sequence=270 mode=1 bank=1 bytes=128 ddr=0x2ff80
FPGA Test DMA retired and host pages verified sequence=270
FPGA Test DMA submit sequence=271 mode=1 bank=1 bytes=64 ddr=0x30000
FPGA Test DMA retired and host pages verified sequence=271
FPGA Test DMA submit sequence=272 mode=2 bank=1 bytes=128 ddr=0x2ff80
FPGA Test DMA retired and host pages verified sequence=272
FPGA Test DMA submit sequence=273 mode=2 bank=1 bytes=64 ddr=0x30000
FPGA Test DMA retired and host pages verified sequence=273
FPGA Test HLS CASE PASS: case=17 n=1 layout=1 result_bytes=4 guard_bytes=188 descriptors=274
FPGA Test DMA submit sequence=274 mode=1 bank=0 bytes=64 ddr=0x1ffc0
FPGA Test DMA retired and host pages verified sequence=274
FPGA Test DMA submit sequence=275 mode=1 bank=0 bytes=64 ddr=0x23fc0
FPGA Test DMA retired and host pages verified sequence=275
FPGA Test DMA submit sequence=276 mode=1 bank=1 bytes=128 ddr=0x2ff80
FPGA Test DMA retired and host pages verified sequence=276
FPGA Test DMA submit sequence=277 mode=1 bank=1 bytes=64 ddr=0x30000
FPGA Test DMA retired and host pages verified sequence=277
FPGA Test DMA submit sequence=278 mode=2 bank=1 bytes=128 ddr=0x2ff80
FPGA Test DMA retired and host pages verified sequence=278
FPGA Test DMA submit sequence=279 mode=2 bank=1 bytes=64 ddr=0x30000
FPGA Test DMA retired and host pages verified sequence=279
FPGA Test HLS CASE PASS: case=18 n=8 layout=1 result_bytes=32 guard_bytes=160 descriptors=280
FPGA Test DMA submit sequence=280 mode=1 bank=0 bytes=64 ddr=0x1ffc0
FPGA Test DMA retired and host pages verified sequence=280
FPGA Test DMA submit sequence=281 mode=1 bank=0 bytes=64 ddr=0x23fc0
FPGA Test DMA retired and host pages verified sequence=281
FPGA Test DMA submit sequence=282 mode=1 bank=1 bytes=128 ddr=0x2ff80
FPGA Test DMA retired and host pages verified sequence=282
FPGA Test DMA submit sequence=283 mode=1 bank=1 bytes=64 ddr=0x30000
FPGA Test DMA retired and host pages verified sequence=283
FPGA Test DMA submit sequence=284 mode=2 bank=1 bytes=128 ddr=0x2ff80
FPGA Test DMA retired and host pages verified sequence=284
FPGA Test DMA submit sequence=285 mode=2 bank=1 bytes=64 ddr=0x30000
FPGA Test DMA retired and host pages verified sequence=285
FPGA Test HLS CASE PASS: case=19 n=9 layout=1 result_bytes=36 guard_bytes=156 descriptors=286
FPGA Test DMA submit sequence=286 mode=1 bank=0 bytes=64 ddr=0x1ffc0
FPGA Test DMA retired and host pages verified sequence=286
FPGA Test DMA submit sequence=287 mode=1 bank=0 bytes=64 ddr=0x23fc0
FPGA Test DMA retired and host pages verified sequence=287
FPGA Test DMA submit sequence=288 mode=1 bank=1 bytes=128 ddr=0x2ff80
FPGA Test DMA retired and host pages verified sequence=288
FPGA Test DMA submit sequence=289 mode=1 bank=1 bytes=64 ddr=0x30000
FPGA Test DMA retired and host pages verified sequence=289
FPGA Test DMA submit sequence=290 mode=2 bank=1 bytes=128 ddr=0x2ff80
FPGA Test DMA retired and host pages verified sequence=290
FPGA Test DMA submit sequence=291 mode=2 bank=1 bytes=64 ddr=0x30000
FPGA Test DMA retired and host pages verified sequence=291
FPGA Test HLS CASE PASS: case=20 n=16 layout=1 result_bytes=64 guard_bytes=128 descriptors=292
FPGA Test DMA submit sequence=292 mode=1 bank=0 bytes=64 ddr=0x1ffc0
FPGA Test DMA retired and host pages verified sequence=292
FPGA Test DMA submit sequence=293 mode=1 bank=0 bytes=64 ddr=0x20000
FPGA Test DMA retired and host pages verified sequence=293
FPGA Test DMA submit sequence=294 mode=1 bank=0 bytes=64 ddr=0x23fc0
FPGA Test DMA retired and host pages verified sequence=294
FPGA Test DMA submit sequence=295 mode=1 bank=0 bytes=64 ddr=0x24000
FPGA Test DMA retired and host pages verified sequence=295
FPGA Test DMA submit sequence=296 mode=1 bank=1 bytes=128 ddr=0x2ff80
FPGA Test DMA retired and host pages verified sequence=296
FPGA Test DMA submit sequence=297 mode=1 bank=1 bytes=128 ddr=0x30000
FPGA Test DMA retired and host pages verified sequence=297
FPGA Test DMA submit sequence=298 mode=2 bank=1 bytes=128 ddr=0x2ff80
FPGA Test DMA retired and host pages verified sequence=298
FPGA Test DMA submit sequence=299 mode=2 bank=1 bytes=128 ddr=0x30000
FPGA Test DMA retired and host pages verified sequence=299
FPGA Test HLS CASE PASS: case=21 n=17 layout=1 result_bytes=68 guard_bytes=188 descriptors=300
FPGA Test DMA submit sequence=300 mode=1 bank=0 bytes=64 ddr=0x1ffc0
FPGA Test DMA retired and host pages verified sequence=300
FPGA Test DMA submit sequence=301 mode=1 bank=0 bytes=64 ddr=0x20000
FPGA Test DMA retired and host pages verified sequence=301
FPGA Test DMA submit sequence=302 mode=1 bank=0 bytes=64 ddr=0x23fc0
FPGA Test DMA retired and host pages verified sequence=302
FPGA Test DMA submit sequence=303 mode=1 bank=0 bytes=64 ddr=0x24000
FPGA Test DMA retired and host pages verified sequence=303
FPGA Test DMA submit sequence=304 mode=1 bank=1 bytes=128 ddr=0x2ff80
FPGA Test DMA retired and host pages verified sequence=304
FPGA Test DMA submit sequence=305 mode=1 bank=1 bytes=128 ddr=0x30000
FPGA Test DMA retired and host pages verified sequence=305
FPGA Test DMA submit sequence=306 mode=2 bank=1 bytes=128 ddr=0x2ff80
FPGA Test DMA retired and host pages verified sequence=306
FPGA Test DMA submit sequence=307 mode=2 bank=1 bytes=128 ddr=0x30000
FPGA Test DMA retired and host pages verified sequence=307
FPGA Test HLS CASE PASS: case=22 n=31 layout=1 result_bytes=124 guard_bytes=132 descriptors=308
FPGA Test DMA submit sequence=308 mode=1 bank=0 bytes=64 ddr=0x1ffc0
FPGA Test DMA retired and host pages verified sequence=308
FPGA Test DMA submit sequence=309 mode=1 bank=0 bytes=64 ddr=0x20000
FPGA Test DMA retired and host pages verified sequence=309
FPGA Test DMA submit sequence=310 mode=1 bank=0 bytes=64 ddr=0x23fc0
FPGA Test DMA retired and host pages verified sequence=310
FPGA Test DMA submit sequence=311 mode=1 bank=0 bytes=64 ddr=0x24000
FPGA Test DMA retired and host pages verified sequence=311
FPGA Test DMA submit sequence=312 mode=1 bank=1 bytes=128 ddr=0x2ff80
FPGA Test DMA retired and host pages verified sequence=312
FPGA Test DMA submit sequence=313 mode=1 bank=1 bytes=128 ddr=0x30000
FPGA Test DMA retired and host pages verified sequence=313
FPGA Test DMA submit sequence=314 mode=2 bank=1 bytes=128 ddr=0x2ff80
FPGA Test DMA retired and host pages verified sequence=314
FPGA Test DMA submit sequence=315 mode=2 bank=1 bytes=128 ddr=0x30000
FPGA Test DMA retired and host pages verified sequence=315
FPGA Test HLS CASE PASS: case=23 n=32 layout=1 result_bytes=128 guard_bytes=128 descriptors=316
FPGA Test DMA submit sequence=316 mode=1 bank=0 bytes=64 ddr=0x1ffc0
FPGA Test DMA retired and host pages verified sequence=316
FPGA Test DMA submit sequence=317 mode=1 bank=0 bytes=128 ddr=0x20000
FPGA Test DMA retired and host pages verified sequence=317
FPGA Test DMA submit sequence=318 mode=1 bank=0 bytes=64 ddr=0x23fc0
FPGA Test DMA retired and host pages verified sequence=318
FPGA Test DMA submit sequence=319 mode=1 bank=0 bytes=128 ddr=0x24000
FPGA Test DMA retired and host pages verified sequence=319
FPGA Test DMA submit sequence=320 mode=1 bank=1 bytes=128 ddr=0x2ff80
FPGA Test DMA retired and host pages verified sequence=320
FPGA Test DMA submit sequence=321 mode=1 bank=1 bytes=128 ddr=0x30000
FPGA Test DMA retired and host pages verified sequence=321
FPGA Test DMA submit sequence=322 mode=1 bank=1 bytes=64 ddr=0x30080
FPGA Test DMA retired and host pages verified sequence=322
FPGA Test DMA submit sequence=323 mode=2 bank=1 bytes=128 ddr=0x2ff80
FPGA Test DMA retired and host pages verified sequence=323
FPGA Test DMA submit sequence=324 mode=2 bank=1 bytes=128 ddr=0x30000
FPGA Test DMA retired and host pages verified sequence=324
FPGA Test DMA submit sequence=325 mode=2 bank=1 bytes=64 ddr=0x30080
FPGA Test DMA retired and host pages verified sequence=325
FPGA Test HLS CASE PASS: case=24 n=33 layout=1 result_bytes=132 guard_bytes=188 descriptors=326
FPGA Test DMA submit sequence=326 mode=1 bank=0 bytes=64 ddr=0x1ffc0
FPGA Test DMA retired and host pages verified sequence=326
FPGA Test DMA submit sequence=327 mode=1 bank=0 bytes=128 ddr=0x20000
FPGA Test DMA retired and host pages verified sequence=327
FPGA Test DMA submit sequence=328 mode=1 bank=0 bytes=64 ddr=0x20080
FPGA Test DMA retired and host pages verified sequence=328
FPGA Test DMA submit sequence=329 mode=1 bank=0 bytes=64 ddr=0x23fc0
FPGA Test DMA retired and host pages verified sequence=329
FPGA Test DMA submit sequence=330 mode=1 bank=0 bytes=128 ddr=0x24000
FPGA Test DMA retired and host pages verified sequence=330
FPGA Test DMA submit sequence=331 mode=1 bank=0 bytes=64 ddr=0x24080
FPGA Test DMA retired and host pages verified sequence=331
FPGA Test DMA submit sequence=332 mode=1 bank=1 bytes=128 ddr=0x2ff80
FPGA Test DMA retired and host pages verified sequence=332
FPGA Test DMA submit sequence=333 mode=1 bank=1 bytes=128 ddr=0x30000
FPGA Test DMA retired and host pages verified sequence=333
FPGA Test DMA submit sequence=334 mode=1 bank=1 bytes=128 ddr=0x30080
FPGA Test DMA retired and host pages verified sequence=334
FPGA Test DMA submit sequence=335 mode=2 bank=1 bytes=128 ddr=0x2ff80
FPGA Test DMA retired and host pages verified sequence=335
FPGA Test DMA submit sequence=336 mode=2 bank=1 bytes=128 ddr=0x30000
FPGA Test DMA retired and host pages verified sequence=336
FPGA Test DMA submit sequence=337 mode=2 bank=1 bytes=128 ddr=0x30080
FPGA Test DMA retired and host pages verified sequence=337
FPGA Test HLS CASE PASS: case=25 n=63 layout=1 result_bytes=252 guard_bytes=132 descriptors=338
FPGA Test DMA submit sequence=338 mode=1 bank=0 bytes=64 ddr=0x1ffc0
FPGA Test DMA retired and host pages verified sequence=338
FPGA Test DMA submit sequence=339 mode=1 bank=0 bytes=128 ddr=0x20000
FPGA Test DMA retired and host pages verified sequence=339
FPGA Test DMA submit sequence=340 mode=1 bank=0 bytes=64 ddr=0x20080
FPGA Test DMA retired and host pages verified sequence=340
FPGA Test DMA submit sequence=341 mode=1 bank=0 bytes=64 ddr=0x23fc0
FPGA Test DMA retired and host pages verified sequence=341
FPGA Test DMA submit sequence=342 mode=1 bank=0 bytes=128 ddr=0x24000
FPGA Test DMA retired and host pages verified sequence=342
FPGA Test DMA submit sequence=343 mode=1 bank=0 bytes=64 ddr=0x24080
FPGA Test DMA retired and host pages verified sequence=343
FPGA Test DMA submit sequence=344 mode=1 bank=1 bytes=128 ddr=0x2ff80
FPGA Test DMA retired and host pages verified sequence=344
FPGA Test DMA submit sequence=345 mode=1 bank=1 bytes=128 ddr=0x30000
FPGA Test DMA retired and host pages verified sequence=345
FPGA Test DMA submit sequence=346 mode=1 bank=1 bytes=128 ddr=0x30080
FPGA Test DMA retired and host pages verified sequence=346
FPGA Test DMA submit sequence=347 mode=2 bank=1 bytes=128 ddr=0x2ff80
FPGA Test DMA retired and host pages verified sequence=347
FPGA Test DMA submit sequence=348 mode=2 bank=1 bytes=128 ddr=0x30000
FPGA Test DMA retired and host pages verified sequence=348
FPGA Test DMA submit sequence=349 mode=2 bank=1 bytes=128 ddr=0x30080
FPGA Test DMA retired and host pages verified sequence=349
FPGA Test HLS CASE PASS: case=26 n=64 layout=1 result_bytes=256 guard_bytes=128 descriptors=350
FPGA Test DMA submit sequence=350 mode=1 bank=0 bytes=64 ddr=0x1ffc0
FPGA Test DMA retired and host pages verified sequence=350
FPGA Test DMA submit sequence=351 mode=1 bank=0 bytes=128 ddr=0x20000
FPGA Test DMA retired and host pages verified sequence=351
FPGA Test DMA submit sequence=352 mode=1 bank=0 bytes=128 ddr=0x20080
FPGA Test DMA retired and host pages verified sequence=352
FPGA Test DMA submit sequence=353 mode=1 bank=0 bytes=64 ddr=0x23fc0
FPGA Test DMA retired and host pages verified sequence=353
FPGA Test DMA submit sequence=354 mode=1 bank=0 bytes=128 ddr=0x24000
FPGA Test DMA retired and host pages verified sequence=354
FPGA Test DMA submit sequence=355 mode=1 bank=0 bytes=128 ddr=0x24080
FPGA Test DMA retired and host pages verified sequence=355
FPGA Test DMA submit sequence=356 mode=1 bank=1 bytes=128 ddr=0x2ff80
FPGA Test DMA retired and host pages verified sequence=356
FPGA Test DMA submit sequence=357 mode=1 bank=1 bytes=128 ddr=0x30000
FPGA Test DMA retired and host pages verified sequence=357
FPGA Test DMA submit sequence=358 mode=1 bank=1 bytes=128 ddr=0x30080
FPGA Test DMA retired and host pages verified sequence=358
FPGA Test DMA submit sequence=359 mode=1 bank=1 bytes=64 ddr=0x30100
FPGA Test DMA retired and host pages verified sequence=359
FPGA Test DMA submit sequence=360 mode=2 bank=1 bytes=128 ddr=0x2ff80
FPGA Test DMA retired and host pages verified sequence=360
FPGA Test DMA submit sequence=361 mode=2 bank=1 bytes=128 ddr=0x30000
FPGA Test DMA retired and host pages verified sequence=361
FPGA Test DMA submit sequence=362 mode=2 bank=1 bytes=128 ddr=0x30080
FPGA Test DMA retired and host pages verified sequence=362
FPGA Test DMA submit sequence=363 mode=2 bank=1 bytes=64 ddr=0x30100
FPGA Test DMA retired and host pages verified sequence=363
FPGA Test HLS CASE PASS: case=27 n=65 layout=1 result_bytes=260 guard_bytes=188 descriptors=364
FPGA Test DMA submit sequence=364 mode=1 bank=0 bytes=64 ddr=0x1ffc0
FPGA Test DMA retired and host pages verified sequence=364
FPGA Test DMA submit sequence=365 mode=1 bank=0 bytes=128 ddr=0x20000
FPGA Test DMA retired and host pages verified sequence=365
FPGA Test DMA submit sequence=366 mode=1 bank=0 bytes=128 ddr=0x20080
FPGA Test DMA retired and host pages verified sequence=366
FPGA Test DMA submit sequence=367 mode=1 bank=0 bytes=128 ddr=0x20100
FPGA Test DMA retired and host pages verified sequence=367
FPGA Test DMA submit sequence=368 mode=1 bank=0 bytes=64 ddr=0x20180
FPGA Test DMA retired and host pages verified sequence=368
FPGA Test DMA submit sequence=369 mode=1 bank=0 bytes=64 ddr=0x23fc0
FPGA Test DMA retired and host pages verified sequence=369
FPGA Test DMA submit sequence=370 mode=1 bank=0 bytes=128 ddr=0x24000
FPGA Test DMA retired and host pages verified sequence=370
FPGA Test DMA submit sequence=371 mode=1 bank=0 bytes=128 ddr=0x24080
FPGA Test DMA retired and host pages verified sequence=371
FPGA Test DMA submit sequence=372 mode=1 bank=0 bytes=128 ddr=0x24100
FPGA Test DMA retired and host pages verified sequence=372
FPGA Test DMA submit sequence=373 mode=1 bank=0 bytes=64 ddr=0x24180
FPGA Test DMA retired and host pages verified sequence=373
FPGA Test DMA submit sequence=374 mode=1 bank=1 bytes=128 ddr=0x2ff80
FPGA Test DMA retired and host pages verified sequence=374
FPGA Test DMA submit sequence=375 mode=1 bank=1 bytes=128 ddr=0x30000
FPGA Test DMA retired and host pages verified sequence=375
FPGA Test DMA submit sequence=376 mode=1 bank=1 bytes=128 ddr=0x30080
FPGA Test DMA retired and host pages verified sequence=376
FPGA Test DMA submit sequence=377 mode=1 bank=1 bytes=128 ddr=0x30100
FPGA Test DMA retired and host pages verified sequence=377
FPGA Test DMA submit sequence=378 mode=1 bank=1 bytes=128 ddr=0x30180
FPGA Test DMA retired and host pages verified sequence=378
FPGA Test DMA submit sequence=379 mode=2 bank=1 bytes=128 ddr=0x2ff80
FPGA Test DMA retired and host pages verified sequence=379
FPGA Test DMA submit sequence=380 mode=2 bank=1 bytes=128 ddr=0x30000
FPGA Test DMA retired and host pages verified sequence=380
FPGA Test DMA submit sequence=381 mode=2 bank=1 bytes=128 ddr=0x30080
FPGA Test DMA retired and host pages verified sequence=381
FPGA Test DMA submit sequence=382 mode=2 bank=1 bytes=128 ddr=0x30100
FPGA Test DMA retired and host pages verified sequence=382
FPGA Test DMA submit sequence=383 mode=2 bank=1 bytes=128 ddr=0x30180
FPGA Test DMA retired and host pages verified sequence=383
FPGA Test HLS CASE PASS: case=28 n=127 layout=1 result_bytes=508 guard_bytes=132 descriptors=384
FPGA Test DMA submit sequence=384 mode=1 bank=0 bytes=64 ddr=0x1ffc0
FPGA Test DMA retired and host pages verified sequence=384
FPGA Test DMA submit sequence=385 mode=1 bank=0 bytes=128 ddr=0x20000
FPGA Test DMA retired and host pages verified sequence=385
FPGA Test DMA submit sequence=386 mode=1 bank=0 bytes=128 ddr=0x20080
FPGA Test DMA retired and host pages verified sequence=386
FPGA Test DMA submit sequence=387 mode=1 bank=0 bytes=128 ddr=0x20100
FPGA Test DMA retired and host pages verified sequence=387
FPGA Test DMA submit sequence=388 mode=1 bank=0 bytes=64 ddr=0x20180
FPGA Test DMA retired and host pages verified sequence=388
FPGA Test DMA submit sequence=389 mode=1 bank=0 bytes=64 ddr=0x23fc0
FPGA Test DMA retired and host pages verified sequence=389
FPGA Test DMA submit sequence=390 mode=1 bank=0 bytes=128 ddr=0x24000
FPGA Test DMA retired and host pages verified sequence=390
FPGA Test DMA submit sequence=391 mode=1 bank=0 bytes=128 ddr=0x24080
FPGA Test DMA retired and host pages verified sequence=391
FPGA Test DMA submit sequence=392 mode=1 bank=0 bytes=128 ddr=0x24100
FPGA Test DMA retired and host pages verified sequence=392
FPGA Test DMA submit sequence=393 mode=1 bank=0 bytes=64 ddr=0x24180
FPGA Test DMA retired and host pages verified sequence=393
FPGA Test DMA submit sequence=394 mode=1 bank=1 bytes=128 ddr=0x2ff80
FPGA Test DMA retired and host pages verified sequence=394
FPGA Test DMA submit sequence=395 mode=1 bank=1 bytes=128 ddr=0x30000
FPGA Test DMA retired and host pages verified sequence=395
FPGA Test DMA submit sequence=396 mode=1 bank=1 bytes=128 ddr=0x30080
FPGA Test DMA retired and host pages verified sequence=396
FPGA Test DMA submit sequence=397 mode=1 bank=1 bytes=128 ddr=0x30100
FPGA Test DMA retired and host pages verified sequence=397
FPGA Test DMA submit sequence=398 mode=1 bank=1 bytes=128 ddr=0x30180
FPGA Test DMA retired and host pages verified sequence=398
FPGA Test DMA submit sequence=399 mode=2 bank=1 bytes=128 ddr=0x2ff80
FPGA Test DMA retired and host pages verified sequence=399
FPGA Test DMA submit sequence=400 mode=2 bank=1 bytes=128 ddr=0x30000
FPGA Test DMA retired and host pages verified sequence=400
FPGA Test DMA submit sequence=401 mode=2 bank=1 bytes=128 ddr=0x30080
FPGA Test DMA retired and host pages verified sequence=401
FPGA Test DMA submit sequence=402 mode=2 bank=1 bytes=128 ddr=0x30100
FPGA Test DMA retired and host pages verified sequence=402
FPGA Test DMA submit sequence=403 mode=2 bank=1 bytes=128 ddr=0x30180
FPGA Test DMA retired and host pages verified sequence=403
FPGA Test HLS CASE PASS: case=29 n=128 layout=1 result_bytes=512 guard_bytes=128 descriptors=404
FPGA Test DMA submit sequence=404 mode=1 bank=0 bytes=64 ddr=0x1ffc0
FPGA Test DMA retired and host pages verified sequence=404
FPGA Test DMA submit sequence=405 mode=1 bank=0 bytes=128 ddr=0x20000
FPGA Test DMA retired and host pages verified sequence=405
FPGA Test DMA submit sequence=406 mode=1 bank=0 bytes=128 ddr=0x20080
FPGA Test DMA retired and host pages verified sequence=406
FPGA Test DMA submit sequence=407 mode=1 bank=0 bytes=128 ddr=0x20100
FPGA Test DMA retired and host pages verified sequence=407
FPGA Test DMA submit sequence=408 mode=1 bank=0 bytes=128 ddr=0x20180
FPGA Test DMA retired and host pages verified sequence=408
FPGA Test DMA submit sequence=409 mode=1 bank=0 bytes=64 ddr=0x23fc0
FPGA Test DMA retired and host pages verified sequence=409
FPGA Test DMA submit sequence=410 mode=1 bank=0 bytes=128 ddr=0x24000
FPGA Test DMA retired and host pages verified sequence=410
FPGA Test DMA submit sequence=411 mode=1 bank=0 bytes=128 ddr=0x24080
FPGA Test DMA retired and host pages verified sequence=411
FPGA Test DMA submit sequence=412 mode=1 bank=0 bytes=128 ddr=0x24100
FPGA Test DMA retired and host pages verified sequence=412
FPGA Test DMA submit sequence=413 mode=1 bank=0 bytes=128 ddr=0x24180
FPGA Test DMA retired and host pages verified sequence=413
FPGA Test DMA submit sequence=414 mode=1 bank=1 bytes=128 ddr=0x2ff80
FPGA Test DMA retired and host pages verified sequence=414
FPGA Test DMA submit sequence=415 mode=1 bank=1 bytes=128 ddr=0x30000
FPGA Test DMA retired and host pages verified sequence=415
FPGA Test DMA submit sequence=416 mode=1 bank=1 bytes=128 ddr=0x30080
FPGA Test DMA retired and host pages verified sequence=416
FPGA Test DMA submit sequence=417 mode=1 bank=1 bytes=128 ddr=0x30100
FPGA Test DMA retired and host pages verified sequence=417
FPGA Test DMA submit sequence=418 mode=1 bank=1 bytes=128 ddr=0x30180
FPGA Test DMA retired and host pages verified sequence=418
FPGA Test DMA submit sequence=419 mode=1 bank=1 bytes=64 ddr=0x30200
FPGA Test DMA retired and host pages verified sequence=419
FPGA Test DMA submit sequence=420 mode=2 bank=1 bytes=128 ddr=0x2ff80
FPGA Test DMA retired and host pages verified sequence=420
FPGA Test DMA submit sequence=421 mode=2 bank=1 bytes=128 ddr=0x30000
FPGA Test DMA retired and host pages verified sequence=421
FPGA Test DMA submit sequence=422 mode=2 bank=1 bytes=128 ddr=0x30080
FPGA Test DMA retired and host pages verified sequence=422
FPGA Test DMA submit sequence=423 mode=2 bank=1 bytes=128 ddr=0x30100
FPGA Test DMA retired and host pages verified sequence=423
FPGA Test DMA submit sequence=424 mode=2 bank=1 bytes=128 ddr=0x30180
FPGA Test DMA retired and host pages verified sequence=424
FPGA Test DMA submit sequence=425 mode=2 bank=1 bytes=64 ddr=0x30200
FPGA Test DMA retired and host pages verified sequence=425
FPGA Test HLS CASE PASS: case=30 n=129 layout=1 result_bytes=516 guard_bytes=188 descriptors=426
FPGA Test DMA submit sequence=426 mode=1 bank=0 bytes=64 ddr=0x1ffc0
FPGA Test DMA retired and host pages verified sequence=426
FPGA Test DMA submit sequence=427 mode=1 bank=0 bytes=128 ddr=0x20000
FPGA Test DMA retired and host pages verified sequence=427
FPGA Test DMA submit sequence=428 mode=1 bank=0 bytes=128 ddr=0x20080
FPGA Test DMA retired and host pages verified sequence=428
FPGA Test DMA submit sequence=429 mode=1 bank=0 bytes=128 ddr=0x20100
FPGA Test DMA retired and host pages verified sequence=429
FPGA Test DMA submit sequence=430 mode=1 bank=0 bytes=128 ddr=0x20180
FPGA Test DMA retired and host pages verified sequence=430
FPGA Test DMA submit sequence=431 mode=1 bank=0 bytes=128 ddr=0x20200
FPGA Test DMA retired and host pages verified sequence=431
FPGA Test DMA submit sequence=432 mode=1 bank=0 bytes=128 ddr=0x20280
FPGA Test DMA retired and host pages verified sequence=432
FPGA Test DMA submit sequence=433 mode=1 bank=0 bytes=128 ddr=0x20300
FPGA Test DMA retired and host pages verified sequence=433
FPGA Test DMA submit sequence=434 mode=1 bank=0 bytes=64 ddr=0x20380
FPGA Test DMA retired and host pages verified sequence=434
FPGA Test DMA submit sequence=435 mode=1 bank=0 bytes=64 ddr=0x23fc0
FPGA Test DMA retired and host pages verified sequence=435
FPGA Test DMA submit sequence=436 mode=1 bank=0 bytes=128 ddr=0x24000
FPGA Test DMA retired and host pages verified sequence=436
FPGA Test DMA submit sequence=437 mode=1 bank=0 bytes=128 ddr=0x24080
FPGA Test DMA retired and host pages verified sequence=437
FPGA Test DMA submit sequence=438 mode=1 bank=0 bytes=128 ddr=0x24100
FPGA Test DMA retired and host pages verified sequence=438
FPGA Test DMA submit sequence=439 mode=1 bank=0 bytes=128 ddr=0x24180
FPGA Test DMA retired and host pages verified sequence=439
FPGA Test DMA submit sequence=440 mode=1 bank=0 bytes=128 ddr=0x24200
FPGA Test DMA retired and host pages verified sequence=440
FPGA Test DMA submit sequence=441 mode=1 bank=0 bytes=128 ddr=0x24280
FPGA Test DMA retired and host pages verified sequence=441
FPGA Test DMA submit sequence=442 mode=1 bank=0 bytes=128 ddr=0x24300
FPGA Test DMA retired and host pages verified sequence=442
FPGA Test DMA submit sequence=443 mode=1 bank=0 bytes=64 ddr=0x24380
FPGA Test DMA retired and host pages verified sequence=443
FPGA Test DMA submit sequence=444 mode=1 bank=1 bytes=128 ddr=0x2ff80
FPGA Test DMA retired and host pages verified sequence=444
FPGA Test DMA submit sequence=445 mode=1 bank=1 bytes=128 ddr=0x30000
FPGA Test DMA retired and host pages verified sequence=445
FPGA Test DMA submit sequence=446 mode=1 bank=1 bytes=128 ddr=0x30080
FPGA Test DMA retired and host pages verified sequence=446
FPGA Test DMA submit sequence=447 mode=1 bank=1 bytes=128 ddr=0x30100
FPGA Test DMA retired and host pages verified sequence=447
FPGA Test DMA submit sequence=448 mode=1 bank=1 bytes=128 ddr=0x30180
FPGA Test DMA retired and host pages verified sequence=448
FPGA Test DMA submit sequence=449 mode=1 bank=1 bytes=128 ddr=0x30200
FPGA Test DMA retired and host pages verified sequence=449
FPGA Test DMA submit sequence=450 mode=1 bank=1 bytes=128 ddr=0x30280
FPGA Test DMA retired and host pages verified sequence=450
FPGA Test DMA submit sequence=451 mode=1 bank=1 bytes=128 ddr=0x30300
FPGA Test DMA retired and host pages verified sequence=451
FPGA Test DMA submit sequence=452 mode=1 bank=1 bytes=128 ddr=0x30380
FPGA Test DMA retired and host pages verified sequence=452
FPGA Test DMA submit sequence=453 mode=2 bank=1 bytes=128 ddr=0x2ff80
FPGA Test DMA retired and host pages verified sequence=453
FPGA Test DMA submit sequence=454 mode=2 bank=1 bytes=128 ddr=0x30000
FPGA Test DMA retired and host pages verified sequence=454
FPGA Test DMA submit sequence=455 mode=2 bank=1 bytes=128 ddr=0x30080
FPGA Test DMA retired and host pages verified sequence=455
FPGA Test DMA submit sequence=456 mode=2 bank=1 bytes=128 ddr=0x30100
FPGA Test DMA retired and host pages verified sequence=456
FPGA Test DMA submit sequence=457 mode=2 bank=1 bytes=128 ddr=0x30180
FPGA Test DMA retired and host pages verified sequence=457
FPGA Test DMA submit sequence=458 mode=2 bank=1 bytes=128 ddr=0x30200
FPGA Test DMA retired and host pages verified sequence=458
FPGA Test DMA submit sequence=459 mode=2 bank=1 bytes=128 ddr=0x30280
FPGA Test DMA retired and host pages verified sequence=459
FPGA Test DMA submit sequence=460 mode=2 bank=1 bytes=128 ddr=0x30300
FPGA Test DMA retired and host pages verified sequence=460
FPGA Test DMA submit sequence=461 mode=2 bank=1 bytes=128 ddr=0x30380
FPGA Test DMA retired and host pages verified sequence=461
FPGA Test HLS CASE PASS: case=31 n=255 layout=1 result_bytes=1020 guard_bytes=132 descriptors=462
FPGA Test DMA submit sequence=462 mode=1 bank=0 bytes=64 ddr=0x1ffc0
FPGA Test DMA retired and host pages verified sequence=462
FPGA Test DMA submit sequence=463 mode=1 bank=0 bytes=128 ddr=0x20000
FPGA Test DMA retired and host pages verified sequence=463
FPGA Test DMA submit sequence=464 mode=1 bank=0 bytes=128 ddr=0x20080
FPGA Test DMA retired and host pages verified sequence=464
FPGA Test DMA submit sequence=465 mode=1 bank=0 bytes=128 ddr=0x20100
FPGA Test DMA retired and host pages verified sequence=465
FPGA Test DMA submit sequence=466 mode=1 bank=0 bytes=128 ddr=0x20180
FPGA Test DMA retired and host pages verified sequence=466
FPGA Test DMA submit sequence=467 mode=1 bank=0 bytes=128 ddr=0x20200
FPGA Test DMA retired and host pages verified sequence=467
FPGA Test DMA submit sequence=468 mode=1 bank=0 bytes=128 ddr=0x20280
FPGA Test DMA retired and host pages verified sequence=468
FPGA Test DMA submit sequence=469 mode=1 bank=0 bytes=128 ddr=0x20300
FPGA Test DMA retired and host pages verified sequence=469
FPGA Test DMA submit sequence=470 mode=1 bank=0 bytes=64 ddr=0x20380
FPGA Test DMA retired and host pages verified sequence=470
FPGA Test DMA submit sequence=471 mode=1 bank=0 bytes=64 ddr=0x23fc0
FPGA Test DMA retired and host pages verified sequence=471
FPGA Test DMA submit sequence=472 mode=1 bank=0 bytes=128 ddr=0x24000
FPGA Test DMA retired and host pages verified sequence=472
FPGA Test DMA submit sequence=473 mode=1 bank=0 bytes=128 ddr=0x24080
FPGA Test DMA retired and host pages verified sequence=473
FPGA Test DMA submit sequence=474 mode=1 bank=0 bytes=128 ddr=0x24100
FPGA Test DMA retired and host pages verified sequence=474
FPGA Test DMA submit sequence=475 mode=1 bank=0 bytes=128 ddr=0x24180
FPGA Test DMA retired and host pages verified sequence=475
FPGA Test DMA submit sequence=476 mode=1 bank=0 bytes=128 ddr=0x24200
FPGA Test DMA retired and host pages verified sequence=476
FPGA Test DMA submit sequence=477 mode=1 bank=0 bytes=128 ddr=0x24280
FPGA Test DMA retired and host pages verified sequence=477
FPGA Test DMA submit sequence=478 mode=1 bank=0 bytes=128 ddr=0x24300
FPGA Test DMA retired and host pages verified sequence=478
FPGA Test DMA submit sequence=479 mode=1 bank=0 bytes=64 ddr=0x24380
FPGA Test DMA retired and host pages verified sequence=479
FPGA Test DMA submit sequence=480 mode=1 bank=1 bytes=128 ddr=0x2ff80
FPGA Test DMA retired and host pages verified sequence=480
FPGA Test DMA submit sequence=481 mode=1 bank=1 bytes=128 ddr=0x30000
FPGA Test DMA retired and host pages verified sequence=481
FPGA Test DMA submit sequence=482 mode=1 bank=1 bytes=128 ddr=0x30080
FPGA Test DMA retired and host pages verified sequence=482
FPGA Test DMA submit sequence=483 mode=1 bank=1 bytes=128 ddr=0x30100
FPGA Test DMA retired and host pages verified sequence=483
FPGA Test DMA submit sequence=484 mode=1 bank=1 bytes=128 ddr=0x30180
FPGA Test DMA retired and host pages verified sequence=484
FPGA Test DMA submit sequence=485 mode=1 bank=1 bytes=128 ddr=0x30200
FPGA Test DMA retired and host pages verified sequence=485
FPGA Test DMA submit sequence=486 mode=1 bank=1 bytes=128 ddr=0x30280
FPGA Test DMA retired and host pages verified sequence=486
FPGA Test DMA submit sequence=487 mode=1 bank=1 bytes=128 ddr=0x30300
FPGA Test DMA retired and host pages verified sequence=487
FPGA Test DMA submit sequence=488 mode=1 bank=1 bytes=128 ddr=0x30380
FPGA Test DMA retired and host pages verified sequence=488
FPGA Test DMA submit sequence=489 mode=2 bank=1 bytes=128 ddr=0x2ff80
FPGA Test DMA retired and host pages verified sequence=489
FPGA Test DMA submit sequence=490 mode=2 bank=1 bytes=128 ddr=0x30000
FPGA Test DMA retired and host pages verified sequence=490
FPGA Test DMA submit sequence=491 mode=2 bank=1 bytes=128 ddr=0x30080
FPGA Test DMA retired and host pages verified sequence=491
FPGA Test DMA submit sequence=492 mode=2 bank=1 bytes=128 ddr=0x30100
FPGA Test DMA retired and host pages verified sequence=492
FPGA Test DMA submit sequence=493 mode=2 bank=1 bytes=128 ddr=0x30180
FPGA Test DMA retired and host pages verified sequence=493
FPGA Test DMA submit sequence=494 mode=2 bank=1 bytes=128 ddr=0x30200
FPGA Test DMA retired and host pages verified sequence=494
FPGA Test DMA submit sequence=495 mode=2 bank=1 bytes=128 ddr=0x30280
FPGA Test DMA retired and host pages verified sequence=495
FPGA Test DMA submit sequence=496 mode=2 bank=1 bytes=128 ddr=0x30300
FPGA Test DMA retired and host pages verified sequence=496
FPGA Test DMA submit sequence=497 mode=2 bank=1 bytes=128 ddr=0x30380
FPGA Test DMA retired and host pages verified sequence=497
FPGA Test HLS CASE PASS: case=32 n=256 layout=1 result_bytes=1024 guard_bytes=128 descriptors=498
FPGA Test DMA submit sequence=498 mode=1 bank=0 bytes=64 ddr=0x1ffc0
FPGA Test DMA retired and host pages verified sequence=498
FPGA Test DMA submit sequence=499 mode=1 bank=0 bytes=128 ddr=0x20000
FPGA Test DMA retired and host pages verified sequence=499
FPGA Test DMA submit sequence=500 mode=1 bank=0 bytes=128 ddr=0x20080
FPGA Test DMA retired and host pages verified sequence=500
FPGA Test DMA submit sequence=501 mode=1 bank=0 bytes=128 ddr=0x20100
FPGA Test DMA retired and host pages verified sequence=501
FPGA Test DMA submit sequence=502 mode=1 bank=0 bytes=128 ddr=0x20180
FPGA Test DMA retired and host pages verified sequence=502
FPGA Test DMA submit sequence=503 mode=1 bank=0 bytes=128 ddr=0x20200
FPGA Test DMA retired and host pages verified sequence=503
FPGA Test DMA submit sequence=504 mode=1 bank=0 bytes=128 ddr=0x20280
FPGA Test DMA retired and host pages verified sequence=504
FPGA Test DMA submit sequence=505 mode=1 bank=0 bytes=128 ddr=0x20300
FPGA Test DMA retired and host pages verified sequence=505
FPGA Test DMA submit sequence=506 mode=1 bank=0 bytes=128 ddr=0x20380
FPGA Test DMA retired and host pages verified sequence=506
FPGA Test DMA submit sequence=507 mode=1 bank=0 bytes=64 ddr=0x23fc0
FPGA Test DMA retired and host pages verified sequence=507
FPGA Test DMA submit sequence=508 mode=1 bank=0 bytes=128 ddr=0x24000
FPGA Test DMA retired and host pages verified sequence=508
FPGA Test DMA submit sequence=509 mode=1 bank=0 bytes=128 ddr=0x24080
FPGA Test DMA retired and host pages verified sequence=509
FPGA Test DMA submit sequence=510 mode=1 bank=0 bytes=128 ddr=0x24100
FPGA Test DMA retired and host pages verified sequence=510
FPGA Test DMA submit sequence=511 mode=1 bank=0 bytes=128 ddr=0x24180
FPGA Test DMA retired and host pages verified sequence=511
FPGA Test DMA submit sequence=512 mode=1 bank=0 bytes=128 ddr=0x24200
FPGA Test DMA retired and host pages verified sequence=512
FPGA Test DMA submit sequence=513 mode=1 bank=0 bytes=128 ddr=0x24280
FPGA Test DMA retired and host pages verified sequence=513
FPGA Test DMA submit sequence=514 mode=1 bank=0 bytes=128 ddr=0x24300
FPGA Test DMA retired and host pages verified sequence=514
FPGA Test DMA submit sequence=515 mode=1 bank=0 bytes=128 ddr=0x24380
FPGA Test DMA retired and host pages verified sequence=515
FPGA Test DMA submit sequence=516 mode=1 bank=1 bytes=128 ddr=0x2ff80
FPGA Test DMA retired and host pages verified sequence=516
FPGA Test DMA submit sequence=517 mode=1 bank=1 bytes=128 ddr=0x30000
FPGA Test DMA retired and host pages verified sequence=517
FPGA Test DMA submit sequence=518 mode=1 bank=1 bytes=128 ddr=0x30080
FPGA Test DMA retired and host pages verified sequence=518
FPGA Test DMA submit sequence=519 mode=1 bank=1 bytes=128 ddr=0x30100
FPGA Test DMA retired and host pages verified sequence=519
FPGA Test DMA submit sequence=520 mode=1 bank=1 bytes=128 ddr=0x30180
FPGA Test DMA retired and host pages verified sequence=520
FPGA Test DMA submit sequence=521 mode=1 bank=1 bytes=128 ddr=0x30200
FPGA Test DMA retired and host pages verified sequence=521
FPGA Test DMA submit sequence=522 mode=1 bank=1 bytes=128 ddr=0x30280
FPGA Test DMA retired and host pages verified sequence=522
FPGA Test DMA submit sequence=523 mode=1 bank=1 bytes=128 ddr=0x30300
FPGA Test DMA retired and host pages verified sequence=523
FPGA Test DMA submit sequence=524 mode=1 bank=1 bytes=128 ddr=0x30380
FPGA Test DMA retired and host pages verified sequence=524
FPGA Test DMA submit sequence=525 mode=1 bank=1 bytes=64 ddr=0x30400
FPGA Test DMA retired and host pages verified sequence=525
FPGA Test DMA submit sequence=526 mode=2 bank=1 bytes=128 ddr=0x2ff80
FPGA Test DMA retired and host pages verified sequence=526
FPGA Test DMA submit sequence=527 mode=2 bank=1 bytes=128 ddr=0x30000
FPGA Test DMA retired and host pages verified sequence=527
FPGA Test DMA submit sequence=528 mode=2 bank=1 bytes=128 ddr=0x30080
FPGA Test DMA retired and host pages verified sequence=528
FPGA Test DMA submit sequence=529 mode=2 bank=1 bytes=128 ddr=0x30100
FPGA Test DMA retired and host pages verified sequence=529
FPGA Test DMA submit sequence=530 mode=2 bank=1 bytes=128 ddr=0x30180
FPGA Test DMA retired and host pages verified sequence=530
FPGA Test DMA submit sequence=531 mode=2 bank=1 bytes=128 ddr=0x30200
FPGA Test DMA retired and host pages verified sequence=531
FPGA Test DMA submit sequence=532 mode=2 bank=1 bytes=128 ddr=0x30280
FPGA Test DMA retired and host pages verified sequence=532
FPGA Test DMA submit sequence=533 mode=2 bank=1 bytes=128 ddr=0x30300
FPGA Test DMA retired and host pages verified sequence=533
FPGA Test DMA submit sequence=534 mode=2 bank=1 bytes=128 ddr=0x30380
FPGA Test DMA retired and host pages verified sequence=534
FPGA Test DMA submit sequence=535 mode=2 bank=1 bytes=64 ddr=0x30400
FPGA Test DMA retired and host pages verified sequence=535
FPGA Test HLS CASE PASS: case=33 n=257 layout=1 result_bytes=1028 guard_bytes=188 descriptors=536
FPGA Test CAPS03 COVERAGE PASSED: cases=34 integers=2982 descriptors=536 verified_payload_and_guards=1
No simultaneous-bank, sustained or full-DDR qualification. Live VFIO lifecycle acceptance is separate.
