test_actual_complete_map_and_provenance (test_bank_spreading.FullDerivation.test_actual_complete_map_and_provenance) ... ok
test_compare_only_detects_stale (test_bank_spreading.FullDerivation.test_compare_only_detects_stale) ... ok
test_duplicate_xml_rejection (test_bank_spreading.FullDerivation.test_duplicate_xml_rejection) ... ok
test_independent_instances (test_bank_spreading.FullDerivation.test_independent_instances) ... ok
test_missing_enable_integration (test_bank_spreading.FullDerivation.test_missing_enable_integration) ... ok
test_no_publication_on_rejection (test_bank_spreading.FullDerivation.test_no_publication_on_rejection) ... ok
test_pinned_source_hash_rejection (test_bank_spreading.FullDerivation.test_pinned_source_hash_rejection) ... ok
test_rejection_matrix_no_publication (test_bank_spreading.FullDerivation.test_rejection_matrix_no_publication) ... ok
test_schema_missing_and_duplicate (test_bank_spreading.FullDerivation.test_schema_missing_and_duplicate) ... ok
test_missing_pcie_rejects_before_writes (test_bank_spreading.PublicationOrder.test_missing_pcie_rejects_before_writes) ... ok
test_missing_sim_rejects_before_writes (test_bank_spreading.PublicationOrder.test_missing_sim_rejects_before_writes) ... ok
test_stale_pcie_rejects_before_writes (test_bank_spreading.PublicationOrder.test_stale_pcie_rejects_before_writes) ... ok
test_stale_sim_rejects_before_writes (test_bank_spreading.PublicationOrder.test_stale_sim_rejects_before_writes) ... ok
test_success_updates_exact_pair (test_bank_spreading.PublicationOrder.test_success_updates_exact_pair) ... ok
test_actual_fixture_copy_invariant (test_bank_spreading.StagingGuards.test_actual_fixture_copy_invariant) ... ok
test_pinned_baseline_and_schema_inputs (test_bank_spreading.StagingGuards.test_pinned_baseline_and_schema_inputs) ... ok
test_absent_flag (test_bank_spreading.Translation.test_absent_flag) ... ok
test_copies_and_schema (test_bank_spreading.Translation.test_copies_and_schema) ... ok
test_false_legal (test_bank_spreading.Translation.test_false_legal) ... ok
test_invalid_lexical_inputs (test_bank_spreading.Translation.test_invalid_lexical_inputs) ... ok
test_true_positive (test_bank_spreading.Translation.test_true_positive) ... ok

----------------------------------------------------------------------
Ran 21 tests in 60.089s

OK
