FPGA Test identity read 0x0
FPGA Test identity read 0x8
FPGA Test identity read 0x10
FPGA Test capability read 0x98
FPGA Test capability read 0xa0
FPGA Test capability read 0xa8
FPGA Test capability read 0xb0
FPGA Test DMA segment submit descriptor=0 sequence=0 bank=0 mode=1 bytes=64 ddr_offset=0x0 iova=0x0000000000000040
FPGA Test DMA segment retired descriptor=0 before=0x000000020041000a status=0x000000011041000a polls=2
FPGA Test segment pages verified descriptor=0
FPGA Test burst pages verified sequence=0 bank=0 source_page=4096 destination_page=4096
FPGA Test DMA segment submit descriptor=1 sequence=1 bank=0 mode=1 bytes=64 ddr_offset=0x40 iova=0x0000000000000040
FPGA Test DMA segment retired descriptor=1 before=0x000000011041000a status=0x000000012041000a polls=2
FPGA Test segment pages verified descriptor=1
FPGA Test burst pages verified sequence=1 bank=0 source_page=4096 destination_page=4096
FPGA Test DMA segment submit descriptor=2 sequence=2 bank=0 mode=1 bytes=64 ddr_offset=0x80 iova=0x0000000000000040
FPGA Test DMA segment retired descriptor=2 before=0x000000012041000a status=0x000000013041000a polls=2
FPGA Test segment pages verified descriptor=2
FPGA Test burst pages verified sequence=2 bank=0 source_page=4096 destination_page=4096
FPGA Test DMA segment submit descriptor=3 sequence=3 bank=0 mode=1 bytes=64 ddr_offset=0x100 iova=0x0000000000000040
FPGA Test DMA segment retired descriptor=3 before=0x000000013041000a status=0x000000014041000a polls=2
FPGA Test segment pages verified descriptor=3
FPGA Test burst pages verified sequence=3 bank=0 source_page=4096 destination_page=4096
FPGA Test DMA segment submit descriptor=4 sequence=4 bank=0 mode=1 bytes=64 ddr_offset=0x200 iova=0x0000000000000040
FPGA Test DMA segment retired descriptor=4 before=0x000000014041000a status=0x000000015041000a polls=2
FPGA Test segment pages verified descriptor=4
FPGA Test burst pages verified sequence=4 bank=0 source_page=4096 destination_page=4096
FPGA Test DMA segment submit descriptor=5 sequence=5 bank=0 mode=1 bytes=64 ddr_offset=0x400 iova=0x0000000000000040
FPGA Test DMA segment retired descriptor=5 before=0x000000015041000a status=0x000000016041000a polls=2
FPGA Test segment pages verified descriptor=5
FPGA Test burst pages verified sequence=5 bank=0 source_page=4096 destination_page=4096
FPGA Test DMA segment submit descriptor=6 sequence=6 bank=0 mode=1 bytes=64 ddr_offset=0x800 iova=0x0000000000000040
FPGA Test DMA segment retired descriptor=6 before=0x000000016041000a status=0x000000017041000a polls=2
FPGA Test segment pages verified descriptor=6
FPGA Test burst pages verified sequence=6 bank=0 source_page=4096 destination_page=4096
FPGA Test DMA segment submit descriptor=7 sequence=7 bank=0 mode=1 bytes=64 ddr_offset=0x1000 iova=0x0000000000000040
FPGA Test DMA segment retired descriptor=7 before=0x000000017041000a status=0x000000018041000a polls=2
FPGA Test segment pages verified descriptor=7
FPGA Test burst pages verified sequence=7 bank=0 source_page=4096 destination_page=4096
FPGA Test DMA segment submit descriptor=8 sequence=8 bank=0 mode=1 bytes=64 ddr_offset=0x2000 iova=0x0000000000000040
FPGA Test DMA segment retired descriptor=8 before=0x000000018041000a status=0x000000019041000a polls=2
FPGA Test segment pages verified descriptor=8
FPGA Test burst pages verified sequence=8 bank=0 source_page=4096 destination_page=4096
FPGA Test DMA segment submit descriptor=9 sequence=9 bank=0 mode=1 bytes=64 ddr_offset=0x4000 iova=0x0000000000000040
FPGA Test DMA segment retired descriptor=9 before=0x000000019041000a status=0x00000001a041000a polls=2
FPGA Test segment pages verified descriptor=9
FPGA Test burst pages verified sequence=9 bank=0 source_page=4096 destination_page=4096
FPGA Test DMA segment submit descriptor=10 sequence=10 bank=0 mode=1 bytes=64 ddr_offset=0x8000 iova=0x0000000000000040
FPGA Test DMA segment retired descriptor=10 before=0x00000001a041000a status=0x00000001b041000a polls=2
FPGA Test segment pages verified descriptor=10
FPGA Test burst pages verified sequence=10 bank=0 source_page=4096 destination_page=4096
FPGA Test DMA segment submit descriptor=11 sequence=11 bank=0 mode=1 bytes=64 ddr_offset=0x10000 iova=0x0000000000000040
FPGA Test DMA segment retired descriptor=11 before=0x00000001b041000a status=0x00000001c041000a polls=2
FPGA Test segment pages verified descriptor=11
FPGA Test burst pages verified sequence=11 bank=0 source_page=4096 destination_page=4096
FPGA Test DMA segment submit descriptor=12 sequence=12 bank=0 mode=1 bytes=64 ddr_offset=0x20000 iova=0x0000000000000040
FPGA Test DMA segment retired descriptor=12 before=0x00000001c041000a status=0x00000001d041000a polls=2
FPGA Test segment pages verified descriptor=12
FPGA Test burst pages verified sequence=12 bank=0 source_page=4096 destination_page=4096
FPGA Test DMA segment submit descriptor=13 sequence=13 bank=0 mode=1 bytes=64 ddr_offset=0x40000 iova=0x0000000000000040
FPGA Test DMA segment retired descriptor=13 before=0x00000001d041000a status=0x00000001e041000a polls=2
FPGA Test segment pages verified descriptor=13
FPGA Test burst pages verified sequence=13 bank=0 source_page=4096 destination_page=4096
FPGA Test DMA segment submit descriptor=14 sequence=14 bank=0 mode=1 bytes=64 ddr_offset=0x80000 iova=0x0000000000000040
FPGA Test DMA segment retired descriptor=14 before=0x00000001e041000a status=0x00000001f041000a polls=2
FPGA Test segment pages verified descriptor=14
FPGA Test burst pages verified sequence=14 bank=0 source_page=4096 destination_page=4096
FPGA Test DMA segment submit descriptor=15 sequence=15 bank=0 mode=1 bytes=64 ddr_offset=0x100000 iova=0x0000000000000040
FPGA Test DMA segment retired descriptor=15 before=0x00000001f041000a status=0x000000010041000a polls=2
FPGA Test segment pages verified descriptor=15
FPGA Test burst pages verified sequence=15 bank=0 source_page=4096 destination_page=4096
FPGA Test DMA segment submit descriptor=16 sequence=16 bank=0 mode=1 bytes=64 ddr_offset=0x200000 iova=0x0000000000000040
FPGA Test DMA segment retired descriptor=16 before=0x000000010041000a status=0x000000011041000a polls=2
FPGA Test segment pages verified descriptor=16
FPGA Test burst pages verified sequence=16 bank=0 source_page=4096 destination_page=4096
FPGA Test DMA segment submit descriptor=17 sequence=17 bank=0 mode=1 bytes=64 ddr_offset=0x400000 iova=0x0000000000000040
FPGA Test DMA segment retired descriptor=17 before=0x000000011041000a status=0x000000012041000a polls=2
FPGA Test segment pages verified descriptor=17
FPGA Test burst pages verified sequence=17 bank=0 source_page=4096 destination_page=4096
FPGA Test DMA segment submit descriptor=18 sequence=18 bank=0 mode=1 bytes=64 ddr_offset=0x800000 iova=0x0000000000000040
FPGA Test DMA segment retired descriptor=18 before=0x000000012041000a status=0x000000013041000a polls=2
FPGA Test segment pages verified descriptor=18
FPGA Test burst pages verified sequence=18 bank=0 source_page=4096 destination_page=4096
FPGA Test DMA segment submit descriptor=19 sequence=19 bank=0 mode=1 bytes=64 ddr_offset=0x1000000 iova=0x0000000000000040
FPGA Test DMA segment retired descriptor=19 before=0x000000013041000a status=0x000000014041000a polls=2
FPGA Test segment pages verified descriptor=19
FPGA Test burst pages verified sequence=19 bank=0 source_page=4096 destination_page=4096
FPGA Test DMA segment submit descriptor=20 sequence=20 bank=0 mode=1 bytes=64 ddr_offset=0x2000000 iova=0x0000000000000040
FPGA Test DMA segment retired descriptor=20 before=0x000000014041000a status=0x000000015041000a polls=2
FPGA Test segment pages verified descriptor=20
FPGA Test burst pages verified sequence=20 bank=0 source_page=4096 destination_page=4096
FPGA Test DMA segment submit descriptor=21 sequence=21 bank=0 mode=1 bytes=64 ddr_offset=0x4000000 iova=0x0000000000000040
FPGA Test DMA segment retired descriptor=21 before=0x000000015041000a status=0x000000016041000a polls=2
FPGA Test segment pages verified descriptor=21
FPGA Test burst pages verified sequence=21 bank=0 source_page=4096 destination_page=4096
FPGA Test DMA segment submit descriptor=22 sequence=22 bank=0 mode=1 bytes=64 ddr_offset=0x8000000 iova=0x0000000000000040
FPGA Test DMA segment retired descriptor=22 before=0x000000016041000a status=0x000000017041000a polls=2
FPGA Test segment pages verified descriptor=22
FPGA Test burst pages verified sequence=22 bank=0 source_page=4096 destination_page=4096
FPGA Test DMA segment submit descriptor=23 sequence=23 bank=0 mode=1 bytes=64 ddr_offset=0x10000000 iova=0x0000000000000040
FPGA Test DMA segment retired descriptor=23 before=0x000000017041000a status=0x000000018041000a polls=2
FPGA Test segment pages verified descriptor=23
FPGA Test burst pages verified sequence=23 bank=0 source_page=4096 destination_page=4096
FPGA Test DMA segment submit descriptor=24 sequence=24 bank=0 mode=1 bytes=64 ddr_offset=0x20000000 iova=0x0000000000000040
FPGA Test DMA segment retired descriptor=24 before=0x000000018041000a status=0x000000019041000a polls=2
FPGA Test segment pages verified descriptor=24
FPGA Test burst pages verified sequence=24 bank=0 source_page=4096 destination_page=4096
FPGA Test DMA segment submit descriptor=25 sequence=25 bank=0 mode=1 bytes=64 ddr_offset=0x40000000 iova=0x0000000000000040
FPGA Test DMA segment retired descriptor=25 before=0x000000019041000a status=0x00000001a041000a polls=2
FPGA Test segment pages verified descriptor=25
FPGA Test burst pages verified sequence=25 bank=0 source_page=4096 destination_page=4096
FPGA Test DMA segment submit descriptor=26 sequence=26 bank=0 mode=1 bytes=64 ddr_offset=0x80000000 iova=0x0000000000000040
FPGA Test DMA segment retired descriptor=26 before=0x00000001a041000a status=0x00000001b041000a polls=2
FPGA Test segment pages verified descriptor=26
FPGA Test burst pages verified sequence=26 bank=0 source_page=4096 destination_page=4096
FPGA Test DMA segment submit descriptor=27 sequence=27 bank=0 mode=1 bytes=64 ddr_offset=0x100000000 iova=0x0000000000000040
FPGA Test DMA segment retired descriptor=27 before=0x00000001b041000a status=0x00000001c041000a polls=2
FPGA Test segment pages verified descriptor=27
FPGA Test burst pages verified sequence=27 bank=0 source_page=4096 destination_page=4096
FPGA Test DMA segment submit descriptor=28 sequence=28 bank=0 mode=1 bytes=64 ddr_offset=0x200000000 iova=0x0000000000000040
FPGA Test DMA segment retired descriptor=28 before=0x00000001c041000a status=0x00000001d041000a polls=2
FPGA Test segment pages verified descriptor=28
FPGA Test burst pages verified sequence=28 bank=0 source_page=4096 destination_page=4096
FPGA Test DMA segment submit descriptor=29 sequence=29 bank=0 mode=1 bytes=64 ddr_offset=0x3ffffffc0 iova=0x0000000000000040
FPGA Test DMA segment retired descriptor=29 before=0x00000001d041000a status=0x00000001e041000a polls=2
FPGA Test segment pages verified descriptor=29
FPGA Test burst pages verified sequence=29 bank=0 source_page=4096 destination_page=4096
FPGA Test DMA segment submit descriptor=30 sequence=30 bank=1 mode=1 bytes=64 ddr_offset=0x0 iova=0x0000000000000040
FPGA Test DMA segment retired descriptor=30 before=0x00000001e041000a status=0x00000001f041000a polls=2
FPGA Test segment pages verified descriptor=30
FPGA Test burst pages verified sequence=30 bank=1 source_page=4096 destination_page=4096
FPGA Test DMA segment submit descriptor=31 sequence=31 bank=1 mode=1 bytes=64 ddr_offset=0x40 iova=0x0000000000000040
FPGA Test DMA segment retired descriptor=31 before=0x00000001f041000a status=0x000000010041000a polls=2
FPGA Test segment pages verified descriptor=31
FPGA Test burst pages verified sequence=31 bank=1 source_page=4096 destination_page=4096
FPGA Test DMA segment submit descriptor=32 sequence=32 bank=1 mode=1 bytes=64 ddr_offset=0x80 iova=0x0000000000000040
FPGA Test DMA segment retired descriptor=32 before=0x000000010041000a status=0x000000011041000a polls=2
FPGA Test segment pages verified descriptor=32
FPGA Test burst pages verified sequence=32 bank=1 source_page=4096 destination_page=4096
FPGA Test DMA segment submit descriptor=33 sequence=33 bank=1 mode=1 bytes=64 ddr_offset=0x100 iova=0x0000000000000040
FPGA Test DMA segment retired descriptor=33 before=0x000000011041000a status=0x000000012041000a polls=2
FPGA Test segment pages verified descriptor=33
FPGA Test burst pages verified sequence=33 bank=1 source_page=4096 destination_page=4096
FPGA Test DMA segment submit descriptor=34 sequence=34 bank=1 mode=1 bytes=64 ddr_offset=0x200 iova=0x0000000000000040
FPGA Test DMA segment retired descriptor=34 before=0x000000012041000a status=0x000000013041000a polls=2
FPGA Test segment pages verified descriptor=34
FPGA Test burst pages verified sequence=34 bank=1 source_page=4096 destination_page=4096
FPGA Test DMA segment submit descriptor=35 sequence=35 bank=1 mode=1 bytes=64 ddr_offset=0x400 iova=0x0000000000000040
FPGA Test DMA segment retired descriptor=35 before=0x000000013041000a status=0x000000014041000a polls=2
FPGA Test segment pages verified descriptor=35
FPGA Test burst pages verified sequence=35 bank=1 source_page=4096 destination_page=4096
FPGA Test DMA segment submit descriptor=36 sequence=36 bank=1 mode=1 bytes=64 ddr_offset=0x800 iova=0x0000000000000040
FPGA Test DMA segment retired descriptor=36 before=0x000000014041000a status=0x000000015041000a polls=2
FPGA Test segment pages verified descriptor=36
FPGA Test burst pages verified sequence=36 bank=1 source_page=4096 destination_page=4096
FPGA Test DMA segment submit descriptor=37 sequence=37 bank=1 mode=1 bytes=64 ddr_offset=0x1000 iova=0x0000000000000040
FPGA Test DMA segment retired descriptor=37 before=0x000000015041000a status=0x000000016041000a polls=2
FPGA Test segment pages verified descriptor=37
FPGA Test burst pages verified sequence=37 bank=1 source_page=4096 destination_page=4096
FPGA Test DMA segment submit descriptor=38 sequence=38 bank=1 mode=1 bytes=64 ddr_offset=0x2000 iova=0x0000000000000040
FPGA Test DMA segment retired descriptor=38 before=0x000000016041000a status=0x000000017041000a polls=2
FPGA Test segment pages verified descriptor=38
FPGA Test burst pages verified sequence=38 bank=1 source_page=4096 destination_page=4096
FPGA Test DMA segment submit descriptor=39 sequence=39 bank=1 mode=1 bytes=64 ddr_offset=0x4000 iova=0x0000000000000040
FPGA Test DMA segment retired descriptor=39 before=0x000000017041000a status=0x000000018041000a polls=2
FPGA Test segment pages verified descriptor=39
FPGA Test burst pages verified sequence=39 bank=1 source_page=4096 destination_page=4096
FPGA Test DMA segment submit descriptor=40 sequence=40 bank=1 mode=1 bytes=64 ddr_offset=0x8000 iova=0x0000000000000040
FPGA Test DMA segment retired descriptor=40 before=0x000000018041000a status=0x000000019041000a polls=2
FPGA Test segment pages verified descriptor=40
FPGA Test burst pages verified sequence=40 bank=1 source_page=4096 destination_page=4096
FPGA Test DMA segment submit descriptor=41 sequence=41 bank=1 mode=1 bytes=64 ddr_offset=0x10000 iova=0x0000000000000040
FPGA Test DMA segment retired descriptor=41 before=0x000000019041000a status=0x00000001a041000a polls=2
FPGA Test segment pages verified descriptor=41
FPGA Test burst pages verified sequence=41 bank=1 source_page=4096 destination_page=4096
FPGA Test DMA segment submit descriptor=42 sequence=42 bank=1 mode=1 bytes=64 ddr_offset=0x20000 iova=0x0000000000000040
FPGA Test DMA segment retired descriptor=42 before=0x00000001a041000a status=0x00000001b041000a polls=2
FPGA Test segment pages verified descriptor=42
FPGA Test burst pages verified sequence=42 bank=1 source_page=4096 destination_page=4096
FPGA Test DMA segment submit descriptor=43 sequence=43 bank=1 mode=1 bytes=64 ddr_offset=0x40000 iova=0x0000000000000040
FPGA Test DMA segment retired descriptor=43 before=0x00000001b041000a status=0x00000001c041000a polls=2
FPGA Test segment pages verified descriptor=43
FPGA Test burst pages verified sequence=43 bank=1 source_page=4096 destination_page=4096
FPGA Test DMA segment submit descriptor=44 sequence=44 bank=1 mode=1 bytes=64 ddr_offset=0x80000 iova=0x0000000000000040
FPGA Test DMA segment retired descriptor=44 before=0x00000001c041000a status=0x00000001d041000a polls=2
FPGA Test segment pages verified descriptor=44
FPGA Test burst pages verified sequence=44 bank=1 source_page=4096 destination_page=4096
FPGA Test DMA segment submit descriptor=45 sequence=45 bank=1 mode=1 bytes=64 ddr_offset=0x100000 iova=0x0000000000000040
FPGA Test DMA segment retired descriptor=45 before=0x00000001d041000a status=0x00000001e041000a polls=2
FPGA Test segment pages verified descriptor=45
FPGA Test burst pages verified sequence=45 bank=1 source_page=4096 destination_page=4096
FPGA Test DMA segment submit descriptor=46 sequence=46 bank=1 mode=1 bytes=64 ddr_offset=0x200000 iova=0x0000000000000040
FPGA Test DMA segment retired descriptor=46 before=0x00000001e041000a status=0x00000001f041000a polls=2
FPGA Test segment pages verified descriptor=46
FPGA Test burst pages verified sequence=46 bank=1 source_page=4096 destination_page=4096
FPGA Test DMA segment submit descriptor=47 sequence=47 bank=1 mode=1 bytes=64 ddr_offset=0x400000 iova=0x0000000000000040
FPGA Test DMA segment retired descriptor=47 before=0x00000001f041000a status=0x000000010041000a polls=2
FPGA Test segment pages verified descriptor=47
FPGA Test burst pages verified sequence=47 bank=1 source_page=4096 destination_page=4096
FPGA Test DMA segment submit descriptor=48 sequence=48 bank=1 mode=1 bytes=64 ddr_offset=0x800000 iova=0x0000000000000040
FPGA Test DMA segment retired descriptor=48 before=0x000000010041000a status=0x000000011041000a polls=2
FPGA Test segment pages verified descriptor=48
FPGA Test burst pages verified sequence=48 bank=1 source_page=4096 destination_page=4096
FPGA Test DMA segment submit descriptor=49 sequence=49 bank=1 mode=1 bytes=64 ddr_offset=0x1000000 iova=0x0000000000000040
FPGA Test DMA segment retired descriptor=49 before=0x000000011041000a status=0x000000012041000a polls=2
FPGA Test segment pages verified descriptor=49
FPGA Test burst pages verified sequence=49 bank=1 source_page=4096 destination_page=4096
FPGA Test DMA segment submit descriptor=50 sequence=50 bank=1 mode=1 bytes=64 ddr_offset=0x2000000 iova=0x0000000000000040
FPGA Test DMA segment retired descriptor=50 before=0x000000012041000a status=0x000000013041000a polls=2
FPGA Test segment pages verified descriptor=50
FPGA Test burst pages verified sequence=50 bank=1 source_page=4096 destination_page=4096
FPGA Test DMA segment submit descriptor=51 sequence=51 bank=1 mode=1 bytes=64 ddr_offset=0x4000000 iova=0x0000000000000040
FPGA Test DMA segment retired descriptor=51 before=0x000000013041000a status=0x000000014041000a polls=2
FPGA Test segment pages verified descriptor=51
FPGA Test burst pages verified sequence=51 bank=1 source_page=4096 destination_page=4096
FPGA Test DMA segment submit descriptor=52 sequence=52 bank=1 mode=1 bytes=64 ddr_offset=0x8000000 iova=0x0000000000000040
FPGA Test DMA segment retired descriptor=52 before=0x000000014041000a status=0x000000015041000a polls=2
FPGA Test segment pages verified descriptor=52
FPGA Test burst pages verified sequence=52 bank=1 source_page=4096 destination_page=4096
FPGA Test DMA segment submit descriptor=53 sequence=53 bank=1 mode=1 bytes=64 ddr_offset=0x10000000 iova=0x0000000000000040
FPGA Test DMA segment retired descriptor=53 before=0x000000015041000a status=0x000000016041000a polls=2
FPGA Test segment pages verified descriptor=53
FPGA Test burst pages verified sequence=53 bank=1 source_page=4096 destination_page=4096
FPGA Test DMA segment submit descriptor=54 sequence=54 bank=1 mode=1 bytes=64 ddr_offset=0x20000000 iova=0x0000000000000040
FPGA Test DMA segment retired descriptor=54 before=0x000000016041000a status=0x000000017041000a polls=2
FPGA Test segment pages verified descriptor=54
FPGA Test burst pages verified sequence=54 bank=1 source_page=4096 destination_page=4096
FPGA Test DMA segment submit descriptor=55 sequence=55 bank=1 mode=1 bytes=64 ddr_offset=0x40000000 iova=0x0000000000000040
FPGA Test DMA segment retired descriptor=55 before=0x000000017041000a status=0x000000018041000a polls=2
FPGA Test segment pages verified descriptor=55
FPGA Test burst pages verified sequence=55 bank=1 source_page=4096 destination_page=4096
FPGA Test DMA segment submit descriptor=56 sequence=56 bank=1 mode=1 bytes=64 ddr_offset=0x80000000 iova=0x0000000000000040
FPGA Test DMA segment retired descriptor=56 before=0x000000018041000a status=0x000000019041000a polls=2
FPGA Test segment pages verified descriptor=56
FPGA Test burst pages verified sequence=56 bank=1 source_page=4096 destination_page=4096
FPGA Test DMA segment submit descriptor=57 sequence=57 bank=1 mode=1 bytes=64 ddr_offset=0x100000000 iova=0x0000000000000040
FPGA Test DMA segment retired descriptor=57 before=0x000000019041000a status=0x00000001a041000a polls=2
FPGA Test segment pages verified descriptor=57
FPGA Test burst pages verified sequence=57 bank=1 source_page=4096 destination_page=4096
FPGA Test DMA segment submit descriptor=58 sequence=58 bank=1 mode=1 bytes=64 ddr_offset=0x200000000 iova=0x0000000000000040
FPGA Test DMA segment retired descriptor=58 before=0x00000001a041000a status=0x00000001b041000a polls=2
FPGA Test segment pages verified descriptor=58
FPGA Test burst pages verified sequence=58 bank=1 source_page=4096 destination_page=4096
FPGA Test DMA segment submit descriptor=59 sequence=59 bank=1 mode=1 bytes=64 ddr_offset=0x3ffffffc0 iova=0x0000000000000040
FPGA Test DMA segment retired descriptor=59 before=0x00000001b041000a status=0x00000001c041000a polls=2
FPGA Test segment pages verified descriptor=59
FPGA Test burst pages verified sequence=59 bank=1 source_page=4096 destination_page=4096
FPGA Test DMA segment submit descriptor=60 sequence=60 bank=0 mode=2 bytes=64 ddr_offset=0x0 iova=0x0000000000001040
FPGA Test DMA segment retired descriptor=60 before=0x00000001c041000a status=0x00000002d041000a polls=2
FPGA Test segment pages verified descriptor=60
FPGA Test burst pages verified sequence=60 bank=0 source_page=4096 destination_page=4096
FPGA Test burst data verified bank=0 bytes=64
FPGA Test DMA segment submit descriptor=61 sequence=61 bank=0 mode=2 bytes=64 ddr_offset=0x40 iova=0x0000000000001040
FPGA Test DMA segment retired descriptor=61 before=0x00000002d041000a status=0x00000002e041000a polls=2
FPGA Test segment pages verified descriptor=61
FPGA Test burst pages verified sequence=61 bank=0 source_page=4096 destination_page=4096
FPGA Test burst data verified bank=0 bytes=64
FPGA Test DMA segment submit descriptor=62 sequence=62 bank=0 mode=2 bytes=64 ddr_offset=0x80 iova=0x0000000000001040
FPGA Test DMA segment retired descriptor=62 before=0x00000002e041000a status=0x00000002f041000a polls=2
FPGA Test segment pages verified descriptor=62
FPGA Test burst pages verified sequence=62 bank=0 source_page=4096 destination_page=4096
FPGA Test burst data verified bank=0 bytes=64
FPGA Test DMA segment submit descriptor=63 sequence=63 bank=0 mode=2 bytes=64 ddr_offset=0x100 iova=0x0000000000001040
FPGA Test DMA segment retired descriptor=63 before=0x00000002f041000a status=0x000000020041000a polls=2
FPGA Test segment pages verified descriptor=63
FPGA Test burst pages verified sequence=63 bank=0 source_page=4096 destination_page=4096
FPGA Test burst data verified bank=0 bytes=64
FPGA Test DMA segment submit descriptor=64 sequence=64 bank=0 mode=2 bytes=64 ddr_offset=0x200 iova=0x0000000000001040
FPGA Test DMA segment retired descriptor=64 before=0x000000020041000a status=0x000000021041000a polls=2
FPGA Test segment pages verified descriptor=64
FPGA Test burst pages verified sequence=64 bank=0 source_page=4096 destination_page=4096
FPGA Test burst data verified bank=0 bytes=64
FPGA Test DMA segment submit descriptor=65 sequence=65 bank=0 mode=2 bytes=64 ddr_offset=0x400 iova=0x0000000000001040
FPGA Test DMA segment retired descriptor=65 before=0x000000021041000a status=0x000000022041000a polls=2
FPGA Test segment pages verified descriptor=65
FPGA Test burst pages verified sequence=65 bank=0 source_page=4096 destination_page=4096
FPGA Test burst data verified bank=0 bytes=64
FPGA Test DMA segment submit descriptor=66 sequence=66 bank=0 mode=2 bytes=64 ddr_offset=0x800 iova=0x0000000000001040
FPGA Test DMA segment retired descriptor=66 before=0x000000022041000a status=0x000000023041000a polls=2
FPGA Test segment pages verified descriptor=66
FPGA Test burst pages verified sequence=66 bank=0 source_page=4096 destination_page=4096
FPGA Test burst data verified bank=0 bytes=64
FPGA Test DMA segment submit descriptor=67 sequence=67 bank=0 mode=2 bytes=64 ddr_offset=0x1000 iova=0x0000000000001040
FPGA Test DMA segment retired descriptor=67 before=0x000000023041000a status=0x000000024041000a polls=2
FPGA Test segment pages verified descriptor=67
FPGA Test burst pages verified sequence=67 bank=0 source_page=4096 destination_page=4096
FPGA Test burst data verified bank=0 bytes=64
FPGA Test DMA segment submit descriptor=68 sequence=68 bank=0 mode=2 bytes=64 ddr_offset=0x2000 iova=0x0000000000001040
FPGA Test DMA segment retired descriptor=68 before=0x000000024041000a status=0x000000025041000a polls=2
FPGA Test segment pages verified descriptor=68
FPGA Test burst pages verified sequence=68 bank=0 source_page=4096 destination_page=4096
FPGA Test burst data verified bank=0 bytes=64
FPGA Test DMA segment submit descriptor=69 sequence=69 bank=0 mode=2 bytes=64 ddr_offset=0x4000 iova=0x0000000000001040
FPGA Test DMA segment retired descriptor=69 before=0x000000025041000a status=0x000000026041000a polls=2
FPGA Test segment pages verified descriptor=69
FPGA Test burst pages verified sequence=69 bank=0 source_page=4096 destination_page=4096
FPGA Test burst data verified bank=0 bytes=64
FPGA Test DMA segment submit descriptor=70 sequence=70 bank=0 mode=2 bytes=64 ddr_offset=0x8000 iova=0x0000000000001040
FPGA Test DMA segment retired descriptor=70 before=0x000000026041000a status=0x000000027041000a polls=2
FPGA Test segment pages verified descriptor=70
FPGA Test burst pages verified sequence=70 bank=0 source_page=4096 destination_page=4096
FPGA Test burst data verified bank=0 bytes=64
FPGA Test DMA segment submit descriptor=71 sequence=71 bank=0 mode=2 bytes=64 ddr_offset=0x10000 iova=0x0000000000001040
FPGA Test DMA segment retired descriptor=71 before=0x000000027041000a status=0x000000028041000a polls=2
FPGA Test segment pages verified descriptor=71
FPGA Test burst pages verified sequence=71 bank=0 source_page=4096 destination_page=4096
FPGA Test burst data verified bank=0 bytes=64
FPGA Test DMA segment submit descriptor=72 sequence=72 bank=0 mode=2 bytes=64 ddr_offset=0x20000 iova=0x0000000000001040
FPGA Test DMA segment retired descriptor=72 before=0x000000028041000a status=0x000000029041000a polls=2
FPGA Test segment pages verified descriptor=72
FPGA Test burst pages verified sequence=72 bank=0 source_page=4096 destination_page=4096
FPGA Test burst data verified bank=0 bytes=64
FPGA Test DMA segment submit descriptor=73 sequence=73 bank=0 mode=2 bytes=64 ddr_offset=0x40000 iova=0x0000000000001040
FPGA Test DMA segment retired descriptor=73 before=0x000000029041000a status=0x00000002a041000a polls=2
FPGA Test segment pages verified descriptor=73
FPGA Test burst pages verified sequence=73 bank=0 source_page=4096 destination_page=4096
FPGA Test burst data verified bank=0 bytes=64
FPGA Test DMA segment submit descriptor=74 sequence=74 bank=0 mode=2 bytes=64 ddr_offset=0x80000 iova=0x0000000000001040
FPGA Test DMA segment retired descriptor=74 before=0x00000002a041000a status=0x00000002b041000a polls=2
FPGA Test segment pages verified descriptor=74
FPGA Test burst pages verified sequence=74 bank=0 source_page=4096 destination_page=4096
FPGA Test burst data verified bank=0 bytes=64
FPGA Test DMA segment submit descriptor=75 sequence=75 bank=0 mode=2 bytes=64 ddr_offset=0x100000 iova=0x0000000000001040
FPGA Test DMA segment retired descriptor=75 before=0x00000002b041000a status=0x00000002c041000a polls=2
FPGA Test segment pages verified descriptor=75
FPGA Test burst pages verified sequence=75 bank=0 source_page=4096 destination_page=4096
FPGA Test burst data verified bank=0 bytes=64
FPGA Test DMA segment submit descriptor=76 sequence=76 bank=0 mode=2 bytes=64 ddr_offset=0x200000 iova=0x0000000000001040
FPGA Test DMA segment retired descriptor=76 before=0x00000002c041000a status=0x00000002d041000a polls=2
FPGA Test segment pages verified descriptor=76
FPGA Test burst pages verified sequence=76 bank=0 source_page=4096 destination_page=4096
FPGA Test burst data verified bank=0 bytes=64
FPGA Test DMA segment submit descriptor=77 sequence=77 bank=0 mode=2 bytes=64 ddr_offset=0x400000 iova=0x0000000000001040
FPGA Test DMA segment retired descriptor=77 before=0x00000002d041000a status=0x00000002e041000a polls=2
FPGA Test segment pages verified descriptor=77
FPGA Test burst pages verified sequence=77 bank=0 source_page=4096 destination_page=4096
FPGA Test burst data verified bank=0 bytes=64
FPGA Test DMA segment submit descriptor=78 sequence=78 bank=0 mode=2 bytes=64 ddr_offset=0x800000 iova=0x0000000000001040
FPGA Test DMA segment retired descriptor=78 before=0x00000002e041000a status=0x00000002f041000a polls=2
FPGA Test segment pages verified descriptor=78
FPGA Test burst pages verified sequence=78 bank=0 source_page=4096 destination_page=4096
FPGA Test burst data verified bank=0 bytes=64
FPGA Test DMA segment submit descriptor=79 sequence=79 bank=0 mode=2 bytes=64 ddr_offset=0x1000000 iova=0x0000000000001040
FPGA Test DMA segment retired descriptor=79 before=0x00000002f041000a status=0x000000020041000a polls=2
FPGA Test segment pages verified descriptor=79
FPGA Test burst pages verified sequence=79 bank=0 source_page=4096 destination_page=4096
FPGA Test burst data verified bank=0 bytes=64
FPGA Test DMA segment submit descriptor=80 sequence=80 bank=0 mode=2 bytes=64 ddr_offset=0x2000000 iova=0x0000000000001040
FPGA Test DMA segment retired descriptor=80 before=0x000000020041000a status=0x000000021041000a polls=2
FPGA Test segment pages verified descriptor=80
FPGA Test burst pages verified sequence=80 bank=0 source_page=4096 destination_page=4096
FPGA Test burst data verified bank=0 bytes=64
FPGA Test DMA segment submit descriptor=81 sequence=81 bank=0 mode=2 bytes=64 ddr_offset=0x4000000 iova=0x0000000000001040
FPGA Test DMA segment retired descriptor=81 before=0x000000021041000a status=0x000000022041000a polls=2
FPGA Test segment pages verified descriptor=81
FPGA Test burst pages verified sequence=81 bank=0 source_page=4096 destination_page=4096
FPGA Test burst data verified bank=0 bytes=64
FPGA Test DMA segment submit descriptor=82 sequence=82 bank=0 mode=2 bytes=64 ddr_offset=0x8000000 iova=0x0000000000001040
FPGA Test DMA segment retired descriptor=82 before=0x000000022041000a status=0x000000023041000a polls=2
FPGA Test segment pages verified descriptor=82
FPGA Test burst pages verified sequence=82 bank=0 source_page=4096 destination_page=4096
FPGA Test burst data verified bank=0 bytes=64
FPGA Test DMA segment submit descriptor=83 sequence=83 bank=0 mode=2 bytes=64 ddr_offset=0x10000000 iova=0x0000000000001040
FPGA Test DMA segment retired descriptor=83 before=0x000000023041000a status=0x000000024041000a polls=2
FPGA Test segment pages verified descriptor=83
FPGA Test burst pages verified sequence=83 bank=0 source_page=4096 destination_page=4096
FPGA Test burst data verified bank=0 bytes=64
FPGA Test DMA segment submit descriptor=84 sequence=84 bank=0 mode=2 bytes=64 ddr_offset=0x20000000 iova=0x0000000000001040
FPGA Test DMA segment retired descriptor=84 before=0x000000024041000a status=0x000000025041000a polls=2
FPGA Test segment pages verified descriptor=84
FPGA Test burst pages verified sequence=84 bank=0 source_page=4096 destination_page=4096
FPGA Test burst data verified bank=0 bytes=64
FPGA Test DMA segment submit descriptor=85 sequence=85 bank=0 mode=2 bytes=64 ddr_offset=0x40000000 iova=0x0000000000001040
FPGA Test DMA segment retired descriptor=85 before=0x000000025041000a status=0x000000026041000a polls=2
FPGA Test segment pages verified descriptor=85
FPGA Test burst pages verified sequence=85 bank=0 source_page=4096 destination_page=4096
FPGA Test burst data verified bank=0 bytes=64
FPGA Test DMA segment submit descriptor=86 sequence=86 bank=0 mode=2 bytes=64 ddr_offset=0x80000000 iova=0x0000000000001040
FPGA Test DMA segment retired descriptor=86 before=0x000000026041000a status=0x000000027041000a polls=2
FPGA Test segment pages verified descriptor=86
FPGA Test burst pages verified sequence=86 bank=0 source_page=4096 destination_page=4096
FPGA Test burst data verified bank=0 bytes=64
FPGA Test DMA segment submit descriptor=87 sequence=87 bank=0 mode=2 bytes=64 ddr_offset=0x100000000 iova=0x0000000000001040
FPGA Test DMA segment retired descriptor=87 before=0x000000027041000a status=0x000000028041000a polls=2
FPGA Test segment pages verified descriptor=87
FPGA Test burst pages verified sequence=87 bank=0 source_page=4096 destination_page=4096
FPGA Test burst data verified bank=0 bytes=64
FPGA Test DMA segment submit descriptor=88 sequence=88 bank=0 mode=2 bytes=64 ddr_offset=0x200000000 iova=0x0000000000001040
FPGA Test DMA segment retired descriptor=88 before=0x000000028041000a status=0x000000029041000a polls=2
FPGA Test segment pages verified descriptor=88
FPGA Test burst pages verified sequence=88 bank=0 source_page=4096 destination_page=4096
FPGA Test burst data verified bank=0 bytes=64
FPGA Test DMA segment submit descriptor=89 sequence=89 bank=0 mode=2 bytes=64 ddr_offset=0x3ffffffc0 iova=0x0000000000001040
FPGA Test DMA segment retired descriptor=89 before=0x000000029041000a status=0x00000002a041000a polls=2
FPGA Test segment pages verified descriptor=89
FPGA Test burst pages verified sequence=89 bank=0 source_page=4096 destination_page=4096
FPGA Test burst data verified bank=0 bytes=64
FPGA Test DMA segment submit descriptor=90 sequence=90 bank=1 mode=2 bytes=64 ddr_offset=0x0 iova=0x0000000000001040
FPGA Test DMA segment retired descriptor=90 before=0x00000002a041000a status=0x00000002b041000a polls=2
FPGA Test segment pages verified descriptor=90
FPGA Test burst pages verified sequence=90 bank=1 source_page=4096 destination_page=4096
FPGA Test burst data verified bank=1 bytes=64
FPGA Test DMA segment submit descriptor=91 sequence=91 bank=1 mode=2 bytes=64 ddr_offset=0x40 iova=0x0000000000001040
FPGA Test DMA segment retired descriptor=91 before=0x00000002b041000a status=0x00000002c041000a polls=2
FPGA Test segment pages verified descriptor=91
FPGA Test burst pages verified sequence=91 bank=1 source_page=4096 destination_page=4096
FPGA Test burst data verified bank=1 bytes=64
FPGA Test DMA segment submit descriptor=92 sequence=92 bank=1 mode=2 bytes=64 ddr_offset=0x80 iova=0x0000000000001040
FPGA Test DMA segment retired descriptor=92 before=0x00000002c041000a status=0x00000002d041000a polls=2
FPGA Test segment pages verified descriptor=92
FPGA Test burst pages verified sequence=92 bank=1 source_page=4096 destination_page=4096
FPGA Test burst data verified bank=1 bytes=64
FPGA Test DMA segment submit descriptor=93 sequence=93 bank=1 mode=2 bytes=64 ddr_offset=0x100 iova=0x0000000000001040
FPGA Test DMA segment retired descriptor=93 before=0x00000002d041000a status=0x00000002e041000a polls=2
FPGA Test segment pages verified descriptor=93
FPGA Test burst pages verified sequence=93 bank=1 source_page=4096 destination_page=4096
FPGA Test burst data verified bank=1 bytes=64
FPGA Test DMA segment submit descriptor=94 sequence=94 bank=1 mode=2 bytes=64 ddr_offset=0x200 iova=0x0000000000001040
FPGA Test DMA segment retired descriptor=94 before=0x00000002e041000a status=0x00000002f041000a polls=2
FPGA Test segment pages verified descriptor=94
FPGA Test burst pages verified sequence=94 bank=1 source_page=4096 destination_page=4096
FPGA Test burst data verified bank=1 bytes=64
FPGA Test DMA segment submit descriptor=95 sequence=95 bank=1 mode=2 bytes=64 ddr_offset=0x400 iova=0x0000000000001040
FPGA Test DMA segment retired descriptor=95 before=0x00000002f041000a status=0x000000020041000a polls=2
FPGA Test segment pages verified descriptor=95
FPGA Test burst pages verified sequence=95 bank=1 source_page=4096 destination_page=4096
FPGA Test burst data verified bank=1 bytes=64
FPGA Test DMA segment submit descriptor=96 sequence=96 bank=1 mode=2 bytes=64 ddr_offset=0x800 iova=0x0000000000001040
FPGA Test DMA segment retired descriptor=96 before=0x000000020041000a status=0x000000021041000a polls=2
FPGA Test segment pages verified descriptor=96
FPGA Test burst pages verified sequence=96 bank=1 source_page=4096 destination_page=4096
FPGA Test burst data verified bank=1 bytes=64
FPGA Test DMA segment submit descriptor=97 sequence=97 bank=1 mode=2 bytes=64 ddr_offset=0x1000 iova=0x0000000000001040
FPGA Test DMA segment retired descriptor=97 before=0x000000021041000a status=0x000000022041000a polls=2
FPGA Test segment pages verified descriptor=97
FPGA Test burst pages verified sequence=97 bank=1 source_page=4096 destination_page=4096
FPGA Test burst data verified bank=1 bytes=64
FPGA Test DMA segment submit descriptor=98 sequence=98 bank=1 mode=2 bytes=64 ddr_offset=0x2000 iova=0x0000000000001040
FPGA Test DMA segment retired descriptor=98 before=0x000000022041000a status=0x000000023041000a polls=2
FPGA Test segment pages verified descriptor=98
FPGA Test burst pages verified sequence=98 bank=1 source_page=4096 destination_page=4096
FPGA Test burst data verified bank=1 bytes=64
FPGA Test DMA segment submit descriptor=99 sequence=99 bank=1 mode=2 bytes=64 ddr_offset=0x4000 iova=0x0000000000001040
FPGA Test DMA segment retired descriptor=99 before=0x000000023041000a status=0x000000024041000a polls=2
FPGA Test segment pages verified descriptor=99
FPGA Test burst pages verified sequence=99 bank=1 source_page=4096 destination_page=4096
FPGA Test burst data verified bank=1 bytes=64
FPGA Test DMA segment submit descriptor=100 sequence=100 bank=1 mode=2 bytes=64 ddr_offset=0x8000 iova=0x0000000000001040
FPGA Test DMA segment retired descriptor=100 before=0x000000024041000a status=0x000000025041000a polls=2
FPGA Test segment pages verified descriptor=100
FPGA Test burst pages verified sequence=100 bank=1 source_page=4096 destination_page=4096
FPGA Test burst data verified bank=1 bytes=64
FPGA Test DMA segment submit descriptor=101 sequence=101 bank=1 mode=2 bytes=64 ddr_offset=0x10000 iova=0x0000000000001040
FPGA Test DMA segment retired descriptor=101 before=0x000000025041000a status=0x000000026041000a polls=2
FPGA Test segment pages verified descriptor=101
FPGA Test burst pages verified sequence=101 bank=1 source_page=4096 destination_page=4096
FPGA Test burst data verified bank=1 bytes=64
FPGA Test DMA segment submit descriptor=102 sequence=102 bank=1 mode=2 bytes=64 ddr_offset=0x20000 iova=0x0000000000001040
FPGA Test DMA segment retired descriptor=102 before=0x000000026041000a status=0x000000027041000a polls=2
FPGA Test segment pages verified descriptor=102
FPGA Test burst pages verified sequence=102 bank=1 source_page=4096 destination_page=4096
FPGA Test burst data verified bank=1 bytes=64
FPGA Test DMA segment submit descriptor=103 sequence=103 bank=1 mode=2 bytes=64 ddr_offset=0x40000 iova=0x0000000000001040
FPGA Test DMA segment retired descriptor=103 before=0x000000027041000a status=0x000000028041000a polls=2
FPGA Test segment pages verified descriptor=103
FPGA Test burst pages verified sequence=103 bank=1 source_page=4096 destination_page=4096
FPGA Test burst data verified bank=1 bytes=64
FPGA Test DMA segment submit descriptor=104 sequence=104 bank=1 mode=2 bytes=64 ddr_offset=0x80000 iova=0x0000000000001040
FPGA Test DMA segment retired descriptor=104 before=0x000000028041000a status=0x000000029041000a polls=2
FPGA Test segment pages verified descriptor=104
FPGA Test burst pages verified sequence=104 bank=1 source_page=4096 destination_page=4096
FPGA Test burst data verified bank=1 bytes=64
FPGA Test DMA segment submit descriptor=105 sequence=105 bank=1 mode=2 bytes=64 ddr_offset=0x100000 iova=0x0000000000001040
FPGA Test DMA segment retired descriptor=105 before=0x000000029041000a status=0x00000002a041000a polls=2
FPGA Test segment pages verified descriptor=105
FPGA Test burst pages verified sequence=105 bank=1 source_page=4096 destination_page=4096
FPGA Test burst data verified bank=1 bytes=64
FPGA Test DMA segment submit descriptor=106 sequence=106 bank=1 mode=2 bytes=64 ddr_offset=0x200000 iova=0x0000000000001040
FPGA Test DMA segment retired descriptor=106 before=0x00000002a041000a status=0x00000002b041000a polls=2
FPGA Test segment pages verified descriptor=106
FPGA Test burst pages verified sequence=106 bank=1 source_page=4096 destination_page=4096
FPGA Test burst data verified bank=1 bytes=64
FPGA Test DMA segment submit descriptor=107 sequence=107 bank=1 mode=2 bytes=64 ddr_offset=0x400000 iova=0x0000000000001040
FPGA Test DMA segment retired descriptor=107 before=0x00000002b041000a status=0x00000002c041000a polls=2
FPGA Test segment pages verified descriptor=107
FPGA Test burst pages verified sequence=107 bank=1 source_page=4096 destination_page=4096
FPGA Test burst data verified bank=1 bytes=64
FPGA Test DMA segment submit descriptor=108 sequence=108 bank=1 mode=2 bytes=64 ddr_offset=0x800000 iova=0x0000000000001040
FPGA Test DMA segment retired descriptor=108 before=0x00000002c041000a status=0x00000002d041000a polls=2
FPGA Test segment pages verified descriptor=108
FPGA Test burst pages verified sequence=108 bank=1 source_page=4096 destination_page=4096
FPGA Test burst data verified bank=1 bytes=64
FPGA Test DMA segment submit descriptor=109 sequence=109 bank=1 mode=2 bytes=64 ddr_offset=0x1000000 iova=0x0000000000001040
FPGA Test DMA segment retired descriptor=109 before=0x00000002d041000a status=0x00000002e041000a polls=2
FPGA Test segment pages verified descriptor=109
FPGA Test burst pages verified sequence=109 bank=1 source_page=4096 destination_page=4096
FPGA Test burst data verified bank=1 bytes=64
FPGA Test DMA segment submit descriptor=110 sequence=110 bank=1 mode=2 bytes=64 ddr_offset=0x2000000 iova=0x0000000000001040
FPGA Test DMA segment retired descriptor=110 before=0x00000002e041000a status=0x00000002f041000a polls=2
FPGA Test segment pages verified descriptor=110
FPGA Test burst pages verified sequence=110 bank=1 source_page=4096 destination_page=4096
FPGA Test burst data verified bank=1 bytes=64
FPGA Test DMA segment submit descriptor=111 sequence=111 bank=1 mode=2 bytes=64 ddr_offset=0x4000000 iova=0x0000000000001040
FPGA Test DMA segment retired descriptor=111 before=0x00000002f041000a status=0x000000020041000a polls=2
FPGA Test segment pages verified descriptor=111
FPGA Test burst pages verified sequence=111 bank=1 source_page=4096 destination_page=4096
FPGA Test burst data verified bank=1 bytes=64
FPGA Test DMA segment submit descriptor=112 sequence=112 bank=1 mode=2 bytes=64 ddr_offset=0x8000000 iova=0x0000000000001040
FPGA Test DMA segment retired descriptor=112 before=0x000000020041000a status=0x000000021041000a polls=2
FPGA Test segment pages verified descriptor=112
FPGA Test burst pages verified sequence=112 bank=1 source_page=4096 destination_page=4096
FPGA Test burst data verified bank=1 bytes=64
FPGA Test DMA segment submit descriptor=113 sequence=113 bank=1 mode=2 bytes=64 ddr_offset=0x10000000 iova=0x0000000000001040
FPGA Test DMA segment retired descriptor=113 before=0x000000021041000a status=0x000000022041000a polls=2
FPGA Test segment pages verified descriptor=113
FPGA Test burst pages verified sequence=113 bank=1 source_page=4096 destination_page=4096
FPGA Test burst data verified bank=1 bytes=64
FPGA Test DMA segment submit descriptor=114 sequence=114 bank=1 mode=2 bytes=64 ddr_offset=0x20000000 iova=0x0000000000001040
FPGA Test DMA segment retired descriptor=114 before=0x000000022041000a status=0x000000023041000a polls=2
FPGA Test segment pages verified descriptor=114
FPGA Test burst pages verified sequence=114 bank=1 source_page=4096 destination_page=4096
FPGA Test burst data verified bank=1 bytes=64
FPGA Test DMA segment submit descriptor=115 sequence=115 bank=1 mode=2 bytes=64 ddr_offset=0x40000000 iova=0x0000000000001040
FPGA Test DMA segment retired descriptor=115 before=0x000000023041000a status=0x000000024041000a polls=2
FPGA Test segment pages verified descriptor=115
FPGA Test burst pages verified sequence=115 bank=1 source_page=4096 destination_page=4096
FPGA Test burst data verified bank=1 bytes=64
FPGA Test DMA segment submit descriptor=116 sequence=116 bank=1 mode=2 bytes=64 ddr_offset=0x80000000 iova=0x0000000000001040
FPGA Test DMA segment retired descriptor=116 before=0x000000024041000a status=0x000000025041000a polls=2
FPGA Test segment pages verified descriptor=116
FPGA Test burst pages verified sequence=116 bank=1 source_page=4096 destination_page=4096
FPGA Test burst data verified bank=1 bytes=64
FPGA Test DMA segment submit descriptor=117 sequence=117 bank=1 mode=2 bytes=64 ddr_offset=0x100000000 iova=0x0000000000001040
FPGA Test DMA segment retired descriptor=117 before=0x000000025041000a status=0x000000026041000a polls=2
FPGA Test segment pages verified descriptor=117
FPGA Test burst pages verified sequence=117 bank=1 source_page=4096 destination_page=4096
FPGA Test burst data verified bank=1 bytes=64
FPGA Test DMA segment submit descriptor=118 sequence=118 bank=1 mode=2 bytes=64 ddr_offset=0x200000000 iova=0x0000000000001040
FPGA Test DMA segment retired descriptor=118 before=0x000000026041000a status=0x000000027041000a polls=2
FPGA Test segment pages verified descriptor=118
FPGA Test burst pages verified sequence=118 bank=1 source_page=4096 destination_page=4096
FPGA Test burst data verified bank=1 bytes=64
FPGA Test DMA segment submit descriptor=119 sequence=119 bank=1 mode=2 bytes=64 ddr_offset=0x3ffffffc0 iova=0x0000000000001040
FPGA Test DMA segment retired descriptor=119 before=0x000000027041000a status=0x000000028041000a polls=2
FPGA Test segment pages verified descriptor=119
FPGA Test burst pages verified sequence=119 bank=1 source_page=4096 destination_page=4096
FPGA Test burst data verified bank=1 bytes=64
FPGA Test DMA address walk PASSED: banks=2 locations=30 descriptors=120 verified_payload_and_guards=1
No kernel launch, simultaneous-bank, sustained or full-DDR qualification. Implicit VFIO resets apply.
