{
  "state": "finished",
  "started": "2026-09-19T00:01:10.751344+00:00",
  "runner_pid": 96412,
  "argv": [
    "./ofs-common/scripts/common/syn/build_top.sh",
    "--stage=compile",
    "-k",
    "-p",
    "ia840f",
    "/home/uwb_student00/ahls/new_BSP/work_ia840f_fim_05"
  ],
  "cwd": "/home/uwb_student00/ahls/new_BSP/ofs-agx7-pcie-attach",
  "authorization_sha256": "2d52dc134ff2e3fba073b8c7e0acdf4351bfe1b4745ed855b01c436cf2174a18",
  "ready_for_build": false,
  "accepted_execution": true,
  "ddr_simulation": "SKIPPED BY USER",
  "functional_acceptance": false,
  "native_pid": 96414,
  "ended": "2026-09-19T00:08:28.254556+00:00",
  "native_returncode": 1,
  "gate_rejection": true,
  "native_exit_accepted": false,
  "compile_fit_assembly_timing_acceptance": "PENDING REPORT REVIEW"
}
