+ export QUARTUS_ROOTDIR_OVERRIDE=/opt/altera/26.1.1/quartus
+ QUARTUS_ROOTDIR_OVERRIDE=/opt/altera/26.1.1/quartus
+ export LM_LICENSE_FILE=/home/uwb_student00/quartus_26/LR-191011_License.dat
+ LM_LICENSE_FILE=/home/uwb_student00/quartus_26/LR-191011_License.dat
+ export PATH=/opt/altera/26.1.1/quartus/bin:/opt/altera/26.1.1/sopc_builder/bin:/opt/altera/26.1.1/qsys/bin:/opt/intelFPGA_pro/23.1/quartus/bin:/opt/intelFPGA_pro/23.1/questa_fe/linux_x86_64:/opt/intelFPGA_pro/23.1/questa_fe/bin:/home/uwb_student00/.opencode/bin:/home/uwb_student00/.local/bin:/opt/intelFPGA_pro/23.1/quartus/bin:/opt/intelFPGA_pro/23.1/questa_fe/linux_x86_64:/opt/intelFPGA_pro/23.1/questa_fe/bin:/home/uwb_student00/.opencode/bin:/home/uwb_student00/.local/bin:/home/uwb_student00/.local/bin:/home/uwb_student00/bin:/usr/local/bin:/usr/bin:/usr/local/sbin:/usr/sbin:/usr/share/bittware-sdk/bin:/opt/gurobi1301/linux64/bin:/opt/gurobi1301/linux64/bin
+ PATH=/opt/altera/26.1.1/quartus/bin:/opt/altera/26.1.1/sopc_builder/bin:/opt/altera/26.1.1/qsys/bin:/opt/intelFPGA_pro/23.1/quartus/bin:/opt/intelFPGA_pro/23.1/questa_fe/linux_x86_64:/opt/intelFPGA_pro/23.1/questa_fe/bin:/home/uwb_student00/.opencode/bin:/home/uwb_student00/.local/bin:/opt/intelFPGA_pro/23.1/quartus/bin:/opt/intelFPGA_pro/23.1/questa_fe/linux_x86_64:/opt/intelFPGA_pro/23.1/questa_fe/bin:/home/uwb_student00/.opencode/bin:/home/uwb_student00/.local/bin:/home/uwb_student00/.local/bin:/home/uwb_student00/bin:/usr/local/bin:/usr/bin:/usr/local/sbin:/usr/sbin:/usr/share/bittware-sdk/bin:/opt/gurobi1301/linux64/bin:/opt/gurobi1301/linux64/bin
+ export SCRATCH=/home/uwb_student00/ahls/new_BSP/work_ahls_qsys_import_01
+ SCRATCH=/home/uwb_student00/ahls/new_BSP/work_ahls_qsys_import_01
+ cd /home/uwb_student00/ahls/new_BSP/work_ahls_qsys_import_01
+ qsys-script --quartus-project=/home/uwb_student00/ahls/new_BSP/work_ahls_qsys_import_01/qual_test.qpf --rev=qual_test --package-version=26.1 --search-path=/home/uwb_student00/ahls/new_BSP/work_ahls_qsys_import_01/qual_vec_op.report.prj '--cmd=puts "IMPORT:loading"; if {[catch {load_component qual_vec_op.report.prj} m]} { puts "IMPORT-ERR:load_component-dir: $m"; if {[catch {load_component qual_vec_op_report_di} m2]} { puts "IMPORT-ERR:load_component-name: $m2"; error "IMPORT-FATAL both load_component forms failed" } }; puts "IMPORT:loaded"; if {[catch {save_component} sc]} { puts "IMPORT-ERR:save_component: $sc"; error "IMPORT-FATAL save_component failed" }; puts "IMPORT:DONE"'
***************************************************************
Quartus is a registered trademark of Altera Corporation in the
US and other countries.  Portions of the Quartus Prime software
code, and other portions of the code included in this download
or on this DVD, are licensed to Altera Corporation and are the
copyrighted property of third parties. For license details,
refer to the Altera Software License Subscription Agreements 
on the Quartus Prime software download page.
***************************************************************

2026.09.19.12:13:44 Info: Doing: qsys-script --quartus-project=/home/uwb_student00/ahls/new_BSP/work_ahls_qsys_import_01/qual_test.qpf --rev=qual_test --package-version=26.1 --search-path=/home/uwb_student00/ahls/new_BSP/work_ahls_qsys_import_01/qual_vec_op.report.prj --cmd=puts "IMPORT:loading"; if {[catch {load_component qual_vec_op.report.prj} m]} { puts "IMPORT-ERR:load_component-dir: $m"; if {[catch {load_component qual_vec_op_report_di} m2]} { puts "IMPORT-ERR:load_component-name: $m2"; error "IMPORT-FATAL both load_component forms failed" } }; puts "IMPORT:loaded"; if {[catch {save_component} sc]} { puts "IMPORT-ERR:save_component: $sc"; error "IMPORT-FATAL save_component failed" }; puts "IMPORT:DONE"
2026.09.19.12:13:47 Warning: The IP search path specified in the command line does not include the standard search path. To include the standard path, use "$", like "--search-path=/extra/dir,$"
IMPORT:loading
2026.09.19.12:13:49 Info: load_component qual_vec_op.report.prj
2026.09.19.12:13:49 Error: load_component qual_vec_op.report.prj: No module named qual_vec_op.report.prj contained within the system.
IMPORT:loaded
2026.09.19.12:13:49 Info: save_component 
2026.09.19.12:13:49 Error: save_component : Component not loaded.
IMPORT:DONE
+ echo IMPORT_RC=1
IMPORT_RC=1
+ echo QSYSIMP_DONE_IMPORT
QSYSIMP_DONE_IMPORT
