***************************************************************
Quartus is a registered trademark of Altera Corporation in the
US and other countries.  Portions of the Quartus Prime software
code, and other portions of the code included in this download
or on this DVD, are licensed to Altera Corporation and are the
copyrighted property of third parties. For license details,
refer to the Altera Software License Subscription Agreements 
on the Quartus Prime software download page.
***************************************************************

2026.09.19.12:30:15 Info: Parallel IP Generation is enabled. 
2026.09.19.12:30:15 Info: Platform Designer will attempt to use 4 processors for parallel IP generation based on available number of processors and the total number of IP to be generated.
2026.09.19.12:30:15 Info: 
2026.09.19.12:30:15 Info: Starting: Platform Designer system generation
2026.09.19.12:30:24 Info: 
2026.09.19.12:30:24 Info: Generating on localhost:39257
2026.09.19.12:30:24 Info: Saving generation log to /home/uwb_student00/ahls/new_BSP/work_ahls_qsys_import_01/ip/qual_test/qual_test_rst/qual_test_rst_generation.rpt
2026.09.19.12:30:24 Info: Generated by version: 26.1.1 build 130
2026.09.19.12:30:24 Info: Starting: Create HDL design files for synthesis
2026.09.19.12:30:24 Info: qsys-generate /home/uwb_student00/ahls/new_BSP/work_ahls_qsys_import_01/ip/qual_test/qual_test_rst.ip --synthesis=VERILOG --output-directory=/home/uwb_student00/ahls/new_BSP/work_ahls_qsys_import_01/ip/qual_test/qual_test_rst --family="Agilex 7" --part=AGFB027R25A2E2V
2026.09.19.12:30:24 Info: qual_test_rst: "Transforming system: qual_test_rst"
2026.09.19.12:30:24 Info: qual_test_rst: "Naming system components in system: qual_test_rst"
2026.09.19.12:30:24 Info: qual_test_rst: "Processing generation queue"
2026.09.19.12:30:24 Info: qual_test_rst: "Generating: qual_test_rst"
2026.09.19.12:30:24 Info: qual_test_rst: Done "qual_test_rst" with 1 modules, 1 files
2026.09.19.12:30:24 Info: Finished: Create HDL design files for synthesis
2026.09.19.12:30:24 Info: Generation of /home/uwb_student00/ahls/new_BSP/work_ahls_qsys_import_01/ip/qual_test/qual_test_rst.ip (qual_test_rst) took 377 ms
2026.09.19.12:30:24 Info: 
2026.09.19.12:30:24 Info: Generating on localhost:39043
2026.09.19.12:30:24 Info: Saving generation log to /home/uwb_student00/ahls/new_BSP/work_ahls_qsys_import_01/ip/qual_test/qual_test_clk_1x/qual_test_clk_1x_generation.rpt
2026.09.19.12:30:24 Info: Generated by version: 26.1.1 build 130
2026.09.19.12:30:24 Info: Starting: Create HDL design files for synthesis
2026.09.19.12:30:24 Info: qsys-generate /home/uwb_student00/ahls/new_BSP/work_ahls_qsys_import_01/ip/qual_test/qual_test_clk_1x.ip --synthesis=VERILOG --output-directory=/home/uwb_student00/ahls/new_BSP/work_ahls_qsys_import_01/ip/qual_test/qual_test_clk_1x --family="Agilex 7" --part=AGFB027R25A2E2V
2026.09.19.12:30:24 Info: qual_test_clk_1x: "Transforming system: qual_test_clk_1x"
2026.09.19.12:30:24 Info: qual_test_clk_1x: "Naming system components in system: qual_test_clk_1x"
2026.09.19.12:30:24 Info: qual_test_clk_1x: "Processing generation queue"
2026.09.19.12:30:24 Info: qual_test_clk_1x: "Generating: qual_test_clk_1x"
2026.09.19.12:30:24 Info: qual_test_clk_1x: Done "qual_test_clk_1x" with 1 modules, 1 files
2026.09.19.12:30:24 Info: Finished: Create HDL design files for synthesis
2026.09.19.12:30:24 Info: Generation of /home/uwb_student00/ahls/new_BSP/work_ahls_qsys_import_01/ip/qual_test/qual_test_clk_1x.ip (qual_test_clk_1x) took 353 ms
2026.09.19.12:30:24 Info: 
2026.09.19.12:30:24 Info: Generating on localhost:44303
2026.09.19.12:30:24 Info: Saving generation log to /home/uwb_student00/ahls/new_BSP/work_ahls_qsys_import_01/ip/qual_test/qual_test_k0/qual_test_k0_generation.rpt
2026.09.19.12:30:24 Info: Generated by version: 26.1.1 build 130
2026.09.19.12:30:24 Info: Starting: Create HDL design files for synthesis
2026.09.19.12:30:24 Info: qsys-generate /home/uwb_student00/ahls/new_BSP/work_ahls_qsys_import_01/ip/qual_test/qual_test_k0.ip --synthesis=VERILOG --output-directory=/home/uwb_student00/ahls/new_BSP/work_ahls_qsys_import_01/ip/qual_test/qual_test_k0 --family="Agilex 7" --part=AGFB027R25A2E2V
2026.09.19.12:30:24 Info: qual_test_k0: "Transforming system: qual_test_k0"
2026.09.19.12:30:24 Info: qual_test_k0: "Naming system components in system: qual_test_k0"
2026.09.19.12:30:24 Info: qual_test_k0: "Processing generation queue"
2026.09.19.12:30:24 Info: qual_test_k0: "Generating: qual_test_k0"
2026.09.19.12:30:24 Info: qual_test_k0: "Generating: qual_vec_op_report_di"
2026.09.19.12:30:24 Info: qual_test_k0: Done "qual_test_k0" with 2 modules, 82 files
2026.09.19.12:30:24 Info: Finished: Create HDL design files for synthesis
2026.09.19.12:30:24 Info: Generation of /home/uwb_student00/ahls/new_BSP/work_ahls_qsys_import_01/ip/qual_test/qual_test_k0.ip (qual_test_k0) took 424 ms
2026.09.19.12:30:24 Info: 
2026.09.19.12:30:24 Info: Generating on localhost:43433
2026.09.19.12:30:24 Info: qual_test: All Generic Component instances match their respective ip files.
2026.09.19.12:30:24 Info: Saving generation log to /home/uwb_student00/ahls/new_BSP/work_ahls_qsys_import_01/qual_test/qual_test_generation.rpt
2026.09.19.12:30:24 Info: Generated by version: 26.1.1 build 130
2026.09.19.12:30:24 Info: Starting: Create HDL design files for synthesis
2026.09.19.12:30:24 Info: qsys-generate /home/uwb_student00/ahls/new_BSP/work_ahls_qsys_import_01/qual_test.qsys --synthesis=VERILOG --output-directory=/home/uwb_student00/ahls/new_BSP/work_ahls_qsys_import_01/qual_test --family="Agilex 7" --part=AGFB027R25A2E2V
2026.09.19.12:30:24 Info: Loading work_ahls_qsys_import_01/qual_test.qsys
2026.09.19.12:30:24 Info: Reading input file
2026.09.19.12:30:24 Info: Parameterizing module clk_1x
2026.09.19.12:30:24 Info: Parameterizing module k0
2026.09.19.12:30:24 Info: Parameterizing module rst
2026.09.19.12:30:24 Info: Building connections
2026.09.19.12:30:24 Info: Parameterizing connections
2026.09.19.12:30:24 Info: Validating
2026.09.19.12:30:24 Info: Done reading input file
2026.09.19.12:30:24 Info: qual_test: "Transforming system: qual_test"
2026.09.19.12:30:24 Info: qual_test: "Naming system components in system: qual_test"
2026.09.19.12:30:24 Info: qual_test: "Processing generation queue"
2026.09.19.12:30:24 Info: qual_test: "Generating: qual_test"
2026.09.19.12:30:24 Info: qual_test: "Generating: qual_test_clk_1x"
2026.09.19.12:30:24 Info: qual_test: "Generating: qual_test_k0"
2026.09.19.12:30:24 Info: qual_test: "Generating: qual_test_rst"
2026.09.19.12:30:24 Info: qual_test: "Generating: altera_reset_controller"
2026.09.19.12:30:24 Info: qual_test: Done "qual_test" with 5 modules, 4 files
2026.09.19.12:30:24 Info: Finished: Create HDL design files for synthesis
2026.09.19.12:30:24 Info: Generation of /home/uwb_student00/ahls/new_BSP/work_ahls_qsys_import_01/qual_test.qsys (qual_test) took 1405 ms
2026.09.19.12:30:25 Info: Finished: Platform Designer system generation
