+ export QUARTUS_ROOTDIR_OVERRIDE=/opt/altera/26.1.1/quartus
+ QUARTUS_ROOTDIR_OVERRIDE=/opt/altera/26.1.1/quartus
+ export LM_LICENSE_FILE=/home/uwb_student00/quartus_26/LR-191011_License.dat
+ LM_LICENSE_FILE=/home/uwb_student00/quartus_26/LR-191011_License.dat
+ export PATH=/opt/altera/26.1.1/quartus/bin:/opt/altera/26.1.1/sopc_builder/bin:/opt/altera/26.1.1/qsys/bin:/opt/intelFPGA_pro/23.1/quartus/bin:/opt/intelFPGA_pro/23.1/questa_fe/linux_x86_64:/opt/intelFPGA_pro/23.1/questa_fe/bin:/home/uwb_student00/.opencode/bin:/home/uwb_student00/.local/bin:/opt/intelFPGA_pro/23.1/quartus/bin:/opt/intelFPGA_pro/23.1/questa_fe/linux_x86_64:/opt/intelFPGA_pro/23.1/questa_fe/bin:/home/uwb_student00/.opencode/bin:/home/uwb_student00/.local/bin:/home/uwb_student00/.local/bin:/home/uwb_student00/bin:/usr/local/bin:/usr/bin:/usr/local/sbin:/usr/sbin:/usr/share/bittware-sdk/bin:/opt/gurobi1301/linux64/bin:/opt/gurobi1301/linux64/bin
+ PATH=/opt/altera/26.1.1/quartus/bin:/opt/altera/26.1.1/sopc_builder/bin:/opt/altera/26.1.1/qsys/bin:/opt/intelFPGA_pro/23.1/quartus/bin:/opt/intelFPGA_pro/23.1/questa_fe/linux_x86_64:/opt/intelFPGA_pro/23.1/questa_fe/bin:/home/uwb_student00/.opencode/bin:/home/uwb_student00/.local/bin:/opt/intelFPGA_pro/23.1/quartus/bin:/opt/intelFPGA_pro/23.1/questa_fe/linux_x86_64:/opt/intelFPGA_pro/23.1/questa_fe/bin:/home/uwb_student00/.opencode/bin:/home/uwb_student00/.local/bin:/home/uwb_student00/.local/bin:/home/uwb_student00/bin:/usr/local/bin:/usr/bin:/usr/local/sbin:/usr/sbin:/usr/share/bittware-sdk/bin:/opt/gurobi1301/linux64/bin:/opt/gurobi1301/linux64/bin
+ export SCRATCH=/home/uwb_student00/ahls/new_BSP/work_ahls_qsys_import_01
+ SCRATCH=/home/uwb_student00/ahls/new_BSP/work_ahls_qsys_import_01
+ cd /home/uwb_student00/ahls/new_BSP/work_ahls_qsys_import_01
+ qsys-generate qual_test.qsys --synthesis=VERILOG --quartus-project=/home/uwb_student00/ahls/new_BSP/work_ahls_qsys_import_01/qual_test.qpf --rev=qual_test --search-path=/home/uwb_student00/ahls/new_BSP/work_ahls_qsys_import_01/qual_vec_op.report.prj
***************************************************************
Quartus is a registered trademark of Altera Corporation in the
US and other countries.  Portions of the Quartus Prime software
code, and other portions of the code included in this download
or on this DVD, are licensed to Altera Corporation and are the
copyrighted property of third parties. For license details,
refer to the Altera Software License Subscription Agreements 
on the Quartus Prime software download page.
***************************************************************

2026.09.19.12:25:31 Warning: The IP search path specified in the command line does not include the standard search path. To include the standard path, use "$", like "--search-path=/extra/dir,$"
2026.09.19.12:25:33 Warning: The IP search path specified in the command line does not include the standard search path. To include the standard path, use "$", like "--search-path=/extra/dir,$"
2026.09.19.12:25:34 Info: Parallel IP Generation is enabled. 
2026.09.19.12:25:34 Info: Platform Designer will attempt to use 4 processors for parallel IP generation based on available number of processors and the total number of IP to be generated.
2026.09.19.12:25:34 Info: 
2026.09.19.12:25:34 Info: Starting: Platform Designer system generation
2026.09.19.12:25:41 Info: 
2026.09.19.12:25:41 Info: Generating on localhost:41503
2026.09.19.12:25:41 Warning: The IP search path specified in the command line does not include the standard search path. To include the standard path, use "$", like "--search-path=/extra/dir,$"
2026.09.19.12:25:41 Warning: The IP search path specified in the command line does not include the standard search path. To include the standard path, use "$", like "--search-path=/extra/dir,$"
2026.09.19.12:25:41 Info: Saving generation log to /home/uwb_student00/ahls/new_BSP/work_ahls_qsys_import_01/ip/qual_test/qual_test_clk_1x/qual_test_clk_1x_generation.rpt
2026.09.19.12:25:41 Info: Generated by version: 26.1.1 build 130
2026.09.19.12:25:41 Info: Starting: Create HDL design files for synthesis
2026.09.19.12:25:41 Info: qsys-generate /home/uwb_student00/ahls/new_BSP/work_ahls_qsys_import_01/ip/qual_test/qual_test_clk_1x.ip --synthesis=VERILOG --output-directory=/home/uwb_student00/ahls/new_BSP/work_ahls_qsys_import_01/ip/qual_test/qual_test_clk_1x --family="Agilex 7" --part=AGFB027R25A2E2V
2026.09.19.12:25:41 Warning: clk_1x: Component type altera_clock_bridge is not in the library
2026.09.19.12:25:41 Error: qual_test_clk_1x.clk_1x: Component altera_clock_bridge 19.2.0 not found or could not be instantiated
2026.09.19.12:25:41 Warning: qual_test_clk_1x.interface_requirements: Your system is missing the required interface "in_clk". Either export the interface, or edit your definitions in the Interface Requirements tab."
2026.09.19.12:25:41 Warning: qual_test_clk_1x.interface_requirements: Your system is missing the required interface "out_clk". Either export the interface, or edit your definitions in the Interface Requirements tab."
2026.09.19.12:25:41 Error: Generation failed with exit code 3: 1 Error, 3 Warnings
2026.09.19.12:25:41 Info: Finished: Create HDL design files for synthesis
2026.09.19.12:25:41 Info: Generation of /home/uwb_student00/ahls/new_BSP/work_ahls_qsys_import_01/ip/qual_test/qual_test_clk_1x.ip (qual_test_clk_1x) took 127 ms
2026.09.19.12:25:41 Info: 
2026.09.19.12:25:41 Info: Generating on localhost:45779
2026.09.19.12:25:41 Warning: The IP search path specified in the command line does not include the standard search path. To include the standard path, use "$", like "--search-path=/extra/dir,$"
2026.09.19.12:25:41 Warning: The IP search path specified in the command line does not include the standard search path. To include the standard path, use "$", like "--search-path=/extra/dir,$"
2026.09.19.12:25:41 Info: Saving generation log to /home/uwb_student00/ahls/new_BSP/work_ahls_qsys_import_01/ip/qual_test/qual_test_rst/qual_test_rst_generation.rpt
2026.09.19.12:25:41 Info: Generated by version: 26.1.1 build 130
2026.09.19.12:25:41 Info: Starting: Create HDL design files for synthesis
2026.09.19.12:25:41 Info: qsys-generate /home/uwb_student00/ahls/new_BSP/work_ahls_qsys_import_01/ip/qual_test/qual_test_rst.ip --synthesis=VERILOG --output-directory=/home/uwb_student00/ahls/new_BSP/work_ahls_qsys_import_01/ip/qual_test/qual_test_rst --family="Agilex 7" --part=AGFB027R25A2E2V
2026.09.19.12:25:41 Warning: rst: Component type altera_reset_bridge is not in the library
2026.09.19.12:25:41 Error: qual_test_rst.rst: Component altera_reset_bridge 19.2.0 not found or could not be instantiated
2026.09.19.12:25:41 Warning: qual_test_rst.interface_requirements: Your system is missing the required interface "clk". Either export the interface, or edit your definitions in the Interface Requirements tab."
2026.09.19.12:25:41 Warning: qual_test_rst.interface_requirements: Your system is missing the required interface "in_reset". Either export the interface, or edit your definitions in the Interface Requirements tab."
2026.09.19.12:25:41 Warning: qual_test_rst.interface_requirements: Your system is missing the required interface "out_reset". Either export the interface, or edit your definitions in the Interface Requirements tab."
2026.09.19.12:25:41 Error: Generation failed with exit code 3: 1 Error, 4 Warnings
2026.09.19.12:25:41 Info: Finished: Create HDL design files for synthesis
2026.09.19.12:25:41 Info: Generation of /home/uwb_student00/ahls/new_BSP/work_ahls_qsys_import_01/ip/qual_test/qual_test_rst.ip (qual_test_rst) took 127 ms
2026.09.19.12:25:41 Info: 
2026.09.19.12:25:41 Info: Generating on localhost:40747
2026.09.19.12:25:41 Warning: The IP search path specified in the command line does not include the standard search path. To include the standard path, use "$", like "--search-path=/extra/dir,$"
2026.09.19.12:25:41 Warning: The IP search path specified in the command line does not include the standard search path. To include the standard path, use "$", like "--search-path=/extra/dir,$"
2026.09.19.12:25:41 Warning: qual_test: clk_1x has no interfaces declared.
2026.09.19.12:25:41 Error: qual_test: File qual_test_clk_1x.ip declares port in_clk which is missing in entity clk_1x
2026.09.19.12:25:41 Error: qual_test: File qual_test_clk_1x.ip declares port out_clk which is missing in entity clk_1x
2026.09.19.12:25:41 Warning: qual_test: clk_1x declares interface out_clk which is missing in file qual_test_clk_1x.ip
2026.09.19.12:25:41 Warning: qual_test: clk_1x declares interface in_clk which is missing in file qual_test_clk_1x.ip
2026.09.19.12:25:41 Warning: qual_test: k0 has no interfaces declared.
2026.09.19.12:25:41 Error: qual_test: File qual_test_k0.ip declares port freeze which is missing in entity k0
2026.09.19.12:25:41 Error: qual_test: File qual_test_k0.ip declares port csr_ring_root_avs_waitrequest which is missing in entity k0
2026.09.19.12:25:41 Error: qual_test: File qual_test_k0.ip declares port csr_ring_root_avs_address which is missing in entity k0
2026.09.19.12:25:41 Error: qual_test: File qual_test_k0.ip declares port csr_ring_root_avs_read which is missing in entity k0
2026.09.19.12:25:41 Error: qual_test: File qual_test_k0.ip declares port csr_ring_root_avs_readdatavalid which is missing in entity k0
2026.09.19.12:25:41 Error: qual_test: File qual_test_k0.ip declares port csr_ring_root_avs_write which is missing in entity k0
2026.09.19.12:25:41 Error: qual_test: File qual_test_k0.ip declares port kernel_irqs which is missing in entity k0
2026.09.19.12:25:41 Error: qual_test: File qual_test_k0.ip declares port csr_ring_root_avs_readdata which is missing in entity k0
2026.09.19.12:25:41 Error: qual_test: File qual_test_k0.ip declares port csr_ring_root_avs_writedata which is missing in entity k0
2026.09.19.12:25:41 Error: qual_test: File qual_test_k0.ip declares port clock which is missing in entity k0
2026.09.19.12:25:41 Error: qual_test: File qual_test_k0.ip declares port resetn which is missing in entity k0
2026.09.19.12:25:41 Error: qual_test: File qual_test_k0.ip declares port device_exception_bus which is missing in entity k0
2026.09.19.12:25:41 Error: qual_test: File qual_test_k0.ip declares port csr_ring_root_avs_byteenable which is missing in entity k0
2026.09.19.12:25:41 Warning: qual_test: k0 declares interface resetn which is missing in file qual_test_k0.ip
2026.09.19.12:25:41 Warning: qual_test: k0 declares interface freeze which is missing in file qual_test_k0.ip
2026.09.19.12:25:41 Warning: qual_test: k0 declares interface device_exception_bus which is missing in file qual_test_k0.ip
2026.09.19.12:25:41 Warning: qual_test: k0 declares interface kernel_irqs which is missing in file qual_test_k0.ip
2026.09.19.12:25:41 Warning: qual_test: k0 declares interface csr_ring_root_avs which is missing in file qual_test_k0.ip
2026.09.19.12:25:41 Warning: qual_test: k0 declares interface clock which is missing in file qual_test_k0.ip
2026.09.19.12:25:41 Warning: qual_test: rst has no interfaces declared.
2026.09.19.12:25:41 Error: qual_test: File qual_test_rst.ip declares port in_reset_n which is missing in entity rst
2026.09.19.12:25:41 Error: qual_test: File qual_test_rst.ip declares port out_reset_n which is missing in entity rst
2026.09.19.12:25:41 Error: qual_test: File qual_test_rst.ip declares port clk which is missing in entity rst
2026.09.19.12:25:41 Warning: qual_test: rst declares interface clk which is missing in file qual_test_rst.ip
2026.09.19.12:25:41 Warning: qual_test: rst declares interface out_reset which is missing in file qual_test_rst.ip
2026.09.19.12:25:41 Warning: qual_test: rst declares interface in_reset which is missing in file qual_test_rst.ip
2026.09.19.12:25:41 Error: The system cannot be generated when there are errors.
2026.09.19.12:25:41 Info: 
2026.09.19.12:25:41 Info: Generating on localhost:38347
2026.09.19.12:25:41 Warning: The IP search path specified in the command line does not include the standard search path. To include the standard path, use "$", like "--search-path=/extra/dir,$"
2026.09.19.12:25:41 Warning: The IP search path specified in the command line does not include the standard search path. To include the standard path, use "$", like "--search-path=/extra/dir,$"
2026.09.19.12:25:41 Info: Saving generation log to /home/uwb_student00/ahls/new_BSP/work_ahls_qsys_import_01/ip/qual_test/qual_test_k0/qual_test_k0_generation.rpt
2026.09.19.12:25:41 Info: Generated by version: 26.1.1 build 130
2026.09.19.12:25:41 Info: Starting: Create HDL design files for synthesis
2026.09.19.12:25:41 Info: qsys-generate /home/uwb_student00/ahls/new_BSP/work_ahls_qsys_import_01/ip/qual_test/qual_test_k0.ip --synthesis=VERILOG --output-directory=/home/uwb_student00/ahls/new_BSP/work_ahls_qsys_import_01/ip/qual_test/qual_test_k0 --family="Agilex 7" --part=AGFB027R25A2E2V
2026.09.19.12:25:41 Warning: qual_test_k0.k0: This module has no ports or interfaces
2026.09.19.12:25:41 Error: qual_test_k0: add_interface: Cannot create a clock end (available interface kinds are {})
2026.09.19.12:25:41 Info:     while executing
2026.09.19.12:25:41 Info: "add_interface clock clock end"
2026.09.19.12:25:41 Warning: qual_test_k0.interface_requirements: Your system is missing the required interface "clock". Either export the interface, or edit your definitions in the Interface Requirements tab."
2026.09.19.12:25:41 Warning: qual_test_k0.interface_requirements: Your system is missing the required interface "resetn". Either export the interface, or edit your definitions in the Interface Requirements tab."
2026.09.19.12:25:41 Warning: qual_test_k0.interface_requirements: Your system is missing the required interface "freeze". Either export the interface, or edit your definitions in the Interface Requirements tab."
2026.09.19.12:25:41 Warning: qual_test_k0.interface_requirements: Your system is missing the required interface "device_exception_bus". Either export the interface, or edit your definitions in the Interface Requirements tab."
2026.09.19.12:25:41 Warning: qual_test_k0.interface_requirements: Your system is missing the required interface "kernel_irqs". Either export the interface, or edit your definitions in the Interface Requirements tab."
2026.09.19.12:25:41 Warning: qual_test_k0.interface_requirements: Your system is missing the required interface "csr_ring_root_avs". Either export the interface, or edit your definitions in the Interface Requirements tab."
2026.09.19.12:25:41 Error: Generation failed with exit code 3: 1 Error, 7 Warnings
2026.09.19.12:25:41 Info: Finished: Create HDL design files for synthesis
2026.09.19.12:25:41 Info: Generation of /home/uwb_student00/ahls/new_BSP/work_ahls_qsys_import_01/ip/qual_test/qual_test_k0.ip (qual_test_k0) took 108 ms
2026.09.19.12:25:41 Info: Finished: Platform Designer system generation
+ echo GENERATE_RC=3
GENERATE_RC=3
+ echo QSYSIMP_DONE_GENERATE
QSYSIMP_DONE_GENERATE
