+ export QUARTUS_ROOTDIR_OVERRIDE=/opt/altera/26.1.1/quartus
+ QUARTUS_ROOTDIR_OVERRIDE=/opt/altera/26.1.1/quartus
+ export LM_LICENSE_FILE=/home/uwb_student00/quartus_26/LR-191011_License.dat
+ LM_LICENSE_FILE=/home/uwb_student00/quartus_26/LR-191011_License.dat
+ export PATH=/opt/altera/26.1.1/quartus/bin:/opt/altera/26.1.1/sopc_builder/bin:/opt/altera/26.1.1/qsys/bin:/opt/intelFPGA_pro/23.1/quartus/bin:/opt/intelFPGA_pro/23.1/questa_fe/linux_x86_64:/opt/intelFPGA_pro/23.1/questa_fe/bin:/home/uwb_student00/.opencode/bin:/home/uwb_student00/.local/bin:/opt/intelFPGA_pro/23.1/quartus/bin:/opt/intelFPGA_pro/23.1/questa_fe/linux_x86_64:/opt/intelFPGA_pro/23.1/questa_fe/bin:/home/uwb_student00/.opencode/bin:/home/uwb_student00/.local/bin:/home/uwb_student00/.local/bin:/home/uwb_student00/bin:/usr/local/bin:/usr/bin:/usr/local/sbin:/usr/sbin:/usr/share/bittware-sdk/bin:/opt/gurobi1301/linux64/bin:/opt/gurobi1301/linux64/bin
+ PATH=/opt/altera/26.1.1/quartus/bin:/opt/altera/26.1.1/sopc_builder/bin:/opt/altera/26.1.1/qsys/bin:/opt/intelFPGA_pro/23.1/quartus/bin:/opt/intelFPGA_pro/23.1/questa_fe/linux_x86_64:/opt/intelFPGA_pro/23.1/questa_fe/bin:/home/uwb_student00/.opencode/bin:/home/uwb_student00/.local/bin:/opt/intelFPGA_pro/23.1/quartus/bin:/opt/intelFPGA_pro/23.1/questa_fe/linux_x86_64:/opt/intelFPGA_pro/23.1/questa_fe/bin:/home/uwb_student00/.opencode/bin:/home/uwb_student00/.local/bin:/home/uwb_student00/.local/bin:/home/uwb_student00/bin:/usr/local/bin:/usr/bin:/usr/local/sbin:/usr/sbin:/usr/share/bittware-sdk/bin:/opt/gurobi1301/linux64/bin:/opt/gurobi1301/linux64/bin
+ export SCRATCH=/home/uwb_student00/ahls/new_BSP/work_ahls_qsys_import_01
+ SCRATCH=/home/uwb_student00/ahls/new_BSP/work_ahls_qsys_import_01
+ cd /home/uwb_student00/ahls/new_BSP/work_ahls_qsys_import_01
+ qsys-script --quartus-project=/home/uwb_student00/ahls/new_BSP/work_ahls_qsys_import_01/qual_test.qpf --rev=qual_test --package-version=26.1 '--search-path=/home/uwb_student00/ahls/new_BSP/work_ahls_qsys_import_01/qual_vec_op.report.prj,$' --script=/home/uwb_student00/ahls/new_BSP/work_ahls_qsys_import_01/make_system.tcl
***************************************************************
Quartus is a registered trademark of Altera Corporation in the
US and other countries.  Portions of the Quartus Prime software
code, and other portions of the code included in this download
or on this DVD, are licensed to Altera Corporation and are the
copyrighted property of third parties. For license details,
refer to the Altera Software License Subscription Agreements 
on the Quartus Prime software download page.
***************************************************************

2026.09.19.12:18:10 Info: Doing: qsys-script --quartus-project=/home/uwb_student00/ahls/new_BSP/work_ahls_qsys_import_01/qual_test.qpf --rev=qual_test --package-version=26.1 --search-path=/home/uwb_student00/ahls/new_BSP/work_ahls_qsys_import_01/qual_vec_op.report.prj,$ --script=/home/uwb_student00/ahls/new_BSP/work_ahls_qsys_import_01/make_system.tcl
MKSYS: create_system qual_test
2026.09.19.12:18:16 Info: create_system qual_test
MKSYS: add clock bridge
2026.09.19.12:18:16 Info: add_instance clk_1x altera_clock_bridge
2026.09.19.12:18:17 Info: set_instance_parameter_value clk_1x EXPLICIT_CLOCK_RATE 0
2026.09.19.12:18:17 Info: set_instance_parameter_value clk_1x NUM_CLOCK_OUTPUTS 1
2026.09.19.12:18:17 Info: add_interface clock_reset clock sink
2026.09.19.12:18:17 Info: set_interface_property clock_reset EXPORT_OF clk_1x.in_clk
MKSYS: add reset bridge
2026.09.19.12:18:17 Info: add_instance rst altera_reset_bridge
2026.09.19.12:18:17 Info: set_instance_parameter_value rst ACTIVE_LOW_RESET 1
2026.09.19.12:18:17 Info: set_instance_parameter_value rst SYNCHRONOUS_EDGES deassert
2026.09.19.12:18:17 Info: set_instance_parameter_value rst NUM_RESET_OUTPUTS 1
2026.09.19.12:18:17 Info: add_interface clock_reset_reset reset sink
2026.09.19.12:18:17 Info: set_interface_property clock_reset_reset EXPORT_OF rst.in_reset
2026.09.19.12:18:17 Info: add_connection clk_1x.out_clk rst.clk
MKSYS: add_instance k0 qual_vec_op_report_di
2026.09.19.12:18:17 Info: add_instance k0 qual_vec_op_report_di
2026.09.19.12:18:17 Info: add_connection clk_1x.out_clk k0.clock
2026.09.19.12:18:17 Info: add_connection rst.out_reset k0.resetn
MKSYS: export csr slave / irq / freeze / exception
2026.09.19.12:18:17 Info: add_interface avs_csr avalon end
2026.09.19.12:18:17 Info: set_interface_property avs_csr EXPORT_OF k0.csr_ring_root_avs
2026.09.19.12:18:17 Info: add_interface kernel_irqs irq sender
2026.09.19.12:18:17 Info: set_interface_property kernel_irqs EXPORT_OF k0.kernel_irqs
2026.09.19.12:18:17 Info: add_interface freeze conduit end
2026.09.19.12:18:17 Info: set_interface_property freeze EXPORT_OF k0.freeze
2026.09.19.12:18:17 Info: add_interface device_exception_bus conduit end
2026.09.19.12:18:17 Info: set_interface_property device_exception_bus EXPORT_OF k0.device_exception_bus
MKSYS: validate
2026.09.19.12:18:17 Info: validate_system 
MKSYS: validate_system OK
MKSYS: save_system qual_test.qsys
2026.09.19.12:18:17 Info: save_system qual_test.qsys
2026.09.19.12:18:17 Info: Replacing qual_test.clk_1x with generic component
2026.09.19.12:18:18 Info: Replacing qual_test.rst with generic component
2026.09.19.12:18:18 Info: Replacing qual_test.k0 with generic component
2026.09.19.12:18:19 Info: Info: All modules have been converted to Generic Components.
MKSYS: DONE
+ echo SYSTEM_RC=0
SYSTEM_RC=0
+ echo QSYSIMP_DONE_SYSTEM
QSYSIMP_DONE_SYSTEM
