***************************************************************
Quartus is a registered trademark of Altera Corporation in the
US and other countries.  Portions of the Quartus Prime software
code, and other portions of the code included in this download
or on this DVD, are licensed to Altera Corporation and are the
copyrighted property of third parties. For license details,
refer to the Altera Software License Subscription Agreements 
on the Quartus Prime software download page.
***************************************************************

2026.09.19.12:03:06 Info: Doing: qsys-script --quartus-project=/home/uwb_student00/ahls/new_BSP/work_ahls_qsys_import_01/qual_test.qpf --rev=qual_test --package-version=26.1 --cmd=puts "PROBE:interp-ok"; foreach p {create_system load_component load_components unload_component load_system save_component save_system add_instance add_connection add_interface set_interface_property set_instance_property_value validate validate_component_footprint reload_component_footprint sync_sysinfo_parameters get_component_names} { puts "PROBE:$p=[llength [info commands $p]]" }; foreach c {load_component create_system save_system} { if {[catch {help $c} h]} { puts "PROBE:help-$c-ERR" } else { puts "PROBE:help-$c >> $h" } }; puts "PROBE:DONE"
PROBE:interp-ok
PROBE:create_system=1
PROBE:load_component=1
PROBE:load_components=0
PROBE:unload_component=0
PROBE:load_system=1
PROBE:save_component=1
PROBE:save_system=1
PROBE:add_instance=1
PROBE:add_connection=1
PROBE:add_interface=1
PROBE:set_interface_property=1
PROBE:set_instance_property_value=0
PROBE:validate=0
PROBE:validate_component_footprint=1
PROBE:reload_component_footprint=1
PROBE:sync_sysinfo_parameters=1
PROBE:get_component_names=0
PROBE:help-load_component-ERR
PROBE:help-create_system-ERR
PROBE:help-save_system-ERR
PROBE:DONE
