------------------------------------------------------------
Timing Analyzer Summary
------------------------------------------------------------

Type  : Setup 'local_mem_wrapper|mem_ss_top|mem_ss_sv|mem_ss|mem_ss|emif_0|emif_0_core_usr_clk'
Slack : -0.508
TNS   : -185.081
Corner: Slow vid2 100C Model

Type  : Setup 'local_mem_wrapper|mem_ss_top|mem_ss_sv|mem_ss|mem_ss|emif_1|emif_1_core_usr_clk'
Slack : -0.170
TNS   : -29.340
Corner: Slow vid2 100C Model

Type  : Setup 'sys_pll|iopll_0_clk_sys'
Slack : 0.212
TNS   : 0.000
Corner: Slow vid2 100C Model

Type  : Setup 'pcie_wrapper|pcie_ss.top|host_pcie.pcie_ss|pcie_ss|gen_ptile.u_ptile|intel_pcie_ptile_ast_qhip|inst|inst|maib_and_tile|xcvr_hip_native|rx_ch15'
Slack : 0.219
TNS   : 0.000
Corner: Slow vid2 100C Model

Type  : Setup 'local_mem_wrapper|mem_ss_top|mem_ss_sv|mem_ss|mem_ss|emif_1|emif_1_phy_clk_l_0'
Slack : 0.652
TNS   : 0.000
Corner: Slow vid2 100C Model

Type  : Setup 'local_mem_wrapper|mem_ss_top|mem_ss_sv|mem_ss|mem_ss|emif_0|emif_0_phy_clk_l_0'
Slack : 0.692
TNS   : 0.000
Corner: Slow vid2 100C Model

Type  : Setup 'sys_pll|iopll_0_clk_100m'
Slack : 0.989
TNS   : 0.000
Corner: Slow vid2 100C Model

Type  : Setup 'altera_int_osc_clk'
Slack : 1.923
TNS   : 0.000
Corner: Slow vid2 100C Model

Type  : Setup 'local_mem_wrapper|mem_ss_top|mem_ss_sv|mem_ss|mem_ss|emif_0|emif_0_phy_clk_0'
Slack : 2.123
TNS   : 0.000
Corner: Slow vid2 100C Model

Type  : Setup 'local_mem_wrapper|mem_ss_top|mem_ss_sv|mem_ss|mem_ss|emif_1|emif_1_phy_clk_0'
Slack : 2.609
TNS   : 0.000
Corner: Slow vid2 100C Model

Type  : Setup 'afu_top|pg_afu.port_gasket|user_clock|qph_user_clk|pll.qph_user_clk_iopll|iopll_0_outclk0'
Slack : 2.754
TNS   : 0.000
Corner: Slow vid2 100C Model

Type  : Setup 'sys_pll|iopll_0_clk_sys_div2'
Slack : 3.938
TNS   : 0.000
Corner: Slow vid2 100C Model

Type  : Setup 'afu_top|pg_afu.port_gasket|user_clock|qph_user_clk|pll.qph_user_clk_iopll|iopll_0_outclk1'
Slack : 5.924
TNS   : 0.000
Corner: Slow vid2 100C Model

Type  : Setup 'sys_pll|iopll_0_clk_sys_div4'
Slack : 8.186
TNS   : 0.000
Corner: Slow vid2 100C Model

Type  : Setup 'local_mem_wrapper|mem_ss_top|mem_ss_sv|mem_ss|mem_ss|emif_0|emif_0_ref_clock'
Slack : 28.728
TNS   : 0.000
Corner: Slow vid2 100C Model

Type  : Setup 'altera_reserved_tck'
Slack : 42.433
TNS   : 0.000
Corner: Slow vid2 100C Model

Type  : Setup 'bwbmc_fpga_max_sclk'
Slack : 86.907
TNS   : 0.000
Corner: Slow vid2b 100C Model

Type  : Hold 'local_mem_wrapper|mem_ss_top|mem_ss_sv|mem_ss|mem_ss|emif_1|emif_1_phy_clk_l_0'
Slack : -0.004
TNS   : -0.004
Corner: Fast vid2 100C Model

Type  : Hold 'local_mem_wrapper|mem_ss_top|mem_ss_sv|mem_ss|mem_ss|emif_0|emif_0_core_usr_clk'
Slack : 0.000
TNS   : 0.000
Corner: Slow vid2 100C Model

Type  : Hold 'local_mem_wrapper|mem_ss_top|mem_ss_sv|mem_ss|mem_ss|emif_1|emif_1_core_usr_clk'
Slack : 0.000
TNS   : 0.000
Corner: Slow vid2 100C Model

Type  : Hold 'pcie_wrapper|pcie_ss.top|host_pcie.pcie_ss|pcie_ss|gen_ptile.u_ptile|intel_pcie_ptile_ast_qhip|inst|inst|maib_and_tile|xcvr_hip_native|rx_ch15'
Slack : 0.000
TNS   : 0.000
Corner: Fast vid2 100C Model

Type  : Hold 'sys_pll|iopll_0_clk_sys'
Slack : 0.001
TNS   : 0.000
Corner: Fast vid2 100C Model

Type  : Hold 'sys_pll|iopll_0_clk_100m'
Slack : 0.012
TNS   : 0.000
Corner: Fast vid2a 100C Model

Type  : Hold 'altera_int_osc_clk'
Slack : 0.026
TNS   : 0.000
Corner: Fast vid2 100C Model

Type  : Hold 'local_mem_wrapper|mem_ss_top|mem_ss_sv|mem_ss|mem_ss|emif_0|emif_0_ref_clock'
Slack : 0.035
TNS   : 0.000
Corner: Fast vid2 100C Model

Type  : Hold 'altera_reserved_tck'
Slack : 0.088
TNS   : 0.000
Corner: Fast vid2 100C Model

Type  : Hold 'sys_pll|iopll_0_clk_sys_div4'
Slack : 0.093
TNS   : 0.000
Corner: Fast vid2a 0C Model

Type  : Hold 'afu_top|pg_afu.port_gasket|user_clock|qph_user_clk|pll.qph_user_clk_iopll|iopll_0_outclk0'
Slack : 0.095
TNS   : 0.000
Corner: Fast vid2a 0C Model

Type  : Hold 'sys_pll|iopll_0_clk_sys_div2'
Slack : 0.095
TNS   : 0.000
Corner: Fast vid2a 0C Model

Type  : Hold 'local_mem_wrapper|mem_ss_top|mem_ss_sv|mem_ss|mem_ss|emif_0|emif_0_phy_clk_l_0'
Slack : 0.103
TNS   : 0.000
Corner: Fast vid2 100C Model

Type  : Hold 'afu_top|pg_afu.port_gasket|user_clock|qph_user_clk|pll.qph_user_clk_iopll|iopll_0_outclk1'
Slack : 0.106
TNS   : 0.000
Corner: Fast vid2a 0C Model

Type  : Hold 'local_mem_wrapper|mem_ss_top|mem_ss_sv|mem_ss|mem_ss|emif_1|emif_1_phy_clk_0'
Slack : 0.302
TNS   : 0.000
Corner: Fast vid2a 0C Model

Type  : Hold 'bwbmc_fpga_max_sclk'
Slack : 0.535
TNS   : 0.000
Corner: Fast vid2a 0C Model

Type  : Hold 'local_mem_wrapper|mem_ss_top|mem_ss_sv|mem_ss|mem_ss|emif_0|emif_0_phy_clk_0'
Slack : 0.673
TNS   : 0.000
Corner: Fast vid2a 0C Model

Type  : Recovery 'pcie_wrapper|pcie_ss.top|host_pcie.pcie_ss|pcie_ss|gen_ptile.u_ptile|intel_pcie_ptile_ast_qhip|inst|inst|maib_and_tile|xcvr_hip_native|rx_ch15'
Slack : 0.194
TNS   : 0.000
Corner: Slow vid2b 100C Model

Type  : Recovery 'sys_pll|iopll_0_clk_sys'
Slack : 0.503
TNS   : 0.000
Corner: Slow vid2 100C Model

Type  : Recovery 'local_mem_wrapper|mem_ss_top|mem_ss_sv|mem_ss|mem_ss|emif_0|emif_0_core_usr_clk'
Slack : 0.900
TNS   : 0.000
Corner: Slow vid2 100C Model

Type  : Recovery 'local_mem_wrapper|mem_ss_top|mem_ss_sv|mem_ss|mem_ss|emif_1|emif_1_core_usr_clk'
Slack : 0.906
TNS   : 0.000
Corner: Slow vid2 100C Model

Type  : Recovery 'altera_int_osc_clk'
Slack : 2.661
TNS   : 0.000
Corner: Slow vid2 100C Model

Type  : Recovery 'sys_pll|iopll_0_clk_100m'
Slack : 6.932
TNS   : 0.000
Corner: Slow vid2 100C Model

Type  : Recovery 'local_mem_wrapper|mem_ss_top|mem_ss_sv|mem_ss|mem_ss|emif_0|emif_0_ref_clock'
Slack : 28.750
TNS   : 0.000
Corner: Slow vid2 100C Model

Type  : Recovery 'bwbmc_fpga_max_sclk'
Slack : 85.570
TNS   : 0.000
Corner: Slow vid2b 100C Model

Type  : Recovery 'altera_reserved_tck'
Slack : 98.934
TNS   : 0.000
Corner: Slow vid2b 100C Model

Type  : Removal 'sys_pll|iopll_0_clk_100m'
Slack : 0.122
TNS   : 0.000
Corner: Fast vid2 100C Model

Type  : Removal 'local_mem_wrapper|mem_ss_top|mem_ss_sv|mem_ss|mem_ss|emif_1|emif_1_core_usr_clk'
Slack : 0.157
TNS   : 0.000
Corner: Fast vid2a 0C Model

Type  : Removal 'pcie_wrapper|pcie_ss.top|host_pcie.pcie_ss|pcie_ss|gen_ptile.u_ptile|intel_pcie_ptile_ast_qhip|inst|inst|maib_and_tile|xcvr_hip_native|rx_ch15'
Slack : 0.158
TNS   : 0.000
Corner: Fast vid2a 0C Model

Type  : Removal 'sys_pll|iopll_0_clk_sys'
Slack : 0.165
TNS   : 0.000
Corner: Fast vid2a 0C Model

Type  : Removal 'altera_reserved_tck'
Slack : 0.172
TNS   : 0.000
Corner: Fast vid2a 0C Model

Type  : Removal 'local_mem_wrapper|mem_ss_top|mem_ss_sv|mem_ss|mem_ss|emif_0|emif_0_core_usr_clk'
Slack : 0.177
TNS   : 0.000
Corner: Fast vid2a 0C Model

Type  : Removal 'altera_int_osc_clk'
Slack : 0.223
TNS   : 0.000
Corner: Fast vid2a 0C Model

Type  : Removal 'local_mem_wrapper|mem_ss_top|mem_ss_sv|mem_ss|mem_ss|emif_0|emif_0_ref_clock'
Slack : 0.253
TNS   : 0.000
Corner: Fast vid2a 0C Model

Type  : Removal 'bwbmc_fpga_max_sclk'
Slack : 1.457
TNS   : 0.000
Corner: Fast vid2a 0C Model

Type  : Minimum Pulse Width 'altera_int_osc_clk'
Slack : 0.000
TNS   : 0.000
Corner: Slow vid2 100C Model

Type  : Minimum Pulse Width 'local_mem_wrapper|mem_ss_top|mem_ss_sv|mem_ss|mem_ss|emif_0|emif_0_vco_clk_1'
Slack : 0.091
TNS   : 0.000
Corner: Slow vid2 100C Model

Type  : Minimum Pulse Width 'local_mem_wrapper|mem_ss_top|mem_ss_sv|mem_ss|mem_ss|emif_0|emif_0_vco_clk_2'
Slack : 0.091
TNS   : 0.000
Corner: Slow vid2 100C Model

Type  : Minimum Pulse Width 'local_mem_wrapper|mem_ss_top|mem_ss_sv|mem_ss|mem_ss|emif_1|emif_1_vco_clk_1'
Slack : 0.091
TNS   : 0.000
Corner: Slow vid2 100C Model

Type  : Minimum Pulse Width 'local_mem_wrapper|mem_ss_top|mem_ss_sv|mem_ss|mem_ss|emif_1|emif_1_vco_clk_2'
Slack : 0.091
TNS   : 0.000
Corner: Slow vid2 100C Model

Type  : Minimum Pulse Width 'local_mem_wrapper|mem_ss_top|mem_ss_sv|mem_ss|mem_ss|emif_0|emif_0_vco_clk'
Slack : 0.092
TNS   : 0.000
Corner: Slow vid2 100C Model

Type  : Minimum Pulse Width 'local_mem_wrapper|mem_ss_top|mem_ss_sv|mem_ss|mem_ss|emif_1|emif_1_vco_clk'
Slack : 0.092
TNS   : 0.000
Corner: Slow vid2 100C Model

Type  : Minimum Pulse Width 'pcie_wrapper|pcie_ss.top|host_pcie.pcie_ss|pcie_ss|gen_ptile.u_ptile|intel_pcie_ptile_ast_qhip|inst|inst|maib_and_tile|xcvr_hip_native|rx_ch15'
Slack : 0.148
TNS   : 0.000
Corner: Slow vid2 100C Model

Type  : Minimum Pulse Width 'local_mem_wrapper|mem_ss_top|mem_ss_sv|mem_ss|mem_ss|emif_0|emif_0_wf_clk_10'
Slack : 0.203
TNS   : 0.000
Corner: Slow vid2b 100C Model

Type  : Minimum Pulse Width 'local_mem_wrapper|mem_ss_top|mem_ss_sv|mem_ss|mem_ss|emif_1|emif_1_wf_clk_10'
Slack : 0.204
TNS   : 0.000
Corner: Slow vid2b 100C Model

Type  : Minimum Pulse Width 'local_mem_wrapper|mem_ss_top|mem_ss_sv|mem_ss|mem_ss|emif_1|emif_1_wf_clk_3'
Slack : 0.204
TNS   : 0.000
Corner: Slow vid2b 100C Model

Type  : Minimum Pulse Width 'local_mem_wrapper|mem_ss_top|mem_ss_sv|mem_ss|mem_ss|emif_1|emif_1_wf_clk_8'
Slack : 0.204
TNS   : 0.000
Corner: Slow vid2b 100C Model

Type  : Minimum Pulse Width 'local_mem_wrapper|mem_ss_top|mem_ss_sv|mem_ss|mem_ss|emif_0|emif_0_wf_clk_0'
Slack : 0.205
TNS   : 0.000
Corner: Slow vid2b 100C Model

Type  : Minimum Pulse Width 'local_mem_wrapper|mem_ss_top|mem_ss_sv|mem_ss|mem_ss|emif_0|emif_0_wf_clk_2'
Slack : 0.205
TNS   : 0.000
Corner: Slow vid2b 100C Model

Type  : Minimum Pulse Width 'local_mem_wrapper|mem_ss_top|mem_ss_sv|mem_ss|mem_ss|emif_0|emif_0_wf_clk_3'
Slack : 0.205
TNS   : 0.000
Corner: Slow vid2b 100C Model

Type  : Minimum Pulse Width 'local_mem_wrapper|mem_ss_top|mem_ss_sv|mem_ss|mem_ss|emif_0|emif_0_wf_clk_4'
Slack : 0.205
TNS   : 0.000
Corner: Slow vid2b 100C Model

Type  : Minimum Pulse Width 'local_mem_wrapper|mem_ss_top|mem_ss_sv|mem_ss|mem_ss|emif_0|emif_0_wf_clk_6'
Slack : 0.205
TNS   : 0.000
Corner: Slow vid2b 100C Model

Type  : Minimum Pulse Width 'local_mem_wrapper|mem_ss_top|mem_ss_sv|mem_ss|mem_ss|emif_0|emif_0_wf_clk_9'
Slack : 0.205
TNS   : 0.000
Corner: Slow vid2b 100C Model

Type  : Minimum Pulse Width 'local_mem_wrapper|mem_ss_top|mem_ss_sv|mem_ss|mem_ss|emif_1|emif_1_wf_clk_0'
Slack : 0.205
TNS   : 0.000
Corner: Slow vid2b 100C Model

Type  : Minimum Pulse Width 'local_mem_wrapper|mem_ss_top|mem_ss_sv|mem_ss|mem_ss|emif_1|emif_1_wf_clk_2'
Slack : 0.205
TNS   : 0.000
Corner: Slow vid2b 100C Model

Type  : Minimum Pulse Width 'local_mem_wrapper|mem_ss_top|mem_ss_sv|mem_ss|mem_ss|emif_1|emif_1_wf_clk_4'
Slack : 0.205
TNS   : 0.000
Corner: Slow vid2b 100C Model

Type  : Minimum Pulse Width 'local_mem_wrapper|mem_ss_top|mem_ss_sv|mem_ss|mem_ss|emif_1|emif_1_wf_clk_9'
Slack : 0.205
TNS   : 0.000
Corner: Slow vid2b 100C Model

Type  : Minimum Pulse Width 'local_mem_wrapper|mem_ss_top|mem_ss_sv|mem_ss|mem_ss|emif_0|emif_0_wf_clk_1'
Slack : 0.206
TNS   : 0.000
Corner: Slow vid2b 100C Model

Type  : Minimum Pulse Width 'local_mem_wrapper|mem_ss_top|mem_ss_sv|mem_ss|mem_ss|emif_0|emif_0_wf_clk_5'
Slack : 0.206
TNS   : 0.000
Corner: Slow vid2b 100C Model

Type  : Minimum Pulse Width 'local_mem_wrapper|mem_ss_top|mem_ss_sv|mem_ss|mem_ss|emif_0|emif_0_wf_clk_7'
Slack : 0.206
TNS   : 0.000
Corner: Slow vid2b 100C Model

Type  : Minimum Pulse Width 'local_mem_wrapper|mem_ss_top|mem_ss_sv|mem_ss|mem_ss|emif_0|emif_0_wf_clk_8'
Slack : 0.206
TNS   : 0.000
Corner: Slow vid2b 100C Model

Type  : Minimum Pulse Width 'local_mem_wrapper|mem_ss_top|mem_ss_sv|mem_ss|mem_ss|emif_1|emif_1_wf_clk_1'
Slack : 0.206
TNS   : 0.000
Corner: Slow vid2b 100C Model

Type  : Minimum Pulse Width 'local_mem_wrapper|mem_ss_top|mem_ss_sv|mem_ss|mem_ss|emif_1|emif_1_wf_clk_5'
Slack : 0.206
TNS   : 0.000
Corner: Slow vid2b 100C Model

Type  : Minimum Pulse Width 'local_mem_wrapper|mem_ss_top|mem_ss_sv|mem_ss|mem_ss|emif_1|emif_1_wf_clk_6'
Slack : 0.206
TNS   : 0.000
Corner: Slow vid2b 100C Model

Type  : Minimum Pulse Width 'local_mem_wrapper|mem_ss_top|mem_ss_sv|mem_ss|mem_ss|emif_1|emif_1_wf_clk_7'
Slack : 0.206
TNS   : 0.000
Corner: Slow vid2b 100C Model

Type  : Minimum Pulse Width 'ddr4_mem[0].dqs[2]_IN'
Slack : 0.207
TNS   : 0.000
Corner: Slow vid2 100C Model

Type  : Minimum Pulse Width 'ddr4_mem[0].dqs[3]_IN'
Slack : 0.207
TNS   : 0.000
Corner: Slow vid2 100C Model

Type  : Minimum Pulse Width 'ddr4_mem[0].dqs[6]_IN'
Slack : 0.207
TNS   : 0.000
Corner: Slow vid2 100C Model

Type  : Minimum Pulse Width 'ddr4_mem[0].dqs[7]_IN'
Slack : 0.207
TNS   : 0.000
Corner: Slow vid2 100C Model

Type  : Minimum Pulse Width 'ddr4_mem[1].dqs[2]_IN'
Slack : 0.207
TNS   : 0.000
Corner: Slow vid2 100C Model

Type  : Minimum Pulse Width 'ddr4_mem[1].dqs[3]_IN'
Slack : 0.207
TNS   : 0.000
Corner: Slow vid2 100C Model

Type  : Minimum Pulse Width 'ddr4_mem[1].dqs[4]_IN'
Slack : 0.207
TNS   : 0.000
Corner: Slow vid2 100C Model

Type  : Minimum Pulse Width 'ddr4_mem[1].dqs[5]_IN'
Slack : 0.207
TNS   : 0.000
Corner: Slow vid2 100C Model

Type  : Minimum Pulse Width 'ddr4_mem[0].dqs[0]_IN'
Slack : 0.208
TNS   : 0.000
Corner: Slow vid2 100C Model

Type  : Minimum Pulse Width 'ddr4_mem[0].dqs[1]_IN'
Slack : 0.208
TNS   : 0.000
Corner: Slow vid2 100C Model

Type  : Minimum Pulse Width 'ddr4_mem[0].dqs[4]_IN'
Slack : 0.208
TNS   : 0.000
Corner: Slow vid2 100C Model

Type  : Minimum Pulse Width 'ddr4_mem[0].dqs[5]_IN'
Slack : 0.208
TNS   : 0.000
Corner: Slow vid2 100C Model

Type  : Minimum Pulse Width 'ddr4_mem[1].dqs[0]_IN'
Slack : 0.208
TNS   : 0.000
Corner: Slow vid2 100C Model

Type  : Minimum Pulse Width 'ddr4_mem[1].dqs[1]_IN'
Slack : 0.208
TNS   : 0.000
Corner: Slow vid2 100C Model

Type  : Minimum Pulse Width 'ddr4_mem[1].dqs[6]_IN'
Slack : 0.208
TNS   : 0.000
Corner: Slow vid2 100C Model

Type  : Minimum Pulse Width 'ddr4_mem[1].dqs[7]_IN'
Slack : 0.208
TNS   : 0.000
Corner: Slow vid2 100C Model

Type  : Minimum Pulse Width 'sys_pll|iopll_0_clk_sys'
Slack : 0.275
TNS   : 0.000
Corner: Slow vid2 100C Model

Type  : Minimum Pulse Width 'local_mem_wrapper|mem_ss_top|mem_ss_sv|mem_ss|mem_ss|emif_0|emif_0_phy_clk_0'
Slack : 0.367
TNS   : 0.000
Corner: Slow vid2 100C Model

Type  : Minimum Pulse Width 'local_mem_wrapper|mem_ss_top|mem_ss_sv|mem_ss|mem_ss|emif_1|emif_1_phy_clk_0'
Slack : 0.367
TNS   : 0.000
Corner: Slow vid2 100C Model

Type  : Minimum Pulse Width 'local_mem_wrapper|mem_ss_top|mem_ss_sv|mem_ss|mem_ss|emif_0|emif_0_phy_clk_2'
Slack : 0.439
TNS   : 0.000
Corner: Slow vid2 100C Model

Type  : Minimum Pulse Width 'local_mem_wrapper|mem_ss_top|mem_ss_sv|mem_ss|mem_ss|emif_1|emif_1_phy_clk_1'
Slack : 0.439
TNS   : 0.000
Corner: Slow vid2 100C Model

Type  : Minimum Pulse Width 'local_mem_wrapper|mem_ss_top|mem_ss_sv|mem_ss|mem_ss|emif_0|emif_0_phy_clk_1'
Slack : 0.440
TNS   : 0.000
Corner: Slow vid2 100C Model

Type  : Minimum Pulse Width 'local_mem_wrapper|mem_ss_top|mem_ss_sv|mem_ss|mem_ss|emif_1|emif_1_phy_clk_2'
Slack : 0.440
TNS   : 0.000
Corner: Slow vid2 100C Model

Type  : Minimum Pulse Width 'local_mem_wrapper|mem_ss_top|mem_ss_sv|mem_ss|mem_ss|emif_1|emif_1_core_usr_clk'
Slack : 0.522
TNS   : 0.000
Corner: Slow vid2 100C Model

Type  : Minimum Pulse Width 'local_mem_wrapper|mem_ss_top|mem_ss_sv|mem_ss|mem_ss|emif_0|emif_0_core_usr_clk'
Slack : 0.713
TNS   : 0.000
Corner: Slow vid2 100C Model

Type  : Minimum Pulse Width 'pcie_wrapper|pcie_ss.top|host_pcie.pcie_ss|pcie_ss|gen_ptile.u_ptile|intel_pcie_ptile_ast_qhip|inst|inst|maib_and_tile|rx_pcs_x2_clk|ch15'
Slack : 0.752
TNS   : 0.000
Corner: Slow vid2 100C Model

Type  : Minimum Pulse Width 'local_mem_wrapper|mem_ss_top|mem_ss_sv|mem_ss|mem_ss|emif_0|emif_0_phy_clk_l_0'
Slack : 1.127
TNS   : 0.000
Corner: Slow vid2 100C Model

Type  : Minimum Pulse Width 'local_mem_wrapper|mem_ss_top|mem_ss_sv|mem_ss|mem_ss|emif_1|emif_1_phy_clk_l_0'
Slack : 1.127
TNS   : 0.000
Corner: Slow vid2 100C Model

Type  : Minimum Pulse Width 'afu_top|pg_afu.port_gasket|user_clock|qph_user_clk|pll.qph_user_clk_iopll|iopll_0_outclk0'
Slack : 1.131
TNS   : 0.000
Corner: Slow vid2b 100C Model

Type  : Minimum Pulse Width 'sys_pll|iopll_0_clk_sys_div2'
Slack : 1.688
TNS   : 0.000
Corner: Slow vid2b 100C Model

Type  : Minimum Pulse Width 'afu_top|pg_afu.port_gasket|user_clock|qph_user_clk|pll.qph_user_clk_iopll|iopll_0_outclk1'
Slack : 2.733
TNS   : 0.000
Corner: Slow vid2b 100C Model

Type  : Minimum Pulse Width 'qsfp_ref_clk'
Slack : 3.200
TNS   : 0.000
Corner: Slow vid2 100C Model

Type  : Minimum Pulse Width 'sys_pll|iopll_0_clk_sys_div4'
Slack : 3.836
TNS   : 0.000
Corner: Slow vid2b 100C Model

Type  : Minimum Pulse Width 'sys_pll|iopll_0_refclk'
Slack : 3.847
TNS   : 0.000
Corner: Slow vid2 100C Model

Type  : Minimum Pulse Width 'sys_pll|iopll_0_clk_100m'
Slack : 4.299
TNS   : 0.000
Corner: Slow vid2b 100C Model

Type  : Minimum Pulse Width 'PCIE_REFCLK0'
Slack : 5.000
TNS   : 0.000
Corner: Slow vid2 100C Model

Type  : Minimum Pulse Width 'PCIE_REFCLK1'
Slack : 5.000
TNS   : 0.000
Corner: Slow vid2 100C Model

Type  : Minimum Pulse Width 'afu_top|pg_afu.port_gasket|user_clock|qph_user_clk|pll.qph_user_clk_iopll|iopll_0_n_cnt_clk'
Slack : 9.761
TNS   : 0.000
Corner: Slow vid2 100C Model

Type  : Minimum Pulse Width 'local_mem_wrapper|mem_ss_top|mem_ss_sv|mem_ss|mem_ss|emif_0|emif_0_ref_clock'
Slack : 14.183
TNS   : 0.000
Corner: Slow vid2 100C Model

Type  : Minimum Pulse Width 'local_mem_wrapper|mem_ss_top|mem_ss_sv|mem_ss|mem_ss|emif_1|emif_1_ref_clock'
Slack : 14.184
TNS   : 0.000
Corner: Slow vid2 100C Model

Type  : Minimum Pulse Width 'altera_reserved_tck'
Slack : 47.151
TNS   : 0.000
Corner: Slow vid2 100C Model

Type  : Minimum Pulse Width 'sys_pll|iopll_0_n_cnt_clk'
Slack : 49.769
TNS   : 0.000
Corner: Slow vid2 100C Model

Type  : Minimum Pulse Width 'bwbmc_fpga_max_sclk'
Slack : 98.937
TNS   : 0.000
Corner: Fast vid2a 100C Model

Type  : Slow vid2 100C Model Max Skew 'set_max_skew'
Slack : 1.189

Type  : Slow vid2 100C Model Max Skew 'set_max_skew'
Slack : 1.201

Type  : Slow vid2 100C Model Max Skew 'set_max_skew'
Slack : 1.203

Type  : Slow vid2 100C Model Max Skew 'set_max_skew'
Slack : 1.211

Type  : Slow vid2 100C Model Max Skew 'set_max_skew'
Slack : 1.211

Type  : Slow vid2 100C Model Max Skew 'set_max_skew'
Slack : 1.220

Type  : Slow vid2 100C Model Max Skew 'set_max_skew'
Slack : 1.221

Type  : Slow vid2 100C Model Max Skew 'set_max_skew'
Slack : 1.221

Type  : Slow vid2 100C Model Max Skew 'set_max_skew'
Slack : 1.227

Type  : Slow vid2 100C Model Max Skew 'set_max_skew'
Slack : 1.227

Type  : Slow vid2 100C Model Max Skew 'set_max_skew'
Slack : 1.234

Type  : Slow vid2 100C Model Max Skew 'set_max_skew'
Slack : 1.234

Type  : Slow vid2 100C Model Max Skew 'set_max_skew'
Slack : 1.244

Type  : Slow vid2 100C Model Max Skew 'set_max_skew'
Slack : 1.255

Type  : Slow vid2 100C Model Max Skew 'set_max_skew'
Slack : 1.258

Type  : Slow vid2 100C Model Max Skew 'set_max_skew'
Slack : 1.258

Type  : Slow vid2 100C Model Max Skew 'set_max_skew'
Slack : 1.262

Type  : Slow vid2 100C Model Max Skew 'set_max_skew'
Slack : 1.266

Type  : Slow vid2 100C Model Max Skew 'set_max_skew'
Slack : 1.286

Type  : Slow vid2 100C Model Max Skew 'set_max_skew'
Slack : 1.291

Type  : Slow vid2 100C Model Max Skew 'set_max_skew'
Slack : 1.292

Type  : Slow vid2 100C Model Max Skew 'set_max_skew'
Slack : 1.292

Type  : Slow vid2 100C Model Max Skew 'set_max_skew'
Slack : 1.301

Type  : Slow vid2 100C Model Max Skew 'set_max_skew'
Slack : 1.306

Type  : Slow vid2 100C Model Max Skew 'set_max_skew'
Slack : 1.306

Type  : Slow vid2 100C Model Max Skew 'set_max_skew'
Slack : 1.308

Type  : Slow vid2 100C Model Max Skew 'set_max_skew'
Slack : 1.319

Type  : Slow vid2 100C Model Max Skew 'set_max_skew'
Slack : 1.321

Type  : Slow vid2 100C Model Max Skew 'set_max_skew'
Slack : 1.322

Type  : Slow vid2 100C Model Max Skew 'set_max_skew'
Slack : 1.325

Type  : Slow vid2 100C Model Max Skew 'set_max_skew'
Slack : 1.331

Type  : Slow vid2 100C Model Max Skew 'set_max_skew'
Slack : 1.336

Type  : Slow vid2 100C Model Max Skew 'set_max_skew'
Slack : 1.338

Type  : Slow vid2 100C Model Max Skew 'set_max_skew'
Slack : 1.339

Type  : Slow vid2 100C Model Max Skew 'set_max_skew'
Slack : 1.356

Type  : Slow vid2 100C Model Max Skew 'set_max_skew'
Slack : 1.359

Type  : Slow vid2 100C Model Max Skew 'set_max_skew'
Slack : 1.367

Type  : Slow vid2 100C Model Max Skew 'set_max_skew'
Slack : 1.383

Type  : Slow vid2 100C Model Max Skew 'set_max_skew'
Slack : 1.386

Type  : Slow vid2 100C Model Max Skew 'set_max_skew'
Slack : 1.386

Type  : Slow vid2 100C Model Max Skew 'set_max_skew'
Slack : 1.392

Type  : Slow vid2 100C Model Max Skew 'set_max_skew'
Slack : 1.406

Type  : Slow vid2 100C Model Max Skew 'set_max_skew'
Slack : 1.411

Type  : Slow vid2 100C Model Max Skew 'set_max_skew'
Slack : 1.411

Type  : Slow vid2 100C Model Max Skew 'set_max_skew'
Slack : 1.426

Type  : Slow vid2 100C Model Max Skew 'set_max_skew'
Slack : 1.426

Type  : Slow vid2 100C Model Max Skew 'set_max_skew'
Slack : 1.439

Type  : Slow vid2 100C Model Max Skew 'set_max_skew'
Slack : 1.446

Type  : Slow vid2 100C Model Max Skew 'set_max_skew'
Slack : 1.467

Type  : Slow vid2 100C Model Max Skew 'set_max_skew'
Slack : 1.476

Type  : Slow vid2 100C Model Max Skew 'set_max_skew'
Slack : 1.481

Type  : Slow vid2 100C Model Max Skew 'set_max_skew'
Slack : 1.481

Type  : Slow vid2 100C Model Max Skew 'set_max_skew'
Slack : 1.487

Type  : Slow vid2 100C Model Max Skew 'set_max_skew'
Slack : 1.487

Type  : Slow vid2 100C Model Max Skew 'set_max_skew'
Slack : 1.952

Type  : Slow vid2 100C Model Max Skew 'set_max_skew'
Slack : 1.974

Type  : Slow vid2 100C Model Max Skew 'set_max_skew'
Slack : 1.983

Type  : Slow vid2 100C Model Max Skew 'set_max_skew'
Slack : 1.986

Type  : Slow vid2 100C Model Max Skew 'set_max_skew'
Slack : 2.013

Type  : Slow vid2 100C Model Max Skew 'set_max_skew'
Slack : 2.049

Type  : Slow vid2 100C Model Max Skew 'set_max_skew'
Slack : 2.067

Type  : Slow vid2 100C Model Max Skew 'set_max_skew'
Slack : 2.067

Type  : Slow vid2 100C Model Max Skew 'set_max_skew'
Slack : 2.078

Type  : Slow vid2 100C Model Max Skew 'set_max_skew'
Slack : 2.131

Type  : Slow vid2 100C Model Max Skew 'set_max_skew'
Slack : 2.141

Type  : Slow vid2 100C Model Max Skew 'set_max_skew'
Slack : 2.144

Type  : Slow vid2 100C Model Max Skew 'set_max_skew'
Slack : 2.171

Type  : Slow vid2 100C Model Max Skew 'set_max_skew'
Slack : 2.820

Type  : Slow vid2 100C Model Max Skew 'set_max_skew'
Slack : 2.872

Type  : Slow vid2 100C Model Max Skew 'set_max_skew'
Slack : 2.989

Type  : Slow vid2 100C Model Max Skew 'set_max_skew'
Slack : 7.431

Type  : Slow vid2 100C Model Max Skew 'set_max_skew'
Slack : 7.515

Type  : Slow vid2 100C Model Max Skew 'set_max_skew'
Slack : 7.515

Type  : Slow vid2 100C Model Max Skew 'set_max_skew'
Slack : 7.518

Type  : Slow vid2 100C Model Max Skew 'set_max_skew'
Slack : 7.518

Type  : Slow vid2 100C Model Max Skew 'set_max_skew'
Slack : 7.533

Type  : Slow vid2 100C Model Max Skew 'set_max_skew'
Slack : 7.569

Type  : Slow vid2 100C Model Max Skew 'set_max_skew'
Slack : 7.574

Type  : Slow vid2 100C Model Max Skew 'set_max_skew'
Slack : 7.581

Type  : Slow vid2 100C Model Max Skew 'set_max_skew'
Slack : 7.606

Type  : Slow vid2 100C Model Max Skew 'set_max_skew'
Slack : 7.617

Type  : Slow vid2 100C Model Max Skew 'set_max_skew'
Slack : 7.628

Type  : Slow vid2 100C Model Max Skew 'set_max_skew'
Slack : 7.640

Type  : Slow vid2 100C Model Max Skew 'set_max_skew'
Slack : 7.658

Type  : Slow vid2 100C Model Max Skew 'set_max_skew'
Slack : 7.675

Type  : Slow vid2 100C Model Max Skew 'set_max_skew'
Slack : 7.681

Type  : Slow vid2 100C Model Max Skew 'set_max_skew'
Slack : 7.685

Type  : Slow vid2 100C Model Max Skew 'set_max_skew'
Slack : 7.688

Type  : Slow vid2 100C Model Max Skew 'set_max_skew'
Slack : 7.708

Type  : Slow vid2 100C Model Max Skew 'set_max_skew'
Slack : 7.717

Type  : Slow vid2 100C Model Max Skew 'set_max_skew'
Slack : 7.731

Type  : Slow vid2 100C Model Max Skew 'set_max_skew'
Slack : 7.737

Type  : Slow vid2 100C Model Max Skew 'set_max_skew'
Slack : 7.765

Type  : Slow vid2 100C Model Max Skew 'set_max_skew'
Slack : 7.766

Type  : Slow vid2 100C Model Max Skew 'set_max_skew'
Slack : 79.670

Type  : Slow vid2 100C Model Max Skew 'set_max_skew'
Slack : 79.691

Type  : Slow vid2 100C Model Max Skew 'set_max_skew'
Slack : 79.731

Type  : Slow vid2 100C Model Max Skew 'set_max_skew'
Slack : 79.736

Type  : Slow vid2b 100C Model Max Skew 'set_max_skew'
Slack : 1.195

Type  : Slow vid2b 100C Model Max Skew 'set_max_skew'
Slack : 1.205

Type  : Slow vid2b 100C Model Max Skew 'set_max_skew'
Slack : 1.209

Type  : Slow vid2b 100C Model Max Skew 'set_max_skew'
Slack : 1.216

Type  : Slow vid2b 100C Model Max Skew 'set_max_skew'
Slack : 1.216

Type  : Slow vid2b 100C Model Max Skew 'set_max_skew'
Slack : 1.223

Type  : Slow vid2b 100C Model Max Skew 'set_max_skew'
Slack : 1.223

Type  : Slow vid2b 100C Model Max Skew 'set_max_skew'
Slack : 1.226

Type  : Slow vid2b 100C Model Max Skew 'set_max_skew'
Slack : 1.233

Type  : Slow vid2b 100C Model Max Skew 'set_max_skew'
Slack : 1.233

Type  : Slow vid2b 100C Model Max Skew 'set_max_skew'
Slack : 1.238

Type  : Slow vid2b 100C Model Max Skew 'set_max_skew'
Slack : 1.238

Type  : Slow vid2b 100C Model Max Skew 'set_max_skew'
Slack : 1.251

Type  : Slow vid2b 100C Model Max Skew 'set_max_skew'
Slack : 1.259

Type  : Slow vid2b 100C Model Max Skew 'set_max_skew'
Slack : 1.263

Type  : Slow vid2b 100C Model Max Skew 'set_max_skew'
Slack : 1.265

Type  : Slow vid2b 100C Model Max Skew 'set_max_skew'
Slack : 1.268

Type  : Slow vid2b 100C Model Max Skew 'set_max_skew'
Slack : 1.269

Type  : Slow vid2b 100C Model Max Skew 'set_max_skew'
Slack : 1.288

Type  : Slow vid2b 100C Model Max Skew 'set_max_skew'
Slack : 1.291

Type  : Slow vid2b 100C Model Max Skew 'set_max_skew'
Slack : 1.291

Type  : Slow vid2b 100C Model Max Skew 'set_max_skew'
Slack : 1.291

Type  : Slow vid2b 100C Model Max Skew 'set_max_skew'
Slack : 1.305

Type  : Slow vid2b 100C Model Max Skew 'set_max_skew'
Slack : 1.305

Type  : Slow vid2b 100C Model Max Skew 'set_max_skew'
Slack : 1.305

Type  : Slow vid2b 100C Model Max Skew 'set_max_skew'
Slack : 1.315

Type  : Slow vid2b 100C Model Max Skew 'set_max_skew'
Slack : 1.322

Type  : Slow vid2b 100C Model Max Skew 'set_max_skew'
Slack : 1.325

Type  : Slow vid2b 100C Model Max Skew 'set_max_skew'
Slack : 1.327

Type  : Slow vid2b 100C Model Max Skew 'set_max_skew'
Slack : 1.331

Type  : Slow vid2b 100C Model Max Skew 'set_max_skew'
Slack : 1.332

Type  : Slow vid2b 100C Model Max Skew 'set_max_skew'
Slack : 1.338

Type  : Slow vid2b 100C Model Max Skew 'set_max_skew'
Slack : 1.340

Type  : Slow vid2b 100C Model Max Skew 'set_max_skew'
Slack : 1.343

Type  : Slow vid2b 100C Model Max Skew 'set_max_skew'
Slack : 1.360

Type  : Slow vid2b 100C Model Max Skew 'set_max_skew'
Slack : 1.364

Type  : Slow vid2b 100C Model Max Skew 'set_max_skew'
Slack : 1.366

Type  : Slow vid2b 100C Model Max Skew 'set_max_skew'
Slack : 1.383

Type  : Slow vid2b 100C Model Max Skew 'set_max_skew'
Slack : 1.388

Type  : Slow vid2b 100C Model Max Skew 'set_max_skew'
Slack : 1.389

Type  : Slow vid2b 100C Model Max Skew 'set_max_skew'
Slack : 1.392

Type  : Slow vid2b 100C Model Max Skew 'set_max_skew'
Slack : 1.406

Type  : Slow vid2b 100C Model Max Skew 'set_max_skew'
Slack : 1.412

Type  : Slow vid2b 100C Model Max Skew 'set_max_skew'
Slack : 1.412

Type  : Slow vid2b 100C Model Max Skew 'set_max_skew'
Slack : 1.428

Type  : Slow vid2b 100C Model Max Skew 'set_max_skew'
Slack : 1.428

Type  : Slow vid2b 100C Model Max Skew 'set_max_skew'
Slack : 1.440

Type  : Slow vid2b 100C Model Max Skew 'set_max_skew'
Slack : 1.448

Type  : Slow vid2b 100C Model Max Skew 'set_max_skew'
Slack : 1.470

Type  : Slow vid2b 100C Model Max Skew 'set_max_skew'
Slack : 1.480

Type  : Slow vid2b 100C Model Max Skew 'set_max_skew'
Slack : 1.482

Type  : Slow vid2b 100C Model Max Skew 'set_max_skew'
Slack : 1.482

Type  : Slow vid2b 100C Model Max Skew 'set_max_skew'
Slack : 1.491

Type  : Slow vid2b 100C Model Max Skew 'set_max_skew'
Slack : 1.491

Type  : Slow vid2b 100C Model Max Skew 'set_max_skew'
Slack : 1.958

Type  : Slow vid2b 100C Model Max Skew 'set_max_skew'
Slack : 1.979

Type  : Slow vid2b 100C Model Max Skew 'set_max_skew'
Slack : 1.989

Type  : Slow vid2b 100C Model Max Skew 'set_max_skew'
Slack : 1.992

Type  : Slow vid2b 100C Model Max Skew 'set_max_skew'
Slack : 2.017

Type  : Slow vid2b 100C Model Max Skew 'set_max_skew'
Slack : 2.053

Type  : Slow vid2b 100C Model Max Skew 'set_max_skew'
Slack : 2.070

Type  : Slow vid2b 100C Model Max Skew 'set_max_skew'
Slack : 2.070

Type  : Slow vid2b 100C Model Max Skew 'set_max_skew'
Slack : 2.081

Type  : Slow vid2b 100C Model Max Skew 'set_max_skew'
Slack : 2.133

Type  : Slow vid2b 100C Model Max Skew 'set_max_skew'
Slack : 2.144

Type  : Slow vid2b 100C Model Max Skew 'set_max_skew'
Slack : 2.144

Type  : Slow vid2b 100C Model Max Skew 'set_max_skew'
Slack : 2.172

Type  : Slow vid2b 100C Model Max Skew 'set_max_skew'
Slack : 2.823

Type  : Slow vid2b 100C Model Max Skew 'set_max_skew'
Slack : 2.876

Type  : Slow vid2b 100C Model Max Skew 'set_max_skew'
Slack : 2.990

Type  : Slow vid2b 100C Model Max Skew 'set_max_skew'
Slack : 7.437

Type  : Slow vid2b 100C Model Max Skew 'set_max_skew'
Slack : 7.520

Type  : Slow vid2b 100C Model Max Skew 'set_max_skew'
Slack : 7.520

Type  : Slow vid2b 100C Model Max Skew 'set_max_skew'
Slack : 7.525

Type  : Slow vid2b 100C Model Max Skew 'set_max_skew'
Slack : 7.525

Type  : Slow vid2b 100C Model Max Skew 'set_max_skew'
Slack : 7.537

Type  : Slow vid2b 100C Model Max Skew 'set_max_skew'
Slack : 7.575

Type  : Slow vid2b 100C Model Max Skew 'set_max_skew'
Slack : 7.579

Type  : Slow vid2b 100C Model Max Skew 'set_max_skew'
Slack : 7.584

Type  : Slow vid2b 100C Model Max Skew 'set_max_skew'
Slack : 7.610

Type  : Slow vid2b 100C Model Max Skew 'set_max_skew'
Slack : 7.620

Type  : Slow vid2b 100C Model Max Skew 'set_max_skew'
Slack : 7.630

Type  : Slow vid2b 100C Model Max Skew 'set_max_skew'
Slack : 7.643

Type  : Slow vid2b 100C Model Max Skew 'set_max_skew'
Slack : 7.661

Type  : Slow vid2b 100C Model Max Skew 'set_max_skew'
Slack : 7.679

Type  : Slow vid2b 100C Model Max Skew 'set_max_skew'
Slack : 7.682

Type  : Slow vid2b 100C Model Max Skew 'set_max_skew'
Slack : 7.687

Type  : Slow vid2b 100C Model Max Skew 'set_max_skew'
Slack : 7.690

Type  : Slow vid2b 100C Model Max Skew 'set_max_skew'
Slack : 7.707

Type  : Slow vid2b 100C Model Max Skew 'set_max_skew'
Slack : 7.718

Type  : Slow vid2b 100C Model Max Skew 'set_max_skew'
Slack : 7.732

Type  : Slow vid2b 100C Model Max Skew 'set_max_skew'
Slack : 7.738

Type  : Slow vid2b 100C Model Max Skew 'set_max_skew'
Slack : 7.765

Type  : Slow vid2b 100C Model Max Skew 'set_max_skew'
Slack : 7.768

Type  : Slow vid2b 100C Model Max Skew 'set_max_skew'
Slack : 79.674

Type  : Slow vid2b 100C Model Max Skew 'set_max_skew'
Slack : 79.696

Type  : Slow vid2b 100C Model Max Skew 'set_max_skew'
Slack : 79.733

Type  : Slow vid2b 100C Model Max Skew 'set_max_skew'
Slack : 79.738

Type  : Fast vid2a 0C Model Max Skew 'set_max_skew'
Slack : 1.304

Type  : Fast vid2a 0C Model Max Skew 'set_max_skew'
Slack : 1.305

Type  : Fast vid2a 0C Model Max Skew 'set_max_skew'
Slack : 1.307

Type  : Fast vid2a 0C Model Max Skew 'set_max_skew'
Slack : 1.307

Type  : Fast vid2a 0C Model Max Skew 'set_max_skew'
Slack : 1.309

Type  : Fast vid2a 0C Model Max Skew 'set_max_skew'
Slack : 1.315

Type  : Fast vid2a 0C Model Max Skew 'set_max_skew'
Slack : 1.317

Type  : Fast vid2a 0C Model Max Skew 'set_max_skew'
Slack : 1.327

Type  : Fast vid2a 0C Model Max Skew 'set_max_skew'
Slack : 1.331

Type  : Fast vid2a 0C Model Max Skew 'set_max_skew'
Slack : 1.331

Type  : Fast vid2a 0C Model Max Skew 'set_max_skew'
Slack : 1.334

Type  : Fast vid2a 0C Model Max Skew 'set_max_skew'
Slack : 1.340

Type  : Fast vid2a 0C Model Max Skew 'set_max_skew'
Slack : 1.341

Type  : Fast vid2a 0C Model Max Skew 'set_max_skew'
Slack : 1.345

Type  : Fast vid2a 0C Model Max Skew 'set_max_skew'
Slack : 1.345

Type  : Fast vid2a 0C Model Max Skew 'set_max_skew'
Slack : 1.346

Type  : Fast vid2a 0C Model Max Skew 'set_max_skew'
Slack : 1.350

Type  : Fast vid2a 0C Model Max Skew 'set_max_skew'
Slack : 1.350

Type  : Fast vid2a 0C Model Max Skew 'set_max_skew'
Slack : 1.351

Type  : Fast vid2a 0C Model Max Skew 'set_max_skew'
Slack : 1.351

Type  : Fast vid2a 0C Model Max Skew 'set_max_skew'
Slack : 1.359

Type  : Fast vid2a 0C Model Max Skew 'set_max_skew'
Slack : 1.365

Type  : Fast vid2a 0C Model Max Skew 'set_max_skew'
Slack : 1.365

Type  : Fast vid2a 0C Model Max Skew 'set_max_skew'
Slack : 1.369

Type  : Fast vid2a 0C Model Max Skew 'set_max_skew'
Slack : 1.401

Type  : Fast vid2a 0C Model Max Skew 'set_max_skew'
Slack : 1.408

Type  : Fast vid2a 0C Model Max Skew 'set_max_skew'
Slack : 1.409

Type  : Fast vid2a 0C Model Max Skew 'set_max_skew'
Slack : 1.417

Type  : Fast vid2a 0C Model Max Skew 'set_max_skew'
Slack : 1.418

Type  : Fast vid2a 0C Model Max Skew 'set_max_skew'
Slack : 1.422

Type  : Fast vid2a 0C Model Max Skew 'set_max_skew'
Slack : 1.423

Type  : Fast vid2a 0C Model Max Skew 'set_max_skew'
Slack : 1.423

Type  : Fast vid2a 0C Model Max Skew 'set_max_skew'
Slack : 1.424

Type  : Fast vid2a 0C Model Max Skew 'set_max_skew'
Slack : 1.426

Type  : Fast vid2a 0C Model Max Skew 'set_max_skew'
Slack : 1.426

Type  : Fast vid2a 0C Model Max Skew 'set_max_skew'
Slack : 1.428

Type  : Fast vid2a 0C Model Max Skew 'set_max_skew'
Slack : 1.432

Type  : Fast vid2a 0C Model Max Skew 'set_max_skew'
Slack : 1.446

Type  : Fast vid2a 0C Model Max Skew 'set_max_skew'
Slack : 1.446

Type  : Fast vid2a 0C Model Max Skew 'set_max_skew'
Slack : 1.453

Type  : Fast vid2a 0C Model Max Skew 'set_max_skew'
Slack : 1.460

Type  : Fast vid2a 0C Model Max Skew 'set_max_skew'
Slack : 1.474

Type  : Fast vid2a 0C Model Max Skew 'set_max_skew'
Slack : 1.474

Type  : Fast vid2a 0C Model Max Skew 'set_max_skew'
Slack : 1.477

Type  : Fast vid2a 0C Model Max Skew 'set_max_skew'
Slack : 1.489

Type  : Fast vid2a 0C Model Max Skew 'set_max_skew'
Slack : 1.491

Type  : Fast vid2a 0C Model Max Skew 'set_max_skew'
Slack : 1.491

Type  : Fast vid2a 0C Model Max Skew 'set_max_skew'
Slack : 1.508

Type  : Fast vid2a 0C Model Max Skew 'set_max_skew'
Slack : 1.518

Type  : Fast vid2a 0C Model Max Skew 'set_max_skew'
Slack : 1.520

Type  : Fast vid2a 0C Model Max Skew 'set_max_skew'
Slack : 1.520

Type  : Fast vid2a 0C Model Max Skew 'set_max_skew'
Slack : 1.522

Type  : Fast vid2a 0C Model Max Skew 'set_max_skew'
Slack : 1.531

Type  : Fast vid2a 0C Model Max Skew 'set_max_skew'
Slack : 1.531

Type  : Fast vid2a 0C Model Max Skew 'set_max_skew'
Slack : 2.078

Type  : Fast vid2a 0C Model Max Skew 'set_max_skew'
Slack : 2.091

Type  : Fast vid2a 0C Model Max Skew 'set_max_skew'
Slack : 2.097

Type  : Fast vid2a 0C Model Max Skew 'set_max_skew'
Slack : 2.102

Type  : Fast vid2a 0C Model Max Skew 'set_max_skew'
Slack : 2.123

Type  : Fast vid2a 0C Model Max Skew 'set_max_skew'
Slack : 2.139

Type  : Fast vid2a 0C Model Max Skew 'set_max_skew'
Slack : 2.147

Type  : Fast vid2a 0C Model Max Skew 'set_max_skew'
Slack : 2.154

Type  : Fast vid2a 0C Model Max Skew 'set_max_skew'
Slack : 2.157

Type  : Fast vid2a 0C Model Max Skew 'set_max_skew'
Slack : 2.191

Type  : Fast vid2a 0C Model Max Skew 'set_max_skew'
Slack : 2.199

Type  : Fast vid2a 0C Model Max Skew 'set_max_skew'
Slack : 2.207

Type  : Fast vid2a 0C Model Max Skew 'set_max_skew'
Slack : 2.223

Type  : Fast vid2a 0C Model Max Skew 'set_max_skew'
Slack : 2.922

Type  : Fast vid2a 0C Model Max Skew 'set_max_skew'
Slack : 2.966

Type  : Fast vid2a 0C Model Max Skew 'set_max_skew'
Slack : 3.038

Type  : Fast vid2a 0C Model Max Skew 'set_max_skew'
Slack : 7.576

Type  : Fast vid2a 0C Model Max Skew 'set_max_skew'
Slack : 7.632

Type  : Fast vid2a 0C Model Max Skew 'set_max_skew'
Slack : 7.632

Type  : Fast vid2a 0C Model Max Skew 'set_max_skew'
Slack : 7.637

Type  : Fast vid2a 0C Model Max Skew 'set_max_skew'
Slack : 7.637

Type  : Fast vid2a 0C Model Max Skew 'set_max_skew'
Slack : 7.642

Type  : Fast vid2a 0C Model Max Skew 'set_max_skew'
Slack : 7.666

Type  : Fast vid2a 0C Model Max Skew 'set_max_skew'
Slack : 7.668

Type  : Fast vid2a 0C Model Max Skew 'set_max_skew'
Slack : 7.679

Type  : Fast vid2a 0C Model Max Skew 'set_max_skew'
Slack : 7.687

Type  : Fast vid2a 0C Model Max Skew 'set_max_skew'
Slack : 7.695

Type  : Fast vid2a 0C Model Max Skew 'set_max_skew'
Slack : 7.701

Type  : Fast vid2a 0C Model Max Skew 'set_max_skew'
Slack : 7.719

Type  : Fast vid2a 0C Model Max Skew 'set_max_skew'
Slack : 7.724

Type  : Fast vid2a 0C Model Max Skew 'set_max_skew'
Slack : 7.731

Type  : Fast vid2a 0C Model Max Skew 'set_max_skew'
Slack : 7.732

Type  : Fast vid2a 0C Model Max Skew 'set_max_skew'
Slack : 7.744

Type  : Fast vid2a 0C Model Max Skew 'set_max_skew'
Slack : 7.750

Type  : Fast vid2a 0C Model Max Skew 'set_max_skew'
Slack : 7.758

Type  : Fast vid2a 0C Model Max Skew 'set_max_skew'
Slack : 7.758

Type  : Fast vid2a 0C Model Max Skew 'set_max_skew'
Slack : 7.773

Type  : Fast vid2a 0C Model Max Skew 'set_max_skew'
Slack : 7.777

Type  : Fast vid2a 0C Model Max Skew 'set_max_skew'
Slack : 7.793

Type  : Fast vid2a 0C Model Max Skew 'set_max_skew'
Slack : 7.798

Type  : Fast vid2a 0C Model Max Skew 'set_max_skew'
Slack : 79.749

Type  : Fast vid2a 0C Model Max Skew 'set_max_skew'
Slack : 79.765

Type  : Fast vid2a 0C Model Max Skew 'set_max_skew'
Slack : 79.792

Type  : Fast vid2a 0C Model Max Skew 'set_max_skew'
Slack : 79.795

Type  : Fast vid2a 100C Model Max Skew 'set_max_skew'
Slack : 1.271

Type  : Fast vid2a 100C Model Max Skew 'set_max_skew'
Slack : 1.271

Type  : Fast vid2a 100C Model Max Skew 'set_max_skew'
Slack : 1.278

Type  : Fast vid2a 100C Model Max Skew 'set_max_skew'
Slack : 1.282

Type  : Fast vid2a 100C Model Max Skew 'set_max_skew'
Slack : 1.284

Type  : Fast vid2a 100C Model Max Skew 'set_max_skew'
Slack : 1.289

Type  : Fast vid2a 100C Model Max Skew 'set_max_skew'
Slack : 1.293

Type  : Fast vid2a 100C Model Max Skew 'set_max_skew'
Slack : 1.297

Type  : Fast vid2a 100C Model Max Skew 'set_max_skew'
Slack : 1.303

Type  : Fast vid2a 100C Model Max Skew 'set_max_skew'
Slack : 1.307

Type  : Fast vid2a 100C Model Max Skew 'set_max_skew'
Slack : 1.307

Type  : Fast vid2a 100C Model Max Skew 'set_max_skew'
Slack : 1.313

Type  : Fast vid2a 100C Model Max Skew 'set_max_skew'
Slack : 1.317

Type  : Fast vid2a 100C Model Max Skew 'set_max_skew'
Slack : 1.317

Type  : Fast vid2a 100C Model Max Skew 'set_max_skew'
Slack : 1.320

Type  : Fast vid2a 100C Model Max Skew 'set_max_skew'
Slack : 1.320

Type  : Fast vid2a 100C Model Max Skew 'set_max_skew'
Slack : 1.321

Type  : Fast vid2a 100C Model Max Skew 'set_max_skew'
Slack : 1.322

Type  : Fast vid2a 100C Model Max Skew 'set_max_skew'
Slack : 1.323

Type  : Fast vid2a 100C Model Max Skew 'set_max_skew'
Slack : 1.324

Type  : Fast vid2a 100C Model Max Skew 'set_max_skew'
Slack : 1.330

Type  : Fast vid2a 100C Model Max Skew 'set_max_skew'
Slack : 1.343

Type  : Fast vid2a 100C Model Max Skew 'set_max_skew'
Slack : 1.343

Type  : Fast vid2a 100C Model Max Skew 'set_max_skew'
Slack : 1.349

Type  : Fast vid2a 100C Model Max Skew 'set_max_skew'
Slack : 1.371

Type  : Fast vid2a 100C Model Max Skew 'set_max_skew'
Slack : 1.385

Type  : Fast vid2a 100C Model Max Skew 'set_max_skew'
Slack : 1.386

Type  : Fast vid2a 100C Model Max Skew 'set_max_skew'
Slack : 1.388

Type  : Fast vid2a 100C Model Max Skew 'set_max_skew'
Slack : 1.389

Type  : Fast vid2a 100C Model Max Skew 'set_max_skew'
Slack : 1.393

Type  : Fast vid2a 100C Model Max Skew 'set_max_skew'
Slack : 1.396

Type  : Fast vid2a 100C Model Max Skew 'set_max_skew'
Slack : 1.398

Type  : Fast vid2a 100C Model Max Skew 'set_max_skew'
Slack : 1.401

Type  : Fast vid2a 100C Model Max Skew 'set_max_skew'
Slack : 1.404

Type  : Fast vid2a 100C Model Max Skew 'set_max_skew'
Slack : 1.407

Type  : Fast vid2a 100C Model Max Skew 'set_max_skew'
Slack : 1.408

Type  : Fast vid2a 100C Model Max Skew 'set_max_skew'
Slack : 1.413

Type  : Fast vid2a 100C Model Max Skew 'set_max_skew'
Slack : 1.423

Type  : Fast vid2a 100C Model Max Skew 'set_max_skew'
Slack : 1.425

Type  : Fast vid2a 100C Model Max Skew 'set_max_skew'
Slack : 1.426

Type  : Fast vid2a 100C Model Max Skew 'set_max_skew'
Slack : 1.431

Type  : Fast vid2a 100C Model Max Skew 'set_max_skew'
Slack : 1.445

Type  : Fast vid2a 100C Model Max Skew 'set_max_skew'
Slack : 1.447

Type  : Fast vid2a 100C Model Max Skew 'set_max_skew'
Slack : 1.447

Type  : Fast vid2a 100C Model Max Skew 'set_max_skew'
Slack : 1.448

Type  : Fast vid2a 100C Model Max Skew 'set_max_skew'
Slack : 1.467

Type  : Fast vid2a 100C Model Max Skew 'set_max_skew'
Slack : 1.467

Type  : Fast vid2a 100C Model Max Skew 'set_max_skew'
Slack : 1.485

Type  : Fast vid2a 100C Model Max Skew 'set_max_skew'
Slack : 1.490

Type  : Fast vid2a 100C Model Max Skew 'set_max_skew'
Slack : 1.490

Type  : Fast vid2a 100C Model Max Skew 'set_max_skew'
Slack : 1.503

Type  : Fast vid2a 100C Model Max Skew 'set_max_skew'
Slack : 1.508

Type  : Fast vid2a 100C Model Max Skew 'set_max_skew'
Slack : 1.517

Type  : Fast vid2a 100C Model Max Skew 'set_max_skew'
Slack : 1.517

Type  : Fast vid2a 100C Model Max Skew 'set_max_skew'
Slack : 2.053

Type  : Fast vid2a 100C Model Max Skew 'set_max_skew'
Slack : 2.067

Type  : Fast vid2a 100C Model Max Skew 'set_max_skew'
Slack : 2.074

Type  : Fast vid2a 100C Model Max Skew 'set_max_skew'
Slack : 2.077

Type  : Fast vid2a 100C Model Max Skew 'set_max_skew'
Slack : 2.099

Type  : Fast vid2a 100C Model Max Skew 'set_max_skew'
Slack : 2.119

Type  : Fast vid2a 100C Model Max Skew 'set_max_skew'
Slack : 2.121

Type  : Fast vid2a 100C Model Max Skew 'set_max_skew'
Slack : 2.133

Type  : Fast vid2a 100C Model Max Skew 'set_max_skew'
Slack : 2.137

Type  : Fast vid2a 100C Model Max Skew 'set_max_skew'
Slack : 2.170

Type  : Fast vid2a 100C Model Max Skew 'set_max_skew'
Slack : 2.179

Type  : Fast vid2a 100C Model Max Skew 'set_max_skew'
Slack : 2.191

Type  : Fast vid2a 100C Model Max Skew 'set_max_skew'
Slack : 2.205

Type  : Fast vid2a 100C Model Max Skew 'set_max_skew'
Slack : 2.897

Type  : Fast vid2a 100C Model Max Skew 'set_max_skew'
Slack : 2.945

Type  : Fast vid2a 100C Model Max Skew 'set_max_skew'
Slack : 3.016

Type  : Fast vid2a 100C Model Max Skew 'set_max_skew'
Slack : 7.539

Type  : Fast vid2a 100C Model Max Skew 'set_max_skew'
Slack : 7.595

Type  : Fast vid2a 100C Model Max Skew 'set_max_skew'
Slack : 7.605

Type  : Fast vid2a 100C Model Max Skew 'set_max_skew'
Slack : 7.605

Type  : Fast vid2a 100C Model Max Skew 'set_max_skew'
Slack : 7.612

Type  : Fast vid2a 100C Model Max Skew 'set_max_skew'
Slack : 7.612

Type  : Fast vid2a 100C Model Max Skew 'set_max_skew'
Slack : 7.632

Type  : Fast vid2a 100C Model Max Skew 'set_max_skew'
Slack : 7.643

Type  : Fast vid2a 100C Model Max Skew 'set_max_skew'
Slack : 7.660

Type  : Fast vid2a 100C Model Max Skew 'set_max_skew'
Slack : 7.666

Type  : Fast vid2a 100C Model Max Skew 'set_max_skew'
Slack : 7.668

Type  : Fast vid2a 100C Model Max Skew 'set_max_skew'
Slack : 7.676

Type  : Fast vid2a 100C Model Max Skew 'set_max_skew'
Slack : 7.690

Type  : Fast vid2a 100C Model Max Skew 'set_max_skew'
Slack : 7.701

Type  : Fast vid2a 100C Model Max Skew 'set_max_skew'
Slack : 7.704

Type  : Fast vid2a 100C Model Max Skew 'set_max_skew'
Slack : 7.706

Type  : Fast vid2a 100C Model Max Skew 'set_max_skew'
Slack : 7.727

Type  : Fast vid2a 100C Model Max Skew 'set_max_skew'
Slack : 7.730

Type  : Fast vid2a 100C Model Max Skew 'set_max_skew'
Slack : 7.733

Type  : Fast vid2a 100C Model Max Skew 'set_max_skew'
Slack : 7.750

Type  : Fast vid2a 100C Model Max Skew 'set_max_skew'
Slack : 7.756

Type  : Fast vid2a 100C Model Max Skew 'set_max_skew'
Slack : 7.760

Type  : Fast vid2a 100C Model Max Skew 'set_max_skew'
Slack : 7.780

Type  : Fast vid2a 100C Model Max Skew 'set_max_skew'
Slack : 7.787

Type  : Fast vid2a 100C Model Max Skew 'set_max_skew'
Slack : 79.724

Type  : Fast vid2a 100C Model Max Skew 'set_max_skew'
Slack : 79.733

Type  : Fast vid2a 100C Model Max Skew 'set_max_skew'
Slack : 79.772

Type  : Fast vid2a 100C Model Max Skew 'set_max_skew'
Slack : 79.777

Type  : Fast vid2 100C Model Max Skew 'set_max_skew'
Slack : 1.267

Type  : Fast vid2 100C Model Max Skew 'set_max_skew'
Slack : 1.267

Type  : Fast vid2 100C Model Max Skew 'set_max_skew'
Slack : 1.273

Type  : Fast vid2 100C Model Max Skew 'set_max_skew'
Slack : 1.276

Type  : Fast vid2 100C Model Max Skew 'set_max_skew'
Slack : 1.278

Type  : Fast vid2 100C Model Max Skew 'set_max_skew'
Slack : 1.279

Type  : Fast vid2 100C Model Max Skew 'set_max_skew'
Slack : 1.284

Type  : Fast vid2 100C Model Max Skew 'set_max_skew'
Slack : 1.287

Type  : Fast vid2 100C Model Max Skew 'set_max_skew'
Slack : 1.298

Type  : Fast vid2 100C Model Max Skew 'set_max_skew'
Slack : 1.303

Type  : Fast vid2 100C Model Max Skew 'set_max_skew'
Slack : 1.303

Type  : Fast vid2 100C Model Max Skew 'set_max_skew'
Slack : 1.307

Type  : Fast vid2 100C Model Max Skew 'set_max_skew'
Slack : 1.307

Type  : Fast vid2 100C Model Max Skew 'set_max_skew'
Slack : 1.308

Type  : Fast vid2 100C Model Max Skew 'set_max_skew'
Slack : 1.317

Type  : Fast vid2 100C Model Max Skew 'set_max_skew'
Slack : 1.318

Type  : Fast vid2 100C Model Max Skew 'set_max_skew'
Slack : 1.318

Type  : Fast vid2 100C Model Max Skew 'set_max_skew'
Slack : 1.319

Type  : Fast vid2 100C Model Max Skew 'set_max_skew'
Slack : 1.319

Type  : Fast vid2 100C Model Max Skew 'set_max_skew'
Slack : 1.321

Type  : Fast vid2 100C Model Max Skew 'set_max_skew'
Slack : 1.330

Type  : Fast vid2 100C Model Max Skew 'set_max_skew'
Slack : 1.341

Type  : Fast vid2 100C Model Max Skew 'set_max_skew'
Slack : 1.341

Type  : Fast vid2 100C Model Max Skew 'set_max_skew'
Slack : 1.349

Type  : Fast vid2 100C Model Max Skew 'set_max_skew'
Slack : 1.367

Type  : Fast vid2 100C Model Max Skew 'set_max_skew'
Slack : 1.379

Type  : Fast vid2 100C Model Max Skew 'set_max_skew'
Slack : 1.383

Type  : Fast vid2 100C Model Max Skew 'set_max_skew'
Slack : 1.383

Type  : Fast vid2 100C Model Max Skew 'set_max_skew'
Slack : 1.389

Type  : Fast vid2 100C Model Max Skew 'set_max_skew'
Slack : 1.390

Type  : Fast vid2 100C Model Max Skew 'set_max_skew'
Slack : 1.391

Type  : Fast vid2 100C Model Max Skew 'set_max_skew'
Slack : 1.394

Type  : Fast vid2 100C Model Max Skew 'set_max_skew'
Slack : 1.395

Type  : Fast vid2 100C Model Max Skew 'set_max_skew'
Slack : 1.399

Type  : Fast vid2 100C Model Max Skew 'set_max_skew'
Slack : 1.404

Type  : Fast vid2 100C Model Max Skew 'set_max_skew'
Slack : 1.409

Type  : Fast vid2 100C Model Max Skew 'set_max_skew'
Slack : 1.410

Type  : Fast vid2 100C Model Max Skew 'set_max_skew'
Slack : 1.419

Type  : Fast vid2 100C Model Max Skew 'set_max_skew'
Slack : 1.422

Type  : Fast vid2 100C Model Max Skew 'set_max_skew'
Slack : 1.424

Type  : Fast vid2 100C Model Max Skew 'set_max_skew'
Slack : 1.431

Type  : Fast vid2 100C Model Max Skew 'set_max_skew'
Slack : 1.442

Type  : Fast vid2 100C Model Max Skew 'set_max_skew'
Slack : 1.445

Type  : Fast vid2 100C Model Max Skew 'set_max_skew'
Slack : 1.445

Type  : Fast vid2 100C Model Max Skew 'set_max_skew'
Slack : 1.447

Type  : Fast vid2 100C Model Max Skew 'set_max_skew'
Slack : 1.465

Type  : Fast vid2 100C Model Max Skew 'set_max_skew'
Slack : 1.465

Type  : Fast vid2 100C Model Max Skew 'set_max_skew'
Slack : 1.483

Type  : Fast vid2 100C Model Max Skew 'set_max_skew'
Slack : 1.489

Type  : Fast vid2 100C Model Max Skew 'set_max_skew'
Slack : 1.489

Type  : Fast vid2 100C Model Max Skew 'set_max_skew'
Slack : 1.499

Type  : Fast vid2 100C Model Max Skew 'set_max_skew'
Slack : 1.505

Type  : Fast vid2 100C Model Max Skew 'set_max_skew'
Slack : 1.514

Type  : Fast vid2 100C Model Max Skew 'set_max_skew'
Slack : 1.514

Type  : Fast vid2 100C Model Max Skew 'set_max_skew'
Slack : 2.047

Type  : Fast vid2 100C Model Max Skew 'set_max_skew'
Slack : 2.061

Type  : Fast vid2 100C Model Max Skew 'set_max_skew'
Slack : 2.069

Type  : Fast vid2 100C Model Max Skew 'set_max_skew'
Slack : 2.071

Type  : Fast vid2 100C Model Max Skew 'set_max_skew'
Slack : 2.092

Type  : Fast vid2 100C Model Max Skew 'set_max_skew'
Slack : 2.114

Type  : Fast vid2 100C Model Max Skew 'set_max_skew'
Slack : 2.117

Type  : Fast vid2 100C Model Max Skew 'set_max_skew'
Slack : 2.130

Type  : Fast vid2 100C Model Max Skew 'set_max_skew'
Slack : 2.135

Type  : Fast vid2 100C Model Max Skew 'set_max_skew'
Slack : 2.166

Type  : Fast vid2 100C Model Max Skew 'set_max_skew'
Slack : 2.178

Type  : Fast vid2 100C Model Max Skew 'set_max_skew'
Slack : 2.187

Type  : Fast vid2 100C Model Max Skew 'set_max_skew'
Slack : 2.202

Type  : Fast vid2 100C Model Max Skew 'set_max_skew'
Slack : 2.895

Type  : Fast vid2 100C Model Max Skew 'set_max_skew'
Slack : 2.941

Type  : Fast vid2 100C Model Max Skew 'set_max_skew'
Slack : 3.016

Type  : Fast vid2 100C Model Max Skew 'set_max_skew'
Slack : 7.529

Type  : Fast vid2 100C Model Max Skew 'set_max_skew'
Slack : 7.590

Type  : Fast vid2 100C Model Max Skew 'set_max_skew'
Slack : 7.601

Type  : Fast vid2 100C Model Max Skew 'set_max_skew'
Slack : 7.601

Type  : Fast vid2 100C Model Max Skew 'set_max_skew'
Slack : 7.606

Type  : Fast vid2 100C Model Max Skew 'set_max_skew'
Slack : 7.606

Type  : Fast vid2 100C Model Max Skew 'set_max_skew'
Slack : 7.629

Type  : Fast vid2 100C Model Max Skew 'set_max_skew'
Slack : 7.638

Type  : Fast vid2 100C Model Max Skew 'set_max_skew'
Slack : 7.656

Type  : Fast vid2 100C Model Max Skew 'set_max_skew'
Slack : 7.662

Type  : Fast vid2 100C Model Max Skew 'set_max_skew'
Slack : 7.666

Type  : Fast vid2 100C Model Max Skew 'set_max_skew'
Slack : 7.670

Type  : Fast vid2 100C Model Max Skew 'set_max_skew'
Slack : 7.689

Type  : Fast vid2 100C Model Max Skew 'set_max_skew'
Slack : 7.696

Type  : Fast vid2 100C Model Max Skew 'set_max_skew'
Slack : 7.704

Type  : Fast vid2 100C Model Max Skew 'set_max_skew'
Slack : 7.704

Type  : Fast vid2 100C Model Max Skew 'set_max_skew'
Slack : 7.725

Type  : Fast vid2 100C Model Max Skew 'set_max_skew'
Slack : 7.725

Type  : Fast vid2 100C Model Max Skew 'set_max_skew'
Slack : 7.734

Type  : Fast vid2 100C Model Max Skew 'set_max_skew'
Slack : 7.749

Type  : Fast vid2 100C Model Max Skew 'set_max_skew'
Slack : 7.753

Type  : Fast vid2 100C Model Max Skew 'set_max_skew'
Slack : 7.758

Type  : Fast vid2 100C Model Max Skew 'set_max_skew'
Slack : 7.780

Type  : Fast vid2 100C Model Max Skew 'set_max_skew'
Slack : 7.784

Type  : Fast vid2 100C Model Max Skew 'set_max_skew'
Slack : 79.719

Type  : Fast vid2 100C Model Max Skew 'set_max_skew'
Slack : 79.729

Type  : Fast vid2 100C Model Max Skew 'set_max_skew'
Slack : 79.771

Type  : Fast vid2 100C Model Max Skew 'set_max_skew'
Slack : 79.774

Type  : Net Delay 'set_net_delay'
Slack : 1.061

Type  : Net Delay 'set_net_delay'
Slack : 1.072

Type  : Net Delay 'set_net_delay'
Slack : 1.079

Type  : Net Delay 'set_net_delay'
Slack : 1.086

Type  : Net Delay 'set_net_delay'
Slack : 1.089

Type  : Net Delay 'set_net_delay'
Slack : 1.103

Type  : Net Delay 'set_net_delay'
Slack : 1.110

Type  : Net Delay 'set_net_delay'
Slack : 1.110

Type  : Net Delay 'set_net_delay'
Slack : 1.111

Type  : Net Delay 'set_net_delay'
Slack : 1.114

Type  : Net Delay 'set_net_delay'
Slack : 1.120

Type  : Net Delay 'set_net_delay'
Slack : 1.120

Type  : Net Delay 'set_net_delay'
Slack : 1.123

Type  : Net Delay 'set_net_delay'
Slack : 1.132

Type  : Net Delay 'set_net_delay'
Slack : 1.140

Type  : Net Delay 'set_net_delay'
Slack : 1.150

Type  : Net Delay 'set_net_delay'
Slack : 1.150

Type  : Net Delay 'set_net_delay'
Slack : 1.166

Type  : Net Delay 'set_net_delay'
Slack : 1.171

Type  : Net Delay 'set_net_delay'
Slack : 1.182

Type  : Net Delay 'set_net_delay'
Slack : 1.191

Type  : Net Delay 'set_net_delay'
Slack : 1.197

Type  : Net Delay 'set_net_delay'
Slack : 1.200

Type  : Net Delay 'set_net_delay'
Slack : 1.206

Type  : Net Delay 'set_net_delay'
Slack : 1.206

Type  : Net Delay 'set_net_delay'
Slack : 1.209

Type  : Net Delay 'set_net_delay'
Slack : 1.221

Type  : Net Delay 'set_net_delay'
Slack : 1.229

Type  : Net Delay 'set_net_delay'
Slack : 1.231

Type  : Net Delay 'set_net_delay'
Slack : 1.233

Type  : Net Delay 'set_net_delay'
Slack : 1.233

Type  : Net Delay 'set_net_delay'
Slack : 1.245

Type  : Net Delay 'set_net_delay'
Slack : 1.250

Type  : Net Delay 'set_net_delay'
Slack : 1.255

Type  : Net Delay 'set_net_delay'
Slack : 1.267

Type  : Net Delay 'set_net_delay'
Slack : 1.269

Type  : Net Delay 'set_net_delay'
Slack : 1.274

Type  : Net Delay 'set_net_delay'
Slack : 1.278

Type  : Net Delay 'set_net_delay'
Slack : 1.299

Type  : Net Delay 'set_net_delay'
Slack : 1.315

Type  : Net Delay 'set_net_delay'
Slack : 1.329

Type  : Net Delay 'set_net_delay'
Slack : 1.333

Type  : Net Delay 'set_net_delay'
Slack : 1.334

Type  : Net Delay 'set_net_delay'
Slack : 1.337

Type  : Net Delay 'set_net_delay'
Slack : 1.337

Type  : Net Delay 'set_net_delay'
Slack : 1.341

Type  : Net Delay 'set_net_delay'
Slack : 1.341

Type  : Net Delay 'set_net_delay'
Slack : 1.370

Type  : Net Delay 'set_net_delay'
Slack : 1.374

Type  : Net Delay 'set_net_delay'
Slack : 1.377

Type  : Net Delay 'set_net_delay'
Slack : 1.384

Type  : Net Delay 'set_net_delay'
Slack : 1.395

Type  : Net Delay 'set_net_delay'
Slack : 1.402

Type  : Net Delay 'set_net_delay'
Slack : 1.424

Type  : Net Delay 'set_net_delay'
Slack : 1.899

Type  : Net Delay 'set_net_delay'
Slack : 1.900

Type  : Net Delay 'set_net_delay'
Slack : 1.903

Type  : Net Delay 'set_net_delay'
Slack : 1.903

Type  : Net Delay 'set_net_delay'
Slack : 1.924

Type  : Net Delay 'set_net_delay'
Slack : 1.925

Type  : Net Delay 'set_net_delay'
Slack : 1.927

Type  : Net Delay 'set_net_delay'
Slack : 1.950

Type  : Net Delay 'set_net_delay'
Slack : 2.024

Type  : Net Delay 'set_net_delay'
Slack : 2.032

Type  : Net Delay 'set_net_delay'
Slack : 2.041

Type  : Net Delay 'set_net_delay'
Slack : 2.127

Type  : Net Delay 'set_net_delay'
Slack : 2.128

Type  : Net Delay 'set_net_delay'
Slack : 2.133

Type  : Net Delay 'set_net_delay'
Slack : 2.137

Type  : Net Delay 'set_net_delay'
Slack : 2.139

Type  : Net Delay 'set_net_delay'
Slack : 2.612

Type  : Net Delay 'set_net_delay'
Slack : 2.674

Type  : Net Delay 'set_net_delay'
Slack : 2.683

Type  : Net Delay 'set_net_delay'
Slack : 2.693

Type  : Net Delay 'set_net_delay'
Slack : 2.730

Type  : Net Delay 'set_net_delay'
Slack : 2.730

Type  : Net Delay 'set_net_delay'
Slack : 2.894

Type  : Net Delay 'set_net_delay'
Slack : 7.270

Type  : Net Delay 'set_net_delay'
Slack : 7.315

Type  : Net Delay 'set_net_delay'
Slack : 7.361

Type  : Net Delay 'set_net_delay'
Slack : 7.394

Type  : Net Delay 'set_net_delay'
Slack : 7.410

Type  : Net Delay 'set_net_delay'
Slack : 7.413

Type  : Net Delay 'set_net_delay'
Slack : 7.419

Type  : Net Delay 'set_net_delay'
Slack : 7.433

Type  : Net Delay 'set_net_delay'
Slack : 7.433

Type  : Net Delay 'set_net_delay'
Slack : 7.435

Type  : Net Delay 'set_net_delay'
Slack : 7.437

Type  : Net Delay 'set_net_delay'
Slack : 7.439

Type  : Net Delay 'set_net_delay'
Slack : 7.447

Type  : Net Delay 'set_net_delay'
Slack : 7.449

Type  : Net Delay 'set_net_delay'
Slack : 7.452

Type  : Net Delay 'set_net_delay'
Slack : 7.452

Type  : Net Delay 'set_net_delay'
Slack : 7.453

Type  : Net Delay 'set_net_delay'
Slack : 7.453

Type  : Net Delay 'set_net_delay'
Slack : 7.455

Type  : Net Delay 'set_net_delay'
Slack : 7.458

Type  : Net Delay 'set_net_delay'
Slack : 7.460

Type  : Net Delay 'set_net_delay'
Slack : 7.461

Type  : Net Delay 'set_net_delay'
Slack : 7.461

Type  : Net Delay 'set_net_delay'
Slack : 7.466

Type  : Net Delay 'set_net_delay'
Slack : 7.468

Type  : Net Delay 'set_net_delay'
Slack : 7.501

Type  : Net Delay 'set_net_delay'
Slack : 7.539

Type  : Net Delay 'set_net_delay'
Slack : 7.569

Type  : Net Delay 'set_net_delay'
Slack : 7.571

Type  : Net Delay 'set_net_delay'
Slack : 7.579

Type  : Net Delay 'set_net_delay'
Slack : 7.580

Type  : Net Delay 'set_net_delay'
Slack : 7.582

Type  : Net Delay 'set_net_delay'
Slack : 7.583

Type  : Net Delay 'set_net_delay'
Slack : 7.585

Type  : Net Delay 'set_net_delay'
Slack : 7.586

Type  : Net Delay 'set_net_delay'
Slack : 7.589

Type  : Net Delay 'set_net_delay'
Slack : 7.589

Type  : Net Delay 'set_net_delay'
Slack : 7.591

Type  : Net Delay 'set_net_delay'
Slack : 7.592

Type  : Net Delay 'set_net_delay'
Slack : 7.593

Type  : Net Delay 'set_net_delay'
Slack : 7.596

Type  : Net Delay 'set_net_delay'
Slack : 7.606

Type  : Net Delay 'set_net_delay'
Slack : 7.615

Type  : Net Delay 'set_net_delay'
Slack : 7.624

Type  : Net Delay 'set_net_delay'
Slack : 7.645

Type  : Net Delay 'set_net_delay'
Slack : 7.658

Type  : Net Delay 'set_net_delay'
Slack : 7.658

Type  : Net Delay 'set_net_delay'
Slack : 7.680

Type  : Net Delay 'set_net_delay'
Slack : 7.680

Type  : Net Delay 'set_net_delay'
Slack : 7.680

Type  : Net Delay 'set_net_delay'
Slack : 7.680

Type  : Net Delay 'set_net_delay'
Slack : 7.689

Type  : Net Delay 'set_net_delay'
Slack : 7.702

Type  : Net Delay 'set_net_delay'
Slack : 79.422

Type  : Net Delay 'set_net_delay'
Slack : 79.463

Type  : Net Delay 'set_net_delay'
Slack : 79.490

Type  : Net Delay 'set_net_delay'
Slack : 79.508

Type  : Net Delay 'set_net_delay'
Slack : 79.645

Type  : Net Delay 'set_net_delay'
Slack : 79.650

Type  : Net Delay 'set_net_delay'
Slack : 79.718

Type  : Net Delay 'set_net_delay'
Slack : 79.738

Type  : Net Delay 'set_net_delay'
Slack : Invalid clock

Type  : Net Delay 'set_net_delay'
Slack : Invalid clock

Type  : Net Delay 'set_net_delay'
Slack : Invalid clock

Type  : Net Delay 'set_net_delay'
Slack : Invalid clock

Type  : Net Delay 'set_net_delay'
Slack : Invalid clock

Type  : Net Delay 'set_net_delay'
Slack : Invalid clock

Type  : Net Delay 'set_net_delay'
Slack : Invalid clock

Type  : Net Delay 'set_net_delay'
Slack : Invalid clock

------------------------------------------------------------
Info: see the "DDR report" for DDR timing results
------------------------------------------------------------
------------------------------------------------------------
