Info: Generated by version: 26.1.1 build 130
Info: Starting: Create HDL design files for synthesis
Info: qsys-generate /home/uwb_student00/ahls/new_BSP/work_ia840f_fim_06/syn/board/ia840f/syn_top/dni/sandboxes/Agilex7Workstation_100603_0/sld/ipgen/alt_sld_fab_0.ip --synthesis=VERILOG --output-directory=/home/uwb_student00/ahls/new_BSP/work_ia840f_fim_06/syn/board/ia840f/syn_top/dni/sandboxes/Agilex7Workstation_100603_0/sld/ipgen/alt_sld_fab_0 --family="Agilex 7" --part=AGFB027R25A2E2V
Info: alt_sld_fab_0.alt_sld_fab_0.alt_sld_fab_0: SLD fabric agents which did not specify prefer_host were connected to JTAG
Info: alt_sld_fab_0.alt_sld_fab_0.alt_sld_fab_0.mboxfabric: Settings: {ready_latency 0 has_urgent 0 has_status 0 has_stream 2 max_size 256 stream_width 32 type_name 0 instance_name 0 clock clk_0 clock_rate_clk 0} {ready_latency 0 has_urgent 0 has_status 1 has_stream 0 max_size 256 stream_width 32 type_name 0 instance_name 0 clock clk_0 clock_rate_clk 0} 
Info: alt_sld_fab_0.alt_sld_fab_0.alt_sld_fab_0.mboxfabric: Status Settings: 
Info: alt_sld_fab_0.alt_sld_fab_0.alt_sld_fab_0.mboxfabric: client ID list: 0 1
Info: alt_sld_fab_0.alt_sld_fab_0.alt_sld_fab_0.mboxfabric: numb_seu_ep: 0
Info: alt_sld_fab_0.alt_sld_fab_0.alt_sld_fab_0.mboxfabric: has_config_endpoint: 1
Info: alt_sld_fab_0.alt_sld_fab_0.alt_sld_fab_0.mboxfabric: has_status_endpoint: 0
Info: alt_sld_fab_0.alt_sld_fab_0.alt_sld_fab_0.mboxfabric: HAS_STREAM = 2 0
Info: alt_sld_fab_0.alt_sld_fab_0.alt_sld_fab_0.mboxfabric: has_stream_full_functions = 2
Info: alt_sld_fab_0.alt_sld_fab_0.alt_sld_fab_0.mboxfabric: Settings numb_str_ep value: 1
Info: alt_sld_fab_0.alt_sld_fab_0.alt_sld_fab_0: Used component name hs_clk_xer (instead of outdated name altera_avalon_st_handshake_clock_crosser).
Info: alt_sld_fab_0.alt_sld_fab_0.alt_sld_fab_0: Used component name hs_clk_xer (instead of outdated name altera_avalon_st_handshake_clock_crosser).
Info: alt_sld_fab_0.alt_sld_fab_0.alt_sld_fab_0: Used component name hs_clk_xer (instead of outdated name altera_avalon_st_handshake_clock_crosser).
Info: alt_sld_fab_0.alt_sld_fab_0.alt_sld_fab_0: Used component name hs_clk_xer (instead of outdated name altera_avalon_st_handshake_clock_crosser).
Info: alt_sld_fab_0.alt_sld_fab_0.alt_sld_fab_0.mboxfabric: Used component name st_dc_fifo (instead of outdated name altera_avalon_dc_fifo).
Info: alt_sld_fab_0.alt_sld_fab_0.alt_sld_fab_0.mboxfabric.stream_0_clock_crosser_0.in_reset_controller: Deassert with RESET_REQUEST_PRESENT will have Minimum of 4 cycles difference between assertion of reset_req to reset_out
Info: alt_sld_fab_0.alt_sld_fab_0.alt_sld_fab_0.mboxfabric.stream_0_clock_crosser_0.out_reset_controller: Deassert with RESET_REQUEST_PRESENT will have Minimum of 4 cycles difference between assertion of reset_req to reset_out
Info: alt_sld_fab_0.alt_sld_fab_0.alt_sld_fab_0.sdmnoc: Settings on SDM soft NOC: {target_type 0 type_name 0 instance_name 0 clock clk_0} 
Info: alt_sld_fab_0.alt_sld_fab_0.alt_sld_fab_0.sdmnoc: Number of endpoints that enabled crypto fabric: 0
Warning: alt_sld_fab_0.alt_sld_fab_0.alt_sld_fab_0.splitter: splitter.nodes must be exported, or connected to a matching conduit as it has unconnected inputs.
Warning: alt_sld_fab_0.alt_sld_fab_0.alt_sld_fab_0.jtagpins: jtagpins.pins must be exported, or connected to a matching conduit as it has unconnected inputs.
Info: sdmbridge.sdmbridge_rst_ctrl_inst: Deassert with RESET_REQUEST_PRESENT will have Minimum of 4 cycles difference between assertion of reset_req to reset_out
Info: sdmbridge_axi_fpga2sdm_inst.fpga2sdm_pipe_bridge: Burst length BURST_LENGTH_WIDTH 8
Info: sdmbridge_axi_fpga2sdm_inst.fpga2sdm_pipe_bridge: Lock signals width LOCK_WIDTH 1
Info: sdmbridge_axi_sdm2fpga_inst.sdm2fpga_pipe_bridge: Burst length BURST_LENGTH_WIDTH 8
Info: sdmbridge_axi_sdm2fpga_inst.sdm2fpga_pipe_bridge: Lock signals width LOCK_WIDTH 1
Info: alt_sld_fab_0: "Transforming system: alt_sld_fab_0"
Info: alt_sld_fab_0: "Naming system components in system: alt_sld_fab_0"
Info: alt_sld_fab_0: "Processing generation queue"
Info: alt_sld_fab_0: "Generating: alt_sld_fab_0"
Info: alt_sld_fab_0: "Generating: alt_sld_fab_0_alt_sld_fab_0_10_fkimwiy"
Info: alt_sld_fab_0: "Generating: alt_sld_fab_0_alt_sld_fab_1920_bby3tma"
Info: alt_sld_fab_0: "Generating: alt_sld_fab_0_altera_sld_splitter_1920_gylwipq"
Info: alt_sld_fab_0: "Generating: altera_jtag_wys_atom"
Info: alt_sld_fab_0: "Generating: alt_sld_fab_0_altera_sld_jtag_hub_1920_loz3zly"
Info: alt_sld_fab_0: "Generating: alt_sld_fab_0_altera_connection_identification_hub_1920_4g3lgzi"
Info: alt_sld_fab_0: "Generating: alt_sld_fab_0_altera_sdm_mbox_fabric_2002_drybqwa"
Info: alt_sld_fab_0: "Generating: intel_sdm_soft_noc"
Info: alt_sld_fab_0: "Generating: altera_sdm_mbox_bridge"
Info: sdmbridge_axi_fpga2sdm_inst: "Generating: sdmbridge_axi_fpga2sdm_inst"
Info: sdmbridge_axi_sdm2fpga_inst: "Generating: sdmbridge_axi_sdm2fpga_inst"
Info: sdmbridge_fpga_core_rst_inst: "Generating: sdmbridge_fpga_core_rst_inst"
Info: sdmbridge_gpi_inst: "Generating: sdmbridge_gpi_inst"
Info: sdmbridge_gpio_irq_inst: "Generating: sdmbridge_gpio_irq_inst"
Info: sdmbridge_gpo_inst: "Generating: sdmbridge_gpo_inst"
Info: sdmbridge_rst_ctrl_inst: "Generating: sdmbridge_rst_ctrl_inst"
Info: alt_sld_fab_0: "Generating: alt_sld_fab_0_intel_configuration_debug_reset_release_hub_203_dyvhxry"
Info: conf_reset_src: "Generating: conf_reset_src"
Info: grounded_conf_reset_src: "Generating: grounded_conf_reset_src"
Info: alt_sld_fab_0: "Generating: altera_internal_oscillator_atom"
Info: alt_sld_fab_0: "Generating: alt_sld_fab_0_intel_agilex_reset_release_from_sdm_203_poqcpxq"
Info: alt_sld_fab_0: "Generating: alt_sld_fab_0_altera_mailbox_mutiplexer_1911_h6nuxty"
Info: alt_sld_fab_0: "Generating: altera_nd_mailbox_driver"
Info: alt_sld_fab_0: "Generating: alt_sld_fab_0_altera_nd_mailbox_stream_multiplexer_1913_iviueaa"
Info: alt_sld_fab_0: "Generating: alt_sld_fab_0_hs_clk_xer_1941_z7oejky"
Info: alt_sld_fab_0: "Generating: alt_sld_fab_0_hs_clk_xer_1941_7gg4ndy"
Info: alt_sld_fab_0: "Generating: intel_mbox_reset_handler"
Info: alt_sld_fab_0: "Generating: alt_sld_fab_0_intel_avst_dual_clock_fifo_reset_modified_1912_5izkkxa"
Info: alt_sld_fab_0: "Generating: altera_nd_avst_stream_iso"
Info: alt_sld_fab_0: "Generating: altera_mbox_data_adapter"
Info: alt_sld_fab_0: "Generating: altera_mbox_synchronizer"
Info: alt_sld_fab_0: "Generating: altera_reset_controller"
Info: alt_sld_fab_0: "Generating: sdmbridge_axi_fpga2sdm_inst"
Info: alt_sld_fab_0: "Generating: sdmbridge_axi_sdm2fpga_inst"
Info: alt_sld_fab_0: "Generating: sdmbridge_fpga_core_rst_inst"
Info: alt_sld_fab_0: "Generating: sdmbridge_gpi_inst"
Info: alt_sld_fab_0: "Generating: sdmbridge_gpio_irq_inst"
Info: alt_sld_fab_0: "Generating: sdmbridge_gpo_inst"
Info: alt_sld_fab_0: "Generating: sdmbridge_rst_ctrl_inst"
Info: alt_sld_fab_0: "Generating: conf_reset_src"
Info: alt_sld_fab_0: "Generating: grounded_conf_reset_src"
Info: alt_sld_fab_0: "Generating: alt_sld_fab_0_altera_nd_hiconnect_demux_1910_5mvnkry"
Info: alt_sld_fab_0: "Generating: alt_sld_fab_0_altera_merlin_multiplexer_1922_r2wieqi"
Info: alt_sld_fab_0: "Generating: altera_nd_mailbox_id_remapper"
Info: alt_sld_fab_0: "Generating: altera_nd_mailbox_avst_adap"
Info: alt_sld_fab_0: "Generating: alt_sld_fab_0_altera_nd_hiconnect_mux_1910_4iycx7a"
Info: alt_sld_fab_0: "Generating: alt_sld_fab_0_altera_nd_stream_id_decoder_1912_4cypmza"
Info: alt_sld_fab_0: "Generating: alt_sld_fab_0_st_dc_fifo_1953_phmrs5y"
Info: alt_sld_fab_0: "Generating: altera_sdm_axi_fpga2sdm"
Info: fpga2sdm_pipe_bridge: "Generating: fpga2sdm_pipe_bridge"
Info: alt_sld_fab_0: "Generating: altera_sdm_axi_sdm2fpga"
Info: sdm2fpga_pipe_bridge: "Generating: sdm2fpga_pipe_bridge"
Info: alt_sld_fab_0: "Generating: altera_sdm_fpga_core_rst"
Info: alt_sld_fab_0: "Generating: altera_sdm_gpi"
Info: alt_sld_fab_0: "Generating: altera_sdm_gpio_irq"
Info: alt_sld_fab_0: "Generating: altera_sdm_gpo"
Info: alt_sld_fab_0: "Generating: intel_configuration_reset_release_for_debug"
Info: alt_sld_fab_0: "Generating: intel_configuration_reset_release_to_debug_logic"
Info: alt_sld_fab_0: "Generating: fpga2sdm_pipe_bridge"
Info: alt_sld_fab_0: "Generating: sdm2fpga_pipe_bridge"
Info: alt_sld_fab_0: "Generating: altera_nd_axi_bridge"
Info: alt_sld_fab_0: Done "alt_sld_fab_0" with 51 modules, 94 files
Info: Finished: Create HDL design files for synthesis
