Flow report for ofs_pr_afu
Wed Sep 23 07:17:25 2026
Quartus Prime Version 25.1.0 Build 129 03/26/2025 SC Pro Edition


---------------------
; Table of Contents ;
---------------------
  1. Legal Notice
  2. Flow Summary
  3. Flow Settings
  4. Flow Non-Default Global Settings
  5. Flow Elapsed Time
  6. Flow OS Summary
  7. Flow Log



----------------
; Legal Notice ;
----------------
Copyright (C) 2025  Altera Corporation. All rights reserved.
Your use of Altera Corporation's design tools, logic functions 
and other software and tools, and any partner logic 
functions, and any output files from any of the foregoing 
(including device programming or simulation files), and any 
associated documentation or information are expressly subject 
to the terms and conditions of the Altera Program License 
Subscription Agreement, the Altera Quartus Prime License Agreement,
the Altera IP License Agreement, or other applicable license
agreement, including, without limitation, that your use is for
the sole purpose of programming logic devices manufactured by
Altera and sold by Altera or its authorized distributors.  Please
refer to the Altera Software License Subscription Agreements 
on the Quartus Prime software download page.



+-----------------------------------------------------+
; Flow Summary                                        ;
+-------------+---------------------------------------+
; Flow Status ; Successful - Wed Sep 23 07:17:24 2026 ;
+-------------+---------------------------------------+


+-----------------------------------------+
; Flow Settings                           ;
+-------------------+---------------------+
; Option            ; Setting             ;
+-------------------+---------------------+
; Start date & time ; 09/23/2026 07:16:24 ;
; Main task         ; Compilation         ;
; Revision Name     ; ofs_pr_afu          ;
+-------------------+---------------------+


+--------------------------------------------------------------------+
; Flow Non-Default Global Settings                                   ;
+-----------------+-------+---------------+-------------+------------+
; Assignment Name ; Value ; Default Value ; Entity Name ; Section Id ;
+-----------------+-------+---------------+-------------+------------+


+-------------------------------------------------------------------------+
; Flow Elapsed Time                                                       ;
+------------------------------------+--------------+---------------------+
; Module Name                        ; Elapsed Time ; Peak Virtual Memory ;
+------------------------------------+--------------+---------------------+
; Synthesis (Analysis & Elaboration) ; 00:01:01     ; 2775 MB             ;
; Total                              ; 00:01:01     ; --                  ;
+------------------------------------+--------------+---------------------+


+-----------------------------------------------------------------------------------------------------+
; Flow OS Summary                                                                                     ;
+------------------------------------+--------------------+-------------+------------+----------------+
; Module Name                        ; Machine Hostname   ; OS Name     ; OS Version ; Processor type ;
+------------------------------------+--------------------+-------------+------------+----------------+
; Synthesis (Analysis & Elaboration) ; Agilex7Workstation ; Rocky Linux ; 9          ; x86_64         ;
+------------------------------------+--------------------+-------------+------------+----------------+


------------
; Flow Log ;
------------
quartus_syn --read_settings_files=on --write_settings_files=off ofs_top -c ofs_pr_afu --dni --disable_all_banners --analysis_and_elaboration --dni



