FPGA Test identity read 0x0
FPGA Test identity read 0x8
FPGA Test identity read 0x10
FPGA Test capability read 0x98
FPGA Test capability read 0xa0
FPGA Test capability read 0xa8
FPGA Test capability read 0xb0
FPGA Test DDR progress descriptor=0 bank=0 mode=1 ddr_offset=0x0
FPGA Test DDR progress descriptor=1048576 bank=0 mode=1 ddr_offset=0x8000000
FPGA Test DDR progress descriptor=2097152 bank=0 mode=1 ddr_offset=0x10000000
FPGA Test DDR progress descriptor=3145728 bank=0 mode=1 ddr_offset=0x18000000
FPGA Test DDR progress descriptor=4194304 bank=0 mode=1 ddr_offset=0x20000000
FPGA Test DDR progress descriptor=5242880 bank=0 mode=1 ddr_offset=0x28000000
FPGA Test DDR progress descriptor=6291456 bank=0 mode=1 ddr_offset=0x30000000
FPGA Test DDR progress descriptor=7340032 bank=0 mode=1 ddr_offset=0x38000000
FPGA Test DDR progress descriptor=8388608 bank=0 mode=1 ddr_offset=0x40000000
FPGA Test DDR progress descriptor=9437184 bank=0 mode=1 ddr_offset=0x48000000
FPGA Test DDR progress descriptor=10485760 bank=0 mode=1 ddr_offset=0x50000000
FPGA Test DDR progress descriptor=11534336 bank=0 mode=1 ddr_offset=0x58000000
FPGA Test DDR progress descriptor=12582912 bank=0 mode=1 ddr_offset=0x60000000
FPGA Test DDR progress descriptor=13631488 bank=0 mode=1 ddr_offset=0x68000000
FPGA Test DDR progress descriptor=14680064 bank=0 mode=1 ddr_offset=0x70000000
FPGA Test DDR progress descriptor=15728640 bank=0 mode=1 ddr_offset=0x78000000
FPGA Test DDR progress descriptor=16777216 bank=0 mode=1 ddr_offset=0x80000000
FPGA Test DDR progress descriptor=17825792 bank=0 mode=1 ddr_offset=0x88000000
FPGA Test DDR progress descriptor=18874368 bank=0 mode=1 ddr_offset=0x90000000
FPGA Test DDR progress descriptor=19922944 bank=0 mode=1 ddr_offset=0x98000000
FPGA Test DDR progress descriptor=20971520 bank=0 mode=1 ddr_offset=0xa0000000
FPGA Test DDR progress descriptor=22020096 bank=0 mode=1 ddr_offset=0xa8000000
FPGA Test DDR progress descriptor=23068672 bank=0 mode=1 ddr_offset=0xb0000000
FPGA Test DDR progress descriptor=24117248 bank=0 mode=1 ddr_offset=0xb8000000
FPGA Test DDR progress descriptor=25165824 bank=0 mode=1 ddr_offset=0xc0000000
FPGA Test DDR progress descriptor=26214400 bank=0 mode=1 ddr_offset=0xc8000000
FPGA Test DDR progress descriptor=27262976 bank=0 mode=1 ddr_offset=0xd0000000
FPGA Test DDR progress descriptor=28311552 bank=0 mode=1 ddr_offset=0xd8000000
FPGA Test DDR progress descriptor=29360128 bank=0 mode=1 ddr_offset=0xe0000000
FPGA Test DDR progress descriptor=30408704 bank=0 mode=1 ddr_offset=0xe8000000
FPGA Test DDR progress descriptor=31457280 bank=0 mode=1 ddr_offset=0xf0000000
FPGA Test DDR progress descriptor=32505856 bank=0 mode=1 ddr_offset=0xf8000000
FPGA Test DDR progress descriptor=33554432 bank=0 mode=1 ddr_offset=0x100000000
FPGA Test DDR progress descriptor=34603008 bank=0 mode=1 ddr_offset=0x108000000
FPGA Test DDR progress descriptor=35651584 bank=0 mode=1 ddr_offset=0x110000000
FPGA Test DDR progress descriptor=36700160 bank=0 mode=1 ddr_offset=0x118000000
FPGA Test DDR progress descriptor=37748736 bank=0 mode=1 ddr_offset=0x120000000
FPGA Test DDR progress descriptor=38797312 bank=0 mode=1 ddr_offset=0x128000000
FPGA Test DDR progress descriptor=39845888 bank=0 mode=1 ddr_offset=0x130000000
FPGA Test DDR progress descriptor=40894464 bank=0 mode=1 ddr_offset=0x138000000
FPGA Test DDR progress descriptor=41943040 bank=0 mode=1 ddr_offset=0x140000000
FPGA Test DDR progress descriptor=42991616 bank=0 mode=1 ddr_offset=0x148000000
FPGA Test DDR progress descriptor=44040192 bank=0 mode=1 ddr_offset=0x150000000
FPGA Test DDR progress descriptor=45088768 bank=0 mode=1 ddr_offset=0x158000000
FPGA Test DDR progress descriptor=46137344 bank=0 mode=1 ddr_offset=0x160000000
FPGA Test DDR progress descriptor=47185920 bank=0 mode=1 ddr_offset=0x168000000
FPGA Test DDR progress descriptor=48234496 bank=0 mode=1 ddr_offset=0x170000000
FPGA Test DDR progress descriptor=49283072 bank=0 mode=1 ddr_offset=0x178000000
FPGA Test DDR progress descriptor=50331648 bank=0 mode=1 ddr_offset=0x180000000
FPGA Test DDR progress descriptor=51380224 bank=0 mode=1 ddr_offset=0x188000000
FPGA Test DDR progress descriptor=52428800 bank=0 mode=1 ddr_offset=0x190000000
FPGA Test DDR progress descriptor=53477376 bank=0 mode=1 ddr_offset=0x198000000
FPGA Test DDR progress descriptor=54525952 bank=0 mode=1 ddr_offset=0x1a0000000
FPGA Test DDR progress descriptor=55574528 bank=0 mode=1 ddr_offset=0x1a8000000
FPGA Test DDR progress descriptor=56623104 bank=0 mode=1 ddr_offset=0x1b0000000
FPGA Test DDR progress descriptor=57671680 bank=0 mode=1 ddr_offset=0x1b8000000
FPGA Test DDR progress descriptor=58720256 bank=0 mode=1 ddr_offset=0x1c0000000
FPGA Test DDR progress descriptor=59768832 bank=0 mode=1 ddr_offset=0x1c8000000
FPGA Test DDR progress descriptor=60817408 bank=0 mode=1 ddr_offset=0x1d0000000
FPGA Test DDR progress descriptor=61865984 bank=0 mode=1 ddr_offset=0x1d8000000
FPGA Test DDR progress descriptor=62914560 bank=0 mode=1 ddr_offset=0x1e0000000
FPGA Test DDR progress descriptor=63963136 bank=0 mode=1 ddr_offset=0x1e8000000
FPGA Test DDR progress descriptor=65011712 bank=0 mode=1 ddr_offset=0x1f0000000
FPGA Test DDR progress descriptor=66060288 bank=0 mode=1 ddr_offset=0x1f8000000
FPGA Test DDR progress descriptor=67108864 bank=0 mode=1 ddr_offset=0x200000000
FPGA Test DDR progress descriptor=68157440 bank=0 mode=1 ddr_offset=0x208000000
FPGA Test DDR progress descriptor=69206016 bank=0 mode=1 ddr_offset=0x210000000
FPGA Test DDR progress descriptor=70254592 bank=0 mode=1 ddr_offset=0x218000000
FPGA Test DDR progress descriptor=71303168 bank=0 mode=1 ddr_offset=0x220000000
FPGA Test DDR progress descriptor=72351744 bank=0 mode=1 ddr_offset=0x228000000
FPGA Test DDR progress descriptor=73400320 bank=0 mode=1 ddr_offset=0x230000000
FPGA Test DDR progress descriptor=74448896 bank=0 mode=1 ddr_offset=0x238000000
FPGA Test DDR progress descriptor=75497472 bank=0 mode=1 ddr_offset=0x240000000
FPGA Test DDR progress descriptor=76546048 bank=0 mode=1 ddr_offset=0x248000000
FPGA Test DDR progress descriptor=77594624 bank=0 mode=1 ddr_offset=0x250000000
FPGA Test DDR progress descriptor=78643200 bank=0 mode=1 ddr_offset=0x258000000
FPGA Test DDR progress descriptor=79691776 bank=0 mode=1 ddr_offset=0x260000000
FPGA Test DDR progress descriptor=80740352 bank=0 mode=1 ddr_offset=0x268000000
FPGA Test DDR progress descriptor=81788928 bank=0 mode=1 ddr_offset=0x270000000
FPGA Test DDR progress descriptor=82837504 bank=0 mode=1 ddr_offset=0x278000000
FPGA Test DDR progress descriptor=83886080 bank=0 mode=1 ddr_offset=0x280000000
FPGA Test DDR progress descriptor=84934656 bank=0 mode=1 ddr_offset=0x288000000
FPGA Test DDR progress descriptor=85983232 bank=0 mode=1 ddr_offset=0x290000000
FPGA Test DDR progress descriptor=87031808 bank=0 mode=1 ddr_offset=0x298000000
FPGA Test DDR progress descriptor=88080384 bank=0 mode=1 ddr_offset=0x2a0000000
FPGA Test DDR progress descriptor=89128960 bank=0 mode=1 ddr_offset=0x2a8000000
FPGA Test DDR progress descriptor=90177536 bank=0 mode=1 ddr_offset=0x2b0000000
FPGA Test DDR progress descriptor=91226112 bank=0 mode=1 ddr_offset=0x2b8000000
FPGA Test DDR progress descriptor=92274688 bank=0 mode=1 ddr_offset=0x2c0000000
FPGA Test DDR progress descriptor=93323264 bank=0 mode=1 ddr_offset=0x2c8000000
FPGA Test DDR progress descriptor=94371840 bank=0 mode=1 ddr_offset=0x2d0000000
FPGA Test DDR progress descriptor=95420416 bank=0 mode=1 ddr_offset=0x2d8000000
FPGA Test DDR progress descriptor=96468992 bank=0 mode=1 ddr_offset=0x2e0000000
FPGA Test DDR progress descriptor=97517568 bank=0 mode=1 ddr_offset=0x2e8000000
FPGA Test DDR progress descriptor=98566144 bank=0 mode=1 ddr_offset=0x2f0000000
FPGA Test DDR progress descriptor=99614720 bank=0 mode=1 ddr_offset=0x2f8000000
FPGA Test DDR progress descriptor=100663296 bank=0 mode=1 ddr_offset=0x300000000
FPGA Test DDR progress descriptor=101711872 bank=0 mode=1 ddr_offset=0x308000000
FPGA Test DDR progress descriptor=102760448 bank=0 mode=1 ddr_offset=0x310000000
FPGA Test DDR progress descriptor=103809024 bank=0 mode=1 ddr_offset=0x318000000
FPGA Test DDR progress descriptor=104857600 bank=0 mode=1 ddr_offset=0x320000000
FPGA Test DDR progress descriptor=105906176 bank=0 mode=1 ddr_offset=0x328000000
FPGA Test DDR progress descriptor=106954752 bank=0 mode=1 ddr_offset=0x330000000
FPGA Test DDR progress descriptor=108003328 bank=0 mode=1 ddr_offset=0x338000000
FPGA Test DDR progress descriptor=109051904 bank=0 mode=1 ddr_offset=0x340000000
FPGA Test DDR progress descriptor=110100480 bank=0 mode=1 ddr_offset=0x348000000
FPGA Test DDR progress descriptor=111149056 bank=0 mode=1 ddr_offset=0x350000000
FPGA Test DDR progress descriptor=112197632 bank=0 mode=1 ddr_offset=0x358000000
FPGA Test DDR progress descriptor=113246208 bank=0 mode=1 ddr_offset=0x360000000
FPGA Test DDR progress descriptor=114294784 bank=0 mode=1 ddr_offset=0x368000000
FPGA Test DDR progress descriptor=115343360 bank=0 mode=1 ddr_offset=0x370000000
FPGA Test DDR progress descriptor=116391936 bank=0 mode=1 ddr_offset=0x378000000
FPGA Test DDR progress descriptor=117440512 bank=0 mode=1 ddr_offset=0x380000000
FPGA Test DDR progress descriptor=118489088 bank=0 mode=1 ddr_offset=0x388000000
FPGA Test DDR progress descriptor=119537664 bank=0 mode=1 ddr_offset=0x390000000
FPGA Test DDR progress descriptor=120586240 bank=0 mode=1 ddr_offset=0x398000000
FPGA Test DDR progress descriptor=121634816 bank=0 mode=1 ddr_offset=0x3a0000000
FPGA Test DDR progress descriptor=122683392 bank=0 mode=1 ddr_offset=0x3a8000000
FPGA Test DDR progress descriptor=123731968 bank=0 mode=1 ddr_offset=0x3b0000000
FPGA Test DDR progress descriptor=124780544 bank=0 mode=1 ddr_offset=0x3b8000000
FPGA Test DDR progress descriptor=125829120 bank=0 mode=1 ddr_offset=0x3c0000000
FPGA Test DDR progress descriptor=126877696 bank=0 mode=1 ddr_offset=0x3c8000000
FPGA Test DDR progress descriptor=127926272 bank=0 mode=1 ddr_offset=0x3d0000000
FPGA Test DDR progress descriptor=128974848 bank=0 mode=1 ddr_offset=0x3d8000000
FPGA Test DDR progress descriptor=130023424 bank=0 mode=1 ddr_offset=0x3e0000000
FPGA Test DDR progress descriptor=131072000 bank=0 mode=1 ddr_offset=0x3e8000000
FPGA Test DDR progress descriptor=132120576 bank=0 mode=1 ddr_offset=0x3f0000000
FPGA Test DDR progress descriptor=133169152 bank=0 mode=1 ddr_offset=0x3f8000000
FPGA Test DDR phase verified mode=1 bank=0 bytes=17179869184 descriptors=134217728 source_page=4096 destination_page=4096
FPGA Test DDR progress descriptor=134217728 bank=1 mode=1 ddr_offset=0x0
FPGA Test DDR progress descriptor=135266304 bank=1 mode=1 ddr_offset=0x8000000
FPGA Test DDR progress descriptor=136314880 bank=1 mode=1 ddr_offset=0x10000000
FPGA Test DDR progress descriptor=137363456 bank=1 mode=1 ddr_offset=0x18000000
FPGA Test DDR progress descriptor=138412032 bank=1 mode=1 ddr_offset=0x20000000
FPGA Test DDR progress descriptor=139460608 bank=1 mode=1 ddr_offset=0x28000000
FPGA Test DDR progress descriptor=140509184 bank=1 mode=1 ddr_offset=0x30000000
FPGA Test DDR progress descriptor=141557760 bank=1 mode=1 ddr_offset=0x38000000
FPGA Test DDR progress descriptor=142606336 bank=1 mode=1 ddr_offset=0x40000000
FPGA Test DDR progress descriptor=143654912 bank=1 mode=1 ddr_offset=0x48000000
FPGA Test DDR progress descriptor=144703488 bank=1 mode=1 ddr_offset=0x50000000
FPGA Test DDR progress descriptor=145752064 bank=1 mode=1 ddr_offset=0x58000000
FPGA Test DDR progress descriptor=146800640 bank=1 mode=1 ddr_offset=0x60000000
FPGA Test DDR progress descriptor=147849216 bank=1 mode=1 ddr_offset=0x68000000
FPGA Test DDR progress descriptor=148897792 bank=1 mode=1 ddr_offset=0x70000000
FPGA Test DDR progress descriptor=149946368 bank=1 mode=1 ddr_offset=0x78000000
FPGA Test DDR progress descriptor=150994944 bank=1 mode=1 ddr_offset=0x80000000
FPGA Test DDR progress descriptor=152043520 bank=1 mode=1 ddr_offset=0x88000000
FPGA Test DDR progress descriptor=153092096 bank=1 mode=1 ddr_offset=0x90000000
FPGA Test DDR progress descriptor=154140672 bank=1 mode=1 ddr_offset=0x98000000
FPGA Test DDR progress descriptor=155189248 bank=1 mode=1 ddr_offset=0xa0000000
FPGA Test DDR progress descriptor=156237824 bank=1 mode=1 ddr_offset=0xa8000000
FPGA Test DDR progress descriptor=157286400 bank=1 mode=1 ddr_offset=0xb0000000
FPGA Test DDR progress descriptor=158334976 bank=1 mode=1 ddr_offset=0xb8000000
FPGA Test DDR progress descriptor=159383552 bank=1 mode=1 ddr_offset=0xc0000000
FPGA Test DDR progress descriptor=160432128 bank=1 mode=1 ddr_offset=0xc8000000
FPGA Test DDR progress descriptor=161480704 bank=1 mode=1 ddr_offset=0xd0000000
FPGA Test DDR progress descriptor=162529280 bank=1 mode=1 ddr_offset=0xd8000000
FPGA Test DDR progress descriptor=163577856 bank=1 mode=1 ddr_offset=0xe0000000
FPGA Test DDR progress descriptor=164626432 bank=1 mode=1 ddr_offset=0xe8000000
FPGA Test DDR progress descriptor=165675008 bank=1 mode=1 ddr_offset=0xf0000000
FPGA Test DDR progress descriptor=166723584 bank=1 mode=1 ddr_offset=0xf8000000
FPGA Test DDR progress descriptor=167772160 bank=1 mode=1 ddr_offset=0x100000000
FPGA Test DDR progress descriptor=168820736 bank=1 mode=1 ddr_offset=0x108000000
FPGA Test DDR progress descriptor=169869312 bank=1 mode=1 ddr_offset=0x110000000
FPGA Test DDR progress descriptor=170917888 bank=1 mode=1 ddr_offset=0x118000000
FPGA Test DDR progress descriptor=171966464 bank=1 mode=1 ddr_offset=0x120000000
FPGA Test DDR progress descriptor=173015040 bank=1 mode=1 ddr_offset=0x128000000
FPGA Test DDR progress descriptor=174063616 bank=1 mode=1 ddr_offset=0x130000000
FPGA Test DDR progress descriptor=175112192 bank=1 mode=1 ddr_offset=0x138000000
FPGA Test DDR progress descriptor=176160768 bank=1 mode=1 ddr_offset=0x140000000
FPGA Test DDR progress descriptor=177209344 bank=1 mode=1 ddr_offset=0x148000000
FPGA Test DDR progress descriptor=178257920 bank=1 mode=1 ddr_offset=0x150000000
FPGA Test DDR progress descriptor=179306496 bank=1 mode=1 ddr_offset=0x158000000
FPGA Test DDR progress descriptor=180355072 bank=1 mode=1 ddr_offset=0x160000000
FPGA Test DDR progress descriptor=181403648 bank=1 mode=1 ddr_offset=0x168000000
FPGA Test DDR progress descriptor=182452224 bank=1 mode=1 ddr_offset=0x170000000
FPGA Test DDR progress descriptor=183500800 bank=1 mode=1 ddr_offset=0x178000000
FPGA Test DDR progress descriptor=184549376 bank=1 mode=1 ddr_offset=0x180000000
FPGA Test DDR progress descriptor=185597952 bank=1 mode=1 ddr_offset=0x188000000
FPGA Test DDR progress descriptor=186646528 bank=1 mode=1 ddr_offset=0x190000000
FPGA Test DDR progress descriptor=187695104 bank=1 mode=1 ddr_offset=0x198000000
FPGA Test DDR progress descriptor=188743680 bank=1 mode=1 ddr_offset=0x1a0000000
FPGA Test DDR progress descriptor=189792256 bank=1 mode=1 ddr_offset=0x1a8000000
FPGA Test DDR progress descriptor=190840832 bank=1 mode=1 ddr_offset=0x1b0000000
FPGA Test DDR progress descriptor=191889408 bank=1 mode=1 ddr_offset=0x1b8000000
FPGA Test DDR progress descriptor=192937984 bank=1 mode=1 ddr_offset=0x1c0000000
FPGA Test DDR progress descriptor=193986560 bank=1 mode=1 ddr_offset=0x1c8000000
FPGA Test DDR progress descriptor=195035136 bank=1 mode=1 ddr_offset=0x1d0000000
FPGA Test DDR progress descriptor=196083712 bank=1 mode=1 ddr_offset=0x1d8000000
FPGA Test DDR progress descriptor=197132288 bank=1 mode=1 ddr_offset=0x1e0000000
FPGA Test DDR progress descriptor=198180864 bank=1 mode=1 ddr_offset=0x1e8000000
FPGA Test DDR progress descriptor=199229440 bank=1 mode=1 ddr_offset=0x1f0000000
FPGA Test DDR progress descriptor=200278016 bank=1 mode=1 ddr_offset=0x1f8000000
FPGA Test DDR progress descriptor=201326592 bank=1 mode=1 ddr_offset=0x200000000
FPGA Test DDR progress descriptor=202375168 bank=1 mode=1 ddr_offset=0x208000000
FPGA Test DDR progress descriptor=203423744 bank=1 mode=1 ddr_offset=0x210000000
FPGA Test DDR progress descriptor=204472320 bank=1 mode=1 ddr_offset=0x218000000
FPGA Test DDR progress descriptor=205520896 bank=1 mode=1 ddr_offset=0x220000000
FPGA Test DDR progress descriptor=206569472 bank=1 mode=1 ddr_offset=0x228000000
FPGA Test DDR progress descriptor=207618048 bank=1 mode=1 ddr_offset=0x230000000
FPGA Test DDR progress descriptor=208666624 bank=1 mode=1 ddr_offset=0x238000000
FPGA Test DDR progress descriptor=209715200 bank=1 mode=1 ddr_offset=0x240000000
FPGA Test DDR progress descriptor=210763776 bank=1 mode=1 ddr_offset=0x248000000
FPGA Test DDR progress descriptor=211812352 bank=1 mode=1 ddr_offset=0x250000000
FPGA Test DDR progress descriptor=212860928 bank=1 mode=1 ddr_offset=0x258000000
FPGA Test DDR progress descriptor=213909504 bank=1 mode=1 ddr_offset=0x260000000
FPGA Test DDR progress descriptor=214958080 bank=1 mode=1 ddr_offset=0x268000000
FPGA Test DDR progress descriptor=216006656 bank=1 mode=1 ddr_offset=0x270000000
FPGA Test DDR progress descriptor=217055232 bank=1 mode=1 ddr_offset=0x278000000
FPGA Test DDR progress descriptor=218103808 bank=1 mode=1 ddr_offset=0x280000000
FPGA Test DDR progress descriptor=219152384 bank=1 mode=1 ddr_offset=0x288000000
FPGA Test DDR progress descriptor=220200960 bank=1 mode=1 ddr_offset=0x290000000
FPGA Test DDR progress descriptor=221249536 bank=1 mode=1 ddr_offset=0x298000000
FPGA Test DDR progress descriptor=222298112 bank=1 mode=1 ddr_offset=0x2a0000000
FPGA Test DDR progress descriptor=223346688 bank=1 mode=1 ddr_offset=0x2a8000000
FPGA Test DDR progress descriptor=224395264 bank=1 mode=1 ddr_offset=0x2b0000000
FPGA Test DDR progress descriptor=225443840 bank=1 mode=1 ddr_offset=0x2b8000000
FPGA Test DDR progress descriptor=226492416 bank=1 mode=1 ddr_offset=0x2c0000000
FPGA Test DDR progress descriptor=227540992 bank=1 mode=1 ddr_offset=0x2c8000000
FPGA Test DDR progress descriptor=228589568 bank=1 mode=1 ddr_offset=0x2d0000000
FPGA Test DDR progress descriptor=229638144 bank=1 mode=1 ddr_offset=0x2d8000000
FPGA Test DDR progress descriptor=230686720 bank=1 mode=1 ddr_offset=0x2e0000000
FPGA Test DDR progress descriptor=231735296 bank=1 mode=1 ddr_offset=0x2e8000000
FPGA Test DDR progress descriptor=232783872 bank=1 mode=1 ddr_offset=0x2f0000000
FPGA Test DDR progress descriptor=233832448 bank=1 mode=1 ddr_offset=0x2f8000000
FPGA Test DDR progress descriptor=234881024 bank=1 mode=1 ddr_offset=0x300000000
FPGA Test DDR progress descriptor=235929600 bank=1 mode=1 ddr_offset=0x308000000
FPGA Test DDR progress descriptor=236978176 bank=1 mode=1 ddr_offset=0x310000000
FPGA Test DDR progress descriptor=238026752 bank=1 mode=1 ddr_offset=0x318000000
FPGA Test DDR progress descriptor=239075328 bank=1 mode=1 ddr_offset=0x320000000
FPGA Test DDR progress descriptor=240123904 bank=1 mode=1 ddr_offset=0x328000000
FPGA Test DDR progress descriptor=241172480 bank=1 mode=1 ddr_offset=0x330000000
FPGA Test DDR progress descriptor=242221056 bank=1 mode=1 ddr_offset=0x338000000
FPGA Test DDR progress descriptor=243269632 bank=1 mode=1 ddr_offset=0x340000000
FPGA Test DDR progress descriptor=244318208 bank=1 mode=1 ddr_offset=0x348000000
FPGA Test DDR progress descriptor=245366784 bank=1 mode=1 ddr_offset=0x350000000
FPGA Test DDR progress descriptor=246415360 bank=1 mode=1 ddr_offset=0x358000000
FPGA Test DDR progress descriptor=247463936 bank=1 mode=1 ddr_offset=0x360000000
FPGA Test DDR progress descriptor=248512512 bank=1 mode=1 ddr_offset=0x368000000
FPGA Test DDR progress descriptor=249561088 bank=1 mode=1 ddr_offset=0x370000000
FPGA Test DDR progress descriptor=250609664 bank=1 mode=1 ddr_offset=0x378000000
FPGA Test DDR progress descriptor=251658240 bank=1 mode=1 ddr_offset=0x380000000
FPGA Test DDR progress descriptor=252706816 bank=1 mode=1 ddr_offset=0x388000000
FPGA Test DDR progress descriptor=253755392 bank=1 mode=1 ddr_offset=0x390000000
FPGA Test DDR progress descriptor=254803968 bank=1 mode=1 ddr_offset=0x398000000
FPGA Test DDR progress descriptor=255852544 bank=1 mode=1 ddr_offset=0x3a0000000
FPGA Test DDR progress descriptor=256901120 bank=1 mode=1 ddr_offset=0x3a8000000
FPGA Test DDR progress descriptor=257949696 bank=1 mode=1 ddr_offset=0x3b0000000
FPGA Test DDR progress descriptor=258998272 bank=1 mode=1 ddr_offset=0x3b8000000
FPGA Test DDR progress descriptor=260046848 bank=1 mode=1 ddr_offset=0x3c0000000
FPGA Test DDR progress descriptor=261095424 bank=1 mode=1 ddr_offset=0x3c8000000
FPGA Test DDR progress descriptor=262144000 bank=1 mode=1 ddr_offset=0x3d0000000
FPGA Test DDR progress descriptor=263192576 bank=1 mode=1 ddr_offset=0x3d8000000
FPGA Test DDR progress descriptor=264241152 bank=1 mode=1 ddr_offset=0x3e0000000
FPGA Test DDR progress descriptor=265289728 bank=1 mode=1 ddr_offset=0x3e8000000
FPGA Test DDR progress descriptor=266338304 bank=1 mode=1 ddr_offset=0x3f0000000
FPGA Test DDR progress descriptor=267386880 bank=1 mode=1 ddr_offset=0x3f8000000
FPGA Test DDR phase verified mode=1 bank=1 bytes=17179869184 descriptors=268435456 source_page=4096 destination_page=4096
FPGA Test DDR progress descriptor=268435456 bank=0 mode=2 ddr_offset=0x0
FPGA Test DDR progress descriptor=269484032 bank=0 mode=2 ddr_offset=0x8000000
FPGA Test DDR progress descriptor=270532608 bank=0 mode=2 ddr_offset=0x10000000
FPGA Test DDR progress descriptor=271581184 bank=0 mode=2 ddr_offset=0x18000000
FPGA Test DDR progress descriptor=272629760 bank=0 mode=2 ddr_offset=0x20000000
FPGA Test DDR progress descriptor=273678336 bank=0 mode=2 ddr_offset=0x28000000
FPGA Test DDR progress descriptor=274726912 bank=0 mode=2 ddr_offset=0x30000000
FPGA Test DDR progress descriptor=275775488 bank=0 mode=2 ddr_offset=0x38000000
FPGA Test DDR progress descriptor=276824064 bank=0 mode=2 ddr_offset=0x40000000
FPGA Test DDR progress descriptor=277872640 bank=0 mode=2 ddr_offset=0x48000000
FPGA Test DDR progress descriptor=278921216 bank=0 mode=2 ddr_offset=0x50000000
FPGA Test DDR progress descriptor=279969792 bank=0 mode=2 ddr_offset=0x58000000
FPGA Test DDR progress descriptor=281018368 bank=0 mode=2 ddr_offset=0x60000000
FPGA Test DDR progress descriptor=282066944 bank=0 mode=2 ddr_offset=0x68000000
FPGA Test DDR progress descriptor=283115520 bank=0 mode=2 ddr_offset=0x70000000
FPGA Test DDR progress descriptor=284164096 bank=0 mode=2 ddr_offset=0x78000000
FPGA Test DDR progress descriptor=285212672 bank=0 mode=2 ddr_offset=0x80000000
FPGA Test DDR progress descriptor=286261248 bank=0 mode=2 ddr_offset=0x88000000
FPGA Test DDR progress descriptor=287309824 bank=0 mode=2 ddr_offset=0x90000000
FPGA Test DDR progress descriptor=288358400 bank=0 mode=2 ddr_offset=0x98000000
FPGA Test DDR progress descriptor=289406976 bank=0 mode=2 ddr_offset=0xa0000000
FPGA Test DDR progress descriptor=290455552 bank=0 mode=2 ddr_offset=0xa8000000
FPGA Test DDR progress descriptor=291504128 bank=0 mode=2 ddr_offset=0xb0000000
FPGA Test DDR progress descriptor=292552704 bank=0 mode=2 ddr_offset=0xb8000000
FPGA Test DDR progress descriptor=293601280 bank=0 mode=2 ddr_offset=0xc0000000
FPGA Test DDR progress descriptor=294649856 bank=0 mode=2 ddr_offset=0xc8000000
FPGA Test DDR progress descriptor=295698432 bank=0 mode=2 ddr_offset=0xd0000000
FPGA Test DDR progress descriptor=296747008 bank=0 mode=2 ddr_offset=0xd8000000
FPGA Test DDR progress descriptor=297795584 bank=0 mode=2 ddr_offset=0xe0000000
FPGA Test DDR progress descriptor=298844160 bank=0 mode=2 ddr_offset=0xe8000000
FPGA Test DDR progress descriptor=299892736 bank=0 mode=2 ddr_offset=0xf0000000
FPGA Test DDR progress descriptor=300941312 bank=0 mode=2 ddr_offset=0xf8000000
FPGA Test DDR progress descriptor=301989888 bank=0 mode=2 ddr_offset=0x100000000
FPGA Test DDR progress descriptor=303038464 bank=0 mode=2 ddr_offset=0x108000000
FPGA Test DDR progress descriptor=304087040 bank=0 mode=2 ddr_offset=0x110000000
FPGA Test DDR progress descriptor=305135616 bank=0 mode=2 ddr_offset=0x118000000
FPGA Test DDR progress descriptor=306184192 bank=0 mode=2 ddr_offset=0x120000000
FPGA Test DDR progress descriptor=307232768 bank=0 mode=2 ddr_offset=0x128000000
FPGA Test DDR progress descriptor=308281344 bank=0 mode=2 ddr_offset=0x130000000
FPGA Test DDR progress descriptor=309329920 bank=0 mode=2 ddr_offset=0x138000000
FPGA Test DDR progress descriptor=310378496 bank=0 mode=2 ddr_offset=0x140000000
FPGA Test DDR progress descriptor=311427072 bank=0 mode=2 ddr_offset=0x148000000
FPGA Test DDR progress descriptor=312475648 bank=0 mode=2 ddr_offset=0x150000000
FPGA Test DDR progress descriptor=313524224 bank=0 mode=2 ddr_offset=0x158000000
FPGA Test DDR progress descriptor=314572800 bank=0 mode=2 ddr_offset=0x160000000
FPGA Test DDR progress descriptor=315621376 bank=0 mode=2 ddr_offset=0x168000000
FPGA Test DDR progress descriptor=316669952 bank=0 mode=2 ddr_offset=0x170000000
FPGA Test DDR progress descriptor=317718528 bank=0 mode=2 ddr_offset=0x178000000
FPGA Test DDR progress descriptor=318767104 bank=0 mode=2 ddr_offset=0x180000000
FPGA Test DDR progress descriptor=319815680 bank=0 mode=2 ddr_offset=0x188000000
FPGA Test DDR progress descriptor=320864256 bank=0 mode=2 ddr_offset=0x190000000
FPGA Test DDR progress descriptor=321912832 bank=0 mode=2 ddr_offset=0x198000000
FPGA Test DDR progress descriptor=322961408 bank=0 mode=2 ddr_offset=0x1a0000000
FPGA Test DDR progress descriptor=324009984 bank=0 mode=2 ddr_offset=0x1a8000000
FPGA Test DDR progress descriptor=325058560 bank=0 mode=2 ddr_offset=0x1b0000000
FPGA Test DDR progress descriptor=326107136 bank=0 mode=2 ddr_offset=0x1b8000000
FPGA Test DDR progress descriptor=327155712 bank=0 mode=2 ddr_offset=0x1c0000000
FPGA Test DDR progress descriptor=328204288 bank=0 mode=2 ddr_offset=0x1c8000000
FPGA Test DDR progress descriptor=329252864 bank=0 mode=2 ddr_offset=0x1d0000000
FPGA Test DDR progress descriptor=330301440 bank=0 mode=2 ddr_offset=0x1d8000000
FPGA Test DDR progress descriptor=331350016 bank=0 mode=2 ddr_offset=0x1e0000000
FPGA Test DDR progress descriptor=332398592 bank=0 mode=2 ddr_offset=0x1e8000000
FPGA Test DDR progress descriptor=333447168 bank=0 mode=2 ddr_offset=0x1f0000000
FPGA Test DDR progress descriptor=334495744 bank=0 mode=2 ddr_offset=0x1f8000000
FPGA Test DDR progress descriptor=335544320 bank=0 mode=2 ddr_offset=0x200000000
FPGA Test DDR progress descriptor=336592896 bank=0 mode=2 ddr_offset=0x208000000
FPGA Test DDR progress descriptor=337641472 bank=0 mode=2 ddr_offset=0x210000000
FPGA Test DDR progress descriptor=338690048 bank=0 mode=2 ddr_offset=0x218000000
FPGA Test DDR progress descriptor=339738624 bank=0 mode=2 ddr_offset=0x220000000
FPGA Test DDR progress descriptor=340787200 bank=0 mode=2 ddr_offset=0x228000000
FPGA Test DDR progress descriptor=341835776 bank=0 mode=2 ddr_offset=0x230000000
FPGA Test DDR progress descriptor=342884352 bank=0 mode=2 ddr_offset=0x238000000
FPGA Test DDR progress descriptor=343932928 bank=0 mode=2 ddr_offset=0x240000000
FPGA Test DDR progress descriptor=344981504 bank=0 mode=2 ddr_offset=0x248000000
FPGA Test DDR progress descriptor=346030080 bank=0 mode=2 ddr_offset=0x250000000
FPGA Test DDR progress descriptor=347078656 bank=0 mode=2 ddr_offset=0x258000000
FPGA Test DDR progress descriptor=348127232 bank=0 mode=2 ddr_offset=0x260000000
FPGA Test DDR progress descriptor=349175808 bank=0 mode=2 ddr_offset=0x268000000
FPGA Test DDR progress descriptor=350224384 bank=0 mode=2 ddr_offset=0x270000000
FPGA Test DDR progress descriptor=351272960 bank=0 mode=2 ddr_offset=0x278000000
FPGA Test DDR progress descriptor=352321536 bank=0 mode=2 ddr_offset=0x280000000
FPGA Test DDR progress descriptor=353370112 bank=0 mode=2 ddr_offset=0x288000000
FPGA Test DDR progress descriptor=354418688 bank=0 mode=2 ddr_offset=0x290000000
FPGA Test DDR progress descriptor=355467264 bank=0 mode=2 ddr_offset=0x298000000
FPGA Test DDR progress descriptor=356515840 bank=0 mode=2 ddr_offset=0x2a0000000
FPGA Test DDR progress descriptor=357564416 bank=0 mode=2 ddr_offset=0x2a8000000
FPGA Test DDR progress descriptor=358612992 bank=0 mode=2 ddr_offset=0x2b0000000
FPGA Test DDR progress descriptor=359661568 bank=0 mode=2 ddr_offset=0x2b8000000
FPGA Test DDR progress descriptor=360710144 bank=0 mode=2 ddr_offset=0x2c0000000
FPGA Test DDR progress descriptor=361758720 bank=0 mode=2 ddr_offset=0x2c8000000
FPGA Test DDR progress descriptor=362807296 bank=0 mode=2 ddr_offset=0x2d0000000
FPGA Test DDR progress descriptor=363855872 bank=0 mode=2 ddr_offset=0x2d8000000
FPGA Test DDR progress descriptor=364904448 bank=0 mode=2 ddr_offset=0x2e0000000
FPGA Test DDR progress descriptor=365953024 bank=0 mode=2 ddr_offset=0x2e8000000
FPGA Test DDR progress descriptor=367001600 bank=0 mode=2 ddr_offset=0x2f0000000
FPGA Test DDR progress descriptor=368050176 bank=0 mode=2 ddr_offset=0x2f8000000
FPGA Test DDR progress descriptor=369098752 bank=0 mode=2 ddr_offset=0x300000000
FPGA Test DDR progress descriptor=370147328 bank=0 mode=2 ddr_offset=0x308000000
FPGA Test DDR progress descriptor=371195904 bank=0 mode=2 ddr_offset=0x310000000
FPGA Test DDR progress descriptor=372244480 bank=0 mode=2 ddr_offset=0x318000000
FPGA Test DDR progress descriptor=373293056 bank=0 mode=2 ddr_offset=0x320000000
FPGA Test DDR progress descriptor=374341632 bank=0 mode=2 ddr_offset=0x328000000
FPGA Test DDR progress descriptor=375390208 bank=0 mode=2 ddr_offset=0x330000000
FPGA Test DDR progress descriptor=376438784 bank=0 mode=2 ddr_offset=0x338000000
FPGA Test DDR progress descriptor=377487360 bank=0 mode=2 ddr_offset=0x340000000
FPGA Test DDR progress descriptor=378535936 bank=0 mode=2 ddr_offset=0x348000000
FPGA Test DDR progress descriptor=379584512 bank=0 mode=2 ddr_offset=0x350000000
FPGA Test DDR progress descriptor=380633088 bank=0 mode=2 ddr_offset=0x358000000
FPGA Test DDR progress descriptor=381681664 bank=0 mode=2 ddr_offset=0x360000000
FPGA Test DDR progress descriptor=382730240 bank=0 mode=2 ddr_offset=0x368000000
FPGA Test DDR progress descriptor=383778816 bank=0 mode=2 ddr_offset=0x370000000
FPGA Test DDR progress descriptor=384827392 bank=0 mode=2 ddr_offset=0x378000000
FPGA Test DDR progress descriptor=385875968 bank=0 mode=2 ddr_offset=0x380000000
FPGA Test DDR progress descriptor=386924544 bank=0 mode=2 ddr_offset=0x388000000
FPGA Test DDR progress descriptor=387973120 bank=0 mode=2 ddr_offset=0x390000000
FPGA Test DDR progress descriptor=389021696 bank=0 mode=2 ddr_offset=0x398000000
FPGA Test DDR progress descriptor=390070272 bank=0 mode=2 ddr_offset=0x3a0000000
FPGA Test DDR progress descriptor=391118848 bank=0 mode=2 ddr_offset=0x3a8000000
FPGA Test DDR progress descriptor=392167424 bank=0 mode=2 ddr_offset=0x3b0000000
FPGA Test DDR progress descriptor=393216000 bank=0 mode=2 ddr_offset=0x3b8000000
FPGA Test DDR progress descriptor=394264576 bank=0 mode=2 ddr_offset=0x3c0000000
FPGA Test DDR progress descriptor=395313152 bank=0 mode=2 ddr_offset=0x3c8000000
FPGA Test DDR progress descriptor=396361728 bank=0 mode=2 ddr_offset=0x3d0000000
FPGA Test DDR progress descriptor=397410304 bank=0 mode=2 ddr_offset=0x3d8000000
FPGA Test DDR progress descriptor=398458880 bank=0 mode=2 ddr_offset=0x3e0000000
FPGA Test DDR progress descriptor=399507456 bank=0 mode=2 ddr_offset=0x3e8000000
FPGA Test DDR progress descriptor=400556032 bank=0 mode=2 ddr_offset=0x3f0000000
FPGA Test DDR progress descriptor=401604608 bank=0 mode=2 ddr_offset=0x3f8000000
FPGA Test DDR phase verified mode=2 bank=0 bytes=17179869184 descriptors=402653184 source_page=4096 destination_page=4096
FPGA Test DDR progress descriptor=402653184 bank=1 mode=2 ddr_offset=0x0
FPGA Test DDR progress descriptor=403701760 bank=1 mode=2 ddr_offset=0x8000000
FPGA Test DDR progress descriptor=404750336 bank=1 mode=2 ddr_offset=0x10000000
FPGA Test DDR progress descriptor=405798912 bank=1 mode=2 ddr_offset=0x18000000
FPGA Test DDR progress descriptor=406847488 bank=1 mode=2 ddr_offset=0x20000000
FPGA Test DDR progress descriptor=407896064 bank=1 mode=2 ddr_offset=0x28000000
FPGA Test DDR progress descriptor=408944640 bank=1 mode=2 ddr_offset=0x30000000
FPGA Test DDR progress descriptor=409993216 bank=1 mode=2 ddr_offset=0x38000000
FPGA Test DDR progress descriptor=411041792 bank=1 mode=2 ddr_offset=0x40000000
FPGA Test DDR progress descriptor=412090368 bank=1 mode=2 ddr_offset=0x48000000
FPGA Test DDR progress descriptor=413138944 bank=1 mode=2 ddr_offset=0x50000000
FPGA Test DDR progress descriptor=414187520 bank=1 mode=2 ddr_offset=0x58000000
FPGA Test DDR progress descriptor=415236096 bank=1 mode=2 ddr_offset=0x60000000
FPGA Test DDR progress descriptor=416284672 bank=1 mode=2 ddr_offset=0x68000000
FPGA Test DDR progress descriptor=417333248 bank=1 mode=2 ddr_offset=0x70000000
FPGA Test DDR progress descriptor=418381824 bank=1 mode=2 ddr_offset=0x78000000
FPGA Test DDR progress descriptor=419430400 bank=1 mode=2 ddr_offset=0x80000000
FPGA Test DDR progress descriptor=420478976 bank=1 mode=2 ddr_offset=0x88000000
FPGA Test DDR progress descriptor=421527552 bank=1 mode=2 ddr_offset=0x90000000
FPGA Test DDR progress descriptor=422576128 bank=1 mode=2 ddr_offset=0x98000000
FPGA Test DDR progress descriptor=423624704 bank=1 mode=2 ddr_offset=0xa0000000
FPGA Test DDR progress descriptor=424673280 bank=1 mode=2 ddr_offset=0xa8000000
FPGA Test DDR progress descriptor=425721856 bank=1 mode=2 ddr_offset=0xb0000000
FPGA Test DDR progress descriptor=426770432 bank=1 mode=2 ddr_offset=0xb8000000
FPGA Test DDR progress descriptor=427819008 bank=1 mode=2 ddr_offset=0xc0000000
FPGA Test DDR progress descriptor=428867584 bank=1 mode=2 ddr_offset=0xc8000000
FPGA Test DDR progress descriptor=429916160 bank=1 mode=2 ddr_offset=0xd0000000
FPGA Test DDR progress descriptor=430964736 bank=1 mode=2 ddr_offset=0xd8000000
FPGA Test DDR progress descriptor=432013312 bank=1 mode=2 ddr_offset=0xe0000000
FPGA Test DDR progress descriptor=433061888 bank=1 mode=2 ddr_offset=0xe8000000
FPGA Test DDR progress descriptor=434110464 bank=1 mode=2 ddr_offset=0xf0000000
FPGA Test DDR progress descriptor=435159040 bank=1 mode=2 ddr_offset=0xf8000000
FPGA Test DDR progress descriptor=436207616 bank=1 mode=2 ddr_offset=0x100000000
FPGA Test DDR progress descriptor=437256192 bank=1 mode=2 ddr_offset=0x108000000
FPGA Test DDR progress descriptor=438304768 bank=1 mode=2 ddr_offset=0x110000000
FPGA Test DDR progress descriptor=439353344 bank=1 mode=2 ddr_offset=0x118000000
FPGA Test DDR progress descriptor=440401920 bank=1 mode=2 ddr_offset=0x120000000
FPGA Test DDR progress descriptor=441450496 bank=1 mode=2 ddr_offset=0x128000000
FPGA Test DDR progress descriptor=442499072 bank=1 mode=2 ddr_offset=0x130000000
FPGA Test DDR progress descriptor=443547648 bank=1 mode=2 ddr_offset=0x138000000
FPGA Test DDR progress descriptor=444596224 bank=1 mode=2 ddr_offset=0x140000000
FPGA Test DDR progress descriptor=445644800 bank=1 mode=2 ddr_offset=0x148000000
FPGA Test DDR progress descriptor=446693376 bank=1 mode=2 ddr_offset=0x150000000
FPGA Test DDR progress descriptor=447741952 bank=1 mode=2 ddr_offset=0x158000000
FPGA Test DDR progress descriptor=448790528 bank=1 mode=2 ddr_offset=0x160000000
FPGA Test DDR progress descriptor=449839104 bank=1 mode=2 ddr_offset=0x168000000
FPGA Test DDR progress descriptor=450887680 bank=1 mode=2 ddr_offset=0x170000000
FPGA Test DDR progress descriptor=451936256 bank=1 mode=2 ddr_offset=0x178000000
FPGA Test DDR progress descriptor=452984832 bank=1 mode=2 ddr_offset=0x180000000
FPGA Test DDR progress descriptor=454033408 bank=1 mode=2 ddr_offset=0x188000000
FPGA Test DDR progress descriptor=455081984 bank=1 mode=2 ddr_offset=0x190000000
FPGA Test DDR progress descriptor=456130560 bank=1 mode=2 ddr_offset=0x198000000
FPGA Test DDR progress descriptor=457179136 bank=1 mode=2 ddr_offset=0x1a0000000
FPGA Test DDR progress descriptor=458227712 bank=1 mode=2 ddr_offset=0x1a8000000
FPGA Test DDR progress descriptor=459276288 bank=1 mode=2 ddr_offset=0x1b0000000
FPGA Test DDR progress descriptor=460324864 bank=1 mode=2 ddr_offset=0x1b8000000
FPGA Test DDR progress descriptor=461373440 bank=1 mode=2 ddr_offset=0x1c0000000
FPGA Test DDR progress descriptor=462422016 bank=1 mode=2 ddr_offset=0x1c8000000
FPGA Test DDR progress descriptor=463470592 bank=1 mode=2 ddr_offset=0x1d0000000
FPGA Test DDR progress descriptor=464519168 bank=1 mode=2 ddr_offset=0x1d8000000
FPGA Test DDR progress descriptor=465567744 bank=1 mode=2 ddr_offset=0x1e0000000
FPGA Test DDR progress descriptor=466616320 bank=1 mode=2 ddr_offset=0x1e8000000
FPGA Test DDR progress descriptor=467664896 bank=1 mode=2 ddr_offset=0x1f0000000
FPGA Test DDR progress descriptor=468713472 bank=1 mode=2 ddr_offset=0x1f8000000
FPGA Test DDR progress descriptor=469762048 bank=1 mode=2 ddr_offset=0x200000000
FPGA Test DDR progress descriptor=470810624 bank=1 mode=2 ddr_offset=0x208000000
FPGA Test DDR progress descriptor=471859200 bank=1 mode=2 ddr_offset=0x210000000
FPGA Test DDR progress descriptor=472907776 bank=1 mode=2 ddr_offset=0x218000000
FPGA Test DDR progress descriptor=473956352 bank=1 mode=2 ddr_offset=0x220000000
FPGA Test DDR progress descriptor=475004928 bank=1 mode=2 ddr_offset=0x228000000
FPGA Test DDR progress descriptor=476053504 bank=1 mode=2 ddr_offset=0x230000000
FPGA Test DDR progress descriptor=477102080 bank=1 mode=2 ddr_offset=0x238000000
FPGA Test DDR progress descriptor=478150656 bank=1 mode=2 ddr_offset=0x240000000
FPGA Test DDR progress descriptor=479199232 bank=1 mode=2 ddr_offset=0x248000000
FPGA Test DDR progress descriptor=480247808 bank=1 mode=2 ddr_offset=0x250000000
FPGA Test DDR progress descriptor=481296384 bank=1 mode=2 ddr_offset=0x258000000
FPGA Test DDR progress descriptor=482344960 bank=1 mode=2 ddr_offset=0x260000000
FPGA Test DDR progress descriptor=483393536 bank=1 mode=2 ddr_offset=0x268000000
FPGA Test DDR progress descriptor=484442112 bank=1 mode=2 ddr_offset=0x270000000
FPGA Test DDR progress descriptor=485490688 bank=1 mode=2 ddr_offset=0x278000000
FPGA Test DDR progress descriptor=486539264 bank=1 mode=2 ddr_offset=0x280000000
FPGA Test DDR progress descriptor=487587840 bank=1 mode=2 ddr_offset=0x288000000
FPGA Test DDR progress descriptor=488636416 bank=1 mode=2 ddr_offset=0x290000000
FPGA Test DDR progress descriptor=489684992 bank=1 mode=2 ddr_offset=0x298000000
FPGA Test DDR progress descriptor=490733568 bank=1 mode=2 ddr_offset=0x2a0000000
FPGA Test DDR progress descriptor=491782144 bank=1 mode=2 ddr_offset=0x2a8000000
FPGA Test DDR progress descriptor=492830720 bank=1 mode=2 ddr_offset=0x2b0000000
FPGA Test DDR progress descriptor=493879296 bank=1 mode=2 ddr_offset=0x2b8000000
FPGA Test DDR progress descriptor=494927872 bank=1 mode=2 ddr_offset=0x2c0000000
FPGA Test DDR progress descriptor=495976448 bank=1 mode=2 ddr_offset=0x2c8000000
FPGA Test DDR progress descriptor=497025024 bank=1 mode=2 ddr_offset=0x2d0000000
FPGA Test DDR progress descriptor=498073600 bank=1 mode=2 ddr_offset=0x2d8000000
FPGA Test DDR progress descriptor=499122176 bank=1 mode=2 ddr_offset=0x2e0000000
FPGA Test DDR progress descriptor=500170752 bank=1 mode=2 ddr_offset=0x2e8000000
FPGA Test DDR progress descriptor=501219328 bank=1 mode=2 ddr_offset=0x2f0000000
FPGA Test DDR progress descriptor=502267904 bank=1 mode=2 ddr_offset=0x2f8000000
FPGA Test DDR progress descriptor=503316480 bank=1 mode=2 ddr_offset=0x300000000
FPGA Test DDR progress descriptor=504365056 bank=1 mode=2 ddr_offset=0x308000000
FPGA Test DDR progress descriptor=505413632 bank=1 mode=2 ddr_offset=0x310000000
FPGA Test DDR progress descriptor=506462208 bank=1 mode=2 ddr_offset=0x318000000
FPGA Test DDR progress descriptor=507510784 bank=1 mode=2 ddr_offset=0x320000000
FPGA Test DDR progress descriptor=508559360 bank=1 mode=2 ddr_offset=0x328000000
FPGA Test DDR progress descriptor=509607936 bank=1 mode=2 ddr_offset=0x330000000
FPGA Test DDR progress descriptor=510656512 bank=1 mode=2 ddr_offset=0x338000000
FPGA Test DDR progress descriptor=511705088 bank=1 mode=2 ddr_offset=0x340000000
FPGA Test DDR progress descriptor=512753664 bank=1 mode=2 ddr_offset=0x348000000
FPGA Test DDR progress descriptor=513802240 bank=1 mode=2 ddr_offset=0x350000000
FPGA Test DDR progress descriptor=514850816 bank=1 mode=2 ddr_offset=0x358000000
FPGA Test DDR progress descriptor=515899392 bank=1 mode=2 ddr_offset=0x360000000
FPGA Test DDR progress descriptor=516947968 bank=1 mode=2 ddr_offset=0x368000000
FPGA Test DDR progress descriptor=517996544 bank=1 mode=2 ddr_offset=0x370000000
FPGA Test DDR progress descriptor=519045120 bank=1 mode=2 ddr_offset=0x378000000
FPGA Test DDR progress descriptor=520093696 bank=1 mode=2 ddr_offset=0x380000000
FPGA Test DDR progress descriptor=521142272 bank=1 mode=2 ddr_offset=0x388000000
FPGA Test DDR progress descriptor=522190848 bank=1 mode=2 ddr_offset=0x390000000
FPGA Test DDR progress descriptor=523239424 bank=1 mode=2 ddr_offset=0x398000000
FPGA Test DDR progress descriptor=524288000 bank=1 mode=2 ddr_offset=0x3a0000000
FPGA Test DDR progress descriptor=525336576 bank=1 mode=2 ddr_offset=0x3a8000000
FPGA Test DDR progress descriptor=526385152 bank=1 mode=2 ddr_offset=0x3b0000000
FPGA Test DDR progress descriptor=527433728 bank=1 mode=2 ddr_offset=0x3b8000000
FPGA Test DDR progress descriptor=528482304 bank=1 mode=2 ddr_offset=0x3c0000000
FPGA Test DDR progress descriptor=529530880 bank=1 mode=2 ddr_offset=0x3c8000000
FPGA Test DDR progress descriptor=530579456 bank=1 mode=2 ddr_offset=0x3d0000000
FPGA Test DDR progress descriptor=531628032 bank=1 mode=2 ddr_offset=0x3d8000000
FPGA Test DDR progress descriptor=532676608 bank=1 mode=2 ddr_offset=0x3e0000000
FPGA Test DDR progress descriptor=533725184 bank=1 mode=2 ddr_offset=0x3e8000000
FPGA Test DDR progress descriptor=534773760 bank=1 mode=2 ddr_offset=0x3f0000000
FPGA Test DDR progress descriptor=535822336 bank=1 mode=2 ddr_offset=0x3f8000000
FPGA Test DDR phase verified mode=2 bank=1 bytes=17179869184 descriptors=536870912 source_page=4096 destination_page=4096
FPGA Test DDR elapsed_seconds=4702.629792690
FPGA Test CAPS03 FULL DDR PASSED: banks=2 locations_per_bank=134217728 bytes_per_bank=17179869184 descriptors=536870912 verified_payload_and_guards=1
No kernel launch or simultaneous-bank qualification; full DDR gate still requires concurrent channels. Implicit VFIO resets apply.
