Info: Generated by version: 26.1.1 build 130
Info: Starting: Create simulation model
Info: qsys-generate /home/uwb_student00/ahls/new_BSP/work_ia840f_fim_05/syn/board/ia840f/syn_top/../../../../ipss/ia840f/bwbmc/bw_840_support.qsys --simulation=VERILOG --allow-mixed-language-simulation --simulator=MODELSIM --output-directory=/home/uwb_student00/ahls/new_BSP/work_ia840f_fim_05/ipss/ia840f/bwbmc/bw_840_support --family="Agilex 7" --part=AGFB027R25A2E2V
Progress: Loading bwbmc/bw_840_support.qsys
Progress: Reading input file
Progress: Parameterizing module axi_bridge_0
Progress: Parameterizing module bmc_spi_sub_0
Progress: Parameterizing module host_bmc_support_pipeline
Progress: Parameterizing module host_sdm_pipeline
Progress: Parameterizing module mm_bridge_0
Progress: Parameterizing module sysclk_bridge
Progress: Parameterizing module sysid_qsys_0
Progress: Parameterizing module sysrst_bridge
Progress: Building connections
Progress: Parameterizing connections
Progress: Validating
Progress: Done reading input file
Info: bw_840_support: "Transforming system: bw_840_support"
Info: Interconnect is inserted between master axi_bridge_0.m0 and slave mm_bridge_0.s0 because the master is of type axi4 and the slave is of type avalon.
Info: bw_840_support: "Naming system components in system: bw_840_support"
Info: bw_840_support: "Processing generation queue"
Info: bw_840_support: "Generating: bw_840_support"
Info: bw_840_support: "Generating: bw_840_support_axi_bridge_0"
Info: bw_840_support: "Generating: host_bmc_support_pipeline"
Info: bw_840_support: "Generating: host_sdm_pipeline"
Info: bw_840_support: "Generating: bw_840_support_mm_bridge_0"
Info: bw_840_support: "Generating: sysclk_bridge"
Info: bw_840_support: "Generating: bw_840_support_sysid_qsys_0"
Info: bw_840_support: "Generating: sysrst_bridge"
Info: bw_840_support: "Generating: bw_840_support_altera_mm_interconnect_1920_43iey6y"
Info: bw_840_support: "Generating: bw_840_support_altera_mm_interconnect_1920_muzstqa"
Info: bw_840_support: "Generating: altera_reset_controller"
Info: bw_840_support: "Generating: bw_840_support_altera_merlin_master_translator_193_lgcew2q"
Info: bw_840_support: "Generating: bw_840_support_altera_merlin_slave_translator_191_xg7rzxi"
Info: bw_840_support: "Generating: bw_840_support_altera_merlin_master_agent_1951_e5hasqi"
Info: bw_840_support: "Generating: bw_840_support_altera_merlin_slave_agent_1940_yiunjgi"
Info: bw_840_support: "Generating: bw_840_support_altera_avalon_sc_fifo_1932_22gxxgi"
Info: bw_840_support: "Generating: bw_840_support_altera_merlin_router_1921_xvwpleq"
Info: bw_840_support: "Generating: bw_840_support_altera_merlin_router_1921_lf5domy"
Info: bw_840_support: "Generating: bw_840_support_altera_merlin_traffic_limiter_1922_i2uqzbq"
Info: my_altera_avalon_sc_fifo_dest_id_fifo: "Generating: my_altera_avalon_sc_fifo_dest_id_fifo"
Info: bw_840_support: "Generating: bw_840_support_altera_merlin_burst_adapter_1950_gluux3i"
Info: my_altera_avalon_st_pipeline_stage: "Generating: my_altera_avalon_st_pipeline_stage"
Info: bw_840_support: "Generating: bw_840_support_altera_merlin_demultiplexer_1921_hx6d6xq"
Info: bw_840_support: "Generating: bw_840_support_altera_merlin_multiplexer_1922_v4yj4mi"
Info: bw_840_support: "Generating: bw_840_support_altera_merlin_demultiplexer_1921_kqn4gmy"
Info: bw_840_support: "Generating: bw_840_support_altera_merlin_multiplexer_1922_hx2k4gy"
Info: bw_840_support: "Generating: bw_840_support_altera_merlin_width_adapter_1970_ng7lk5i"
Info: bw_840_support: "Generating: bw_840_support_altera_merlin_width_adapter_1970_dyargyq"
Info: bw_840_support: "Generating: bw_840_support_altera_merlin_axi_translator_1988_paug7vq"
Info: bw_840_support: "Generating: bw_840_support_altera_merlin_axi_master_ni_19121_xtaadti"
Info: bw_840_support: "Generating: bw_840_support_altera_merlin_router_1921_4bw3dyi"
Info: bw_840_support: "Generating: bw_840_support_altera_merlin_router_1921_2eamnjq"
Info: bw_840_support: "Generating: bw_840_support_altera_merlin_demultiplexer_1921_ydwduga"
Info: bw_840_support: "Generating: bw_840_support_altera_merlin_multiplexer_1922_dt66m6y"
Info: bw_840_support: "Generating: bw_840_support_altera_merlin_demultiplexer_1921_soerika"
Info: bw_840_support: "Generating: bw_840_support_altera_merlin_multiplexer_1922_fegdfla"
Info: bw_840_support: "Generating: bw_840_support_altera_merlin_traffic_limiter_altera_avalon_sc_fifo_1922_3p7vg4y"
Info: bw_840_support: "Generating: bw_840_support_altera_merlin_burst_adapter_altera_avalon_st_pipeline_stage_1950_cs25tuy"
Info: bw_840_support: "Generating: bw_840_support_altera_avalon_st_pipeline_stage_1930_oiupeiq"
Info: bw_840_support: Done "bw_840_support" with 38 modules, 52 files
Info: Generating the following file(s) for MODELSIM simulator in /home/uwb_student00/ahls/new_BSP/work_ia840f_fim_05/ipss/ia840f/bwbmc/bw_840_support/sim/ directory:
Info: 	common/modelsim_files.tcl
Info: For information on how to simulate your IP, see the explanatory comments in the simulator-specific subdirectories under /home/uwb_student00/ahls/new_BSP/work_ia840f_fim_05/ipss/ia840f/bwbmc/bw_840_support/sim/.
Info: Regenerate these scripts whenever you make any change to any Quartus-generated IP in your project.
Info: Finished: Create simulation model
Info: Starting: Create simulation script
Info: sim-script-gen --system-file=/home/uwb_student00/ahls/new_BSP/work_ia840f_fim_05/syn/board/ia840f/syn_top/../../../../ipss/ia840f/bwbmc/bw_840_support.qsys --simulator=MODELSIM --output-directory=/home/uwb_student00/ahls/new_BSP/work_ia840f_fim_05/ipss/ia840f/bwbmc/bw_840_support/sim/ --use-relative-paths=true --modelsim-flow=traditional
Info: Generating the following file(s) for MODELSIM simulator in /home/uwb_student00/ahls/new_BSP/work_ia840f_fim_05/ipss/ia840f/bwbmc/bw_840_support/sim/ directory:
Info: 	mentor/msim_setup.tcl
Info: 	mentor/run_msim_setup.tcl
Info: For information on how to simulate your IP, see the explanatory comments in the simulator-specific subdirectories under /home/uwb_student00/ahls/new_BSP/work_ia840f_fim_05/ipss/ia840f/bwbmc/bw_840_support/sim/.
Info: Regenerate these scripts whenever you make any change to any Quartus-generated IP in your project.
Info: Finished: Create simulation script
Info: 
Info: Starting: Create HDL design files for synthesis
Info: qsys-generate /home/uwb_student00/ahls/new_BSP/work_ia840f_fim_05/syn/board/ia840f/syn_top/../../../../ipss/ia840f/bwbmc/bw_840_support.qsys --synthesis=VERILOG --output-directory=/home/uwb_student00/ahls/new_BSP/work_ia840f_fim_05/ipss/ia840f/bwbmc/bw_840_support --family="Agilex 7" --part=AGFB027R25A2E2V
Progress: Loading bwbmc/bw_840_support.qsys
Progress: Reading input file
Progress: Parameterizing module axi_bridge_0
Progress: Parameterizing module bmc_spi_sub_0
Progress: Parameterizing module host_bmc_support_pipeline
Progress: Parameterizing module host_sdm_pipeline
Progress: Parameterizing module mm_bridge_0
Progress: Parameterizing module sysclk_bridge
Progress: Parameterizing module sysid_qsys_0
Progress: Parameterizing module sysrst_bridge
Progress: Building connections
Progress: Parameterizing connections
Progress: Validating
Progress: Done reading input file
Info: bw_840_support: "Transforming system: bw_840_support"
Info: Interconnect is inserted between master axi_bridge_0.m0 and slave mm_bridge_0.s0 because the master is of type axi4 and the slave is of type avalon.
Info: bw_840_support: "Naming system components in system: bw_840_support"
Info: bw_840_support: "Processing generation queue"
Info: bw_840_support: "Generating: bw_840_support"
Info: bw_840_support: "Generating: bw_840_support_axi_bridge_0"
Info: bw_840_support: "Generating: host_bmc_support_pipeline"
Info: bw_840_support: "Generating: host_sdm_pipeline"
Info: bw_840_support: "Generating: bw_840_support_mm_bridge_0"
Info: bw_840_support: "Generating: sysclk_bridge"
Info: bw_840_support: "Generating: bw_840_support_sysid_qsys_0"
Info: bw_840_support: "Generating: sysrst_bridge"
Info: bw_840_support: "Generating: bw_840_support_altera_mm_interconnect_1920_43iey6y"
Info: bw_840_support: "Generating: bw_840_support_altera_mm_interconnect_1920_muzstqa"
Info: bw_840_support: "Generating: altera_reset_controller"
Info: bw_840_support: "Generating: bw_840_support_altera_merlin_master_translator_193_lgcew2q"
Info: bw_840_support: "Generating: bw_840_support_altera_merlin_slave_translator_191_xg7rzxi"
Info: bw_840_support: "Generating: bw_840_support_altera_merlin_master_agent_1951_e5hasqi"
Info: bw_840_support: "Generating: bw_840_support_altera_merlin_slave_agent_1940_yiunjgi"
Info: bw_840_support: "Generating: bw_840_support_altera_avalon_sc_fifo_1932_22gxxgi"
Info: bw_840_support: "Generating: bw_840_support_altera_merlin_router_1921_xvwpleq"
Info: bw_840_support: "Generating: bw_840_support_altera_merlin_router_1921_lf5domy"
Info: bw_840_support: "Generating: bw_840_support_altera_merlin_traffic_limiter_1922_i2uqzbq"
Info: my_altera_avalon_sc_fifo_dest_id_fifo: "Generating: my_altera_avalon_sc_fifo_dest_id_fifo"
Info: bw_840_support: "Generating: bw_840_support_altera_merlin_burst_adapter_1950_gluux3i"
Info: my_altera_avalon_st_pipeline_stage: "Generating: my_altera_avalon_st_pipeline_stage"
Info: bw_840_support: "Generating: bw_840_support_altera_merlin_demultiplexer_1921_hx6d6xq"
Info: bw_840_support: "Generating: bw_840_support_altera_merlin_multiplexer_1922_v4yj4mi"
Info: bw_840_support: "Generating: bw_840_support_altera_merlin_demultiplexer_1921_kqn4gmy"
Info: bw_840_support: "Generating: bw_840_support_altera_merlin_multiplexer_1922_hx2k4gy"
Info: bw_840_support: "Generating: bw_840_support_altera_merlin_width_adapter_1970_ng7lk5i"
Info: bw_840_support: "Generating: bw_840_support_altera_merlin_width_adapter_1970_dyargyq"
Info: bw_840_support: "Generating: bw_840_support_altera_merlin_axi_translator_1988_paug7vq"
Info: bw_840_support: "Generating: bw_840_support_altera_merlin_axi_master_ni_19121_xtaadti"
Info: bw_840_support: "Generating: bw_840_support_altera_merlin_router_1921_4bw3dyi"
Info: bw_840_support: "Generating: bw_840_support_altera_merlin_router_1921_2eamnjq"
Info: bw_840_support: "Generating: bw_840_support_altera_merlin_demultiplexer_1921_ydwduga"
Info: bw_840_support: "Generating: bw_840_support_altera_merlin_multiplexer_1922_dt66m6y"
Info: bw_840_support: "Generating: bw_840_support_altera_merlin_demultiplexer_1921_soerika"
Info: bw_840_support: "Generating: bw_840_support_altera_merlin_multiplexer_1922_fegdfla"
Info: bw_840_support: "Generating: bw_840_support_altera_merlin_traffic_limiter_altera_avalon_sc_fifo_1922_3p7vg4y"
Info: bw_840_support: "Generating: bw_840_support_altera_merlin_burst_adapter_altera_avalon_st_pipeline_stage_1950_cs25tuy"
Info: bw_840_support: "Generating: bw_840_support_altera_avalon_st_pipeline_stage_1930_oiupeiq"
Info: bw_840_support: Done "bw_840_support" with 38 modules, 52 files
Info: Finished: Create HDL design files for synthesis
