Info: Generated by version: 26.1.1 build 130
Info: Starting: Create simulation model
Info: qsys-generate /home/uwb_student00/ahls/new_BSP/work_ia840f_fim_06/syn/board/ia840f/syn_top/../../../../ofs-common/src/fpga_family/agilex/mem_ss/qip/axilite_ic/ip/emif_csr_ic/emif_csr_ic_reset_in.ip --simulation=VERILOG --allow-mixed-language-simulation --simulator=MODELSIM --output-directory=/home/uwb_student00/ahls/new_BSP/work_ia840f_fim_06/ofs-common/src/fpga_family/agilex/mem_ss/qip/axilite_ic/ip/emif_csr_ic/emif_csr_ic_reset_in --family="Agilex 7" --part=AGFB027R25A2E2V
Info: emif_csr_ic_reset_in: "Transforming system: emif_csr_ic_reset_in"
Info: emif_csr_ic_reset_in: "Naming system components in system: emif_csr_ic_reset_in"
Info: emif_csr_ic_reset_in: "Processing generation queue"
Info: emif_csr_ic_reset_in: "Generating: emif_csr_ic_reset_in"
Info: emif_csr_ic_reset_in: Done "emif_csr_ic_reset_in" with 1 modules, 1 files
Info: Generating the following file(s) for MODELSIM simulator in /home/uwb_student00/ahls/new_BSP/work_ia840f_fim_06/ofs-common/src/fpga_family/agilex/mem_ss/qip/axilite_ic/ip/emif_csr_ic/emif_csr_ic_reset_in/sim/ directory:
Info: 	common/modelsim_files.tcl
Info: For information on how to simulate your IP, see the explanatory comments in the simulator-specific subdirectories under /home/uwb_student00/ahls/new_BSP/work_ia840f_fim_06/ofs-common/src/fpga_family/agilex/mem_ss/qip/axilite_ic/ip/emif_csr_ic/emif_csr_ic_reset_in/sim/.
Info: Regenerate these scripts whenever you make any change to any Quartus-generated IP in your project.
Info: Finished: Create simulation model
Info: Starting: Create simulation script
Info: sim-script-gen --system-file=/home/uwb_student00/ahls/new_BSP/work_ia840f_fim_06/syn/board/ia840f/syn_top/../../../../ofs-common/src/fpga_family/agilex/mem_ss/qip/axilite_ic/ip/emif_csr_ic/emif_csr_ic_reset_in.ip --simulator=MODELSIM --output-directory=/home/uwb_student00/ahls/new_BSP/work_ia840f_fim_06/ofs-common/src/fpga_family/agilex/mem_ss/qip/axilite_ic/ip/emif_csr_ic/emif_csr_ic_reset_in/sim/ --use-relative-paths=true --modelsim-flow=traditional
Info: Generating the following file(s) for MODELSIM simulator in /home/uwb_student00/ahls/new_BSP/work_ia840f_fim_06/ofs-common/src/fpga_family/agilex/mem_ss/qip/axilite_ic/ip/emif_csr_ic/emif_csr_ic_reset_in/sim/ directory:
Info: 	mentor/msim_setup.tcl
Info: 	mentor/run_msim_setup.tcl
Info: For information on how to simulate your IP, see the explanatory comments in the simulator-specific subdirectories under /home/uwb_student00/ahls/new_BSP/work_ia840f_fim_06/ofs-common/src/fpga_family/agilex/mem_ss/qip/axilite_ic/ip/emif_csr_ic/emif_csr_ic_reset_in/sim/.
Info: Regenerate these scripts whenever you make any change to any Quartus-generated IP in your project.
Info: Finished: Create simulation script
Info: 
Info: Starting: Create HDL design files for synthesis
Info: qsys-generate /home/uwb_student00/ahls/new_BSP/work_ia840f_fim_06/syn/board/ia840f/syn_top/../../../../ofs-common/src/fpga_family/agilex/mem_ss/qip/axilite_ic/ip/emif_csr_ic/emif_csr_ic_reset_in.ip --synthesis=VERILOG --output-directory=/home/uwb_student00/ahls/new_BSP/work_ia840f_fim_06/ofs-common/src/fpga_family/agilex/mem_ss/qip/axilite_ic/ip/emif_csr_ic/emif_csr_ic_reset_in --family="Agilex 7" --part=AGFB027R25A2E2V
Info: emif_csr_ic_reset_in: "Transforming system: emif_csr_ic_reset_in"
Info: emif_csr_ic_reset_in: "Naming system components in system: emif_csr_ic_reset_in"
Info: emif_csr_ic_reset_in: "Processing generation queue"
Info: emif_csr_ic_reset_in: "Generating: emif_csr_ic_reset_in"
Info: emif_csr_ic_reset_in: Done "emif_csr_ic_reset_in" with 1 modules, 1 files
Info: Finished: Create HDL design files for synthesis
