Change Dir: '/home/uwb_student00/ahls/new_BSP/work_ahls_getting_started_fix01/runs/template-sim/build'

Run Build Command(s): /usr/bin/cmake -E env VERBOSE=1 /usr/bin/gmake -f Makefile -j36 fpga_sim
/usr/bin/cmake -S/home/uwb_student00/ahls/new_BSP/work_ahls_getting_started_fix01/source/Tutorials/GettingStarted/fpga_template -B/home/uwb_student00/ahls/new_BSP/work_ahls_getting_started_fix01/runs/template-sim/build --check-build-system CMakeFiles/Makefile.cmake 0
/usr/bin/gmake  -f CMakeFiles/Makefile2 fpga_sim
gmake[1]: Entering directory '/home/uwb_student00/ahls/new_BSP/work_ahls_getting_started_fix01/runs/template-sim/build'
/usr/bin/cmake -S/home/uwb_student00/ahls/new_BSP/work_ahls_getting_started_fix01/source/Tutorials/GettingStarted/fpga_template -B/home/uwb_student00/ahls/new_BSP/work_ahls_getting_started_fix01/runs/template-sim/build --check-build-system CMakeFiles/Makefile.cmake 0
/usr/bin/cmake -E cmake_progress_start /home/uwb_student00/ahls/new_BSP/work_ahls_getting_started_fix01/runs/template-sim/build/CMakeFiles 3
/usr/bin/gmake  -f CMakeFiles/Makefile2 CMakeFiles/fpga_sim.dir/all
gmake[2]: Entering directory '/home/uwb_student00/ahls/new_BSP/work_ahls_getting_started_fix01/runs/template-sim/build'
/usr/bin/gmake  -f CMakeFiles/displaySimulationCompileCommands.dir/build.make CMakeFiles/displaySimulationCompileCommands.dir/depend
gmake[3]: Entering directory '/home/uwb_student00/ahls/new_BSP/work_ahls_getting_started_fix01/runs/template-sim/build'
cd /home/uwb_student00/ahls/new_BSP/work_ahls_getting_started_fix01/runs/template-sim/build && /usr/bin/cmake -E cmake_depends "Unix Makefiles" /home/uwb_student00/ahls/new_BSP/work_ahls_getting_started_fix01/source/Tutorials/GettingStarted/fpga_template /home/uwb_student00/ahls/new_BSP/work_ahls_getting_started_fix01/source/Tutorials/GettingStarted/fpga_template /home/uwb_student00/ahls/new_BSP/work_ahls_getting_started_fix01/runs/template-sim/build /home/uwb_student00/ahls/new_BSP/work_ahls_getting_started_fix01/runs/template-sim/build /home/uwb_student00/ahls/new_BSP/work_ahls_getting_started_fix01/runs/template-sim/build/CMakeFiles/displaySimulationCompileCommands.dir/DependInfo.cmake "--color="
gmake[3]: Leaving directory '/home/uwb_student00/ahls/new_BSP/work_ahls_getting_started_fix01/runs/template-sim/build'
/usr/bin/gmake  -f CMakeFiles/displaySimulationCompileCommands.dir/build.make CMakeFiles/displaySimulationCompileCommands.dir/build
gmake[3]: Entering directory '/home/uwb_student00/ahls/new_BSP/work_ahls_getting_started_fix01/runs/template-sim/build'
[ 33%] 
To compile manually:
/home/uwb_student00/ahls/altera_hls/aclsycl/bin/ahls -I../../../source/include -I/home/uwb_student00/ahls/new_BSP/work_ahls_getting_started_fix01/source/include -Wall -Xssimulation -DFPGA_SIMULATOR -c ../../../source/Tutorials/GettingStarted/fpga_template/src/fpga_template.cpp -o CMakeFiles/fpga_sim.dir/src/fpga_template.cpp.o

To link manually:
/home/uwb_student00/ahls/altera_hls/aclsycl/bin/ahls -Xssimulation -Xsghdl -Xstarget=AGFB027R25A2E2V -reuse-exe=/home/uwb_student00/ahls/new_BSP/work_ahls_getting_started_fix01/runs/template-sim/build/fpga_template.fpga_sim -o fpga_template.fpga_sim CMakeFiles/fpga_sim.dir/src/fpga_template.cpp.o
/usr/bin/cmake -E cmake_echo_color --cyan 
gmake[3]: Leaving directory '/home/uwb_student00/ahls/new_BSP/work_ahls_getting_started_fix01/runs/template-sim/build'
[ 33%] Built target displaySimulationCompileCommands
/usr/bin/gmake  -f CMakeFiles/fpga_sim.dir/build.make CMakeFiles/fpga_sim.dir/depend
gmake[3]: Entering directory '/home/uwb_student00/ahls/new_BSP/work_ahls_getting_started_fix01/runs/template-sim/build'
cd /home/uwb_student00/ahls/new_BSP/work_ahls_getting_started_fix01/runs/template-sim/build && /usr/bin/cmake -E cmake_depends "Unix Makefiles" /home/uwb_student00/ahls/new_BSP/work_ahls_getting_started_fix01/source/Tutorials/GettingStarted/fpga_template /home/uwb_student00/ahls/new_BSP/work_ahls_getting_started_fix01/source/Tutorials/GettingStarted/fpga_template /home/uwb_student00/ahls/new_BSP/work_ahls_getting_started_fix01/runs/template-sim/build /home/uwb_student00/ahls/new_BSP/work_ahls_getting_started_fix01/runs/template-sim/build /home/uwb_student00/ahls/new_BSP/work_ahls_getting_started_fix01/runs/template-sim/build/CMakeFiles/fpga_sim.dir/DependInfo.cmake "--color="
gmake[3]: Leaving directory '/home/uwb_student00/ahls/new_BSP/work_ahls_getting_started_fix01/runs/template-sim/build'
/usr/bin/gmake  -f CMakeFiles/fpga_sim.dir/build.make CMakeFiles/fpga_sim.dir/build
gmake[3]: Entering directory '/home/uwb_student00/ahls/new_BSP/work_ahls_getting_started_fix01/runs/template-sim/build'
[ 66%] Building CXX object CMakeFiles/fpga_sim.dir/src/fpga_template.cpp.o
/home/uwb_student00/ahls/altera_hls/aclsycl/bin/ahls  -I/home/uwb_student00/ahls/new_BSP/work_ahls_getting_started_fix01/source/Tutorials/GettingStarted/fpga_template/../../../include -I/home/uwb_student00/ahls/new_BSP/work_ahls_getting_started_fix01/source/include -Wall -Xssimulation -DFPGA_SIMULATOR -MD -MT CMakeFiles/fpga_sim.dir/src/fpga_template.cpp.o -MF CMakeFiles/fpga_sim.dir/src/fpga_template.cpp.o.d -o CMakeFiles/fpga_sim.dir/src/fpga_template.cpp.o -c /home/uwb_student00/ahls/new_BSP/work_ahls_getting_started_fix01/source/Tutorials/GettingStarted/fpga_template/src/fpga_template.cpp
[100%] Linking CXX executable fpga_template.fpga_sim
/usr/bin/cmake -E cmake_link_script CMakeFiles/fpga_sim.dir/link.txt --verbose=1
warning: -reuse-exe file '/home/uwb_student00/ahls/new_BSP/work_ahls_getting_started_fix01/runs/template-sim/build/fpga_template.fpga_sim' not found; ignored
aoc: Warning: The current version of the Altera HLS IP Gen compiler supports Altera Quartus(R) Prime version 26.1.
The version found on the PATH/QUARTUS_ROOTDIR_OVERRIDE, 25.1, is not supported.
Consider downloading a supported version of Quartus(R):
	https://www.altera.com/downloads/fpga-development-tools/quartus-prime-pro-edition-design-software-version-26-1-linux
aoc: Compiling for Simulator.
aoc: Simulation generation done!
/home/uwb_student00/ahls/altera_hls/aclsycl/bin/ahls CMakeFiles/fpga_sim.dir/src/fpga_template.cpp.o -o fpga_template.fpga_sim  -Xssimulation -Xsghdl -Xstarget=AGFB027R25A2E2V -reuse-exe=/home/uwb_student00/ahls/new_BSP/work_ahls_getting_started_fix01/runs/template-sim/build/fpga_template.fpga_sim
gmake[3]: Leaving directory '/home/uwb_student00/ahls/new_BSP/work_ahls_getting_started_fix01/runs/template-sim/build'
[100%] Built target fpga_sim
gmake[2]: Leaving directory '/home/uwb_student00/ahls/new_BSP/work_ahls_getting_started_fix01/runs/template-sim/build'
/usr/bin/cmake -E cmake_progress_start /home/uwb_student00/ahls/new_BSP/work_ahls_getting_started_fix01/runs/template-sim/build/CMakeFiles 0
gmake[1]: Leaving directory '/home/uwb_student00/ahls/new_BSP/work_ahls_getting_started_fix01/runs/template-sim/build'

