Info: Generated by version: 26.1.1 build 130
Info: Starting: Create simulation model
Info: qsys-generate /home/uwb_student00/ahls/new_BSP/work_ia840f_fim_05/syn/board/ia840f/syn_top/../../../../src/pd_qsys/fabric/bpf.qsys --simulation=VERILOG --allow-mixed-language-simulation --simulator=MODELSIM --output-directory=/home/uwb_student00/ahls/new_BSP/work_ia840f_fim_05/src/pd_qsys/fabric/bpf --family="Agilex 7" --part=AGFB027R25A2E2V
Progress: Loading fabric/bpf.qsys
Progress: Reading input file
Progress: Parameterizing module bpf_apf_mst
Progress: Parameterizing module bpf_apf_slv
Progress: Parameterizing module bpf_clock_bridge
Progress: Parameterizing module bpf_default_slv
Progress: Parameterizing module bpf_emif_slv
Progress: Parameterizing module bpf_fme_mst
Progress: Parameterizing module bpf_fme_slv
Progress: Parameterizing module bpf_hssi_slv
Progress: Parameterizing module bpf_pcie_slv
Progress: Parameterizing module bpf_pmci_lpbk_mst
Progress: Parameterizing module bpf_pmci_lpbk_slv
Progress: Parameterizing module bpf_pmci_mst
Progress: Parameterizing module bpf_pmci_slv
Progress: Parameterizing module bpf_qsfp0_slv
Progress: Parameterizing module bpf_qsfp1_slv
Progress: Parameterizing module bpf_reset_bridge
Progress: Building connections
Progress: Parameterizing connections
Progress: Validating
Progress: Done reading input file
Component Instantiation Warning: bpf.bpf_apf_mst: Project Setting information doesn't match IP Variant file. Double-click to open System Info tab.
Component Instantiation Warning: bpf.bpf_apf_slv: Project Setting information doesn't match IP Variant file. Double-click to open System Info tab.
Component Instantiation Warning: bpf.bpf_clock_bridge: Project Setting information doesn't match IP Variant file. Double-click to open System Info tab.
Component Instantiation Warning: bpf.bpf_default_slv: Project Setting information doesn't match IP Variant file. Double-click to open System Info tab.
Component Instantiation Warning: bpf.bpf_emif_slv: Project Setting information doesn't match IP Variant file. Double-click to open System Info tab.
Component Instantiation Warning: bpf.bpf_fme_mst: Project Setting information doesn't match IP Variant file. Double-click to open System Info tab.
Component Instantiation Warning: bpf.bpf_fme_slv: Project Setting information doesn't match IP Variant file. Double-click to open System Info tab.
Component Instantiation Warning: bpf.bpf_hssi_slv: Project Setting information doesn't match IP Variant file. Double-click to open System Info tab.
Component Instantiation Warning: bpf.bpf_pcie_slv: Project Setting information doesn't match IP Variant file. Double-click to open System Info tab.
Component Instantiation Warning: bpf.bpf_pmci_lpbk_mst: Project Setting information doesn't match IP Variant file. Double-click to open System Info tab.
Component Instantiation Warning: bpf.bpf_pmci_lpbk_slv: Project Setting information doesn't match IP Variant file. Double-click to open System Info tab.
Component Instantiation Warning: bpf.bpf_pmci_mst: Project Setting information doesn't match IP Variant file. Double-click to open System Info tab.
Component Instantiation Warning: bpf.bpf_pmci_slv: Project Setting information doesn't match IP Variant file. Double-click to open System Info tab.
Component Instantiation Warning: bpf.bpf_qsfp0_slv: Project Setting information doesn't match IP Variant file. Double-click to open System Info tab.
Component Instantiation Warning: bpf.bpf_qsfp1_slv: Project Setting information doesn't match IP Variant file. Double-click to open System Info tab.
Component Instantiation Warning: bpf.bpf_reset_bridge: Project Setting information doesn't match IP Variant file. Double-click to open System Info tab.
Info: bpf: "Transforming system: bpf"
Info: bpf: "Naming system components in system: bpf"
Info: bpf: "Processing generation queue"
Info: bpf: "Generating: bpf"
Info: bpf: "Generating: bpf_apf_mst"
Info: bpf: "Generating: bpf_apf_slv"
Info: bpf: "Generating: bpf_clock_bridge"
Info: bpf: "Generating: bpf_default_slv"
Info: bpf: "Generating: bpf_emif_slv"
Info: bpf: "Generating: bpf_fme_mst"
Info: bpf: "Generating: bpf_fme_slv"
Info: bpf: "Generating: bpf_hssi_slv"
Info: bpf: "Generating: bpf_pcie_slv"
Info: bpf: "Generating: bpf_pmci_lpbk_mst"
Info: bpf: "Generating: bpf_pmci_lpbk_slv"
Info: bpf: "Generating: bpf_pmci_mst"
Info: bpf: "Generating: bpf_pmci_slv"
Info: bpf: "Generating: bpf_qsfp0_slv"
Info: bpf: "Generating: bpf_qsfp1_slv"
Info: bpf: "Generating: bpf_reset_bridge"
Info: bpf: "Generating: bpf_altera_mm_interconnect_1920_klwixhi"
Info: bpf: "Generating: bpf_altera_merlin_axi_translator_1988_n73csba"
Info: bpf: "Generating: bpf_altera_merlin_axi_master_ni_19121_jqy4kmq"
Info: bpf: "Generating: bpf_altera_merlin_axi_slave_ni_19134_5hij4vy"
Info: my_altera_avalon_sc_fifo_wr: "Generating: my_altera_avalon_sc_fifo_wr"
Info: my_altera_avalon_sc_fifo_rd: "Generating: my_altera_avalon_sc_fifo_rd"
Info: my_altera_avalon_st_pipeline_stage_rd: "Generating: my_altera_avalon_st_pipeline_stage_rd"
Info: my_altera_avalon_st_pipeline_stage_wr: "Generating: my_altera_avalon_st_pipeline_stage_wr"
Info: my_altera_avalon_st_pipeline_stage_rp: "Generating: my_altera_avalon_st_pipeline_stage_rp"
Info: bpf: "Generating: bpf_altera_merlin_axi_slave_ni_19134_h2jc4wa"
Info: my_altera_avalon_sc_fifo_wr: "Generating: my_altera_avalon_sc_fifo_wr"
Info: my_altera_avalon_sc_fifo_rd: "Generating: my_altera_avalon_sc_fifo_rd"
Info: my_altera_avalon_st_pipeline_stage_rd: "Generating: my_altera_avalon_st_pipeline_stage_rd"
Info: my_altera_avalon_st_pipeline_stage_wr: "Generating: my_altera_avalon_st_pipeline_stage_wr"
Info: my_altera_avalon_st_pipeline_stage_rp: "Generating: my_altera_avalon_st_pipeline_stage_rp"
Info: bpf: "Generating: bpf_altera_merlin_axi_slave_ni_19134_do4qz2a"
Info: my_altera_avalon_sc_fifo_wr: "Generating: my_altera_avalon_sc_fifo_wr"
Info: my_altera_avalon_sc_fifo_rd: "Generating: my_altera_avalon_sc_fifo_rd"
Info: my_altera_avalon_st_pipeline_stage_rd: "Generating: my_altera_avalon_st_pipeline_stage_rd"
Info: my_altera_avalon_st_pipeline_stage_wr: "Generating: my_altera_avalon_st_pipeline_stage_wr"
Info: my_altera_avalon_st_pipeline_stage_rp: "Generating: my_altera_avalon_st_pipeline_stage_rp"
Info: bpf: "Generating: bpf_altera_merlin_axi_slave_ni_19134_7bp63by"
Info: my_altera_avalon_sc_fifo_wr: "Generating: my_altera_avalon_sc_fifo_wr"
Info: my_altera_avalon_sc_fifo_rd: "Generating: my_altera_avalon_sc_fifo_rd"
Info: my_altera_avalon_st_pipeline_stage_rd: "Generating: my_altera_avalon_st_pipeline_stage_rd"
Info: my_altera_avalon_st_pipeline_stage_wr: "Generating: my_altera_avalon_st_pipeline_stage_wr"
Info: my_altera_avalon_st_pipeline_stage_rp: "Generating: my_altera_avalon_st_pipeline_stage_rp"
Info: bpf: "Generating: bpf_altera_merlin_axi_slave_ni_19134_igmxdci"
Info: my_altera_avalon_sc_fifo_wr: "Generating: my_altera_avalon_sc_fifo_wr"
Info: my_altera_avalon_sc_fifo_rd: "Generating: my_altera_avalon_sc_fifo_rd"
Info: my_altera_avalon_st_pipeline_stage_rd: "Generating: my_altera_avalon_st_pipeline_stage_rd"
Info: my_altera_avalon_st_pipeline_stage_wr: "Generating: my_altera_avalon_st_pipeline_stage_wr"
Info: my_altera_avalon_st_pipeline_stage_rp: "Generating: my_altera_avalon_st_pipeline_stage_rp"
Info: bpf: "Generating: bpf_altera_merlin_axi_slave_ni_19134_cdutsuy"
Info: my_altera_avalon_sc_fifo_wr: "Generating: my_altera_avalon_sc_fifo_wr"
Info: my_altera_avalon_sc_fifo_rd: "Generating: my_altera_avalon_sc_fifo_rd"
Info: my_altera_avalon_st_pipeline_stage_rd: "Generating: my_altera_avalon_st_pipeline_stage_rd"
Info: my_altera_avalon_st_pipeline_stage_wr: "Generating: my_altera_avalon_st_pipeline_stage_wr"
Info: my_altera_avalon_st_pipeline_stage_rp: "Generating: my_altera_avalon_st_pipeline_stage_rp"
Info: bpf: "Generating: bpf_altera_merlin_axi_slave_ni_19134_n7rgnaq"
Info: my_altera_avalon_sc_fifo_wr: "Generating: my_altera_avalon_sc_fifo_wr"
Info: my_altera_avalon_sc_fifo_rd: "Generating: my_altera_avalon_sc_fifo_rd"
Info: my_altera_avalon_st_pipeline_stage_rd: "Generating: my_altera_avalon_st_pipeline_stage_rd"
Info: my_altera_avalon_st_pipeline_stage_wr: "Generating: my_altera_avalon_st_pipeline_stage_wr"
Info: my_altera_avalon_st_pipeline_stage_rp: "Generating: my_altera_avalon_st_pipeline_stage_rp"
Info: bpf: "Generating: bpf_altera_merlin_axi_slave_ni_19134_jleuimq"
Info: my_altera_avalon_sc_fifo_wr: "Generating: my_altera_avalon_sc_fifo_wr"
Info: my_altera_avalon_sc_fifo_rd: "Generating: my_altera_avalon_sc_fifo_rd"
Info: my_altera_avalon_st_pipeline_stage_rd: "Generating: my_altera_avalon_st_pipeline_stage_rd"
Info: my_altera_avalon_st_pipeline_stage_wr: "Generating: my_altera_avalon_st_pipeline_stage_wr"
Info: my_altera_avalon_st_pipeline_stage_rp: "Generating: my_altera_avalon_st_pipeline_stage_rp"
Info: bpf: "Generating: bpf_altera_merlin_axi_slave_ni_19134_rqcip3i"
Info: my_altera_avalon_sc_fifo_wr: "Generating: my_altera_avalon_sc_fifo_wr"
Info: my_altera_avalon_sc_fifo_rd: "Generating: my_altera_avalon_sc_fifo_rd"
Info: my_altera_avalon_st_pipeline_stage_rd: "Generating: my_altera_avalon_st_pipeline_stage_rd"
Info: my_altera_avalon_st_pipeline_stage_wr: "Generating: my_altera_avalon_st_pipeline_stage_wr"
Info: my_altera_avalon_st_pipeline_stage_rp: "Generating: my_altera_avalon_st_pipeline_stage_rp"
Info: bpf: "Generating: bpf_altera_merlin_axi_slave_ni_19134_vex2kxi"
Info: my_altera_avalon_sc_fifo_wr: "Generating: my_altera_avalon_sc_fifo_wr"
Info: my_altera_avalon_sc_fifo_rd: "Generating: my_altera_avalon_sc_fifo_rd"
Info: my_altera_avalon_st_pipeline_stage_rd: "Generating: my_altera_avalon_st_pipeline_stage_rd"
Info: my_altera_avalon_st_pipeline_stage_wr: "Generating: my_altera_avalon_st_pipeline_stage_wr"
Info: my_altera_avalon_st_pipeline_stage_rp: "Generating: my_altera_avalon_st_pipeline_stage_rp"
Info: bpf: "Generating: bpf_altera_merlin_router_1921_fwad6ey"
Info: bpf: "Generating: bpf_altera_merlin_router_1921_pymovni"
Info: bpf: "Generating: bpf_altera_merlin_router_1921_qlk554q"
Info: bpf: "Generating: bpf_altera_merlin_router_1921_f3lu6sy"
Info: bpf: "Generating: bpf_altera_merlin_router_1921_6gvqo3a"
Info: bpf: "Generating: bpf_altera_merlin_router_1921_zfokh3a"
Info: bpf: "Generating: bpf_altera_merlin_router_1921_bz5x4oi"
Info: bpf: "Generating: bpf_altera_merlin_router_1921_mrxvdvy"
Info: bpf: "Generating: bpf_altera_merlin_router_1921_7dfcawq"
Info: bpf: "Generating: bpf_altera_merlin_router_1921_pqx6aoy"
Info: bpf: "Generating: bpf_altera_merlin_router_1921_urrioay"
Info: bpf: "Generating: bpf_altera_merlin_router_1921_znxcw5a"
Info: bpf: "Generating: bpf_altera_merlin_router_1921_ega27ay"
Info: bpf: "Generating: bpf_altera_merlin_router_1921_2efcx4i"
Info: bpf: "Generating: bpf_altera_merlin_traffic_limiter_1922_mnpodii"
Info: my_altera_avalon_sc_fifo_dest_id_fifo: "Generating: my_altera_avalon_sc_fifo_dest_id_fifo"
Info: bpf: "Generating: bpf_altera_merlin_demultiplexer_1921_rekenny"
Info: bpf: "Generating: bpf_altera_merlin_demultiplexer_1921_df4lxha"
Info: bpf: "Generating: bpf_altera_merlin_demultiplexer_1921_jomua2a"
Info: bpf: "Generating: bpf_altera_merlin_multiplexer_1922_tztdd5q"
Info: bpf: "Generating: bpf_altera_merlin_multiplexer_1922_ef26foi"
Info: bpf: "Generating: bpf_altera_merlin_multiplexer_1922_k5ajcbi"
Info: bpf: "Generating: bpf_altera_merlin_demultiplexer_1921_5a6aaiq"
Info: bpf: "Generating: bpf_altera_merlin_demultiplexer_1921_ovwozii"
Info: bpf: "Generating: bpf_altera_merlin_demultiplexer_1921_dpd2edi"
Info: bpf: "Generating: bpf_altera_merlin_multiplexer_1922_zoiaw6i"
Info: bpf: "Generating: bpf_altera_merlin_multiplexer_1922_dvuz43a"
Info: bpf: "Generating: bpf_altera_merlin_multiplexer_1922_xq44rsq"
Info: bpf: "Generating: bpf_altera_merlin_axi_slave_ni_altera_avalon_sc_fifo_19134_jb2uiqi"
Info: bpf: "Generating: bpf_altera_merlin_axi_slave_ni_altera_avalon_st_pipeline_stage_19134_4hmnj3y"
Info: bpf: "Generating: bpf_altera_merlin_axi_slave_ni_altera_avalon_st_pipeline_stage_19134_qeiahmi"
Info: bpf: "Generating: bpf_altera_merlin_axi_slave_ni_altera_avalon_st_pipeline_stage_19134_ha2kgei"
Info: bpf: "Generating: bpf_altera_merlin_axi_slave_ni_altera_avalon_sc_fifo_19134_lyw7kja"
Info: bpf: "Generating: bpf_altera_merlin_axi_slave_ni_altera_avalon_st_pipeline_stage_19134_4hmnj3y"
Info: bpf: "Generating: bpf_altera_merlin_axi_slave_ni_altera_avalon_st_pipeline_stage_19134_qeiahmi"
Info: bpf: "Generating: bpf_altera_merlin_axi_slave_ni_altera_avalon_st_pipeline_stage_19134_ha2kgei"
Info: bpf: "Generating: bpf_altera_merlin_axi_slave_ni_altera_avalon_sc_fifo_19134_lyw7kja"
Info: bpf: "Generating: bpf_altera_merlin_axi_slave_ni_altera_avalon_st_pipeline_stage_19134_4hmnj3y"
Info: bpf: "Generating: bpf_altera_merlin_axi_slave_ni_altera_avalon_st_pipeline_stage_19134_qeiahmi"
Info: bpf: "Generating: bpf_altera_merlin_axi_slave_ni_altera_avalon_st_pipeline_stage_19134_ha2kgei"
Info: bpf: "Generating: bpf_altera_merlin_axi_slave_ni_altera_avalon_sc_fifo_19134_lyw7kja"
Info: bpf: "Generating: bpf_altera_merlin_axi_slave_ni_altera_avalon_st_pipeline_stage_19134_4hmnj3y"
Info: bpf: "Generating: bpf_altera_merlin_axi_slave_ni_altera_avalon_st_pipeline_stage_19134_qeiahmi"
Info: bpf: "Generating: bpf_altera_merlin_axi_slave_ni_altera_avalon_st_pipeline_stage_19134_ha2kgei"
Info: bpf: "Generating: bpf_altera_merlin_axi_slave_ni_altera_avalon_sc_fifo_19134_lyw7kja"
Info: bpf: "Generating: bpf_altera_merlin_axi_slave_ni_altera_avalon_st_pipeline_stage_19134_4hmnj3y"
Info: bpf: "Generating: bpf_altera_merlin_axi_slave_ni_altera_avalon_st_pipeline_stage_19134_qeiahmi"
Info: bpf: "Generating: bpf_altera_merlin_axi_slave_ni_altera_avalon_st_pipeline_stage_19134_ha2kgei"
Info: bpf: "Generating: bpf_altera_merlin_axi_slave_ni_altera_avalon_sc_fifo_19134_lyw7kja"
Info: bpf: "Generating: bpf_altera_merlin_axi_slave_ni_altera_avalon_st_pipeline_stage_19134_4hmnj3y"
Info: bpf: "Generating: bpf_altera_merlin_axi_slave_ni_altera_avalon_st_pipeline_stage_19134_qeiahmi"
Info: bpf: "Generating: bpf_altera_merlin_axi_slave_ni_altera_avalon_st_pipeline_stage_19134_ha2kgei"
Info: bpf: "Generating: bpf_altera_merlin_axi_slave_ni_altera_avalon_sc_fifo_19134_lyw7kja"
Info: bpf: "Generating: bpf_altera_merlin_axi_slave_ni_altera_avalon_st_pipeline_stage_19134_4hmnj3y"
Info: bpf: "Generating: bpf_altera_merlin_axi_slave_ni_altera_avalon_st_pipeline_stage_19134_qeiahmi"
Info: bpf: "Generating: bpf_altera_merlin_axi_slave_ni_altera_avalon_st_pipeline_stage_19134_ha2kgei"
Info: bpf: "Generating: bpf_altera_merlin_axi_slave_ni_altera_avalon_sc_fifo_19134_lyw7kja"
Info: bpf: "Generating: bpf_altera_merlin_axi_slave_ni_altera_avalon_st_pipeline_stage_19134_4hmnj3y"
Info: bpf: "Generating: bpf_altera_merlin_axi_slave_ni_altera_avalon_st_pipeline_stage_19134_qeiahmi"
Info: bpf: "Generating: bpf_altera_merlin_axi_slave_ni_altera_avalon_st_pipeline_stage_19134_ha2kgei"
Info: bpf: "Generating: bpf_altera_merlin_axi_slave_ni_altera_avalon_sc_fifo_19134_lyw7kja"
Info: bpf: "Generating: bpf_altera_merlin_axi_slave_ni_altera_avalon_st_pipeline_stage_19134_4hmnj3y"
Info: bpf: "Generating: bpf_altera_merlin_axi_slave_ni_altera_avalon_st_pipeline_stage_19134_qeiahmi"
Info: bpf: "Generating: bpf_altera_merlin_axi_slave_ni_altera_avalon_st_pipeline_stage_19134_ha2kgei"
Info: bpf: "Generating: bpf_altera_merlin_axi_slave_ni_altera_avalon_sc_fifo_19134_lyw7kja"
Info: bpf: "Generating: bpf_altera_merlin_axi_slave_ni_altera_avalon_st_pipeline_stage_19134_4hmnj3y"
Info: bpf: "Generating: bpf_altera_merlin_axi_slave_ni_altera_avalon_st_pipeline_stage_19134_qeiahmi"
Info: bpf: "Generating: bpf_altera_merlin_axi_slave_ni_altera_avalon_st_pipeline_stage_19134_ha2kgei"
Info: bpf: "Generating: bpf_altera_merlin_traffic_limiter_altera_avalon_sc_fifo_1922_tre3lzi"
Info: bpf: "Generating: bpf_altera_avalon_sc_fifo_1932_onpcouq"
Info: bpf: "Generating: bpf_altera_avalon_st_pipeline_stage_1930_oiupeiq"
Info: bpf: Done "bpf" with 100 modules, 204 files
Info: Generating the following file(s) for MODELSIM simulator in /home/uwb_student00/ahls/new_BSP/work_ia840f_fim_05/src/pd_qsys/fabric/bpf/sim/ directory:
Info: 	common/modelsim_files.tcl
Info: For information on how to simulate your IP, see the explanatory comments in the simulator-specific subdirectories under /home/uwb_student00/ahls/new_BSP/work_ia840f_fim_05/src/pd_qsys/fabric/bpf/sim/.
Info: Regenerate these scripts whenever you make any change to any Quartus-generated IP in your project.
Info: Finished: Create simulation model
Info: Starting: Create simulation script
Info: sim-script-gen --system-file=/home/uwb_student00/ahls/new_BSP/work_ia840f_fim_05/syn/board/ia840f/syn_top/../../../../src/pd_qsys/fabric/bpf.qsys --simulator=MODELSIM --output-directory=/home/uwb_student00/ahls/new_BSP/work_ia840f_fim_05/src/pd_qsys/fabric/bpf/sim/ --use-relative-paths=true --modelsim-flow=traditional
Info: Generating the following file(s) for MODELSIM simulator in /home/uwb_student00/ahls/new_BSP/work_ia840f_fim_05/src/pd_qsys/fabric/bpf/sim/ directory:
Info: 	mentor/msim_setup.tcl
Info: 	mentor/run_msim_setup.tcl
Info: For information on how to simulate your IP, see the explanatory comments in the simulator-specific subdirectories under /home/uwb_student00/ahls/new_BSP/work_ia840f_fim_05/src/pd_qsys/fabric/bpf/sim/.
Info: Regenerate these scripts whenever you make any change to any Quartus-generated IP in your project.
Info: Finished: Create simulation script
Info: 
Info: Starting: Create HDL design files for synthesis
Info: qsys-generate /home/uwb_student00/ahls/new_BSP/work_ia840f_fim_05/syn/board/ia840f/syn_top/../../../../src/pd_qsys/fabric/bpf.qsys --synthesis=VERILOG --output-directory=/home/uwb_student00/ahls/new_BSP/work_ia840f_fim_05/src/pd_qsys/fabric/bpf --family="Agilex 7" --part=AGFB027R25A2E2V
Progress: Loading fabric/bpf.qsys
Progress: Reading input file
Progress: Parameterizing module bpf_apf_mst
Progress: Parameterizing module bpf_apf_slv
Progress: Parameterizing module bpf_clock_bridge
Progress: Parameterizing module bpf_default_slv
Progress: Parameterizing module bpf_emif_slv
Progress: Parameterizing module bpf_fme_mst
Progress: Parameterizing module bpf_fme_slv
Progress: Parameterizing module bpf_hssi_slv
Progress: Parameterizing module bpf_pcie_slv
Progress: Parameterizing module bpf_pmci_lpbk_mst
Progress: Parameterizing module bpf_pmci_lpbk_slv
Progress: Parameterizing module bpf_pmci_mst
Progress: Parameterizing module bpf_pmci_slv
Progress: Parameterizing module bpf_qsfp0_slv
Progress: Parameterizing module bpf_qsfp1_slv
Progress: Parameterizing module bpf_reset_bridge
Progress: Building connections
Progress: Parameterizing connections
Progress: Validating
Progress: Done reading input file
Component Instantiation Warning: bpf.bpf_apf_mst: Project Setting information doesn't match IP Variant file. Double-click to open System Info tab.
Component Instantiation Warning: bpf.bpf_apf_slv: Project Setting information doesn't match IP Variant file. Double-click to open System Info tab.
Component Instantiation Warning: bpf.bpf_clock_bridge: Project Setting information doesn't match IP Variant file. Double-click to open System Info tab.
Component Instantiation Warning: bpf.bpf_default_slv: Project Setting information doesn't match IP Variant file. Double-click to open System Info tab.
Component Instantiation Warning: bpf.bpf_emif_slv: Project Setting information doesn't match IP Variant file. Double-click to open System Info tab.
Component Instantiation Warning: bpf.bpf_fme_mst: Project Setting information doesn't match IP Variant file. Double-click to open System Info tab.
Component Instantiation Warning: bpf.bpf_fme_slv: Project Setting information doesn't match IP Variant file. Double-click to open System Info tab.
Component Instantiation Warning: bpf.bpf_hssi_slv: Project Setting information doesn't match IP Variant file. Double-click to open System Info tab.
Component Instantiation Warning: bpf.bpf_pcie_slv: Project Setting information doesn't match IP Variant file. Double-click to open System Info tab.
Component Instantiation Warning: bpf.bpf_pmci_lpbk_mst: Project Setting information doesn't match IP Variant file. Double-click to open System Info tab.
Component Instantiation Warning: bpf.bpf_pmci_lpbk_slv: Project Setting information doesn't match IP Variant file. Double-click to open System Info tab.
Component Instantiation Warning: bpf.bpf_pmci_mst: Project Setting information doesn't match IP Variant file. Double-click to open System Info tab.
Component Instantiation Warning: bpf.bpf_pmci_slv: Project Setting information doesn't match IP Variant file. Double-click to open System Info tab.
Component Instantiation Warning: bpf.bpf_qsfp0_slv: Project Setting information doesn't match IP Variant file. Double-click to open System Info tab.
Component Instantiation Warning: bpf.bpf_qsfp1_slv: Project Setting information doesn't match IP Variant file. Double-click to open System Info tab.
Component Instantiation Warning: bpf.bpf_reset_bridge: Project Setting information doesn't match IP Variant file. Double-click to open System Info tab.
Info: bpf: "Transforming system: bpf"
Info: bpf: "Naming system components in system: bpf"
Info: bpf: "Processing generation queue"
Info: bpf: "Generating: bpf"
Info: bpf: "Generating: bpf_apf_mst"
Info: bpf: "Generating: bpf_apf_slv"
Info: bpf: "Generating: bpf_clock_bridge"
Info: bpf: "Generating: bpf_default_slv"
Info: bpf: "Generating: bpf_emif_slv"
Info: bpf: "Generating: bpf_fme_mst"
Info: bpf: "Generating: bpf_fme_slv"
Info: bpf: "Generating: bpf_hssi_slv"
Info: bpf: "Generating: bpf_pcie_slv"
Info: bpf: "Generating: bpf_pmci_lpbk_mst"
Info: bpf: "Generating: bpf_pmci_lpbk_slv"
Info: bpf: "Generating: bpf_pmci_mst"
Info: bpf: "Generating: bpf_pmci_slv"
Info: bpf: "Generating: bpf_qsfp0_slv"
Info: bpf: "Generating: bpf_qsfp1_slv"
Info: bpf: "Generating: bpf_reset_bridge"
Info: bpf: "Generating: bpf_altera_mm_interconnect_1920_klwixhi"
Info: bpf: "Generating: bpf_altera_merlin_axi_translator_1988_n73csba"
Info: bpf: "Generating: bpf_altera_merlin_axi_master_ni_19121_jqy4kmq"
Info: bpf: "Generating: bpf_altera_merlin_axi_slave_ni_19134_5hij4vy"
Info: my_altera_avalon_sc_fifo_wr: "Generating: my_altera_avalon_sc_fifo_wr"
Info: my_altera_avalon_sc_fifo_rd: "Generating: my_altera_avalon_sc_fifo_rd"
Info: my_altera_avalon_st_pipeline_stage_rd: "Generating: my_altera_avalon_st_pipeline_stage_rd"
Info: my_altera_avalon_st_pipeline_stage_wr: "Generating: my_altera_avalon_st_pipeline_stage_wr"
Info: my_altera_avalon_st_pipeline_stage_rp: "Generating: my_altera_avalon_st_pipeline_stage_rp"
Info: bpf: "Generating: bpf_altera_merlin_axi_slave_ni_19134_h2jc4wa"
Info: my_altera_avalon_sc_fifo_wr: "Generating: my_altera_avalon_sc_fifo_wr"
Info: my_altera_avalon_sc_fifo_rd: "Generating: my_altera_avalon_sc_fifo_rd"
Info: my_altera_avalon_st_pipeline_stage_rd: "Generating: my_altera_avalon_st_pipeline_stage_rd"
Info: my_altera_avalon_st_pipeline_stage_wr: "Generating: my_altera_avalon_st_pipeline_stage_wr"
Info: my_altera_avalon_st_pipeline_stage_rp: "Generating: my_altera_avalon_st_pipeline_stage_rp"
Info: bpf: "Generating: bpf_altera_merlin_axi_slave_ni_19134_do4qz2a"
Info: my_altera_avalon_sc_fifo_wr: "Generating: my_altera_avalon_sc_fifo_wr"
Info: my_altera_avalon_sc_fifo_rd: "Generating: my_altera_avalon_sc_fifo_rd"
Info: my_altera_avalon_st_pipeline_stage_rd: "Generating: my_altera_avalon_st_pipeline_stage_rd"
Info: my_altera_avalon_st_pipeline_stage_wr: "Generating: my_altera_avalon_st_pipeline_stage_wr"
Info: my_altera_avalon_st_pipeline_stage_rp: "Generating: my_altera_avalon_st_pipeline_stage_rp"
Info: bpf: "Generating: bpf_altera_merlin_axi_slave_ni_19134_7bp63by"
Info: my_altera_avalon_sc_fifo_wr: "Generating: my_altera_avalon_sc_fifo_wr"
Info: my_altera_avalon_sc_fifo_rd: "Generating: my_altera_avalon_sc_fifo_rd"
Info: my_altera_avalon_st_pipeline_stage_rd: "Generating: my_altera_avalon_st_pipeline_stage_rd"
Info: my_altera_avalon_st_pipeline_stage_wr: "Generating: my_altera_avalon_st_pipeline_stage_wr"
Info: my_altera_avalon_st_pipeline_stage_rp: "Generating: my_altera_avalon_st_pipeline_stage_rp"
Info: bpf: "Generating: bpf_altera_merlin_axi_slave_ni_19134_igmxdci"
Info: my_altera_avalon_sc_fifo_wr: "Generating: my_altera_avalon_sc_fifo_wr"
Info: my_altera_avalon_sc_fifo_rd: "Generating: my_altera_avalon_sc_fifo_rd"
Info: my_altera_avalon_st_pipeline_stage_rd: "Generating: my_altera_avalon_st_pipeline_stage_rd"
Info: my_altera_avalon_st_pipeline_stage_wr: "Generating: my_altera_avalon_st_pipeline_stage_wr"
Info: my_altera_avalon_st_pipeline_stage_rp: "Generating: my_altera_avalon_st_pipeline_stage_rp"
Info: bpf: "Generating: bpf_altera_merlin_axi_slave_ni_19134_cdutsuy"
Info: my_altera_avalon_sc_fifo_wr: "Generating: my_altera_avalon_sc_fifo_wr"
Info: my_altera_avalon_sc_fifo_rd: "Generating: my_altera_avalon_sc_fifo_rd"
Info: my_altera_avalon_st_pipeline_stage_rd: "Generating: my_altera_avalon_st_pipeline_stage_rd"
Info: my_altera_avalon_st_pipeline_stage_wr: "Generating: my_altera_avalon_st_pipeline_stage_wr"
Info: my_altera_avalon_st_pipeline_stage_rp: "Generating: my_altera_avalon_st_pipeline_stage_rp"
Info: bpf: "Generating: bpf_altera_merlin_axi_slave_ni_19134_n7rgnaq"
Info: my_altera_avalon_sc_fifo_wr: "Generating: my_altera_avalon_sc_fifo_wr"
Info: my_altera_avalon_sc_fifo_rd: "Generating: my_altera_avalon_sc_fifo_rd"
Info: my_altera_avalon_st_pipeline_stage_rd: "Generating: my_altera_avalon_st_pipeline_stage_rd"
Info: my_altera_avalon_st_pipeline_stage_wr: "Generating: my_altera_avalon_st_pipeline_stage_wr"
Info: my_altera_avalon_st_pipeline_stage_rp: "Generating: my_altera_avalon_st_pipeline_stage_rp"
Info: bpf: "Generating: bpf_altera_merlin_axi_slave_ni_19134_jleuimq"
Info: my_altera_avalon_sc_fifo_wr: "Generating: my_altera_avalon_sc_fifo_wr"
Info: my_altera_avalon_sc_fifo_rd: "Generating: my_altera_avalon_sc_fifo_rd"
Info: my_altera_avalon_st_pipeline_stage_rd: "Generating: my_altera_avalon_st_pipeline_stage_rd"
Info: my_altera_avalon_st_pipeline_stage_wr: "Generating: my_altera_avalon_st_pipeline_stage_wr"
Info: my_altera_avalon_st_pipeline_stage_rp: "Generating: my_altera_avalon_st_pipeline_stage_rp"
Info: bpf: "Generating: bpf_altera_merlin_axi_slave_ni_19134_rqcip3i"
Info: my_altera_avalon_sc_fifo_wr: "Generating: my_altera_avalon_sc_fifo_wr"
Info: my_altera_avalon_sc_fifo_rd: "Generating: my_altera_avalon_sc_fifo_rd"
Info: my_altera_avalon_st_pipeline_stage_rd: "Generating: my_altera_avalon_st_pipeline_stage_rd"
Info: my_altera_avalon_st_pipeline_stage_wr: "Generating: my_altera_avalon_st_pipeline_stage_wr"
Info: my_altera_avalon_st_pipeline_stage_rp: "Generating: my_altera_avalon_st_pipeline_stage_rp"
Info: bpf: "Generating: bpf_altera_merlin_axi_slave_ni_19134_vex2kxi"
Info: my_altera_avalon_sc_fifo_wr: "Generating: my_altera_avalon_sc_fifo_wr"
Info: my_altera_avalon_sc_fifo_rd: "Generating: my_altera_avalon_sc_fifo_rd"
Info: my_altera_avalon_st_pipeline_stage_rd: "Generating: my_altera_avalon_st_pipeline_stage_rd"
Info: my_altera_avalon_st_pipeline_stage_wr: "Generating: my_altera_avalon_st_pipeline_stage_wr"
Info: my_altera_avalon_st_pipeline_stage_rp: "Generating: my_altera_avalon_st_pipeline_stage_rp"
Info: bpf: "Generating: bpf_altera_merlin_router_1921_fwad6ey"
Info: bpf: "Generating: bpf_altera_merlin_router_1921_pymovni"
Info: bpf: "Generating: bpf_altera_merlin_router_1921_qlk554q"
Info: bpf: "Generating: bpf_altera_merlin_router_1921_f3lu6sy"
Info: bpf: "Generating: bpf_altera_merlin_router_1921_6gvqo3a"
Info: bpf: "Generating: bpf_altera_merlin_router_1921_zfokh3a"
Info: bpf: "Generating: bpf_altera_merlin_router_1921_bz5x4oi"
Info: bpf: "Generating: bpf_altera_merlin_router_1921_mrxvdvy"
Info: bpf: "Generating: bpf_altera_merlin_router_1921_7dfcawq"
Info: bpf: "Generating: bpf_altera_merlin_router_1921_pqx6aoy"
Info: bpf: "Generating: bpf_altera_merlin_router_1921_urrioay"
Info: bpf: "Generating: bpf_altera_merlin_router_1921_znxcw5a"
Info: bpf: "Generating: bpf_altera_merlin_router_1921_ega27ay"
Info: bpf: "Generating: bpf_altera_merlin_router_1921_2efcx4i"
Info: bpf: "Generating: bpf_altera_merlin_traffic_limiter_1922_mnpodii"
Info: my_altera_avalon_sc_fifo_dest_id_fifo: "Generating: my_altera_avalon_sc_fifo_dest_id_fifo"
Info: bpf: "Generating: bpf_altera_merlin_demultiplexer_1921_rekenny"
Info: bpf: "Generating: bpf_altera_merlin_demultiplexer_1921_df4lxha"
Info: bpf: "Generating: bpf_altera_merlin_demultiplexer_1921_jomua2a"
Info: bpf: "Generating: bpf_altera_merlin_multiplexer_1922_tztdd5q"
Info: bpf: "Generating: bpf_altera_merlin_multiplexer_1922_ef26foi"
Info: bpf: "Generating: bpf_altera_merlin_multiplexer_1922_k5ajcbi"
Info: bpf: "Generating: bpf_altera_merlin_demultiplexer_1921_5a6aaiq"
Info: bpf: "Generating: bpf_altera_merlin_demultiplexer_1921_ovwozii"
Info: bpf: "Generating: bpf_altera_merlin_demultiplexer_1921_dpd2edi"
Info: bpf: "Generating: bpf_altera_merlin_multiplexer_1922_zoiaw6i"
Info: bpf: "Generating: bpf_altera_merlin_multiplexer_1922_dvuz43a"
Info: bpf: "Generating: bpf_altera_merlin_multiplexer_1922_xq44rsq"
Info: bpf: "Generating: bpf_altera_merlin_axi_slave_ni_altera_avalon_sc_fifo_19134_jb2uiqi"
Info: bpf: "Generating: bpf_altera_merlin_axi_slave_ni_altera_avalon_st_pipeline_stage_19134_4hmnj3y"
Info: bpf: "Generating: bpf_altera_merlin_axi_slave_ni_altera_avalon_st_pipeline_stage_19134_qeiahmi"
Info: bpf: "Generating: bpf_altera_merlin_axi_slave_ni_altera_avalon_st_pipeline_stage_19134_ha2kgei"
Info: bpf: "Generating: bpf_altera_merlin_axi_slave_ni_altera_avalon_sc_fifo_19134_lyw7kja"
Info: bpf: "Generating: bpf_altera_merlin_axi_slave_ni_altera_avalon_st_pipeline_stage_19134_4hmnj3y"
Info: bpf: "Generating: bpf_altera_merlin_axi_slave_ni_altera_avalon_st_pipeline_stage_19134_qeiahmi"
Info: bpf: "Generating: bpf_altera_merlin_axi_slave_ni_altera_avalon_st_pipeline_stage_19134_ha2kgei"
Info: bpf: "Generating: bpf_altera_merlin_axi_slave_ni_altera_avalon_sc_fifo_19134_lyw7kja"
Info: bpf: "Generating: bpf_altera_merlin_axi_slave_ni_altera_avalon_st_pipeline_stage_19134_4hmnj3y"
Info: bpf: "Generating: bpf_altera_merlin_axi_slave_ni_altera_avalon_st_pipeline_stage_19134_qeiahmi"
Info: bpf: "Generating: bpf_altera_merlin_axi_slave_ni_altera_avalon_st_pipeline_stage_19134_ha2kgei"
Info: bpf: "Generating: bpf_altera_merlin_axi_slave_ni_altera_avalon_sc_fifo_19134_lyw7kja"
Info: bpf: "Generating: bpf_altera_merlin_axi_slave_ni_altera_avalon_st_pipeline_stage_19134_4hmnj3y"
Info: bpf: "Generating: bpf_altera_merlin_axi_slave_ni_altera_avalon_st_pipeline_stage_19134_qeiahmi"
Info: bpf: "Generating: bpf_altera_merlin_axi_slave_ni_altera_avalon_st_pipeline_stage_19134_ha2kgei"
Info: bpf: "Generating: bpf_altera_merlin_axi_slave_ni_altera_avalon_sc_fifo_19134_lyw7kja"
Info: bpf: "Generating: bpf_altera_merlin_axi_slave_ni_altera_avalon_st_pipeline_stage_19134_4hmnj3y"
Info: bpf: "Generating: bpf_altera_merlin_axi_slave_ni_altera_avalon_st_pipeline_stage_19134_qeiahmi"
Info: bpf: "Generating: bpf_altera_merlin_axi_slave_ni_altera_avalon_st_pipeline_stage_19134_ha2kgei"
Info: bpf: "Generating: bpf_altera_merlin_axi_slave_ni_altera_avalon_sc_fifo_19134_lyw7kja"
Info: bpf: "Generating: bpf_altera_merlin_axi_slave_ni_altera_avalon_st_pipeline_stage_19134_4hmnj3y"
Info: bpf: "Generating: bpf_altera_merlin_axi_slave_ni_altera_avalon_st_pipeline_stage_19134_qeiahmi"
Info: bpf: "Generating: bpf_altera_merlin_axi_slave_ni_altera_avalon_st_pipeline_stage_19134_ha2kgei"
Info: bpf: "Generating: bpf_altera_merlin_axi_slave_ni_altera_avalon_sc_fifo_19134_lyw7kja"
Info: bpf: "Generating: bpf_altera_merlin_axi_slave_ni_altera_avalon_st_pipeline_stage_19134_4hmnj3y"
Info: bpf: "Generating: bpf_altera_merlin_axi_slave_ni_altera_avalon_st_pipeline_stage_19134_qeiahmi"
Info: bpf: "Generating: bpf_altera_merlin_axi_slave_ni_altera_avalon_st_pipeline_stage_19134_ha2kgei"
Info: bpf: "Generating: bpf_altera_merlin_axi_slave_ni_altera_avalon_sc_fifo_19134_lyw7kja"
Info: bpf: "Generating: bpf_altera_merlin_axi_slave_ni_altera_avalon_st_pipeline_stage_19134_4hmnj3y"
Info: bpf: "Generating: bpf_altera_merlin_axi_slave_ni_altera_avalon_st_pipeline_stage_19134_qeiahmi"
Info: bpf: "Generating: bpf_altera_merlin_axi_slave_ni_altera_avalon_st_pipeline_stage_19134_ha2kgei"
Info: bpf: "Generating: bpf_altera_merlin_axi_slave_ni_altera_avalon_sc_fifo_19134_lyw7kja"
Info: bpf: "Generating: bpf_altera_merlin_axi_slave_ni_altera_avalon_st_pipeline_stage_19134_4hmnj3y"
Info: bpf: "Generating: bpf_altera_merlin_axi_slave_ni_altera_avalon_st_pipeline_stage_19134_qeiahmi"
Info: bpf: "Generating: bpf_altera_merlin_axi_slave_ni_altera_avalon_st_pipeline_stage_19134_ha2kgei"
Info: bpf: "Generating: bpf_altera_merlin_axi_slave_ni_altera_avalon_sc_fifo_19134_lyw7kja"
Info: bpf: "Generating: bpf_altera_merlin_axi_slave_ni_altera_avalon_st_pipeline_stage_19134_4hmnj3y"
Info: bpf: "Generating: bpf_altera_merlin_axi_slave_ni_altera_avalon_st_pipeline_stage_19134_qeiahmi"
Info: bpf: "Generating: bpf_altera_merlin_axi_slave_ni_altera_avalon_st_pipeline_stage_19134_ha2kgei"
Info: bpf: "Generating: bpf_altera_merlin_traffic_limiter_altera_avalon_sc_fifo_1922_tre3lzi"
Info: bpf: "Generating: bpf_altera_avalon_sc_fifo_1932_onpcouq"
Info: bpf: "Generating: bpf_altera_avalon_st_pipeline_stage_1930_oiupeiq"
Info: bpf: Done "bpf" with 100 modules, 204 files
Info: Finished: Create HDL design files for synthesis
