Info: Generated by version: 26.1.1 build 130
Info: Starting: Create simulation model
Info: qsys-generate /home/uwb_student00/ahls/new_BSP/work_ia840f_fim_06/syn/board/ia840f/syn_top/../../../../ipss/ia840f/bwbmc/ip/bw_840_support/bw_840_support_sysid_qsys_0.ip --simulation=VERILOG --allow-mixed-language-simulation --simulator=MODELSIM --output-directory=/home/uwb_student00/ahls/new_BSP/work_ia840f_fim_06/ipss/ia840f/bwbmc/ip/bw_840_support/bw_840_support_sysid_qsys_0 --family="Agilex 7" --part=AGFB027R25A2E2V
Warning: sysid_qsys_0: Used altera_avalon_sysid_qsys 20.0.0 (instead of 19.1.3)
Info: bw_840_support_sysid_qsys_0.sysid_qsys_0: Live Timestamp is turned off. Timestamp is fixed to 0
Info: bw_840_support_sysid_qsys_0.sysid_qsys_0: Edit the System ID parameter to provide a unique ID
Info: bw_840_support_sysid_qsys_0: "Transforming system: bw_840_support_sysid_qsys_0"
Info: bw_840_support_sysid_qsys_0: "Naming system components in system: bw_840_support_sysid_qsys_0"
Info: bw_840_support_sysid_qsys_0: "Processing generation queue"
Info: bw_840_support_sysid_qsys_0: "Generating: bw_840_support_sysid_qsys_0"
Info: bw_840_support_sysid_qsys_0: "Generating: altera_avalon_sysid_qsys"
Info: bw_840_support_sysid_qsys_0: Done "bw_840_support_sysid_qsys_0" with 2 modules, 2 files
Info: Generating the following file(s) for MODELSIM simulator in /home/uwb_student00/ahls/new_BSP/work_ia840f_fim_06/ipss/ia840f/bwbmc/ip/bw_840_support/bw_840_support_sysid_qsys_0/sim/ directory:
Info: 	common/modelsim_files.tcl
Info: For information on how to simulate your IP, see the explanatory comments in the simulator-specific subdirectories under /home/uwb_student00/ahls/new_BSP/work_ia840f_fim_06/ipss/ia840f/bwbmc/ip/bw_840_support/bw_840_support_sysid_qsys_0/sim/.
Info: Regenerate these scripts whenever you make any change to any Quartus-generated IP in your project.
Info: Finished: Create simulation model
Info: Starting: Create simulation script
Info: sim-script-gen --system-file=/home/uwb_student00/ahls/new_BSP/work_ia840f_fim_06/syn/board/ia840f/syn_top/../../../../ipss/ia840f/bwbmc/ip/bw_840_support/bw_840_support_sysid_qsys_0.ip --simulator=MODELSIM --output-directory=/home/uwb_student00/ahls/new_BSP/work_ia840f_fim_06/ipss/ia840f/bwbmc/ip/bw_840_support/bw_840_support_sysid_qsys_0/sim/ --use-relative-paths=true --modelsim-flow=traditional
Info: Generating the following file(s) for MODELSIM simulator in /home/uwb_student00/ahls/new_BSP/work_ia840f_fim_06/ipss/ia840f/bwbmc/ip/bw_840_support/bw_840_support_sysid_qsys_0/sim/ directory:
Info: 	mentor/msim_setup.tcl
Info: 	mentor/run_msim_setup.tcl
Info: For information on how to simulate your IP, see the explanatory comments in the simulator-specific subdirectories under /home/uwb_student00/ahls/new_BSP/work_ia840f_fim_06/ipss/ia840f/bwbmc/ip/bw_840_support/bw_840_support_sysid_qsys_0/sim/.
Info: Regenerate these scripts whenever you make any change to any Quartus-generated IP in your project.
Info: Finished: Create simulation script
Info: 
Info: Starting: Create HDL design files for synthesis
Info: qsys-generate /home/uwb_student00/ahls/new_BSP/work_ia840f_fim_06/syn/board/ia840f/syn_top/../../../../ipss/ia840f/bwbmc/ip/bw_840_support/bw_840_support_sysid_qsys_0.ip --synthesis=VERILOG --output-directory=/home/uwb_student00/ahls/new_BSP/work_ia840f_fim_06/ipss/ia840f/bwbmc/ip/bw_840_support/bw_840_support_sysid_qsys_0 --family="Agilex 7" --part=AGFB027R25A2E2V
Warning: sysid_qsys_0: Used altera_avalon_sysid_qsys 20.0.0 (instead of 19.1.3)
Info: bw_840_support_sysid_qsys_0.sysid_qsys_0: Live Timestamp is turned off. Timestamp is fixed to 0
Info: bw_840_support_sysid_qsys_0.sysid_qsys_0: Edit the System ID parameter to provide a unique ID
Info: bw_840_support_sysid_qsys_0: "Transforming system: bw_840_support_sysid_qsys_0"
Info: bw_840_support_sysid_qsys_0: "Naming system components in system: bw_840_support_sysid_qsys_0"
Info: bw_840_support_sysid_qsys_0: "Processing generation queue"
Info: bw_840_support_sysid_qsys_0: "Generating: bw_840_support_sysid_qsys_0"
Info: bw_840_support_sysid_qsys_0: "Generating: altera_avalon_sysid_qsys"
Info: bw_840_support_sysid_qsys_0: Done "bw_840_support_sysid_qsys_0" with 2 modules, 2 files
Info: Finished: Create HDL design files for synthesis
