test_absent_flag (test_bank_spreading.Translation.test_absent_flag) ... 
  test_absent_flag (test_bank_spreading.Translation.test_absent_flag) (count='0') ... ERROR
  test_absent_flag (test_bank_spreading.Translation.test_absent_flag) (count='2') ... ERROR
  test_absent_flag (test_bank_spreading.Translation.test_absent_flag) (count='4') ... ERROR
  test_absent_flag (test_bank_spreading.Translation.test_absent_flag) (count='8') ... ERROR
test_copies_and_schema (test_bank_spreading.Translation.test_copies_and_schema) ... 
  test_copies_and_schema (test_bank_spreading.Translation.test_copies_and_schema) (flag='true', copies='2') ... ERROR
  test_copies_and_schema (test_bank_spreading.Translation.test_copies_and_schema) (flag='true', copies='4') ... ERROR
  test_copies_and_schema (test_bank_spreading.Translation.test_copies_and_schema) (flag='true', copies='8') ... ERROR
  test_copies_and_schema (test_bank_spreading.Translation.test_copies_and_schema) (flag=None, copies='2') ... ERROR
  test_copies_and_schema (test_bank_spreading.Translation.test_copies_and_schema) (flag=None, copies='4') ... ERROR
  test_copies_and_schema (test_bank_spreading.Translation.test_copies_and_schema) (flag=None, copies='8') ... ERROR
  test_copies_and_schema (test_bank_spreading.Translation.test_copies_and_schema) (copies=None) ... ERROR
  test_copies_and_schema (test_bank_spreading.Translation.test_copies_and_schema) (copies='') ... ERROR
  test_copies_and_schema (test_bank_spreading.Translation.test_copies_and_schema) (copies='0') ... ERROR
  test_copies_and_schema (test_bank_spreading.Translation.test_copies_and_schema) (copies='3') ... ERROR
  test_copies_and_schema (test_bank_spreading.Translation.test_copies_and_schema) (copies='1.0') ... ERROR
  test_copies_and_schema (test_bank_spreading.Translation.test_copies_and_schema) (copies=' 1') ... ERROR
test_copies_and_schema (test_bank_spreading.Translation.test_copies_and_schema) ... ERROR
test_false_legal (test_bank_spreading.Translation.test_false_legal) ... 
  test_false_legal (test_bank_spreading.Translation.test_false_legal) (count='0') ... ERROR
  test_false_legal (test_bank_spreading.Translation.test_false_legal) (count='2') ... ERROR
  test_false_legal (test_bank_spreading.Translation.test_false_legal) (count='4') ... ERROR
  test_false_legal (test_bank_spreading.Translation.test_false_legal) (count='8') ... ERROR
test_invalid_lexical_inputs (test_bank_spreading.Translation.test_invalid_lexical_inputs) ... 
  test_invalid_lexical_inputs (test_bank_spreading.Translation.test_invalid_lexical_inputs) (flag='') ... ERROR
  test_invalid_lexical_inputs (test_bank_spreading.Translation.test_invalid_lexical_inputs) (flag='TRUE') ... ERROR
  test_invalid_lexical_inputs (test_bank_spreading.Translation.test_invalid_lexical_inputs) (flag='False') ... ERROR
  test_invalid_lexical_inputs (test_bank_spreading.Translation.test_invalid_lexical_inputs) (flag='false ') ... ERROR
  test_invalid_lexical_inputs (test_bank_spreading.Translation.test_invalid_lexical_inputs) (flag=' false') ... ERROR
  test_invalid_lexical_inputs (test_bank_spreading.Translation.test_invalid_lexical_inputs) (flag='0') ... ERROR
  test_invalid_lexical_inputs (test_bank_spreading.Translation.test_invalid_lexical_inputs) (flag='1') ... ERROR
  test_invalid_lexical_inputs (test_bank_spreading.Translation.test_invalid_lexical_inputs) (flag='yes') ... ERROR
  test_invalid_lexical_inputs (test_bank_spreading.Translation.test_invalid_lexical_inputs) (flag='unknown') ... ERROR
  test_invalid_lexical_inputs (test_bank_spreading.Translation.test_invalid_lexical_inputs) (flag='\nfalse') ... ERROR
  test_invalid_lexical_inputs (test_bank_spreading.Translation.test_invalid_lexical_inputs) (flag='false', count=None) ... ERROR
  test_invalid_lexical_inputs (test_bank_spreading.Translation.test_invalid_lexical_inputs) (flag='false', count='') ... ERROR
  test_invalid_lexical_inputs (test_bank_spreading.Translation.test_invalid_lexical_inputs) (flag='false', count='x') ... ERROR
  test_invalid_lexical_inputs (test_bank_spreading.Translation.test_invalid_lexical_inputs) (flag='false', count='-2') ... ERROR
  test_invalid_lexical_inputs (test_bank_spreading.Translation.test_invalid_lexical_inputs) (flag='false', count='1') ... ERROR
  test_invalid_lexical_inputs (test_bank_spreading.Translation.test_invalid_lexical_inputs) (flag='false', count='3') ... ERROR
  test_invalid_lexical_inputs (test_bank_spreading.Translation.test_invalid_lexical_inputs) (flag='false', count='16') ... ERROR
  test_invalid_lexical_inputs (test_bank_spreading.Translation.test_invalid_lexical_inputs) (flag='false', count='8.0') ... ERROR
  test_invalid_lexical_inputs (test_bank_spreading.Translation.test_invalid_lexical_inputs) (flag='false', count='08') ... ERROR
  test_invalid_lexical_inputs (test_bank_spreading.Translation.test_invalid_lexical_inputs) (flag='false', count='+8') ... ERROR
  test_invalid_lexical_inputs (test_bank_spreading.Translation.test_invalid_lexical_inputs) (flag='false', count=' 8') ... ERROR
  test_invalid_lexical_inputs (test_bank_spreading.Translation.test_invalid_lexical_inputs) (flag='false', count='8 ') ... ERROR
  test_invalid_lexical_inputs (test_bank_spreading.Translation.test_invalid_lexical_inputs) (flag='false', count='８') ... ERROR
  test_invalid_lexical_inputs (test_bank_spreading.Translation.test_invalid_lexical_inputs) (flag='true', count=None) ... ERROR
  test_invalid_lexical_inputs (test_bank_spreading.Translation.test_invalid_lexical_inputs) (flag='true', count='') ... ERROR
  test_invalid_lexical_inputs (test_bank_spreading.Translation.test_invalid_lexical_inputs) (flag='true', count='x') ... ERROR
  test_invalid_lexical_inputs (test_bank_spreading.Translation.test_invalid_lexical_inputs) (flag='true', count='-2') ... ERROR
  test_invalid_lexical_inputs (test_bank_spreading.Translation.test_invalid_lexical_inputs) (flag='true', count='1') ... ERROR
  test_invalid_lexical_inputs (test_bank_spreading.Translation.test_invalid_lexical_inputs) (flag='true', count='3') ... ERROR
  test_invalid_lexical_inputs (test_bank_spreading.Translation.test_invalid_lexical_inputs) (flag='true', count='16') ... ERROR
  test_invalid_lexical_inputs (test_bank_spreading.Translation.test_invalid_lexical_inputs) (flag='true', count='8.0') ... ERROR
  test_invalid_lexical_inputs (test_bank_spreading.Translation.test_invalid_lexical_inputs) (flag='true', count='08') ... ERROR
  test_invalid_lexical_inputs (test_bank_spreading.Translation.test_invalid_lexical_inputs) (flag='true', count='+8') ... ERROR
  test_invalid_lexical_inputs (test_bank_spreading.Translation.test_invalid_lexical_inputs) (flag='true', count=' 8') ... ERROR
  test_invalid_lexical_inputs (test_bank_spreading.Translation.test_invalid_lexical_inputs) (flag='true', count='8 ') ... ERROR
  test_invalid_lexical_inputs (test_bank_spreading.Translation.test_invalid_lexical_inputs) (flag='true', count='８') ... ERROR
  test_invalid_lexical_inputs (test_bank_spreading.Translation.test_invalid_lexical_inputs) (flag=None, count=None) ... ERROR
  test_invalid_lexical_inputs (test_bank_spreading.Translation.test_invalid_lexical_inputs) (flag=None, count='') ... ERROR
  test_invalid_lexical_inputs (test_bank_spreading.Translation.test_invalid_lexical_inputs) (flag=None, count='x') ... ERROR
  test_invalid_lexical_inputs (test_bank_spreading.Translation.test_invalid_lexical_inputs) (flag=None, count='-2') ... ERROR
  test_invalid_lexical_inputs (test_bank_spreading.Translation.test_invalid_lexical_inputs) (flag=None, count='1') ... ERROR
  test_invalid_lexical_inputs (test_bank_spreading.Translation.test_invalid_lexical_inputs) (flag=None, count='3') ... ERROR
  test_invalid_lexical_inputs (test_bank_spreading.Translation.test_invalid_lexical_inputs) (flag=None, count='16') ... ERROR
  test_invalid_lexical_inputs (test_bank_spreading.Translation.test_invalid_lexical_inputs) (flag=None, count='8.0') ... ERROR
  test_invalid_lexical_inputs (test_bank_spreading.Translation.test_invalid_lexical_inputs) (flag=None, count='08') ... ERROR
  test_invalid_lexical_inputs (test_bank_spreading.Translation.test_invalid_lexical_inputs) (flag=None, count='+8') ... ERROR
  test_invalid_lexical_inputs (test_bank_spreading.Translation.test_invalid_lexical_inputs) (flag=None, count=' 8') ... ERROR
  test_invalid_lexical_inputs (test_bank_spreading.Translation.test_invalid_lexical_inputs) (flag=None, count='8 ') ... ERROR
  test_invalid_lexical_inputs (test_bank_spreading.Translation.test_invalid_lexical_inputs) (flag=None, count='８') ... ERROR
test_invalid_lexical_inputs (test_bank_spreading.Translation.test_invalid_lexical_inputs) ... ERROR
test_true_positive (test_bank_spreading.Translation.test_true_positive) ... 
  test_true_positive (test_bank_spreading.Translation.test_true_positive) (count='2') ... ERROR
  test_true_positive (test_bank_spreading.Translation.test_true_positive) (count='4') ... ERROR
  test_true_positive (test_bank_spreading.Translation.test_true_positive) (count='8') ... ERROR

======================================================================
ERROR: test_absent_flag (test_bank_spreading.Translation.test_absent_flag) (count='0')
----------------------------------------------------------------------
Traceback (most recent call last):
  File "/home/joe/Projects/Thesis/AHLS/new_bsp/new/qualification/msa-bank-spreading-fix-01/test_bank_spreading.py", line 59, in test_absent_flag
    value, record = self.call(None,count)
                    ~~~~~~~~~^^^^^^^^^^^^
  File "/home/joe/Projects/Thesis/AHLS/new_bsp/new/qualification/msa-bank-spreading-fix-01/test_bank_spreading.py", line 40, in call
    return d.translate_bank_spreading(donor, {'NUM_BANK_FIFOS', 'NUM_COPIES'} if schema is None else schema, 'msa_0')
           ^^^^^^^^^^^^^^^^^^^^^^^^^^
AttributeError: module 'derive_presets' has no attribute 'translate_bank_spreading'

======================================================================
ERROR: test_absent_flag (test_bank_spreading.Translation.test_absent_flag) (count='2')
----------------------------------------------------------------------
Traceback (most recent call last):
  File "/home/joe/Projects/Thesis/AHLS/new_bsp/new/qualification/msa-bank-spreading-fix-01/test_bank_spreading.py", line 59, in test_absent_flag
    value, record = self.call(None,count)
                    ~~~~~~~~~^^^^^^^^^^^^
  File "/home/joe/Projects/Thesis/AHLS/new_bsp/new/qualification/msa-bank-spreading-fix-01/test_bank_spreading.py", line 40, in call
    return d.translate_bank_spreading(donor, {'NUM_BANK_FIFOS', 'NUM_COPIES'} if schema is None else schema, 'msa_0')
           ^^^^^^^^^^^^^^^^^^^^^^^^^^
AttributeError: module 'derive_presets' has no attribute 'translate_bank_spreading'

======================================================================
ERROR: test_absent_flag (test_bank_spreading.Translation.test_absent_flag) (count='4')
----------------------------------------------------------------------
Traceback (most recent call last):
  File "/home/joe/Projects/Thesis/AHLS/new_bsp/new/qualification/msa-bank-spreading-fix-01/test_bank_spreading.py", line 59, in test_absent_flag
    value, record = self.call(None,count)
                    ~~~~~~~~~^^^^^^^^^^^^
  File "/home/joe/Projects/Thesis/AHLS/new_bsp/new/qualification/msa-bank-spreading-fix-01/test_bank_spreading.py", line 40, in call
    return d.translate_bank_spreading(donor, {'NUM_BANK_FIFOS', 'NUM_COPIES'} if schema is None else schema, 'msa_0')
           ^^^^^^^^^^^^^^^^^^^^^^^^^^
AttributeError: module 'derive_presets' has no attribute 'translate_bank_spreading'

======================================================================
ERROR: test_absent_flag (test_bank_spreading.Translation.test_absent_flag) (count='8')
----------------------------------------------------------------------
Traceback (most recent call last):
  File "/home/joe/Projects/Thesis/AHLS/new_bsp/new/qualification/msa-bank-spreading-fix-01/test_bank_spreading.py", line 59, in test_absent_flag
    value, record = self.call(None,count)
                    ~~~~~~~~~^^^^^^^^^^^^
  File "/home/joe/Projects/Thesis/AHLS/new_bsp/new/qualification/msa-bank-spreading-fix-01/test_bank_spreading.py", line 40, in call
    return d.translate_bank_spreading(donor, {'NUM_BANK_FIFOS', 'NUM_COPIES'} if schema is None else schema, 'msa_0')
           ^^^^^^^^^^^^^^^^^^^^^^^^^^
AttributeError: module 'derive_presets' has no attribute 'translate_bank_spreading'

======================================================================
ERROR: test_copies_and_schema (test_bank_spreading.Translation.test_copies_and_schema) (flag='true', copies='2')
----------------------------------------------------------------------
Traceback (most recent call last):
  File "/home/joe/Projects/Thesis/AHLS/new_bsp/new/qualification/msa-bank-spreading-fix-01/test_bank_spreading.py", line 79, in test_copies_and_schema
    self.call(flag,'8',copies)
    ~~~~~~~~~^^^^^^^^^^^^^^^^^
  File "/home/joe/Projects/Thesis/AHLS/new_bsp/new/qualification/msa-bank-spreading-fix-01/test_bank_spreading.py", line 40, in call
    return d.translate_bank_spreading(donor, {'NUM_BANK_FIFOS', 'NUM_COPIES'} if schema is None else schema, 'msa_0')
           ^^^^^^^^^^^^^^^^^^^^^^^^^^
AttributeError: module 'derive_presets' has no attribute 'translate_bank_spreading'

======================================================================
ERROR: test_copies_and_schema (test_bank_spreading.Translation.test_copies_and_schema) (flag='true', copies='4')
----------------------------------------------------------------------
Traceback (most recent call last):
  File "/home/joe/Projects/Thesis/AHLS/new_bsp/new/qualification/msa-bank-spreading-fix-01/test_bank_spreading.py", line 79, in test_copies_and_schema
    self.call(flag,'8',copies)
    ~~~~~~~~~^^^^^^^^^^^^^^^^^
  File "/home/joe/Projects/Thesis/AHLS/new_bsp/new/qualification/msa-bank-spreading-fix-01/test_bank_spreading.py", line 40, in call
    return d.translate_bank_spreading(donor, {'NUM_BANK_FIFOS', 'NUM_COPIES'} if schema is None else schema, 'msa_0')
           ^^^^^^^^^^^^^^^^^^^^^^^^^^
AttributeError: module 'derive_presets' has no attribute 'translate_bank_spreading'

======================================================================
ERROR: test_copies_and_schema (test_bank_spreading.Translation.test_copies_and_schema) (flag='true', copies='8')
----------------------------------------------------------------------
Traceback (most recent call last):
  File "/home/joe/Projects/Thesis/AHLS/new_bsp/new/qualification/msa-bank-spreading-fix-01/test_bank_spreading.py", line 79, in test_copies_and_schema
    self.call(flag,'8',copies)
    ~~~~~~~~~^^^^^^^^^^^^^^^^^
  File "/home/joe/Projects/Thesis/AHLS/new_bsp/new/qualification/msa-bank-spreading-fix-01/test_bank_spreading.py", line 40, in call
    return d.translate_bank_spreading(donor, {'NUM_BANK_FIFOS', 'NUM_COPIES'} if schema is None else schema, 'msa_0')
           ^^^^^^^^^^^^^^^^^^^^^^^^^^
AttributeError: module 'derive_presets' has no attribute 'translate_bank_spreading'

======================================================================
ERROR: test_copies_and_schema (test_bank_spreading.Translation.test_copies_and_schema) (flag=None, copies='2')
----------------------------------------------------------------------
Traceback (most recent call last):
  File "/home/joe/Projects/Thesis/AHLS/new_bsp/new/qualification/msa-bank-spreading-fix-01/test_bank_spreading.py", line 79, in test_copies_and_schema
    self.call(flag,'8',copies)
    ~~~~~~~~~^^^^^^^^^^^^^^^^^
  File "/home/joe/Projects/Thesis/AHLS/new_bsp/new/qualification/msa-bank-spreading-fix-01/test_bank_spreading.py", line 40, in call
    return d.translate_bank_spreading(donor, {'NUM_BANK_FIFOS', 'NUM_COPIES'} if schema is None else schema, 'msa_0')
           ^^^^^^^^^^^^^^^^^^^^^^^^^^
AttributeError: module 'derive_presets' has no attribute 'translate_bank_spreading'

======================================================================
ERROR: test_copies_and_schema (test_bank_spreading.Translation.test_copies_and_schema) (flag=None, copies='4')
----------------------------------------------------------------------
Traceback (most recent call last):
  File "/home/joe/Projects/Thesis/AHLS/new_bsp/new/qualification/msa-bank-spreading-fix-01/test_bank_spreading.py", line 79, in test_copies_and_schema
    self.call(flag,'8',copies)
    ~~~~~~~~~^^^^^^^^^^^^^^^^^
  File "/home/joe/Projects/Thesis/AHLS/new_bsp/new/qualification/msa-bank-spreading-fix-01/test_bank_spreading.py", line 40, in call
    return d.translate_bank_spreading(donor, {'NUM_BANK_FIFOS', 'NUM_COPIES'} if schema is None else schema, 'msa_0')
           ^^^^^^^^^^^^^^^^^^^^^^^^^^
AttributeError: module 'derive_presets' has no attribute 'translate_bank_spreading'

======================================================================
ERROR: test_copies_and_schema (test_bank_spreading.Translation.test_copies_and_schema) (flag=None, copies='8')
----------------------------------------------------------------------
Traceback (most recent call last):
  File "/home/joe/Projects/Thesis/AHLS/new_bsp/new/qualification/msa-bank-spreading-fix-01/test_bank_spreading.py", line 79, in test_copies_and_schema
    self.call(flag,'8',copies)
    ~~~~~~~~~^^^^^^^^^^^^^^^^^
  File "/home/joe/Projects/Thesis/AHLS/new_bsp/new/qualification/msa-bank-spreading-fix-01/test_bank_spreading.py", line 40, in call
    return d.translate_bank_spreading(donor, {'NUM_BANK_FIFOS', 'NUM_COPIES'} if schema is None else schema, 'msa_0')
           ^^^^^^^^^^^^^^^^^^^^^^^^^^
AttributeError: module 'derive_presets' has no attribute 'translate_bank_spreading'

======================================================================
ERROR: test_copies_and_schema (test_bank_spreading.Translation.test_copies_and_schema) (copies=None)
----------------------------------------------------------------------
Traceback (most recent call last):
  File "/home/joe/Projects/Thesis/AHLS/new_bsp/new/qualification/msa-bank-spreading-fix-01/test_bank_spreading.py", line 82, in test_copies_and_schema
    self.call(copies=copies)
    ~~~~~~~~~^^^^^^^^^^^^^^^
  File "/home/joe/Projects/Thesis/AHLS/new_bsp/new/qualification/msa-bank-spreading-fix-01/test_bank_spreading.py", line 40, in call
    return d.translate_bank_spreading(donor, {'NUM_BANK_FIFOS', 'NUM_COPIES'} if schema is None else schema, 'msa_0')
           ^^^^^^^^^^^^^^^^^^^^^^^^^^
AttributeError: module 'derive_presets' has no attribute 'translate_bank_spreading'

======================================================================
ERROR: test_copies_and_schema (test_bank_spreading.Translation.test_copies_and_schema) (copies='')
----------------------------------------------------------------------
Traceback (most recent call last):
  File "/home/joe/Projects/Thesis/AHLS/new_bsp/new/qualification/msa-bank-spreading-fix-01/test_bank_spreading.py", line 82, in test_copies_and_schema
    self.call(copies=copies)
    ~~~~~~~~~^^^^^^^^^^^^^^^
  File "/home/joe/Projects/Thesis/AHLS/new_bsp/new/qualification/msa-bank-spreading-fix-01/test_bank_spreading.py", line 40, in call
    return d.translate_bank_spreading(donor, {'NUM_BANK_FIFOS', 'NUM_COPIES'} if schema is None else schema, 'msa_0')
           ^^^^^^^^^^^^^^^^^^^^^^^^^^
AttributeError: module 'derive_presets' has no attribute 'translate_bank_spreading'

======================================================================
ERROR: test_copies_and_schema (test_bank_spreading.Translation.test_copies_and_schema) (copies='0')
----------------------------------------------------------------------
Traceback (most recent call last):
  File "/home/joe/Projects/Thesis/AHLS/new_bsp/new/qualification/msa-bank-spreading-fix-01/test_bank_spreading.py", line 82, in test_copies_and_schema
    self.call(copies=copies)
    ~~~~~~~~~^^^^^^^^^^^^^^^
  File "/home/joe/Projects/Thesis/AHLS/new_bsp/new/qualification/msa-bank-spreading-fix-01/test_bank_spreading.py", line 40, in call
    return d.translate_bank_spreading(donor, {'NUM_BANK_FIFOS', 'NUM_COPIES'} if schema is None else schema, 'msa_0')
           ^^^^^^^^^^^^^^^^^^^^^^^^^^
AttributeError: module 'derive_presets' has no attribute 'translate_bank_spreading'

======================================================================
ERROR: test_copies_and_schema (test_bank_spreading.Translation.test_copies_and_schema) (copies='3')
----------------------------------------------------------------------
Traceback (most recent call last):
  File "/home/joe/Projects/Thesis/AHLS/new_bsp/new/qualification/msa-bank-spreading-fix-01/test_bank_spreading.py", line 82, in test_copies_and_schema
    self.call(copies=copies)
    ~~~~~~~~~^^^^^^^^^^^^^^^
  File "/home/joe/Projects/Thesis/AHLS/new_bsp/new/qualification/msa-bank-spreading-fix-01/test_bank_spreading.py", line 40, in call
    return d.translate_bank_spreading(donor, {'NUM_BANK_FIFOS', 'NUM_COPIES'} if schema is None else schema, 'msa_0')
           ^^^^^^^^^^^^^^^^^^^^^^^^^^
AttributeError: module 'derive_presets' has no attribute 'translate_bank_spreading'

======================================================================
ERROR: test_copies_and_schema (test_bank_spreading.Translation.test_copies_and_schema) (copies='1.0')
----------------------------------------------------------------------
Traceback (most recent call last):
  File "/home/joe/Projects/Thesis/AHLS/new_bsp/new/qualification/msa-bank-spreading-fix-01/test_bank_spreading.py", line 82, in test_copies_and_schema
    self.call(copies=copies)
    ~~~~~~~~~^^^^^^^^^^^^^^^
  File "/home/joe/Projects/Thesis/AHLS/new_bsp/new/qualification/msa-bank-spreading-fix-01/test_bank_spreading.py", line 40, in call
    return d.translate_bank_spreading(donor, {'NUM_BANK_FIFOS', 'NUM_COPIES'} if schema is None else schema, 'msa_0')
           ^^^^^^^^^^^^^^^^^^^^^^^^^^
AttributeError: module 'derive_presets' has no attribute 'translate_bank_spreading'

======================================================================
ERROR: test_copies_and_schema (test_bank_spreading.Translation.test_copies_and_schema) (copies=' 1')
----------------------------------------------------------------------
Traceback (most recent call last):
  File "/home/joe/Projects/Thesis/AHLS/new_bsp/new/qualification/msa-bank-spreading-fix-01/test_bank_spreading.py", line 82, in test_copies_and_schema
    self.call(copies=copies)
    ~~~~~~~~~^^^^^^^^^^^^^^^
  File "/home/joe/Projects/Thesis/AHLS/new_bsp/new/qualification/msa-bank-spreading-fix-01/test_bank_spreading.py", line 40, in call
    return d.translate_bank_spreading(donor, {'NUM_BANK_FIFOS', 'NUM_COPIES'} if schema is None else schema, 'msa_0')
           ^^^^^^^^^^^^^^^^^^^^^^^^^^
AttributeError: module 'derive_presets' has no attribute 'translate_bank_spreading'

======================================================================
ERROR: test_copies_and_schema (test_bank_spreading.Translation.test_copies_and_schema)
----------------------------------------------------------------------
Traceback (most recent call last):
  File "/home/joe/Projects/Thesis/AHLS/new_bsp/new/qualification/msa-bank-spreading-fix-01/test_bank_spreading.py", line 83, in test_copies_and_schema
    self.assertEqual(self.call(copies='1')[1]['raw_source_values']['NUM_WRITE_COPIES'],'1')
                     ~~~~~~~~~^^^^^^^^^^^^
  File "/home/joe/Projects/Thesis/AHLS/new_bsp/new/qualification/msa-bank-spreading-fix-01/test_bank_spreading.py", line 40, in call
    return d.translate_bank_spreading(donor, {'NUM_BANK_FIFOS', 'NUM_COPIES'} if schema is None else schema, 'msa_0')
           ^^^^^^^^^^^^^^^^^^^^^^^^^^
AttributeError: module 'derive_presets' has no attribute 'translate_bank_spreading'

======================================================================
ERROR: test_false_legal (test_bank_spreading.Translation.test_false_legal) (count='0')
----------------------------------------------------------------------
Traceback (most recent call last):
  File "/home/joe/Projects/Thesis/AHLS/new_bsp/new/qualification/msa-bank-spreading-fix-01/test_bank_spreading.py", line 45, in test_false_legal
    value, record = self.call(count=count)
                    ~~~~~~~~~^^^^^^^^^^^^^
  File "/home/joe/Projects/Thesis/AHLS/new_bsp/new/qualification/msa-bank-spreading-fix-01/test_bank_spreading.py", line 40, in call
    return d.translate_bank_spreading(donor, {'NUM_BANK_FIFOS', 'NUM_COPIES'} if schema is None else schema, 'msa_0')
           ^^^^^^^^^^^^^^^^^^^^^^^^^^
AttributeError: module 'derive_presets' has no attribute 'translate_bank_spreading'

======================================================================
ERROR: test_false_legal (test_bank_spreading.Translation.test_false_legal) (count='2')
----------------------------------------------------------------------
Traceback (most recent call last):
  File "/home/joe/Projects/Thesis/AHLS/new_bsp/new/qualification/msa-bank-spreading-fix-01/test_bank_spreading.py", line 45, in test_false_legal
    value, record = self.call(count=count)
                    ~~~~~~~~~^^^^^^^^^^^^^
  File "/home/joe/Projects/Thesis/AHLS/new_bsp/new/qualification/msa-bank-spreading-fix-01/test_bank_spreading.py", line 40, in call
    return d.translate_bank_spreading(donor, {'NUM_BANK_FIFOS', 'NUM_COPIES'} if schema is None else schema, 'msa_0')
           ^^^^^^^^^^^^^^^^^^^^^^^^^^
AttributeError: module 'derive_presets' has no attribute 'translate_bank_spreading'

======================================================================
ERROR: test_false_legal (test_bank_spreading.Translation.test_false_legal) (count='4')
----------------------------------------------------------------------
Traceback (most recent call last):
  File "/home/joe/Projects/Thesis/AHLS/new_bsp/new/qualification/msa-bank-spreading-fix-01/test_bank_spreading.py", line 45, in test_false_legal
    value, record = self.call(count=count)
                    ~~~~~~~~~^^^^^^^^^^^^^
  File "/home/joe/Projects/Thesis/AHLS/new_bsp/new/qualification/msa-bank-spreading-fix-01/test_bank_spreading.py", line 40, in call
    return d.translate_bank_spreading(donor, {'NUM_BANK_FIFOS', 'NUM_COPIES'} if schema is None else schema, 'msa_0')
           ^^^^^^^^^^^^^^^^^^^^^^^^^^
AttributeError: module 'derive_presets' has no attribute 'translate_bank_spreading'

======================================================================
ERROR: test_false_legal (test_bank_spreading.Translation.test_false_legal) (count='8')
----------------------------------------------------------------------
Traceback (most recent call last):
  File "/home/joe/Projects/Thesis/AHLS/new_bsp/new/qualification/msa-bank-spreading-fix-01/test_bank_spreading.py", line 45, in test_false_legal
    value, record = self.call(count=count)
                    ~~~~~~~~~^^^^^^^^^^^^^
  File "/home/joe/Projects/Thesis/AHLS/new_bsp/new/qualification/msa-bank-spreading-fix-01/test_bank_spreading.py", line 40, in call
    return d.translate_bank_spreading(donor, {'NUM_BANK_FIFOS', 'NUM_COPIES'} if schema is None else schema, 'msa_0')
           ^^^^^^^^^^^^^^^^^^^^^^^^^^
AttributeError: module 'derive_presets' has no attribute 'translate_bank_spreading'

======================================================================
ERROR: test_invalid_lexical_inputs (test_bank_spreading.Translation.test_invalid_lexical_inputs) (flag='')
----------------------------------------------------------------------
Traceback (most recent call last):
  File "/home/joe/Projects/Thesis/AHLS/new_bsp/new/qualification/msa-bank-spreading-fix-01/test_bank_spreading.py", line 67, in test_invalid_lexical_inputs
    self.call(flag)
    ~~~~~~~~~^^^^^^
  File "/home/joe/Projects/Thesis/AHLS/new_bsp/new/qualification/msa-bank-spreading-fix-01/test_bank_spreading.py", line 40, in call
    return d.translate_bank_spreading(donor, {'NUM_BANK_FIFOS', 'NUM_COPIES'} if schema is None else schema, 'msa_0')
           ^^^^^^^^^^^^^^^^^^^^^^^^^^
AttributeError: module 'derive_presets' has no attribute 'translate_bank_spreading'

======================================================================
ERROR: test_invalid_lexical_inputs (test_bank_spreading.Translation.test_invalid_lexical_inputs) (flag='TRUE')
----------------------------------------------------------------------
Traceback (most recent call last):
  File "/home/joe/Projects/Thesis/AHLS/new_bsp/new/qualification/msa-bank-spreading-fix-01/test_bank_spreading.py", line 67, in test_invalid_lexical_inputs
    self.call(flag)
    ~~~~~~~~~^^^^^^
  File "/home/joe/Projects/Thesis/AHLS/new_bsp/new/qualification/msa-bank-spreading-fix-01/test_bank_spreading.py", line 40, in call
    return d.translate_bank_spreading(donor, {'NUM_BANK_FIFOS', 'NUM_COPIES'} if schema is None else schema, 'msa_0')
           ^^^^^^^^^^^^^^^^^^^^^^^^^^
AttributeError: module 'derive_presets' has no attribute 'translate_bank_spreading'

======================================================================
ERROR: test_invalid_lexical_inputs (test_bank_spreading.Translation.test_invalid_lexical_inputs) (flag='False')
----------------------------------------------------------------------
Traceback (most recent call last):
  File "/home/joe/Projects/Thesis/AHLS/new_bsp/new/qualification/msa-bank-spreading-fix-01/test_bank_spreading.py", line 67, in test_invalid_lexical_inputs
    self.call(flag)
    ~~~~~~~~~^^^^^^
  File "/home/joe/Projects/Thesis/AHLS/new_bsp/new/qualification/msa-bank-spreading-fix-01/test_bank_spreading.py", line 40, in call
    return d.translate_bank_spreading(donor, {'NUM_BANK_FIFOS', 'NUM_COPIES'} if schema is None else schema, 'msa_0')
           ^^^^^^^^^^^^^^^^^^^^^^^^^^
AttributeError: module 'derive_presets' has no attribute 'translate_bank_spreading'

======================================================================
ERROR: test_invalid_lexical_inputs (test_bank_spreading.Translation.test_invalid_lexical_inputs) (flag='false ')
----------------------------------------------------------------------
Traceback (most recent call last):
  File "/home/joe/Projects/Thesis/AHLS/new_bsp/new/qualification/msa-bank-spreading-fix-01/test_bank_spreading.py", line 67, in test_invalid_lexical_inputs
    self.call(flag)
    ~~~~~~~~~^^^^^^
  File "/home/joe/Projects/Thesis/AHLS/new_bsp/new/qualification/msa-bank-spreading-fix-01/test_bank_spreading.py", line 40, in call
    return d.translate_bank_spreading(donor, {'NUM_BANK_FIFOS', 'NUM_COPIES'} if schema is None else schema, 'msa_0')
           ^^^^^^^^^^^^^^^^^^^^^^^^^^
AttributeError: module 'derive_presets' has no attribute 'translate_bank_spreading'

======================================================================
ERROR: test_invalid_lexical_inputs (test_bank_spreading.Translation.test_invalid_lexical_inputs) (flag=' false')
----------------------------------------------------------------------
Traceback (most recent call last):
  File "/home/joe/Projects/Thesis/AHLS/new_bsp/new/qualification/msa-bank-spreading-fix-01/test_bank_spreading.py", line 67, in test_invalid_lexical_inputs
    self.call(flag)
    ~~~~~~~~~^^^^^^
  File "/home/joe/Projects/Thesis/AHLS/new_bsp/new/qualification/msa-bank-spreading-fix-01/test_bank_spreading.py", line 40, in call
    return d.translate_bank_spreading(donor, {'NUM_BANK_FIFOS', 'NUM_COPIES'} if schema is None else schema, 'msa_0')
           ^^^^^^^^^^^^^^^^^^^^^^^^^^
AttributeError: module 'derive_presets' has no attribute 'translate_bank_spreading'

======================================================================
ERROR: test_invalid_lexical_inputs (test_bank_spreading.Translation.test_invalid_lexical_inputs) (flag='0')
----------------------------------------------------------------------
Traceback (most recent call last):
  File "/home/joe/Projects/Thesis/AHLS/new_bsp/new/qualification/msa-bank-spreading-fix-01/test_bank_spreading.py", line 67, in test_invalid_lexical_inputs
    self.call(flag)
    ~~~~~~~~~^^^^^^
  File "/home/joe/Projects/Thesis/AHLS/new_bsp/new/qualification/msa-bank-spreading-fix-01/test_bank_spreading.py", line 40, in call
    return d.translate_bank_spreading(donor, {'NUM_BANK_FIFOS', 'NUM_COPIES'} if schema is None else schema, 'msa_0')
           ^^^^^^^^^^^^^^^^^^^^^^^^^^
AttributeError: module 'derive_presets' has no attribute 'translate_bank_spreading'

======================================================================
ERROR: test_invalid_lexical_inputs (test_bank_spreading.Translation.test_invalid_lexical_inputs) (flag='1')
----------------------------------------------------------------------
Traceback (most recent call last):
  File "/home/joe/Projects/Thesis/AHLS/new_bsp/new/qualification/msa-bank-spreading-fix-01/test_bank_spreading.py", line 67, in test_invalid_lexical_inputs
    self.call(flag)
    ~~~~~~~~~^^^^^^
  File "/home/joe/Projects/Thesis/AHLS/new_bsp/new/qualification/msa-bank-spreading-fix-01/test_bank_spreading.py", line 40, in call
    return d.translate_bank_spreading(donor, {'NUM_BANK_FIFOS', 'NUM_COPIES'} if schema is None else schema, 'msa_0')
           ^^^^^^^^^^^^^^^^^^^^^^^^^^
AttributeError: module 'derive_presets' has no attribute 'translate_bank_spreading'

======================================================================
ERROR: test_invalid_lexical_inputs (test_bank_spreading.Translation.test_invalid_lexical_inputs) (flag='yes')
----------------------------------------------------------------------
Traceback (most recent call last):
  File "/home/joe/Projects/Thesis/AHLS/new_bsp/new/qualification/msa-bank-spreading-fix-01/test_bank_spreading.py", line 67, in test_invalid_lexical_inputs
    self.call(flag)
    ~~~~~~~~~^^^^^^
  File "/home/joe/Projects/Thesis/AHLS/new_bsp/new/qualification/msa-bank-spreading-fix-01/test_bank_spreading.py", line 40, in call
    return d.translate_bank_spreading(donor, {'NUM_BANK_FIFOS', 'NUM_COPIES'} if schema is None else schema, 'msa_0')
           ^^^^^^^^^^^^^^^^^^^^^^^^^^
AttributeError: module 'derive_presets' has no attribute 'translate_bank_spreading'

======================================================================
ERROR: test_invalid_lexical_inputs (test_bank_spreading.Translation.test_invalid_lexical_inputs) (flag='unknown')
----------------------------------------------------------------------
Traceback (most recent call last):
  File "/home/joe/Projects/Thesis/AHLS/new_bsp/new/qualification/msa-bank-spreading-fix-01/test_bank_spreading.py", line 67, in test_invalid_lexical_inputs
    self.call(flag)
    ~~~~~~~~~^^^^^^
  File "/home/joe/Projects/Thesis/AHLS/new_bsp/new/qualification/msa-bank-spreading-fix-01/test_bank_spreading.py", line 40, in call
    return d.translate_bank_spreading(donor, {'NUM_BANK_FIFOS', 'NUM_COPIES'} if schema is None else schema, 'msa_0')
           ^^^^^^^^^^^^^^^^^^^^^^^^^^
AttributeError: module 'derive_presets' has no attribute 'translate_bank_spreading'

======================================================================
ERROR: test_invalid_lexical_inputs (test_bank_spreading.Translation.test_invalid_lexical_inputs) (flag='\nfalse')
----------------------------------------------------------------------
Traceback (most recent call last):
  File "/home/joe/Projects/Thesis/AHLS/new_bsp/new/qualification/msa-bank-spreading-fix-01/test_bank_spreading.py", line 67, in test_invalid_lexical_inputs
    self.call(flag)
    ~~~~~~~~~^^^^^^
  File "/home/joe/Projects/Thesis/AHLS/new_bsp/new/qualification/msa-bank-spreading-fix-01/test_bank_spreading.py", line 40, in call
    return d.translate_bank_spreading(donor, {'NUM_BANK_FIFOS', 'NUM_COPIES'} if schema is None else schema, 'msa_0')
           ^^^^^^^^^^^^^^^^^^^^^^^^^^
AttributeError: module 'derive_presets' has no attribute 'translate_bank_spreading'

======================================================================
ERROR: test_invalid_lexical_inputs (test_bank_spreading.Translation.test_invalid_lexical_inputs) (flag='false', count=None)
----------------------------------------------------------------------
Traceback (most recent call last):
  File "/home/joe/Projects/Thesis/AHLS/new_bsp/new/qualification/msa-bank-spreading-fix-01/test_bank_spreading.py", line 71, in test_invalid_lexical_inputs
    self.call(flag,count)
    ~~~~~~~~~^^^^^^^^^^^^
  File "/home/joe/Projects/Thesis/AHLS/new_bsp/new/qualification/msa-bank-spreading-fix-01/test_bank_spreading.py", line 40, in call
    return d.translate_bank_spreading(donor, {'NUM_BANK_FIFOS', 'NUM_COPIES'} if schema is None else schema, 'msa_0')
           ^^^^^^^^^^^^^^^^^^^^^^^^^^
AttributeError: module 'derive_presets' has no attribute 'translate_bank_spreading'

======================================================================
ERROR: test_invalid_lexical_inputs (test_bank_spreading.Translation.test_invalid_lexical_inputs) (flag='false', count='')
----------------------------------------------------------------------
Traceback (most recent call last):
  File "/home/joe/Projects/Thesis/AHLS/new_bsp/new/qualification/msa-bank-spreading-fix-01/test_bank_spreading.py", line 71, in test_invalid_lexical_inputs
    self.call(flag,count)
    ~~~~~~~~~^^^^^^^^^^^^
  File "/home/joe/Projects/Thesis/AHLS/new_bsp/new/qualification/msa-bank-spreading-fix-01/test_bank_spreading.py", line 40, in call
    return d.translate_bank_spreading(donor, {'NUM_BANK_FIFOS', 'NUM_COPIES'} if schema is None else schema, 'msa_0')
           ^^^^^^^^^^^^^^^^^^^^^^^^^^
AttributeError: module 'derive_presets' has no attribute 'translate_bank_spreading'

======================================================================
ERROR: test_invalid_lexical_inputs (test_bank_spreading.Translation.test_invalid_lexical_inputs) (flag='false', count='x')
----------------------------------------------------------------------
Traceback (most recent call last):
  File "/home/joe/Projects/Thesis/AHLS/new_bsp/new/qualification/msa-bank-spreading-fix-01/test_bank_spreading.py", line 71, in test_invalid_lexical_inputs
    self.call(flag,count)
    ~~~~~~~~~^^^^^^^^^^^^
  File "/home/joe/Projects/Thesis/AHLS/new_bsp/new/qualification/msa-bank-spreading-fix-01/test_bank_spreading.py", line 40, in call
    return d.translate_bank_spreading(donor, {'NUM_BANK_FIFOS', 'NUM_COPIES'} if schema is None else schema, 'msa_0')
           ^^^^^^^^^^^^^^^^^^^^^^^^^^
AttributeError: module 'derive_presets' has no attribute 'translate_bank_spreading'

======================================================================
ERROR: test_invalid_lexical_inputs (test_bank_spreading.Translation.test_invalid_lexical_inputs) (flag='false', count='-2')
----------------------------------------------------------------------
Traceback (most recent call last):
  File "/home/joe/Projects/Thesis/AHLS/new_bsp/new/qualification/msa-bank-spreading-fix-01/test_bank_spreading.py", line 71, in test_invalid_lexical_inputs
    self.call(flag,count)
    ~~~~~~~~~^^^^^^^^^^^^
  File "/home/joe/Projects/Thesis/AHLS/new_bsp/new/qualification/msa-bank-spreading-fix-01/test_bank_spreading.py", line 40, in call
    return d.translate_bank_spreading(donor, {'NUM_BANK_FIFOS', 'NUM_COPIES'} if schema is None else schema, 'msa_0')
           ^^^^^^^^^^^^^^^^^^^^^^^^^^
AttributeError: module 'derive_presets' has no attribute 'translate_bank_spreading'

======================================================================
ERROR: test_invalid_lexical_inputs (test_bank_spreading.Translation.test_invalid_lexical_inputs) (flag='false', count='1')
----------------------------------------------------------------------
Traceback (most recent call last):
  File "/home/joe/Projects/Thesis/AHLS/new_bsp/new/qualification/msa-bank-spreading-fix-01/test_bank_spreading.py", line 71, in test_invalid_lexical_inputs
    self.call(flag,count)
    ~~~~~~~~~^^^^^^^^^^^^
  File "/home/joe/Projects/Thesis/AHLS/new_bsp/new/qualification/msa-bank-spreading-fix-01/test_bank_spreading.py", line 40, in call
    return d.translate_bank_spreading(donor, {'NUM_BANK_FIFOS', 'NUM_COPIES'} if schema is None else schema, 'msa_0')
           ^^^^^^^^^^^^^^^^^^^^^^^^^^
AttributeError: module 'derive_presets' has no attribute 'translate_bank_spreading'

======================================================================
ERROR: test_invalid_lexical_inputs (test_bank_spreading.Translation.test_invalid_lexical_inputs) (flag='false', count='3')
----------------------------------------------------------------------
Traceback (most recent call last):
  File "/home/joe/Projects/Thesis/AHLS/new_bsp/new/qualification/msa-bank-spreading-fix-01/test_bank_spreading.py", line 71, in test_invalid_lexical_inputs
    self.call(flag,count)
    ~~~~~~~~~^^^^^^^^^^^^
  File "/home/joe/Projects/Thesis/AHLS/new_bsp/new/qualification/msa-bank-spreading-fix-01/test_bank_spreading.py", line 40, in call
    return d.translate_bank_spreading(donor, {'NUM_BANK_FIFOS', 'NUM_COPIES'} if schema is None else schema, 'msa_0')
           ^^^^^^^^^^^^^^^^^^^^^^^^^^
AttributeError: module 'derive_presets' has no attribute 'translate_bank_spreading'

======================================================================
ERROR: test_invalid_lexical_inputs (test_bank_spreading.Translation.test_invalid_lexical_inputs) (flag='false', count='16')
----------------------------------------------------------------------
Traceback (most recent call last):
  File "/home/joe/Projects/Thesis/AHLS/new_bsp/new/qualification/msa-bank-spreading-fix-01/test_bank_spreading.py", line 71, in test_invalid_lexical_inputs
    self.call(flag,count)
    ~~~~~~~~~^^^^^^^^^^^^
  File "/home/joe/Projects/Thesis/AHLS/new_bsp/new/qualification/msa-bank-spreading-fix-01/test_bank_spreading.py", line 40, in call
    return d.translate_bank_spreading(donor, {'NUM_BANK_FIFOS', 'NUM_COPIES'} if schema is None else schema, 'msa_0')
           ^^^^^^^^^^^^^^^^^^^^^^^^^^
AttributeError: module 'derive_presets' has no attribute 'translate_bank_spreading'

======================================================================
ERROR: test_invalid_lexical_inputs (test_bank_spreading.Translation.test_invalid_lexical_inputs) (flag='false', count='8.0')
----------------------------------------------------------------------
Traceback (most recent call last):
  File "/home/joe/Projects/Thesis/AHLS/new_bsp/new/qualification/msa-bank-spreading-fix-01/test_bank_spreading.py", line 71, in test_invalid_lexical_inputs
    self.call(flag,count)
    ~~~~~~~~~^^^^^^^^^^^^
  File "/home/joe/Projects/Thesis/AHLS/new_bsp/new/qualification/msa-bank-spreading-fix-01/test_bank_spreading.py", line 40, in call
    return d.translate_bank_spreading(donor, {'NUM_BANK_FIFOS', 'NUM_COPIES'} if schema is None else schema, 'msa_0')
           ^^^^^^^^^^^^^^^^^^^^^^^^^^
AttributeError: module 'derive_presets' has no attribute 'translate_bank_spreading'

======================================================================
ERROR: test_invalid_lexical_inputs (test_bank_spreading.Translation.test_invalid_lexical_inputs) (flag='false', count='08')
----------------------------------------------------------------------
Traceback (most recent call last):
  File "/home/joe/Projects/Thesis/AHLS/new_bsp/new/qualification/msa-bank-spreading-fix-01/test_bank_spreading.py", line 71, in test_invalid_lexical_inputs
    self.call(flag,count)
    ~~~~~~~~~^^^^^^^^^^^^
  File "/home/joe/Projects/Thesis/AHLS/new_bsp/new/qualification/msa-bank-spreading-fix-01/test_bank_spreading.py", line 40, in call
    return d.translate_bank_spreading(donor, {'NUM_BANK_FIFOS', 'NUM_COPIES'} if schema is None else schema, 'msa_0')
           ^^^^^^^^^^^^^^^^^^^^^^^^^^
AttributeError: module 'derive_presets' has no attribute 'translate_bank_spreading'

======================================================================
ERROR: test_invalid_lexical_inputs (test_bank_spreading.Translation.test_invalid_lexical_inputs) (flag='false', count='+8')
----------------------------------------------------------------------
Traceback (most recent call last):
  File "/home/joe/Projects/Thesis/AHLS/new_bsp/new/qualification/msa-bank-spreading-fix-01/test_bank_spreading.py", line 71, in test_invalid_lexical_inputs
    self.call(flag,count)
    ~~~~~~~~~^^^^^^^^^^^^
  File "/home/joe/Projects/Thesis/AHLS/new_bsp/new/qualification/msa-bank-spreading-fix-01/test_bank_spreading.py", line 40, in call
    return d.translate_bank_spreading(donor, {'NUM_BANK_FIFOS', 'NUM_COPIES'} if schema is None else schema, 'msa_0')
           ^^^^^^^^^^^^^^^^^^^^^^^^^^
AttributeError: module 'derive_presets' has no attribute 'translate_bank_spreading'

======================================================================
ERROR: test_invalid_lexical_inputs (test_bank_spreading.Translation.test_invalid_lexical_inputs) (flag='false', count=' 8')
----------------------------------------------------------------------
Traceback (most recent call last):
  File "/home/joe/Projects/Thesis/AHLS/new_bsp/new/qualification/msa-bank-spreading-fix-01/test_bank_spreading.py", line 71, in test_invalid_lexical_inputs
    self.call(flag,count)
    ~~~~~~~~~^^^^^^^^^^^^
  File "/home/joe/Projects/Thesis/AHLS/new_bsp/new/qualification/msa-bank-spreading-fix-01/test_bank_spreading.py", line 40, in call
    return d.translate_bank_spreading(donor, {'NUM_BANK_FIFOS', 'NUM_COPIES'} if schema is None else schema, 'msa_0')
           ^^^^^^^^^^^^^^^^^^^^^^^^^^
AttributeError: module 'derive_presets' has no attribute 'translate_bank_spreading'

======================================================================
ERROR: test_invalid_lexical_inputs (test_bank_spreading.Translation.test_invalid_lexical_inputs) (flag='false', count='8 ')
----------------------------------------------------------------------
Traceback (most recent call last):
  File "/home/joe/Projects/Thesis/AHLS/new_bsp/new/qualification/msa-bank-spreading-fix-01/test_bank_spreading.py", line 71, in test_invalid_lexical_inputs
    self.call(flag,count)
    ~~~~~~~~~^^^^^^^^^^^^
  File "/home/joe/Projects/Thesis/AHLS/new_bsp/new/qualification/msa-bank-spreading-fix-01/test_bank_spreading.py", line 40, in call
    return d.translate_bank_spreading(donor, {'NUM_BANK_FIFOS', 'NUM_COPIES'} if schema is None else schema, 'msa_0')
           ^^^^^^^^^^^^^^^^^^^^^^^^^^
AttributeError: module 'derive_presets' has no attribute 'translate_bank_spreading'

======================================================================
ERROR: test_invalid_lexical_inputs (test_bank_spreading.Translation.test_invalid_lexical_inputs) (flag='false', count='８')
----------------------------------------------------------------------
Traceback (most recent call last):
  File "/home/joe/Projects/Thesis/AHLS/new_bsp/new/qualification/msa-bank-spreading-fix-01/test_bank_spreading.py", line 71, in test_invalid_lexical_inputs
    self.call(flag,count)
    ~~~~~~~~~^^^^^^^^^^^^
  File "/home/joe/Projects/Thesis/AHLS/new_bsp/new/qualification/msa-bank-spreading-fix-01/test_bank_spreading.py", line 40, in call
    return d.translate_bank_spreading(donor, {'NUM_BANK_FIFOS', 'NUM_COPIES'} if schema is None else schema, 'msa_0')
           ^^^^^^^^^^^^^^^^^^^^^^^^^^
AttributeError: module 'derive_presets' has no attribute 'translate_bank_spreading'

======================================================================
ERROR: test_invalid_lexical_inputs (test_bank_spreading.Translation.test_invalid_lexical_inputs) (flag='true', count=None)
----------------------------------------------------------------------
Traceback (most recent call last):
  File "/home/joe/Projects/Thesis/AHLS/new_bsp/new/qualification/msa-bank-spreading-fix-01/test_bank_spreading.py", line 71, in test_invalid_lexical_inputs
    self.call(flag,count)
    ~~~~~~~~~^^^^^^^^^^^^
  File "/home/joe/Projects/Thesis/AHLS/new_bsp/new/qualification/msa-bank-spreading-fix-01/test_bank_spreading.py", line 40, in call
    return d.translate_bank_spreading(donor, {'NUM_BANK_FIFOS', 'NUM_COPIES'} if schema is None else schema, 'msa_0')
           ^^^^^^^^^^^^^^^^^^^^^^^^^^
AttributeError: module 'derive_presets' has no attribute 'translate_bank_spreading'

======================================================================
ERROR: test_invalid_lexical_inputs (test_bank_spreading.Translation.test_invalid_lexical_inputs) (flag='true', count='')
----------------------------------------------------------------------
Traceback (most recent call last):
  File "/home/joe/Projects/Thesis/AHLS/new_bsp/new/qualification/msa-bank-spreading-fix-01/test_bank_spreading.py", line 71, in test_invalid_lexical_inputs
    self.call(flag,count)
    ~~~~~~~~~^^^^^^^^^^^^
  File "/home/joe/Projects/Thesis/AHLS/new_bsp/new/qualification/msa-bank-spreading-fix-01/test_bank_spreading.py", line 40, in call
    return d.translate_bank_spreading(donor, {'NUM_BANK_FIFOS', 'NUM_COPIES'} if schema is None else schema, 'msa_0')
           ^^^^^^^^^^^^^^^^^^^^^^^^^^
AttributeError: module 'derive_presets' has no attribute 'translate_bank_spreading'

======================================================================
ERROR: test_invalid_lexical_inputs (test_bank_spreading.Translation.test_invalid_lexical_inputs) (flag='true', count='x')
----------------------------------------------------------------------
Traceback (most recent call last):
  File "/home/joe/Projects/Thesis/AHLS/new_bsp/new/qualification/msa-bank-spreading-fix-01/test_bank_spreading.py", line 71, in test_invalid_lexical_inputs
    self.call(flag,count)
    ~~~~~~~~~^^^^^^^^^^^^
  File "/home/joe/Projects/Thesis/AHLS/new_bsp/new/qualification/msa-bank-spreading-fix-01/test_bank_spreading.py", line 40, in call
    return d.translate_bank_spreading(donor, {'NUM_BANK_FIFOS', 'NUM_COPIES'} if schema is None else schema, 'msa_0')
           ^^^^^^^^^^^^^^^^^^^^^^^^^^
AttributeError: module 'derive_presets' has no attribute 'translate_bank_spreading'

======================================================================
ERROR: test_invalid_lexical_inputs (test_bank_spreading.Translation.test_invalid_lexical_inputs) (flag='true', count='-2')
----------------------------------------------------------------------
Traceback (most recent call last):
  File "/home/joe/Projects/Thesis/AHLS/new_bsp/new/qualification/msa-bank-spreading-fix-01/test_bank_spreading.py", line 71, in test_invalid_lexical_inputs
    self.call(flag,count)
    ~~~~~~~~~^^^^^^^^^^^^
  File "/home/joe/Projects/Thesis/AHLS/new_bsp/new/qualification/msa-bank-spreading-fix-01/test_bank_spreading.py", line 40, in call
    return d.translate_bank_spreading(donor, {'NUM_BANK_FIFOS', 'NUM_COPIES'} if schema is None else schema, 'msa_0')
           ^^^^^^^^^^^^^^^^^^^^^^^^^^
AttributeError: module 'derive_presets' has no attribute 'translate_bank_spreading'

======================================================================
ERROR: test_invalid_lexical_inputs (test_bank_spreading.Translation.test_invalid_lexical_inputs) (flag='true', count='1')
----------------------------------------------------------------------
Traceback (most recent call last):
  File "/home/joe/Projects/Thesis/AHLS/new_bsp/new/qualification/msa-bank-spreading-fix-01/test_bank_spreading.py", line 71, in test_invalid_lexical_inputs
    self.call(flag,count)
    ~~~~~~~~~^^^^^^^^^^^^
  File "/home/joe/Projects/Thesis/AHLS/new_bsp/new/qualification/msa-bank-spreading-fix-01/test_bank_spreading.py", line 40, in call
    return d.translate_bank_spreading(donor, {'NUM_BANK_FIFOS', 'NUM_COPIES'} if schema is None else schema, 'msa_0')
           ^^^^^^^^^^^^^^^^^^^^^^^^^^
AttributeError: module 'derive_presets' has no attribute 'translate_bank_spreading'

======================================================================
ERROR: test_invalid_lexical_inputs (test_bank_spreading.Translation.test_invalid_lexical_inputs) (flag='true', count='3')
----------------------------------------------------------------------
Traceback (most recent call last):
  File "/home/joe/Projects/Thesis/AHLS/new_bsp/new/qualification/msa-bank-spreading-fix-01/test_bank_spreading.py", line 71, in test_invalid_lexical_inputs
    self.call(flag,count)
    ~~~~~~~~~^^^^^^^^^^^^
  File "/home/joe/Projects/Thesis/AHLS/new_bsp/new/qualification/msa-bank-spreading-fix-01/test_bank_spreading.py", line 40, in call
    return d.translate_bank_spreading(donor, {'NUM_BANK_FIFOS', 'NUM_COPIES'} if schema is None else schema, 'msa_0')
           ^^^^^^^^^^^^^^^^^^^^^^^^^^
AttributeError: module 'derive_presets' has no attribute 'translate_bank_spreading'

======================================================================
ERROR: test_invalid_lexical_inputs (test_bank_spreading.Translation.test_invalid_lexical_inputs) (flag='true', count='16')
----------------------------------------------------------------------
Traceback (most recent call last):
  File "/home/joe/Projects/Thesis/AHLS/new_bsp/new/qualification/msa-bank-spreading-fix-01/test_bank_spreading.py", line 71, in test_invalid_lexical_inputs
    self.call(flag,count)
    ~~~~~~~~~^^^^^^^^^^^^
  File "/home/joe/Projects/Thesis/AHLS/new_bsp/new/qualification/msa-bank-spreading-fix-01/test_bank_spreading.py", line 40, in call
    return d.translate_bank_spreading(donor, {'NUM_BANK_FIFOS', 'NUM_COPIES'} if schema is None else schema, 'msa_0')
           ^^^^^^^^^^^^^^^^^^^^^^^^^^
AttributeError: module 'derive_presets' has no attribute 'translate_bank_spreading'

======================================================================
ERROR: test_invalid_lexical_inputs (test_bank_spreading.Translation.test_invalid_lexical_inputs) (flag='true', count='8.0')
----------------------------------------------------------------------
Traceback (most recent call last):
  File "/home/joe/Projects/Thesis/AHLS/new_bsp/new/qualification/msa-bank-spreading-fix-01/test_bank_spreading.py", line 71, in test_invalid_lexical_inputs
    self.call(flag,count)
    ~~~~~~~~~^^^^^^^^^^^^
  File "/home/joe/Projects/Thesis/AHLS/new_bsp/new/qualification/msa-bank-spreading-fix-01/test_bank_spreading.py", line 40, in call
    return d.translate_bank_spreading(donor, {'NUM_BANK_FIFOS', 'NUM_COPIES'} if schema is None else schema, 'msa_0')
           ^^^^^^^^^^^^^^^^^^^^^^^^^^
AttributeError: module 'derive_presets' has no attribute 'translate_bank_spreading'

======================================================================
ERROR: test_invalid_lexical_inputs (test_bank_spreading.Translation.test_invalid_lexical_inputs) (flag='true', count='08')
----------------------------------------------------------------------
Traceback (most recent call last):
  File "/home/joe/Projects/Thesis/AHLS/new_bsp/new/qualification/msa-bank-spreading-fix-01/test_bank_spreading.py", line 71, in test_invalid_lexical_inputs
    self.call(flag,count)
    ~~~~~~~~~^^^^^^^^^^^^
  File "/home/joe/Projects/Thesis/AHLS/new_bsp/new/qualification/msa-bank-spreading-fix-01/test_bank_spreading.py", line 40, in call
    return d.translate_bank_spreading(donor, {'NUM_BANK_FIFOS', 'NUM_COPIES'} if schema is None else schema, 'msa_0')
           ^^^^^^^^^^^^^^^^^^^^^^^^^^
AttributeError: module 'derive_presets' has no attribute 'translate_bank_spreading'

======================================================================
ERROR: test_invalid_lexical_inputs (test_bank_spreading.Translation.test_invalid_lexical_inputs) (flag='true', count='+8')
----------------------------------------------------------------------
Traceback (most recent call last):
  File "/home/joe/Projects/Thesis/AHLS/new_bsp/new/qualification/msa-bank-spreading-fix-01/test_bank_spreading.py", line 71, in test_invalid_lexical_inputs
    self.call(flag,count)
    ~~~~~~~~~^^^^^^^^^^^^
  File "/home/joe/Projects/Thesis/AHLS/new_bsp/new/qualification/msa-bank-spreading-fix-01/test_bank_spreading.py", line 40, in call
    return d.translate_bank_spreading(donor, {'NUM_BANK_FIFOS', 'NUM_COPIES'} if schema is None else schema, 'msa_0')
           ^^^^^^^^^^^^^^^^^^^^^^^^^^
AttributeError: module 'derive_presets' has no attribute 'translate_bank_spreading'

======================================================================
ERROR: test_invalid_lexical_inputs (test_bank_spreading.Translation.test_invalid_lexical_inputs) (flag='true', count=' 8')
----------------------------------------------------------------------
Traceback (most recent call last):
  File "/home/joe/Projects/Thesis/AHLS/new_bsp/new/qualification/msa-bank-spreading-fix-01/test_bank_spreading.py", line 71, in test_invalid_lexical_inputs
    self.call(flag,count)
    ~~~~~~~~~^^^^^^^^^^^^
  File "/home/joe/Projects/Thesis/AHLS/new_bsp/new/qualification/msa-bank-spreading-fix-01/test_bank_spreading.py", line 40, in call
    return d.translate_bank_spreading(donor, {'NUM_BANK_FIFOS', 'NUM_COPIES'} if schema is None else schema, 'msa_0')
           ^^^^^^^^^^^^^^^^^^^^^^^^^^
AttributeError: module 'derive_presets' has no attribute 'translate_bank_spreading'

======================================================================
ERROR: test_invalid_lexical_inputs (test_bank_spreading.Translation.test_invalid_lexical_inputs) (flag='true', count='8 ')
----------------------------------------------------------------------
Traceback (most recent call last):
  File "/home/joe/Projects/Thesis/AHLS/new_bsp/new/qualification/msa-bank-spreading-fix-01/test_bank_spreading.py", line 71, in test_invalid_lexical_inputs
    self.call(flag,count)
    ~~~~~~~~~^^^^^^^^^^^^
  File "/home/joe/Projects/Thesis/AHLS/new_bsp/new/qualification/msa-bank-spreading-fix-01/test_bank_spreading.py", line 40, in call
    return d.translate_bank_spreading(donor, {'NUM_BANK_FIFOS', 'NUM_COPIES'} if schema is None else schema, 'msa_0')
           ^^^^^^^^^^^^^^^^^^^^^^^^^^
AttributeError: module 'derive_presets' has no attribute 'translate_bank_spreading'

======================================================================
ERROR: test_invalid_lexical_inputs (test_bank_spreading.Translation.test_invalid_lexical_inputs) (flag='true', count='８')
----------------------------------------------------------------------
Traceback (most recent call last):
  File "/home/joe/Projects/Thesis/AHLS/new_bsp/new/qualification/msa-bank-spreading-fix-01/test_bank_spreading.py", line 71, in test_invalid_lexical_inputs
    self.call(flag,count)
    ~~~~~~~~~^^^^^^^^^^^^
  File "/home/joe/Projects/Thesis/AHLS/new_bsp/new/qualification/msa-bank-spreading-fix-01/test_bank_spreading.py", line 40, in call
    return d.translate_bank_spreading(donor, {'NUM_BANK_FIFOS', 'NUM_COPIES'} if schema is None else schema, 'msa_0')
           ^^^^^^^^^^^^^^^^^^^^^^^^^^
AttributeError: module 'derive_presets' has no attribute 'translate_bank_spreading'

======================================================================
ERROR: test_invalid_lexical_inputs (test_bank_spreading.Translation.test_invalid_lexical_inputs) (flag=None, count=None)
----------------------------------------------------------------------
Traceback (most recent call last):
  File "/home/joe/Projects/Thesis/AHLS/new_bsp/new/qualification/msa-bank-spreading-fix-01/test_bank_spreading.py", line 71, in test_invalid_lexical_inputs
    self.call(flag,count)
    ~~~~~~~~~^^^^^^^^^^^^
  File "/home/joe/Projects/Thesis/AHLS/new_bsp/new/qualification/msa-bank-spreading-fix-01/test_bank_spreading.py", line 40, in call
    return d.translate_bank_spreading(donor, {'NUM_BANK_FIFOS', 'NUM_COPIES'} if schema is None else schema, 'msa_0')
           ^^^^^^^^^^^^^^^^^^^^^^^^^^
AttributeError: module 'derive_presets' has no attribute 'translate_bank_spreading'

======================================================================
ERROR: test_invalid_lexical_inputs (test_bank_spreading.Translation.test_invalid_lexical_inputs) (flag=None, count='')
----------------------------------------------------------------------
Traceback (most recent call last):
  File "/home/joe/Projects/Thesis/AHLS/new_bsp/new/qualification/msa-bank-spreading-fix-01/test_bank_spreading.py", line 71, in test_invalid_lexical_inputs
    self.call(flag,count)
    ~~~~~~~~~^^^^^^^^^^^^
  File "/home/joe/Projects/Thesis/AHLS/new_bsp/new/qualification/msa-bank-spreading-fix-01/test_bank_spreading.py", line 40, in call
    return d.translate_bank_spreading(donor, {'NUM_BANK_FIFOS', 'NUM_COPIES'} if schema is None else schema, 'msa_0')
           ^^^^^^^^^^^^^^^^^^^^^^^^^^
AttributeError: module 'derive_presets' has no attribute 'translate_bank_spreading'

======================================================================
ERROR: test_invalid_lexical_inputs (test_bank_spreading.Translation.test_invalid_lexical_inputs) (flag=None, count='x')
----------------------------------------------------------------------
Traceback (most recent call last):
  File "/home/joe/Projects/Thesis/AHLS/new_bsp/new/qualification/msa-bank-spreading-fix-01/test_bank_spreading.py", line 71, in test_invalid_lexical_inputs
    self.call(flag,count)
    ~~~~~~~~~^^^^^^^^^^^^
  File "/home/joe/Projects/Thesis/AHLS/new_bsp/new/qualification/msa-bank-spreading-fix-01/test_bank_spreading.py", line 40, in call
    return d.translate_bank_spreading(donor, {'NUM_BANK_FIFOS', 'NUM_COPIES'} if schema is None else schema, 'msa_0')
           ^^^^^^^^^^^^^^^^^^^^^^^^^^
AttributeError: module 'derive_presets' has no attribute 'translate_bank_spreading'

======================================================================
ERROR: test_invalid_lexical_inputs (test_bank_spreading.Translation.test_invalid_lexical_inputs) (flag=None, count='-2')
----------------------------------------------------------------------
Traceback (most recent call last):
  File "/home/joe/Projects/Thesis/AHLS/new_bsp/new/qualification/msa-bank-spreading-fix-01/test_bank_spreading.py", line 71, in test_invalid_lexical_inputs
    self.call(flag,count)
    ~~~~~~~~~^^^^^^^^^^^^
  File "/home/joe/Projects/Thesis/AHLS/new_bsp/new/qualification/msa-bank-spreading-fix-01/test_bank_spreading.py", line 40, in call
    return d.translate_bank_spreading(donor, {'NUM_BANK_FIFOS', 'NUM_COPIES'} if schema is None else schema, 'msa_0')
           ^^^^^^^^^^^^^^^^^^^^^^^^^^
AttributeError: module 'derive_presets' has no attribute 'translate_bank_spreading'

======================================================================
ERROR: test_invalid_lexical_inputs (test_bank_spreading.Translation.test_invalid_lexical_inputs) (flag=None, count='1')
----------------------------------------------------------------------
Traceback (most recent call last):
  File "/home/joe/Projects/Thesis/AHLS/new_bsp/new/qualification/msa-bank-spreading-fix-01/test_bank_spreading.py", line 71, in test_invalid_lexical_inputs
    self.call(flag,count)
    ~~~~~~~~~^^^^^^^^^^^^
  File "/home/joe/Projects/Thesis/AHLS/new_bsp/new/qualification/msa-bank-spreading-fix-01/test_bank_spreading.py", line 40, in call
    return d.translate_bank_spreading(donor, {'NUM_BANK_FIFOS', 'NUM_COPIES'} if schema is None else schema, 'msa_0')
           ^^^^^^^^^^^^^^^^^^^^^^^^^^
AttributeError: module 'derive_presets' has no attribute 'translate_bank_spreading'

======================================================================
ERROR: test_invalid_lexical_inputs (test_bank_spreading.Translation.test_invalid_lexical_inputs) (flag=None, count='3')
----------------------------------------------------------------------
Traceback (most recent call last):
  File "/home/joe/Projects/Thesis/AHLS/new_bsp/new/qualification/msa-bank-spreading-fix-01/test_bank_spreading.py", line 71, in test_invalid_lexical_inputs
    self.call(flag,count)
    ~~~~~~~~~^^^^^^^^^^^^
  File "/home/joe/Projects/Thesis/AHLS/new_bsp/new/qualification/msa-bank-spreading-fix-01/test_bank_spreading.py", line 40, in call
    return d.translate_bank_spreading(donor, {'NUM_BANK_FIFOS', 'NUM_COPIES'} if schema is None else schema, 'msa_0')
           ^^^^^^^^^^^^^^^^^^^^^^^^^^
AttributeError: module 'derive_presets' has no attribute 'translate_bank_spreading'

======================================================================
ERROR: test_invalid_lexical_inputs (test_bank_spreading.Translation.test_invalid_lexical_inputs) (flag=None, count='16')
----------------------------------------------------------------------
Traceback (most recent call last):
  File "/home/joe/Projects/Thesis/AHLS/new_bsp/new/qualification/msa-bank-spreading-fix-01/test_bank_spreading.py", line 71, in test_invalid_lexical_inputs
    self.call(flag,count)
    ~~~~~~~~~^^^^^^^^^^^^
  File "/home/joe/Projects/Thesis/AHLS/new_bsp/new/qualification/msa-bank-spreading-fix-01/test_bank_spreading.py", line 40, in call
    return d.translate_bank_spreading(donor, {'NUM_BANK_FIFOS', 'NUM_COPIES'} if schema is None else schema, 'msa_0')
           ^^^^^^^^^^^^^^^^^^^^^^^^^^
AttributeError: module 'derive_presets' has no attribute 'translate_bank_spreading'

======================================================================
ERROR: test_invalid_lexical_inputs (test_bank_spreading.Translation.test_invalid_lexical_inputs) (flag=None, count='8.0')
----------------------------------------------------------------------
Traceback (most recent call last):
  File "/home/joe/Projects/Thesis/AHLS/new_bsp/new/qualification/msa-bank-spreading-fix-01/test_bank_spreading.py", line 71, in test_invalid_lexical_inputs
    self.call(flag,count)
    ~~~~~~~~~^^^^^^^^^^^^
  File "/home/joe/Projects/Thesis/AHLS/new_bsp/new/qualification/msa-bank-spreading-fix-01/test_bank_spreading.py", line 40, in call
    return d.translate_bank_spreading(donor, {'NUM_BANK_FIFOS', 'NUM_COPIES'} if schema is None else schema, 'msa_0')
           ^^^^^^^^^^^^^^^^^^^^^^^^^^
AttributeError: module 'derive_presets' has no attribute 'translate_bank_spreading'

======================================================================
ERROR: test_invalid_lexical_inputs (test_bank_spreading.Translation.test_invalid_lexical_inputs) (flag=None, count='08')
----------------------------------------------------------------------
Traceback (most recent call last):
  File "/home/joe/Projects/Thesis/AHLS/new_bsp/new/qualification/msa-bank-spreading-fix-01/test_bank_spreading.py", line 71, in test_invalid_lexical_inputs
    self.call(flag,count)
    ~~~~~~~~~^^^^^^^^^^^^
  File "/home/joe/Projects/Thesis/AHLS/new_bsp/new/qualification/msa-bank-spreading-fix-01/test_bank_spreading.py", line 40, in call
    return d.translate_bank_spreading(donor, {'NUM_BANK_FIFOS', 'NUM_COPIES'} if schema is None else schema, 'msa_0')
           ^^^^^^^^^^^^^^^^^^^^^^^^^^
AttributeError: module 'derive_presets' has no attribute 'translate_bank_spreading'

======================================================================
ERROR: test_invalid_lexical_inputs (test_bank_spreading.Translation.test_invalid_lexical_inputs) (flag=None, count='+8')
----------------------------------------------------------------------
Traceback (most recent call last):
  File "/home/joe/Projects/Thesis/AHLS/new_bsp/new/qualification/msa-bank-spreading-fix-01/test_bank_spreading.py", line 71, in test_invalid_lexical_inputs
    self.call(flag,count)
    ~~~~~~~~~^^^^^^^^^^^^
  File "/home/joe/Projects/Thesis/AHLS/new_bsp/new/qualification/msa-bank-spreading-fix-01/test_bank_spreading.py", line 40, in call
    return d.translate_bank_spreading(donor, {'NUM_BANK_FIFOS', 'NUM_COPIES'} if schema is None else schema, 'msa_0')
           ^^^^^^^^^^^^^^^^^^^^^^^^^^
AttributeError: module 'derive_presets' has no attribute 'translate_bank_spreading'

======================================================================
ERROR: test_invalid_lexical_inputs (test_bank_spreading.Translation.test_invalid_lexical_inputs) (flag=None, count=' 8')
----------------------------------------------------------------------
Traceback (most recent call last):
  File "/home/joe/Projects/Thesis/AHLS/new_bsp/new/qualification/msa-bank-spreading-fix-01/test_bank_spreading.py", line 71, in test_invalid_lexical_inputs
    self.call(flag,count)
    ~~~~~~~~~^^^^^^^^^^^^
  File "/home/joe/Projects/Thesis/AHLS/new_bsp/new/qualification/msa-bank-spreading-fix-01/test_bank_spreading.py", line 40, in call
    return d.translate_bank_spreading(donor, {'NUM_BANK_FIFOS', 'NUM_COPIES'} if schema is None else schema, 'msa_0')
           ^^^^^^^^^^^^^^^^^^^^^^^^^^
AttributeError: module 'derive_presets' has no attribute 'translate_bank_spreading'

======================================================================
ERROR: test_invalid_lexical_inputs (test_bank_spreading.Translation.test_invalid_lexical_inputs) (flag=None, count='8 ')
----------------------------------------------------------------------
Traceback (most recent call last):
  File "/home/joe/Projects/Thesis/AHLS/new_bsp/new/qualification/msa-bank-spreading-fix-01/test_bank_spreading.py", line 71, in test_invalid_lexical_inputs
    self.call(flag,count)
    ~~~~~~~~~^^^^^^^^^^^^
  File "/home/joe/Projects/Thesis/AHLS/new_bsp/new/qualification/msa-bank-spreading-fix-01/test_bank_spreading.py", line 40, in call
    return d.translate_bank_spreading(donor, {'NUM_BANK_FIFOS', 'NUM_COPIES'} if schema is None else schema, 'msa_0')
           ^^^^^^^^^^^^^^^^^^^^^^^^^^
AttributeError: module 'derive_presets' has no attribute 'translate_bank_spreading'

======================================================================
ERROR: test_invalid_lexical_inputs (test_bank_spreading.Translation.test_invalid_lexical_inputs) (flag=None, count='８')
----------------------------------------------------------------------
Traceback (most recent call last):
  File "/home/joe/Projects/Thesis/AHLS/new_bsp/new/qualification/msa-bank-spreading-fix-01/test_bank_spreading.py", line 71, in test_invalid_lexical_inputs
    self.call(flag,count)
    ~~~~~~~~~^^^^^^^^^^^^
  File "/home/joe/Projects/Thesis/AHLS/new_bsp/new/qualification/msa-bank-spreading-fix-01/test_bank_spreading.py", line 40, in call
    return d.translate_bank_spreading(donor, {'NUM_BANK_FIFOS', 'NUM_COPIES'} if schema is None else schema, 'msa_0')
           ^^^^^^^^^^^^^^^^^^^^^^^^^^
AttributeError: module 'derive_presets' has no attribute 'translate_bank_spreading'

======================================================================
ERROR: test_invalid_lexical_inputs (test_bank_spreading.Translation.test_invalid_lexical_inputs)
----------------------------------------------------------------------
Traceback (most recent call last):
  File "/home/joe/Projects/Thesis/AHLS/new_bsp/new/qualification/msa-bank-spreading-fix-01/test_bank_spreading.py", line 73, in test_invalid_lexical_inputs
    self.call('true','0')
    ~~~~~~~~~^^^^^^^^^^^^
  File "/home/joe/Projects/Thesis/AHLS/new_bsp/new/qualification/msa-bank-spreading-fix-01/test_bank_spreading.py", line 40, in call
    return d.translate_bank_spreading(donor, {'NUM_BANK_FIFOS', 'NUM_COPIES'} if schema is None else schema, 'msa_0')
           ^^^^^^^^^^^^^^^^^^^^^^^^^^
AttributeError: module 'derive_presets' has no attribute 'translate_bank_spreading'

======================================================================
ERROR: test_true_positive (test_bank_spreading.Translation.test_true_positive) (count='2')
----------------------------------------------------------------------
Traceback (most recent call last):
  File "/home/joe/Projects/Thesis/AHLS/new_bsp/new/qualification/msa-bank-spreading-fix-01/test_bank_spreading.py", line 54, in test_true_positive
    self.assertEqual(self.call('true',count)[0], count)
                     ~~~~~~~~~^^^^^^^^^^^^^^
  File "/home/joe/Projects/Thesis/AHLS/new_bsp/new/qualification/msa-bank-spreading-fix-01/test_bank_spreading.py", line 40, in call
    return d.translate_bank_spreading(donor, {'NUM_BANK_FIFOS', 'NUM_COPIES'} if schema is None else schema, 'msa_0')
           ^^^^^^^^^^^^^^^^^^^^^^^^^^
AttributeError: module 'derive_presets' has no attribute 'translate_bank_spreading'

======================================================================
ERROR: test_true_positive (test_bank_spreading.Translation.test_true_positive) (count='4')
----------------------------------------------------------------------
Traceback (most recent call last):
  File "/home/joe/Projects/Thesis/AHLS/new_bsp/new/qualification/msa-bank-spreading-fix-01/test_bank_spreading.py", line 54, in test_true_positive
    self.assertEqual(self.call('true',count)[0], count)
                     ~~~~~~~~~^^^^^^^^^^^^^^
  File "/home/joe/Projects/Thesis/AHLS/new_bsp/new/qualification/msa-bank-spreading-fix-01/test_bank_spreading.py", line 40, in call
    return d.translate_bank_spreading(donor, {'NUM_BANK_FIFOS', 'NUM_COPIES'} if schema is None else schema, 'msa_0')
           ^^^^^^^^^^^^^^^^^^^^^^^^^^
AttributeError: module 'derive_presets' has no attribute 'translate_bank_spreading'

======================================================================
ERROR: test_true_positive (test_bank_spreading.Translation.test_true_positive) (count='8')
----------------------------------------------------------------------
Traceback (most recent call last):
  File "/home/joe/Projects/Thesis/AHLS/new_bsp/new/qualification/msa-bank-spreading-fix-01/test_bank_spreading.py", line 54, in test_true_positive
    self.assertEqual(self.call('true',count)[0], count)
                     ~~~~~~~~~^^^^^^^^^^^^^^
  File "/home/joe/Projects/Thesis/AHLS/new_bsp/new/qualification/msa-bank-spreading-fix-01/test_bank_spreading.py", line 40, in call
    return d.translate_bank_spreading(donor, {'NUM_BANK_FIFOS', 'NUM_COPIES'} if schema is None else schema, 'msa_0')
           ^^^^^^^^^^^^^^^^^^^^^^^^^^
AttributeError: module 'derive_presets' has no attribute 'translate_bank_spreading'

----------------------------------------------------------------------
Ran 5 tests in 0.070s

FAILED (errors=74)
