Info: Generated by version: 26.1.1 build 130
Info: Starting: Create simulation model
Info: qsys-generate /home/uwb_student00/ahls/new_BSP/work_ia840f_fim_05/syn/board/ia840f/syn_top/../../../../ofs-common/src/fpga_family/agilex/remote_stp/AFU_debug/config_reset_release.ip --simulation=VERILOG --allow-mixed-language-simulation --simulator=MODELSIM --output-directory=/home/uwb_student00/ahls/new_BSP/work_ia840f_fim_05/ofs-common/src/fpga_family/agilex/remote_stp/AFU_debug/config_reset_release --family="Agilex 7" --part=AGFB027R25A2E2V
Info: config_reset_release: "Transforming system: config_reset_release"
Info: config_reset_release: "Naming system components in system: config_reset_release"
Info: config_reset_release: "Processing generation queue"
Info: config_reset_release: "Generating: config_reset_release"
Info: config_reset_release: "Generating: intel_configuration_reset_release_to_debug_logic"
Info: config_reset_release: Done "config_reset_release" with 2 modules, 2 files
Info: Generating the following file(s) for MODELSIM simulator in /home/uwb_student00/ahls/new_BSP/work_ia840f_fim_05/ofs-common/src/fpga_family/agilex/remote_stp/AFU_debug/config_reset_release/sim/ directory:
Info: 	common/modelsim_files.tcl
Info: For information on how to simulate your IP, see the explanatory comments in the simulator-specific subdirectories under /home/uwb_student00/ahls/new_BSP/work_ia840f_fim_05/ofs-common/src/fpga_family/agilex/remote_stp/AFU_debug/config_reset_release/sim/.
Info: Regenerate these scripts whenever you make any change to any Quartus-generated IP in your project.
Info: Finished: Create simulation model
Info: Starting: Create simulation script
Info: sim-script-gen --system-file=/home/uwb_student00/ahls/new_BSP/work_ia840f_fim_05/syn/board/ia840f/syn_top/../../../../ofs-common/src/fpga_family/agilex/remote_stp/AFU_debug/config_reset_release.ip --simulator=MODELSIM --output-directory=/home/uwb_student00/ahls/new_BSP/work_ia840f_fim_05/ofs-common/src/fpga_family/agilex/remote_stp/AFU_debug/config_reset_release/sim/ --use-relative-paths=true --modelsim-flow=traditional
Info: Generating the following file(s) for MODELSIM simulator in /home/uwb_student00/ahls/new_BSP/work_ia840f_fim_05/ofs-common/src/fpga_family/agilex/remote_stp/AFU_debug/config_reset_release/sim/ directory:
Info: 	mentor/msim_setup.tcl
Info: 	mentor/run_msim_setup.tcl
Info: For information on how to simulate your IP, see the explanatory comments in the simulator-specific subdirectories under /home/uwb_student00/ahls/new_BSP/work_ia840f_fim_05/ofs-common/src/fpga_family/agilex/remote_stp/AFU_debug/config_reset_release/sim/.
Info: Regenerate these scripts whenever you make any change to any Quartus-generated IP in your project.
Info: Finished: Create simulation script
Info: 
Info: Starting: Create HDL design files for synthesis
Info: qsys-generate /home/uwb_student00/ahls/new_BSP/work_ia840f_fim_05/syn/board/ia840f/syn_top/../../../../ofs-common/src/fpga_family/agilex/remote_stp/AFU_debug/config_reset_release.ip --synthesis=VERILOG --output-directory=/home/uwb_student00/ahls/new_BSP/work_ia840f_fim_05/ofs-common/src/fpga_family/agilex/remote_stp/AFU_debug/config_reset_release --family="Agilex 7" --part=AGFB027R25A2E2V
Info: config_reset_release: "Transforming system: config_reset_release"
Info: config_reset_release: "Naming system components in system: config_reset_release"
Info: config_reset_release: "Processing generation queue"
Info: config_reset_release: "Generating: config_reset_release"
Info: config_reset_release: "Generating: intel_configuration_reset_release_to_debug_logic"
Info: config_reset_release: Done "config_reset_release" with 2 modules, 2 files
Info: Finished: Create HDL design files for synthesis
