{
  "pass": false,
  "ready_for_build": false,
  "hardware_qualified": false,
  "started": 1789761716.5036657,
  "change": "23.1 whole tennm_ver simulation source trio compiled with current 26.1.1 Questa; no other device library mapping changed",
  "reused_compile_commands": 144,
  "before_inputs_match": true,
  "environment": {
    "SALT_LICENSE_SERVER": "/home/uwb_student00/quartus_26/LR-191011_License.dat",
    "LM_LICENSE_FILE": "/home/uwb_student00/quartus_26/LR-191011_License.dat",
    "MGLS_LICENSE_FILE": "/home/uwb_student00/quartus_26/LR-191011_License.dat",
    "MODELSIM": "/home/uwb_student00/ahls/new_BSP/qualification/ddr-library-rebuild-01/run-06/modelsim.ini",
    "PATH": "/opt/altera/26.1.1/questa_fe/bin:/opt/intelFPGA_pro/23.1/quartus/bin:/opt/intelFPGA_pro/23.1/questa_fe/linux_x86_64:/opt/intelFPGA_pro/23.1/questa_fe/bin:/home/uwb_student00/.opencode/bin:/home/uwb_student00/.local/bin:/opt/intelFPGA_pro/23.1/quartus/bin:/opt/intelFPGA_pro/23.1/questa_fe/linux_x86_64:/opt/intelFPGA_pro/23.1/questa_fe/bin:/home/uwb_student00/.opencode/bin:/home/uwb_student00/.local/bin:/home/uwb_student00/.local/bin:/home/uwb_student00/bin:/usr/local/bin:/usr/bin:/usr/local/sbin:/usr/sbin:/usr/share/bittware-sdk/bin:/opt/gurobi1301/linux64/bin:/opt/gurobi1301/linux64/bin"
  },
  "error": "failed compile-import-01 rc=2",
  "native_rc": 2,
  "source_libraries_unchanged": true,
  "after_input_mismatches": [],
  "donor_and_import_hashes_unchanged": true,
  "finished": 1789761919.815699
}
