Info: Generated by version: 26.1.1 build 130
Info: Starting: Create simulation model
Info: qsys-generate /home/uwb_student00/ahls/new_BSP/work_ia840f_fim_05/syn/board/ia840f/syn_top/../../../../ofs-common/src/fpga_family/agilex/uart/ip/uart.ip --simulation=VERILOG --allow-mixed-language-simulation --simulator=MODELSIM --output-directory=/home/uwb_student00/ahls/new_BSP/work_ia840f_fim_05/ofs-common/src/fpga_family/agilex/uart/ip/uart --family="Agilex 7" --part=AGFB027R25A2E2V
Info: uart.a_16550_uart_0: Clock Rate is set at 0
Info: uart: "Transforming system: uart"
Info: uart: "Naming system components in system: uart"
Info: uart: "Processing generation queue"
Info: uart: "Generating: uart"
Info: uart: "Generating: altera_16550_uart"
Info: uart: Done "uart" with 2 modules, 26 files
Info: Generating the following file(s) for MODELSIM simulator in /home/uwb_student00/ahls/new_BSP/work_ia840f_fim_05/ofs-common/src/fpga_family/agilex/uart/ip/uart/sim/ directory:
Info: 	common/modelsim_files.tcl
Info: For information on how to simulate your IP, see the explanatory comments in the simulator-specific subdirectories under /home/uwb_student00/ahls/new_BSP/work_ia840f_fim_05/ofs-common/src/fpga_family/agilex/uart/ip/uart/sim/.
Info: Regenerate these scripts whenever you make any change to any Quartus-generated IP in your project.
Info: Finished: Create simulation model
Info: Starting: Create simulation script
Info: sim-script-gen --system-file=/home/uwb_student00/ahls/new_BSP/work_ia840f_fim_05/syn/board/ia840f/syn_top/../../../../ofs-common/src/fpga_family/agilex/uart/ip/uart.ip --simulator=MODELSIM --output-directory=/home/uwb_student00/ahls/new_BSP/work_ia840f_fim_05/ofs-common/src/fpga_family/agilex/uart/ip/uart/sim/ --use-relative-paths=true --modelsim-flow=traditional
Info: Generating the following file(s) for MODELSIM simulator in /home/uwb_student00/ahls/new_BSP/work_ia840f_fim_05/ofs-common/src/fpga_family/agilex/uart/ip/uart/sim/ directory:
Info: 	mentor/msim_setup.tcl
Info: 	mentor/run_msim_setup.tcl
Info: For information on how to simulate your IP, see the explanatory comments in the simulator-specific subdirectories under /home/uwb_student00/ahls/new_BSP/work_ia840f_fim_05/ofs-common/src/fpga_family/agilex/uart/ip/uart/sim/.
Info: Regenerate these scripts whenever you make any change to any Quartus-generated IP in your project.
Info: Finished: Create simulation script
Info: 
Info: Starting: Create HDL design files for synthesis
Info: qsys-generate /home/uwb_student00/ahls/new_BSP/work_ia840f_fim_05/syn/board/ia840f/syn_top/../../../../ofs-common/src/fpga_family/agilex/uart/ip/uart.ip --synthesis=VERILOG --output-directory=/home/uwb_student00/ahls/new_BSP/work_ia840f_fim_05/ofs-common/src/fpga_family/agilex/uart/ip/uart --family="Agilex 7" --part=AGFB027R25A2E2V
Info: uart.a_16550_uart_0: Clock Rate is set at 0
Info: uart: "Transforming system: uart"
Info: uart: "Naming system components in system: uart"
Info: uart: "Processing generation queue"
Info: uart: "Generating: uart"
Info: uart: "Generating: altera_16550_uart"
Info: uart: Done "uart" with 2 modules, 27 files
Info: Finished: Create HDL design files for synthesis
