Info: Generated by version: 26.1.1 build 130
Info: Starting: Create simulation model
Info: qsys-generate /home/uwb_student00/ahls/new_BSP/work_ia840f_fim_05/syn/board/ia840f/syn_top/../../../../ipss/ia840f/bwbmc/ip/bw_840_support/host_sdm_pipeline.ip --simulation=VERILOG --allow-mixed-language-simulation --simulator=MODELSIM --output-directory=/home/uwb_student00/ahls/new_BSP/work_ia840f_fim_05/ipss/ia840f/bwbmc/ip/bw_840_support/host_sdm_pipeline --family="Agilex 7" --part=AGFB027R25A2E2V
Warning: host_sdm_pipeline: Used altera_avalon_mm_bridge 20.1.0 (instead of 20.0.1)
Info: host_sdm_pipeline: "Transforming system: host_sdm_pipeline"
Info: host_sdm_pipeline: "Naming system components in system: host_sdm_pipeline"
Info: host_sdm_pipeline: "Processing generation queue"
Info: host_sdm_pipeline: "Generating: host_sdm_pipeline"
Info: host_sdm_pipeline: "Generating: host_sdm_pipeline_altera_avalon_mm_bridge_2010_tex5a4i"
Info: host_sdm_pipeline: Done "host_sdm_pipeline" with 2 modules, 4 files
Info: Generating the following file(s) for MODELSIM simulator in /home/uwb_student00/ahls/new_BSP/work_ia840f_fim_05/ipss/ia840f/bwbmc/ip/bw_840_support/host_sdm_pipeline/sim/ directory:
Info: 	common/modelsim_files.tcl
Info: For information on how to simulate your IP, see the explanatory comments in the simulator-specific subdirectories under /home/uwb_student00/ahls/new_BSP/work_ia840f_fim_05/ipss/ia840f/bwbmc/ip/bw_840_support/host_sdm_pipeline/sim/.
Info: Regenerate these scripts whenever you make any change to any Quartus-generated IP in your project.
Info: Finished: Create simulation model
Info: Starting: Create simulation script
Info: sim-script-gen --system-file=/home/uwb_student00/ahls/new_BSP/work_ia840f_fim_05/syn/board/ia840f/syn_top/../../../../ipss/ia840f/bwbmc/ip/bw_840_support/host_sdm_pipeline.ip --simulator=MODELSIM --output-directory=/home/uwb_student00/ahls/new_BSP/work_ia840f_fim_05/ipss/ia840f/bwbmc/ip/bw_840_support/host_sdm_pipeline/sim/ --use-relative-paths=true --modelsim-flow=traditional
Info: Generating the following file(s) for MODELSIM simulator in /home/uwb_student00/ahls/new_BSP/work_ia840f_fim_05/ipss/ia840f/bwbmc/ip/bw_840_support/host_sdm_pipeline/sim/ directory:
Info: 	mentor/msim_setup.tcl
Info: 	mentor/run_msim_setup.tcl
Info: For information on how to simulate your IP, see the explanatory comments in the simulator-specific subdirectories under /home/uwb_student00/ahls/new_BSP/work_ia840f_fim_05/ipss/ia840f/bwbmc/ip/bw_840_support/host_sdm_pipeline/sim/.
Info: Regenerate these scripts whenever you make any change to any Quartus-generated IP in your project.
Info: Finished: Create simulation script
Info: 
Info: Starting: Create HDL design files for synthesis
Info: qsys-generate /home/uwb_student00/ahls/new_BSP/work_ia840f_fim_05/syn/board/ia840f/syn_top/../../../../ipss/ia840f/bwbmc/ip/bw_840_support/host_sdm_pipeline.ip --synthesis=VERILOG --output-directory=/home/uwb_student00/ahls/new_BSP/work_ia840f_fim_05/ipss/ia840f/bwbmc/ip/bw_840_support/host_sdm_pipeline --family="Agilex 7" --part=AGFB027R25A2E2V
Warning: host_sdm_pipeline: Used altera_avalon_mm_bridge 20.1.0 (instead of 20.0.1)
Info: host_sdm_pipeline: "Transforming system: host_sdm_pipeline"
Info: host_sdm_pipeline: "Naming system components in system: host_sdm_pipeline"
Info: host_sdm_pipeline: "Processing generation queue"
Info: host_sdm_pipeline: "Generating: host_sdm_pipeline"
Info: host_sdm_pipeline: "Generating: host_sdm_pipeline_altera_avalon_mm_bridge_2010_tex5a4i"
Info: host_sdm_pipeline: Done "host_sdm_pipeline" with 2 modules, 4 files
Info: Finished: Create HDL design files for synthesis
