{
    "version": 1,
    "afu-image": {
        "power": 0,
        "clock-frequency-high": 200,
        "clock-frequency-low": 100,
        "afu-top-interface": {
            "class": "ofs_plat_afu"
        },
        "accelerator-clusters": [
            {
                "name": "ia840f_ahls_memory",
                "total-contexts": 1,
                "accelerator-type-uuid": "673c03a1-cef3-4c82-bf10-b12c247d9718"
            }
        ],
        "interface-uuid": "fc4bf1c1-760f-5cd7-8040-b3e86fa0d31e",
        "magic-no": 488605312
    }
}
