Info: Generated by version: 25.1 build 129
Info: Starting: Create HDL design files for synthesis
Info: qsys-generate /home/uwb_student00/ahls/new_BSP/work_ahls_memory_fabric01/fabric03/ip/ahls_memory_fabric/ahls_memory_fabric_fabric.ip --synthesis=VERILOG --output-directory=/home/uwb_student00/ahls/new_BSP/work_ahls_memory_fabric01/fabric03/ip/ahls_memory_fabric/ahls_memory_fabric_fabric --family="Agilex 7" --part=AGFB027R25A2E2V
Info: ahls_memory_fabric_fabric: "Transforming system: ahls_memory_fabric_fabric"
Info: ahls_memory_fabric_fabric: "Naming system components in system: ahls_memory_fabric_fabric"
Info: ahls_memory_fabric_fabric: "Processing generation queue"
Info: ahls_memory_fabric_fabric: "Generating: ahls_memory_fabric_fabric"
Info: ahls_memory_fabric_fabric: "Generating: ahls_memory_fabric_fabric_ia840f_ahls_memory_fabric_10_xit3k2i"
Info: ahls_memory_fabric_fabric: "Generating: mmhost_ia840f_report_di"
Info: ahls_memory_fabric_fabric: "Generating: ahls_memory_fabric_fabric_altera_axi_bridge_1993_2ykamhy"
Info: ahls_memory_fabric_fabric: "Generating: ahls_memory_fabric_fabric_altera_axi_bridge_1993_kwvtw4a"
Info: ahls_memory_fabric_fabric: "Generating: ahls_memory_fabric_fabric_altera_axi_bridge_1993_ho77dxi"
Info: ahls_memory_fabric_fabric: "Generating: ahls_memory_fabric_fabric_altera_mm_interconnect_1920_l246cuq"
Info: ahls_memory_fabric_fabric: "Generating: ahls_memory_fabric_fabric_altera_mm_interconnect_1920_kupnvta"
Info: ahls_memory_fabric_fabric: "Generating: ahls_memory_fabric_fabric_altera_mm_interconnect_1920_spdifha"
Info: ahls_memory_fabric_fabric: "Generating: altera_reset_controller"
Info: ahls_memory_fabric_fabric: "Generating: ahls_memory_fabric_fabric_altera_merlin_axi_translator_1974_xfkiwxi"
Info: ahls_memory_fabric_fabric: "Generating: ahls_memory_fabric_fabric_altera_merlin_slave_translator_191_xg7rzxi"
Info: ahls_memory_fabric_fabric: "Generating: ahls_memory_fabric_fabric_altera_merlin_axi_master_ni_19100_y3ctica"
Info: ahls_memory_fabric_fabric: "Generating: ahls_memory_fabric_fabric_altera_merlin_axi_slave_ni_19112_oazrs3y"
Info: my_altera_avalon_sc_fifo_wr: "Generating: my_altera_avalon_sc_fifo_wr"
Info: my_altera_avalon_sc_fifo_rd: "Generating: my_altera_avalon_sc_fifo_rd"
Info: my_altera_avalon_st_pipeline_stage_rd: "Generating: my_altera_avalon_st_pipeline_stage_rd"
Info: my_altera_avalon_st_pipeline_stage_wr: "Generating: my_altera_avalon_st_pipeline_stage_wr"
Info: my_altera_avalon_st_pipeline_stage_rp: "Generating: my_altera_avalon_st_pipeline_stage_rp"
Info: ahls_memory_fabric_fabric: "Generating: ahls_memory_fabric_fabric_altera_merlin_slave_agent_1930_jxauz3i"
Info: ahls_memory_fabric_fabric: "Generating: ahls_memory_fabric_fabric_altera_avalon_sc_fifo_1932_onpcouq"
Info: ahls_memory_fabric_fabric: "Generating: ahls_memory_fabric_fabric_altera_merlin_router_1921_pleb25y"
Info: ahls_memory_fabric_fabric: "Generating: ahls_memory_fabric_fabric_altera_merlin_router_1921_bknbsua"
Info: ahls_memory_fabric_fabric: "Generating: ahls_memory_fabric_fabric_altera_merlin_router_1921_2bcilgi"
Info: ahls_memory_fabric_fabric: "Generating: ahls_memory_fabric_fabric_altera_merlin_router_1921_5wd2p4i"
Info: ahls_memory_fabric_fabric: "Generating: ahls_memory_fabric_fabric_altera_merlin_router_1921_wfloq4q"
Info: ahls_memory_fabric_fabric: "Generating: ahls_memory_fabric_fabric_altera_merlin_burst_adapter_1940_twtirdy"
Info: my_altera_avalon_st_pipeline_stage: "Generating: my_altera_avalon_st_pipeline_stage"
Info: ahls_memory_fabric_fabric: "Generating: ahls_memory_fabric_fabric_altera_merlin_demultiplexer_1921_wfrz5ua"
Info: ahls_memory_fabric_fabric: "Generating: ahls_memory_fabric_fabric_altera_merlin_multiplexer_1922_g6klifq"
Info: ahls_memory_fabric_fabric: "Generating: ahls_memory_fabric_fabric_altera_merlin_multiplexer_1922_njwpk6q"
Info: ahls_memory_fabric_fabric: "Generating: ahls_memory_fabric_fabric_altera_merlin_demultiplexer_1921_4idlbya"
Info: ahls_memory_fabric_fabric: "Generating: ahls_memory_fabric_fabric_altera_merlin_multiplexer_1922_hmweysy"
Info: ahls_memory_fabric_fabric: "Generating: ahls_memory_fabric_fabric_altera_merlin_master_translator_193_lgcew2q"
Info: ahls_memory_fabric_fabric: "Generating: ahls_memory_fabric_fabric_altera_merlin_axi_master_ni_19100_pogz5yy"
Info: ahls_memory_fabric_fabric: "Generating: ahls_memory_fabric_fabric_altera_merlin_master_agent_1931_szfayly"
Info: ahls_memory_fabric_fabric: "Generating: ahls_memory_fabric_fabric_altera_merlin_axi_slave_ni_19112_se46o5i"
Info: my_altera_avalon_sc_fifo_wr: "Generating: my_altera_avalon_sc_fifo_wr"
Info: my_altera_avalon_sc_fifo_rd: "Generating: my_altera_avalon_sc_fifo_rd"
Info: my_altera_avalon_st_pipeline_stage_rd: "Generating: my_altera_avalon_st_pipeline_stage_rd"
Info: my_altera_avalon_st_pipeline_stage_wr: "Generating: my_altera_avalon_st_pipeline_stage_wr"
Info: my_altera_avalon_st_pipeline_stage_rp: "Generating: my_altera_avalon_st_pipeline_stage_rp"
Info: ahls_memory_fabric_fabric: "Generating: ahls_memory_fabric_fabric_altera_merlin_router_1921_7q5dofa"
Info: ahls_memory_fabric_fabric: "Generating: ahls_memory_fabric_fabric_altera_merlin_router_1921_wbpr2vq"
Info: ahls_memory_fabric_fabric: "Generating: ahls_memory_fabric_fabric_altera_merlin_router_1921_3d66qja"
Info: ahls_memory_fabric_fabric: "Generating: ahls_memory_fabric_fabric_altera_merlin_router_1921_xpigzti"
Info: ahls_memory_fabric_fabric: "Generating: ahls_memory_fabric_fabric_altera_merlin_router_1921_6zq3bzi"
Info: ahls_memory_fabric_fabric: "Generating: ahls_memory_fabric_fabric_altera_merlin_traffic_limiter_1921_dbseoby"
Info: my_altera_avalon_sc_fifo_dest_id_fifo: "Generating: my_altera_avalon_sc_fifo_dest_id_fifo"
Info: ahls_memory_fabric_fabric: "Generating: ahls_memory_fabric_fabric_altera_merlin_demultiplexer_1921_7pa3jvy"
Info: ahls_memory_fabric_fabric: "Generating: ahls_memory_fabric_fabric_altera_merlin_demultiplexer_1921_vcsjvzy"
Info: ahls_memory_fabric_fabric: "Generating: ahls_memory_fabric_fabric_altera_merlin_multiplexer_1922_g6gxb3a"
Info: ahls_memory_fabric_fabric: "Generating: ahls_memory_fabric_fabric_altera_merlin_multiplexer_1922_35npxba"
Info: ahls_memory_fabric_fabric: "Generating: ahls_memory_fabric_fabric_altera_merlin_multiplexer_1922_boiqyoi"
Info: ahls_memory_fabric_fabric: "Generating: ahls_memory_fabric_fabric_altera_merlin_width_adapter_1950_lvsui2a"
Info: ahls_memory_fabric_fabric: "Generating: ahls_memory_fabric_fabric_altera_merlin_width_adapter_1950_k4h3hpi"
Info: ahls_memory_fabric_fabric: "Generating: ahls_memory_fabric_fabric_altera_avalon_st_pipeline_stage_1930_oiupeiq"
Info: ahls_memory_fabric_fabric: "Generating: ahls_memory_fabric_fabric_altera_merlin_axi_slave_ni_altera_avalon_sc_fifo_19112_jne3kpq"
Info: ahls_memory_fabric_fabric: "Generating: ahls_memory_fabric_fabric_altera_merlin_axi_slave_ni_altera_avalon_st_pipeline_stage_19112_7najzbq"
Info: ahls_memory_fabric_fabric: "Generating: ahls_memory_fabric_fabric_altera_merlin_axi_slave_ni_altera_avalon_st_pipeline_stage_19112_4nxcxpi"
Info: ahls_memory_fabric_fabric: "Generating: ahls_memory_fabric_fabric_altera_merlin_axi_slave_ni_altera_avalon_st_pipeline_stage_19112_gaxsrkq"
Info: ahls_memory_fabric_fabric: "Generating: ahls_memory_fabric_fabric_altera_merlin_burst_adapter_altera_avalon_st_pipeline_stage_1940_hev3h3q"
Info: ahls_memory_fabric_fabric: "Generating: ahls_memory_fabric_fabric_altera_merlin_axi_slave_ni_altera_avalon_sc_fifo_19112_lgdgbsa"
Info: ahls_memory_fabric_fabric: "Generating: ahls_memory_fabric_fabric_altera_merlin_axi_slave_ni_altera_avalon_st_pipeline_stage_19112_ha2465i"
Info: ahls_memory_fabric_fabric: "Generating: ahls_memory_fabric_fabric_altera_merlin_axi_slave_ni_altera_avalon_st_pipeline_stage_19112_2qk66ia"
Info: ahls_memory_fabric_fabric: "Generating: ahls_memory_fabric_fabric_altera_merlin_axi_slave_ni_altera_avalon_st_pipeline_stage_19112_pqmchii"
Info: ahls_memory_fabric_fabric: "Generating: ahls_memory_fabric_fabric_altera_merlin_traffic_limiter_altera_avalon_sc_fifo_1921_fmkphni"
Info: ahls_memory_fabric_fabric: Done "ahls_memory_fabric_fabric" with 55 modules, 259 files
Info: Finished: Create HDL design files for synthesis
