------------------------------------------------------------
Timing Analyzer Summary
------------------------------------------------------------

Type  : Setup 'sys_pll|iopll_0_clk_sys'
Slack : 0.151
TNS   : 0.000
Corner: Slow vid2b 100C Model

Type  : Setup 'pcie_wrapper|pcie_ss.top|host_pcie.pcie_ss|pcie_ss|gen_ptile.u_ptile|intel_pcie_ptile_ast_qhip|inst|inst|maib_and_tile|xcvr_hip_native|rx_ch15'
Slack : 0.166
TNS   : 0.000
Corner: Slow vid2b 100C Model

Type  : Setup 'local_mem_wrapper|mem_ss_top|mem_ss_sv|mem_ss|mem_ss|emif_1|emif_1_core_usr_clk'
Slack : 0.443
TNS   : 0.000
Corner: Slow vid2 100C Model

Type  : Setup 'local_mem_wrapper|mem_ss_top|mem_ss_sv|mem_ss|mem_ss|emif_0|emif_0_core_usr_clk'
Slack : 0.635
TNS   : 0.000
Corner: Slow vid2 100C Model

Type  : Setup 'local_mem_wrapper|mem_ss_top|mem_ss_sv|mem_ss|mem_ss|emif_1|emif_1_phy_clk_l_0'
Slack : 0.652
TNS   : 0.000
Corner: Slow vid2 100C Model

Type  : Setup 'local_mem_wrapper|mem_ss_top|mem_ss_sv|mem_ss|mem_ss|emif_0|emif_0_phy_clk_l_0'
Slack : 0.692
TNS   : 0.000
Corner: Slow vid2 100C Model

Type  : Setup 'sys_pll|iopll_0_clk_100m'
Slack : 1.660
TNS   : 0.000
Corner: Slow vid2 100C Model

Type  : Setup 'altera_int_osc_clk'
Slack : 2.184
TNS   : 0.000
Corner: Slow vid2 100C Model

Type  : Setup 'local_mem_wrapper|mem_ss_top|mem_ss_sv|mem_ss|mem_ss|emif_0|emif_0_phy_clk_0'
Slack : 2.321
TNS   : 0.000
Corner: Slow vid2 100C Model

Type  : Setup 'local_mem_wrapper|mem_ss_top|mem_ss_sv|mem_ss|mem_ss|emif_1|emif_1_phy_clk_0'
Slack : 2.328
TNS   : 0.000
Corner: Slow vid2 100C Model

Type  : Setup 'afu_top|pg_afu.port_gasket|user_clock|qph_user_clk|pll.qph_user_clk_iopll|iopll_0_outclk0'
Slack : 2.759
TNS   : 0.000
Corner: Slow vid2 100C Model

Type  : Setup 'sys_pll|iopll_0_clk_sys_div2'
Slack : 3.876
TNS   : 0.000
Corner: Slow vid2 100C Model

Type  : Setup 'afu_top|pg_afu.port_gasket|user_clock|qph_user_clk|pll.qph_user_clk_iopll|iopll_0_outclk1'
Slack : 4.953
TNS   : 0.000
Corner: Slow vid2 100C Model

Type  : Setup 'sys_pll|iopll_0_clk_sys_div4'
Slack : 8.140
TNS   : 0.000
Corner: Slow vid2 100C Model

Type  : Setup 'pcie_wrapper|pcie_ss.top|host_pcie.pcie_ss|pcie_ss|avmm_clock0'
Slack : 17.489
TNS   : 0.000
Corner: Slow vid2b 100C Model

Type  : Setup 'local_mem_wrapper|mem_ss_top|mem_ss_sv|mem_ss|mem_ss|emif_0|emif_0_ref_clock'
Slack : 28.774
TNS   : 0.000
Corner: Slow vid2 100C Model

Type  : Setup 'altera_reserved_tck'
Slack : 43.903
TNS   : 0.000
Corner: Slow vid2 100C Model

Type  : Setup 'bwbmc_fpga_max_sclk'
Slack : 86.993
TNS   : 0.000
Corner: Slow vid2b 100C Model

Type  : Hold 'local_mem_wrapper|mem_ss_top|mem_ss_sv|mem_ss|mem_ss|emif_1|emif_1_phy_clk_l_0'
Slack : -0.004
TNS   : -0.004
Corner: Fast vid2 100C Model

Type  : Hold 'local_mem_wrapper|mem_ss_top|mem_ss_sv|mem_ss|mem_ss|emif_0|emif_0_core_usr_clk'
Slack : 0.000
TNS   : 0.000
Corner: Slow vid2 100C Model

Type  : Hold 'local_mem_wrapper|mem_ss_top|mem_ss_sv|mem_ss|mem_ss|emif_1|emif_1_core_usr_clk'
Slack : 0.000
TNS   : 0.000
Corner: Slow vid2 100C Model

Type  : Hold 'local_mem_wrapper|mem_ss_top|mem_ss_sv|mem_ss|mem_ss|emif_0|emif_0_ref_clock'
Slack : 0.002
TNS   : 0.000
Corner: Fast vid2a 0C Model

Type  : Hold 'sys_pll|iopll_0_clk_sys'
Slack : 0.003
TNS   : 0.000
Corner: Fast vid2 100C Model

Type  : Hold 'sys_pll|iopll_0_clk_100m'
Slack : 0.004
TNS   : 0.000
Corner: Fast vid2a 0C Model

Type  : Hold 'afu_top|pg_afu.port_gasket|user_clock|qph_user_clk|pll.qph_user_clk_iopll|iopll_0_outclk1'
Slack : 0.005
TNS   : 0.000
Corner: Fast vid2 100C Model

Type  : Hold 'pcie_wrapper|pcie_ss.top|host_pcie.pcie_ss|pcie_ss|gen_ptile.u_ptile|intel_pcie_ptile_ast_qhip|inst|inst|maib_and_tile|xcvr_hip_native|rx_ch15'
Slack : 0.006
TNS   : 0.000
Corner: Fast vid2 100C Model

Type  : Hold 'altera_int_osc_clk'
Slack : 0.024
TNS   : 0.000
Corner: Fast vid2a 0C Model

Type  : Hold 'pcie_wrapper|pcie_ss.top|host_pcie.pcie_ss|pcie_ss|avmm_clock0'
Slack : 0.056
TNS   : 0.000
Corner: Fast vid2 100C Model

Type  : Hold 'altera_reserved_tck'
Slack : 0.084
TNS   : 0.000
Corner: Fast vid2 100C Model

Type  : Hold 'afu_top|pg_afu.port_gasket|user_clock|qph_user_clk|pll.qph_user_clk_iopll|iopll_0_outclk0'
Slack : 0.090
TNS   : 0.000
Corner: Fast vid2a 0C Model

Type  : Hold 'sys_pll|iopll_0_clk_sys_div2'
Slack : 0.098
TNS   : 0.000
Corner: Fast vid2a 0C Model

Type  : Hold 'local_mem_wrapper|mem_ss_top|mem_ss_sv|mem_ss|mem_ss|emif_0|emif_0_phy_clk_l_0'
Slack : 0.103
TNS   : 0.000
Corner: Fast vid2 100C Model

Type  : Hold 'sys_pll|iopll_0_clk_sys_div4'
Slack : 0.107
TNS   : 0.000
Corner: Fast vid2a 0C Model

Type  : Hold 'local_mem_wrapper|mem_ss_top|mem_ss_sv|mem_ss|mem_ss|emif_1|emif_1_phy_clk_0'
Slack : 0.440
TNS   : 0.000
Corner: Fast vid2a 0C Model

Type  : Hold 'bwbmc_fpga_max_sclk'
Slack : 0.565
TNS   : 0.000
Corner: Fast vid2a 0C Model

Type  : Hold 'local_mem_wrapper|mem_ss_top|mem_ss_sv|mem_ss|mem_ss|emif_0|emif_0_phy_clk_0'
Slack : 0.577
TNS   : 0.000
Corner: Fast vid2a 0C Model

Type  : Recovery 'pcie_wrapper|pcie_ss.top|host_pcie.pcie_ss|pcie_ss|gen_ptile.u_ptile|intel_pcie_ptile_ast_qhip|inst|inst|maib_and_tile|xcvr_hip_native|rx_ch15'
Slack : 0.274
TNS   : 0.000
Corner: Slow vid2b 100C Model

Type  : Recovery 'sys_pll|iopll_0_clk_sys'
Slack : 0.563
TNS   : 0.000
Corner: Slow vid2 100C Model

Type  : Recovery 'local_mem_wrapper|mem_ss_top|mem_ss_sv|mem_ss|mem_ss|emif_1|emif_1_core_usr_clk'
Slack : 1.164
TNS   : 0.000
Corner: Slow vid2 100C Model

Type  : Recovery 'local_mem_wrapper|mem_ss_top|mem_ss_sv|mem_ss|mem_ss|emif_0|emif_0_core_usr_clk'
Slack : 1.260
TNS   : 0.000
Corner: Slow vid2 100C Model

Type  : Recovery 'altera_int_osc_clk'
Slack : 2.588
TNS   : 0.000
Corner: Slow vid2 100C Model

Type  : Recovery 'afu_top|pg_afu.port_gasket|user_clock|qph_user_clk|pll.qph_user_clk_iopll|iopll_0_outclk1'
Slack : 5.629
TNS   : 0.000
Corner: Slow vid2 100C Model

Type  : Recovery 'sys_pll|iopll_0_clk_100m'
Slack : 7.724
TNS   : 0.000
Corner: Slow vid2b 100C Model

Type  : Recovery 'pcie_wrapper|pcie_ss.top|host_pcie.pcie_ss|pcie_ss|avmm_clock0'
Slack : 18.631
TNS   : 0.000
Corner: Slow vid2 100C Model

Type  : Recovery 'local_mem_wrapper|mem_ss_top|mem_ss_sv|mem_ss|mem_ss|emif_0|emif_0_ref_clock'
Slack : 28.982
TNS   : 0.000
Corner: Slow vid2 100C Model

Type  : Recovery 'bwbmc_fpga_max_sclk'
Slack : 86.205
TNS   : 0.000
Corner: Slow vid2b 100C Model

Type  : Recovery 'altera_reserved_tck'
Slack : 98.903
TNS   : 0.000
Corner: Slow vid2 100C Model

Type  : Removal 'altera_int_osc_clk'
Slack : 0.137
TNS   : 0.000
Corner: Fast vid2 100C Model

Type  : Removal 'sys_pll|iopll_0_clk_100m'
Slack : 0.142
TNS   : 0.000
Corner: Fast vid2a 0C Model

Type  : Removal 'pcie_wrapper|pcie_ss.top|host_pcie.pcie_ss|pcie_ss|gen_ptile.u_ptile|intel_pcie_ptile_ast_qhip|inst|inst|maib_and_tile|xcvr_hip_native|rx_ch15'
Slack : 0.151
TNS   : 0.000
Corner: Fast vid2 100C Model

Type  : Removal 'sys_pll|iopll_0_clk_sys'
Slack : 0.151
TNS   : 0.000
Corner: Fast vid2a 0C Model

Type  : Removal 'afu_top|pg_afu.port_gasket|user_clock|qph_user_clk|pll.qph_user_clk_iopll|iopll_0_outclk1'
Slack : 0.156
TNS   : 0.000
Corner: Fast vid2a 0C Model

Type  : Removal 'local_mem_wrapper|mem_ss_top|mem_ss_sv|mem_ss|mem_ss|emif_0|emif_0_core_usr_clk'
Slack : 0.157
TNS   : 0.000
Corner: Fast vid2a 0C Model

Type  : Removal 'pcie_wrapper|pcie_ss.top|host_pcie.pcie_ss|pcie_ss|avmm_clock0'
Slack : 0.161
TNS   : 0.000
Corner: Fast vid2a 0C Model

Type  : Removal 'altera_reserved_tck'
Slack : 0.166
TNS   : 0.000
Corner: Fast vid2a 0C Model

Type  : Removal 'local_mem_wrapper|mem_ss_top|mem_ss_sv|mem_ss|mem_ss|emif_1|emif_1_core_usr_clk'
Slack : 0.180
TNS   : 0.000
Corner: Fast vid2a 0C Model

Type  : Removal 'local_mem_wrapper|mem_ss_top|mem_ss_sv|mem_ss|mem_ss|emif_0|emif_0_ref_clock'
Slack : 0.204
TNS   : 0.000
Corner: Fast vid2a 0C Model

Type  : Removal 'bwbmc_fpga_max_sclk'
Slack : 1.690
TNS   : 0.000
Corner: Fast vid2a 0C Model

Type  : Minimum Pulse Width 'altera_int_osc_clk'
Slack : 0.000
TNS   : 0.000
Corner: Slow vid2 100C Model

Type  : Minimum Pulse Width 'local_mem_wrapper|mem_ss_top|mem_ss_sv|mem_ss|mem_ss|emif_0|emif_0_vco_clk_1'
Slack : 0.091
TNS   : 0.000
Corner: Slow vid2 100C Model

Type  : Minimum Pulse Width 'local_mem_wrapper|mem_ss_top|mem_ss_sv|mem_ss|mem_ss|emif_0|emif_0_vco_clk_2'
Slack : 0.091
TNS   : 0.000
Corner: Slow vid2 100C Model

Type  : Minimum Pulse Width 'local_mem_wrapper|mem_ss_top|mem_ss_sv|mem_ss|mem_ss|emif_1|emif_1_vco_clk_1'
Slack : 0.091
TNS   : 0.000
Corner: Slow vid2 100C Model

Type  : Minimum Pulse Width 'local_mem_wrapper|mem_ss_top|mem_ss_sv|mem_ss|mem_ss|emif_1|emif_1_vco_clk_2'
Slack : 0.091
TNS   : 0.000
Corner: Slow vid2 100C Model

Type  : Minimum Pulse Width 'local_mem_wrapper|mem_ss_top|mem_ss_sv|mem_ss|mem_ss|emif_0|emif_0_vco_clk'
Slack : 0.092
TNS   : 0.000
Corner: Slow vid2 100C Model

Type  : Minimum Pulse Width 'local_mem_wrapper|mem_ss_top|mem_ss_sv|mem_ss|mem_ss|emif_1|emif_1_vco_clk'
Slack : 0.092
TNS   : 0.000
Corner: Slow vid2 100C Model

Type  : Minimum Pulse Width 'pcie_wrapper|pcie_ss.top|host_pcie.pcie_ss|pcie_ss|gen_ptile.u_ptile|intel_pcie_ptile_ast_qhip|inst|inst|maib_and_tile|xcvr_hip_native|rx_ch15'
Slack : 0.148
TNS   : 0.000
Corner: Slow vid2 100C Model

Type  : Minimum Pulse Width 'local_mem_wrapper|mem_ss_top|mem_ss_sv|mem_ss|mem_ss|emif_0|emif_0_wf_clk_8'
Slack : 0.203
TNS   : 0.000
Corner: Slow vid2b 100C Model

Type  : Minimum Pulse Width 'local_mem_wrapper|mem_ss_top|mem_ss_sv|mem_ss|mem_ss|emif_1|emif_1_wf_clk_10'
Slack : 0.204
TNS   : 0.000
Corner: Slow vid2b 100C Model

Type  : Minimum Pulse Width 'local_mem_wrapper|mem_ss_top|mem_ss_sv|mem_ss|mem_ss|emif_1|emif_1_wf_clk_3'
Slack : 0.204
TNS   : 0.000
Corner: Slow vid2b 100C Model

Type  : Minimum Pulse Width 'local_mem_wrapper|mem_ss_top|mem_ss_sv|mem_ss|mem_ss|emif_1|emif_1_wf_clk_8'
Slack : 0.204
TNS   : 0.000
Corner: Slow vid2b 100C Model

Type  : Minimum Pulse Width 'local_mem_wrapper|mem_ss_top|mem_ss_sv|mem_ss|mem_ss|emif_0|emif_0_wf_clk_0'
Slack : 0.205
TNS   : 0.000
Corner: Slow vid2b 100C Model

Type  : Minimum Pulse Width 'local_mem_wrapper|mem_ss_top|mem_ss_sv|mem_ss|mem_ss|emif_0|emif_0_wf_clk_2'
Slack : 0.205
TNS   : 0.000
Corner: Slow vid2b 100C Model

Type  : Minimum Pulse Width 'local_mem_wrapper|mem_ss_top|mem_ss_sv|mem_ss|mem_ss|emif_0|emif_0_wf_clk_3'
Slack : 0.205
TNS   : 0.000
Corner: Slow vid2b 100C Model

Type  : Minimum Pulse Width 'local_mem_wrapper|mem_ss_top|mem_ss_sv|mem_ss|mem_ss|emif_0|emif_0_wf_clk_4'
Slack : 0.205
TNS   : 0.000
Corner: Slow vid2b 100C Model

Type  : Minimum Pulse Width 'local_mem_wrapper|mem_ss_top|mem_ss_sv|mem_ss|mem_ss|emif_0|emif_0_wf_clk_5'
Slack : 0.205
TNS   : 0.000
Corner: Slow vid2b 100C Model

Type  : Minimum Pulse Width 'local_mem_wrapper|mem_ss_top|mem_ss_sv|mem_ss|mem_ss|emif_0|emif_0_wf_clk_7'
Slack : 0.205
TNS   : 0.000
Corner: Slow vid2b 100C Model

Type  : Minimum Pulse Width 'local_mem_wrapper|mem_ss_top|mem_ss_sv|mem_ss|mem_ss|emif_1|emif_1_wf_clk_0'
Slack : 0.205
TNS   : 0.000
Corner: Slow vid2b 100C Model

Type  : Minimum Pulse Width 'local_mem_wrapper|mem_ss_top|mem_ss_sv|mem_ss|mem_ss|emif_1|emif_1_wf_clk_2'
Slack : 0.205
TNS   : 0.000
Corner: Slow vid2b 100C Model

Type  : Minimum Pulse Width 'local_mem_wrapper|mem_ss_top|mem_ss_sv|mem_ss|mem_ss|emif_1|emif_1_wf_clk_4'
Slack : 0.205
TNS   : 0.000
Corner: Slow vid2b 100C Model

Type  : Minimum Pulse Width 'local_mem_wrapper|mem_ss_top|mem_ss_sv|mem_ss|mem_ss|emif_1|emif_1_wf_clk_7'
Slack : 0.205
TNS   : 0.000
Corner: Slow vid2b 100C Model

Type  : Minimum Pulse Width 'local_mem_wrapper|mem_ss_top|mem_ss_sv|mem_ss|mem_ss|emif_0|emif_0_wf_clk_1'
Slack : 0.206
TNS   : 0.000
Corner: Slow vid2b 100C Model

Type  : Minimum Pulse Width 'local_mem_wrapper|mem_ss_top|mem_ss_sv|mem_ss|mem_ss|emif_0|emif_0_wf_clk_10'
Slack : 0.206
TNS   : 0.000
Corner: Slow vid2b 100C Model

Type  : Minimum Pulse Width 'local_mem_wrapper|mem_ss_top|mem_ss_sv|mem_ss|mem_ss|emif_0|emif_0_wf_clk_6'
Slack : 0.206
TNS   : 0.000
Corner: Slow vid2b 100C Model

Type  : Minimum Pulse Width 'local_mem_wrapper|mem_ss_top|mem_ss_sv|mem_ss|mem_ss|emif_0|emif_0_wf_clk_9'
Slack : 0.206
TNS   : 0.000
Corner: Slow vid2b 100C Model

Type  : Minimum Pulse Width 'local_mem_wrapper|mem_ss_top|mem_ss_sv|mem_ss|mem_ss|emif_1|emif_1_wf_clk_1'
Slack : 0.206
TNS   : 0.000
Corner: Slow vid2b 100C Model

Type  : Minimum Pulse Width 'local_mem_wrapper|mem_ss_top|mem_ss_sv|mem_ss|mem_ss|emif_1|emif_1_wf_clk_5'
Slack : 0.206
TNS   : 0.000
Corner: Slow vid2b 100C Model

Type  : Minimum Pulse Width 'local_mem_wrapper|mem_ss_top|mem_ss_sv|mem_ss|mem_ss|emif_1|emif_1_wf_clk_6'
Slack : 0.206
TNS   : 0.000
Corner: Slow vid2b 100C Model

Type  : Minimum Pulse Width 'local_mem_wrapper|mem_ss_top|mem_ss_sv|mem_ss|mem_ss|emif_1|emif_1_wf_clk_9'
Slack : 0.206
TNS   : 0.000
Corner: Slow vid2b 100C Model

Type  : Minimum Pulse Width 'ddr4_mem[0].dqs[2]_IN'
Slack : 0.207
TNS   : 0.000
Corner: Slow vid2 100C Model

Type  : Minimum Pulse Width 'ddr4_mem[0].dqs[3]_IN'
Slack : 0.207
TNS   : 0.000
Corner: Slow vid2 100C Model

Type  : Minimum Pulse Width 'ddr4_mem[0].dqs[6]_IN'
Slack : 0.207
TNS   : 0.000
Corner: Slow vid2 100C Model

Type  : Minimum Pulse Width 'ddr4_mem[0].dqs[7]_IN'
Slack : 0.207
TNS   : 0.000
Corner: Slow vid2 100C Model

Type  : Minimum Pulse Width 'ddr4_mem[1].dqs[2]_IN'
Slack : 0.207
TNS   : 0.000
Corner: Slow vid2 100C Model

Type  : Minimum Pulse Width 'ddr4_mem[1].dqs[3]_IN'
Slack : 0.207
TNS   : 0.000
Corner: Slow vid2 100C Model

Type  : Minimum Pulse Width 'ddr4_mem[1].dqs[4]_IN'
Slack : 0.207
TNS   : 0.000
Corner: Slow vid2 100C Model

Type  : Minimum Pulse Width 'ddr4_mem[1].dqs[5]_IN'
Slack : 0.207
TNS   : 0.000
Corner: Slow vid2 100C Model

Type  : Minimum Pulse Width 'ddr4_mem[0].dqs[0]_IN'
Slack : 0.208
TNS   : 0.000
Corner: Slow vid2 100C Model

Type  : Minimum Pulse Width 'ddr4_mem[0].dqs[1]_IN'
Slack : 0.208
TNS   : 0.000
Corner: Slow vid2 100C Model

Type  : Minimum Pulse Width 'ddr4_mem[0].dqs[4]_IN'
Slack : 0.208
TNS   : 0.000
Corner: Slow vid2 100C Model

Type  : Minimum Pulse Width 'ddr4_mem[0].dqs[5]_IN'
Slack : 0.208
TNS   : 0.000
Corner: Slow vid2 100C Model

Type  : Minimum Pulse Width 'ddr4_mem[1].dqs[0]_IN'
Slack : 0.208
TNS   : 0.000
Corner: Slow vid2 100C Model

Type  : Minimum Pulse Width 'ddr4_mem[1].dqs[1]_IN'
Slack : 0.208
TNS   : 0.000
Corner: Slow vid2 100C Model

Type  : Minimum Pulse Width 'ddr4_mem[1].dqs[6]_IN'
Slack : 0.208
TNS   : 0.000
Corner: Slow vid2 100C Model

Type  : Minimum Pulse Width 'ddr4_mem[1].dqs[7]_IN'
Slack : 0.208
TNS   : 0.000
Corner: Slow vid2 100C Model

Type  : Minimum Pulse Width 'sys_pll|iopll_0_clk_sys'
Slack : 0.275
TNS   : 0.000
Corner: Slow vid2 100C Model

Type  : Minimum Pulse Width 'local_mem_wrapper|mem_ss_top|mem_ss_sv|mem_ss|mem_ss|emif_0|emif_0_phy_clk_0'
Slack : 0.367
TNS   : 0.000
Corner: Slow vid2 100C Model

Type  : Minimum Pulse Width 'local_mem_wrapper|mem_ss_top|mem_ss_sv|mem_ss|mem_ss|emif_1|emif_1_phy_clk_0'
Slack : 0.367
TNS   : 0.000
Corner: Slow vid2 100C Model

Type  : Minimum Pulse Width 'local_mem_wrapper|mem_ss_top|mem_ss_sv|mem_ss|mem_ss|emif_0|emif_0_phy_clk_2'
Slack : 0.439
TNS   : 0.000
Corner: Slow vid2 100C Model

Type  : Minimum Pulse Width 'local_mem_wrapper|mem_ss_top|mem_ss_sv|mem_ss|mem_ss|emif_1|emif_1_phy_clk_1'
Slack : 0.439
TNS   : 0.000
Corner: Slow vid2 100C Model

Type  : Minimum Pulse Width 'local_mem_wrapper|mem_ss_top|mem_ss_sv|mem_ss|mem_ss|emif_0|emif_0_phy_clk_1'
Slack : 0.440
TNS   : 0.000
Corner: Slow vid2 100C Model

Type  : Minimum Pulse Width 'local_mem_wrapper|mem_ss_top|mem_ss_sv|mem_ss|mem_ss|emif_1|emif_1_phy_clk_2'
Slack : 0.440
TNS   : 0.000
Corner: Slow vid2 100C Model

Type  : Minimum Pulse Width 'local_mem_wrapper|mem_ss_top|mem_ss_sv|mem_ss|mem_ss|emif_1|emif_1_core_usr_clk'
Slack : 0.522
TNS   : 0.000
Corner: Slow vid2 100C Model

Type  : Minimum Pulse Width 'local_mem_wrapper|mem_ss_top|mem_ss_sv|mem_ss|mem_ss|emif_0|emif_0_core_usr_clk'
Slack : 0.714
TNS   : 0.000
Corner: Slow vid2 100C Model

Type  : Minimum Pulse Width 'pcie_wrapper|pcie_ss.top|host_pcie.pcie_ss|pcie_ss|gen_ptile.u_ptile|intel_pcie_ptile_ast_qhip|inst|inst|maib_and_tile|rx_pcs_x2_clk|ch15'
Slack : 0.752
TNS   : 0.000
Corner: Slow vid2 100C Model

Type  : Minimum Pulse Width 'afu_top|pg_afu.port_gasket|user_clock|qph_user_clk|pll.qph_user_clk_iopll|iopll_0_outclk0'
Slack : 1.124
TNS   : 0.000
Corner: Slow vid2b 100C Model

Type  : Minimum Pulse Width 'local_mem_wrapper|mem_ss_top|mem_ss_sv|mem_ss|mem_ss|emif_0|emif_0_phy_clk_l_0'
Slack : 1.127
TNS   : 0.000
Corner: Slow vid2 100C Model

Type  : Minimum Pulse Width 'local_mem_wrapper|mem_ss_top|mem_ss_sv|mem_ss|mem_ss|emif_1|emif_1_phy_clk_l_0'
Slack : 1.127
TNS   : 0.000
Corner: Slow vid2 100C Model

Type  : Minimum Pulse Width 'sys_pll|iopll_0_clk_sys_div2'
Slack : 1.686
TNS   : 0.000
Corner: Slow vid2b 100C Model

Type  : Minimum Pulse Width 'afu_top|pg_afu.port_gasket|user_clock|qph_user_clk|pll.qph_user_clk_iopll|iopll_0_outclk1'
Slack : 2.572
TNS   : 0.000
Corner: Slow vid2b 100C Model

Type  : Minimum Pulse Width 'qsfp_ref_clk'
Slack : 3.200
TNS   : 0.000
Corner: Slow vid2 100C Model

Type  : Minimum Pulse Width 'sys_pll|iopll_0_clk_sys_div4'
Slack : 3.839
TNS   : 0.000
Corner: Slow vid2b 100C Model

Type  : Minimum Pulse Width 'sys_pll|iopll_0_refclk'
Slack : 3.852
TNS   : 0.000
Corner: Slow vid2 100C Model

Type  : Minimum Pulse Width 'sys_pll|iopll_0_clk_100m'
Slack : 4.304
TNS   : 0.000
Corner: Slow vid2b 100C Model

Type  : Minimum Pulse Width 'PCIE_REFCLK0'
Slack : 5.000
TNS   : 0.000
Corner: Slow vid2 100C Model

Type  : Minimum Pulse Width 'PCIE_REFCLK1'
Slack : 5.000
TNS   : 0.000
Corner: Slow vid2 100C Model

Type  : Minimum Pulse Width 'pcie_wrapper|pcie_ss.top|host_pcie.pcie_ss|pcie_ss|avmm_clock0'
Slack : 9.423
TNS   : 0.000
Corner: Slow vid2b 100C Model

Type  : Minimum Pulse Width 'afu_top|pg_afu.port_gasket|user_clock|qph_user_clk|pll.qph_user_clk_iopll|iopll_0_n_cnt_clk'
Slack : 9.761
TNS   : 0.000
Corner: Slow vid2 100C Model

Type  : Minimum Pulse Width 'local_mem_wrapper|mem_ss_top|mem_ss_sv|mem_ss|mem_ss|emif_0|emif_0_ref_clock'
Slack : 14.183
TNS   : 0.000
Corner: Slow vid2 100C Model

Type  : Minimum Pulse Width 'local_mem_wrapper|mem_ss_top|mem_ss_sv|mem_ss|mem_ss|emif_1|emif_1_ref_clock'
Slack : 14.184
TNS   : 0.000
Corner: Slow vid2 100C Model

Type  : Minimum Pulse Width 'altera_reserved_tck'
Slack : 47.151
TNS   : 0.000
Corner: Slow vid2 100C Model

Type  : Minimum Pulse Width 'sys_pll|iopll_0_n_cnt_clk'
Slack : 49.769
TNS   : 0.000
Corner: Slow vid2 100C Model

Type  : Minimum Pulse Width 'bwbmc_fpga_max_sclk'
Slack : 98.952
TNS   : 0.000
Corner: Fast vid2a 100C Model

Type  : Slow vid2 100C Model Max Skew 'set_max_skew'
Slack : 1.185

Type  : Slow vid2 100C Model Max Skew 'set_max_skew'
Slack : 1.199

Type  : Slow vid2 100C Model Max Skew 'set_max_skew'
Slack : 1.199

Type  : Slow vid2 100C Model Max Skew 'set_max_skew'
Slack : 1.211

Type  : Slow vid2 100C Model Max Skew 'set_max_skew'
Slack : 1.213

Type  : Slow vid2 100C Model Max Skew 'set_max_skew'
Slack : 1.216

Type  : Slow vid2 100C Model Max Skew 'set_max_skew'
Slack : 1.224

Type  : Slow vid2 100C Model Max Skew 'set_max_skew'
Slack : 1.224

Type  : Slow vid2 100C Model Max Skew 'set_max_skew'
Slack : 1.225

Type  : Slow vid2 100C Model Max Skew 'set_max_skew'
Slack : 1.228

Type  : Slow vid2 100C Model Max Skew 'set_max_skew'
Slack : 1.228

Type  : Slow vid2 100C Model Max Skew 'set_max_skew'
Slack : 1.229

Type  : Slow vid2 100C Model Max Skew 'set_max_skew'
Slack : 1.234

Type  : Slow vid2 100C Model Max Skew 'set_max_skew'
Slack : 1.234

Type  : Slow vid2 100C Model Max Skew 'set_max_skew'
Slack : 1.238

Type  : Slow vid2 100C Model Max Skew 'set_max_skew'
Slack : 1.248

Type  : Slow vid2 100C Model Max Skew 'set_max_skew'
Slack : 1.248

Type  : Slow vid2 100C Model Max Skew 'set_max_skew'
Slack : 1.255

Type  : Slow vid2 100C Model Max Skew 'set_max_skew'
Slack : 1.286

Type  : Slow vid2 100C Model Max Skew 'set_max_skew'
Slack : 1.287

Type  : Slow vid2 100C Model Max Skew 'set_max_skew'
Slack : 1.306

Type  : Slow vid2 100C Model Max Skew 'set_max_skew'
Slack : 1.311

Type  : Slow vid2 100C Model Max Skew 'set_max_skew'
Slack : 1.314

Type  : Slow vid2 100C Model Max Skew 'set_max_skew'
Slack : 1.333

Type  : Slow vid2 100C Model Max Skew 'set_max_skew'
Slack : 1.335

Type  : Slow vid2 100C Model Max Skew 'set_max_skew'
Slack : 1.348

Type  : Slow vid2 100C Model Max Skew 'set_max_skew'
Slack : 1.348

Type  : Slow vid2 100C Model Max Skew 'set_max_skew'
Slack : 1.350

Type  : Slow vid2 100C Model Max Skew 'set_max_skew'
Slack : 1.352

Type  : Slow vid2 100C Model Max Skew 'set_max_skew'
Slack : 1.369

Type  : Slow vid2 100C Model Max Skew 'set_max_skew'
Slack : 1.410

Type  : Slow vid2 100C Model Max Skew 'set_max_skew'
Slack : 1.410

Type  : Slow vid2 100C Model Max Skew 'set_max_skew'
Slack : 1.423

Type  : Slow vid2 100C Model Max Skew 'set_max_skew'
Slack : 1.425

Type  : Slow vid2 100C Model Max Skew 'set_max_skew'
Slack : 1.434

Type  : Slow vid2 100C Model Max Skew 'set_max_skew'
Slack : 1.446

Type  : Slow vid2 100C Model Max Skew 'set_max_skew'
Slack : 1.446

Type  : Slow vid2 100C Model Max Skew 'set_max_skew'
Slack : 1.450

Type  : Slow vid2 100C Model Max Skew 'set_max_skew'
Slack : 1.467

Type  : Slow vid2 100C Model Max Skew 'set_max_skew'
Slack : 1.468

Type  : Slow vid2 100C Model Max Skew 'set_max_skew'
Slack : 1.473

Type  : Slow vid2 100C Model Max Skew 'set_max_skew'
Slack : 1.482

Type  : Slow vid2 100C Model Max Skew 'set_max_skew'
Slack : 1.482

Type  : Slow vid2 100C Model Max Skew 'set_max_skew'
Slack : 1.488

Type  : Slow vid2 100C Model Max Skew 'set_max_skew'
Slack : 1.488

Type  : Slow vid2 100C Model Max Skew 'set_max_skew'
Slack : 1.968

Type  : Slow vid2 100C Model Max Skew 'set_max_skew'
Slack : 1.993

Type  : Slow vid2 100C Model Max Skew 'set_max_skew'
Slack : 2.001

Type  : Slow vid2 100C Model Max Skew 'set_max_skew'
Slack : 2.002

Type  : Slow vid2 100C Model Max Skew 'set_max_skew'
Slack : 2.015

Type  : Slow vid2 100C Model Max Skew 'set_max_skew'
Slack : 2.017

Type  : Slow vid2 100C Model Max Skew 'set_max_skew'
Slack : 2.017

Type  : Slow vid2 100C Model Max Skew 'set_max_skew'
Slack : 2.043

Type  : Slow vid2 100C Model Max Skew 'set_max_skew'
Slack : 2.093

Type  : Slow vid2 100C Model Max Skew 'set_max_skew'
Slack : 2.166

Type  : Slow vid2 100C Model Max Skew 'set_max_skew'
Slack : 2.168

Type  : Slow vid2 100C Model Max Skew 'set_max_skew'
Slack : 2.173

Type  : Slow vid2 100C Model Max Skew 'set_max_skew'
Slack : 2.848

Type  : Slow vid2 100C Model Max Skew 'set_max_skew'
Slack : 2.855

Type  : Slow vid2 100C Model Max Skew 'set_max_skew'
Slack : 2.996

Type  : Slow vid2 100C Model Max Skew 'set_max_skew'
Slack : 4.780

Type  : Slow vid2 100C Model Max Skew 'set_max_skew'
Slack : 4.783

Type  : Slow vid2 100C Model Max Skew 'set_max_skew'
Slack : 4.794

Type  : Slow vid2 100C Model Max Skew 'set_max_skew'
Slack : 4.835

Type  : Slow vid2 100C Model Max Skew 'set_max_skew'
Slack : 4.879

Type  : Slow vid2 100C Model Max Skew 'set_max_skew'
Slack : 4.882

Type  : Slow vid2 100C Model Max Skew 'set_max_skew'
Slack : 7.500

Type  : Slow vid2 100C Model Max Skew 'set_max_skew'
Slack : 7.500

Type  : Slow vid2 100C Model Max Skew 'set_max_skew'
Slack : 7.541

Type  : Slow vid2 100C Model Max Skew 'set_max_skew'
Slack : 7.541

Type  : Slow vid2 100C Model Max Skew 'set_max_skew'
Slack : 7.547

Type  : Slow vid2 100C Model Max Skew 'set_max_skew'
Slack : 7.560

Type  : Slow vid2 100C Model Max Skew 'set_max_skew'
Slack : 7.566

Type  : Slow vid2 100C Model Max Skew 'set_max_skew'
Slack : 7.571

Type  : Slow vid2 100C Model Max Skew 'set_max_skew'
Slack : 7.584

Type  : Slow vid2 100C Model Max Skew 'set_max_skew'
Slack : 7.592

Type  : Slow vid2 100C Model Max Skew 'set_max_skew'
Slack : 7.612

Type  : Slow vid2 100C Model Max Skew 'set_max_skew'
Slack : 7.616

Type  : Slow vid2 100C Model Max Skew 'set_max_skew'
Slack : 7.630

Type  : Slow vid2 100C Model Max Skew 'set_max_skew'
Slack : 7.632

Type  : Slow vid2 100C Model Max Skew 'set_max_skew'
Slack : 7.635

Type  : Slow vid2 100C Model Max Skew 'set_max_skew'
Slack : 7.637

Type  : Slow vid2 100C Model Max Skew 'set_max_skew'
Slack : 7.665

Type  : Slow vid2 100C Model Max Skew 'set_max_skew'
Slack : 7.677

Type  : Slow vid2 100C Model Max Skew 'set_max_skew'
Slack : 7.681

Type  : Slow vid2 100C Model Max Skew 'set_max_skew'
Slack : 7.692

Type  : Slow vid2 100C Model Max Skew 'set_max_skew'
Slack : 7.705

Type  : Slow vid2 100C Model Max Skew 'set_max_skew'
Slack : 7.710

Type  : Slow vid2 100C Model Max Skew 'set_max_skew'
Slack : 7.711

Type  : Slow vid2 100C Model Max Skew 'set_max_skew'
Slack : 7.721

Type  : Slow vid2 100C Model Max Skew 'set_max_skew'
Slack : 7.739

Type  : Slow vid2 100C Model Max Skew 'set_max_skew'
Slack : 7.746

Type  : Slow vid2 100C Model Max Skew 'set_max_skew'
Slack : 7.754

Type  : Slow vid2 100C Model Max Skew 'set_max_skew'
Slack : 7.760

Type  : Slow vid2 100C Model Max Skew 'set_max_skew'
Slack : 15.614

Type  : Slow vid2 100C Model Max Skew 'set_max_skew'
Slack : 15.652

Type  : Slow vid2 100C Model Max Skew 'set_max_skew'
Slack : 15.670

Type  : Slow vid2 100C Model Max Skew 'set_max_skew'
Slack : 15.676

Type  : Slow vid2 100C Model Max Skew 'set_max_skew'
Slack : 79.649

Type  : Slow vid2 100C Model Max Skew 'set_max_skew'
Slack : 79.676

Type  : Slow vid2 100C Model Max Skew 'set_max_skew'
Slack : 79.683

Type  : Slow vid2 100C Model Max Skew 'set_max_skew'
Slack : 79.687

Type  : Slow vid2b 100C Model Max Skew 'set_max_skew'
Slack : 1.190

Type  : Slow vid2b 100C Model Max Skew 'set_max_skew'
Slack : 1.202

Type  : Slow vid2b 100C Model Max Skew 'set_max_skew'
Slack : 1.202

Type  : Slow vid2b 100C Model Max Skew 'set_max_skew'
Slack : 1.215

Type  : Slow vid2b 100C Model Max Skew 'set_max_skew'
Slack : 1.217

Type  : Slow vid2b 100C Model Max Skew 'set_max_skew'
Slack : 1.222

Type  : Slow vid2b 100C Model Max Skew 'set_max_skew'
Slack : 1.225

Type  : Slow vid2b 100C Model Max Skew 'set_max_skew'
Slack : 1.225

Type  : Slow vid2b 100C Model Max Skew 'set_max_skew'
Slack : 1.228

Type  : Slow vid2b 100C Model Max Skew 'set_max_skew'
Slack : 1.233

Type  : Slow vid2b 100C Model Max Skew 'set_max_skew'
Slack : 1.233

Type  : Slow vid2b 100C Model Max Skew 'set_max_skew'
Slack : 1.234

Type  : Slow vid2b 100C Model Max Skew 'set_max_skew'
Slack : 1.235

Type  : Slow vid2b 100C Model Max Skew 'set_max_skew'
Slack : 1.240

Type  : Slow vid2b 100C Model Max Skew 'set_max_skew'
Slack : 1.246

Type  : Slow vid2b 100C Model Max Skew 'set_max_skew'
Slack : 1.254

Type  : Slow vid2b 100C Model Max Skew 'set_max_skew'
Slack : 1.254

Type  : Slow vid2b 100C Model Max Skew 'set_max_skew'
Slack : 1.258

Type  : Slow vid2b 100C Model Max Skew 'set_max_skew'
Slack : 1.291

Type  : Slow vid2b 100C Model Max Skew 'set_max_skew'
Slack : 1.292

Type  : Slow vid2b 100C Model Max Skew 'set_max_skew'
Slack : 1.308

Type  : Slow vid2b 100C Model Max Skew 'set_max_skew'
Slack : 1.315

Type  : Slow vid2b 100C Model Max Skew 'set_max_skew'
Slack : 1.316

Type  : Slow vid2b 100C Model Max Skew 'set_max_skew'
Slack : 1.334

Type  : Slow vid2b 100C Model Max Skew 'set_max_skew'
Slack : 1.336

Type  : Slow vid2b 100C Model Max Skew 'set_max_skew'
Slack : 1.352

Type  : Slow vid2b 100C Model Max Skew 'set_max_skew'
Slack : 1.352

Type  : Slow vid2b 100C Model Max Skew 'set_max_skew'
Slack : 1.353

Type  : Slow vid2b 100C Model Max Skew 'set_max_skew'
Slack : 1.354

Type  : Slow vid2b 100C Model Max Skew 'set_max_skew'
Slack : 1.369

Type  : Slow vid2b 100C Model Max Skew 'set_max_skew'
Slack : 1.410

Type  : Slow vid2b 100C Model Max Skew 'set_max_skew'
Slack : 1.410

Type  : Slow vid2b 100C Model Max Skew 'set_max_skew'
Slack : 1.425

Type  : Slow vid2b 100C Model Max Skew 'set_max_skew'
Slack : 1.427

Type  : Slow vid2b 100C Model Max Skew 'set_max_skew'
Slack : 1.435

Type  : Slow vid2b 100C Model Max Skew 'set_max_skew'
Slack : 1.447

Type  : Slow vid2b 100C Model Max Skew 'set_max_skew'
Slack : 1.447

Type  : Slow vid2b 100C Model Max Skew 'set_max_skew'
Slack : 1.449

Type  : Slow vid2b 100C Model Max Skew 'set_max_skew'
Slack : 1.467

Type  : Slow vid2b 100C Model Max Skew 'set_max_skew'
Slack : 1.470

Type  : Slow vid2b 100C Model Max Skew 'set_max_skew'
Slack : 1.473

Type  : Slow vid2b 100C Model Max Skew 'set_max_skew'
Slack : 1.485

Type  : Slow vid2b 100C Model Max Skew 'set_max_skew'
Slack : 1.485

Type  : Slow vid2b 100C Model Max Skew 'set_max_skew'
Slack : 1.489

Type  : Slow vid2b 100C Model Max Skew 'set_max_skew'
Slack : 1.489

Type  : Slow vid2b 100C Model Max Skew 'set_max_skew'
Slack : 1.973

Type  : Slow vid2b 100C Model Max Skew 'set_max_skew'
Slack : 2.000

Type  : Slow vid2b 100C Model Max Skew 'set_max_skew'
Slack : 2.006

Type  : Slow vid2b 100C Model Max Skew 'set_max_skew'
Slack : 2.007

Type  : Slow vid2b 100C Model Max Skew 'set_max_skew'
Slack : 2.019

Type  : Slow vid2b 100C Model Max Skew 'set_max_skew'
Slack : 2.022

Type  : Slow vid2b 100C Model Max Skew 'set_max_skew'
Slack : 2.023

Type  : Slow vid2b 100C Model Max Skew 'set_max_skew'
Slack : 2.044

Type  : Slow vid2b 100C Model Max Skew 'set_max_skew'
Slack : 2.091

Type  : Slow vid2b 100C Model Max Skew 'set_max_skew'
Slack : 2.167

Type  : Slow vid2b 100C Model Max Skew 'set_max_skew'
Slack : 2.171

Type  : Slow vid2b 100C Model Max Skew 'set_max_skew'
Slack : 2.173

Type  : Slow vid2b 100C Model Max Skew 'set_max_skew'
Slack : 2.854

Type  : Slow vid2b 100C Model Max Skew 'set_max_skew'
Slack : 2.859

Type  : Slow vid2b 100C Model Max Skew 'set_max_skew'
Slack : 2.998

Type  : Slow vid2b 100C Model Max Skew 'set_max_skew'
Slack : 4.782

Type  : Slow vid2b 100C Model Max Skew 'set_max_skew'
Slack : 4.786

Type  : Slow vid2b 100C Model Max Skew 'set_max_skew'
Slack : 4.797

Type  : Slow vid2b 100C Model Max Skew 'set_max_skew'
Slack : 4.835

Type  : Slow vid2b 100C Model Max Skew 'set_max_skew'
Slack : 4.878

Type  : Slow vid2b 100C Model Max Skew 'set_max_skew'
Slack : 4.884

Type  : Slow vid2b 100C Model Max Skew 'set_max_skew'
Slack : 7.505

Type  : Slow vid2b 100C Model Max Skew 'set_max_skew'
Slack : 7.505

Type  : Slow vid2b 100C Model Max Skew 'set_max_skew'
Slack : 7.543

Type  : Slow vid2b 100C Model Max Skew 'set_max_skew'
Slack : 7.543

Type  : Slow vid2b 100C Model Max Skew 'set_max_skew'
Slack : 7.554

Type  : Slow vid2b 100C Model Max Skew 'set_max_skew'
Slack : 7.564

Type  : Slow vid2b 100C Model Max Skew 'set_max_skew'
Slack : 7.570

Type  : Slow vid2b 100C Model Max Skew 'set_max_skew'
Slack : 7.573

Type  : Slow vid2b 100C Model Max Skew 'set_max_skew'
Slack : 7.586

Type  : Slow vid2b 100C Model Max Skew 'set_max_skew'
Slack : 7.595

Type  : Slow vid2b 100C Model Max Skew 'set_max_skew'
Slack : 7.618

Type  : Slow vid2b 100C Model Max Skew 'set_max_skew'
Slack : 7.622

Type  : Slow vid2b 100C Model Max Skew 'set_max_skew'
Slack : 7.632

Type  : Slow vid2b 100C Model Max Skew 'set_max_skew'
Slack : 7.635

Type  : Slow vid2b 100C Model Max Skew 'set_max_skew'
Slack : 7.641

Type  : Slow vid2b 100C Model Max Skew 'set_max_skew'
Slack : 7.641

Type  : Slow vid2b 100C Model Max Skew 'set_max_skew'
Slack : 7.667

Type  : Slow vid2b 100C Model Max Skew 'set_max_skew'
Slack : 7.677

Type  : Slow vid2b 100C Model Max Skew 'set_max_skew'
Slack : 7.682

Type  : Slow vid2b 100C Model Max Skew 'set_max_skew'
Slack : 7.691

Type  : Slow vid2b 100C Model Max Skew 'set_max_skew'
Slack : 7.706

Type  : Slow vid2b 100C Model Max Skew 'set_max_skew'
Slack : 7.712

Type  : Slow vid2b 100C Model Max Skew 'set_max_skew'
Slack : 7.712

Type  : Slow vid2b 100C Model Max Skew 'set_max_skew'
Slack : 7.721

Type  : Slow vid2b 100C Model Max Skew 'set_max_skew'
Slack : 7.741

Type  : Slow vid2b 100C Model Max Skew 'set_max_skew'
Slack : 7.747

Type  : Slow vid2b 100C Model Max Skew 'set_max_skew'
Slack : 7.754

Type  : Slow vid2b 100C Model Max Skew 'set_max_skew'
Slack : 7.759

Type  : Slow vid2b 100C Model Max Skew 'set_max_skew'
Slack : 15.618

Type  : Slow vid2b 100C Model Max Skew 'set_max_skew'
Slack : 15.657

Type  : Slow vid2b 100C Model Max Skew 'set_max_skew'
Slack : 15.671

Type  : Slow vid2b 100C Model Max Skew 'set_max_skew'
Slack : 15.678

Type  : Slow vid2b 100C Model Max Skew 'set_max_skew'
Slack : 79.655

Type  : Slow vid2b 100C Model Max Skew 'set_max_skew'
Slack : 79.678

Type  : Slow vid2b 100C Model Max Skew 'set_max_skew'
Slack : 79.688

Type  : Slow vid2b 100C Model Max Skew 'set_max_skew'
Slack : 79.689

Type  : Fast vid2a 0C Model Max Skew 'set_max_skew'
Slack : 1.281

Type  : Fast vid2a 0C Model Max Skew 'set_max_skew'
Slack : 1.297

Type  : Fast vid2a 0C Model Max Skew 'set_max_skew'
Slack : 1.297

Type  : Fast vid2a 0C Model Max Skew 'set_max_skew'
Slack : 1.304

Type  : Fast vid2a 0C Model Max Skew 'set_max_skew'
Slack : 1.307

Type  : Fast vid2a 0C Model Max Skew 'set_max_skew'
Slack : 1.307

Type  : Fast vid2a 0C Model Max Skew 'set_max_skew'
Slack : 1.308

Type  : Fast vid2a 0C Model Max Skew 'set_max_skew'
Slack : 1.308

Type  : Fast vid2a 0C Model Max Skew 'set_max_skew'
Slack : 1.309

Type  : Fast vid2a 0C Model Max Skew 'set_max_skew'
Slack : 1.310

Type  : Fast vid2a 0C Model Max Skew 'set_max_skew'
Slack : 1.310

Type  : Fast vid2a 0C Model Max Skew 'set_max_skew'
Slack : 1.313

Type  : Fast vid2a 0C Model Max Skew 'set_max_skew'
Slack : 1.318

Type  : Fast vid2a 0C Model Max Skew 'set_max_skew'
Slack : 1.327

Type  : Fast vid2a 0C Model Max Skew 'set_max_skew'
Slack : 1.328

Type  : Fast vid2a 0C Model Max Skew 'set_max_skew'
Slack : 1.332

Type  : Fast vid2a 0C Model Max Skew 'set_max_skew'
Slack : 1.332

Type  : Fast vid2a 0C Model Max Skew 'set_max_skew'
Slack : 1.338

Type  : Fast vid2a 0C Model Max Skew 'set_max_skew'
Slack : 1.365

Type  : Fast vid2a 0C Model Max Skew 'set_max_skew'
Slack : 1.374

Type  : Fast vid2a 0C Model Max Skew 'set_max_skew'
Slack : 1.379

Type  : Fast vid2a 0C Model Max Skew 'set_max_skew'
Slack : 1.382

Type  : Fast vid2a 0C Model Max Skew 'set_max_skew'
Slack : 1.383

Type  : Fast vid2a 0C Model Max Skew 'set_max_skew'
Slack : 1.404

Type  : Fast vid2a 0C Model Max Skew 'set_max_skew'
Slack : 1.409

Type  : Fast vid2a 0C Model Max Skew 'set_max_skew'
Slack : 1.419

Type  : Fast vid2a 0C Model Max Skew 'set_max_skew'
Slack : 1.422

Type  : Fast vid2a 0C Model Max Skew 'set_max_skew'
Slack : 1.432

Type  : Fast vid2a 0C Model Max Skew 'set_max_skew'
Slack : 1.432

Type  : Fast vid2a 0C Model Max Skew 'set_max_skew'
Slack : 1.441

Type  : Fast vid2a 0C Model Max Skew 'set_max_skew'
Slack : 1.470

Type  : Fast vid2a 0C Model Max Skew 'set_max_skew'
Slack : 1.470

Type  : Fast vid2a 0C Model Max Skew 'set_max_skew'
Slack : 1.484

Type  : Fast vid2a 0C Model Max Skew 'set_max_skew'
Slack : 1.484

Type  : Fast vid2a 0C Model Max Skew 'set_max_skew'
Slack : 1.493

Type  : Fast vid2a 0C Model Max Skew 'set_max_skew'
Slack : 1.496

Type  : Fast vid2a 0C Model Max Skew 'set_max_skew'
Slack : 1.496

Type  : Fast vid2a 0C Model Max Skew 'set_max_skew'
Slack : 1.506

Type  : Fast vid2a 0C Model Max Skew 'set_max_skew'
Slack : 1.515

Type  : Fast vid2a 0C Model Max Skew 'set_max_skew'
Slack : 1.517

Type  : Fast vid2a 0C Model Max Skew 'set_max_skew'
Slack : 1.523

Type  : Fast vid2a 0C Model Max Skew 'set_max_skew'
Slack : 1.523

Type  : Fast vid2a 0C Model Max Skew 'set_max_skew'
Slack : 1.523

Type  : Fast vid2a 0C Model Max Skew 'set_max_skew'
Slack : 1.529

Type  : Fast vid2a 0C Model Max Skew 'set_max_skew'
Slack : 1.529

Type  : Fast vid2a 0C Model Max Skew 'set_max_skew'
Slack : 2.093

Type  : Fast vid2a 0C Model Max Skew 'set_max_skew'
Slack : 2.106

Type  : Fast vid2a 0C Model Max Skew 'set_max_skew'
Slack : 2.108

Type  : Fast vid2a 0C Model Max Skew 'set_max_skew'
Slack : 2.114

Type  : Fast vid2a 0C Model Max Skew 'set_max_skew'
Slack : 2.116

Type  : Fast vid2a 0C Model Max Skew 'set_max_skew'
Slack : 2.123

Type  : Fast vid2a 0C Model Max Skew 'set_max_skew'
Slack : 2.130

Type  : Fast vid2a 0C Model Max Skew 'set_max_skew'
Slack : 2.131

Type  : Fast vid2a 0C Model Max Skew 'set_max_skew'
Slack : 2.158

Type  : Fast vid2a 0C Model Max Skew 'set_max_skew'
Slack : 2.212

Type  : Fast vid2a 0C Model Max Skew 'set_max_skew'
Slack : 2.216

Type  : Fast vid2a 0C Model Max Skew 'set_max_skew'
Slack : 2.218

Type  : Fast vid2a 0C Model Max Skew 'set_max_skew'
Slack : 2.949

Type  : Fast vid2a 0C Model Max Skew 'set_max_skew'
Slack : 2.953

Type  : Fast vid2a 0C Model Max Skew 'set_max_skew'
Slack : 3.039

Type  : Fast vid2a 0C Model Max Skew 'set_max_skew'
Slack : 4.847

Type  : Fast vid2a 0C Model Max Skew 'set_max_skew'
Slack : 4.851

Type  : Fast vid2a 0C Model Max Skew 'set_max_skew'
Slack : 4.864

Type  : Fast vid2a 0C Model Max Skew 'set_max_skew'
Slack : 4.889

Type  : Fast vid2a 0C Model Max Skew 'set_max_skew'
Slack : 4.920

Type  : Fast vid2a 0C Model Max Skew 'set_max_skew'
Slack : 4.921

Type  : Fast vid2a 0C Model Max Skew 'set_max_skew'
Slack : 7.622

Type  : Fast vid2a 0C Model Max Skew 'set_max_skew'
Slack : 7.622

Type  : Fast vid2a 0C Model Max Skew 'set_max_skew'
Slack : 7.648

Type  : Fast vid2a 0C Model Max Skew 'set_max_skew'
Slack : 7.648

Type  : Fast vid2a 0C Model Max Skew 'set_max_skew'
Slack : 7.650

Type  : Fast vid2a 0C Model Max Skew 'set_max_skew'
Slack : 7.653

Type  : Fast vid2a 0C Model Max Skew 'set_max_skew'
Slack : 7.661

Type  : Fast vid2a 0C Model Max Skew 'set_max_skew'
Slack : 7.667

Type  : Fast vid2a 0C Model Max Skew 'set_max_skew'
Slack : 7.673

Type  : Fast vid2a 0C Model Max Skew 'set_max_skew'
Slack : 7.683

Type  : Fast vid2a 0C Model Max Skew 'set_max_skew'
Slack : 7.692

Type  : Fast vid2a 0C Model Max Skew 'set_max_skew'
Slack : 7.703

Type  : Fast vid2a 0C Model Max Skew 'set_max_skew'
Slack : 7.709

Type  : Fast vid2a 0C Model Max Skew 'set_max_skew'
Slack : 7.712

Type  : Fast vid2a 0C Model Max Skew 'set_max_skew'
Slack : 7.713

Type  : Fast vid2a 0C Model Max Skew 'set_max_skew'
Slack : 7.716

Type  : Fast vid2a 0C Model Max Skew 'set_max_skew'
Slack : 7.723

Type  : Fast vid2a 0C Model Max Skew 'set_max_skew'
Slack : 7.735

Type  : Fast vid2a 0C Model Max Skew 'set_max_skew'
Slack : 7.739

Type  : Fast vid2a 0C Model Max Skew 'set_max_skew'
Slack : 7.748

Type  : Fast vid2a 0C Model Max Skew 'set_max_skew'
Slack : 7.749

Type  : Fast vid2a 0C Model Max Skew 'set_max_skew'
Slack : 7.755

Type  : Fast vid2a 0C Model Max Skew 'set_max_skew'
Slack : 7.765

Type  : Fast vid2a 0C Model Max Skew 'set_max_skew'
Slack : 7.778

Type  : Fast vid2a 0C Model Max Skew 'set_max_skew'
Slack : 7.780

Type  : Fast vid2a 0C Model Max Skew 'set_max_skew'
Slack : 7.787

Type  : Fast vid2a 0C Model Max Skew 'set_max_skew'
Slack : 7.791

Type  : Fast vid2a 0C Model Max Skew 'set_max_skew'
Slack : 7.792

Type  : Fast vid2a 0C Model Max Skew 'set_max_skew'
Slack : 15.672

Type  : Fast vid2a 0C Model Max Skew 'set_max_skew'
Slack : 15.703

Type  : Fast vid2a 0C Model Max Skew 'set_max_skew'
Slack : 15.718

Type  : Fast vid2a 0C Model Max Skew 'set_max_skew'
Slack : 15.719

Type  : Fast vid2a 0C Model Max Skew 'set_max_skew'
Slack : 79.732

Type  : Fast vid2a 0C Model Max Skew 'set_max_skew'
Slack : 79.758

Type  : Fast vid2a 0C Model Max Skew 'set_max_skew'
Slack : 79.770

Type  : Fast vid2a 0C Model Max Skew 'set_max_skew'
Slack : 79.770

Type  : Fast vid2a 100C Model Max Skew 'set_max_skew'
Slack : 1.247

Type  : Fast vid2a 100C Model Max Skew 'set_max_skew'
Slack : 1.257

Type  : Fast vid2a 100C Model Max Skew 'set_max_skew'
Slack : 1.257

Type  : Fast vid2a 100C Model Max Skew 'set_max_skew'
Slack : 1.271

Type  : Fast vid2a 100C Model Max Skew 'set_max_skew'
Slack : 1.271

Type  : Fast vid2a 100C Model Max Skew 'set_max_skew'
Slack : 1.276

Type  : Fast vid2a 100C Model Max Skew 'set_max_skew'
Slack : 1.283

Type  : Fast vid2a 100C Model Max Skew 'set_max_skew'
Slack : 1.285

Type  : Fast vid2a 100C Model Max Skew 'set_max_skew'
Slack : 1.285

Type  : Fast vid2a 100C Model Max Skew 'set_max_skew'
Slack : 1.285

Type  : Fast vid2a 100C Model Max Skew 'set_max_skew'
Slack : 1.286

Type  : Fast vid2a 100C Model Max Skew 'set_max_skew'
Slack : 1.290

Type  : Fast vid2a 100C Model Max Skew 'set_max_skew'
Slack : 1.292

Type  : Fast vid2a 100C Model Max Skew 'set_max_skew'
Slack : 1.296

Type  : Fast vid2a 100C Model Max Skew 'set_max_skew'
Slack : 1.304

Type  : Fast vid2a 100C Model Max Skew 'set_max_skew'
Slack : 1.305

Type  : Fast vid2a 100C Model Max Skew 'set_max_skew'
Slack : 1.305

Type  : Fast vid2a 100C Model Max Skew 'set_max_skew'
Slack : 1.320

Type  : Fast vid2a 100C Model Max Skew 'set_max_skew'
Slack : 1.340

Type  : Fast vid2a 100C Model Max Skew 'set_max_skew'
Slack : 1.348

Type  : Fast vid2a 100C Model Max Skew 'set_max_skew'
Slack : 1.357

Type  : Fast vid2a 100C Model Max Skew 'set_max_skew'
Slack : 1.362

Type  : Fast vid2a 100C Model Max Skew 'set_max_skew'
Slack : 1.366

Type  : Fast vid2a 100C Model Max Skew 'set_max_skew'
Slack : 1.377

Type  : Fast vid2a 100C Model Max Skew 'set_max_skew'
Slack : 1.390

Type  : Fast vid2a 100C Model Max Skew 'set_max_skew'
Slack : 1.393

Type  : Fast vid2a 100C Model Max Skew 'set_max_skew'
Slack : 1.398

Type  : Fast vid2a 100C Model Max Skew 'set_max_skew'
Slack : 1.398

Type  : Fast vid2a 100C Model Max Skew 'set_max_skew'
Slack : 1.407

Type  : Fast vid2a 100C Model Max Skew 'set_max_skew'
Slack : 1.415

Type  : Fast vid2a 100C Model Max Skew 'set_max_skew'
Slack : 1.457

Type  : Fast vid2a 100C Model Max Skew 'set_max_skew'
Slack : 1.457

Type  : Fast vid2a 100C Model Max Skew 'set_max_skew'
Slack : 1.458

Type  : Fast vid2a 100C Model Max Skew 'set_max_skew'
Slack : 1.467

Type  : Fast vid2a 100C Model Max Skew 'set_max_skew'
Slack : 1.470

Type  : Fast vid2a 100C Model Max Skew 'set_max_skew'
Slack : 1.477

Type  : Fast vid2a 100C Model Max Skew 'set_max_skew'
Slack : 1.477

Type  : Fast vid2a 100C Model Max Skew 'set_max_skew'
Slack : 1.488

Type  : Fast vid2a 100C Model Max Skew 'set_max_skew'
Slack : 1.491

Type  : Fast vid2a 100C Model Max Skew 'set_max_skew'
Slack : 1.503

Type  : Fast vid2a 100C Model Max Skew 'set_max_skew'
Slack : 1.507

Type  : Fast vid2a 100C Model Max Skew 'set_max_skew'
Slack : 1.507

Type  : Fast vid2a 100C Model Max Skew 'set_max_skew'
Slack : 1.507

Type  : Fast vid2a 100C Model Max Skew 'set_max_skew'
Slack : 1.513

Type  : Fast vid2a 100C Model Max Skew 'set_max_skew'
Slack : 1.513

Type  : Fast vid2a 100C Model Max Skew 'set_max_skew'
Slack : 2.067

Type  : Fast vid2a 100C Model Max Skew 'set_max_skew'
Slack : 2.082

Type  : Fast vid2a 100C Model Max Skew 'set_max_skew'
Slack : 2.084

Type  : Fast vid2a 100C Model Max Skew 'set_max_skew'
Slack : 2.086

Type  : Fast vid2a 100C Model Max Skew 'set_max_skew'
Slack : 2.092

Type  : Fast vid2a 100C Model Max Skew 'set_max_skew'
Slack : 2.103

Type  : Fast vid2a 100C Model Max Skew 'set_max_skew'
Slack : 2.106

Type  : Fast vid2a 100C Model Max Skew 'set_max_skew'
Slack : 2.107

Type  : Fast vid2a 100C Model Max Skew 'set_max_skew'
Slack : 2.138

Type  : Fast vid2a 100C Model Max Skew 'set_max_skew'
Slack : 2.186

Type  : Fast vid2a 100C Model Max Skew 'set_max_skew'
Slack : 2.189

Type  : Fast vid2a 100C Model Max Skew 'set_max_skew'
Slack : 2.196

Type  : Fast vid2a 100C Model Max Skew 'set_max_skew'
Slack : 2.923

Type  : Fast vid2a 100C Model Max Skew 'set_max_skew'
Slack : 2.924

Type  : Fast vid2a 100C Model Max Skew 'set_max_skew'
Slack : 3.018

Type  : Fast vid2a 100C Model Max Skew 'set_max_skew'
Slack : 4.822

Type  : Fast vid2a 100C Model Max Skew 'set_max_skew'
Slack : 4.826

Type  : Fast vid2a 100C Model Max Skew 'set_max_skew'
Slack : 4.846

Type  : Fast vid2a 100C Model Max Skew 'set_max_skew'
Slack : 4.870

Type  : Fast vid2a 100C Model Max Skew 'set_max_skew'
Slack : 4.901

Type  : Fast vid2a 100C Model Max Skew 'set_max_skew'
Slack : 4.904

Type  : Fast vid2a 100C Model Max Skew 'set_max_skew'
Slack : 7.596

Type  : Fast vid2a 100C Model Max Skew 'set_max_skew'
Slack : 7.596

Type  : Fast vid2a 100C Model Max Skew 'set_max_skew'
Slack : 7.621

Type  : Fast vid2a 100C Model Max Skew 'set_max_skew'
Slack : 7.628

Type  : Fast vid2a 100C Model Max Skew 'set_max_skew'
Slack : 7.628

Type  : Fast vid2a 100C Model Max Skew 'set_max_skew'
Slack : 7.628

Type  : Fast vid2a 100C Model Max Skew 'set_max_skew'
Slack : 7.628

Type  : Fast vid2a 100C Model Max Skew 'set_max_skew'
Slack : 7.644

Type  : Fast vid2a 100C Model Max Skew 'set_max_skew'
Slack : 7.650

Type  : Fast vid2a 100C Model Max Skew 'set_max_skew'
Slack : 7.657

Type  : Fast vid2a 100C Model Max Skew 'set_max_skew'
Slack : 7.669

Type  : Fast vid2a 100C Model Max Skew 'set_max_skew'
Slack : 7.680

Type  : Fast vid2a 100C Model Max Skew 'set_max_skew'
Slack : 7.682

Type  : Fast vid2a 100C Model Max Skew 'set_max_skew'
Slack : 7.687

Type  : Fast vid2a 100C Model Max Skew 'set_max_skew'
Slack : 7.690

Type  : Fast vid2a 100C Model Max Skew 'set_max_skew'
Slack : 7.694

Type  : Fast vid2a 100C Model Max Skew 'set_max_skew'
Slack : 7.702

Type  : Fast vid2a 100C Model Max Skew 'set_max_skew'
Slack : 7.712

Type  : Fast vid2a 100C Model Max Skew 'set_max_skew'
Slack : 7.718

Type  : Fast vid2a 100C Model Max Skew 'set_max_skew'
Slack : 7.732

Type  : Fast vid2a 100C Model Max Skew 'set_max_skew'
Slack : 7.733

Type  : Fast vid2a 100C Model Max Skew 'set_max_skew'
Slack : 7.736

Type  : Fast vid2a 100C Model Max Skew 'set_max_skew'
Slack : 7.749

Type  : Fast vid2a 100C Model Max Skew 'set_max_skew'
Slack : 7.762

Type  : Fast vid2a 100C Model Max Skew 'set_max_skew'
Slack : 7.765

Type  : Fast vid2a 100C Model Max Skew 'set_max_skew'
Slack : 7.773

Type  : Fast vid2a 100C Model Max Skew 'set_max_skew'
Slack : 7.779

Type  : Fast vid2a 100C Model Max Skew 'set_max_skew'
Slack : 7.782

Type  : Fast vid2a 100C Model Max Skew 'set_max_skew'
Slack : 15.646

Type  : Fast vid2a 100C Model Max Skew 'set_max_skew'
Slack : 15.688

Type  : Fast vid2a 100C Model Max Skew 'set_max_skew'
Slack : 15.691

Type  : Fast vid2a 100C Model Max Skew 'set_max_skew'
Slack : 15.704

Type  : Fast vid2a 100C Model Max Skew 'set_max_skew'
Slack : 79.700

Type  : Fast vid2a 100C Model Max Skew 'set_max_skew'
Slack : 79.734

Type  : Fast vid2a 100C Model Max Skew 'set_max_skew'
Slack : 79.742

Type  : Fast vid2a 100C Model Max Skew 'set_max_skew'
Slack : 79.744

Type  : Fast vid2 100C Model Max Skew 'set_max_skew'
Slack : 1.240

Type  : Fast vid2 100C Model Max Skew 'set_max_skew'
Slack : 1.257

Type  : Fast vid2 100C Model Max Skew 'set_max_skew'
Slack : 1.257

Type  : Fast vid2 100C Model Max Skew 'set_max_skew'
Slack : 1.266

Type  : Fast vid2 100C Model Max Skew 'set_max_skew'
Slack : 1.266

Type  : Fast vid2 100C Model Max Skew 'set_max_skew'
Slack : 1.274

Type  : Fast vid2 100C Model Max Skew 'set_max_skew'
Slack : 1.275

Type  : Fast vid2 100C Model Max Skew 'set_max_skew'
Slack : 1.280

Type  : Fast vid2 100C Model Max Skew 'set_max_skew'
Slack : 1.283

Type  : Fast vid2 100C Model Max Skew 'set_max_skew'
Slack : 1.283

Type  : Fast vid2 100C Model Max Skew 'set_max_skew'
Slack : 1.284

Type  : Fast vid2 100C Model Max Skew 'set_max_skew'
Slack : 1.285

Type  : Fast vid2 100C Model Max Skew 'set_max_skew'
Slack : 1.289

Type  : Fast vid2 100C Model Max Skew 'set_max_skew'
Slack : 1.293

Type  : Fast vid2 100C Model Max Skew 'set_max_skew'
Slack : 1.298

Type  : Fast vid2 100C Model Max Skew 'set_max_skew'
Slack : 1.303

Type  : Fast vid2 100C Model Max Skew 'set_max_skew'
Slack : 1.303

Type  : Fast vid2 100C Model Max Skew 'set_max_skew'
Slack : 1.318

Type  : Fast vid2 100C Model Max Skew 'set_max_skew'
Slack : 1.339

Type  : Fast vid2 100C Model Max Skew 'set_max_skew'
Slack : 1.341

Type  : Fast vid2 100C Model Max Skew 'set_max_skew'
Slack : 1.353

Type  : Fast vid2 100C Model Max Skew 'set_max_skew'
Slack : 1.358

Type  : Fast vid2 100C Model Max Skew 'set_max_skew'
Slack : 1.365

Type  : Fast vid2 100C Model Max Skew 'set_max_skew'
Slack : 1.375

Type  : Fast vid2 100C Model Max Skew 'set_max_skew'
Slack : 1.387

Type  : Fast vid2 100C Model Max Skew 'set_max_skew'
Slack : 1.390

Type  : Fast vid2 100C Model Max Skew 'set_max_skew'
Slack : 1.395

Type  : Fast vid2 100C Model Max Skew 'set_max_skew'
Slack : 1.395

Type  : Fast vid2 100C Model Max Skew 'set_max_skew'
Slack : 1.404

Type  : Fast vid2 100C Model Max Skew 'set_max_skew'
Slack : 1.411

Type  : Fast vid2 100C Model Max Skew 'set_max_skew'
Slack : 1.454

Type  : Fast vid2 100C Model Max Skew 'set_max_skew'
Slack : 1.456

Type  : Fast vid2 100C Model Max Skew 'set_max_skew'
Slack : 1.456

Type  : Fast vid2 100C Model Max Skew 'set_max_skew'
Slack : 1.466

Type  : Fast vid2 100C Model Max Skew 'set_max_skew'
Slack : 1.468

Type  : Fast vid2 100C Model Max Skew 'set_max_skew'
Slack : 1.476

Type  : Fast vid2 100C Model Max Skew 'set_max_skew'
Slack : 1.476

Type  : Fast vid2 100C Model Max Skew 'set_max_skew'
Slack : 1.486

Type  : Fast vid2 100C Model Max Skew 'set_max_skew'
Slack : 1.487

Type  : Fast vid2 100C Model Max Skew 'set_max_skew'
Slack : 1.500

Type  : Fast vid2 100C Model Max Skew 'set_max_skew'
Slack : 1.505

Type  : Fast vid2 100C Model Max Skew 'set_max_skew'
Slack : 1.506

Type  : Fast vid2 100C Model Max Skew 'set_max_skew'
Slack : 1.506

Type  : Fast vid2 100C Model Max Skew 'set_max_skew'
Slack : 1.514

Type  : Fast vid2 100C Model Max Skew 'set_max_skew'
Slack : 1.514

Type  : Fast vid2 100C Model Max Skew 'set_max_skew'
Slack : 2.062

Type  : Fast vid2 100C Model Max Skew 'set_max_skew'
Slack : 2.075

Type  : Fast vid2 100C Model Max Skew 'set_max_skew'
Slack : 2.079

Type  : Fast vid2 100C Model Max Skew 'set_max_skew'
Slack : 2.081

Type  : Fast vid2 100C Model Max Skew 'set_max_skew'
Slack : 2.089

Type  : Fast vid2 100C Model Max Skew 'set_max_skew'
Slack : 2.097

Type  : Fast vid2 100C Model Max Skew 'set_max_skew'
Slack : 2.099

Type  : Fast vid2 100C Model Max Skew 'set_max_skew'
Slack : 2.108

Type  : Fast vid2 100C Model Max Skew 'set_max_skew'
Slack : 2.138

Type  : Fast vid2 100C Model Max Skew 'set_max_skew'
Slack : 2.187

Type  : Fast vid2 100C Model Max Skew 'set_max_skew'
Slack : 2.187

Type  : Fast vid2 100C Model Max Skew 'set_max_skew'
Slack : 2.194

Type  : Fast vid2 100C Model Max Skew 'set_max_skew'
Slack : 2.917

Type  : Fast vid2 100C Model Max Skew 'set_max_skew'
Slack : 2.922

Type  : Fast vid2 100C Model Max Skew 'set_max_skew'
Slack : 3.016

Type  : Fast vid2 100C Model Max Skew 'set_max_skew'
Slack : 4.818

Type  : Fast vid2 100C Model Max Skew 'set_max_skew'
Slack : 4.823

Type  : Fast vid2 100C Model Max Skew 'set_max_skew'
Slack : 4.842

Type  : Fast vid2 100C Model Max Skew 'set_max_skew'
Slack : 4.870

Type  : Fast vid2 100C Model Max Skew 'set_max_skew'
Slack : 4.900

Type  : Fast vid2 100C Model Max Skew 'set_max_skew'
Slack : 4.902

Type  : Fast vid2 100C Model Max Skew 'set_max_skew'
Slack : 7.590

Type  : Fast vid2 100C Model Max Skew 'set_max_skew'
Slack : 7.590

Type  : Fast vid2 100C Model Max Skew 'set_max_skew'
Slack : 7.615

Type  : Fast vid2 100C Model Max Skew 'set_max_skew'
Slack : 7.621

Type  : Fast vid2 100C Model Max Skew 'set_max_skew'
Slack : 7.621

Type  : Fast vid2 100C Model Max Skew 'set_max_skew'
Slack : 7.624

Type  : Fast vid2 100C Model Max Skew 'set_max_skew'
Slack : 7.625

Type  : Fast vid2 100C Model Max Skew 'set_max_skew'
Slack : 7.641

Type  : Fast vid2 100C Model Max Skew 'set_max_skew'
Slack : 7.646

Type  : Fast vid2 100C Model Max Skew 'set_max_skew'
Slack : 7.653

Type  : Fast vid2 100C Model Max Skew 'set_max_skew'
Slack : 7.664

Type  : Fast vid2 100C Model Max Skew 'set_max_skew'
Slack : 7.674

Type  : Fast vid2 100C Model Max Skew 'set_max_skew'
Slack : 7.678

Type  : Fast vid2 100C Model Max Skew 'set_max_skew'
Slack : 7.685

Type  : Fast vid2 100C Model Max Skew 'set_max_skew'
Slack : 7.689

Type  : Fast vid2 100C Model Max Skew 'set_max_skew'
Slack : 7.691

Type  : Fast vid2 100C Model Max Skew 'set_max_skew'
Slack : 7.700

Type  : Fast vid2 100C Model Max Skew 'set_max_skew'
Slack : 7.710

Type  : Fast vid2 100C Model Max Skew 'set_max_skew'
Slack : 7.717

Type  : Fast vid2 100C Model Max Skew 'set_max_skew'
Slack : 7.729

Type  : Fast vid2 100C Model Max Skew 'set_max_skew'
Slack : 7.733

Type  : Fast vid2 100C Model Max Skew 'set_max_skew'
Slack : 7.735

Type  : Fast vid2 100C Model Max Skew 'set_max_skew'
Slack : 7.747

Type  : Fast vid2 100C Model Max Skew 'set_max_skew'
Slack : 7.759

Type  : Fast vid2 100C Model Max Skew 'set_max_skew'
Slack : 7.762

Type  : Fast vid2 100C Model Max Skew 'set_max_skew'
Slack : 7.771

Type  : Fast vid2 100C Model Max Skew 'set_max_skew'
Slack : 7.777

Type  : Fast vid2 100C Model Max Skew 'set_max_skew'
Slack : 7.779

Type  : Fast vid2 100C Model Max Skew 'set_max_skew'
Slack : 15.642

Type  : Fast vid2 100C Model Max Skew 'set_max_skew'
Slack : 15.687

Type  : Fast vid2 100C Model Max Skew 'set_max_skew'
Slack : 15.689

Type  : Fast vid2 100C Model Max Skew 'set_max_skew'
Slack : 15.703

Type  : Fast vid2 100C Model Max Skew 'set_max_skew'
Slack : 79.696

Type  : Fast vid2 100C Model Max Skew 'set_max_skew'
Slack : 79.731

Type  : Fast vid2 100C Model Max Skew 'set_max_skew'
Slack : 79.738

Type  : Fast vid2 100C Model Max Skew 'set_max_skew'
Slack : 79.741

Type  : Net Delay 'set_net_delay'
Slack : 1.026

Type  : Net Delay 'set_net_delay'
Slack : 1.043

Type  : Net Delay 'set_net_delay'
Slack : 1.048

Type  : Net Delay 'set_net_delay'
Slack : 1.050

Type  : Net Delay 'set_net_delay'
Slack : 1.080

Type  : Net Delay 'set_net_delay'
Slack : 1.081

Type  : Net Delay 'set_net_delay'
Slack : 1.082

Type  : Net Delay 'set_net_delay'
Slack : 1.087

Type  : Net Delay 'set_net_delay'
Slack : 1.106

Type  : Net Delay 'set_net_delay'
Slack : 1.107

Type  : Net Delay 'set_net_delay'
Slack : 1.111

Type  : Net Delay 'set_net_delay'
Slack : 1.129

Type  : Net Delay 'set_net_delay'
Slack : 1.135

Type  : Net Delay 'set_net_delay'
Slack : 1.139

Type  : Net Delay 'set_net_delay'
Slack : 1.147

Type  : Net Delay 'set_net_delay'
Slack : 1.153

Type  : Net Delay 'set_net_delay'
Slack : 1.177

Type  : Net Delay 'set_net_delay'
Slack : 1.177

Type  : Net Delay 'set_net_delay'
Slack : 1.180

Type  : Net Delay 'set_net_delay'
Slack : 1.182

Type  : Net Delay 'set_net_delay'
Slack : 1.189

Type  : Net Delay 'set_net_delay'
Slack : 1.190

Type  : Net Delay 'set_net_delay'
Slack : 1.192

Type  : Net Delay 'set_net_delay'
Slack : 1.203

Type  : Net Delay 'set_net_delay'
Slack : 1.212

Type  : Net Delay 'set_net_delay'
Slack : 1.222

Type  : Net Delay 'set_net_delay'
Slack : 1.227

Type  : Net Delay 'set_net_delay'
Slack : 1.231

Type  : Net Delay 'set_net_delay'
Slack : 1.232

Type  : Net Delay 'set_net_delay'
Slack : 1.243

Type  : Net Delay 'set_net_delay'
Slack : 1.243

Type  : Net Delay 'set_net_delay'
Slack : 1.246

Type  : Net Delay 'set_net_delay'
Slack : 1.277

Type  : Net Delay 'set_net_delay'
Slack : 1.278

Type  : Net Delay 'set_net_delay'
Slack : 1.284

Type  : Net Delay 'set_net_delay'
Slack : 1.285

Type  : Net Delay 'set_net_delay'
Slack : 1.291

Type  : Net Delay 'set_net_delay'
Slack : 1.295

Type  : Net Delay 'set_net_delay'
Slack : 1.302

Type  : Net Delay 'set_net_delay'
Slack : 1.325

Type  : Net Delay 'set_net_delay'
Slack : 1.331

Type  : Net Delay 'set_net_delay'
Slack : 1.337

Type  : Net Delay 'set_net_delay'
Slack : 1.340

Type  : Net Delay 'set_net_delay'
Slack : 1.340

Type  : Net Delay 'set_net_delay'
Slack : 1.346

Type  : Net Delay 'set_net_delay'
Slack : 1.347

Type  : Net Delay 'set_net_delay'
Slack : 1.364

Type  : Net Delay 'set_net_delay'
Slack : 1.365

Type  : Net Delay 'set_net_delay'
Slack : 1.384

Type  : Net Delay 'set_net_delay'
Slack : 1.417

Type  : Net Delay 'set_net_delay'
Slack : 1.439

Type  : Net Delay 'set_net_delay'
Slack : 1.445

Type  : Net Delay 'set_net_delay'
Slack : 1.449

Type  : Net Delay 'set_net_delay'
Slack : 1.466

Type  : Net Delay 'set_net_delay'
Slack : 1.906

Type  : Net Delay 'set_net_delay'
Slack : 1.909

Type  : Net Delay 'set_net_delay'
Slack : 1.928

Type  : Net Delay 'set_net_delay'
Slack : 1.932

Type  : Net Delay 'set_net_delay'
Slack : 1.935

Type  : Net Delay 'set_net_delay'
Slack : 1.937

Type  : Net Delay 'set_net_delay'
Slack : 1.939

Type  : Net Delay 'set_net_delay'
Slack : 1.941

Type  : Net Delay 'set_net_delay'
Slack : 2.027

Type  : Net Delay 'set_net_delay'
Slack : 2.045

Type  : Net Delay 'set_net_delay'
Slack : 2.108

Type  : Net Delay 'set_net_delay'
Slack : 2.112

Type  : Net Delay 'set_net_delay'
Slack : 2.114

Type  : Net Delay 'set_net_delay'
Slack : 2.137

Type  : Net Delay 'set_net_delay'
Slack : 2.138

Type  : Net Delay 'set_net_delay'
Slack : 2.143

Type  : Net Delay 'set_net_delay'
Slack : 2.657

Type  : Net Delay 'set_net_delay'
Slack : 2.673

Type  : Net Delay 'set_net_delay'
Slack : 2.699

Type  : Net Delay 'set_net_delay'
Slack : 2.711

Type  : Net Delay 'set_net_delay'
Slack : 2.711

Type  : Net Delay 'set_net_delay'
Slack : 2.717

Type  : Net Delay 'set_net_delay'
Slack : 2.940

Type  : Net Delay 'set_net_delay'
Slack : 7.372

Type  : Net Delay 'set_net_delay'
Slack : 7.392

Type  : Net Delay 'set_net_delay'
Slack : 7.395

Type  : Net Delay 'set_net_delay'
Slack : 7.397

Type  : Net Delay 'set_net_delay'
Slack : 7.411

Type  : Net Delay 'set_net_delay'
Slack : 7.414

Type  : Net Delay 'set_net_delay'
Slack : 7.415

Type  : Net Delay 'set_net_delay'
Slack : 7.418

Type  : Net Delay 'set_net_delay'
Slack : 7.421

Type  : Net Delay 'set_net_delay'
Slack : 7.423

Type  : Net Delay 'set_net_delay'
Slack : 7.424

Type  : Net Delay 'set_net_delay'
Slack : 7.425

Type  : Net Delay 'set_net_delay'
Slack : 7.426

Type  : Net Delay 'set_net_delay'
Slack : 7.431

Type  : Net Delay 'set_net_delay'
Slack : 7.434

Type  : Net Delay 'set_net_delay'
Slack : 7.434

Type  : Net Delay 'set_net_delay'
Slack : 7.440

Type  : Net Delay 'set_net_delay'
Slack : 7.442

Type  : Net Delay 'set_net_delay'
Slack : 7.446

Type  : Net Delay 'set_net_delay'
Slack : 7.447

Type  : Net Delay 'set_net_delay'
Slack : 7.448

Type  : Net Delay 'set_net_delay'
Slack : 7.450

Type  : Net Delay 'set_net_delay'
Slack : 7.453

Type  : Net Delay 'set_net_delay'
Slack : 7.460

Type  : Net Delay 'set_net_delay'
Slack : 7.467

Type  : Net Delay 'set_net_delay'
Slack : 7.471

Type  : Net Delay 'set_net_delay'
Slack : 7.473

Type  : Net Delay 'set_net_delay'
Slack : 7.479

Type  : Net Delay 'set_net_delay'
Slack : 7.484

Type  : Net Delay 'set_net_delay'
Slack : 7.485

Type  : Net Delay 'set_net_delay'
Slack : 7.565

Type  : Net Delay 'set_net_delay'
Slack : 7.570

Type  : Net Delay 'set_net_delay'
Slack : 7.572

Type  : Net Delay 'set_net_delay'
Slack : 7.573

Type  : Net Delay 'set_net_delay'
Slack : 7.574

Type  : Net Delay 'set_net_delay'
Slack : 7.575

Type  : Net Delay 'set_net_delay'
Slack : 7.580

Type  : Net Delay 'set_net_delay'
Slack : 7.584

Type  : Net Delay 'set_net_delay'
Slack : 7.612

Type  : Net Delay 'set_net_delay'
Slack : 7.630

Type  : Net Delay 'set_net_delay'
Slack : 7.634

Type  : Net Delay 'set_net_delay'
Slack : 7.651

Type  : Net Delay 'set_net_delay'
Slack : 7.658

Type  : Net Delay 'set_net_delay'
Slack : 7.659

Type  : Net Delay 'set_net_delay'
Slack : 7.663

Type  : Net Delay 'set_net_delay'
Slack : 7.679

Type  : Net Delay 'set_net_delay'
Slack : 7.680

Type  : Net Delay 'set_net_delay'
Slack : 7.680

Type  : Net Delay 'set_net_delay'
Slack : 7.681

Type  : Net Delay 'set_net_delay'
Slack : 7.682

Type  : Net Delay 'set_net_delay'
Slack : 7.682

Type  : Net Delay 'set_net_delay'
Slack : 7.690

Type  : Net Delay 'set_net_delay'
Slack : 7.709

Type  : Net Delay 'set_net_delay'
Slack : 15.369

Type  : Net Delay 'set_net_delay'
Slack : 15.370

Type  : Net Delay 'set_net_delay'
Slack : 15.377

Type  : Net Delay 'set_net_delay'
Slack : 15.401

Type  : Net Delay 'set_net_delay'
Slack : 15.543

Type  : Net Delay 'set_net_delay'
Slack : 15.568

Type  : Net Delay 'set_net_delay'
Slack : 15.579

Type  : Net Delay 'set_net_delay'
Slack : 15.625

Type  : Net Delay 'set_net_delay'
Slack : 79.486

Type  : Net Delay 'set_net_delay'
Slack : 79.489

Type  : Net Delay 'set_net_delay'
Slack : 79.509

Type  : Net Delay 'set_net_delay'
Slack : 79.525

Type  : Net Delay 'set_net_delay'
Slack : 79.630

Type  : Net Delay 'set_net_delay'
Slack : 79.632

Type  : Net Delay 'set_net_delay'
Slack : 79.682

Type  : Net Delay 'set_net_delay'
Slack : 79.715

------------------------------------------------------------
Info: see the "DDR report" for DDR timing results
------------------------------------------------------------
------------------------------------------------------------
