Info: Generated by version: 26.1.1 build 130
Info: Starting: Create simulation model
Info: qsys-generate /home/uwb_student00/ahls/new_BSP/work_ia840f_fim_05/syn/board/ia840f/syn_top/../../../../ofs-common/src/fpga_family/agilex/remote_stp/AFU_debug/scjio_agilex.ip --simulation=VERILOG --allow-mixed-language-simulation --simulator=MODELSIM --output-directory=/home/uwb_student00/ahls/new_BSP/work_ia840f_fim_05/ofs-common/src/fpga_family/agilex/remote_stp/AFU_debug/scjio_agilex --family="Agilex 7" --part=AGFB027R25A2E2V
Info: scjio_agilex: "Transforming system: scjio_agilex"
Info: scjio_agilex: "Naming system components in system: scjio_agilex"
Info: scjio_agilex: "Processing generation queue"
Info: scjio_agilex: "Generating: scjio_agilex"
Info: scjio_agilex: "Generating: scjio_agilex_intel_soft_core_jtag_io_10_spsqc3a"
Info: scjio_agilex: "Generating: altera_sld_host_endpoint_wrapper"
Info: scjio_agilex: Done "scjio_agilex" with 3 modules, 3 files
Info: Generating the following file(s) for MODELSIM simulator in /home/uwb_student00/ahls/new_BSP/work_ia840f_fim_05/ofs-common/src/fpga_family/agilex/remote_stp/AFU_debug/scjio_agilex/sim/ directory:
Info: 	common/modelsim_files.tcl
Info: For information on how to simulate your IP, see the explanatory comments in the simulator-specific subdirectories under /home/uwb_student00/ahls/new_BSP/work_ia840f_fim_05/ofs-common/src/fpga_family/agilex/remote_stp/AFU_debug/scjio_agilex/sim/.
Info: Regenerate these scripts whenever you make any change to any Quartus-generated IP in your project.
Info: Finished: Create simulation model
Info: Starting: Create simulation script
Info: sim-script-gen --system-file=/home/uwb_student00/ahls/new_BSP/work_ia840f_fim_05/syn/board/ia840f/syn_top/../../../../ofs-common/src/fpga_family/agilex/remote_stp/AFU_debug/scjio_agilex.ip --simulator=MODELSIM --output-directory=/home/uwb_student00/ahls/new_BSP/work_ia840f_fim_05/ofs-common/src/fpga_family/agilex/remote_stp/AFU_debug/scjio_agilex/sim/ --use-relative-paths=true --modelsim-flow=traditional
Info: Generating the following file(s) for MODELSIM simulator in /home/uwb_student00/ahls/new_BSP/work_ia840f_fim_05/ofs-common/src/fpga_family/agilex/remote_stp/AFU_debug/scjio_agilex/sim/ directory:
Info: 	mentor/msim_setup.tcl
Info: 	mentor/run_msim_setup.tcl
Info: For information on how to simulate your IP, see the explanatory comments in the simulator-specific subdirectories under /home/uwb_student00/ahls/new_BSP/work_ia840f_fim_05/ofs-common/src/fpga_family/agilex/remote_stp/AFU_debug/scjio_agilex/sim/.
Info: Regenerate these scripts whenever you make any change to any Quartus-generated IP in your project.
Info: Finished: Create simulation script
Info: 
Info: Starting: Create HDL design files for synthesis
Info: qsys-generate /home/uwb_student00/ahls/new_BSP/work_ia840f_fim_05/syn/board/ia840f/syn_top/../../../../ofs-common/src/fpga_family/agilex/remote_stp/AFU_debug/scjio_agilex.ip --synthesis=VERILOG --output-directory=/home/uwb_student00/ahls/new_BSP/work_ia840f_fim_05/ofs-common/src/fpga_family/agilex/remote_stp/AFU_debug/scjio_agilex --family="Agilex 7" --part=AGFB027R25A2E2V
Info: scjio_agilex: "Transforming system: scjio_agilex"
Info: scjio_agilex: "Naming system components in system: scjio_agilex"
Info: scjio_agilex: "Processing generation queue"
Info: scjio_agilex: "Generating: scjio_agilex"
Info: scjio_agilex: "Generating: scjio_agilex_intel_soft_core_jtag_io_10_spsqc3a"
Info: scjio_agilex: "Generating: altera_sld_host_endpoint_wrapper"
Info: scjio_agilex: Done "scjio_agilex" with 3 modules, 3 files
Info: Finished: Create HDL design files for synthesis
