Change Dir: '/home/uwb_student00/ahls/new_BSP/work_hls_samples_2026_1_0_01/batch02/part4'

Run Build Command(s): /usr/bin/cmake -E env VERBOSE=1 /usr/bin/gmake -f Makefile -j36 report
/usr/bin/cmake -S/home/uwb_student00/ahls/new_BSP/work_hls_samples_2026_1_0_01/source/Tutorials/GettingStarted/fpga_compile -B/home/uwb_student00/ahls/new_BSP/work_hls_samples_2026_1_0_01/batch02/part4 --check-build-system CMakeFiles/Makefile.cmake 0
/usr/bin/gmake  -f CMakeFiles/Makefile2 report
gmake[1]: Entering directory '/home/uwb_student00/ahls/new_BSP/work_hls_samples_2026_1_0_01/batch02/part4'
/usr/bin/cmake -S/home/uwb_student00/ahls/new_BSP/work_hls_samples_2026_1_0_01/source/Tutorials/GettingStarted/fpga_compile -B/home/uwb_student00/ahls/new_BSP/work_hls_samples_2026_1_0_01/batch02/part4 --check-build-system CMakeFiles/Makefile.cmake 0
/usr/bin/cmake -E cmake_progress_start /home/uwb_student00/ahls/new_BSP/work_hls_samples_2026_1_0_01/batch02/part4/CMakeFiles 3
/usr/bin/gmake  -f CMakeFiles/Makefile2 CMakeFiles/report.dir/all
gmake[2]: Entering directory '/home/uwb_student00/ahls/new_BSP/work_hls_samples_2026_1_0_01/batch02/part4'
/usr/bin/gmake  -f CMakeFiles/displayReportCompileCommands.dir/build.make CMakeFiles/displayReportCompileCommands.dir/depend
gmake[3]: Entering directory '/home/uwb_student00/ahls/new_BSP/work_hls_samples_2026_1_0_01/batch02/part4'
cd /home/uwb_student00/ahls/new_BSP/work_hls_samples_2026_1_0_01/batch02/part4 && /usr/bin/cmake -E cmake_depends "Unix Makefiles" /home/uwb_student00/ahls/new_BSP/work_hls_samples_2026_1_0_01/source/Tutorials/GettingStarted/fpga_compile /home/uwb_student00/ahls/new_BSP/work_hls_samples_2026_1_0_01/source/Tutorials/GettingStarted/fpga_compile /home/uwb_student00/ahls/new_BSP/work_hls_samples_2026_1_0_01/batch02/part4 /home/uwb_student00/ahls/new_BSP/work_hls_samples_2026_1_0_01/batch02/part4 /home/uwb_student00/ahls/new_BSP/work_hls_samples_2026_1_0_01/batch02/part4/CMakeFiles/displayReportCompileCommands.dir/DependInfo.cmake "--color="
gmake[3]: Leaving directory '/home/uwb_student00/ahls/new_BSP/work_hls_samples_2026_1_0_01/batch02/part4'
/usr/bin/gmake  -f CMakeFiles/displayReportCompileCommands.dir/build.make CMakeFiles/displayReportCompileCommands.dir/build
gmake[3]: Entering directory '/home/uwb_student00/ahls/new_BSP/work_hls_samples_2026_1_0_01/batch02/part4'
[ 33%] 
To compile manually:
/home/uwb_student00/ahls/altera_hls/aclsycl/bin/ahls -I../../include -Wall -DFPGA_HARDWARE -c ../../source/Tutorials/GettingStarted/fpga_compile/part4_dpcpp_lambda_buffers/src/vector_add.cpp -o CMakeFiles/report.dir/part4_dpcpp_lambda_buffers/src/vector_add.cpp.o

To link manually:
/home/uwb_student00/ahls/altera_hls/aclsycl/bin/ahls -Xshardware -Xstarget=AGFB027R25A2E2V -fsycl-link=early -o vector_add.report CMakeFiles/report.dir/part4_dpcpp_lambda_buffers/src/vector_add.cpp.o
/usr/bin/cmake -E cmake_echo_color --cyan 
gmake[3]: Leaving directory '/home/uwb_student00/ahls/new_BSP/work_hls_samples_2026_1_0_01/batch02/part4'
[ 33%] Built target displayReportCompileCommands
/usr/bin/gmake  -f CMakeFiles/report.dir/build.make CMakeFiles/report.dir/depend
gmake[3]: Entering directory '/home/uwb_student00/ahls/new_BSP/work_hls_samples_2026_1_0_01/batch02/part4'
cd /home/uwb_student00/ahls/new_BSP/work_hls_samples_2026_1_0_01/batch02/part4 && /usr/bin/cmake -E cmake_depends "Unix Makefiles" /home/uwb_student00/ahls/new_BSP/work_hls_samples_2026_1_0_01/source/Tutorials/GettingStarted/fpga_compile /home/uwb_student00/ahls/new_BSP/work_hls_samples_2026_1_0_01/source/Tutorials/GettingStarted/fpga_compile /home/uwb_student00/ahls/new_BSP/work_hls_samples_2026_1_0_01/batch02/part4 /home/uwb_student00/ahls/new_BSP/work_hls_samples_2026_1_0_01/batch02/part4 /home/uwb_student00/ahls/new_BSP/work_hls_samples_2026_1_0_01/batch02/part4/CMakeFiles/report.dir/DependInfo.cmake "--color="
gmake[3]: Leaving directory '/home/uwb_student00/ahls/new_BSP/work_hls_samples_2026_1_0_01/batch02/part4'
/usr/bin/gmake  -f CMakeFiles/report.dir/build.make CMakeFiles/report.dir/build
gmake[3]: Entering directory '/home/uwb_student00/ahls/new_BSP/work_hls_samples_2026_1_0_01/batch02/part4'
[ 66%] Building CXX object CMakeFiles/report.dir/part4_dpcpp_lambda_buffers/src/vector_add.cpp.o
/home/uwb_student00/ahls/altera_hls/aclsycl/bin/ahls  -I/home/uwb_student00/ahls/new_BSP/work_hls_samples_2026_1_0_01/source/Tutorials/GettingStarted/fpga_compile/../../../../include -Wall -DFPGA_HARDWARE -MD -MT CMakeFiles/report.dir/part4_dpcpp_lambda_buffers/src/vector_add.cpp.o -MF CMakeFiles/report.dir/part4_dpcpp_lambda_buffers/src/vector_add.cpp.o.d -o CMakeFiles/report.dir/part4_dpcpp_lambda_buffers/src/vector_add.cpp.o -c /home/uwb_student00/ahls/new_BSP/work_hls_samples_2026_1_0_01/source/Tutorials/GettingStarted/fpga_compile/part4_dpcpp_lambda_buffers/src/vector_add.cpp
[100%] Linking CXX executable vector_add.report
/usr/bin/cmake -E cmake_link_script CMakeFiles/report.dir/link.txt --verbose=1
/home/uwb_student00/ahls/altera_hls/aclsycl/bin/ahls CMakeFiles/report.dir/part4_dpcpp_lambda_buffers/src/vector_add.cpp.o -o vector_add.report  -Xshardware -Xstarget=AGFB027R25A2E2V -fsycl-link=early
gmake[3]: Leaving directory '/home/uwb_student00/ahls/new_BSP/work_hls_samples_2026_1_0_01/batch02/part4'
[100%] Built target report
gmake[2]: Leaving directory '/home/uwb_student00/ahls/new_BSP/work_hls_samples_2026_1_0_01/batch02/part4'
/usr/bin/cmake -E cmake_progress_start /home/uwb_student00/ahls/new_BSP/work_hls_samples_2026_1_0_01/batch02/part4/CMakeFiles 0
gmake[1]: Leaving directory '/home/uwb_student00/ahls/new_BSP/work_hls_samples_2026_1_0_01/batch02/part4'

