Info: Generated by version: 26.1.1 build 130
Info: Starting: Create simulation model
Info: qsys-generate /tmp/alt0714_4635608479207182425.dir/0341_packageGeneration/ip/mem_ss_mem_ss_501_qm5zaka/mem_ss_mem_ss_501_qm5zaka_emif_cal_bot.ip --simulation=VERILOG --allow-mixed-language-simulation --simulator=MODELSIM --output-directory=/tmp/alt0714_4635608479207182425.dir/0341_packageGeneration/ip/mem_ss_mem_ss_501_qm5zaka/mem_ss_mem_ss_501_qm5zaka_emif_cal_bot --family="Agilex 7" --part=AGFB027R25A2E2V
Info: mem_ss_mem_ss_501_qm5zaka_emif_cal_bot: "Transforming system: mem_ss_mem_ss_501_qm5zaka_emif_cal_bot"
Info: mem_ss_mem_ss_501_qm5zaka_emif_cal_bot: "Naming system components in system: mem_ss_mem_ss_501_qm5zaka_emif_cal_bot"
Info: mem_ss_mem_ss_501_qm5zaka_emif_cal_bot: "Processing generation queue"
Info: mem_ss_mem_ss_501_qm5zaka_emif_cal_bot: "Generating: mem_ss_mem_ss_501_qm5zaka_emif_cal_bot"
Info: mem_ss_mem_ss_501_qm5zaka_emif_cal_bot: "Generating: mem_ss_mem_ss_501_qm5zaka_emif_cal_bot_altera_emif_cal_280_kyo6ogi"
Info: mem_ss_mem_ss_501_qm5zaka_emif_cal_bot: "Generating: mem_ss_mem_ss_501_qm5zaka_emif_cal_bot_altera_emif_cal_iossm_280_th76pdq"
Info: mem_ss_mem_ss_501_qm5zaka_emif_cal_bot: Done "mem_ss_mem_ss_501_qm5zaka_emif_cal_bot" with 3 modules, 11 files
Info: Generating the following file(s) for MODELSIM simulator in /tmp/alt0714_4635608479207182425.dir/0341_packageGeneration/ip/mem_ss_mem_ss_501_qm5zaka/mem_ss_mem_ss_501_qm5zaka_emif_cal_bot/sim/ directory:
Info: 	common/modelsim_files.tcl
Info: For information on how to simulate your IP, see the explanatory comments in the simulator-specific subdirectories under /tmp/alt0714_4635608479207182425.dir/0341_packageGeneration/ip/mem_ss_mem_ss_501_qm5zaka/mem_ss_mem_ss_501_qm5zaka_emif_cal_bot/sim/.
Info: Regenerate these scripts whenever you make any change to any Quartus-generated IP in your project.
Info: Finished: Create simulation model
Info: Starting: Create simulation script
Info: sim-script-gen --system-file=/tmp/alt0714_4635608479207182425.dir/0341_packageGeneration/ip/mem_ss_mem_ss_501_qm5zaka/mem_ss_mem_ss_501_qm5zaka_emif_cal_bot.ip --simulator=MODELSIM --output-directory=/tmp/alt0714_4635608479207182425.dir/0341_packageGeneration/ip/mem_ss_mem_ss_501_qm5zaka/mem_ss_mem_ss_501_qm5zaka_emif_cal_bot/sim/ --use-relative-paths=true --modelsim-flow=traditional
Info: Generating the following file(s) for MODELSIM simulator in /tmp/alt0714_4635608479207182425.dir/0341_packageGeneration/ip/mem_ss_mem_ss_501_qm5zaka/mem_ss_mem_ss_501_qm5zaka_emif_cal_bot/sim/ directory:
Info: 	mentor/msim_setup.tcl
Info: 	mentor/run_msim_setup.tcl
Info: For information on how to simulate your IP, see the explanatory comments in the simulator-specific subdirectories under /tmp/alt0714_4635608479207182425.dir/0341_packageGeneration/ip/mem_ss_mem_ss_501_qm5zaka/mem_ss_mem_ss_501_qm5zaka_emif_cal_bot/sim/.
Info: Regenerate these scripts whenever you make any change to any Quartus-generated IP in your project.
Info: Finished: Create simulation script
