IP Generation Report
Sat Sep 19 04:41:24 2026
Quartus Prime Version 26.1.1 Build 130 08/06/2026 SC Pro Edition


---------------------
; Table of Contents ;
---------------------
  1. Settings
  2. Generation Stages



+-----------------------------------------------+
; Settings                                      ;
+------------------------+----------------------+
; Option                 ; Setting              ;
+------------------------+----------------------+
; IP Regeneration Policy ; Never Regenerate IPs ;
; Generation Skipped     ; Yes                  ;
+------------------------+----------------------+


+------------------------------------+
; Generation Stages                  ;
+-----------------+------------------+
; Stage           ; Elapsed Time (s) ;
+-----------------+------------------+
; Qsys Validation ; 0                ;
; Qsys Generation ; 0                ;
+-----------------+------------------+


