DMA test bank0 bytes=128 source_iova=0x0 destination_iova=0x1000
DMA_SNAPSHOT phase=immediate status=0x000000022041000a monotonic_sec=2601 monotonic_nsec=627425355
DMA_WORD phase=immediate index=0 expected=0x0000000000000000 source=0x0000000000000000 actual=0x0000000000000000
DMA_WORD phase=immediate index=1 expected=0x0000000000000001 source=0x0000000000000001 actual=0x0000000000000001
DMA_WORD phase=immediate index=2 expected=0x0000000000000002 source=0x0000000000000002 actual=0x0000000000000002
DMA_WORD phase=immediate index=3 expected=0x0000000000000003 source=0x0000000000000003 actual=0x0000000000000003
DMA_WORD phase=immediate index=4 expected=0x0000000000000004 source=0x0000000000000004 actual=0x0000000000000004
DMA_WORD phase=immediate index=5 expected=0x0000000000000005 source=0x0000000000000005 actual=0x0000000000000005
DMA_WORD phase=immediate index=6 expected=0x0000000000000006 source=0x0000000000000006 actual=0x0000000000000006
DMA_WORD phase=immediate index=7 expected=0x0000000000000007 source=0x0000000000000007 actual=0x0000000000000007
DMA_WORD phase=immediate index=8 expected=0x0000000000000008 source=0x0000000000000008 actual=0x0000000000000008
DMA_WORD phase=immediate index=9 expected=0x0000000000000009 source=0x0000000000000009 actual=0x0000000000000009
DMA_WORD phase=immediate index=10 expected=0x000000000000000a source=0x000000000000000a actual=0x000000000000000a
DMA_WORD phase=immediate index=11 expected=0x000000000000000b source=0x000000000000000b actual=0x000000000000000b
DMA_WORD phase=immediate index=12 expected=0x000000000000000c source=0x000000000000000c actual=0x000000000000000c
DMA_WORD phase=immediate index=13 expected=0x000000000000000d source=0x000000000000000d actual=0x000000000000000d
DMA_WORD phase=immediate index=14 expected=0x000000000000000e source=0x000000000000000e actual=0x000000000000000e
DMA_WORD phase=immediate index=15 expected=0x000000000000000f source=0x000000000000000f actual=0x000000000000000f
DMA_SNAPSHOT phase=delayed status=0x000000022041000a monotonic_sec=2601 monotonic_nsec=727544177
DMA_WORD phase=delayed index=0 expected=0x0000000000000000 source=0x0000000000000000 actual=0x0000000000000000
DMA_WORD phase=delayed index=1 expected=0x0000000000000001 source=0x0000000000000001 actual=0x0000000000000001
DMA_WORD phase=delayed index=2 expected=0x0000000000000002 source=0x0000000000000002 actual=0x0000000000000002
DMA_WORD phase=delayed index=3 expected=0x0000000000000003 source=0x0000000000000003 actual=0x0000000000000003
DMA_WORD phase=delayed index=4 expected=0x0000000000000004 source=0x0000000000000004 actual=0x0000000000000004
DMA_WORD phase=delayed index=5 expected=0x0000000000000005 source=0x0000000000000005 actual=0x0000000000000005
DMA_WORD phase=delayed index=6 expected=0x0000000000000006 source=0x0000000000000006 actual=0x0000000000000006
DMA_WORD phase=delayed index=7 expected=0x0000000000000007 source=0x0000000000000007 actual=0x0000000000000007
DMA_WORD phase=delayed index=8 expected=0x0000000000000008 source=0x0000000000000008 actual=0x0000000000000008
DMA_WORD phase=delayed index=9 expected=0x0000000000000009 source=0x0000000000000009 actual=0x0000000000000009
DMA_WORD phase=delayed index=10 expected=0x000000000000000a source=0x000000000000000a actual=0x000000000000000a
DMA_WORD phase=delayed index=11 expected=0x000000000000000b source=0x000000000000000b actual=0x000000000000000b
DMA_WORD phase=delayed index=12 expected=0x000000000000000c source=0x000000000000000c actual=0x000000000000000c
DMA_WORD phase=delayed index=13 expected=0x000000000000000d source=0x000000000000000d actual=0x000000000000000d
DMA_WORD phase=delayed index=14 expected=0x000000000000000e source=0x000000000000000e actual=0x000000000000000e
DMA_WORD phase=delayed index=15 expected=0x000000000000000f source=0x000000000000000f actual=0x000000000000000f
CHECK DMA diagnostic bank=0 bytes=128 words=16 immediate_errors=0 delayed_errors=0 source_errors=0 PASS
