Library vendor : Model Technology
Maximum unnamed designs : 3
MODULE tennm_iossm
    specified property for Cell OEM Marking: Intel
    CMD source file: $MODEL_TECH/../intel/verilog/src/tennm_atoms.sv
    Depends on: X sv_std std @5XbY]_OacJl=`ToSm<M^0
    Compile time: Fri Aug  7 12:31:50 2026
    Debug Symbol file exists
    DU Coverage Signature: F<L`3fjYeD2OO1CVz5NOM1
    Verilog version: n0VbKP^laL34K4YGU;76o3
    Source directory: .
    Source file: $MODEL_TECH/../intel/verilog/src/tennm_atoms.sv
    Start location: $MODEL_TECH/../intel/verilog/src/tennm_atoms.sv:5821:560
    Version string: Dg1SIo80bB@j0V0VzS_@n1
    Opcode format: 2025.3; VLOG SE-64 Object version 82
    Optimized Verilog design root: 1
    VHDL language standard: 1
    Compiled in vopt flow
    Compile options: -suppress 13488 -sv -work /tmp/psgswbuild/nightly/26.1.1/130/l64/work/questa_fe/libs/intel/verilog/tennm_sm -path {$MODEL_TECH/../intel/verilog/src/tennm_atoms.sv} -L mtiAvm -L mtiRnm -L mtiOvm -L mtiUvm -L mtiUPF -L infact
    Full compile options: -suppress 13488 -sv +define+EMIF_DISABLE_CAL_OPTIMIZATIONS -work /tmp/psgswbuild/nightly/26.1.1/130/l64/work/questa_fe/libs/intel/verilog/tennm_sm -path {$MODEL_TECH/../intel/verilog/src/tennm_atoms.sv} -L mtiAvm -L mtiRnm -L mtiOvm -L mtiUvm -L mtiUPF -L infact
    Compile defaults: CvgOpt=0
