Questa Altera FPGA Edition-64 vopt 2025.3 Compiler 2025.09 Sep 15 2025
------------------------------------Library------------------------------------
Library Category for option

--------------------------------------------------------------------------------
+libcell                        Define library modules (found with -v|-y
                                search) as cells
                                
+libext+<suffix>                Specify suffix of files in library directory
                                
+librescan                      Scan libraries in command line order for all
                                unresolved module references
                                
+nolibcell                      Do not automatically define library modules as
                                cells(default)
                                
-L <libname>                    Search library for design units needed when
                                optimizing
                                
-Ldir <dirname>                 Specify the container folder for libraries
                                passed with -L & -Lf options.
                                
-Lf <libname>                   Same as -L, but libraries are searched before
                                `uselib
                                
-force_refresh                  Force a refresh of the library image from .dat
                                file(s) even if there are dependency errors.
                                
-libverbose[=prlib|=libmap]     Verbose messaging about library mappings,
                                search and resolution. The =prlib modifier
                                prints library map pattern matching
                                information. The =libmap modifier prints debug
                                messages about mapping of libraries using SV
                                configurations.
                                
-nocreatelib                    Do not create libraries that do not exist.
                                
-noltop                         Stops promotion of libraries containing top
                                design units to searchable libraries.
                                
-refresh                        Refresh the library image from .dat file(s)
                                
