# Questa Altera FPGA Edition-64 vsim 2025.3 Simulator 2025.09 Sep 15 2025
# ------------------------------------Library------------------------------------
# Library Category for option
# 
# --------------------------------------------------------------------------------
# -L <libname>                    Search library for design units instantiated
#                                 from Verilog and for VHDL default component
#                                 binding
#                                 
# -Ldir <dirname>                 Specify the container folder for libraries
#                                 passed with -L and -Lf options.
#                                 
# -Lf <libname>                   Same as -L, but libraries are searched before
#                                 `uselib
#                                 
# -lib <libname>                  Load top-level design units from <libname>.
#                                 (Default: work)
#                                 
# -libverbose[=prlib]             Verbose messaging about library mappings,
#                                 search and resolution. The =prlib modifier
#                                 prints out the -L/-Lf/-Ltop option that was
#                                 used to locate each design unit loaded by vsim.
#                                 
# -noltop                         Stops promotion of libraries containing top
#                                 design units to searchable libraries.
#                                 
# -showlibsearchpath              Show all the libraries which will be searched
#                                 for precompiled modules
#                                 
# -undefsyms=[<args>]             Generate stubs for undefined symbols in the
#                                 shared libraries being loaded
#                                 <args> are on, off, verbose
#                                 
# 
