/usr/bin/cmake -S/diag/source -B/diag/build --check-build-system CMakeFiles/Makefile.cmake 0
/usr/bin/gmake  -f CMakeFiles/Makefile2 ahls_memory_caps03_walk_entry_vfio_strict
gmake[1]: Entering directory '/diag/build'
/usr/bin/cmake -S/diag/source -B/diag/build --check-build-system CMakeFiles/Makefile.cmake 0
/usr/bin/cmake -E cmake_progress_start /diag/build/CMakeFiles 6
/usr/bin/gmake  -f CMakeFiles/Makefile2 CMakeFiles/ahls_memory_caps03_walk_entry_vfio_strict.dir/all
gmake[2]: Entering directory '/diag/build'
/usr/bin/gmake  -f CMakeFiles/frontend_object.dir/build.make CMakeFiles/frontend_object.dir/depend
gmake[3]: Entering directory '/diag/build'
cd /diag/build && /usr/bin/cmake -E cmake_depends "Unix Makefiles" /diag/source /diag/source /diag/build /diag/build /diag/build/CMakeFiles/frontend_object.dir/DependInfo.cmake --color=
gmake[3]: Leaving directory '/diag/build'
/usr/bin/gmake  -f CMakeFiles/frontend_object.dir/build.make CMakeFiles/frontend_object.dir/build
gmake[3]: Entering directory '/diag/build'
[ 16%] Building C object CMakeFiles/frontend_object.dir/ahls_memory_caps03_walk.c.o
/usr/bin/cc -Dmain=ahls_memory_frontend_main -I/diag/source/. -I/sdk/include -O3 -DNDEBUG -fPIC -O2 -Wall -Wextra -Werror -UNDEBUG -std=gnu11 -MD -MT CMakeFiles/frontend_object.dir/ahls_memory_caps03_walk.c.o -MF CMakeFiles/frontend_object.dir/ahls_memory_caps03_walk.c.o.d -o CMakeFiles/frontend_object.dir/ahls_memory_caps03_walk.c.o -c /diag/source/ahls_memory_caps03_walk.c
gmake[3]: Leaving directory '/diag/build'
[ 16%] Built target frontend_object
/usr/bin/gmake  -f CMakeFiles/ahls_memory_caps03_walk_entry_vfio_strict.dir/build.make CMakeFiles/ahls_memory_caps03_walk_entry_vfio_strict.dir/depend
gmake[3]: Entering directory '/diag/build'
cd /diag/build && /usr/bin/cmake -E cmake_depends "Unix Makefiles" /diag/source /diag/source /diag/build /diag/build /diag/build/CMakeFiles/ahls_memory_caps03_walk_entry_vfio_strict.dir/DependInfo.cmake --color=
gmake[3]: Leaving directory '/diag/build'
/usr/bin/gmake  -f CMakeFiles/ahls_memory_caps03_walk_entry_vfio_strict.dir/build.make CMakeFiles/ahls_memory_caps03_walk_entry_vfio_strict.dir/build
gmake[3]: Entering directory '/diag/build'
[ 33%] Building C object CMakeFiles/ahls_memory_caps03_walk_entry_vfio_strict.dir/ahls_memory_entry_vfio_strict.c.o
[ 50%] Building C object CMakeFiles/ahls_memory_caps03_walk_entry_vfio_strict.dir/ahls_qualification_core.c.o
[ 66%] Building C object CMakeFiles/ahls_memory_caps03_walk_entry_vfio_strict.dir/ia840f_dma_transfer_core.c.o
[ 83%] Building C object CMakeFiles/ahls_memory_caps03_walk_entry_vfio_strict.dir/ia840f_dma_lifetime.c.o
/usr/bin/cc -Dahls_memory_caps03_walk_entry_vfio_strict_EXPORTS -I/diag/source/. -I/sdk/include -O3 -DNDEBUG -fPIC -O2 -Wall -Wextra -Werror -UNDEBUG -std=gnu11 -MD -MT CMakeFiles/ahls_memory_caps03_walk_entry_vfio_strict.dir/ahls_memory_entry_vfio_strict.c.o -MF CMakeFiles/ahls_memory_caps03_walk_entry_vfio_strict.dir/ahls_memory_entry_vfio_strict.c.o.d -o CMakeFiles/ahls_memory_caps03_walk_entry_vfio_strict.dir/ahls_memory_entry_vfio_strict.c.o -c /diag/source/ahls_memory_entry_vfio_strict.c
/usr/bin/cc -Dahls_memory_caps03_walk_entry_vfio_strict_EXPORTS -I/diag/source/. -I/sdk/include -O3 -DNDEBUG -fPIC -O2 -Wall -Wextra -Werror -UNDEBUG -std=gnu11 -MD -MT CMakeFiles/ahls_memory_caps03_walk_entry_vfio_strict.dir/ahls_qualification_core.c.o -MF CMakeFiles/ahls_memory_caps03_walk_entry_vfio_strict.dir/ahls_qualification_core.c.o.d -o CMakeFiles/ahls_memory_caps03_walk_entry_vfio_strict.dir/ahls_qualification_core.c.o -c /diag/source/ahls_qualification_core.c
/usr/bin/cc -Dahls_memory_caps03_walk_entry_vfio_strict_EXPORTS -I/diag/source/. -I/sdk/include -O3 -DNDEBUG -fPIC -O2 -Wall -Wextra -Werror -UNDEBUG -std=gnu11 -MD -MT CMakeFiles/ahls_memory_caps03_walk_entry_vfio_strict.dir/ia840f_dma_transfer_core.c.o -MF CMakeFiles/ahls_memory_caps03_walk_entry_vfio_strict.dir/ia840f_dma_transfer_core.c.o.d -o CMakeFiles/ahls_memory_caps03_walk_entry_vfio_strict.dir/ia840f_dma_transfer_core.c.o -c /diag/source/ia840f_dma_transfer_core.c
/usr/bin/cc -Dahls_memory_caps03_walk_entry_vfio_strict_EXPORTS -I/diag/source/. -I/sdk/include -O3 -DNDEBUG -fPIC -O2 -Wall -Wextra -Werror -UNDEBUG -std=gnu11 -MD -MT CMakeFiles/ahls_memory_caps03_walk_entry_vfio_strict.dir/ia840f_dma_lifetime.c.o -MF CMakeFiles/ahls_memory_caps03_walk_entry_vfio_strict.dir/ia840f_dma_lifetime.c.o.d -o CMakeFiles/ahls_memory_caps03_walk_entry_vfio_strict.dir/ia840f_dma_lifetime.c.o -c /diag/source/ia840f_dma_lifetime.c
[100%] Linking C shared library libahls_memory_caps03_walk_entry_vfio_strict.so
/usr/bin/cmake -E cmake_link_script CMakeFiles/ahls_memory_caps03_walk_entry_vfio_strict.dir/link.txt --verbose=1
/usr/bin/cc -fPIC -O3 -DNDEBUG -Wl,-z,defs -Wl,-Map=/diag/build/entry.map -shared -Wl,-soname,libahls_memory_caps03_walk_entry_vfio_strict.so -o libahls_memory_caps03_walk_entry_vfio_strict.so CMakeFiles/ahls_memory_caps03_walk_entry_vfio_strict.dir/ahls_memory_entry_vfio_strict.c.o CMakeFiles/ahls_memory_caps03_walk_entry_vfio_strict.dir/ahls_qualification_core.c.o CMakeFiles/ahls_memory_caps03_walk_entry_vfio_strict.dir/ia840f_dma_transfer_core.c.o CMakeFiles/ahls_memory_caps03_walk_entry_vfio_strict.dir/ia840f_dma_lifetime.c.o CMakeFiles/frontend_object.dir/ahls_memory_caps03_walk.c.o  -Wl,-rpath,/work/sdk-build/lib:/work/prefix/usr/lib/x86_64-linux-gnu /work/sdk-build/lib/libopae-c.so 
gmake[3]: Leaving directory '/diag/build'
[100%] Built target ahls_memory_caps03_walk_entry_vfio_strict
gmake[2]: Leaving directory '/diag/build'
/usr/bin/cmake -E cmake_progress_start /diag/build/CMakeFiles 0
gmake[1]: Leaving directory '/diag/build'
