Info: Generated by version: 26.1.1 build 130
Info: Starting: Create simulation model
Info: qsys-generate /home/uwb_student00/ahls/new_BSP/work_ia840f_fim_06/syn/board/ia840f/syn_top/../../../../ofs-common/src/common/lib/fifo/sc_fifo_tx_sc_fifo.ip --simulation=VERILOG --allow-mixed-language-simulation --simulator=MODELSIM --output-directory=/home/uwb_student00/ahls/new_BSP/work_ia840f_fim_06/ofs-common/src/common/lib/fifo/sc_fifo_tx_sc_fifo --family="Agilex 7" --part=AGFB027R25A2E2V
Warning: tx_sc_fifo: Invalid device name in input file: 1SX280HN2F43E2VG
Info: sc_fifo_tx_sc_fifo: "Transforming system: sc_fifo_tx_sc_fifo"
Info: sc_fifo_tx_sc_fifo: "Naming system components in system: sc_fifo_tx_sc_fifo"
Info: sc_fifo_tx_sc_fifo: "Processing generation queue"
Info: sc_fifo_tx_sc_fifo: "Generating: sc_fifo_tx_sc_fifo"
Info: sc_fifo_tx_sc_fifo: "Generating: sc_fifo_tx_sc_fifo_altera_avalon_sc_fifo_1932_257lcly"
Info: sc_fifo_tx_sc_fifo: Done "sc_fifo_tx_sc_fifo" with 2 modules, 2 files
Info: Generating the following file(s) for MODELSIM simulator in /home/uwb_student00/ahls/new_BSP/work_ia840f_fim_06/ofs-common/src/common/lib/fifo/sc_fifo_tx_sc_fifo/sim/ directory:
Info: 	common/modelsim_files.tcl
Info: For information on how to simulate your IP, see the explanatory comments in the simulator-specific subdirectories under /home/uwb_student00/ahls/new_BSP/work_ia840f_fim_06/ofs-common/src/common/lib/fifo/sc_fifo_tx_sc_fifo/sim/.
Info: Regenerate these scripts whenever you make any change to any Quartus-generated IP in your project.
Info: Finished: Create simulation model
Info: Starting: Create simulation script
Info: sim-script-gen --system-file=/home/uwb_student00/ahls/new_BSP/work_ia840f_fim_06/syn/board/ia840f/syn_top/../../../../ofs-common/src/common/lib/fifo/sc_fifo_tx_sc_fifo.ip --simulator=MODELSIM --output-directory=/home/uwb_student00/ahls/new_BSP/work_ia840f_fim_06/ofs-common/src/common/lib/fifo/sc_fifo_tx_sc_fifo/sim/ --use-relative-paths=true --modelsim-flow=traditional
Info: Generating the following file(s) for MODELSIM simulator in /home/uwb_student00/ahls/new_BSP/work_ia840f_fim_06/ofs-common/src/common/lib/fifo/sc_fifo_tx_sc_fifo/sim/ directory:
Info: 	mentor/msim_setup.tcl
Info: 	mentor/run_msim_setup.tcl
Info: For information on how to simulate your IP, see the explanatory comments in the simulator-specific subdirectories under /home/uwb_student00/ahls/new_BSP/work_ia840f_fim_06/ofs-common/src/common/lib/fifo/sc_fifo_tx_sc_fifo/sim/.
Info: Regenerate these scripts whenever you make any change to any Quartus-generated IP in your project.
Info: Finished: Create simulation script
Info: 
Info: Starting: Create HDL design files for synthesis
Info: qsys-generate /home/uwb_student00/ahls/new_BSP/work_ia840f_fim_06/syn/board/ia840f/syn_top/../../../../ofs-common/src/common/lib/fifo/sc_fifo_tx_sc_fifo.ip --synthesis=VERILOG --output-directory=/home/uwb_student00/ahls/new_BSP/work_ia840f_fim_06/ofs-common/src/common/lib/fifo/sc_fifo_tx_sc_fifo --family="Agilex 7" --part=AGFB027R25A2E2V
Warning: tx_sc_fifo: Invalid device name in input file: 1SX280HN2F43E2VG
Info: sc_fifo_tx_sc_fifo: "Transforming system: sc_fifo_tx_sc_fifo"
Info: sc_fifo_tx_sc_fifo: "Naming system components in system: sc_fifo_tx_sc_fifo"
Info: sc_fifo_tx_sc_fifo: "Processing generation queue"
Info: sc_fifo_tx_sc_fifo: "Generating: sc_fifo_tx_sc_fifo"
Info: sc_fifo_tx_sc_fifo: "Generating: sc_fifo_tx_sc_fifo_altera_avalon_sc_fifo_1932_257lcly"
Info: sc_fifo_tx_sc_fifo: Done "sc_fifo_tx_sc_fifo" with 2 modules, 2 files
Info: Finished: Create HDL design files for synthesis
