Info: *******************************************************************
Info: Running Quartus Prime Shell
    Info: Version 26.1.1 Build 130 08/06/2026 SC Pro Edition
    Info: Copyright (C) 2026  Altera Corporation. All rights reserved.
    Info: Your use of Altera Corporation's design tools, logic functions 
    Info: and other software and tools, and any partner logic 
    Info: functions, and any output files from any of the foregoing 
    Info: (including device programming or simulation files), and any 
    Info: associated documentation or information are expressly subject 
    Info: to the terms and conditions of the Altera Program License 
    Info: Subscription Agreement, the Altera Quartus Prime License Agreement,
    Info: the Altera IP License Agreement, or other applicable license
    Info: agreement, including, without limitation, that your use is for
    Info: the sole purpose of programming logic devices manufactured by
    Info: Altera and sold by Altera or its authorized distributors.  Please
    Info: refer to the Altera Software License Subscription Agreements 
    Info: on the Quartus Prime software download page.
    Info: Processing started: Fri Sep 18 23:58:05 2026
    Info: System process ID: 150892
Info: Command: quartus_sh -t alternative.tcl
Info (22747): Value AUTO_DISCOVERY for QSF Assignment PWRMGT_VOLTAGE_OUTPUT_FORMAT is not supported. Hence changing the value to LINEAR_FORMAT
DEFAULT TDC_AGGRESSIVE_HOLD_CLOSURE_EFFORT=OFF
GLOBAL-ALL ROUTER_PRESENT=1
GLOBAL-AGILEX7 ROUTER_PRESENT=0
READBACK TDC_AGGRESSIVE_HOLD_CLOSURE_EFFORT=ON
Info (23030): Evaluation of Tcl script alternative.tcl was successful
Info: Quartus Prime Shell was successful. 0 errors, 0 warnings
    Info: Peak virtual memory: 1620 megabytes
    Info: Processing ended: Fri Sep 18 23:58:05 2026
    Info: Elapsed time: 00:00:00
    Info: System process ID: 150892
