Info: *******************************************************************
Info: Running Quartus Prime Shell
    Info: Version 26.1.1 Build 130 08/06/2026 SC Pro Edition
    Info: Copyright (C) 2026  Altera Corporation. All rights reserved.
    Info: Your use of Altera Corporation's design tools, logic functions 
    Info: and other software and tools, and any partner logic 
    Info: functions, and any output files from any of the foregoing 
    Info: (including device programming or simulation files), and any 
    Info: associated documentation or information are expressly subject 
    Info: to the terms and conditions of the Altera Program License 
    Info: Subscription Agreement, the Altera Quartus Prime License Agreement,
    Info: the Altera IP License Agreement, or other applicable license
    Info: agreement, including, without limitation, that your use is for
    Info: the sole purpose of programming logic devices manufactured by
    Info: Altera and sold by Altera or its authorized distributors.  Please
    Info: refer to the Altera Software License Subscription Agreements 
    Info: on the Quartus Prime software download page.
    Info: Processing started: Fri Sep 18 23:55:12 2026
    Info: System process ID: 150276
Info: Command: quartus_sh -t discover.tcl
===PUBLIC PACKAGES===
logger rcs counter fileutil::magic::mimetype TclOO math::rationalfunctions tie::std::dsource ::quartus::iptclgen tclDESjr xmlswitch math::roman interp::delegate::method soundex page::analysis::peg::reachable ::qpm::pkg::extra fileutil::magic::filetype ldap uri::urn page::reader::treeser simulation::random xslt::resources tie::std::array page::gen::peg::canon uevent ::qpm::template::basic xslt::libxslt json::write ::quartus::ipman textutil ident cmdline ::quartus::advanced_pll_legality grammar::peg::interp term::ansi::code::attr grammar::peg term::interact::menu sgmlparser ::qed_lib::custom_reports page::writer::tree puretclparser ::qed_lib::dvr grammar::me::tcl fileutil::magic::rt html simulation::montecarlo ::quartus::qshm S3 uevent::onidle base32 ::quartus::dni page::gen::peg::ser ip ::qpm::template::custom textutil::adjust SASL page::transform::realizable ::qpm::pkg::out ::quartus::intf nameserv::auto pop3d transfer::transmitter htmlgen crc16 asn ::quartus::asmdbg textutil::trim ::quartus::qcl_pll tie::std::growfile page::writer::hb stringprep::data struct::list ::qed_lib::dvr_api ::qed_lib::macros ::quartus::qsimlib_comp::gui ::quartus::sim_lib_info fileutil::multi::op ::quartus::contrib::report_hyper_retimer_readiness pop3 ::quartus::report2 grammar::fa::dacceptor transfer::connect ::qpm::pkg::project md4 crc32 fileutil::multi page::parse::pegser md5 page::util::peg xml::libxml2 ::quartus::design md5crypt ::quartus::report page::writer::tpc xml grammar::me::cpu interp docstrip::util math::constants page::gen::peg::cpkg page::writer::null bench::out::text treeql sqlite3 base64 page::util::norm::lemon page::parse::peghb jpeg blowfish struct::matrix term::receive Thread map::slippy::fetcher uuencode term::ansi::ctrl::unix struct::tree ::qed_lib::common math::statistics tcltest ::qed_lib::wrappers logger::utils struct::set ::qed_lib::rpc uuid ::qpm::pkg::qic struct::pool autoproxy report comm domtree htmlparse page::gen::peg::mecpu ::quartus::gui math::complexnumbers sgml fileutil::magic::cgen ::qed_lib::analysis base32::core ::qed_lib::rdb_util math::interpolate nameserv::common page::util::norm::peg ::qed_lib::workspace ::quartus::ippkg ::quartus::gui_settings math::geometry ::quartus::noceq xslt ::qed_lib::device_info nameserv::server page::writer::me ::quartus::timing_assignment ::quartus::fitter_utilities struct::graph::op stringprep Tk tie::std::log javascript inifile textutil::repeat http ::quartus::sta_internal control SASL::NTLM ::quartus::contrib::report_timing_tree ::qpm::pkg::export_db_post_map ::quartus::project2 page::transform::reachable mapproj switched page::util::flow page::reader::lemon ::qpm::template::sr stooop ::qpm::template::basic_qic snit struct::stack uri sha256 page::reader::ser ::qpm::template::dse ::qpm::template::fae textutil::split map::slippy::cache ::quartus::kpt page::reader::peg struct pluginmgr math::special math::bignum log page::transform::mecpu Tcl ripemd128 smtp ::qed_lib::user_oo ::quartus::bdawr unicode::data term::ansi::send ftpd ::quartus::asm2 ::quartus::external_memif_toolkit ::quartus::vds math::fourier opt yaml transfer::copy ::quartus::clock_uncertainty ::quartus::lampas_iptcl bibtex fileutil::traverse ::quartus::file_manager ::quartus::python doctools grammar::me::util ::quartus::u2b2_sim tiff math::calculus map::slippy xslt::utilities ::qpm::lib::internal_test math::polynomials textutil::expander dommap tar grammar::fa::dexec page::config::peg term::ansi::code::macros nntp page::gen::peg::hb ::qed_lib::analysis_tasks json math bench::in ::qpm::pkg::export_db_all units ::quartus::project page::writer::ser ::quartus::device ::quartus::board cgi2dom xpath page::writer::peg math::fuzzy math::linearalgebra ripemd160 transfer::data::source ftp::geturl page::util::quote ncgi ::quartus::platform ::quartus::rpc page::reader::hb Ttrace fileutil::magic::cfront xmldefs ::qpm::lib::ccl platform irc term::receive::bind page::compiler::peg::mecpu otp page::analysis::peg::minimize resolv struct::graph multiplexer des struct::skiplist pop3d::udb ::qpm::pkg::qsf tclDES ::qpm::template::sr_qic ::quartus::names nmea zlib doctools::changelog exif ::quartus::simlib_common dom::libxml2 term::send doctools::cvs pop3d::dbox term::ansi::code::ctrl nameserv base32::hex aes ::qpm::pkg::lib ::quartus::dni_ocs page::writer::mecpu ::quartus::emif_timing_model png yencode term spf struct::disjointset ::quartus::pll::fpll_legality picoirc ::qpm::pkg::db page::writer::identity ::quartus::systemconsole ::qpm::pkg::required term::ansi::code ::quartus::dcmd_dni unicode smtpd doctools::toc rc4 interp::delegate::proc page::gen::peg::me ::qpm::pkg::vds ::qpm::pkg::pcc xsxp xslt::cache ::qpm::lib::old_restore ::quartus::flng page::analysis::peg::realizable textutil::tabify ::qed_lib::db time msgcat math::optimize wip ldapx tie ftp ::qpm::lib::self_test simulation::annealing math::bigfloat ::qpm::template::full_db grammar::fa ::quartus::clocks csv xml::tclparser ::qpm::pkg::auto ::quartus::design_server huddle textutil::string ::qpm::lib::rpt mime page::gen::tree::text ::qed_lib::prj_util profiler bench::out::csv ::qed_lib ::quartus::flow ::quartus::hh ::qpm::pkg::qxp transfer::receiver ::qed_lib::dvr_helpers fileutil grammar::me::cpu::core tclparser xml::tcl logger::appender xmlgen cksum ::quartus::logiclock ::quartus::pll::legality SASL::XGoogleToken ::qpm::pkg::export_db_hc grammar::me::cpu::gasm ::quartus::qcu cache::async struct::queue ::quartus::misc transfer::data::destination ::qpm::pkg::rpt page::parse::lemon grammar::fa::op tie::std::file domtext ::quartus::io ::quartus::qsimlib_comp::database sum bench struct::record ::quartus::dni_sdc tcl::tommath xmldep ::quartus::synth page::parse::peg ::qpm::pkg::qsys bee dns tie::std::rarray page::analysis::peg::emodes page::pluginmgr xslt::process BWidget dom::tcl doctools::idx struct::prioqueue dom docstrip domtree::treectrl term::interact::pager ::quartus::ipcache sha1 transfer::copy::queue ::quartus::constra_iptaf_iptcl dom::c
===PROJECT HELP===
===DEVICE HELP===
===HELP HELP===
Info (23030): Evaluation of Tcl script discover.tcl was successful
Info: Quartus Prime Shell was successful. 0 errors, 0 warnings
    Info: Peak virtual memory: 1360 megabytes
    Info: Processing ended: Fri Sep 18 23:55:12 2026
    Info: Elapsed time: 00:00:00
    Info: System process ID: 150276
