CMake Deprecation Warning at CMakeLists.txt:3 (cmake_minimum_required):
  Compatibility with CMake < 3.10 will be removed from a future version of
  CMake.

  Update the VERSION argument <min> value.  Or, use the <min>...<max> syntax
  to tell CMake that the project requires at least <min> but has been updated
  to work with policies introduced by <max> or earlier.


-- The CXX compiler identification is Clang 21.0.0
-- Detecting CXX compiler ABI info
-- Detecting CXX compiler ABI info - done
-- Check for working CXX compiler: /home/uwb_student00/ahls/altera_hls/aclsycl/bin/ahls - skipped
-- Detecting CXX compile features
-- Detecting CXX compile features - done
-- Additional USER_FPGA_FLAGS=
-- Additional USER_FLAGS=
-- Additional USER_INCLUDE_PATHS=../../../include
-- Additional USER_LIB_PATHS=
-- Additional USER_LIBS=
-- Configuring done (3.9s)
-- Generating done (0.0s)
-- Build files have been written to: /home/uwb_student00/ahls/new_BSP/work_hls_samples_2026_1_0_01/batch19/w1/s091/build
