Change Dir: '/home/uwb_student00/ahls/new_BSP/work_hls_samples_2026_1_0_01/batch19/w1/s091/build'

Run Build Command(s): /usr/bin/cmake -E env VERBOSE=1 /usr/bin/gmake -f Makefile -j12 report
/usr/bin/cmake -S/home/uwb_student00/ahls/new_BSP/work_hls_samples_2026_1_0_01/source-release11/Tutorials/GettingStarted/fast_recompile -B/home/uwb_student00/ahls/new_BSP/work_hls_samples_2026_1_0_01/batch19/w1/s091/build --check-build-system CMakeFiles/Makefile.cmake 0
/usr/bin/gmake  -f CMakeFiles/Makefile2 report
gmake[1]: Entering directory '/home/uwb_student00/ahls/new_BSP/work_hls_samples_2026_1_0_01/batch19/w1/s091/build'
/usr/bin/cmake -S/home/uwb_student00/ahls/new_BSP/work_hls_samples_2026_1_0_01/source-release11/Tutorials/GettingStarted/fast_recompile -B/home/uwb_student00/ahls/new_BSP/work_hls_samples_2026_1_0_01/batch19/w1/s091/build --check-build-system CMakeFiles/Makefile.cmake 0
/usr/bin/cmake -E cmake_progress_start /home/uwb_student00/ahls/new_BSP/work_hls_samples_2026_1_0_01/batch19/w1/s091/build/CMakeFiles 3
/usr/bin/gmake  -f CMakeFiles/Makefile2 CMakeFiles/report.dir/all
gmake[2]: Entering directory '/home/uwb_student00/ahls/new_BSP/work_hls_samples_2026_1_0_01/batch19/w1/s091/build'
/usr/bin/gmake  -f CMakeFiles/displayReportCompileCommands.dir/build.make CMakeFiles/displayReportCompileCommands.dir/depend
gmake[3]: Entering directory '/home/uwb_student00/ahls/new_BSP/work_hls_samples_2026_1_0_01/batch19/w1/s091/build'
cd /home/uwb_student00/ahls/new_BSP/work_hls_samples_2026_1_0_01/batch19/w1/s091/build && /usr/bin/cmake -E cmake_depends "Unix Makefiles" /home/uwb_student00/ahls/new_BSP/work_hls_samples_2026_1_0_01/source-release11/Tutorials/GettingStarted/fast_recompile /home/uwb_student00/ahls/new_BSP/work_hls_samples_2026_1_0_01/source-release11/Tutorials/GettingStarted/fast_recompile /home/uwb_student00/ahls/new_BSP/work_hls_samples_2026_1_0_01/batch19/w1/s091/build /home/uwb_student00/ahls/new_BSP/work_hls_samples_2026_1_0_01/batch19/w1/s091/build /home/uwb_student00/ahls/new_BSP/work_hls_samples_2026_1_0_01/batch19/w1/s091/build/CMakeFiles/displayReportCompileCommands.dir/DependInfo.cmake "--color="
gmake[3]: Leaving directory '/home/uwb_student00/ahls/new_BSP/work_hls_samples_2026_1_0_01/batch19/w1/s091/build'
/usr/bin/gmake  -f CMakeFiles/displayReportCompileCommands.dir/build.make CMakeFiles/displayReportCompileCommands.dir/build
gmake[3]: Entering directory '/home/uwb_student00/ahls/new_BSP/work_hls_samples_2026_1_0_01/batch19/w1/s091/build'
[ 33%] 
To compile manually:
/home/uwb_student00/ahls/altera_hls/aclsycl/bin/ahls -I../../../../source-release11/include -Wall -DFPGA_HARDWARE -c ../../../../source-release11/Tutorials/GettingStarted/fast_recompile/src/host.cpp -o CMakeFiles/report.dir/src/host.cpp.o

To link manually:
/home/uwb_student00/ahls/altera_hls/aclsycl/bin/ahls -Xshardware -Xstarget=AGFB027R25A2E2V -fsycl-link=early -o fast_recompile.report CMakeFiles/report.dir/src/host.cpp.o
/usr/bin/cmake -E cmake_echo_color --cyan 
gmake[3]: Leaving directory '/home/uwb_student00/ahls/new_BSP/work_hls_samples_2026_1_0_01/batch19/w1/s091/build'
[ 33%] Built target displayReportCompileCommands
/usr/bin/gmake  -f CMakeFiles/report.dir/build.make CMakeFiles/report.dir/depend
gmake[3]: Entering directory '/home/uwb_student00/ahls/new_BSP/work_hls_samples_2026_1_0_01/batch19/w1/s091/build'
cd /home/uwb_student00/ahls/new_BSP/work_hls_samples_2026_1_0_01/batch19/w1/s091/build && /usr/bin/cmake -E cmake_depends "Unix Makefiles" /home/uwb_student00/ahls/new_BSP/work_hls_samples_2026_1_0_01/source-release11/Tutorials/GettingStarted/fast_recompile /home/uwb_student00/ahls/new_BSP/work_hls_samples_2026_1_0_01/source-release11/Tutorials/GettingStarted/fast_recompile /home/uwb_student00/ahls/new_BSP/work_hls_samples_2026_1_0_01/batch19/w1/s091/build /home/uwb_student00/ahls/new_BSP/work_hls_samples_2026_1_0_01/batch19/w1/s091/build /home/uwb_student00/ahls/new_BSP/work_hls_samples_2026_1_0_01/batch19/w1/s091/build/CMakeFiles/report.dir/DependInfo.cmake "--color="
gmake[3]: Leaving directory '/home/uwb_student00/ahls/new_BSP/work_hls_samples_2026_1_0_01/batch19/w1/s091/build'
/usr/bin/gmake  -f CMakeFiles/report.dir/build.make CMakeFiles/report.dir/build
gmake[3]: Entering directory '/home/uwb_student00/ahls/new_BSP/work_hls_samples_2026_1_0_01/batch19/w1/s091/build'
[ 66%] Building CXX object CMakeFiles/report.dir/src/host.cpp.o
/home/uwb_student00/ahls/altera_hls/aclsycl/bin/ahls  -I/home/uwb_student00/ahls/new_BSP/work_hls_samples_2026_1_0_01/source-release11/Tutorials/GettingStarted/fast_recompile/../../../include -Wall -DFPGA_HARDWARE -MD -MT CMakeFiles/report.dir/src/host.cpp.o -MF CMakeFiles/report.dir/src/host.cpp.o.d -o CMakeFiles/report.dir/src/host.cpp.o -c /home/uwb_student00/ahls/new_BSP/work_hls_samples_2026_1_0_01/source-release11/Tutorials/GettingStarted/fast_recompile/src/host.cpp
[100%] Linking CXX executable fast_recompile.report
/usr/bin/cmake -E cmake_link_script CMakeFiles/report.dir/link.txt --verbose=1
/home/uwb_student00/ahls/altera_hls/aclsycl/bin/ahls CMakeFiles/report.dir/src/host.cpp.o -o fast_recompile.report  -Xshardware -Xstarget=AGFB027R25A2E2V -fsycl-link=early
gmake[3]: Leaving directory '/home/uwb_student00/ahls/new_BSP/work_hls_samples_2026_1_0_01/batch19/w1/s091/build'
[100%] Built target report
gmake[2]: Leaving directory '/home/uwb_student00/ahls/new_BSP/work_hls_samples_2026_1_0_01/batch19/w1/s091/build'
/usr/bin/cmake -E cmake_progress_start /home/uwb_student00/ahls/new_BSP/work_hls_samples_2026_1_0_01/batch19/w1/s091/build/CMakeFiles 0
gmake[1]: Leaving directory '/home/uwb_student00/ahls/new_BSP/work_hls_samples_2026_1_0_01/batch19/w1/s091/build'

