Info: Generated by version: 26.1.1 build 130
Info: Starting: Create simulation model
Info: qsys-generate /home/uwb_student00/ahls/new_BSP/work_ia840f_fim_05/syn/board/ia840f/syn_top/../../../../src/pd_qsys/fabric/ip/apf/apf_default_slv.ip --simulation=VERILOG --allow-mixed-language-simulation --simulator=MODELSIM --output-directory=/home/uwb_student00/ahls/new_BSP/work_ia840f_fim_05/src/pd_qsys/fabric/ip/apf/apf_default_slv --family="Agilex 7" --part=AGFB027R25A2E2V
Info: apf_default_slv: "Transforming system: apf_default_slv"
Info: apf_default_slv: "Naming system components in system: apf_default_slv"
Info: apf_default_slv: "Processing generation queue"
Info: apf_default_slv: "Generating: apf_default_slv"
Info: apf_default_slv: "Generating: axi4lite_rsp"
Info: apf_default_slv: Done "apf_default_slv" with 2 modules, 2 files
Info: Generating the following file(s) for MODELSIM simulator in /home/uwb_student00/ahls/new_BSP/work_ia840f_fim_05/src/pd_qsys/fabric/ip/apf/apf_default_slv/sim/ directory:
Info: 	common/modelsim_files.tcl
Info: For information on how to simulate your IP, see the explanatory comments in the simulator-specific subdirectories under /home/uwb_student00/ahls/new_BSP/work_ia840f_fim_05/src/pd_qsys/fabric/ip/apf/apf_default_slv/sim/.
Info: Regenerate these scripts whenever you make any change to any Quartus-generated IP in your project.
Info: Finished: Create simulation model
Info: Starting: Create simulation script
Info: sim-script-gen --system-file=/home/uwb_student00/ahls/new_BSP/work_ia840f_fim_05/syn/board/ia840f/syn_top/../../../../src/pd_qsys/fabric/ip/apf/apf_default_slv.ip --simulator=MODELSIM --output-directory=/home/uwb_student00/ahls/new_BSP/work_ia840f_fim_05/src/pd_qsys/fabric/ip/apf/apf_default_slv/sim/ --use-relative-paths=true --modelsim-flow=traditional
Info: Generating the following file(s) for MODELSIM simulator in /home/uwb_student00/ahls/new_BSP/work_ia840f_fim_05/src/pd_qsys/fabric/ip/apf/apf_default_slv/sim/ directory:
Info: 	mentor/msim_setup.tcl
Info: 	mentor/run_msim_setup.tcl
Info: For information on how to simulate your IP, see the explanatory comments in the simulator-specific subdirectories under /home/uwb_student00/ahls/new_BSP/work_ia840f_fim_05/src/pd_qsys/fabric/ip/apf/apf_default_slv/sim/.
Info: Regenerate these scripts whenever you make any change to any Quartus-generated IP in your project.
Info: Finished: Create simulation script
Info: 
Info: Starting: Create HDL design files for synthesis
Info: qsys-generate /home/uwb_student00/ahls/new_BSP/work_ia840f_fim_05/syn/board/ia840f/syn_top/../../../../src/pd_qsys/fabric/ip/apf/apf_default_slv.ip --synthesis=VERILOG --output-directory=/home/uwb_student00/ahls/new_BSP/work_ia840f_fim_05/src/pd_qsys/fabric/ip/apf/apf_default_slv --family="Agilex 7" --part=AGFB027R25A2E2V
Info: apf_default_slv: "Transforming system: apf_default_slv"
Info: apf_default_slv: "Naming system components in system: apf_default_slv"
Info: apf_default_slv: "Processing generation queue"
Info: apf_default_slv: "Generating: apf_default_slv"
Info: apf_default_slv: "Generating: axi4lite_rsp"
Info: apf_default_slv: Done "apf_default_slv" with 2 modules, 2 files
Info: Finished: Create HDL design files for synthesis
