Info: Generated by version: 26.1.1 build 130
Info: Starting: Create simulation model
Info: qsys-generate /home/uwb_student00/ahls/new_BSP/work_ia840f_fim_05/syn/board/ia840f/syn_top/../../../../ofs-common/src/fpga_family/agilex/user_clock/qph_user_clk_iopll_RF100M.ip --simulation=VERILOG --allow-mixed-language-simulation --simulator=MODELSIM --output-directory=/home/uwb_student00/ahls/new_BSP/work_ia840f_fim_05/ofs-common/src/fpga_family/agilex/user_clock/qph_user_clk_iopll_RF100M --family="Agilex 7" --part=AGFB027R25A2E2V
Warning: iopll_0: Used altera_iopll 21.1.0 (instead of 20.0.0)
Info: qph_user_clk_iopll_RF100M.iopll_0: Able to implement PLL with user settings
Info: qph_user_clk_iopll_RF100M: "Transforming system: qph_user_clk_iopll_RF100M"
Info: qph_user_clk_iopll_RF100M: "Naming system components in system: qph_user_clk_iopll_RF100M"
Info: qph_user_clk_iopll_RF100M: "Processing generation queue"
Info: qph_user_clk_iopll_RF100M: "Generating: qph_user_clk_iopll_RF100M"
Info: qph_user_clk_iopll_RF100M: "Generating: qph_user_clk_iopll_RF100M_altera_iopll_2110_6uqudeq"
Info: qph_user_clk_iopll_RF100M: Done "qph_user_clk_iopll_RF100M" with 2 modules, 2 files
Info: Generating the following file(s) for MODELSIM simulator in /home/uwb_student00/ahls/new_BSP/work_ia840f_fim_05/ofs-common/src/fpga_family/agilex/user_clock/qph_user_clk_iopll_RF100M/sim/ directory:
Info: 	common/modelsim_files.tcl
Info: For information on how to simulate your IP, see the explanatory comments in the simulator-specific subdirectories under /home/uwb_student00/ahls/new_BSP/work_ia840f_fim_05/ofs-common/src/fpga_family/agilex/user_clock/qph_user_clk_iopll_RF100M/sim/.
Info: Regenerate these scripts whenever you make any change to any Quartus-generated IP in your project.
Info: Finished: Create simulation model
Info: Starting: Create simulation script
Info: sim-script-gen --system-file=/home/uwb_student00/ahls/new_BSP/work_ia840f_fim_05/syn/board/ia840f/syn_top/../../../../ofs-common/src/fpga_family/agilex/user_clock/qph_user_clk_iopll_RF100M.ip --simulator=MODELSIM --output-directory=/home/uwb_student00/ahls/new_BSP/work_ia840f_fim_05/ofs-common/src/fpga_family/agilex/user_clock/qph_user_clk_iopll_RF100M/sim/ --use-relative-paths=true --modelsim-flow=traditional
Info: Generating the following file(s) for MODELSIM simulator in /home/uwb_student00/ahls/new_BSP/work_ia840f_fim_05/ofs-common/src/fpga_family/agilex/user_clock/qph_user_clk_iopll_RF100M/sim/ directory:
Info: 	mentor/msim_setup.tcl
Info: 	mentor/run_msim_setup.tcl
Info: For information on how to simulate your IP, see the explanatory comments in the simulator-specific subdirectories under /home/uwb_student00/ahls/new_BSP/work_ia840f_fim_05/ofs-common/src/fpga_family/agilex/user_clock/qph_user_clk_iopll_RF100M/sim/.
Info: Regenerate these scripts whenever you make any change to any Quartus-generated IP in your project.
Info: Finished: Create simulation script
Info: 
Info: Starting: Create HDL design files for synthesis
Info: qsys-generate /home/uwb_student00/ahls/new_BSP/work_ia840f_fim_05/syn/board/ia840f/syn_top/../../../../ofs-common/src/fpga_family/agilex/user_clock/qph_user_clk_iopll_RF100M.ip --synthesis=VERILOG --output-directory=/home/uwb_student00/ahls/new_BSP/work_ia840f_fim_05/ofs-common/src/fpga_family/agilex/user_clock/qph_user_clk_iopll_RF100M --family="Agilex 7" --part=AGFB027R25A2E2V
Warning: iopll_0: Used altera_iopll 21.1.0 (instead of 20.0.0)
Info: qph_user_clk_iopll_RF100M.iopll_0: Able to implement PLL with user settings
Info: qph_user_clk_iopll_RF100M: "Transforming system: qph_user_clk_iopll_RF100M"
Info: qph_user_clk_iopll_RF100M: "Naming system components in system: qph_user_clk_iopll_RF100M"
Info: qph_user_clk_iopll_RF100M: "Processing generation queue"
Info: qph_user_clk_iopll_RF100M: "Generating: qph_user_clk_iopll_RF100M"
Info: qph_user_clk_iopll_RF100M: "Generating: qph_user_clk_iopll_RF100M_altera_iopll_2110_6uqudeq"
Info: iopll_0: Generating MIF file qph_user_clk_iopll_RF100M_altera_iopll_2110_6uqudeq.mif
Info: qph_user_clk_iopll_RF100M: Done "qph_user_clk_iopll_RF100M" with 2 modules, 8 files
Info: Finished: Create HDL design files for synthesis
