----------------
; Command Info ;
----------------
Report Path: Found 1 paths. Longest delay is 3.857 

Tcl Command:
    report_path -show_routing -file /home/uwb_student00/ahls/new_BSP/qualification/fim-build-23/cpa-work21-46/reports/core_feedback-rise-maximum.rpt -rise_from [get_pins {{local_mem_wrapper|mem_ss_top|mem_ss_sv|mem_ss|mem_ss|emif_1|emif_1|arch|arch_inst|io_tiles_wrap_inst|io_tiles_inst|tile_gen[1].tile_ctrl_inst|pa_core_clk_out[0]}}] -rise_to [get_pins {{local_mem_wrapper|mem_ss_top|mem_ss_sv|mem_ss|mem_ss|emif_1|emif_1|arch|arch_inst|io_tiles_wrap_inst|io_tiles_inst|tile_gen[1].tile_ctrl_inst|pa_core_clk_in[0]}}] -npaths 1 -nworst 1

Options:
    -rise_from [get_pins {{local_mem_wrapper|mem_ss_top|mem_ss_sv|mem_ss|mem_ss|emif_1|emif_1|arch|arch_inst|io_tiles_wrap_inst|io_tiles_inst|tile_gen[1].tile_ctrl_inst|pa_core_clk_out[0]}}] 
    -rise_to [get_pins {{local_mem_wrapper|mem_ss_top|mem_ss_sv|mem_ss|mem_ss|emif_1|emif_1|arch|arch_inst|io_tiles_wrap_inst|io_tiles_inst|tile_gen[1].tile_ctrl_inst|pa_core_clk_in[0]}}] 
    -npaths 1 
    -nworst 1 
    -show_routing 
    -file_name "/home/uwb_student00/ahls/new_BSP/qualification/fim-build-23/cpa-work21-46/reports/core_feedback-rise-maximum.rpt" 

Snapshot:
    final

Delay Model:
    Fast vid2 100C Model

+--------------------------------------------------------------------------------------------------------------------------------------------------------------------------------------------------------------------------------------------------------------------------------------------------------------------------------------------+
; Summary of Paths                                                                                                                                                                                                                                                                                                                           ;
+-------+------------------------------------------------------------------------------------------------------------------------------------------------------------------+-----------------------------------------------------------------------------------------------------------------------------------------------------------------+
; Delay ; From Node                                                                                                                                                        ; To Node                                                                                                                                                         ;
+-------+------------------------------------------------------------------------------------------------------------------------------------------------------------------+-----------------------------------------------------------------------------------------------------------------------------------------------------------------+
; 3.857 ; local_mem_wrapper|mem_ss_top|mem_ss_sv|mem_ss|mem_ss|emif_1|emif_1|arch|arch_inst|io_tiles_wrap_inst|io_tiles_inst|tile_gen[1].tile_ctrl_inst|pa_core_clk_out[0] ; local_mem_wrapper|mem_ss_top|mem_ss_sv|mem_ss|mem_ss|emif_1|emif_1|arch|arch_inst|io_tiles_wrap_inst|io_tiles_inst|tile_gen[1].tile_ctrl_inst|pa_core_clk_in[0] ;
+-------+------------------------------------------------------------------------------------------------------------------------------------------------------------------+-----------------------------------------------------------------------------------------------------------------------------------------------------------------+

Path #1: Delay is 3.857
===============================================================================
+----------------------------------------------------------------------------------------------------------------------------------------------------------------------------------------------------+
; Path Summary                                                                                                                                                                                       ;
+---------------------------------+------------------------------------------------------------------------------------------------------------------------------------------------------------------+
; Property                        ; Value                                                                                                                                                            ;
+---------------------------------+------------------------------------------------------------------------------------------------------------------------------------------------------------------+
; From Node                       ; local_mem_wrapper|mem_ss_top|mem_ss_sv|mem_ss|mem_ss|emif_1|emif_1|arch|arch_inst|io_tiles_wrap_inst|io_tiles_inst|tile_gen[1].tile_ctrl_inst|pa_core_clk_out[0] ;
; To Node                         ; local_mem_wrapper|mem_ss_top|mem_ss_sv|mem_ss|mem_ss|emif_1|emif_1|arch|arch_inst|io_tiles_wrap_inst|io_tiles_inst|tile_gen[1].tile_ctrl_inst|pa_core_clk_in[0]  ;
; Delay                           ; 3.857                                                                                                                                                            ;
; Worst-Case Operating Conditions ; Fast vid2 100C Model                                                                                                                                             ;
+---------------------------------+------------------------------------------------------------------------------------------------------------------------------------------------------------------+

+-----------------------------------------------------------------------------------+
; Statistics                                                                        ;
+------------------------+-------+-------+-------------+------------+-------+-------+
; Property               ; Value ; Count ; Total Delay ; % of Total ; Min   ; Max   ;
+------------------------+-------+-------+-------------+------------+-------+-------+
; Data Delay             ; 3.857 ;       ;             ;            ;       ;       ;
; Number of Logic Levels ;       ; 0     ;             ;            ;       ;       ;
; Physical Delays        ;       ;       ;             ;            ;       ;       ;
;  IC                    ;       ; 1     ; 0.000       ; 0          ; 0.000 ; 0.000 ;
;  Cell                  ;       ; 1     ; 0.567       ; 15         ; 0.567 ; 0.567 ;
;  Routing Element       ;       ; 55    ; 3.290       ; 85         ; 0.000 ; 0.216 ;
+------------------------+-------+-------+-------------+------------+-------+-------+
Note: Negative delays are omitted from totals when calculating percentages

+-------------------------------------------------------------------------------------------------------------------------------------------------------------------------------------------------------------------------------------------------------------------------------------------------+
; Data Arrival Path                                                                                                                                                                                                                                                                               ;
+---------+---------+----+------+--------+-----------------------------------------+--------------------------------------------------------------------------------------------------------------------------------------------------------------------------------------------------------------+
; Total   ; Incr    ; RF ; Type ; Fanout ; Location                                ; Element                                                                                                                                                                                                      ;
+---------+---------+----+------+--------+-----------------------------------------+--------------------------------------------------------------------------------------------------------------------------------------------------------------------------------------------------------------+
; 3.857   ; 3.857   ;    ;      ;        ;                                         ; data path                                                                                                                                                                                                    ;
;   0.000 ;   0.000 ;    ;      ; 1      ; TILECTRL_X172_Y0_N298                   ; local_mem_wrapper|mem_ss_top|mem_ss_sv|mem_ss|mem_ss|emif_1|emif_1|arch|arch_inst|io_tiles_wrap_inst|io_tiles_inst|tile_gen[1].tile_ctrl_inst|pa_core_clk_out[0]                                             ;
;   0.567 ;   0.567 ; RR ; CELL ; 15973  ; TILECTRL_X172_Y0_N298                   ; local_mem_wrapper|mem_ss_top|mem_ss_sv|mem_ss|mem_ss|emif_1|emif_1|arch|arch_inst|io_tiles_wrap_inst|io_tiles_inst|tile_gen[1].tile_ctrl_inst~fmio96fs_wr/m32_0_29__iophasealignment_to_dcm__core_clk_out[1] ;
;   0.567 ;   0.000 ; RR ; RE   ; 1      ; TILECTRL_X172_Y0_N298                   ; TILE_CTRL                                                                                                                                                                                                    ;
;   0.622 ;   0.055 ; RR ; RE   ; 1      ; IO96FSWRRE_X171_Y0_N0_I3537             ; IO96FS_WR_RE                                                                                                                                                                                                 ;
;   0.715 ;   0.093 ; RR ; RE   ; 1      ; DCM_mux_X198_Y2_N0_I27                  ; CC_DCM_GMUX_RE                                                                                                                                                                                               ;
;   0.774 ;   0.059 ; RR ; RE   ; 1      ; IO_P2C_RE_X226_Y2_N150_I179             ; IO_P2C_RE                                                                                                                                                                                                    ;
;   0.795 ;   0.021 ; RR ; RE   ; 1      ; IO_P2C_RE_X226_Y2_N150_I4               ; IO_P2C_RE                                                                                                                                                                                                    ;
;   0.831 ;   0.036 ; RR ; RE   ; 1      ; Switchbox_clock_mux_X226_Y2_N0_I219     ; CLOCK_SEGMENT_MUX                                                                                                                                                                                            ;
;   0.923 ;   0.092 ; RR ; RE   ; 1      ; Switchbox_clock_mux_X226_Y2_N0_I17      ; CLOCK_SEGMENT_MUX                                                                                                                                                                                            ;
;   0.951 ;   0.028 ; RF ; RE   ; 1      ; Vertical_seam_tap_mux_X226_Y23_N0_I187  ; CLOCK_SEGMENT_TAP_MUX                                                                                                                                                                                        ;
;   1.012 ;   0.061 ; FR ; RE   ; 1      ; Vertical_seam_tap_mux_X226_Y23_N0_I9    ; CLOCK_SEGMENT_TAP_MUX                                                                                                                                                                                        ;
;   1.046 ;   0.034 ; RR ; RE   ; 1      ; Switchbox_clock_mux_X226_Y43_N0_I219    ; CLOCK_SEGMENT_MUX                                                                                                                                                                                            ;
;   1.138 ;   0.092 ; RR ; RE   ; 1      ; Switchbox_clock_mux_X226_Y43_N0_I17     ; CLOCK_SEGMENT_MUX                                                                                                                                                                                            ;
;   1.166 ;   0.028 ; RF ; RE   ; 1      ; Vertical_seam_tap_mux_X226_Y64_N0_I187  ; CLOCK_SEGMENT_TAP_MUX                                                                                                                                                                                        ;
;   1.227 ;   0.061 ; FR ; RE   ; 1      ; Vertical_seam_tap_mux_X226_Y64_N0_I9    ; CLOCK_SEGMENT_TAP_MUX                                                                                                                                                                                        ;
;   1.261 ;   0.034 ; RR ; RE   ; 1      ; Switchbox_clock_mux_X226_Y84_N0_I219    ; CLOCK_SEGMENT_MUX                                                                                                                                                                                            ;
;   1.347 ;   0.086 ; RR ; RE   ; 1      ; Switchbox_clock_mux_X226_Y84_N0_I17     ; CLOCK_SEGMENT_MUX                                                                                                                                                                                            ;
;   1.375 ;   0.028 ; RF ; RE   ; 1      ; Vertical_seam_tap_mux_X226_Y105_N0_I187 ; CLOCK_SEGMENT_TAP_MUX                                                                                                                                                                                        ;
;   1.436 ;   0.061 ; FR ; RE   ; 1      ; Vertical_seam_tap_mux_X226_Y105_N0_I9   ; CLOCK_SEGMENT_TAP_MUX                                                                                                                                                                                        ;
;   1.469 ;   0.033 ; RR ; RE   ; 1      ; Switchbox_clock_mux_X226_Y125_N0_I219   ; CLOCK_SEGMENT_MUX                                                                                                                                                                                            ;
;   1.502 ;   0.033 ; RR ; RE   ; 1      ; Switchbox_clock_mux_X226_Y125_N0_I131   ; CLOCK_SEGMENT_MUX                                                                                                                                                                                            ;
;   1.588 ;   0.086 ; RR ; RE   ; 1      ; Switchbox_clock_mux_X226_Y125_N0_I13    ; CLOCK_SEGMENT_MUX                                                                                                                                                                                            ;
;   1.617 ;   0.029 ; RF ; RE   ; 1      ; Vertical_seam_tap_mux_X226_Y146_N0_I188 ; CLOCK_SEGMENT_TAP_MUX                                                                                                                                                                                        ;
;   1.678 ;   0.061 ; FR ; RE   ; 1      ; Vertical_seam_tap_mux_X226_Y146_N0_I7   ; CLOCK_SEGMENT_TAP_MUX                                                                                                                                                                                        ;
;   1.713 ;   0.035 ; RR ; RE   ; 1      ; Switchbox_clock_mux_X226_Y166_N0_I220   ; CLOCK_SEGMENT_MUX                                                                                                                                                                                            ;
;   1.746 ;   0.033 ; RR ; RE   ; 2      ; Switchbox_clock_mux_X226_Y166_N0_I130   ; CLOCK_SEGMENT_MUX                                                                                                                                                                                            ;
;   1.832 ;   0.086 ; RR ; RE   ; 1      ; Switchbox_clock_mux_X226_Y166_N0_I11    ; CLOCK_SEGMENT_MUX                                                                                                                                                                                            ;
;   1.859 ;   0.027 ; RF ; RE   ; 1      ; Vertical_seam_tap_mux_X226_Y146_N0_I157 ; CLOCK_SEGMENT_TAP_MUX                                                                                                                                                                                        ;
;   1.922 ;   0.063 ; FR ; RE   ; 1      ; Vertical_seam_tap_mux_X226_Y146_N0_I4   ; CLOCK_SEGMENT_TAP_MUX                                                                                                                                                                                        ;
;   1.960 ;   0.038 ; RR ; RE   ; 1      ; Switchbox_clock_mux_X226_Y125_N0_I189   ; CLOCK_SEGMENT_MUX                                                                                                                                                                                            ;
;   2.046 ;   0.086 ; RR ; RE   ; 1      ; Switchbox_clock_mux_X226_Y125_N0_I11    ; CLOCK_SEGMENT_MUX                                                                                                                                                                                            ;
;   2.073 ;   0.027 ; RF ; RE   ; 1      ; Vertical_seam_tap_mux_X226_Y105_N0_I157 ; CLOCK_SEGMENT_TAP_MUX                                                                                                                                                                                        ;
;   2.136 ;   0.063 ; FR ; RE   ; 1      ; Vertical_seam_tap_mux_X226_Y105_N0_I4   ; CLOCK_SEGMENT_TAP_MUX                                                                                                                                                                                        ;
;   2.175 ;   0.039 ; RR ; RE   ; 2      ; Switchbox_clock_mux_X226_Y84_N0_I189    ; CLOCK_SEGMENT_MUX                                                                                                                                                                                            ;
;   2.379 ;   0.204 ; RR ; RE   ; 1      ; Switchbox_clock_mux_X226_Y84_N0_I8      ; CLOCK_SEGMENT_MUX                                                                                                                                                                                            ;
;   2.415 ;   0.036 ; RR ; RE   ; 1      ; Switchbox_clock_mux_X171_Y84_N0_I253    ; CLOCK_SEGMENT_MUX                                                                                                                                                                                            ;
;   2.611 ;   0.196 ; RR ; RE   ; 1      ; Switchbox_clock_mux_X171_Y84_N0_I8      ; CLOCK_SEGMENT_MUX                                                                                                                                                                                            ;
;   2.647 ;   0.036 ; RR ; RE   ; 2      ; Switchbox_clock_mux_X117_Y84_N0_I253    ; CLOCK_SEGMENT_MUX                                                                                                                                                                                            ;
;   2.732 ;   0.085 ; RR ; RE   ; 1      ; Switchbox_clock_mux_X117_Y84_N0_I11     ; CLOCK_SEGMENT_MUX                                                                                                                                                                                            ;
;   2.759 ;   0.027 ; RF ; RE   ; 1      ; Vertical_seam_tap_mux_X117_Y64_N0_I157  ; CLOCK_SEGMENT_TAP_MUX                                                                                                                                                                                        ;
;   2.820 ;   0.061 ; FR ; RE   ; 1      ; Vertical_seam_tap_mux_X117_Y64_N0_I4    ; CLOCK_SEGMENT_TAP_MUX                                                                                                                                                                                        ;
;   2.857 ;   0.037 ; RR ; RE   ; 2      ; Switchbox_clock_mux_X117_Y43_N0_I189    ; CLOCK_SEGMENT_MUX                                                                                                                                                                                            ;
;   3.054 ;   0.197 ; RR ; RE   ; 1      ; Switchbox_clock_mux_X117_Y43_N0_I10     ; CLOCK_SEGMENT_MUX                                                                                                                                                                                            ;
;   3.089 ;   0.035 ; RR ; RE   ; 2      ; Switchbox_clock_mux_X171_Y43_N0_I285    ; CLOCK_SEGMENT_MUX                                                                                                                                                                                            ;
;   3.174 ;   0.085 ; RR ; RE   ; 1      ; Switchbox_clock_mux_X171_Y43_N0_I11     ; CLOCK_SEGMENT_MUX                                                                                                                                                                                            ;
;   3.209 ;   0.035 ; RR ; RE   ; 2      ; Vertical_seam_tap_mux_X171_Y23_N0_I157  ; CLOCK_SEGMENT_TAP_MUX                                                                                                                                                                                        ;
;   3.298 ;   0.089 ; RR ; RE   ; 1      ; Vertical_seam_tap_mux_X171_Y23_N0_I69   ; CLOCK_SEGMENT_TAP_MUX                                                                                                                                                                                        ;
;   3.395 ;   0.097 ; RR ; RE   ; 1      ; SPINE_TAP_RE_X198_Y23_N103_I66          ; SPINE_TAP_RE                                                                                                                                                                                                 ;
;   3.455 ;   0.060 ; RR ; RE   ; 24     ; SPINE_TAP_RE_X198_Y23_N103_I2           ; SPINE_TAP_RE                                                                                                                                                                                                 ;
;   3.671 ;   0.216 ; RR ; RE   ; 2      ; SCLKMUX_RE_X198_Y3_N188_I2              ; SCLKMUX_RE                                                                                                                                                                                                   ;
;   3.681 ;   0.010 ; RR ; RE   ; 14     ; SCLKMUX_RE_X198_Y3_N188_I38             ; SCLKMUX_RE                                                                                                                                                                                                   ;
;   3.708 ;   0.027 ; RR ; RE   ; 1      ; ROWCLK_TAPOFF_X196_Y3_N0_I5             ; ROWCLK_TAPOFF                                                                                                                                                                                                ;
;   3.739 ;   0.031 ; RR ; RE   ; 1      ; GLOBAL_LOCAL_SEL_X196_Y3_N0_I3          ; GLOBAL_LOCAL_SEL                                                                                                                                                                                             ;
;   3.763 ;   0.024 ; RR ; RE   ; 1      ; RPII_X196_Y3_N0_I51                     ; RPII                                                                                                                                                                                                         ;
;   3.857 ;   0.094 ; RR ; RE   ; 1      ; RPI_X196_Y3_N0_I51                      ; RPI                                                                                                                                                                                                          ;
;   3.857 ;   0.000 ; RR ; RE   ; 1      ; IO96FSWRRE_X171_Y0_N0_I502              ; IO96FS_WR_RE                                                                                                                                                                                                 ;
;   3.857 ;   0.000 ; RR ; RE   ; 2      ; IO96COREINTFFSRE_X209_Y0_N0_I3939       ; IO96CORE_INTF_FS_RE                                                                                                                                                                                          ;
;   3.857 ;   0.000 ;    ; IC   ; 2      ; TILECTRL_X172_Y0_N298                   ; local_mem_wrapper|mem_ss_top|mem_ss_sv|mem_ss|mem_ss|emif_1|emif_1|arch|arch_inst|io_tiles_wrap_inst|io_tiles_inst|tile_gen[1].tile_ctrl_inst|pa_core_clk_in[0]                                              ;
+---------+---------+----+------+--------+-----------------------------------------+--------------------------------------------------------------------------------------------------------------------------------------------------------------------------------------------------------------+


