----------------
; Command Info ;
----------------
Report Path: Found 1 paths. Shortest delay is 3.458 

Tcl Command:
    report_path -show_routing -min_path -file /home/uwb_student00/ahls/new_BSP/qualification/fim-build-23/cpa-work21-46/reports/core_feedback-fall-minimum.rpt -fall_from [get_pins {{local_mem_wrapper|mem_ss_top|mem_ss_sv|mem_ss|mem_ss|emif_1|emif_1|arch|arch_inst|io_tiles_wrap_inst|io_tiles_inst|tile_gen[1].tile_ctrl_inst|pa_core_clk_out[0]}}] -fall_to [get_pins {{local_mem_wrapper|mem_ss_top|mem_ss_sv|mem_ss|mem_ss|emif_1|emif_1|arch|arch_inst|io_tiles_wrap_inst|io_tiles_inst|tile_gen[1].tile_ctrl_inst|pa_core_clk_in[0]}}] -npaths 1 -nworst 1

Options:
    -fall_from [get_pins {{local_mem_wrapper|mem_ss_top|mem_ss_sv|mem_ss|mem_ss|emif_1|emif_1|arch|arch_inst|io_tiles_wrap_inst|io_tiles_inst|tile_gen[1].tile_ctrl_inst|pa_core_clk_out[0]}}] 
    -fall_to [get_pins {{local_mem_wrapper|mem_ss_top|mem_ss_sv|mem_ss|mem_ss|emif_1|emif_1|arch|arch_inst|io_tiles_wrap_inst|io_tiles_inst|tile_gen[1].tile_ctrl_inst|pa_core_clk_in[0]}}] 
    -npaths 1 
    -nworst 1 
    -show_routing 
    -min_path 
    -file_name "/home/uwb_student00/ahls/new_BSP/qualification/fim-build-23/cpa-work21-46/reports/core_feedback-fall-minimum.rpt" 

Snapshot:
    final

Delay Model:
    Fast vid2 100C Model

+--------------------------------------------------------------------------------------------------------------------------------------------------------------------------------------------------------------------------------------------------------------------------------------------------------------------------------------------+
; Summary of Paths                                                                                                                                                                                                                                                                                                                           ;
+-------+------------------------------------------------------------------------------------------------------------------------------------------------------------------+-----------------------------------------------------------------------------------------------------------------------------------------------------------------+
; Delay ; From Node                                                                                                                                                        ; To Node                                                                                                                                                         ;
+-------+------------------------------------------------------------------------------------------------------------------------------------------------------------------+-----------------------------------------------------------------------------------------------------------------------------------------------------------------+
; 3.458 ; local_mem_wrapper|mem_ss_top|mem_ss_sv|mem_ss|mem_ss|emif_1|emif_1|arch|arch_inst|io_tiles_wrap_inst|io_tiles_inst|tile_gen[1].tile_ctrl_inst|pa_core_clk_out[0] ; local_mem_wrapper|mem_ss_top|mem_ss_sv|mem_ss|mem_ss|emif_1|emif_1|arch|arch_inst|io_tiles_wrap_inst|io_tiles_inst|tile_gen[1].tile_ctrl_inst|pa_core_clk_in[0] ;
+-------+------------------------------------------------------------------------------------------------------------------------------------------------------------------+-----------------------------------------------------------------------------------------------------------------------------------------------------------------+

Path #1: Delay is 3.458
===============================================================================
+----------------------------------------------------------------------------------------------------------------------------------------------------------------------------------------------------+
; Path Summary                                                                                                                                                                                       ;
+---------------------------------+------------------------------------------------------------------------------------------------------------------------------------------------------------------+
; Property                        ; Value                                                                                                                                                            ;
+---------------------------------+------------------------------------------------------------------------------------------------------------------------------------------------------------------+
; From Node                       ; local_mem_wrapper|mem_ss_top|mem_ss_sv|mem_ss|mem_ss|emif_1|emif_1|arch|arch_inst|io_tiles_wrap_inst|io_tiles_inst|tile_gen[1].tile_ctrl_inst|pa_core_clk_out[0] ;
; To Node                         ; local_mem_wrapper|mem_ss_top|mem_ss_sv|mem_ss|mem_ss|emif_1|emif_1|arch|arch_inst|io_tiles_wrap_inst|io_tiles_inst|tile_gen[1].tile_ctrl_inst|pa_core_clk_in[0]  ;
; Delay                           ; 3.458                                                                                                                                                            ;
; Worst-Case Operating Conditions ; Fast vid2 100C Model                                                                                                                                             ;
+---------------------------------+------------------------------------------------------------------------------------------------------------------------------------------------------------------+

+-----------------------------------------------------------------------------------+
; Statistics                                                                        ;
+------------------------+-------+-------+-------------+------------+-------+-------+
; Property               ; Value ; Count ; Total Delay ; % of Total ; Min   ; Max   ;
+------------------------+-------+-------+-------------+------------+-------+-------+
; Data Delay             ; 3.458 ;       ;             ;            ;       ;       ;
; Number of Logic Levels ;       ; 0     ;             ;            ;       ;       ;
; Physical Delays        ;       ;       ;             ;            ;       ;       ;
;  IC                    ;       ; 1     ; 0.000       ; 0          ; 0.000 ; 0.000 ;
;  Cell                  ;       ; 1     ; 0.485       ; 14         ; 0.485 ; 0.485 ;
;  Routing Element       ;       ; 55    ; 2.973       ; 86         ; 0.000 ; 0.188 ;
+------------------------+-------+-------+-------------+------------+-------+-------+
Note: Negative delays are omitted from totals when calculating percentages

+-------------------------------------------------------------------------------------------------------------------------------------------------------------------------------------------------------------------------------------------------------------------------------------------------+
; Data Arrival Path                                                                                                                                                                                                                                                                               ;
+---------+---------+----+------+--------+-----------------------------------------+--------------------------------------------------------------------------------------------------------------------------------------------------------------------------------------------------------------+
; Total   ; Incr    ; RF ; Type ; Fanout ; Location                                ; Element                                                                                                                                                                                                      ;
+---------+---------+----+------+--------+-----------------------------------------+--------------------------------------------------------------------------------------------------------------------------------------------------------------------------------------------------------------+
; 3.458   ; 3.458   ;    ;      ;        ;                                         ; data path                                                                                                                                                                                                    ;
;   0.000 ;   0.000 ;    ;      ; 1      ; TILECTRL_X172_Y0_N298                   ; local_mem_wrapper|mem_ss_top|mem_ss_sv|mem_ss|mem_ss|emif_1|emif_1|arch|arch_inst|io_tiles_wrap_inst|io_tiles_inst|tile_gen[1].tile_ctrl_inst|pa_core_clk_out[0]                                             ;
;   0.485 ;   0.485 ; FF ; CELL ; 15973  ; TILECTRL_X172_Y0_N298                   ; local_mem_wrapper|mem_ss_top|mem_ss_sv|mem_ss|mem_ss|emif_1|emif_1|arch|arch_inst|io_tiles_wrap_inst|io_tiles_inst|tile_gen[1].tile_ctrl_inst~fmio96fs_wr/m32_0_29__iophasealignment_to_dcm__core_clk_out[1] ;
;   0.485 ;   0.000 ; FF ; RE   ; 1      ; TILECTRL_X172_Y0_N298                   ; TILE_CTRL                                                                                                                                                                                                    ;
;   0.533 ;   0.048 ; FF ; RE   ; 1      ; IO96FSWRRE_X171_Y0_N0_I3537             ; IO96FS_WR_RE                                                                                                                                                                                                 ;
;   0.622 ;   0.089 ; FF ; RE   ; 1      ; DCM_mux_X198_Y2_N0_I27                  ; CC_DCM_GMUX_RE                                                                                                                                                                                               ;
;   0.673 ;   0.051 ; FF ; RE   ; 1      ; IO_P2C_RE_X226_Y2_N150_I179             ; IO_P2C_RE                                                                                                                                                                                                    ;
;   0.692 ;   0.019 ; FF ; RE   ; 1      ; IO_P2C_RE_X226_Y2_N150_I4               ; IO_P2C_RE                                                                                                                                                                                                    ;
;   0.723 ;   0.031 ; FF ; RE   ; 1      ; Switchbox_clock_mux_X226_Y2_N0_I219     ; CLOCK_SEGMENT_MUX                                                                                                                                                                                            ;
;   0.805 ;   0.082 ; FF ; RE   ; 1      ; Switchbox_clock_mux_X226_Y2_N0_I17      ; CLOCK_SEGMENT_MUX                                                                                                                                                                                            ;
;   0.826 ;   0.021 ; FR ; RE   ; 1      ; Vertical_seam_tap_mux_X226_Y23_N0_I187  ; CLOCK_SEGMENT_TAP_MUX                                                                                                                                                                                        ;
;   0.886 ;   0.060 ; RF ; RE   ; 1      ; Vertical_seam_tap_mux_X226_Y23_N0_I9    ; CLOCK_SEGMENT_TAP_MUX                                                                                                                                                                                        ;
;   0.916 ;   0.030 ; FF ; RE   ; 1      ; Switchbox_clock_mux_X226_Y43_N0_I219    ; CLOCK_SEGMENT_MUX                                                                                                                                                                                            ;
;   0.998 ;   0.082 ; FF ; RE   ; 1      ; Switchbox_clock_mux_X226_Y43_N0_I17     ; CLOCK_SEGMENT_MUX                                                                                                                                                                                            ;
;   1.019 ;   0.021 ; FR ; RE   ; 1      ; Vertical_seam_tap_mux_X226_Y64_N0_I187  ; CLOCK_SEGMENT_TAP_MUX                                                                                                                                                                                        ;
;   1.079 ;   0.060 ; RF ; RE   ; 1      ; Vertical_seam_tap_mux_X226_Y64_N0_I9    ; CLOCK_SEGMENT_TAP_MUX                                                                                                                                                                                        ;
;   1.109 ;   0.030 ; FF ; RE   ; 1      ; Switchbox_clock_mux_X226_Y84_N0_I219    ; CLOCK_SEGMENT_MUX                                                                                                                                                                                            ;
;   1.190 ;   0.081 ; FF ; RE   ; 1      ; Switchbox_clock_mux_X226_Y84_N0_I17     ; CLOCK_SEGMENT_MUX                                                                                                                                                                                            ;
;   1.210 ;   0.020 ; FR ; RE   ; 1      ; Vertical_seam_tap_mux_X226_Y105_N0_I187 ; CLOCK_SEGMENT_TAP_MUX                                                                                                                                                                                        ;
;   1.271 ;   0.061 ; RF ; RE   ; 1      ; Vertical_seam_tap_mux_X226_Y105_N0_I9   ; CLOCK_SEGMENT_TAP_MUX                                                                                                                                                                                        ;
;   1.302 ;   0.031 ; FF ; RE   ; 1      ; Switchbox_clock_mux_X226_Y125_N0_I219   ; CLOCK_SEGMENT_MUX                                                                                                                                                                                            ;
;   1.332 ;   0.030 ; FF ; RE   ; 1      ; Switchbox_clock_mux_X226_Y125_N0_I131   ; CLOCK_SEGMENT_MUX                                                                                                                                                                                            ;
;   1.413 ;   0.081 ; FF ; RE   ; 1      ; Switchbox_clock_mux_X226_Y125_N0_I13    ; CLOCK_SEGMENT_MUX                                                                                                                                                                                            ;
;   1.434 ;   0.021 ; FR ; RE   ; 1      ; Vertical_seam_tap_mux_X226_Y146_N0_I188 ; CLOCK_SEGMENT_TAP_MUX                                                                                                                                                                                        ;
;   1.494 ;   0.060 ; RF ; RE   ; 1      ; Vertical_seam_tap_mux_X226_Y146_N0_I7   ; CLOCK_SEGMENT_TAP_MUX                                                                                                                                                                                        ;
;   1.527 ;   0.033 ; FF ; RE   ; 1      ; Switchbox_clock_mux_X226_Y166_N0_I220   ; CLOCK_SEGMENT_MUX                                                                                                                                                                                            ;
;   1.558 ;   0.031 ; FF ; RE   ; 2      ; Switchbox_clock_mux_X226_Y166_N0_I130   ; CLOCK_SEGMENT_MUX                                                                                                                                                                                            ;
;   1.634 ;   0.076 ; FF ; RE   ; 1      ; Switchbox_clock_mux_X226_Y166_N0_I11    ; CLOCK_SEGMENT_MUX                                                                                                                                                                                            ;
;   1.654 ;   0.020 ; FR ; RE   ; 1      ; Vertical_seam_tap_mux_X226_Y146_N0_I157 ; CLOCK_SEGMENT_TAP_MUX                                                                                                                                                                                        ;
;   1.716 ;   0.062 ; RF ; RE   ; 1      ; Vertical_seam_tap_mux_X226_Y146_N0_I4   ; CLOCK_SEGMENT_TAP_MUX                                                                                                                                                                                        ;
;   1.749 ;   0.033 ; FF ; RE   ; 1      ; Switchbox_clock_mux_X226_Y125_N0_I189   ; CLOCK_SEGMENT_MUX                                                                                                                                                                                            ;
;   1.826 ;   0.077 ; FF ; RE   ; 1      ; Switchbox_clock_mux_X226_Y125_N0_I11    ; CLOCK_SEGMENT_MUX                                                                                                                                                                                            ;
;   1.846 ;   0.020 ; FR ; RE   ; 1      ; Vertical_seam_tap_mux_X226_Y105_N0_I157 ; CLOCK_SEGMENT_TAP_MUX                                                                                                                                                                                        ;
;   1.908 ;   0.062 ; RF ; RE   ; 1      ; Vertical_seam_tap_mux_X226_Y105_N0_I4   ; CLOCK_SEGMENT_TAP_MUX                                                                                                                                                                                        ;
;   1.941 ;   0.033 ; FF ; RE   ; 2      ; Switchbox_clock_mux_X226_Y84_N0_I189    ; CLOCK_SEGMENT_MUX                                                                                                                                                                                            ;
;   2.129 ;   0.188 ; FF ; RE   ; 1      ; Switchbox_clock_mux_X226_Y84_N0_I8      ; CLOCK_SEGMENT_MUX                                                                                                                                                                                            ;
;   2.159 ;   0.030 ; FF ; RE   ; 1      ; Switchbox_clock_mux_X171_Y84_N0_I253    ; CLOCK_SEGMENT_MUX                                                                                                                                                                                            ;
;   2.342 ;   0.183 ; FF ; RE   ; 1      ; Switchbox_clock_mux_X171_Y84_N0_I8      ; CLOCK_SEGMENT_MUX                                                                                                                                                                                            ;
;   2.374 ;   0.032 ; FF ; RE   ; 2      ; Switchbox_clock_mux_X117_Y84_N0_I253    ; CLOCK_SEGMENT_MUX                                                                                                                                                                                            ;
;   2.450 ;   0.076 ; FF ; RE   ; 1      ; Switchbox_clock_mux_X117_Y84_N0_I11     ; CLOCK_SEGMENT_MUX                                                                                                                                                                                            ;
;   2.470 ;   0.020 ; FR ; RE   ; 1      ; Vertical_seam_tap_mux_X117_Y64_N0_I157  ; CLOCK_SEGMENT_TAP_MUX                                                                                                                                                                                        ;
;   2.529 ;   0.059 ; RF ; RE   ; 1      ; Vertical_seam_tap_mux_X117_Y64_N0_I4    ; CLOCK_SEGMENT_TAP_MUX                                                                                                                                                                                        ;
;   2.562 ;   0.033 ; FF ; RE   ; 2      ; Switchbox_clock_mux_X117_Y43_N0_I189    ; CLOCK_SEGMENT_MUX                                                                                                                                                                                            ;
;   2.741 ;   0.179 ; FF ; RE   ; 1      ; Switchbox_clock_mux_X117_Y43_N0_I10     ; CLOCK_SEGMENT_MUX                                                                                                                                                                                            ;
;   2.771 ;   0.030 ; FF ; RE   ; 2      ; Switchbox_clock_mux_X171_Y43_N0_I285    ; CLOCK_SEGMENT_MUX                                                                                                                                                                                            ;
;   2.847 ;   0.076 ; FF ; RE   ; 1      ; Switchbox_clock_mux_X171_Y43_N0_I11     ; CLOCK_SEGMENT_MUX                                                                                                                                                                                            ;
;   2.877 ;   0.030 ; FF ; RE   ; 2      ; Vertical_seam_tap_mux_X171_Y23_N0_I157  ; CLOCK_SEGMENT_TAP_MUX                                                                                                                                                                                        ;
;   2.960 ;   0.083 ; FF ; RE   ; 1      ; Vertical_seam_tap_mux_X171_Y23_N0_I69   ; CLOCK_SEGMENT_TAP_MUX                                                                                                                                                                                        ;
;   3.045 ;   0.085 ; FF ; RE   ; 1      ; SPINE_TAP_RE_X198_Y23_N103_I66          ; SPINE_TAP_RE                                                                                                                                                                                                 ;
;   3.103 ;   0.058 ; FF ; RE   ; 24     ; SPINE_TAP_RE_X198_Y23_N103_I2           ; SPINE_TAP_RE                                                                                                                                                                                                 ;
;   3.290 ;   0.187 ; FF ; RE   ; 2      ; SCLKMUX_RE_X198_Y3_N188_I2              ; SCLKMUX_RE                                                                                                                                                                                                   ;
;   3.300 ;   0.010 ; FF ; RE   ; 14     ; SCLKMUX_RE_X198_Y3_N188_I38             ; SCLKMUX_RE                                                                                                                                                                                                   ;
;   3.328 ;   0.028 ; FF ; RE   ; 1      ; ROWCLK_TAPOFF_X196_Y3_N0_I5             ; ROWCLK_TAPOFF                                                                                                                                                                                                ;
;   3.356 ;   0.028 ; FF ; RE   ; 1      ; GLOBAL_LOCAL_SEL_X196_Y3_N0_I3          ; GLOBAL_LOCAL_SEL                                                                                                                                                                                             ;
;   3.373 ;   0.017 ; FF ; RE   ; 1      ; RPII_X196_Y3_N0_I51                     ; RPII                                                                                                                                                                                                         ;
;   3.458 ;   0.085 ; FF ; RE   ; 1      ; RPI_X196_Y3_N0_I51                      ; RPI                                                                                                                                                                                                          ;
;   3.458 ;   0.000 ; FF ; RE   ; 1      ; IO96FSWRRE_X171_Y0_N0_I502              ; IO96FS_WR_RE                                                                                                                                                                                                 ;
;   3.458 ;   0.000 ; FF ; RE   ; 2      ; IO96COREINTFFSRE_X209_Y0_N0_I3939       ; IO96CORE_INTF_FS_RE                                                                                                                                                                                          ;
;   3.458 ;   0.000 ;    ; IC   ; 2      ; TILECTRL_X172_Y0_N298                   ; local_mem_wrapper|mem_ss_top|mem_ss_sv|mem_ss|mem_ss|emif_1|emif_1|arch|arch_inst|io_tiles_wrap_inst|io_tiles_inst|tile_gen[1].tile_ctrl_inst|pa_core_clk_in[0]                                              ;
+---------+---------+----+------+--------+-----------------------------------------+--------------------------------------------------------------------------------------------------------------------------------------------------------------------------------------------------------------+


