----------------
; Command Info ;
----------------
Report Path: Found 1 paths. Longest delay is 3.834 

Tcl Command:
    report_path -show_routing -file /home/uwb_student00/ahls/new_BSP/qualification/fim-build-23/cpa-work21-46/reports/core_feedback-fall-maximum.rpt -fall_from [get_pins {{local_mem_wrapper|mem_ss_top|mem_ss_sv|mem_ss|mem_ss|emif_1|emif_1|arch|arch_inst|io_tiles_wrap_inst|io_tiles_inst|tile_gen[1].tile_ctrl_inst|pa_core_clk_out[0]}}] -fall_to [get_pins {{local_mem_wrapper|mem_ss_top|mem_ss_sv|mem_ss|mem_ss|emif_1|emif_1|arch|arch_inst|io_tiles_wrap_inst|io_tiles_inst|tile_gen[1].tile_ctrl_inst|pa_core_clk_in[0]}}] -npaths 1 -nworst 1

Options:
    -fall_from [get_pins {{local_mem_wrapper|mem_ss_top|mem_ss_sv|mem_ss|mem_ss|emif_1|emif_1|arch|arch_inst|io_tiles_wrap_inst|io_tiles_inst|tile_gen[1].tile_ctrl_inst|pa_core_clk_out[0]}}] 
    -fall_to [get_pins {{local_mem_wrapper|mem_ss_top|mem_ss_sv|mem_ss|mem_ss|emif_1|emif_1|arch|arch_inst|io_tiles_wrap_inst|io_tiles_inst|tile_gen[1].tile_ctrl_inst|pa_core_clk_in[0]}}] 
    -npaths 1 
    -nworst 1 
    -show_routing 
    -file_name "/home/uwb_student00/ahls/new_BSP/qualification/fim-build-23/cpa-work21-46/reports/core_feedback-fall-maximum.rpt" 

Snapshot:
    final

Delay Model:
    Fast vid2 100C Model

+--------------------------------------------------------------------------------------------------------------------------------------------------------------------------------------------------------------------------------------------------------------------------------------------------------------------------------------------+
; Summary of Paths                                                                                                                                                                                                                                                                                                                           ;
+-------+------------------------------------------------------------------------------------------------------------------------------------------------------------------+-----------------------------------------------------------------------------------------------------------------------------------------------------------------+
; Delay ; From Node                                                                                                                                                        ; To Node                                                                                                                                                         ;
+-------+------------------------------------------------------------------------------------------------------------------------------------------------------------------+-----------------------------------------------------------------------------------------------------------------------------------------------------------------+
; 3.834 ; local_mem_wrapper|mem_ss_top|mem_ss_sv|mem_ss|mem_ss|emif_1|emif_1|arch|arch_inst|io_tiles_wrap_inst|io_tiles_inst|tile_gen[1].tile_ctrl_inst|pa_core_clk_out[0] ; local_mem_wrapper|mem_ss_top|mem_ss_sv|mem_ss|mem_ss|emif_1|emif_1|arch|arch_inst|io_tiles_wrap_inst|io_tiles_inst|tile_gen[1].tile_ctrl_inst|pa_core_clk_in[0] ;
+-------+------------------------------------------------------------------------------------------------------------------------------------------------------------------+-----------------------------------------------------------------------------------------------------------------------------------------------------------------+

Path #1: Delay is 3.834
===============================================================================
+----------------------------------------------------------------------------------------------------------------------------------------------------------------------------------------------------+
; Path Summary                                                                                                                                                                                       ;
+---------------------------------+------------------------------------------------------------------------------------------------------------------------------------------------------------------+
; Property                        ; Value                                                                                                                                                            ;
+---------------------------------+------------------------------------------------------------------------------------------------------------------------------------------------------------------+
; From Node                       ; local_mem_wrapper|mem_ss_top|mem_ss_sv|mem_ss|mem_ss|emif_1|emif_1|arch|arch_inst|io_tiles_wrap_inst|io_tiles_inst|tile_gen[1].tile_ctrl_inst|pa_core_clk_out[0] ;
; To Node                         ; local_mem_wrapper|mem_ss_top|mem_ss_sv|mem_ss|mem_ss|emif_1|emif_1|arch|arch_inst|io_tiles_wrap_inst|io_tiles_inst|tile_gen[1].tile_ctrl_inst|pa_core_clk_in[0]  ;
; Delay                           ; 3.834                                                                                                                                                            ;
; Worst-Case Operating Conditions ; Fast vid2 100C Model                                                                                                                                             ;
+---------------------------------+------------------------------------------------------------------------------------------------------------------------------------------------------------------+

+-----------------------------------------------------------------------------------+
; Statistics                                                                        ;
+------------------------+-------+-------+-------------+------------+-------+-------+
; Property               ; Value ; Count ; Total Delay ; % of Total ; Min   ; Max   ;
+------------------------+-------+-------+-------------+------------+-------+-------+
; Data Delay             ; 3.834 ;       ;             ;            ;       ;       ;
; Number of Logic Levels ;       ; 0     ;             ;            ;       ;       ;
; Physical Delays        ;       ;       ;             ;            ;       ;       ;
;  IC                    ;       ; 1     ; 0.000       ; 0          ; 0.000 ; 0.000 ;
;  Cell                  ;       ; 1     ; 0.564       ; 15         ; 0.564 ; 0.564 ;
;  Routing Element       ;       ; 55    ; 3.270       ; 85         ; 0.000 ; 0.214 ;
+------------------------+-------+-------+-------------+------------+-------+-------+
Note: Negative delays are omitted from totals when calculating percentages

+-------------------------------------------------------------------------------------------------------------------------------------------------------------------------------------------------------------------------------------------------------------------------------------------------+
; Data Arrival Path                                                                                                                                                                                                                                                                               ;
+---------+---------+----+------+--------+-----------------------------------------+--------------------------------------------------------------------------------------------------------------------------------------------------------------------------------------------------------------+
; Total   ; Incr    ; RF ; Type ; Fanout ; Location                                ; Element                                                                                                                                                                                                      ;
+---------+---------+----+------+--------+-----------------------------------------+--------------------------------------------------------------------------------------------------------------------------------------------------------------------------------------------------------------+
; 3.834   ; 3.834   ;    ;      ;        ;                                         ; data path                                                                                                                                                                                                    ;
;   0.000 ;   0.000 ;    ;      ; 1      ; TILECTRL_X172_Y0_N298                   ; local_mem_wrapper|mem_ss_top|mem_ss_sv|mem_ss|mem_ss|emif_1|emif_1|arch|arch_inst|io_tiles_wrap_inst|io_tiles_inst|tile_gen[1].tile_ctrl_inst|pa_core_clk_out[0]                                             ;
;   0.564 ;   0.564 ; FF ; CELL ; 15973  ; TILECTRL_X172_Y0_N298                   ; local_mem_wrapper|mem_ss_top|mem_ss_sv|mem_ss|mem_ss|emif_1|emif_1|arch|arch_inst|io_tiles_wrap_inst|io_tiles_inst|tile_gen[1].tile_ctrl_inst~fmio96fs_wr/m32_0_29__iophasealignment_to_dcm__core_clk_out[1] ;
;   0.564 ;   0.000 ; FF ; RE   ; 1      ; TILECTRL_X172_Y0_N298                   ; TILE_CTRL                                                                                                                                                                                                    ;
;   0.618 ;   0.054 ; FF ; RE   ; 1      ; IO96FSWRRE_X171_Y0_N0_I3537             ; IO96FS_WR_RE                                                                                                                                                                                                 ;
;   0.714 ;   0.096 ; FF ; RE   ; 1      ; DCM_mux_X198_Y2_N0_I27                  ; CC_DCM_GMUX_RE                                                                                                                                                                                               ;
;   0.772 ;   0.058 ; FF ; RE   ; 1      ; IO_P2C_RE_X226_Y2_N150_I179             ; IO_P2C_RE                                                                                                                                                                                                    ;
;   0.792 ;   0.020 ; FF ; RE   ; 1      ; IO_P2C_RE_X226_Y2_N150_I4               ; IO_P2C_RE                                                                                                                                                                                                    ;
;   0.827 ;   0.035 ; FF ; RE   ; 1      ; Switchbox_clock_mux_X226_Y2_N0_I219     ; CLOCK_SEGMENT_MUX                                                                                                                                                                                            ;
;   0.916 ;   0.089 ; FF ; RE   ; 1      ; Switchbox_clock_mux_X226_Y2_N0_I17      ; CLOCK_SEGMENT_MUX                                                                                                                                                                                            ;
;   0.939 ;   0.023 ; FR ; RE   ; 1      ; Vertical_seam_tap_mux_X226_Y23_N0_I187  ; CLOCK_SEGMENT_TAP_MUX                                                                                                                                                                                        ;
;   1.004 ;   0.065 ; RF ; RE   ; 1      ; Vertical_seam_tap_mux_X226_Y23_N0_I9    ; CLOCK_SEGMENT_TAP_MUX                                                                                                                                                                                        ;
;   1.038 ;   0.034 ; FF ; RE   ; 1      ; Switchbox_clock_mux_X226_Y43_N0_I219    ; CLOCK_SEGMENT_MUX                                                                                                                                                                                            ;
;   1.127 ;   0.089 ; FF ; RE   ; 1      ; Switchbox_clock_mux_X226_Y43_N0_I17     ; CLOCK_SEGMENT_MUX                                                                                                                                                                                            ;
;   1.150 ;   0.023 ; FR ; RE   ; 1      ; Vertical_seam_tap_mux_X226_Y64_N0_I187  ; CLOCK_SEGMENT_TAP_MUX                                                                                                                                                                                        ;
;   1.215 ;   0.065 ; RF ; RE   ; 1      ; Vertical_seam_tap_mux_X226_Y64_N0_I9    ; CLOCK_SEGMENT_TAP_MUX                                                                                                                                                                                        ;
;   1.248 ;   0.033 ; FF ; RE   ; 1      ; Switchbox_clock_mux_X226_Y84_N0_I219    ; CLOCK_SEGMENT_MUX                                                                                                                                                                                            ;
;   1.336 ;   0.088 ; FF ; RE   ; 1      ; Switchbox_clock_mux_X226_Y84_N0_I17     ; CLOCK_SEGMENT_MUX                                                                                                                                                                                            ;
;   1.359 ;   0.023 ; FR ; RE   ; 1      ; Vertical_seam_tap_mux_X226_Y105_N0_I187 ; CLOCK_SEGMENT_TAP_MUX                                                                                                                                                                                        ;
;   1.424 ;   0.065 ; RF ; RE   ; 1      ; Vertical_seam_tap_mux_X226_Y105_N0_I9   ; CLOCK_SEGMENT_TAP_MUX                                                                                                                                                                                        ;
;   1.459 ;   0.035 ; FF ; RE   ; 1      ; Switchbox_clock_mux_X226_Y125_N0_I219   ; CLOCK_SEGMENT_MUX                                                                                                                                                                                            ;
;   1.494 ;   0.035 ; FF ; RE   ; 1      ; Switchbox_clock_mux_X226_Y125_N0_I131   ; CLOCK_SEGMENT_MUX                                                                                                                                                                                            ;
;   1.581 ;   0.087 ; FF ; RE   ; 1      ; Switchbox_clock_mux_X226_Y125_N0_I13    ; CLOCK_SEGMENT_MUX                                                                                                                                                                                            ;
;   1.604 ;   0.023 ; FR ; RE   ; 1      ; Vertical_seam_tap_mux_X226_Y146_N0_I188 ; CLOCK_SEGMENT_TAP_MUX                                                                                                                                                                                        ;
;   1.669 ;   0.065 ; RF ; RE   ; 1      ; Vertical_seam_tap_mux_X226_Y146_N0_I7   ; CLOCK_SEGMENT_TAP_MUX                                                                                                                                                                                        ;
;   1.706 ;   0.037 ; FF ; RE   ; 1      ; Switchbox_clock_mux_X226_Y166_N0_I220   ; CLOCK_SEGMENT_MUX                                                                                                                                                                                            ;
;   1.741 ;   0.035 ; FF ; RE   ; 2      ; Switchbox_clock_mux_X226_Y166_N0_I130   ; CLOCK_SEGMENT_MUX                                                                                                                                                                                            ;
;   1.823 ;   0.082 ; FF ; RE   ; 1      ; Switchbox_clock_mux_X226_Y166_N0_I11    ; CLOCK_SEGMENT_MUX                                                                                                                                                                                            ;
;   1.846 ;   0.023 ; FR ; RE   ; 1      ; Vertical_seam_tap_mux_X226_Y146_N0_I157 ; CLOCK_SEGMENT_TAP_MUX                                                                                                                                                                                        ;
;   1.913 ;   0.067 ; RF ; RE   ; 1      ; Vertical_seam_tap_mux_X226_Y146_N0_I4   ; CLOCK_SEGMENT_TAP_MUX                                                                                                                                                                                        ;
;   1.950 ;   0.037 ; FF ; RE   ; 1      ; Switchbox_clock_mux_X226_Y125_N0_I189   ; CLOCK_SEGMENT_MUX                                                                                                                                                                                            ;
;   2.032 ;   0.082 ; FF ; RE   ; 1      ; Switchbox_clock_mux_X226_Y125_N0_I11    ; CLOCK_SEGMENT_MUX                                                                                                                                                                                            ;
;   2.056 ;   0.024 ; FR ; RE   ; 1      ; Vertical_seam_tap_mux_X226_Y105_N0_I157 ; CLOCK_SEGMENT_TAP_MUX                                                                                                                                                                                        ;
;   2.122 ;   0.066 ; RF ; RE   ; 1      ; Vertical_seam_tap_mux_X226_Y105_N0_I4   ; CLOCK_SEGMENT_TAP_MUX                                                                                                                                                                                        ;
;   2.159 ;   0.037 ; FF ; RE   ; 2      ; Switchbox_clock_mux_X226_Y84_N0_I189    ; CLOCK_SEGMENT_MUX                                                                                                                                                                                            ;
;   2.362 ;   0.203 ; FF ; RE   ; 1      ; Switchbox_clock_mux_X226_Y84_N0_I8      ; CLOCK_SEGMENT_MUX                                                                                                                                                                                            ;
;   2.397 ;   0.035 ; FF ; RE   ; 1      ; Switchbox_clock_mux_X171_Y84_N0_I253    ; CLOCK_SEGMENT_MUX                                                                                                                                                                                            ;
;   2.595 ;   0.198 ; FF ; RE   ; 1      ; Switchbox_clock_mux_X171_Y84_N0_I8      ; CLOCK_SEGMENT_MUX                                                                                                                                                                                            ;
;   2.631 ;   0.036 ; FF ; RE   ; 2      ; Switchbox_clock_mux_X117_Y84_N0_I253    ; CLOCK_SEGMENT_MUX                                                                                                                                                                                            ;
;   2.713 ;   0.082 ; FF ; RE   ; 1      ; Switchbox_clock_mux_X117_Y84_N0_I11     ; CLOCK_SEGMENT_MUX                                                                                                                                                                                            ;
;   2.735 ;   0.022 ; FR ; RE   ; 1      ; Vertical_seam_tap_mux_X117_Y64_N0_I157  ; CLOCK_SEGMENT_TAP_MUX                                                                                                                                                                                        ;
;   2.800 ;   0.065 ; RF ; RE   ; 1      ; Vertical_seam_tap_mux_X117_Y64_N0_I4    ; CLOCK_SEGMENT_TAP_MUX                                                                                                                                                                                        ;
;   2.836 ;   0.036 ; FF ; RE   ; 2      ; Switchbox_clock_mux_X117_Y43_N0_I189    ; CLOCK_SEGMENT_MUX                                                                                                                                                                                            ;
;   3.030 ;   0.194 ; FF ; RE   ; 1      ; Switchbox_clock_mux_X117_Y43_N0_I10     ; CLOCK_SEGMENT_MUX                                                                                                                                                                                            ;
;   3.064 ;   0.034 ; FF ; RE   ; 2      ; Switchbox_clock_mux_X171_Y43_N0_I285    ; CLOCK_SEGMENT_MUX                                                                                                                                                                                            ;
;   3.146 ;   0.082 ; FF ; RE   ; 1      ; Switchbox_clock_mux_X171_Y43_N0_I11     ; CLOCK_SEGMENT_MUX                                                                                                                                                                                            ;
;   3.180 ;   0.034 ; FF ; RE   ; 2      ; Vertical_seam_tap_mux_X171_Y23_N0_I157  ; CLOCK_SEGMENT_TAP_MUX                                                                                                                                                                                        ;
;   3.270 ;   0.090 ; FF ; RE   ; 1      ; Vertical_seam_tap_mux_X171_Y23_N0_I69   ; CLOCK_SEGMENT_TAP_MUX                                                                                                                                                                                        ;
;   3.366 ;   0.096 ; FF ; RE   ; 1      ; SPINE_TAP_RE_X198_Y23_N103_I66          ; SPINE_TAP_RE                                                                                                                                                                                                 ;
;   3.427 ;   0.061 ; FF ; RE   ; 24     ; SPINE_TAP_RE_X198_Y23_N103_I2           ; SPINE_TAP_RE                                                                                                                                                                                                 ;
;   3.641 ;   0.214 ; FF ; RE   ; 2      ; SCLKMUX_RE_X198_Y3_N188_I2              ; SCLKMUX_RE                                                                                                                                                                                                   ;
;   3.652 ;   0.011 ; FF ; RE   ; 14     ; SCLKMUX_RE_X198_Y3_N188_I38             ; SCLKMUX_RE                                                                                                                                                                                                   ;
;   3.684 ;   0.032 ; FF ; RE   ; 1      ; ROWCLK_TAPOFF_X196_Y3_N0_I5             ; ROWCLK_TAPOFF                                                                                                                                                                                                ;
;   3.720 ;   0.036 ; FF ; RE   ; 1      ; GLOBAL_LOCAL_SEL_X196_Y3_N0_I3          ; GLOBAL_LOCAL_SEL                                                                                                                                                                                             ;
;   3.742 ;   0.022 ; FF ; RE   ; 1      ; RPII_X196_Y3_N0_I51                     ; RPII                                                                                                                                                                                                         ;
;   3.834 ;   0.092 ; FF ; RE   ; 1      ; RPI_X196_Y3_N0_I51                      ; RPI                                                                                                                                                                                                          ;
;   3.834 ;   0.000 ; FF ; RE   ; 1      ; IO96FSWRRE_X171_Y0_N0_I502              ; IO96FS_WR_RE                                                                                                                                                                                                 ;
;   3.834 ;   0.000 ; FF ; RE   ; 2      ; IO96COREINTFFSRE_X209_Y0_N0_I3939       ; IO96CORE_INTF_FS_RE                                                                                                                                                                                          ;
;   3.834 ;   0.000 ;    ; IC   ; 2      ; TILECTRL_X172_Y0_N298                   ; local_mem_wrapper|mem_ss_top|mem_ss_sv|mem_ss|mem_ss|emif_1|emif_1|arch|arch_inst|io_tiles_wrap_inst|io_tiles_inst|tile_gen[1].tile_ctrl_inst|pa_core_clk_in[0]                                              ;
+---------+---------+----+------+--------+-----------------------------------------+--------------------------------------------------------------------------------------------------------------------------------------------------------------------------------------------------------------+


