----------------
; Command Info ;
----------------
Report Path: Found 1 paths. Shortest delay is 3.479 

Tcl Command:
    report_path -show_routing -min_path -file /home/uwb_student00/ahls/new_BSP/qualification/fim-build-23/cpa-work21-46/reports/core_feedback-rise-minimum.rpt -rise_from [get_pins {{local_mem_wrapper|mem_ss_top|mem_ss_sv|mem_ss|mem_ss|emif_1|emif_1|arch|arch_inst|io_tiles_wrap_inst|io_tiles_inst|tile_gen[1].tile_ctrl_inst|pa_core_clk_out[0]}}] -rise_to [get_pins {{local_mem_wrapper|mem_ss_top|mem_ss_sv|mem_ss|mem_ss|emif_1|emif_1|arch|arch_inst|io_tiles_wrap_inst|io_tiles_inst|tile_gen[1].tile_ctrl_inst|pa_core_clk_in[0]}}] -npaths 1 -nworst 1

Options:
    -rise_from [get_pins {{local_mem_wrapper|mem_ss_top|mem_ss_sv|mem_ss|mem_ss|emif_1|emif_1|arch|arch_inst|io_tiles_wrap_inst|io_tiles_inst|tile_gen[1].tile_ctrl_inst|pa_core_clk_out[0]}}] 
    -rise_to [get_pins {{local_mem_wrapper|mem_ss_top|mem_ss_sv|mem_ss|mem_ss|emif_1|emif_1|arch|arch_inst|io_tiles_wrap_inst|io_tiles_inst|tile_gen[1].tile_ctrl_inst|pa_core_clk_in[0]}}] 
    -npaths 1 
    -nworst 1 
    -show_routing 
    -min_path 
    -file_name "/home/uwb_student00/ahls/new_BSP/qualification/fim-build-23/cpa-work21-46/reports/core_feedback-rise-minimum.rpt" 

Snapshot:
    final

Delay Model:
    Fast vid2 100C Model

+--------------------------------------------------------------------------------------------------------------------------------------------------------------------------------------------------------------------------------------------------------------------------------------------------------------------------------------------+
; Summary of Paths                                                                                                                                                                                                                                                                                                                           ;
+-------+------------------------------------------------------------------------------------------------------------------------------------------------------------------+-----------------------------------------------------------------------------------------------------------------------------------------------------------------+
; Delay ; From Node                                                                                                                                                        ; To Node                                                                                                                                                         ;
+-------+------------------------------------------------------------------------------------------------------------------------------------------------------------------+-----------------------------------------------------------------------------------------------------------------------------------------------------------------+
; 3.479 ; local_mem_wrapper|mem_ss_top|mem_ss_sv|mem_ss|mem_ss|emif_1|emif_1|arch|arch_inst|io_tiles_wrap_inst|io_tiles_inst|tile_gen[1].tile_ctrl_inst|pa_core_clk_out[0] ; local_mem_wrapper|mem_ss_top|mem_ss_sv|mem_ss|mem_ss|emif_1|emif_1|arch|arch_inst|io_tiles_wrap_inst|io_tiles_inst|tile_gen[1].tile_ctrl_inst|pa_core_clk_in[0] ;
+-------+------------------------------------------------------------------------------------------------------------------------------------------------------------------+-----------------------------------------------------------------------------------------------------------------------------------------------------------------+

Path #1: Delay is 3.479
===============================================================================
+----------------------------------------------------------------------------------------------------------------------------------------------------------------------------------------------------+
; Path Summary                                                                                                                                                                                       ;
+---------------------------------+------------------------------------------------------------------------------------------------------------------------------------------------------------------+
; Property                        ; Value                                                                                                                                                            ;
+---------------------------------+------------------------------------------------------------------------------------------------------------------------------------------------------------------+
; From Node                       ; local_mem_wrapper|mem_ss_top|mem_ss_sv|mem_ss|mem_ss|emif_1|emif_1|arch|arch_inst|io_tiles_wrap_inst|io_tiles_inst|tile_gen[1].tile_ctrl_inst|pa_core_clk_out[0] ;
; To Node                         ; local_mem_wrapper|mem_ss_top|mem_ss_sv|mem_ss|mem_ss|emif_1|emif_1|arch|arch_inst|io_tiles_wrap_inst|io_tiles_inst|tile_gen[1].tile_ctrl_inst|pa_core_clk_in[0]  ;
; Delay                           ; 3.479                                                                                                                                                            ;
; Worst-Case Operating Conditions ; Fast vid2 100C Model                                                                                                                                             ;
+---------------------------------+------------------------------------------------------------------------------------------------------------------------------------------------------------------+

+-----------------------------------------------------------------------------------+
; Statistics                                                                        ;
+------------------------+-------+-------+-------------+------------+-------+-------+
; Property               ; Value ; Count ; Total Delay ; % of Total ; Min   ; Max   ;
+------------------------+-------+-------+-------------+------------+-------+-------+
; Data Delay             ; 3.479 ;       ;             ;            ;       ;       ;
; Number of Logic Levels ;       ; 0     ;             ;            ;       ;       ;
; Physical Delays        ;       ;       ;             ;            ;       ;       ;
;  IC                    ;       ; 1     ; 0.000       ; 0          ; 0.000 ; 0.000 ;
;  Cell                  ;       ; 1     ; 0.488       ; 14         ; 0.488 ; 0.488 ;
;  Routing Element       ;       ; 55    ; 2.991       ; 86         ; 0.000 ; 0.189 ;
+------------------------+-------+-------+-------------+------------+-------+-------+
Note: Negative delays are omitted from totals when calculating percentages

+-------------------------------------------------------------------------------------------------------------------------------------------------------------------------------------------------------------------------------------------------------------------------------------------------+
; Data Arrival Path                                                                                                                                                                                                                                                                               ;
+---------+---------+----+------+--------+-----------------------------------------+--------------------------------------------------------------------------------------------------------------------------------------------------------------------------------------------------------------+
; Total   ; Incr    ; RF ; Type ; Fanout ; Location                                ; Element                                                                                                                                                                                                      ;
+---------+---------+----+------+--------+-----------------------------------------+--------------------------------------------------------------------------------------------------------------------------------------------------------------------------------------------------------------+
; 3.479   ; 3.479   ;    ;      ;        ;                                         ; data path                                                                                                                                                                                                    ;
;   0.000 ;   0.000 ;    ;      ; 1      ; TILECTRL_X172_Y0_N298                   ; local_mem_wrapper|mem_ss_top|mem_ss_sv|mem_ss|mem_ss|emif_1|emif_1|arch|arch_inst|io_tiles_wrap_inst|io_tiles_inst|tile_gen[1].tile_ctrl_inst|pa_core_clk_out[0]                                             ;
;   0.488 ;   0.488 ; RR ; CELL ; 15973  ; TILECTRL_X172_Y0_N298                   ; local_mem_wrapper|mem_ss_top|mem_ss_sv|mem_ss|mem_ss|emif_1|emif_1|arch|arch_inst|io_tiles_wrap_inst|io_tiles_inst|tile_gen[1].tile_ctrl_inst~fmio96fs_wr/m32_0_29__iophasealignment_to_dcm__core_clk_out[1] ;
;   0.488 ;   0.000 ; RR ; RE   ; 1      ; TILECTRL_X172_Y0_N298                   ; TILE_CTRL                                                                                                                                                                                                    ;
;   0.537 ;   0.049 ; RR ; RE   ; 1      ; IO96FSWRRE_X171_Y0_N0_I3537             ; IO96FS_WR_RE                                                                                                                                                                                                 ;
;   0.624 ;   0.087 ; RR ; RE   ; 1      ; DCM_mux_X198_Y2_N0_I27                  ; CC_DCM_GMUX_RE                                                                                                                                                                                               ;
;   0.675 ;   0.051 ; RR ; RE   ; 1      ; IO_P2C_RE_X226_Y2_N150_I179             ; IO_P2C_RE                                                                                                                                                                                                    ;
;   0.695 ;   0.020 ; RR ; RE   ; 1      ; IO_P2C_RE_X226_Y2_N150_I4               ; IO_P2C_RE                                                                                                                                                                                                    ;
;   0.727 ;   0.032 ; RR ; RE   ; 1      ; Switchbox_clock_mux_X226_Y2_N0_I219     ; CLOCK_SEGMENT_MUX                                                                                                                                                                                            ;
;   0.812 ;   0.085 ; RR ; RE   ; 1      ; Switchbox_clock_mux_X226_Y2_N0_I17      ; CLOCK_SEGMENT_MUX                                                                                                                                                                                            ;
;   0.837 ;   0.025 ; RF ; RE   ; 1      ; Vertical_seam_tap_mux_X226_Y23_N0_I187  ; CLOCK_SEGMENT_TAP_MUX                                                                                                                                                                                        ;
;   0.893 ;   0.056 ; FR ; RE   ; 1      ; Vertical_seam_tap_mux_X226_Y23_N0_I9    ; CLOCK_SEGMENT_TAP_MUX                                                                                                                                                                                        ;
;   0.924 ;   0.031 ; RR ; RE   ; 1      ; Switchbox_clock_mux_X226_Y43_N0_I219    ; CLOCK_SEGMENT_MUX                                                                                                                                                                                            ;
;   1.009 ;   0.085 ; RR ; RE   ; 1      ; Switchbox_clock_mux_X226_Y43_N0_I17     ; CLOCK_SEGMENT_MUX                                                                                                                                                                                            ;
;   1.033 ;   0.024 ; RF ; RE   ; 1      ; Vertical_seam_tap_mux_X226_Y64_N0_I187  ; CLOCK_SEGMENT_TAP_MUX                                                                                                                                                                                        ;
;   1.090 ;   0.057 ; FR ; RE   ; 1      ; Vertical_seam_tap_mux_X226_Y64_N0_I9    ; CLOCK_SEGMENT_TAP_MUX                                                                                                                                                                                        ;
;   1.121 ;   0.031 ; RR ; RE   ; 1      ; Switchbox_clock_mux_X226_Y84_N0_I219    ; CLOCK_SEGMENT_MUX                                                                                                                                                                                            ;
;   1.200 ;   0.079 ; RR ; RE   ; 1      ; Switchbox_clock_mux_X226_Y84_N0_I17     ; CLOCK_SEGMENT_MUX                                                                                                                                                                                            ;
;   1.225 ;   0.025 ; RF ; RE   ; 1      ; Vertical_seam_tap_mux_X226_Y105_N0_I187 ; CLOCK_SEGMENT_TAP_MUX                                                                                                                                                                                        ;
;   1.282 ;   0.057 ; FR ; RE   ; 1      ; Vertical_seam_tap_mux_X226_Y105_N0_I9   ; CLOCK_SEGMENT_TAP_MUX                                                                                                                                                                                        ;
;   1.311 ;   0.029 ; RR ; RE   ; 1      ; Switchbox_clock_mux_X226_Y125_N0_I219   ; CLOCK_SEGMENT_MUX                                                                                                                                                                                            ;
;   1.341 ;   0.030 ; RR ; RE   ; 1      ; Switchbox_clock_mux_X226_Y125_N0_I131   ; CLOCK_SEGMENT_MUX                                                                                                                                                                                            ;
;   1.420 ;   0.079 ; RR ; RE   ; 1      ; Switchbox_clock_mux_X226_Y125_N0_I13    ; CLOCK_SEGMENT_MUX                                                                                                                                                                                            ;
;   1.445 ;   0.025 ; RF ; RE   ; 1      ; Vertical_seam_tap_mux_X226_Y146_N0_I188 ; CLOCK_SEGMENT_TAP_MUX                                                                                                                                                                                        ;
;   1.502 ;   0.057 ; FR ; RE   ; 1      ; Vertical_seam_tap_mux_X226_Y146_N0_I7   ; CLOCK_SEGMENT_TAP_MUX                                                                                                                                                                                        ;
;   1.534 ;   0.032 ; RR ; RE   ; 1      ; Switchbox_clock_mux_X226_Y166_N0_I220   ; CLOCK_SEGMENT_MUX                                                                                                                                                                                            ;
;   1.563 ;   0.029 ; RR ; RE   ; 2      ; Switchbox_clock_mux_X226_Y166_N0_I130   ; CLOCK_SEGMENT_MUX                                                                                                                                                                                            ;
;   1.642 ;   0.079 ; RR ; RE   ; 1      ; Switchbox_clock_mux_X226_Y166_N0_I11    ; CLOCK_SEGMENT_MUX                                                                                                                                                                                            ;
;   1.666 ;   0.024 ; RF ; RE   ; 1      ; Vertical_seam_tap_mux_X226_Y146_N0_I157 ; CLOCK_SEGMENT_TAP_MUX                                                                                                                                                                                        ;
;   1.725 ;   0.059 ; FR ; RE   ; 1      ; Vertical_seam_tap_mux_X226_Y146_N0_I4   ; CLOCK_SEGMENT_TAP_MUX                                                                                                                                                                                        ;
;   1.759 ;   0.034 ; RR ; RE   ; 1      ; Switchbox_clock_mux_X226_Y125_N0_I189   ; CLOCK_SEGMENT_MUX                                                                                                                                                                                            ;
;   1.838 ;   0.079 ; RR ; RE   ; 1      ; Switchbox_clock_mux_X226_Y125_N0_I11    ; CLOCK_SEGMENT_MUX                                                                                                                                                                                            ;
;   1.862 ;   0.024 ; RF ; RE   ; 1      ; Vertical_seam_tap_mux_X226_Y105_N0_I157 ; CLOCK_SEGMENT_TAP_MUX                                                                                                                                                                                        ;
;   1.921 ;   0.059 ; FR ; RE   ; 1      ; Vertical_seam_tap_mux_X226_Y105_N0_I4   ; CLOCK_SEGMENT_TAP_MUX                                                                                                                                                                                        ;
;   1.955 ;   0.034 ; RR ; RE   ; 2      ; Switchbox_clock_mux_X226_Y84_N0_I189    ; CLOCK_SEGMENT_MUX                                                                                                                                                                                            ;
;   2.144 ;   0.189 ; RR ; RE   ; 1      ; Switchbox_clock_mux_X226_Y84_N0_I8      ; CLOCK_SEGMENT_MUX                                                                                                                                                                                            ;
;   2.176 ;   0.032 ; RR ; RE   ; 1      ; Switchbox_clock_mux_X171_Y84_N0_I253    ; CLOCK_SEGMENT_MUX                                                                                                                                                                                            ;
;   2.357 ;   0.181 ; RR ; RE   ; 1      ; Switchbox_clock_mux_X171_Y84_N0_I8      ; CLOCK_SEGMENT_MUX                                                                                                                                                                                            ;
;   2.389 ;   0.032 ; RR ; RE   ; 2      ; Switchbox_clock_mux_X117_Y84_N0_I253    ; CLOCK_SEGMENT_MUX                                                                                                                                                                                            ;
;   2.468 ;   0.079 ; RR ; RE   ; 1      ; Switchbox_clock_mux_X117_Y84_N0_I11     ; CLOCK_SEGMENT_MUX                                                                                                                                                                                            ;
;   2.491 ;   0.023 ; RF ; RE   ; 1      ; Vertical_seam_tap_mux_X117_Y64_N0_I157  ; CLOCK_SEGMENT_TAP_MUX                                                                                                                                                                                        ;
;   2.548 ;   0.057 ; FR ; RE   ; 1      ; Vertical_seam_tap_mux_X117_Y64_N0_I4    ; CLOCK_SEGMENT_TAP_MUX                                                                                                                                                                                        ;
;   2.581 ;   0.033 ; RR ; RE   ; 2      ; Switchbox_clock_mux_X117_Y43_N0_I189    ; CLOCK_SEGMENT_MUX                                                                                                                                                                                            ;
;   2.762 ;   0.181 ; RR ; RE   ; 1      ; Switchbox_clock_mux_X117_Y43_N0_I10     ; CLOCK_SEGMENT_MUX                                                                                                                                                                                            ;
;   2.794 ;   0.032 ; RR ; RE   ; 2      ; Switchbox_clock_mux_X171_Y43_N0_I285    ; CLOCK_SEGMENT_MUX                                                                                                                                                                                            ;
;   2.872 ;   0.078 ; RR ; RE   ; 1      ; Switchbox_clock_mux_X171_Y43_N0_I11     ; CLOCK_SEGMENT_MUX                                                                                                                                                                                            ;
;   2.903 ;   0.031 ; RR ; RE   ; 2      ; Vertical_seam_tap_mux_X171_Y23_N0_I157  ; CLOCK_SEGMENT_TAP_MUX                                                                                                                                                                                        ;
;   2.985 ;   0.082 ; RR ; RE   ; 1      ; Vertical_seam_tap_mux_X171_Y23_N0_I69   ; CLOCK_SEGMENT_TAP_MUX                                                                                                                                                                                        ;
;   3.070 ;   0.085 ; RR ; RE   ; 1      ; SPINE_TAP_RE_X198_Y23_N103_I66          ; SPINE_TAP_RE                                                                                                                                                                                                 ;
;   3.128 ;   0.058 ; RR ; RE   ; 24     ; SPINE_TAP_RE_X198_Y23_N103_I2           ; SPINE_TAP_RE                                                                                                                                                                                                 ;
;   3.316 ;   0.188 ; RR ; RE   ; 2      ; SCLKMUX_RE_X198_Y3_N188_I2              ; SCLKMUX_RE                                                                                                                                                                                                   ;
;   3.326 ;   0.010 ; RR ; RE   ; 14     ; SCLKMUX_RE_X198_Y3_N188_I38             ; SCLKMUX_RE                                                                                                                                                                                                   ;
;   3.350 ;   0.024 ; RR ; RE   ; 1      ; ROWCLK_TAPOFF_X196_Y3_N0_I5             ; ROWCLK_TAPOFF                                                                                                                                                                                                ;
;   3.373 ;   0.023 ; RR ; RE   ; 1      ; GLOBAL_LOCAL_SEL_X196_Y3_N0_I3          ; GLOBAL_LOCAL_SEL                                                                                                                                                                                             ;
;   3.394 ;   0.021 ; RR ; RE   ; 1      ; RPII_X196_Y3_N0_I51                     ; RPII                                                                                                                                                                                                         ;
;   3.479 ;   0.085 ; RR ; RE   ; 1      ; RPI_X196_Y3_N0_I51                      ; RPI                                                                                                                                                                                                          ;
;   3.479 ;   0.000 ; RR ; RE   ; 1      ; IO96FSWRRE_X171_Y0_N0_I502              ; IO96FS_WR_RE                                                                                                                                                                                                 ;
;   3.479 ;   0.000 ; RR ; RE   ; 2      ; IO96COREINTFFSRE_X209_Y0_N0_I3939       ; IO96CORE_INTF_FS_RE                                                                                                                                                                                          ;
;   3.479 ;   0.000 ;    ; IC   ; 2      ; TILECTRL_X172_Y0_N298                   ; local_mem_wrapper|mem_ss_top|mem_ss_sv|mem_ss|mem_ss|emif_1|emif_1|arch|arch_inst|io_tiles_wrap_inst|io_tiles_inst|tile_gen[1].tile_ctrl_inst|pa_core_clk_in[0]                                              ;
+---------+---------+----+------+--------+-----------------------------------------+--------------------------------------------------------------------------------------------------------------------------------------------------------------------------------------------------------------+


