----------------
; Command Info ;
----------------
Report Path: Found 1 paths. Longest delay is 3.853 

Tcl Command:
    report_path -show_routing -file /home/uwb_student00/ahls/new_BSP/qualification/fim-build-23/cpa-feedback41/reports/core_feedback-rise-maximum.rpt -rise_from [get_pins {{local_mem_wrapper|mem_ss_top|mem_ss_sv|mem_ss|mem_ss|emif_1|emif_1|arch|arch_inst|io_tiles_wrap_inst|io_tiles_inst|tile_gen[1].tile_ctrl_inst|pa_core_clk_out[0]}}] -rise_to [get_pins {{local_mem_wrapper|mem_ss_top|mem_ss_sv|mem_ss|mem_ss|emif_1|emif_1|arch|arch_inst|io_tiles_wrap_inst|io_tiles_inst|tile_gen[1].tile_ctrl_inst|pa_core_clk_in[0]}}] -npaths 1 -nworst 1

Options:
    -rise_from [get_pins {{local_mem_wrapper|mem_ss_top|mem_ss_sv|mem_ss|mem_ss|emif_1|emif_1|arch|arch_inst|io_tiles_wrap_inst|io_tiles_inst|tile_gen[1].tile_ctrl_inst|pa_core_clk_out[0]}}] 
    -rise_to [get_pins {{local_mem_wrapper|mem_ss_top|mem_ss_sv|mem_ss|mem_ss|emif_1|emif_1|arch|arch_inst|io_tiles_wrap_inst|io_tiles_inst|tile_gen[1].tile_ctrl_inst|pa_core_clk_in[0]}}] 
    -npaths 1 
    -nworst 1 
    -show_routing 
    -file_name "/home/uwb_student00/ahls/new_BSP/qualification/fim-build-23/cpa-feedback41/reports/core_feedback-rise-maximum.rpt" 

Snapshot:
    final

Delay Model:
    Fast vid2 100C Model

+--------------------------------------------------------------------------------------------------------------------------------------------------------------------------------------------------------------------------------------------------------------------------------------------------------------------------------------------+
; Summary of Paths                                                                                                                                                                                                                                                                                                                           ;
+-------+------------------------------------------------------------------------------------------------------------------------------------------------------------------+-----------------------------------------------------------------------------------------------------------------------------------------------------------------+
; Delay ; From Node                                                                                                                                                        ; To Node                                                                                                                                                         ;
+-------+------------------------------------------------------------------------------------------------------------------------------------------------------------------+-----------------------------------------------------------------------------------------------------------------------------------------------------------------+
; 3.853 ; local_mem_wrapper|mem_ss_top|mem_ss_sv|mem_ss|mem_ss|emif_1|emif_1|arch|arch_inst|io_tiles_wrap_inst|io_tiles_inst|tile_gen[1].tile_ctrl_inst|pa_core_clk_out[0] ; local_mem_wrapper|mem_ss_top|mem_ss_sv|mem_ss|mem_ss|emif_1|emif_1|arch|arch_inst|io_tiles_wrap_inst|io_tiles_inst|tile_gen[1].tile_ctrl_inst|pa_core_clk_in[0] ;
+-------+------------------------------------------------------------------------------------------------------------------------------------------------------------------+-----------------------------------------------------------------------------------------------------------------------------------------------------------------+

Path #1: Delay is 3.853
===============================================================================
+----------------------------------------------------------------------------------------------------------------------------------------------------------------------------------------------------+
; Path Summary                                                                                                                                                                                       ;
+---------------------------------+------------------------------------------------------------------------------------------------------------------------------------------------------------------+
; Property                        ; Value                                                                                                                                                            ;
+---------------------------------+------------------------------------------------------------------------------------------------------------------------------------------------------------------+
; From Node                       ; local_mem_wrapper|mem_ss_top|mem_ss_sv|mem_ss|mem_ss|emif_1|emif_1|arch|arch_inst|io_tiles_wrap_inst|io_tiles_inst|tile_gen[1].tile_ctrl_inst|pa_core_clk_out[0] ;
; To Node                         ; local_mem_wrapper|mem_ss_top|mem_ss_sv|mem_ss|mem_ss|emif_1|emif_1|arch|arch_inst|io_tiles_wrap_inst|io_tiles_inst|tile_gen[1].tile_ctrl_inst|pa_core_clk_in[0]  ;
; Delay                           ; 3.853                                                                                                                                                            ;
; Worst-Case Operating Conditions ; Fast vid2 100C Model                                                                                                                                             ;
+---------------------------------+------------------------------------------------------------------------------------------------------------------------------------------------------------------+

+-----------------------------------------------------------------------------------+
; Statistics                                                                        ;
+------------------------+-------+-------+-------------+------------+-------+-------+
; Property               ; Value ; Count ; Total Delay ; % of Total ; Min   ; Max   ;
+------------------------+-------+-------+-------------+------------+-------+-------+
; Data Delay             ; 3.853 ;       ;             ;            ;       ;       ;
; Number of Logic Levels ;       ; 0     ;             ;            ;       ;       ;
; Physical Delays        ;       ;       ;             ;            ;       ;       ;
;  IC                    ;       ; 1     ; 0.000       ; 0          ; 0.000 ; 0.000 ;
;  Cell                  ;       ; 1     ; 0.567       ; 15         ; 0.567 ; 0.567 ;
;  Routing Element       ;       ; 54    ; 3.286       ; 85         ; 0.000 ; 0.217 ;
+------------------------+-------+-------+-------------+------------+-------+-------+
Note: Negative delays are omitted from totals when calculating percentages

+-------------------------------------------------------------------------------------------------------------------------------------------------------------------------------------------------------------------------------------------------------------------------------------------------+
; Data Arrival Path                                                                                                                                                                                                                                                                               ;
+---------+---------+----+------+--------+-----------------------------------------+--------------------------------------------------------------------------------------------------------------------------------------------------------------------------------------------------------------+
; Total   ; Incr    ; RF ; Type ; Fanout ; Location                                ; Element                                                                                                                                                                                                      ;
+---------+---------+----+------+--------+-----------------------------------------+--------------------------------------------------------------------------------------------------------------------------------------------------------------------------------------------------------------+
; 3.853   ; 3.853   ;    ;      ;        ;                                         ; data path                                                                                                                                                                                                    ;
;   0.000 ;   0.000 ;    ;      ; 1      ; TILECTRL_X172_Y0_N298                   ; local_mem_wrapper|mem_ss_top|mem_ss_sv|mem_ss|mem_ss|emif_1|emif_1|arch|arch_inst|io_tiles_wrap_inst|io_tiles_inst|tile_gen[1].tile_ctrl_inst|pa_core_clk_out[0]                                             ;
;   0.567 ;   0.567 ; RR ; CELL ; 15967  ; TILECTRL_X172_Y0_N298                   ; local_mem_wrapper|mem_ss_top|mem_ss_sv|mem_ss|mem_ss|emif_1|emif_1|arch|arch_inst|io_tiles_wrap_inst|io_tiles_inst|tile_gen[1].tile_ctrl_inst~fmio96fs_wr/m32_0_29__iophasealignment_to_dcm__core_clk_out[1] ;
;   0.567 ;   0.000 ; RR ; RE   ; 1      ; TILECTRL_X172_Y0_N298                   ; TILE_CTRL                                                                                                                                                                                                    ;
;   0.622 ;   0.055 ; RR ; RE   ; 1      ; IO96FSWRRE_X171_Y0_N0_I3537             ; IO96FS_WR_RE                                                                                                                                                                                                 ;
;   0.720 ;   0.098 ; RR ; RE   ; 1      ; DCM_mux_X198_Y2_N0_I29                  ; CC_DCM_GMUX_RE                                                                                                                                                                                               ;
;   0.778 ;   0.058 ; RR ; RE   ; 1      ; IO_P2C_RE_X171_Y2_N150_I171             ; IO_P2C_RE                                                                                                                                                                                                    ;
;   0.818 ;   0.040 ; RR ; RE   ; 1      ; IO_P2C_RE_X171_Y2_N150_I2               ; IO_P2C_RE                                                                                                                                                                                                    ;
;   0.859 ;   0.041 ; RR ; RE   ; 1      ; Switchbox_clock_mux_X171_Y2_N0_I221     ; CLOCK_SEGMENT_MUX                                                                                                                                                                                            ;
;   0.950 ;   0.091 ; RR ; RE   ; 1      ; Switchbox_clock_mux_X171_Y2_N0_I9       ; CLOCK_SEGMENT_MUX                                                                                                                                                                                            ;
;   0.978 ;   0.028 ; RF ; RE   ; 1      ; Vertical_seam_tap_mux_X171_Y23_N0_I189  ; CLOCK_SEGMENT_TAP_MUX                                                                                                                                                                                        ;
;   1.039 ;   0.061 ; FR ; RE   ; 1      ; Vertical_seam_tap_mux_X171_Y23_N0_I5    ; CLOCK_SEGMENT_TAP_MUX                                                                                                                                                                                        ;
;   1.074 ;   0.035 ; RR ; RE   ; 1      ; Switchbox_clock_mux_X171_Y43_N0_I221    ; CLOCK_SEGMENT_MUX                                                                                                                                                                                            ;
;   1.165 ;   0.091 ; RR ; RE   ; 1      ; Switchbox_clock_mux_X171_Y43_N0_I9      ; CLOCK_SEGMENT_MUX                                                                                                                                                                                            ;
;   1.193 ;   0.028 ; RF ; RE   ; 1      ; Vertical_seam_tap_mux_X171_Y64_N0_I189  ; CLOCK_SEGMENT_TAP_MUX                                                                                                                                                                                        ;
;   1.255 ;   0.062 ; FR ; RE   ; 1      ; Vertical_seam_tap_mux_X171_Y64_N0_I5    ; CLOCK_SEGMENT_TAP_MUX                                                                                                                                                                                        ;
;   1.289 ;   0.034 ; RR ; RE   ; 1      ; Switchbox_clock_mux_X171_Y84_N0_I221    ; CLOCK_SEGMENT_MUX                                                                                                                                                                                            ;
;   1.375 ;   0.086 ; RR ; RE   ; 1      ; Switchbox_clock_mux_X171_Y84_N0_I9      ; CLOCK_SEGMENT_MUX                                                                                                                                                                                            ;
;   1.403 ;   0.028 ; RF ; RE   ; 1      ; Vertical_seam_tap_mux_X171_Y105_N0_I189 ; CLOCK_SEGMENT_TAP_MUX                                                                                                                                                                                        ;
;   1.465 ;   0.062 ; FR ; RE   ; 1      ; Vertical_seam_tap_mux_X171_Y105_N0_I5   ; CLOCK_SEGMENT_TAP_MUX                                                                                                                                                                                        ;
;   1.499 ;   0.034 ; RR ; RE   ; 1      ; Switchbox_clock_mux_X171_Y125_N0_I221   ; CLOCK_SEGMENT_MUX                                                                                                                                                                                            ;
;   1.585 ;   0.086 ; RR ; RE   ; 1      ; Switchbox_clock_mux_X171_Y125_N0_I9     ; CLOCK_SEGMENT_MUX                                                                                                                                                                                            ;
;   1.613 ;   0.028 ; RF ; RE   ; 1      ; Vertical_seam_tap_mux_X171_Y146_N0_I189 ; CLOCK_SEGMENT_TAP_MUX                                                                                                                                                                                        ;
;   1.674 ;   0.061 ; FR ; RE   ; 1      ; Vertical_seam_tap_mux_X171_Y146_N0_I5   ; CLOCK_SEGMENT_TAP_MUX                                                                                                                                                                                        ;
;   1.708 ;   0.034 ; RR ; RE   ; 1      ; Switchbox_clock_mux_X171_Y166_N0_I221   ; CLOCK_SEGMENT_MUX                                                                                                                                                                                            ;
;   1.741 ;   0.033 ; RR ; RE   ; 2      ; Switchbox_clock_mux_X171_Y166_N0_I129   ; CLOCK_SEGMENT_MUX                                                                                                                                                                                            ;
;   1.827 ;   0.086 ; RR ; RE   ; 1      ; Switchbox_clock_mux_X171_Y166_N0_I7     ; CLOCK_SEGMENT_MUX                                                                                                                                                                                            ;
;   1.854 ;   0.027 ; RF ; RE   ; 1      ; Vertical_seam_tap_mux_X171_Y146_N0_I158 ; CLOCK_SEGMENT_TAP_MUX                                                                                                                                                                                        ;
;   1.917 ;   0.063 ; FR ; RE   ; 1      ; Vertical_seam_tap_mux_X171_Y146_N0_I2   ; CLOCK_SEGMENT_TAP_MUX                                                                                                                                                                                        ;
;   1.955 ;   0.038 ; RR ; RE   ; 1      ; Switchbox_clock_mux_X171_Y125_N0_I190   ; CLOCK_SEGMENT_MUX                                                                                                                                                                                            ;
;   2.041 ;   0.086 ; RR ; RE   ; 1      ; Switchbox_clock_mux_X171_Y125_N0_I7     ; CLOCK_SEGMENT_MUX                                                                                                                                                                                            ;
;   2.068 ;   0.027 ; RF ; RE   ; 1      ; Vertical_seam_tap_mux_X171_Y105_N0_I158 ; CLOCK_SEGMENT_TAP_MUX                                                                                                                                                                                        ;
;   2.131 ;   0.063 ; FR ; RE   ; 1      ; Vertical_seam_tap_mux_X171_Y105_N0_I2   ; CLOCK_SEGMENT_TAP_MUX                                                                                                                                                                                        ;
;   2.168 ;   0.037 ; RR ; RE   ; 2      ; Switchbox_clock_mux_X171_Y84_N0_I190    ; CLOCK_SEGMENT_MUX                                                                                                                                                                                            ;
;   2.364 ;   0.196 ; RR ; RE   ; 1      ; Switchbox_clock_mux_X171_Y84_N0_I6      ; CLOCK_SEGMENT_MUX                                                                                                                                                                                            ;
;   2.401 ;   0.037 ; RR ; RE   ; 1      ; Switchbox_clock_mux_X226_Y84_N0_I286    ; CLOCK_SEGMENT_MUX                                                                                                                                                                                            ;
;   2.604 ;   0.203 ; RR ; RE   ; 1      ; Switchbox_clock_mux_X226_Y84_N0_I6      ; CLOCK_SEGMENT_MUX                                                                                                                                                                                            ;
;   2.640 ;   0.036 ; RR ; RE   ; 2      ; Switchbox_clock_mux_X280_Y84_N0_I254    ; CLOCK_SEGMENT_MUX                                                                                                                                                                                            ;
;   2.726 ;   0.086 ; RR ; RE   ; 1      ; Switchbox_clock_mux_X280_Y84_N0_I7      ; CLOCK_SEGMENT_MUX                                                                                                                                                                                            ;
;   2.753 ;   0.027 ; RF ; RE   ; 1      ; Vertical_seam_tap_mux_X280_Y64_N0_I158  ; CLOCK_SEGMENT_TAP_MUX                                                                                                                                                                                        ;
;   2.813 ;   0.060 ; FR ; RE   ; 1      ; Vertical_seam_tap_mux_X280_Y64_N0_I2    ; CLOCK_SEGMENT_TAP_MUX                                                                                                                                                                                        ;
;   2.850 ;   0.037 ; RR ; RE   ; 2      ; Switchbox_clock_mux_X280_Y43_N0_I190    ; CLOCK_SEGMENT_MUX                                                                                                                                                                                            ;
;   3.047 ;   0.197 ; RR ; RE   ; 1      ; Switchbox_clock_mux_X280_Y43_N0_I6      ; CLOCK_SEGMENT_MUX                                                                                                                                                                                            ;
;   3.083 ;   0.036 ; RR ; RE   ; 2      ; Switchbox_clock_mux_X226_Y43_N0_I254    ; CLOCK_SEGMENT_MUX                                                                                                                                                                                            ;
;   3.169 ;   0.086 ; RR ; RE   ; 1      ; Switchbox_clock_mux_X226_Y43_N0_I7      ; CLOCK_SEGMENT_MUX                                                                                                                                                                                            ;
;   3.205 ;   0.036 ; RR ; RE   ; 2      ; Vertical_seam_tap_mux_X226_Y23_N0_I158  ; CLOCK_SEGMENT_TAP_MUX                                                                                                                                                                                        ;
;   3.292 ;   0.087 ; RR ; RE   ; 1      ; Vertical_seam_tap_mux_X226_Y23_N0_I67   ; CLOCK_SEGMENT_TAP_MUX                                                                                                                                                                                        ;
;   3.389 ;   0.097 ; RR ; RE   ; 1      ; SPINE_TAP_RE_X198_Y23_N103_I33          ; SPINE_TAP_RE                                                                                                                                                                                                 ;
;   3.450 ;   0.061 ; RR ; RE   ; 20     ; SPINE_TAP_RE_X198_Y23_N103_I1           ; SPINE_TAP_RE                                                                                                                                                                                                 ;
;   3.667 ;   0.217 ; RR ; RE   ; 2      ; SCLKMUX_RE_X198_Y3_N188_I1              ; SCLKMUX_RE                                                                                                                                                                                                   ;
;   3.678 ;   0.011 ; RR ; RE   ; 14     ; SCLKMUX_RE_X198_Y3_N188_I38             ; SCLKMUX_RE                                                                                                                                                                                                   ;
;   3.704 ;   0.026 ; RR ; RE   ; 1      ; ROWCLK_TAPOFF_X196_Y3_N0_I5             ; ROWCLK_TAPOFF                                                                                                                                                                                                ;
;   3.735 ;   0.031 ; RR ; RE   ; 1      ; GLOBAL_LOCAL_SEL_X196_Y3_N0_I3          ; GLOBAL_LOCAL_SEL                                                                                                                                                                                             ;
;   3.759 ;   0.024 ; RR ; RE   ; 1      ; RPII_X196_Y3_N0_I51                     ; RPII                                                                                                                                                                                                         ;
;   3.853 ;   0.094 ; RR ; RE   ; 1      ; RPI_X196_Y3_N0_I51                      ; RPI                                                                                                                                                                                                          ;
;   3.853 ;   0.000 ; RR ; RE   ; 1      ; IO96FSWRRE_X171_Y0_N0_I502              ; IO96FS_WR_RE                                                                                                                                                                                                 ;
;   3.853 ;   0.000 ; RR ; RE   ; 2      ; IO96COREINTFFSRE_X209_Y0_N0_I3939       ; IO96CORE_INTF_FS_RE                                                                                                                                                                                          ;
;   3.853 ;   0.000 ;    ; IC   ; 2      ; TILECTRL_X172_Y0_N298                   ; local_mem_wrapper|mem_ss_top|mem_ss_sv|mem_ss|mem_ss|emif_1|emif_1|arch|arch_inst|io_tiles_wrap_inst|io_tiles_inst|tile_gen[1].tile_ctrl_inst|pa_core_clk_in[0]                                              ;
+---------+---------+----+------+--------+-----------------------------------------+--------------------------------------------------------------------------------------------------------------------------------------------------------------------------------------------------------------+


