----------------
; Command Info ;
----------------
Report Path: Found 1 paths. Longest delay is 3.829 

Tcl Command:
    report_path -show_routing -file /home/uwb_student00/ahls/new_BSP/qualification/fim-build-23/cpa-feedback41/reports/core_feedback-fall-maximum.rpt -fall_from [get_pins {{local_mem_wrapper|mem_ss_top|mem_ss_sv|mem_ss|mem_ss|emif_1|emif_1|arch|arch_inst|io_tiles_wrap_inst|io_tiles_inst|tile_gen[1].tile_ctrl_inst|pa_core_clk_out[0]}}] -fall_to [get_pins {{local_mem_wrapper|mem_ss_top|mem_ss_sv|mem_ss|mem_ss|emif_1|emif_1|arch|arch_inst|io_tiles_wrap_inst|io_tiles_inst|tile_gen[1].tile_ctrl_inst|pa_core_clk_in[0]}}] -npaths 1 -nworst 1

Options:
    -fall_from [get_pins {{local_mem_wrapper|mem_ss_top|mem_ss_sv|mem_ss|mem_ss|emif_1|emif_1|arch|arch_inst|io_tiles_wrap_inst|io_tiles_inst|tile_gen[1].tile_ctrl_inst|pa_core_clk_out[0]}}] 
    -fall_to [get_pins {{local_mem_wrapper|mem_ss_top|mem_ss_sv|mem_ss|mem_ss|emif_1|emif_1|arch|arch_inst|io_tiles_wrap_inst|io_tiles_inst|tile_gen[1].tile_ctrl_inst|pa_core_clk_in[0]}}] 
    -npaths 1 
    -nworst 1 
    -show_routing 
    -file_name "/home/uwb_student00/ahls/new_BSP/qualification/fim-build-23/cpa-feedback41/reports/core_feedback-fall-maximum.rpt" 

Snapshot:
    final

Delay Model:
    Fast vid2 100C Model

+--------------------------------------------------------------------------------------------------------------------------------------------------------------------------------------------------------------------------------------------------------------------------------------------------------------------------------------------+
; Summary of Paths                                                                                                                                                                                                                                                                                                                           ;
+-------+------------------------------------------------------------------------------------------------------------------------------------------------------------------+-----------------------------------------------------------------------------------------------------------------------------------------------------------------+
; Delay ; From Node                                                                                                                                                        ; To Node                                                                                                                                                         ;
+-------+------------------------------------------------------------------------------------------------------------------------------------------------------------------+-----------------------------------------------------------------------------------------------------------------------------------------------------------------+
; 3.829 ; local_mem_wrapper|mem_ss_top|mem_ss_sv|mem_ss|mem_ss|emif_1|emif_1|arch|arch_inst|io_tiles_wrap_inst|io_tiles_inst|tile_gen[1].tile_ctrl_inst|pa_core_clk_out[0] ; local_mem_wrapper|mem_ss_top|mem_ss_sv|mem_ss|mem_ss|emif_1|emif_1|arch|arch_inst|io_tiles_wrap_inst|io_tiles_inst|tile_gen[1].tile_ctrl_inst|pa_core_clk_in[0] ;
+-------+------------------------------------------------------------------------------------------------------------------------------------------------------------------+-----------------------------------------------------------------------------------------------------------------------------------------------------------------+

Path #1: Delay is 3.829
===============================================================================
+----------------------------------------------------------------------------------------------------------------------------------------------------------------------------------------------------+
; Path Summary                                                                                                                                                                                       ;
+---------------------------------+------------------------------------------------------------------------------------------------------------------------------------------------------------------+
; Property                        ; Value                                                                                                                                                            ;
+---------------------------------+------------------------------------------------------------------------------------------------------------------------------------------------------------------+
; From Node                       ; local_mem_wrapper|mem_ss_top|mem_ss_sv|mem_ss|mem_ss|emif_1|emif_1|arch|arch_inst|io_tiles_wrap_inst|io_tiles_inst|tile_gen[1].tile_ctrl_inst|pa_core_clk_out[0] ;
; To Node                         ; local_mem_wrapper|mem_ss_top|mem_ss_sv|mem_ss|mem_ss|emif_1|emif_1|arch|arch_inst|io_tiles_wrap_inst|io_tiles_inst|tile_gen[1].tile_ctrl_inst|pa_core_clk_in[0]  ;
; Delay                           ; 3.829                                                                                                                                                            ;
; Worst-Case Operating Conditions ; Fast vid2 100C Model                                                                                                                                             ;
+---------------------------------+------------------------------------------------------------------------------------------------------------------------------------------------------------------+

+-----------------------------------------------------------------------------------+
; Statistics                                                                        ;
+------------------------+-------+-------+-------------+------------+-------+-------+
; Property               ; Value ; Count ; Total Delay ; % of Total ; Min   ; Max   ;
+------------------------+-------+-------+-------------+------------+-------+-------+
; Data Delay             ; 3.829 ;       ;             ;            ;       ;       ;
; Number of Logic Levels ;       ; 0     ;             ;            ;       ;       ;
; Physical Delays        ;       ;       ;             ;            ;       ;       ;
;  IC                    ;       ; 1     ; 0.000       ; 0          ; 0.000 ; 0.000 ;
;  Cell                  ;       ; 1     ; 0.564       ; 15         ; 0.564 ; 0.564 ;
;  Routing Element       ;       ; 54    ; 3.265       ; 85         ; 0.000 ; 0.216 ;
+------------------------+-------+-------+-------------+------------+-------+-------+
Note: Negative delays are omitted from totals when calculating percentages

+-------------------------------------------------------------------------------------------------------------------------------------------------------------------------------------------------------------------------------------------------------------------------------------------------+
; Data Arrival Path                                                                                                                                                                                                                                                                               ;
+---------+---------+----+------+--------+-----------------------------------------+--------------------------------------------------------------------------------------------------------------------------------------------------------------------------------------------------------------+
; Total   ; Incr    ; RF ; Type ; Fanout ; Location                                ; Element                                                                                                                                                                                                      ;
+---------+---------+----+------+--------+-----------------------------------------+--------------------------------------------------------------------------------------------------------------------------------------------------------------------------------------------------------------+
; 3.829   ; 3.829   ;    ;      ;        ;                                         ; data path                                                                                                                                                                                                    ;
;   0.000 ;   0.000 ;    ;      ; 1      ; TILECTRL_X172_Y0_N298                   ; local_mem_wrapper|mem_ss_top|mem_ss_sv|mem_ss|mem_ss|emif_1|emif_1|arch|arch_inst|io_tiles_wrap_inst|io_tiles_inst|tile_gen[1].tile_ctrl_inst|pa_core_clk_out[0]                                             ;
;   0.564 ;   0.564 ; FF ; CELL ; 15967  ; TILECTRL_X172_Y0_N298                   ; local_mem_wrapper|mem_ss_top|mem_ss_sv|mem_ss|mem_ss|emif_1|emif_1|arch|arch_inst|io_tiles_wrap_inst|io_tiles_inst|tile_gen[1].tile_ctrl_inst~fmio96fs_wr/m32_0_29__iophasealignment_to_dcm__core_clk_out[1] ;
;   0.564 ;   0.000 ; FF ; RE   ; 1      ; TILECTRL_X172_Y0_N298                   ; TILE_CTRL                                                                                                                                                                                                    ;
;   0.618 ;   0.054 ; FF ; RE   ; 1      ; IO96FSWRRE_X171_Y0_N0_I3537             ; IO96FS_WR_RE                                                                                                                                                                                                 ;
;   0.718 ;   0.100 ; FF ; RE   ; 1      ; DCM_mux_X198_Y2_N0_I29                  ; CC_DCM_GMUX_RE                                                                                                                                                                                               ;
;   0.776 ;   0.058 ; FF ; RE   ; 1      ; IO_P2C_RE_X171_Y2_N150_I171             ; IO_P2C_RE                                                                                                                                                                                                    ;
;   0.816 ;   0.040 ; FF ; RE   ; 1      ; IO_P2C_RE_X171_Y2_N150_I2               ; IO_P2C_RE                                                                                                                                                                                                    ;
;   0.853 ;   0.037 ; FF ; RE   ; 1      ; Switchbox_clock_mux_X171_Y2_N0_I221     ; CLOCK_SEGMENT_MUX                                                                                                                                                                                            ;
;   0.941 ;   0.088 ; FF ; RE   ; 1      ; Switchbox_clock_mux_X171_Y2_N0_I9       ; CLOCK_SEGMENT_MUX                                                                                                                                                                                            ;
;   0.965 ;   0.024 ; FR ; RE   ; 1      ; Vertical_seam_tap_mux_X171_Y23_N0_I189  ; CLOCK_SEGMENT_TAP_MUX                                                                                                                                                                                        ;
;   1.030 ;   0.065 ; RF ; RE   ; 1      ; Vertical_seam_tap_mux_X171_Y23_N0_I5    ; CLOCK_SEGMENT_TAP_MUX                                                                                                                                                                                        ;
;   1.064 ;   0.034 ; FF ; RE   ; 1      ; Switchbox_clock_mux_X171_Y43_N0_I221    ; CLOCK_SEGMENT_MUX                                                                                                                                                                                            ;
;   1.153 ;   0.089 ; FF ; RE   ; 1      ; Switchbox_clock_mux_X171_Y43_N0_I9      ; CLOCK_SEGMENT_MUX                                                                                                                                                                                            ;
;   1.176 ;   0.023 ; FR ; RE   ; 1      ; Vertical_seam_tap_mux_X171_Y64_N0_I189  ; CLOCK_SEGMENT_TAP_MUX                                                                                                                                                                                        ;
;   1.242 ;   0.066 ; RF ; RE   ; 1      ; Vertical_seam_tap_mux_X171_Y64_N0_I5    ; CLOCK_SEGMENT_TAP_MUX                                                                                                                                                                                        ;
;   1.275 ;   0.033 ; FF ; RE   ; 1      ; Switchbox_clock_mux_X171_Y84_N0_I221    ; CLOCK_SEGMENT_MUX                                                                                                                                                                                            ;
;   1.362 ;   0.087 ; FF ; RE   ; 1      ; Switchbox_clock_mux_X171_Y84_N0_I9      ; CLOCK_SEGMENT_MUX                                                                                                                                                                                            ;
;   1.386 ;   0.024 ; FR ; RE   ; 1      ; Vertical_seam_tap_mux_X171_Y105_N0_I189 ; CLOCK_SEGMENT_TAP_MUX                                                                                                                                                                                        ;
;   1.451 ;   0.065 ; RF ; RE   ; 1      ; Vertical_seam_tap_mux_X171_Y105_N0_I5   ; CLOCK_SEGMENT_TAP_MUX                                                                                                                                                                                        ;
;   1.485 ;   0.034 ; FF ; RE   ; 1      ; Switchbox_clock_mux_X171_Y125_N0_I221   ; CLOCK_SEGMENT_MUX                                                                                                                                                                                            ;
;   1.572 ;   0.087 ; FF ; RE   ; 1      ; Switchbox_clock_mux_X171_Y125_N0_I9     ; CLOCK_SEGMENT_MUX                                                                                                                                                                                            ;
;   1.595 ;   0.023 ; FR ; RE   ; 1      ; Vertical_seam_tap_mux_X171_Y146_N0_I189 ; CLOCK_SEGMENT_TAP_MUX                                                                                                                                                                                        ;
;   1.661 ;   0.066 ; RF ; RE   ; 1      ; Vertical_seam_tap_mux_X171_Y146_N0_I5   ; CLOCK_SEGMENT_TAP_MUX                                                                                                                                                                                        ;
;   1.696 ;   0.035 ; FF ; RE   ; 1      ; Switchbox_clock_mux_X171_Y166_N0_I221   ; CLOCK_SEGMENT_MUX                                                                                                                                                                                            ;
;   1.731 ;   0.035 ; FF ; RE   ; 2      ; Switchbox_clock_mux_X171_Y166_N0_I129   ; CLOCK_SEGMENT_MUX                                                                                                                                                                                            ;
;   1.813 ;   0.082 ; FF ; RE   ; 1      ; Switchbox_clock_mux_X171_Y166_N0_I7     ; CLOCK_SEGMENT_MUX                                                                                                                                                                                            ;
;   1.836 ;   0.023 ; FR ; RE   ; 1      ; Vertical_seam_tap_mux_X171_Y146_N0_I158 ; CLOCK_SEGMENT_TAP_MUX                                                                                                                                                                                        ;
;   1.903 ;   0.067 ; RF ; RE   ; 1      ; Vertical_seam_tap_mux_X171_Y146_N0_I2   ; CLOCK_SEGMENT_TAP_MUX                                                                                                                                                                                        ;
;   1.940 ;   0.037 ; FF ; RE   ; 1      ; Switchbox_clock_mux_X171_Y125_N0_I190   ; CLOCK_SEGMENT_MUX                                                                                                                                                                                            ;
;   2.023 ;   0.083 ; FF ; RE   ; 1      ; Switchbox_clock_mux_X171_Y125_N0_I7     ; CLOCK_SEGMENT_MUX                                                                                                                                                                                            ;
;   2.046 ;   0.023 ; FR ; RE   ; 1      ; Vertical_seam_tap_mux_X171_Y105_N0_I158 ; CLOCK_SEGMENT_TAP_MUX                                                                                                                                                                                        ;
;   2.113 ;   0.067 ; RF ; RE   ; 1      ; Vertical_seam_tap_mux_X171_Y105_N0_I2   ; CLOCK_SEGMENT_TAP_MUX                                                                                                                                                                                        ;
;   2.149 ;   0.036 ; FF ; RE   ; 2      ; Switchbox_clock_mux_X171_Y84_N0_I190    ; CLOCK_SEGMENT_MUX                                                                                                                                                                                            ;
;   2.347 ;   0.198 ; FF ; RE   ; 1      ; Switchbox_clock_mux_X171_Y84_N0_I6      ; CLOCK_SEGMENT_MUX                                                                                                                                                                                            ;
;   2.383 ;   0.036 ; FF ; RE   ; 1      ; Switchbox_clock_mux_X226_Y84_N0_I286    ; CLOCK_SEGMENT_MUX                                                                                                                                                                                            ;
;   2.583 ;   0.200 ; FF ; RE   ; 1      ; Switchbox_clock_mux_X226_Y84_N0_I6      ; CLOCK_SEGMENT_MUX                                                                                                                                                                                            ;
;   2.619 ;   0.036 ; FF ; RE   ; 2      ; Switchbox_clock_mux_X280_Y84_N0_I254    ; CLOCK_SEGMENT_MUX                                                                                                                                                                                            ;
;   2.701 ;   0.082 ; FF ; RE   ; 1      ; Switchbox_clock_mux_X280_Y84_N0_I7      ; CLOCK_SEGMENT_MUX                                                                                                                                                                                            ;
;   2.725 ;   0.024 ; FR ; RE   ; 1      ; Vertical_seam_tap_mux_X280_Y64_N0_I158  ; CLOCK_SEGMENT_TAP_MUX                                                                                                                                                                                        ;
;   2.787 ;   0.062 ; RF ; RE   ; 1      ; Vertical_seam_tap_mux_X280_Y64_N0_I2    ; CLOCK_SEGMENT_TAP_MUX                                                                                                                                                                                        ;
;   2.824 ;   0.037 ; FF ; RE   ; 2      ; Switchbox_clock_mux_X280_Y43_N0_I190    ; CLOCK_SEGMENT_MUX                                                                                                                                                                                            ;
;   3.023 ;   0.199 ; FF ; RE   ; 1      ; Switchbox_clock_mux_X280_Y43_N0_I6      ; CLOCK_SEGMENT_MUX                                                                                                                                                                                            ;
;   3.058 ;   0.035 ; FF ; RE   ; 2      ; Switchbox_clock_mux_X226_Y43_N0_I254    ; CLOCK_SEGMENT_MUX                                                                                                                                                                                            ;
;   3.140 ;   0.082 ; FF ; RE   ; 1      ; Switchbox_clock_mux_X226_Y43_N0_I7      ; CLOCK_SEGMENT_MUX                                                                                                                                                                                            ;
;   3.174 ;   0.034 ; FF ; RE   ; 2      ; Vertical_seam_tap_mux_X226_Y23_N0_I158  ; CLOCK_SEGMENT_TAP_MUX                                                                                                                                                                                        ;
;   3.263 ;   0.089 ; FF ; RE   ; 1      ; Vertical_seam_tap_mux_X226_Y23_N0_I67   ; CLOCK_SEGMENT_TAP_MUX                                                                                                                                                                                        ;
;   3.359 ;   0.096 ; FF ; RE   ; 1      ; SPINE_TAP_RE_X198_Y23_N103_I33          ; SPINE_TAP_RE                                                                                                                                                                                                 ;
;   3.420 ;   0.061 ; FF ; RE   ; 20     ; SPINE_TAP_RE_X198_Y23_N103_I1           ; SPINE_TAP_RE                                                                                                                                                                                                 ;
;   3.636 ;   0.216 ; FF ; RE   ; 2      ; SCLKMUX_RE_X198_Y3_N188_I1              ; SCLKMUX_RE                                                                                                                                                                                                   ;
;   3.647 ;   0.011 ; FF ; RE   ; 14     ; SCLKMUX_RE_X198_Y3_N188_I38             ; SCLKMUX_RE                                                                                                                                                                                                   ;
;   3.679 ;   0.032 ; FF ; RE   ; 1      ; ROWCLK_TAPOFF_X196_Y3_N0_I5             ; ROWCLK_TAPOFF                                                                                                                                                                                                ;
;   3.715 ;   0.036 ; FF ; RE   ; 1      ; GLOBAL_LOCAL_SEL_X196_Y3_N0_I3          ; GLOBAL_LOCAL_SEL                                                                                                                                                                                             ;
;   3.737 ;   0.022 ; FF ; RE   ; 1      ; RPII_X196_Y3_N0_I51                     ; RPII                                                                                                                                                                                                         ;
;   3.829 ;   0.092 ; FF ; RE   ; 1      ; RPI_X196_Y3_N0_I51                      ; RPI                                                                                                                                                                                                          ;
;   3.829 ;   0.000 ; FF ; RE   ; 1      ; IO96FSWRRE_X171_Y0_N0_I502              ; IO96FS_WR_RE                                                                                                                                                                                                 ;
;   3.829 ;   0.000 ; FF ; RE   ; 2      ; IO96COREINTFFSRE_X209_Y0_N0_I3939       ; IO96CORE_INTF_FS_RE                                                                                                                                                                                          ;
;   3.829 ;   0.000 ;    ; IC   ; 2      ; TILECTRL_X172_Y0_N298                   ; local_mem_wrapper|mem_ss_top|mem_ss_sv|mem_ss|mem_ss|emif_1|emif_1|arch|arch_inst|io_tiles_wrap_inst|io_tiles_inst|tile_gen[1].tile_ctrl_inst|pa_core_clk_in[0]                                              ;
+---------+---------+----+------+--------+-----------------------------------------+--------------------------------------------------------------------------------------------------------------------------------------------------------------------------------------------------------------+


