----------------
; Command Info ;
----------------
Report Path: Found 1 paths. Shortest delay is 3.478 

Tcl Command:
    report_path -show_routing -min_path -file /home/uwb_student00/ahls/new_BSP/qualification/fim-build-23/cpa-feedback41/reports/core_feedback-rise-minimum.rpt -rise_from [get_pins {{local_mem_wrapper|mem_ss_top|mem_ss_sv|mem_ss|mem_ss|emif_1|emif_1|arch|arch_inst|io_tiles_wrap_inst|io_tiles_inst|tile_gen[1].tile_ctrl_inst|pa_core_clk_out[0]}}] -rise_to [get_pins {{local_mem_wrapper|mem_ss_top|mem_ss_sv|mem_ss|mem_ss|emif_1|emif_1|arch|arch_inst|io_tiles_wrap_inst|io_tiles_inst|tile_gen[1].tile_ctrl_inst|pa_core_clk_in[0]}}] -npaths 1 -nworst 1

Options:
    -rise_from [get_pins {{local_mem_wrapper|mem_ss_top|mem_ss_sv|mem_ss|mem_ss|emif_1|emif_1|arch|arch_inst|io_tiles_wrap_inst|io_tiles_inst|tile_gen[1].tile_ctrl_inst|pa_core_clk_out[0]}}] 
    -rise_to [get_pins {{local_mem_wrapper|mem_ss_top|mem_ss_sv|mem_ss|mem_ss|emif_1|emif_1|arch|arch_inst|io_tiles_wrap_inst|io_tiles_inst|tile_gen[1].tile_ctrl_inst|pa_core_clk_in[0]}}] 
    -npaths 1 
    -nworst 1 
    -show_routing 
    -min_path 
    -file_name "/home/uwb_student00/ahls/new_BSP/qualification/fim-build-23/cpa-feedback41/reports/core_feedback-rise-minimum.rpt" 

Snapshot:
    final

Delay Model:
    Fast vid2 100C Model

+--------------------------------------------------------------------------------------------------------------------------------------------------------------------------------------------------------------------------------------------------------------------------------------------------------------------------------------------+
; Summary of Paths                                                                                                                                                                                                                                                                                                                           ;
+-------+------------------------------------------------------------------------------------------------------------------------------------------------------------------+-----------------------------------------------------------------------------------------------------------------------------------------------------------------+
; Delay ; From Node                                                                                                                                                        ; To Node                                                                                                                                                         ;
+-------+------------------------------------------------------------------------------------------------------------------------------------------------------------------+-----------------------------------------------------------------------------------------------------------------------------------------------------------------+
; 3.478 ; local_mem_wrapper|mem_ss_top|mem_ss_sv|mem_ss|mem_ss|emif_1|emif_1|arch|arch_inst|io_tiles_wrap_inst|io_tiles_inst|tile_gen[1].tile_ctrl_inst|pa_core_clk_out[0] ; local_mem_wrapper|mem_ss_top|mem_ss_sv|mem_ss|mem_ss|emif_1|emif_1|arch|arch_inst|io_tiles_wrap_inst|io_tiles_inst|tile_gen[1].tile_ctrl_inst|pa_core_clk_in[0] ;
+-------+------------------------------------------------------------------------------------------------------------------------------------------------------------------+-----------------------------------------------------------------------------------------------------------------------------------------------------------------+

Path #1: Delay is 3.478
===============================================================================
+----------------------------------------------------------------------------------------------------------------------------------------------------------------------------------------------------+
; Path Summary                                                                                                                                                                                       ;
+---------------------------------+------------------------------------------------------------------------------------------------------------------------------------------------------------------+
; Property                        ; Value                                                                                                                                                            ;
+---------------------------------+------------------------------------------------------------------------------------------------------------------------------------------------------------------+
; From Node                       ; local_mem_wrapper|mem_ss_top|mem_ss_sv|mem_ss|mem_ss|emif_1|emif_1|arch|arch_inst|io_tiles_wrap_inst|io_tiles_inst|tile_gen[1].tile_ctrl_inst|pa_core_clk_out[0] ;
; To Node                         ; local_mem_wrapper|mem_ss_top|mem_ss_sv|mem_ss|mem_ss|emif_1|emif_1|arch|arch_inst|io_tiles_wrap_inst|io_tiles_inst|tile_gen[1].tile_ctrl_inst|pa_core_clk_in[0]  ;
; Delay                           ; 3.478                                                                                                                                                            ;
; Worst-Case Operating Conditions ; Fast vid2 100C Model                                                                                                                                             ;
+---------------------------------+------------------------------------------------------------------------------------------------------------------------------------------------------------------+

+-----------------------------------------------------------------------------------+
; Statistics                                                                        ;
+------------------------+-------+-------+-------------+------------+-------+-------+
; Property               ; Value ; Count ; Total Delay ; % of Total ; Min   ; Max   ;
+------------------------+-------+-------+-------------+------------+-------+-------+
; Data Delay             ; 3.478 ;       ;             ;            ;       ;       ;
; Number of Logic Levels ;       ; 0     ;             ;            ;       ;       ;
; Physical Delays        ;       ;       ;             ;            ;       ;       ;
;  IC                    ;       ; 1     ; 0.000       ; 0          ; 0.000 ; 0.000 ;
;  Cell                  ;       ; 1     ; 0.488       ; 14         ; 0.488 ; 0.488 ;
;  Routing Element       ;       ; 54    ; 2.990       ; 86         ; 0.000 ; 0.190 ;
+------------------------+-------+-------+-------------+------------+-------+-------+
Note: Negative delays are omitted from totals when calculating percentages

+-------------------------------------------------------------------------------------------------------------------------------------------------------------------------------------------------------------------------------------------------------------------------------------------------+
; Data Arrival Path                                                                                                                                                                                                                                                                               ;
+---------+---------+----+------+--------+-----------------------------------------+--------------------------------------------------------------------------------------------------------------------------------------------------------------------------------------------------------------+
; Total   ; Incr    ; RF ; Type ; Fanout ; Location                                ; Element                                                                                                                                                                                                      ;
+---------+---------+----+------+--------+-----------------------------------------+--------------------------------------------------------------------------------------------------------------------------------------------------------------------------------------------------------------+
; 3.478   ; 3.478   ;    ;      ;        ;                                         ; data path                                                                                                                                                                                                    ;
;   0.000 ;   0.000 ;    ;      ; 1      ; TILECTRL_X172_Y0_N298                   ; local_mem_wrapper|mem_ss_top|mem_ss_sv|mem_ss|mem_ss|emif_1|emif_1|arch|arch_inst|io_tiles_wrap_inst|io_tiles_inst|tile_gen[1].tile_ctrl_inst|pa_core_clk_out[0]                                             ;
;   0.488 ;   0.488 ; RR ; CELL ; 15967  ; TILECTRL_X172_Y0_N298                   ; local_mem_wrapper|mem_ss_top|mem_ss_sv|mem_ss|mem_ss|emif_1|emif_1|arch|arch_inst|io_tiles_wrap_inst|io_tiles_inst|tile_gen[1].tile_ctrl_inst~fmio96fs_wr/m32_0_29__iophasealignment_to_dcm__core_clk_out[1] ;
;   0.488 ;   0.000 ; RR ; RE   ; 1      ; TILECTRL_X172_Y0_N298                   ; TILE_CTRL                                                                                                                                                                                                    ;
;   0.537 ;   0.049 ; RR ; RE   ; 1      ; IO96FSWRRE_X171_Y0_N0_I3537             ; IO96FS_WR_RE                                                                                                                                                                                                 ;
;   0.628 ;   0.091 ; RR ; RE   ; 1      ; DCM_mux_X198_Y2_N0_I29                  ; CC_DCM_GMUX_RE                                                                                                                                                                                               ;
;   0.679 ;   0.051 ; RR ; RE   ; 1      ; IO_P2C_RE_X171_Y2_N150_I171             ; IO_P2C_RE                                                                                                                                                                                                    ;
;   0.717 ;   0.038 ; RR ; RE   ; 1      ; IO_P2C_RE_X171_Y2_N150_I2               ; IO_P2C_RE                                                                                                                                                                                                    ;
;   0.753 ;   0.036 ; RR ; RE   ; 1      ; Switchbox_clock_mux_X171_Y2_N0_I221     ; CLOCK_SEGMENT_MUX                                                                                                                                                                                            ;
;   0.838 ;   0.085 ; RR ; RE   ; 1      ; Switchbox_clock_mux_X171_Y2_N0_I9       ; CLOCK_SEGMENT_MUX                                                                                                                                                                                            ;
;   0.862 ;   0.024 ; RF ; RE   ; 1      ; Vertical_seam_tap_mux_X171_Y23_N0_I189  ; CLOCK_SEGMENT_TAP_MUX                                                                                                                                                                                        ;
;   0.920 ;   0.058 ; FR ; RE   ; 1      ; Vertical_seam_tap_mux_X171_Y23_N0_I5    ; CLOCK_SEGMENT_TAP_MUX                                                                                                                                                                                        ;
;   0.950 ;   0.030 ; RR ; RE   ; 1      ; Switchbox_clock_mux_X171_Y43_N0_I221    ; CLOCK_SEGMENT_MUX                                                                                                                                                                                            ;
;   1.035 ;   0.085 ; RR ; RE   ; 1      ; Switchbox_clock_mux_X171_Y43_N0_I9      ; CLOCK_SEGMENT_MUX                                                                                                                                                                                            ;
;   1.059 ;   0.024 ; RF ; RE   ; 1      ; Vertical_seam_tap_mux_X171_Y64_N0_I189  ; CLOCK_SEGMENT_TAP_MUX                                                                                                                                                                                        ;
;   1.117 ;   0.058 ; FR ; RE   ; 1      ; Vertical_seam_tap_mux_X171_Y64_N0_I5    ; CLOCK_SEGMENT_TAP_MUX                                                                                                                                                                                        ;
;   1.147 ;   0.030 ; RR ; RE   ; 1      ; Switchbox_clock_mux_X171_Y84_N0_I221    ; CLOCK_SEGMENT_MUX                                                                                                                                                                                            ;
;   1.227 ;   0.080 ; RR ; RE   ; 1      ; Switchbox_clock_mux_X171_Y84_N0_I9      ; CLOCK_SEGMENT_MUX                                                                                                                                                                                            ;
;   1.251 ;   0.024 ; RF ; RE   ; 1      ; Vertical_seam_tap_mux_X171_Y105_N0_I189 ; CLOCK_SEGMENT_TAP_MUX                                                                                                                                                                                        ;
;   1.309 ;   0.058 ; FR ; RE   ; 1      ; Vertical_seam_tap_mux_X171_Y105_N0_I5   ; CLOCK_SEGMENT_TAP_MUX                                                                                                                                                                                        ;
;   1.339 ;   0.030 ; RR ; RE   ; 1      ; Switchbox_clock_mux_X171_Y125_N0_I221   ; CLOCK_SEGMENT_MUX                                                                                                                                                                                            ;
;   1.419 ;   0.080 ; RR ; RE   ; 1      ; Switchbox_clock_mux_X171_Y125_N0_I9     ; CLOCK_SEGMENT_MUX                                                                                                                                                                                            ;
;   1.444 ;   0.025 ; RF ; RE   ; 1      ; Vertical_seam_tap_mux_X171_Y146_N0_I189 ; CLOCK_SEGMENT_TAP_MUX                                                                                                                                                                                        ;
;   1.501 ;   0.057 ; FR ; RE   ; 1      ; Vertical_seam_tap_mux_X171_Y146_N0_I5   ; CLOCK_SEGMENT_TAP_MUX                                                                                                                                                                                        ;
;   1.530 ;   0.029 ; RR ; RE   ; 1      ; Switchbox_clock_mux_X171_Y166_N0_I221   ; CLOCK_SEGMENT_MUX                                                                                                                                                                                            ;
;   1.560 ;   0.030 ; RR ; RE   ; 2      ; Switchbox_clock_mux_X171_Y166_N0_I129   ; CLOCK_SEGMENT_MUX                                                                                                                                                                                            ;
;   1.639 ;   0.079 ; RR ; RE   ; 1      ; Switchbox_clock_mux_X171_Y166_N0_I7     ; CLOCK_SEGMENT_MUX                                                                                                                                                                                            ;
;   1.663 ;   0.024 ; RF ; RE   ; 1      ; Vertical_seam_tap_mux_X171_Y146_N0_I158 ; CLOCK_SEGMENT_TAP_MUX                                                                                                                                                                                        ;
;   1.722 ;   0.059 ; FR ; RE   ; 1      ; Vertical_seam_tap_mux_X171_Y146_N0_I2   ; CLOCK_SEGMENT_TAP_MUX                                                                                                                                                                                        ;
;   1.756 ;   0.034 ; RR ; RE   ; 1      ; Switchbox_clock_mux_X171_Y125_N0_I190   ; CLOCK_SEGMENT_MUX                                                                                                                                                                                            ;
;   1.835 ;   0.079 ; RR ; RE   ; 1      ; Switchbox_clock_mux_X171_Y125_N0_I7     ; CLOCK_SEGMENT_MUX                                                                                                                                                                                            ;
;   1.859 ;   0.024 ; RF ; RE   ; 1      ; Vertical_seam_tap_mux_X171_Y105_N0_I158 ; CLOCK_SEGMENT_TAP_MUX                                                                                                                                                                                        ;
;   1.918 ;   0.059 ; FR ; RE   ; 1      ; Vertical_seam_tap_mux_X171_Y105_N0_I2   ; CLOCK_SEGMENT_TAP_MUX                                                                                                                                                                                        ;
;   1.951 ;   0.033 ; RR ; RE   ; 2      ; Switchbox_clock_mux_X171_Y84_N0_I190    ; CLOCK_SEGMENT_MUX                                                                                                                                                                                            ;
;   2.132 ;   0.181 ; RR ; RE   ; 1      ; Switchbox_clock_mux_X171_Y84_N0_I6      ; CLOCK_SEGMENT_MUX                                                                                                                                                                                            ;
;   2.165 ;   0.033 ; RR ; RE   ; 1      ; Switchbox_clock_mux_X226_Y84_N0_I286    ; CLOCK_SEGMENT_MUX                                                                                                                                                                                            ;
;   2.352 ;   0.187 ; RR ; RE   ; 1      ; Switchbox_clock_mux_X226_Y84_N0_I6      ; CLOCK_SEGMENT_MUX                                                                                                                                                                                            ;
;   2.384 ;   0.032 ; RR ; RE   ; 2      ; Switchbox_clock_mux_X280_Y84_N0_I254    ; CLOCK_SEGMENT_MUX                                                                                                                                                                                            ;
;   2.463 ;   0.079 ; RR ; RE   ; 1      ; Switchbox_clock_mux_X280_Y84_N0_I7      ; CLOCK_SEGMENT_MUX                                                                                                                                                                                            ;
;   2.487 ;   0.024 ; RF ; RE   ; 1      ; Vertical_seam_tap_mux_X280_Y64_N0_I158  ; CLOCK_SEGMENT_TAP_MUX                                                                                                                                                                                        ;
;   2.543 ;   0.056 ; FR ; RE   ; 1      ; Vertical_seam_tap_mux_X280_Y64_N0_I2    ; CLOCK_SEGMENT_TAP_MUX                                                                                                                                                                                        ;
;   2.576 ;   0.033 ; RR ; RE   ; 2      ; Switchbox_clock_mux_X280_Y43_N0_I190    ; CLOCK_SEGMENT_MUX                                                                                                                                                                                            ;
;   2.758 ;   0.182 ; RR ; RE   ; 1      ; Switchbox_clock_mux_X280_Y43_N0_I6      ; CLOCK_SEGMENT_MUX                                                                                                                                                                                            ;
;   2.790 ;   0.032 ; RR ; RE   ; 2      ; Switchbox_clock_mux_X226_Y43_N0_I254    ; CLOCK_SEGMENT_MUX                                                                                                                                                                                            ;
;   2.869 ;   0.079 ; RR ; RE   ; 1      ; Switchbox_clock_mux_X226_Y43_N0_I7      ; CLOCK_SEGMENT_MUX                                                                                                                                                                                            ;
;   2.901 ;   0.032 ; RR ; RE   ; 2      ; Vertical_seam_tap_mux_X226_Y23_N0_I158  ; CLOCK_SEGMENT_TAP_MUX                                                                                                                                                                                        ;
;   2.982 ;   0.081 ; RR ; RE   ; 1      ; Vertical_seam_tap_mux_X226_Y23_N0_I67   ; CLOCK_SEGMENT_TAP_MUX                                                                                                                                                                                        ;
;   3.067 ;   0.085 ; RR ; RE   ; 1      ; SPINE_TAP_RE_X198_Y23_N103_I33          ; SPINE_TAP_RE                                                                                                                                                                                                 ;
;   3.125 ;   0.058 ; RR ; RE   ; 20     ; SPINE_TAP_RE_X198_Y23_N103_I1           ; SPINE_TAP_RE                                                                                                                                                                                                 ;
;   3.315 ;   0.190 ; RR ; RE   ; 2      ; SCLKMUX_RE_X198_Y3_N188_I1              ; SCLKMUX_RE                                                                                                                                                                                                   ;
;   3.325 ;   0.010 ; RR ; RE   ; 14     ; SCLKMUX_RE_X198_Y3_N188_I38             ; SCLKMUX_RE                                                                                                                                                                                                   ;
;   3.348 ;   0.023 ; RR ; RE   ; 1      ; ROWCLK_TAPOFF_X196_Y3_N0_I5             ; ROWCLK_TAPOFF                                                                                                                                                                                                ;
;   3.372 ;   0.024 ; RR ; RE   ; 1      ; GLOBAL_LOCAL_SEL_X196_Y3_N0_I3          ; GLOBAL_LOCAL_SEL                                                                                                                                                                                             ;
;   3.392 ;   0.020 ; RR ; RE   ; 1      ; RPII_X196_Y3_N0_I51                     ; RPII                                                                                                                                                                                                         ;
;   3.478 ;   0.086 ; RR ; RE   ; 1      ; RPI_X196_Y3_N0_I51                      ; RPI                                                                                                                                                                                                          ;
;   3.478 ;   0.000 ; RR ; RE   ; 1      ; IO96FSWRRE_X171_Y0_N0_I502              ; IO96FS_WR_RE                                                                                                                                                                                                 ;
;   3.478 ;   0.000 ; RR ; RE   ; 2      ; IO96COREINTFFSRE_X209_Y0_N0_I3939       ; IO96CORE_INTF_FS_RE                                                                                                                                                                                          ;
;   3.478 ;   0.000 ;    ; IC   ; 2      ; TILECTRL_X172_Y0_N298                   ; local_mem_wrapper|mem_ss_top|mem_ss_sv|mem_ss|mem_ss|emif_1|emif_1|arch|arch_inst|io_tiles_wrap_inst|io_tiles_inst|tile_gen[1].tile_ctrl_inst|pa_core_clk_in[0]                                              ;
+---------+---------+----+------+--------+-----------------------------------------+--------------------------------------------------------------------------------------------------------------------------------------------------------------------------------------------------------------+


