***************************************************************
Quartus is a registered trademark of Intel Corporation in the
US and other countries.  Portions of the Quartus Prime software
code, and other portions of the code included in this download
or on this DVD, are licensed to Intel Corporation and are the
copyrighted property of third parties. For license details,
refer to the End User License Agreement at
http://fpgasoftware.intel.com/eula.
***************************************************************

2026.09.23.01:12:15 Info: Doing: qsys-script --quartus-project=/home/uwb_student00/ahls/new_BSP/work_ahls_memory_fabric01/fabric01/ahls_memory_fabric.qpf --rev=ahls_memory_fabric --package-version=25.1 --search-path=/home/uwb_student00/ahls/new_BSP/work_ahls_memory_fabric01/fabric01/mmhost_ia840f.report.prj,$ --script=/home/uwb_student00/ahls/new_BSP/work_ahls_memory_fabric01/fabric01/make-system.tcl
2026.09.23.01:12:20 Info: create_system ahls_memory_fabric
2026.09.23.01:12:20 Info: add_instance clk_1x altera_clock_bridge
2026.09.23.01:12:21 Info: set_instance_parameter_value clk_1x EXPLICIT_CLOCK_RATE 0
2026.09.23.01:12:21 Info: set_instance_parameter_value clk_1x NUM_CLOCK_OUTPUTS 1
2026.09.23.01:12:21 Info: add_instance rst altera_reset_bridge
2026.09.23.01:12:21 Info: set_instance_parameter_value rst ACTIVE_LOW_RESET 1
2026.09.23.01:12:21 Info: set_instance_parameter_value rst SYNCHRONOUS_EDGES deassert
2026.09.23.01:12:21 Info: set_instance_parameter_value rst NUM_RESET_OUTPUTS 1
2026.09.23.01:12:21 Info: add_connection clk_1x.out_clk rst.clk
2026.09.23.01:12:21 Info: add_interface clock_reset clock sink
2026.09.23.01:12:21 Info: set_interface_property clock_reset EXPORT_OF clk_1x.in_clk
2026.09.23.01:12:21 Info: add_interface clock_reset_reset reset sink
2026.09.23.01:12:21 Info: set_interface_property clock_reset_reset EXPORT_OF rst.in_reset
2026.09.23.01:12:21 Info: add_instance k0 mmhost_ia840f_report_di
2026.09.23.01:12:21 Info: add_connection clk_1x.out_clk k0.clock
2026.09.23.01:12:21 Info: add_connection rst.out_reset k0.resetn
2026.09.23.01:12:21 Info: add_instance mmio_control altera_axi_bridge 19.9.3
2026.09.23.01:12:21 Info: set_instance_parameter_value mmio_control ACE_LITE_SUPPORT 0
2026.09.23.01:12:21 Info: set_instance_parameter_value mmio_control ADDR_WIDTH 20
2026.09.23.01:12:21 Info: set_instance_parameter_value mmio_control AXI_VERSION AXI4
2026.09.23.01:12:21 Info: set_instance_parameter_value mmio_control BACKPRESSURE_DURING_RESET 0
2026.09.23.01:12:21 Info: set_instance_parameter_value mmio_control COMBINED_ACCEPTANCE_CAPABILITY 1
2026.09.23.01:12:21 Info: set_instance_parameter_value mmio_control COMBINED_ISSUING_CAPABILITY 1
2026.09.23.01:12:21 Info: set_instance_parameter_value mmio_control DATA_WIDTH 64
2026.09.23.01:12:21 Info: set_instance_parameter_value mmio_control ENABLE_CONCURRENT_SUBORDINATE_ACCESS 0
2026.09.23.01:12:21 Info: set_instance_parameter_value mmio_control ENABLE_OOO 0
2026.09.23.01:12:21 Info: set_instance_parameter_value mmio_control M0_ID_WIDTH 16
2026.09.23.01:12:21 Info: set_instance_parameter_value mmio_control NO_REPEATED_IDS_BETWEEN_SUBORDINATES 0
2026.09.23.01:12:22 Info: set_instance_parameter_value mmio_control READ_ACCEPTANCE_CAPABILITY 1
2026.09.23.01:12:22 Info: set_instance_parameter_value mmio_control READ_ADDR_USER_WIDTH 1
2026.09.23.01:12:22 Info: set_instance_parameter_value mmio_control READ_DATA_REORDERING_DEPTH 1
2026.09.23.01:12:22 Info: set_instance_parameter_value mmio_control READ_DATA_USER_WIDTH 1
2026.09.23.01:12:22 Info: set_instance_parameter_value mmio_control READ_ISSUING_CAPABILITY 1
2026.09.23.01:12:22 Info: set_instance_parameter_value mmio_control S0_ID_WIDTH 16
2026.09.23.01:12:22 Info: set_instance_parameter_value mmio_control SYNC_RESET 0
2026.09.23.01:12:22 Info: set_instance_parameter_value mmio_control USE_M0_ARBURST 0
2026.09.23.01:12:22 Info: set_instance_parameter_value mmio_control USE_M0_ARCACHE 0
2026.09.23.01:12:22 Info: set_instance_parameter_value mmio_control USE_M0_ARID 1
2026.09.23.01:12:22 Info: set_instance_parameter_value mmio_control USE_M0_ARLEN 0
2026.09.23.01:12:22 Info: set_instance_parameter_value mmio_control USE_M0_ARLOCK 0
2026.09.23.01:12:22 Info: set_instance_parameter_value mmio_control USE_M0_ARQOS 0
2026.09.23.01:12:22 Info: set_instance_parameter_value mmio_control USE_M0_ARREGION 0
2026.09.23.01:12:22 Info: set_instance_parameter_value mmio_control USE_M0_ARSIZE 1
2026.09.23.01:12:22 Info: set_instance_parameter_value mmio_control USE_M0_ARUSER 1
2026.09.23.01:12:22 Info: set_instance_parameter_value mmio_control USE_M0_AWBURST 0
2026.09.23.01:12:22 Info: set_instance_parameter_value mmio_control USE_M0_AWCACHE 0
2026.09.23.01:12:22 Info: set_instance_parameter_value mmio_control USE_M0_AWID 1
2026.09.23.01:12:22 Info: set_instance_parameter_value mmio_control USE_M0_AWLEN 0
2026.09.23.01:12:22 Info: set_instance_parameter_value mmio_control USE_M0_AWLOCK 0
2026.09.23.01:12:22 Info: set_instance_parameter_value mmio_control USE_M0_AWQOS 0
2026.09.23.01:12:22 Info: set_instance_parameter_value mmio_control USE_M0_AWREGION 0
2026.09.23.01:12:22 Info: set_instance_parameter_value mmio_control USE_M0_AWSIZE 1
2026.09.23.01:12:22 Info: set_instance_parameter_value mmio_control USE_M0_AWUSER 1
2026.09.23.01:12:22 Info: set_instance_parameter_value mmio_control USE_M0_BID 1
2026.09.23.01:12:22 Info: set_instance_parameter_value mmio_control USE_M0_BRESP 0
2026.09.23.01:12:22 Info: set_instance_parameter_value mmio_control USE_M0_BUSER 1
2026.09.23.01:12:22 Info: set_instance_parameter_value mmio_control USE_M0_RID 1
2026.09.23.01:12:22 Info: set_instance_parameter_value mmio_control USE_M0_RLAST 0
2026.09.23.01:12:22 Info: set_instance_parameter_value mmio_control USE_M0_RRESP 1
2026.09.23.01:12:22 Info: set_instance_parameter_value mmio_control USE_M0_RUSER 1
2026.09.23.01:12:22 Info: set_instance_parameter_value mmio_control USE_M0_WSTRB 1
2026.09.23.01:12:22 Info: set_instance_parameter_value mmio_control USE_M0_WUSER 1
2026.09.23.01:12:22 Info: set_instance_parameter_value mmio_control USE_PIPELINE 1
2026.09.23.01:12:22 Info: set_instance_parameter_value mmio_control USE_S0_ARCACHE 0
2026.09.23.01:12:22 Info: set_instance_parameter_value mmio_control USE_S0_ARLOCK 0
2026.09.23.01:12:22 Info: set_instance_parameter_value mmio_control USE_S0_ARPROT 0
2026.09.23.01:12:22 Info: set_instance_parameter_value mmio_control USE_S0_ARQOS 0
2026.09.23.01:12:22 Info: set_instance_parameter_value mmio_control USE_S0_ARREGION 0
2026.09.23.01:12:22 Info: set_instance_parameter_value mmio_control USE_S0_ARUSER 1
2026.09.23.01:12:22 Info: set_instance_parameter_value mmio_control USE_S0_AWCACHE 0
2026.09.23.01:12:22 Info: set_instance_parameter_value mmio_control USE_S0_AWLOCK 0
2026.09.23.01:12:22 Info: set_instance_parameter_value mmio_control USE_S0_AWPROT 0
2026.09.23.01:12:22 Info: set_instance_parameter_value mmio_control USE_S0_AWQOS 0
2026.09.23.01:12:22 Info: set_instance_parameter_value mmio_control USE_S0_AWREGION 0
2026.09.23.01:12:22 Info: set_instance_parameter_value mmio_control USE_S0_AWUSER 1
2026.09.23.01:12:22 Info: set_instance_parameter_value mmio_control USE_S0_BRESP 1
2026.09.23.01:12:22 Info: set_instance_parameter_value mmio_control USE_S0_BUSER 1
2026.09.23.01:12:22 Info: set_instance_parameter_value mmio_control USE_S0_RRESP 1
2026.09.23.01:12:22 Info: set_instance_parameter_value mmio_control USE_S0_RUSER 1
2026.09.23.01:12:22 Info: set_instance_parameter_value mmio_control USE_S0_WLAST 0
2026.09.23.01:12:22 Info: set_instance_parameter_value mmio_control USE_S0_WUSER 1
2026.09.23.01:12:22 Info: set_instance_parameter_value mmio_control WRITE_ACCEPTANCE_CAPABILITY 1
2026.09.23.01:12:22 Info: set_instance_parameter_value mmio_control WRITE_ADDR_USER_WIDTH 1
2026.09.23.01:12:22 Info: set_instance_parameter_value mmio_control WRITE_DATA_USER_WIDTH 1
2026.09.23.01:12:22 Info: set_instance_parameter_value mmio_control WRITE_ISSUING_CAPABILITY 1
2026.09.23.01:12:22 Info: set_instance_parameter_value mmio_control WRITE_RESP_USER_WIDTH 1
2026.09.23.01:12:22 Info: add_connection clk_1x.out_clk mmio_control.clk
2026.09.23.01:12:23 Info: add_connection rst.out_reset mmio_control.clk_reset
2026.09.23.01:12:23 Info: add_instance dma_csr altera_axi_bridge 19.9.3
2026.09.23.01:12:23 Info: set_instance_parameter_value dma_csr ACE_LITE_SUPPORT 0
2026.09.23.01:12:23 Info: set_instance_parameter_value dma_csr ADDR_WIDTH 16
2026.09.23.01:12:23 Info: set_instance_parameter_value dma_csr AXI_VERSION AXI4
2026.09.23.01:12:23 Info: set_instance_parameter_value dma_csr BACKPRESSURE_DURING_RESET 0
2026.09.23.01:12:23 Info: set_instance_parameter_value dma_csr COMBINED_ACCEPTANCE_CAPABILITY 1
2026.09.23.01:12:23 Info: set_instance_parameter_value dma_csr COMBINED_ISSUING_CAPABILITY 1
2026.09.23.01:12:23 Info: set_instance_parameter_value dma_csr DATA_WIDTH 64
2026.09.23.01:12:23 Info: set_instance_parameter_value dma_csr ENABLE_CONCURRENT_SUBORDINATE_ACCESS 0
2026.09.23.01:12:23 Info: set_instance_parameter_value dma_csr ENABLE_OOO 0
2026.09.23.01:12:23 Info: set_instance_parameter_value dma_csr M0_ID_WIDTH 18
2026.09.23.01:12:23 Info: set_instance_parameter_value dma_csr NO_REPEATED_IDS_BETWEEN_SUBORDINATES 0
2026.09.23.01:12:23 Info: set_instance_parameter_value dma_csr READ_ACCEPTANCE_CAPABILITY 1
2026.09.23.01:12:23 Info: set_instance_parameter_value dma_csr READ_ADDR_USER_WIDTH 1
2026.09.23.01:12:23 Info: set_instance_parameter_value dma_csr READ_DATA_REORDERING_DEPTH 1
2026.09.23.01:12:23 Info: set_instance_parameter_value dma_csr READ_DATA_USER_WIDTH 1
2026.09.23.01:12:23 Info: set_instance_parameter_value dma_csr READ_ISSUING_CAPABILITY 1
2026.09.23.01:12:23 Info: set_instance_parameter_value dma_csr S0_ID_WIDTH 18
2026.09.23.01:12:23 Info: set_instance_parameter_value dma_csr SYNC_RESET 0
2026.09.23.01:12:23 Info: set_instance_parameter_value dma_csr USE_M0_ARBURST 0
2026.09.23.01:12:23 Info: set_instance_parameter_value dma_csr USE_M0_ARCACHE 0
2026.09.23.01:12:23 Info: set_instance_parameter_value dma_csr USE_M0_ARID 1
2026.09.23.01:12:23 Info: set_instance_parameter_value dma_csr USE_M0_ARLEN 0
2026.09.23.01:12:23 Info: set_instance_parameter_value dma_csr USE_M0_ARLOCK 0
2026.09.23.01:12:23 Info: set_instance_parameter_value dma_csr USE_M0_ARQOS 0
2026.09.23.01:12:23 Info: set_instance_parameter_value dma_csr USE_M0_ARREGION 0
2026.09.23.01:12:23 Info: set_instance_parameter_value dma_csr USE_M0_ARSIZE 1
2026.09.23.01:12:23 Info: set_instance_parameter_value dma_csr USE_M0_ARUSER 1
2026.09.23.01:12:23 Info: set_instance_parameter_value dma_csr USE_M0_AWBURST 0
2026.09.23.01:12:23 Info: set_instance_parameter_value dma_csr USE_M0_AWCACHE 0
2026.09.23.01:12:23 Info: set_instance_parameter_value dma_csr USE_M0_AWID 1
2026.09.23.01:12:23 Info: set_instance_parameter_value dma_csr USE_M0_AWLEN 0
2026.09.23.01:12:23 Info: set_instance_parameter_value dma_csr USE_M0_AWLOCK 0
2026.09.23.01:12:23 Info: set_instance_parameter_value dma_csr USE_M0_AWQOS 0
2026.09.23.01:12:23 Info: set_instance_parameter_value dma_csr USE_M0_AWREGION 0
2026.09.23.01:12:23 Info: set_instance_parameter_value dma_csr USE_M0_AWSIZE 1
2026.09.23.01:12:23 Info: set_instance_parameter_value dma_csr USE_M0_AWUSER 1
2026.09.23.01:12:23 Info: set_instance_parameter_value dma_csr USE_M0_BID 1
2026.09.23.01:12:23 Info: set_instance_parameter_value dma_csr USE_M0_BRESP 0
2026.09.23.01:12:23 Info: set_instance_parameter_value dma_csr USE_M0_BUSER 1
2026.09.23.01:12:23 Info: set_instance_parameter_value dma_csr USE_M0_RID 1
2026.09.23.01:12:23 Info: set_instance_parameter_value dma_csr USE_M0_RLAST 0
2026.09.23.01:12:23 Info: set_instance_parameter_value dma_csr USE_M0_RRESP 1
2026.09.23.01:12:23 Info: set_instance_parameter_value dma_csr USE_M0_RUSER 1
2026.09.23.01:12:23 Info: set_instance_parameter_value dma_csr USE_M0_WSTRB 1
2026.09.23.01:12:23 Info: set_instance_parameter_value dma_csr USE_M0_WUSER 1
2026.09.23.01:12:23 Info: set_instance_parameter_value dma_csr USE_PIPELINE 1
2026.09.23.01:12:23 Info: set_instance_parameter_value dma_csr USE_S0_ARCACHE 0
2026.09.23.01:12:23 Info: set_instance_parameter_value dma_csr USE_S0_ARLOCK 0
2026.09.23.01:12:23 Info: set_instance_parameter_value dma_csr USE_S0_ARPROT 0
2026.09.23.01:12:23 Info: set_instance_parameter_value dma_csr USE_S0_ARQOS 0
2026.09.23.01:12:23 Info: set_instance_parameter_value dma_csr USE_S0_ARREGION 0
2026.09.23.01:12:23 Info: set_instance_parameter_value dma_csr USE_S0_ARUSER 1
2026.09.23.01:12:23 Info: set_instance_parameter_value dma_csr USE_S0_AWCACHE 0
2026.09.23.01:12:23 Info: set_instance_parameter_value dma_csr USE_S0_AWLOCK 0
2026.09.23.01:12:23 Info: set_instance_parameter_value dma_csr USE_S0_AWPROT 0
2026.09.23.01:12:23 Info: set_instance_parameter_value dma_csr USE_S0_AWQOS 0
2026.09.23.01:12:23 Info: set_instance_parameter_value dma_csr USE_S0_AWREGION 0
2026.09.23.01:12:23 Info: set_instance_parameter_value dma_csr USE_S0_AWUSER 1
2026.09.23.01:12:23 Info: set_instance_parameter_value dma_csr USE_S0_BRESP 0
2026.09.23.01:12:23 Info: set_instance_parameter_value dma_csr USE_S0_BUSER 1
2026.09.23.01:12:23 Info: set_instance_parameter_value dma_csr USE_S0_RRESP 1
2026.09.23.01:12:23 Info: set_instance_parameter_value dma_csr USE_S0_RUSER 1
2026.09.23.01:12:23 Info: set_instance_parameter_value dma_csr USE_S0_WLAST 0
2026.09.23.01:12:23 Info: set_instance_parameter_value dma_csr USE_S0_WUSER 1
2026.09.23.01:12:23 Info: set_instance_parameter_value dma_csr WRITE_ACCEPTANCE_CAPABILITY 1
2026.09.23.01:12:23 Info: set_instance_parameter_value dma_csr WRITE_ADDR_USER_WIDTH 1
2026.09.23.01:12:23 Info: set_instance_parameter_value dma_csr WRITE_DATA_USER_WIDTH 1
2026.09.23.01:12:23 Info: set_instance_parameter_value dma_csr WRITE_ISSUING_CAPABILITY 1
2026.09.23.01:12:23 Info: set_instance_parameter_value dma_csr WRITE_RESP_USER_WIDTH 1
2026.09.23.01:12:23 Info: add_connection clk_1x.out_clk dma_csr.clk
2026.09.23.01:12:23 Info: add_connection rst.out_reset dma_csr.clk_reset
2026.09.23.01:12:23 Info: add_connection mmio_control.m0/dma_csr.s0
2026.09.23.01:12:23 Info: set_connection_parameter_value mmio_control.m0/dma_csr.s0 arbitrationPriority 1
2026.09.23.01:12:23 Info: set_connection_parameter_value mmio_control.m0/dma_csr.s0 baseAddress 0x0
2026.09.23.01:12:23 Info: set_connection_parameter_value mmio_control.m0/dma_csr.s0 defaultConnection 0
2026.09.23.01:12:23 Info: add_connection mmio_control.m0/k0.csr_ring_root_avs
2026.09.23.01:12:23 Info: set_connection_parameter_value mmio_control.m0/k0.csr_ring_root_avs arbitrationPriority 1
2026.09.23.01:12:23 Info: set_connection_parameter_value mmio_control.m0/k0.csr_ring_root_avs baseAddress 0x10000
2026.09.23.01:12:23 Info: set_connection_parameter_value mmio_control.m0/k0.csr_ring_root_avs defaultConnection 0
2026.09.23.01:12:23 Info: add_interface mmio_control axi4 slave
2026.09.23.01:12:23 Info: set_interface_property mmio_control EXPORT_OF mmio_control.s0
2026.09.23.01:12:23 Info: add_interface dma_csr axi4 master
2026.09.23.01:12:23 Info: set_interface_property dma_csr EXPORT_OF dma_csr.m0
2026.09.23.01:12:23 Info: add_instance dma_ddr_in0 altera_axi_bridge 19.9.3
2026.09.23.01:12:23 Info: set_instance_parameter_value dma_ddr_in0 ACE_LITE_SUPPORT 0
2026.09.23.01:12:23 Info: set_instance_parameter_value dma_ddr_in0 ADDR_WIDTH 34
2026.09.23.01:12:23 Info: set_instance_parameter_value dma_ddr_in0 AXI_VERSION AXI4
2026.09.23.01:12:23 Info: set_instance_parameter_value dma_ddr_in0 BACKPRESSURE_DURING_RESET 0
2026.09.23.01:12:23 Info: set_instance_parameter_value dma_ddr_in0 COMBINED_ACCEPTANCE_CAPABILITY 64
2026.09.23.01:12:23 Info: set_instance_parameter_value dma_ddr_in0 COMBINED_ISSUING_CAPABILITY 64
2026.09.23.01:12:23 Info: set_instance_parameter_value dma_ddr_in0 DATA_WIDTH 512
2026.09.23.01:12:23 Info: set_instance_parameter_value dma_ddr_in0 ENABLE_CONCURRENT_SUBORDINATE_ACCESS 0
2026.09.23.01:12:23 Info: set_instance_parameter_value dma_ddr_in0 ENABLE_OOO 0
2026.09.23.01:12:23 Info: set_instance_parameter_value dma_ddr_in0 M0_ID_WIDTH 16
2026.09.23.01:12:23 Info: set_instance_parameter_value dma_ddr_in0 NO_REPEATED_IDS_BETWEEN_SUBORDINATES 0
2026.09.23.01:12:23 Info: set_instance_parameter_value dma_ddr_in0 READ_ACCEPTANCE_CAPABILITY 64
2026.09.23.01:12:23 Info: set_instance_parameter_value dma_ddr_in0 READ_ADDR_USER_WIDTH 2
2026.09.23.01:12:23 Info: set_instance_parameter_value dma_ddr_in0 READ_DATA_REORDERING_DEPTH 1
2026.09.23.01:12:23 Info: set_instance_parameter_value dma_ddr_in0 READ_DATA_USER_WIDTH 2
2026.09.23.01:12:23 Info: set_instance_parameter_value dma_ddr_in0 READ_ISSUING_CAPABILITY 64
2026.09.23.01:12:23 Info: set_instance_parameter_value dma_ddr_in0 S0_ID_WIDTH 16
2026.09.23.01:12:24 Info: set_instance_parameter_value dma_ddr_in0 SYNC_RESET 0
2026.09.23.01:12:24 Info: set_instance_parameter_value dma_ddr_in0 USE_M0_ARBURST 1
2026.09.23.01:12:24 Info: set_instance_parameter_value dma_ddr_in0 USE_M0_ARCACHE 1
2026.09.23.01:12:24 Info: set_instance_parameter_value dma_ddr_in0 USE_M0_ARID 1
2026.09.23.01:12:24 Info: set_instance_parameter_value dma_ddr_in0 USE_M0_ARLEN 1
2026.09.23.01:12:24 Info: set_instance_parameter_value dma_ddr_in0 USE_M0_ARLOCK 1
2026.09.23.01:12:24 Info: set_instance_parameter_value dma_ddr_in0 USE_M0_ARQOS 1
2026.09.23.01:12:24 Info: set_instance_parameter_value dma_ddr_in0 USE_M0_ARREGION 1
2026.09.23.01:12:24 Info: set_instance_parameter_value dma_ddr_in0 USE_M0_ARSIZE 1
2026.09.23.01:12:24 Info: set_instance_parameter_value dma_ddr_in0 USE_M0_ARUSER 1
2026.09.23.01:12:24 Info: set_instance_parameter_value dma_ddr_in0 USE_M0_AWBURST 1
2026.09.23.01:12:24 Info: set_instance_parameter_value dma_ddr_in0 USE_M0_AWCACHE 1
2026.09.23.01:12:24 Info: set_instance_parameter_value dma_ddr_in0 USE_M0_AWID 1
2026.09.23.01:12:24 Info: set_instance_parameter_value dma_ddr_in0 USE_M0_AWLEN 1
2026.09.23.01:12:24 Info: set_instance_parameter_value dma_ddr_in0 USE_M0_AWLOCK 1
2026.09.23.01:12:24 Info: set_instance_parameter_value dma_ddr_in0 USE_M0_AWQOS 1
2026.09.23.01:12:24 Info: set_instance_parameter_value dma_ddr_in0 USE_M0_AWREGION 1
2026.09.23.01:12:24 Info: set_instance_parameter_value dma_ddr_in0 USE_M0_AWSIZE 1
2026.09.23.01:12:24 Info: set_instance_parameter_value dma_ddr_in0 USE_M0_AWUSER 1
2026.09.23.01:12:24 Info: set_instance_parameter_value dma_ddr_in0 USE_M0_BID 1
2026.09.23.01:12:24 Info: set_instance_parameter_value dma_ddr_in0 USE_M0_BRESP 1
2026.09.23.01:12:24 Info: set_instance_parameter_value dma_ddr_in0 USE_M0_BUSER 1
2026.09.23.01:12:24 Info: set_instance_parameter_value dma_ddr_in0 USE_M0_RID 1
2026.09.23.01:12:24 Info: set_instance_parameter_value dma_ddr_in0 USE_M0_RLAST 1
2026.09.23.01:12:24 Info: set_instance_parameter_value dma_ddr_in0 USE_M0_RRESP 1
2026.09.23.01:12:24 Info: set_instance_parameter_value dma_ddr_in0 USE_M0_RUSER 1
2026.09.23.01:12:24 Info: set_instance_parameter_value dma_ddr_in0 USE_M0_WSTRB 1
2026.09.23.01:12:24 Info: set_instance_parameter_value dma_ddr_in0 USE_M0_WUSER 1
2026.09.23.01:12:24 Info: set_instance_parameter_value dma_ddr_in0 USE_PIPELINE 1
2026.09.23.01:12:24 Info: set_instance_parameter_value dma_ddr_in0 USE_S0_ARCACHE 1
2026.09.23.01:12:24 Info: set_instance_parameter_value dma_ddr_in0 USE_S0_ARLOCK 1
2026.09.23.01:12:24 Info: set_instance_parameter_value dma_ddr_in0 USE_S0_ARPROT 1
2026.09.23.01:12:24 Info: set_instance_parameter_value dma_ddr_in0 USE_S0_ARQOS 1
2026.09.23.01:12:24 Info: set_instance_parameter_value dma_ddr_in0 USE_S0_ARREGION 1
2026.09.23.01:12:24 Info: set_instance_parameter_value dma_ddr_in0 USE_S0_ARUSER 1
2026.09.23.01:12:24 Info: set_instance_parameter_value dma_ddr_in0 USE_S0_AWCACHE 1
2026.09.23.01:12:24 Info: set_instance_parameter_value dma_ddr_in0 USE_S0_AWLOCK 1
2026.09.23.01:12:24 Info: set_instance_parameter_value dma_ddr_in0 USE_S0_AWPROT 1
2026.09.23.01:12:24 Info: set_instance_parameter_value dma_ddr_in0 USE_S0_AWQOS 1
2026.09.23.01:12:24 Info: set_instance_parameter_value dma_ddr_in0 USE_S0_AWREGION 1
2026.09.23.01:12:24 Info: set_instance_parameter_value dma_ddr_in0 USE_S0_AWUSER 1
2026.09.23.01:12:24 Info: set_instance_parameter_value dma_ddr_in0 USE_S0_BRESP 1
2026.09.23.01:12:24 Info: set_instance_parameter_value dma_ddr_in0 USE_S0_BUSER 1
2026.09.23.01:12:24 Info: set_instance_parameter_value dma_ddr_in0 USE_S0_RRESP 1
2026.09.23.01:12:24 Info: set_instance_parameter_value dma_ddr_in0 USE_S0_RUSER 1
2026.09.23.01:12:24 Info: set_instance_parameter_value dma_ddr_in0 USE_S0_WLAST 1
2026.09.23.01:12:24 Info: set_instance_parameter_value dma_ddr_in0 USE_S0_WUSER 1
2026.09.23.01:12:24 Info: set_instance_parameter_value dma_ddr_in0 WRITE_ACCEPTANCE_CAPABILITY 64
2026.09.23.01:12:24 Info: set_instance_parameter_value dma_ddr_in0 WRITE_ADDR_USER_WIDTH 2
2026.09.23.01:12:24 Info: set_instance_parameter_value dma_ddr_in0 WRITE_DATA_USER_WIDTH 2
2026.09.23.01:12:24 Info: set_instance_parameter_value dma_ddr_in0 WRITE_ISSUING_CAPABILITY 64
2026.09.23.01:12:24 Info: set_instance_parameter_value dma_ddr_in0 WRITE_RESP_USER_WIDTH 2
2026.09.23.01:12:24 Info: add_connection clk_1x.out_clk dma_ddr_in0.clk
2026.09.23.01:12:24 Info: add_connection rst.out_reset dma_ddr_in0.clk_reset
2026.09.23.01:12:24 Info: add_instance bank_out0 altera_axi_bridge 19.9.3
2026.09.23.01:12:24 Info: set_instance_parameter_value bank_out0 ACE_LITE_SUPPORT 0
2026.09.23.01:12:24 Info: set_instance_parameter_value bank_out0 ADDR_WIDTH 34
2026.09.23.01:12:24 Info: set_instance_parameter_value bank_out0 AXI_VERSION AXI4
2026.09.23.01:12:24 Info: set_instance_parameter_value bank_out0 BACKPRESSURE_DURING_RESET 0
2026.09.23.01:12:24 Info: set_instance_parameter_value bank_out0 COMBINED_ACCEPTANCE_CAPABILITY 64
2026.09.23.01:12:24 Info: set_instance_parameter_value bank_out0 COMBINED_ISSUING_CAPABILITY 64
2026.09.23.01:12:24 Info: set_instance_parameter_value bank_out0 DATA_WIDTH 512
2026.09.23.01:12:25 Info: set_instance_parameter_value bank_out0 ENABLE_CONCURRENT_SUBORDINATE_ACCESS 0
2026.09.23.01:12:25 Info: set_instance_parameter_value bank_out0 ENABLE_OOO 0
2026.09.23.01:12:25 Info: set_instance_parameter_value bank_out0 M0_ID_WIDTH 18
2026.09.23.01:12:25 Info: set_instance_parameter_value bank_out0 NO_REPEATED_IDS_BETWEEN_SUBORDINATES 0
2026.09.23.01:12:25 Info: set_instance_parameter_value bank_out0 READ_ACCEPTANCE_CAPABILITY 64
2026.09.23.01:12:25 Info: set_instance_parameter_value bank_out0 READ_ADDR_USER_WIDTH 2
2026.09.23.01:12:25 Info: set_instance_parameter_value bank_out0 READ_DATA_REORDERING_DEPTH 1
2026.09.23.01:12:25 Info: set_instance_parameter_value bank_out0 READ_DATA_USER_WIDTH 2
2026.09.23.01:12:25 Info: set_instance_parameter_value bank_out0 READ_ISSUING_CAPABILITY 64
2026.09.23.01:12:25 Info: set_instance_parameter_value bank_out0 S0_ID_WIDTH 18
2026.09.23.01:12:25 Info: set_instance_parameter_value bank_out0 SYNC_RESET 0
2026.09.23.01:12:25 Info: set_instance_parameter_value bank_out0 USE_M0_ARBURST 1
2026.09.23.01:12:25 Info: set_instance_parameter_value bank_out0 USE_M0_ARCACHE 1
2026.09.23.01:12:25 Info: set_instance_parameter_value bank_out0 USE_M0_ARID 1
2026.09.23.01:12:25 Info: set_instance_parameter_value bank_out0 USE_M0_ARLEN 1
2026.09.23.01:12:25 Info: set_instance_parameter_value bank_out0 USE_M0_ARLOCK 1
2026.09.23.01:12:25 Info: set_instance_parameter_value bank_out0 USE_M0_ARQOS 1
2026.09.23.01:12:25 Info: set_instance_parameter_value bank_out0 USE_M0_ARREGION 1
2026.09.23.01:12:25 Info: set_instance_parameter_value bank_out0 USE_M0_ARSIZE 1
2026.09.23.01:12:25 Info: set_instance_parameter_value bank_out0 USE_M0_ARUSER 1
2026.09.23.01:12:25 Info: set_instance_parameter_value bank_out0 USE_M0_AWBURST 1
2026.09.23.01:12:25 Info: set_instance_parameter_value bank_out0 USE_M0_AWCACHE 1
2026.09.23.01:12:25 Info: set_instance_parameter_value bank_out0 USE_M0_AWID 1
2026.09.23.01:12:25 Info: set_instance_parameter_value bank_out0 USE_M0_AWLEN 1
2026.09.23.01:12:25 Info: set_instance_parameter_value bank_out0 USE_M0_AWLOCK 1
2026.09.23.01:12:25 Info: set_instance_parameter_value bank_out0 USE_M0_AWQOS 1
2026.09.23.01:12:25 Info: set_instance_parameter_value bank_out0 USE_M0_AWREGION 1
2026.09.23.01:12:25 Info: set_instance_parameter_value bank_out0 USE_M0_AWSIZE 1
2026.09.23.01:12:25 Info: set_instance_parameter_value bank_out0 USE_M0_AWUSER 1
2026.09.23.01:12:25 Info: set_instance_parameter_value bank_out0 USE_M0_BID 1
2026.09.23.01:12:25 Info: set_instance_parameter_value bank_out0 USE_M0_BRESP 1
2026.09.23.01:12:25 Info: set_instance_parameter_value bank_out0 USE_M0_BUSER 1
2026.09.23.01:12:25 Info: set_instance_parameter_value bank_out0 USE_M0_RID 1
2026.09.23.01:12:25 Info: set_instance_parameter_value bank_out0 USE_M0_RLAST 1
2026.09.23.01:12:25 Info: set_instance_parameter_value bank_out0 USE_M0_RRESP 1
2026.09.23.01:12:25 Info: set_instance_parameter_value bank_out0 USE_M0_RUSER 1
2026.09.23.01:12:25 Info: set_instance_parameter_value bank_out0 USE_M0_WSTRB 1
2026.09.23.01:12:25 Info: set_instance_parameter_value bank_out0 USE_M0_WUSER 1
2026.09.23.01:12:25 Info: set_instance_parameter_value bank_out0 USE_PIPELINE 1
2026.09.23.01:12:25 Info: set_instance_parameter_value bank_out0 USE_S0_ARCACHE 1
2026.09.23.01:12:25 Info: set_instance_parameter_value bank_out0 USE_S0_ARLOCK 1
2026.09.23.01:12:25 Info: set_instance_parameter_value bank_out0 USE_S0_ARPROT 1
2026.09.23.01:12:25 Info: set_instance_parameter_value bank_out0 USE_S0_ARQOS 1
2026.09.23.01:12:25 Info: set_instance_parameter_value bank_out0 USE_S0_ARREGION 1
2026.09.23.01:12:25 Info: set_instance_parameter_value bank_out0 USE_S0_ARUSER 1
2026.09.23.01:12:25 Info: set_instance_parameter_value bank_out0 USE_S0_AWCACHE 1
2026.09.23.01:12:25 Info: set_instance_parameter_value bank_out0 USE_S0_AWLOCK 1
2026.09.23.01:12:25 Info: set_instance_parameter_value bank_out0 USE_S0_AWPROT 1
2026.09.23.01:12:25 Info: set_instance_parameter_value bank_out0 USE_S0_AWQOS 1
2026.09.23.01:12:25 Info: set_instance_parameter_value bank_out0 USE_S0_AWREGION 1
2026.09.23.01:12:25 Info: set_instance_parameter_value bank_out0 USE_S0_AWUSER 1
2026.09.23.01:12:25 Info: set_instance_parameter_value bank_out0 USE_S0_BRESP 1
2026.09.23.01:12:25 Info: set_instance_parameter_value bank_out0 USE_S0_BUSER 1
2026.09.23.01:12:25 Info: set_instance_parameter_value bank_out0 USE_S0_RRESP 1
2026.09.23.01:12:25 Info: set_instance_parameter_value bank_out0 USE_S0_RUSER 1
2026.09.23.01:12:25 Info: set_instance_parameter_value bank_out0 USE_S0_WLAST 1
2026.09.23.01:12:25 Info: set_instance_parameter_value bank_out0 USE_S0_WUSER 1
2026.09.23.01:12:25 Info: set_instance_parameter_value bank_out0 WRITE_ACCEPTANCE_CAPABILITY 64
2026.09.23.01:12:25 Info: set_instance_parameter_value bank_out0 WRITE_ADDR_USER_WIDTH 2
2026.09.23.01:12:25 Info: set_instance_parameter_value bank_out0 WRITE_DATA_USER_WIDTH 2
2026.09.23.01:12:25 Info: set_instance_parameter_value bank_out0 WRITE_ISSUING_CAPABILITY 64
2026.09.23.01:12:25 Info: set_instance_parameter_value bank_out0 WRITE_RESP_USER_WIDTH 2
2026.09.23.01:12:25 Info: add_connection clk_1x.out_clk bank_out0.clk
2026.09.23.01:12:25 Info: add_connection rst.out_reset bank_out0.clk_reset
2026.09.23.01:12:25 Info: add_connection dma_ddr_in0.m0/bank_out0.s0
2026.09.23.01:12:25 Info: set_connection_parameter_value dma_ddr_in0.m0/bank_out0.s0 arbitrationPriority 1
2026.09.23.01:12:25 Info: set_connection_parameter_value dma_ddr_in0.m0/bank_out0.s0 baseAddress 0x0
2026.09.23.01:12:25 Info: set_connection_parameter_value dma_ddr_in0.m0/bank_out0.s0 defaultConnection 0
2026.09.23.01:12:25 Info: add_connection k0.avm_mem_gmem0_1_port_0_0_rw/bank_out0.s0
2026.09.23.01:12:25 Info: set_connection_parameter_value k0.avm_mem_gmem0_1_port_0_0_rw/bank_out0.s0 arbitrationPriority 1
2026.09.23.01:12:25 Info: set_connection_parameter_value k0.avm_mem_gmem0_1_port_0_0_rw/bank_out0.s0 baseAddress 0x0
2026.09.23.01:12:25 Info: set_connection_parameter_value k0.avm_mem_gmem0_1_port_0_0_rw/bank_out0.s0 defaultConnection 0
2026.09.23.01:12:25 Info: add_interface dma_ddr_in0 axi4 slave
2026.09.23.01:12:25 Info: set_interface_property dma_ddr_in0 EXPORT_OF dma_ddr_in0.s0
2026.09.23.01:12:25 Info: add_interface bank_out0 axi4 master
2026.09.23.01:12:25 Info: set_interface_property bank_out0 EXPORT_OF bank_out0.m0
2026.09.23.01:12:25 Info: add_instance dma_ddr_in1 altera_axi_bridge 19.9.3
2026.09.23.01:12:25 Info: set_instance_parameter_value dma_ddr_in1 ACE_LITE_SUPPORT 0
2026.09.23.01:12:25 Info: set_instance_parameter_value dma_ddr_in1 ADDR_WIDTH 34
2026.09.23.01:12:25 Info: set_instance_parameter_value dma_ddr_in1 AXI_VERSION AXI4
2026.09.23.01:12:25 Info: set_instance_parameter_value dma_ddr_in1 BACKPRESSURE_DURING_RESET 0
2026.09.23.01:12:25 Info: set_instance_parameter_value dma_ddr_in1 COMBINED_ACCEPTANCE_CAPABILITY 64
2026.09.23.01:12:25 Info: set_instance_parameter_value dma_ddr_in1 COMBINED_ISSUING_CAPABILITY 64
2026.09.23.01:12:25 Info: set_instance_parameter_value dma_ddr_in1 DATA_WIDTH 512
2026.09.23.01:12:25 Info: set_instance_parameter_value dma_ddr_in1 ENABLE_CONCURRENT_SUBORDINATE_ACCESS 0
2026.09.23.01:12:25 Info: set_instance_parameter_value dma_ddr_in1 ENABLE_OOO 0
2026.09.23.01:12:25 Info: set_instance_parameter_value dma_ddr_in1 M0_ID_WIDTH 16
2026.09.23.01:12:25 Info: set_instance_parameter_value dma_ddr_in1 NO_REPEATED_IDS_BETWEEN_SUBORDINATES 0
2026.09.23.01:12:25 Info: set_instance_parameter_value dma_ddr_in1 READ_ACCEPTANCE_CAPABILITY 64
2026.09.23.01:12:25 Info: set_instance_parameter_value dma_ddr_in1 READ_ADDR_USER_WIDTH 2
2026.09.23.01:12:25 Info: set_instance_parameter_value dma_ddr_in1 READ_DATA_REORDERING_DEPTH 1
2026.09.23.01:12:25 Info: set_instance_parameter_value dma_ddr_in1 READ_DATA_USER_WIDTH 2
2026.09.23.01:12:25 Info: set_instance_parameter_value dma_ddr_in1 READ_ISSUING_CAPABILITY 64
2026.09.23.01:12:25 Info: set_instance_parameter_value dma_ddr_in1 S0_ID_WIDTH 16
2026.09.23.01:12:25 Info: set_instance_parameter_value dma_ddr_in1 SYNC_RESET 0
2026.09.23.01:12:25 Info: set_instance_parameter_value dma_ddr_in1 USE_M0_ARBURST 1
2026.09.23.01:12:25 Info: set_instance_parameter_value dma_ddr_in1 USE_M0_ARCACHE 1
2026.09.23.01:12:25 Info: set_instance_parameter_value dma_ddr_in1 USE_M0_ARID 1
2026.09.23.01:12:25 Info: set_instance_parameter_value dma_ddr_in1 USE_M0_ARLEN 1
2026.09.23.01:12:25 Info: set_instance_parameter_value dma_ddr_in1 USE_M0_ARLOCK 1
2026.09.23.01:12:25 Info: set_instance_parameter_value dma_ddr_in1 USE_M0_ARQOS 1
2026.09.23.01:12:25 Info: set_instance_parameter_value dma_ddr_in1 USE_M0_ARREGION 1
2026.09.23.01:12:25 Info: set_instance_parameter_value dma_ddr_in1 USE_M0_ARSIZE 1
2026.09.23.01:12:25 Info: set_instance_parameter_value dma_ddr_in1 USE_M0_ARUSER 1
2026.09.23.01:12:25 Info: set_instance_parameter_value dma_ddr_in1 USE_M0_AWBURST 1
2026.09.23.01:12:25 Info: set_instance_parameter_value dma_ddr_in1 USE_M0_AWCACHE 1
2026.09.23.01:12:25 Info: set_instance_parameter_value dma_ddr_in1 USE_M0_AWID 1
2026.09.23.01:12:25 Info: set_instance_parameter_value dma_ddr_in1 USE_M0_AWLEN 1
2026.09.23.01:12:25 Info: set_instance_parameter_value dma_ddr_in1 USE_M0_AWLOCK 1
2026.09.23.01:12:25 Info: set_instance_parameter_value dma_ddr_in1 USE_M0_AWQOS 1
2026.09.23.01:12:25 Info: set_instance_parameter_value dma_ddr_in1 USE_M0_AWREGION 1
2026.09.23.01:12:25 Info: set_instance_parameter_value dma_ddr_in1 USE_M0_AWSIZE 1
2026.09.23.01:12:25 Info: set_instance_parameter_value dma_ddr_in1 USE_M0_AWUSER 1
2026.09.23.01:12:25 Info: set_instance_parameter_value dma_ddr_in1 USE_M0_BID 1
2026.09.23.01:12:25 Info: set_instance_parameter_value dma_ddr_in1 USE_M0_BRESP 1
2026.09.23.01:12:25 Info: set_instance_parameter_value dma_ddr_in1 USE_M0_BUSER 1
2026.09.23.01:12:25 Info: set_instance_parameter_value dma_ddr_in1 USE_M0_RID 1
2026.09.23.01:12:25 Info: set_instance_parameter_value dma_ddr_in1 USE_M0_RLAST 1
2026.09.23.01:12:25 Info: set_instance_parameter_value dma_ddr_in1 USE_M0_RRESP 1
2026.09.23.01:12:25 Info: set_instance_parameter_value dma_ddr_in1 USE_M0_RUSER 1
2026.09.23.01:12:25 Info: set_instance_parameter_value dma_ddr_in1 USE_M0_WSTRB 1
2026.09.23.01:12:25 Info: set_instance_parameter_value dma_ddr_in1 USE_M0_WUSER 1
2026.09.23.01:12:25 Info: set_instance_parameter_value dma_ddr_in1 USE_PIPELINE 1
2026.09.23.01:12:25 Info: set_instance_parameter_value dma_ddr_in1 USE_S0_ARCACHE 1
2026.09.23.01:12:25 Info: set_instance_parameter_value dma_ddr_in1 USE_S0_ARLOCK 1
2026.09.23.01:12:25 Info: set_instance_parameter_value dma_ddr_in1 USE_S0_ARPROT 1
2026.09.23.01:12:25 Info: set_instance_parameter_value dma_ddr_in1 USE_S0_ARQOS 1
2026.09.23.01:12:25 Info: set_instance_parameter_value dma_ddr_in1 USE_S0_ARREGION 1
2026.09.23.01:12:25 Info: set_instance_parameter_value dma_ddr_in1 USE_S0_ARUSER 1
2026.09.23.01:12:25 Info: set_instance_parameter_value dma_ddr_in1 USE_S0_AWCACHE 1
2026.09.23.01:12:25 Info: set_instance_parameter_value dma_ddr_in1 USE_S0_AWLOCK 1
2026.09.23.01:12:25 Info: set_instance_parameter_value dma_ddr_in1 USE_S0_AWPROT 1
2026.09.23.01:12:25 Info: set_instance_parameter_value dma_ddr_in1 USE_S0_AWQOS 1
2026.09.23.01:12:25 Info: set_instance_parameter_value dma_ddr_in1 USE_S0_AWREGION 1
2026.09.23.01:12:25 Info: set_instance_parameter_value dma_ddr_in1 USE_S0_AWUSER 1
2026.09.23.01:12:25 Info: set_instance_parameter_value dma_ddr_in1 USE_S0_BRESP 1
2026.09.23.01:12:25 Info: set_instance_parameter_value dma_ddr_in1 USE_S0_BUSER 1
2026.09.23.01:12:25 Info: set_instance_parameter_value dma_ddr_in1 USE_S0_RRESP 1
2026.09.23.01:12:25 Info: set_instance_parameter_value dma_ddr_in1 USE_S0_RUSER 1
2026.09.23.01:12:25 Info: set_instance_parameter_value dma_ddr_in1 USE_S0_WLAST 1
2026.09.23.01:12:25 Info: set_instance_parameter_value dma_ddr_in1 USE_S0_WUSER 1
2026.09.23.01:12:25 Info: set_instance_parameter_value dma_ddr_in1 WRITE_ACCEPTANCE_CAPABILITY 64
2026.09.23.01:12:25 Info: set_instance_parameter_value dma_ddr_in1 WRITE_ADDR_USER_WIDTH 2
2026.09.23.01:12:25 Info: set_instance_parameter_value dma_ddr_in1 WRITE_DATA_USER_WIDTH 2
2026.09.23.01:12:25 Info: set_instance_parameter_value dma_ddr_in1 WRITE_ISSUING_CAPABILITY 64
2026.09.23.01:12:25 Info: set_instance_parameter_value dma_ddr_in1 WRITE_RESP_USER_WIDTH 2
2026.09.23.01:12:25 Info: add_connection clk_1x.out_clk dma_ddr_in1.clk
2026.09.23.01:12:25 Info: add_connection rst.out_reset dma_ddr_in1.clk_reset
2026.09.23.01:12:25 Info: add_instance bank_out1 altera_axi_bridge 19.9.3
2026.09.23.01:12:25 Info: set_instance_parameter_value bank_out1 ACE_LITE_SUPPORT 0
2026.09.23.01:12:25 Info: set_instance_parameter_value bank_out1 ADDR_WIDTH 34
2026.09.23.01:12:25 Info: set_instance_parameter_value bank_out1 AXI_VERSION AXI4
2026.09.23.01:12:26 Info: set_instance_parameter_value bank_out1 BACKPRESSURE_DURING_RESET 0
2026.09.23.01:12:26 Info: set_instance_parameter_value bank_out1 COMBINED_ACCEPTANCE_CAPABILITY 64
2026.09.23.01:12:26 Info: set_instance_parameter_value bank_out1 COMBINED_ISSUING_CAPABILITY 64
2026.09.23.01:12:26 Info: set_instance_parameter_value bank_out1 DATA_WIDTH 512
2026.09.23.01:12:26 Info: set_instance_parameter_value bank_out1 ENABLE_CONCURRENT_SUBORDINATE_ACCESS 0
2026.09.23.01:12:26 Info: set_instance_parameter_value bank_out1 ENABLE_OOO 0
2026.09.23.01:12:26 Info: set_instance_parameter_value bank_out1 M0_ID_WIDTH 18
2026.09.23.01:12:26 Info: set_instance_parameter_value bank_out1 NO_REPEATED_IDS_BETWEEN_SUBORDINATES 0
2026.09.23.01:12:26 Info: set_instance_parameter_value bank_out1 READ_ACCEPTANCE_CAPABILITY 64
2026.09.23.01:12:26 Info: set_instance_parameter_value bank_out1 READ_ADDR_USER_WIDTH 2
2026.09.23.01:12:26 Info: set_instance_parameter_value bank_out1 READ_DATA_REORDERING_DEPTH 1
2026.09.23.01:12:26 Info: set_instance_parameter_value bank_out1 READ_DATA_USER_WIDTH 2
2026.09.23.01:12:26 Info: set_instance_parameter_value bank_out1 READ_ISSUING_CAPABILITY 64
2026.09.23.01:12:26 Info: set_instance_parameter_value bank_out1 S0_ID_WIDTH 18
2026.09.23.01:12:26 Info: set_instance_parameter_value bank_out1 SYNC_RESET 0
2026.09.23.01:12:26 Info: set_instance_parameter_value bank_out1 USE_M0_ARBURST 1
2026.09.23.01:12:26 Info: set_instance_parameter_value bank_out1 USE_M0_ARCACHE 1
2026.09.23.01:12:26 Info: set_instance_parameter_value bank_out1 USE_M0_ARID 1
2026.09.23.01:12:26 Info: set_instance_parameter_value bank_out1 USE_M0_ARLEN 1
2026.09.23.01:12:26 Info: set_instance_parameter_value bank_out1 USE_M0_ARLOCK 1
2026.09.23.01:12:26 Info: set_instance_parameter_value bank_out1 USE_M0_ARQOS 1
2026.09.23.01:12:26 Info: set_instance_parameter_value bank_out1 USE_M0_ARREGION 1
2026.09.23.01:12:26 Info: set_instance_parameter_value bank_out1 USE_M0_ARSIZE 1
2026.09.23.01:12:26 Info: set_instance_parameter_value bank_out1 USE_M0_ARUSER 1
2026.09.23.01:12:26 Info: set_instance_parameter_value bank_out1 USE_M0_AWBURST 1
2026.09.23.01:12:26 Info: set_instance_parameter_value bank_out1 USE_M0_AWCACHE 1
2026.09.23.01:12:26 Info: set_instance_parameter_value bank_out1 USE_M0_AWID 1
2026.09.23.01:12:26 Info: set_instance_parameter_value bank_out1 USE_M0_AWLEN 1
2026.09.23.01:12:26 Info: set_instance_parameter_value bank_out1 USE_M0_AWLOCK 1
2026.09.23.01:12:26 Info: set_instance_parameter_value bank_out1 USE_M0_AWQOS 1
2026.09.23.01:12:26 Info: set_instance_parameter_value bank_out1 USE_M0_AWREGION 1
2026.09.23.01:12:26 Info: set_instance_parameter_value bank_out1 USE_M0_AWSIZE 1
2026.09.23.01:12:26 Info: set_instance_parameter_value bank_out1 USE_M0_AWUSER 1
2026.09.23.01:12:26 Info: set_instance_parameter_value bank_out1 USE_M0_BID 1
2026.09.23.01:12:26 Info: set_instance_parameter_value bank_out1 USE_M0_BRESP 1
2026.09.23.01:12:26 Info: set_instance_parameter_value bank_out1 USE_M0_BUSER 1
2026.09.23.01:12:26 Info: set_instance_parameter_value bank_out1 USE_M0_RID 1
2026.09.23.01:12:26 Info: set_instance_parameter_value bank_out1 USE_M0_RLAST 1
2026.09.23.01:12:26 Info: set_instance_parameter_value bank_out1 USE_M0_RRESP 1
2026.09.23.01:12:26 Info: set_instance_parameter_value bank_out1 USE_M0_RUSER 1
2026.09.23.01:12:26 Info: set_instance_parameter_value bank_out1 USE_M0_WSTRB 1
2026.09.23.01:12:26 Info: set_instance_parameter_value bank_out1 USE_M0_WUSER 1
2026.09.23.01:12:26 Info: set_instance_parameter_value bank_out1 USE_PIPELINE 1
2026.09.23.01:12:26 Info: set_instance_parameter_value bank_out1 USE_S0_ARCACHE 1
2026.09.23.01:12:26 Info: set_instance_parameter_value bank_out1 USE_S0_ARLOCK 1
2026.09.23.01:12:26 Info: set_instance_parameter_value bank_out1 USE_S0_ARPROT 1
2026.09.23.01:12:26 Info: set_instance_parameter_value bank_out1 USE_S0_ARQOS 1
2026.09.23.01:12:26 Info: set_instance_parameter_value bank_out1 USE_S0_ARREGION 1
2026.09.23.01:12:26 Info: set_instance_parameter_value bank_out1 USE_S0_ARUSER 1
2026.09.23.01:12:26 Info: set_instance_parameter_value bank_out1 USE_S0_AWCACHE 1
2026.09.23.01:12:26 Info: set_instance_parameter_value bank_out1 USE_S0_AWLOCK 1
2026.09.23.01:12:26 Info: set_instance_parameter_value bank_out1 USE_S0_AWPROT 1
2026.09.23.01:12:26 Info: set_instance_parameter_value bank_out1 USE_S0_AWQOS 1
2026.09.23.01:12:26 Info: set_instance_parameter_value bank_out1 USE_S0_AWREGION 1
2026.09.23.01:12:26 Info: set_instance_parameter_value bank_out1 USE_S0_AWUSER 1
2026.09.23.01:12:26 Info: set_instance_parameter_value bank_out1 USE_S0_BRESP 1
2026.09.23.01:12:26 Info: set_instance_parameter_value bank_out1 USE_S0_BUSER 1
2026.09.23.01:12:26 Info: set_instance_parameter_value bank_out1 USE_S0_RRESP 1
2026.09.23.01:12:26 Info: set_instance_parameter_value bank_out1 USE_S0_RUSER 1
2026.09.23.01:12:26 Info: set_instance_parameter_value bank_out1 USE_S0_WLAST 1
2026.09.23.01:12:26 Info: set_instance_parameter_value bank_out1 USE_S0_WUSER 1
2026.09.23.01:12:26 Info: set_instance_parameter_value bank_out1 WRITE_ACCEPTANCE_CAPABILITY 64
2026.09.23.01:12:26 Info: set_instance_parameter_value bank_out1 WRITE_ADDR_USER_WIDTH 2
2026.09.23.01:12:26 Info: set_instance_parameter_value bank_out1 WRITE_DATA_USER_WIDTH 2
2026.09.23.01:12:26 Info: set_instance_parameter_value bank_out1 WRITE_ISSUING_CAPABILITY 64
2026.09.23.01:12:26 Info: set_instance_parameter_value bank_out1 WRITE_RESP_USER_WIDTH 2
2026.09.23.01:12:26 Info: add_connection clk_1x.out_clk bank_out1.clk
2026.09.23.01:12:26 Info: add_connection rst.out_reset bank_out1.clk_reset
2026.09.23.01:12:26 Info: add_connection dma_ddr_in1.m0/bank_out1.s0
2026.09.23.01:12:26 Info: set_connection_parameter_value dma_ddr_in1.m0/bank_out1.s0 arbitrationPriority 1
2026.09.23.01:12:26 Info: set_connection_parameter_value dma_ddr_in1.m0/bank_out1.s0 baseAddress 0x0
2026.09.23.01:12:26 Info: set_connection_parameter_value dma_ddr_in1.m0/bank_out1.s0 defaultConnection 0
2026.09.23.01:12:26 Info: add_connection k0.avm_mem_gmem1_2_port_0_0_rw/bank_out1.s0
2026.09.23.01:12:26 Info: set_connection_parameter_value k0.avm_mem_gmem1_2_port_0_0_rw/bank_out1.s0 arbitrationPriority 1
2026.09.23.01:12:26 Info: set_connection_parameter_value k0.avm_mem_gmem1_2_port_0_0_rw/bank_out1.s0 baseAddress 0x0
2026.09.23.01:12:26 Info: set_connection_parameter_value k0.avm_mem_gmem1_2_port_0_0_rw/bank_out1.s0 defaultConnection 0
2026.09.23.01:12:26 Info: add_interface dma_ddr_in1 axi4 slave
2026.09.23.01:12:26 Info: set_interface_property dma_ddr_in1 EXPORT_OF dma_ddr_in1.s0
2026.09.23.01:12:26 Info: add_interface bank_out1 axi4 master
2026.09.23.01:12:26 Info: set_interface_property bank_out1 EXPORT_OF bank_out1.m0
2026.09.23.01:12:26 Info: add_interface kernel_irqs irq sender
2026.09.23.01:12:26 Info: set_interface_property kernel_irqs EXPORT_OF k0.kernel_irqs
2026.09.23.01:12:26 Info: add_interface freeze conduit end
2026.09.23.01:12:26 Info: set_interface_property freeze EXPORT_OF k0.freeze
2026.09.23.01:12:26 Info: add_interface device_exception_bus conduit end
2026.09.23.01:12:26 Info: set_interface_property device_exception_bus EXPORT_OF k0.device_exception_bus
2026.09.23.01:12:26 Error: invalid command name "set_interconnect_requirement"
