Info: Generated by version: 26.1.1 build 130
Info: Starting: Create simulation model
Info: qsys-generate /home/uwb_student00/ahls/new_BSP/work_ia840f_fim_06/syn/board/ia840f/syn_top/../../../../ipss/ia840f/bwbmc/ip/bmc_spi_sub/sdm_reset.ip --simulation=VERILOG --allow-mixed-language-simulation --simulator=MODELSIM --output-directory=/home/uwb_student00/ahls/new_BSP/work_ia840f_fim_06/ipss/ia840f/bwbmc/ip/bmc_spi_sub/sdm_reset --family="Agilex 7" --part=AGFB027R25A2E2V
Info: sdm_reset: "Transforming system: sdm_reset"
Info: sdm_reset: "Naming system components in system: sdm_reset"
Info: sdm_reset: "Processing generation queue"
Info: sdm_reset: "Generating: sdm_reset"
Info: sdm_reset: Done "sdm_reset" with 1 modules, 1 files
Info: Generating the following file(s) for MODELSIM simulator in /home/uwb_student00/ahls/new_BSP/work_ia840f_fim_06/ipss/ia840f/bwbmc/ip/bmc_spi_sub/sdm_reset/sim/ directory:
Info: 	common/modelsim_files.tcl
Info: For information on how to simulate your IP, see the explanatory comments in the simulator-specific subdirectories under /home/uwb_student00/ahls/new_BSP/work_ia840f_fim_06/ipss/ia840f/bwbmc/ip/bmc_spi_sub/sdm_reset/sim/.
Info: Regenerate these scripts whenever you make any change to any Quartus-generated IP in your project.
Info: Finished: Create simulation model
Info: Starting: Create simulation script
Info: sim-script-gen --system-file=/home/uwb_student00/ahls/new_BSP/work_ia840f_fim_06/syn/board/ia840f/syn_top/../../../../ipss/ia840f/bwbmc/ip/bmc_spi_sub/sdm_reset.ip --simulator=MODELSIM --output-directory=/home/uwb_student00/ahls/new_BSP/work_ia840f_fim_06/ipss/ia840f/bwbmc/ip/bmc_spi_sub/sdm_reset/sim/ --use-relative-paths=true --modelsim-flow=traditional
Info: Generating the following file(s) for MODELSIM simulator in /home/uwb_student00/ahls/new_BSP/work_ia840f_fim_06/ipss/ia840f/bwbmc/ip/bmc_spi_sub/sdm_reset/sim/ directory:
Info: 	mentor/msim_setup.tcl
Info: 	mentor/run_msim_setup.tcl
Info: For information on how to simulate your IP, see the explanatory comments in the simulator-specific subdirectories under /home/uwb_student00/ahls/new_BSP/work_ia840f_fim_06/ipss/ia840f/bwbmc/ip/bmc_spi_sub/sdm_reset/sim/.
Info: Regenerate these scripts whenever you make any change to any Quartus-generated IP in your project.
Info: Finished: Create simulation script
Info: 
Info: Starting: Create HDL design files for synthesis
Info: qsys-generate /home/uwb_student00/ahls/new_BSP/work_ia840f_fim_06/syn/board/ia840f/syn_top/../../../../ipss/ia840f/bwbmc/ip/bmc_spi_sub/sdm_reset.ip --synthesis=VERILOG --output-directory=/home/uwb_student00/ahls/new_BSP/work_ia840f_fim_06/ipss/ia840f/bwbmc/ip/bmc_spi_sub/sdm_reset --family="Agilex 7" --part=AGFB027R25A2E2V
Info: sdm_reset: "Transforming system: sdm_reset"
Info: sdm_reset: "Naming system components in system: sdm_reset"
Info: sdm_reset: "Processing generation queue"
Info: sdm_reset: "Generating: sdm_reset"
Info: sdm_reset: Done "sdm_reset" with 1 modules, 1 files
Info: Finished: Create HDL design files for synthesis
