----------------
; Command Info ;
----------------
Report Timing: Found 1 hold paths (1 violated).  Worst case slack is -0.004 

Tcl Command:
    report_timing -hold -show_routing -file /home/uwb_student00/ahls/new_BSP/qualification/fim-build-17/snapshot-compare01/reports/routed-hold.rpt -to [get_keepers {{local_mem_wrapper|mem_ss_top|mem_ss_sv|mem_ss|mem_ss|emif_1|emif_1|arch|arch_inst|io_tiles_wrap_inst|io_tiles_inst|tile_gen[2].lane_gen[1].lane_inst|lane_inst~phy_reg1}}] -through [get_pins {{local_mem_wrapper|mem_ss_top|mem_ss_sv|mem_ss|mem_ss|emif_1|emif_1|arch|arch_inst|fm_ufis|tile_gen[2].lane_gen[1].pin_gen[3].phase_gen[3].data_lane_c2p_ufi_i|c2p_350_ufi.ufi_inst|d}}] -npaths 1 -detail full_path

Options:
    -to [get_keepers {{local_mem_wrapper|mem_ss_top|mem_ss_sv|mem_ss|mem_ss|emif_1|emif_1|arch|arch_inst|io_tiles_wrap_inst|io_tiles_inst|tile_gen[2].lane_gen[1].lane_inst|lane_inst~phy_reg1}}] 
    -through [get_pins {{local_mem_wrapper|mem_ss_top|mem_ss_sv|mem_ss|mem_ss|emif_1|emif_1|arch|arch_inst|fm_ufis|tile_gen[2].lane_gen[1].pin_gen[3].phase_gen[3].data_lane_c2p_ufi_i|c2p_350_ufi.ufi_inst|d}}] 
    -hold 
    -npaths 1 
    -show_routing 
    -detail full_path 
    -file {/home/uwb_student00/ahls/new_BSP/qualification/fim-build-17/snapshot-compare01/reports/routed-hold.rpt} 

Snapshot:
    routed

Delay Models:
    Slow vid2 100C Model
    Slow vid2b 100C Model
    Fast vid2a 0C Model
    Fast vid2a 100C Model
    Fast vid2 100C Model

+-----------------------------------------------------------------------------------------------------------------------------------------------------------------------------------------------------------------------------------------------------------------------------------------------------------------------------------------------------------------------------------------------------------------------------------------------------------------------------------------------------------------------------------------------------------------------+
; Summary of Paths                                                                                                                                                                                                                                                                                                                                                                                                                                                                                                                                                      ;
+--------+--------------------------------------------------------------------------------------------------------------------------------------+-------------------------------------------------------------------------------------------------------------------------------------------------------------------------+---------------------------------------------------------------------------------+--------------------------------------------------------------------------------+--------------+------------+------------+---------------------------------+
; Slack  ; From Node                                                                                                                            ; To Node                                                                                                                                                                 ; Launch Clock                                                                    ; Latch Clock                                                                    ; Relationship ; Clock Skew ; Data Delay ; Worst-Case Operating Conditions ;
+--------+--------------------------------------------------------------------------------------------------------------------------------------+-------------------------------------------------------------------------------------------------------------------------------------------------------------------------+---------------------------------------------------------------------------------+--------------------------------------------------------------------------------+--------------+------------+------------+---------------------------------+
; -0.004 ; local_mem_wrapper|mem_ss_top|mem_ss_sv|mem_ss|mem_ss|emif_1|emif_1|arch|arch_inst|hmc.amm.amm.data_if_inst|amm_writedata_0_r[0][243] ; local_mem_wrapper|mem_ss_top|mem_ss_sv|mem_ss|mem_ss|emif_1|emif_1|arch|arch_inst|io_tiles_wrap_inst|io_tiles_inst|tile_gen[2].lane_gen[1].lane_inst|lane_inst~phy_reg1 ; local_mem_wrapper|mem_ss_top|mem_ss_sv|mem_ss|mem_ss|emif_1|emif_1_core_usr_clk ; local_mem_wrapper|mem_ss_top|mem_ss_sv|mem_ss|mem_ss|emif_1|emif_1_phy_clk_l_0 ; 0.000        ; -0.080     ; 0.288      ; Fast vid2 100C Model            ;
+--------+--------------------------------------------------------------------------------------------------------------------------------------+-------------------------------------------------------------------------------------------------------------------------------------------------------------------------+---------------------------------------------------------------------------------+--------------------------------------------------------------------------------+--------------+------------+------------+---------------------------------+

Path #1: Hold slack is -0.004 (VIOLATED)
===============================================================================
+-----------------------------------------------------------------------------------------------------------------------------------------------------------------------------------------------------------+
; Path Summary                                                                                                                                                                                              ;
+---------------------------------+-------------------------------------------------------------------------------------------------------------------------------------------------------------------------+
; Property                        ; Value                                                                                                                                                                   ;
+---------------------------------+-------------------------------------------------------------------------------------------------------------------------------------------------------------------------+
; From Node                       ; local_mem_wrapper|mem_ss_top|mem_ss_sv|mem_ss|mem_ss|emif_1|emif_1|arch|arch_inst|hmc.amm.amm.data_if_inst|amm_writedata_0_r[0][243]                                    ;
; To Node                         ; local_mem_wrapper|mem_ss_top|mem_ss_sv|mem_ss|mem_ss|emif_1|emif_1|arch|arch_inst|io_tiles_wrap_inst|io_tiles_inst|tile_gen[2].lane_gen[1].lane_inst|lane_inst~phy_reg1 ;
; Launch Clock                    ; local_mem_wrapper|mem_ss_top|mem_ss_sv|mem_ss|mem_ss|emif_1|emif_1_core_usr_clk                                                                                         ;
; Latch Clock                     ; local_mem_wrapper|mem_ss_top|mem_ss_sv|mem_ss|mem_ss|emif_1|emif_1_phy_clk_l_0                                                                                          ;
; SDC Exception                   ; No SDC Exception on Path                                                                                                                                                ;
; Data Arrival Time               ; 2.964                                                                                                                                                                   ;
; Data Required Time              ; 2.968                                                                                                                                                                   ;
; Slack                           ; -0.004 (VIOLATED)                                                                                                                                                       ;
; Worst-Case Operating Conditions ; Fast vid2 100C Model                                                                                                                                                    ;
+---------------------------------+-------------------------------------------------------------------------------------------------------------------------------------------------------------------------+

+--------------------------------------------------------------------------------------+
; Statistics                                                                           ;
+------------------------+--------+-------+-------------+------------+--------+--------+
; Property               ; Value  ; Count ; Total Delay ; % of Total ; Min    ; Max    ;
+------------------------+--------+-------+-------------+------------+--------+--------+
; Hold Relationship      ; 0.000  ;       ;             ;            ;        ;        ;
; Clock Skew             ; -0.080 ;       ;             ;            ;        ;        ;
; Data Delay             ; 0.288  ;       ;             ;            ;        ;        ;
; Number of Logic Levels ;        ; 1     ;             ;            ;        ;        ;
; Physical Delays        ;        ;       ;             ;            ;        ;        ;
;  Arrival Path          ;        ;       ;             ;            ;        ;        ;
;   Clock                ;        ;       ;             ;            ;        ;        ;
;    IC                  ;        ; 2     ; 0.000       ; 0          ; 0.000  ; 0.000  ;
;    Cell                ;        ; 14    ; 2.440       ; 43         ; 0.000  ; 0.800  ;
;    PLL Compensation    ;        ; 2     ; -3.000      ; 0          ; -2.292 ; -0.708 ;
;    Routing Element     ;        ; 57    ; 3.236       ; 57         ; 0.000  ; 0.286  ;
;   Data                 ;        ;       ;             ;            ;        ;        ;
;    IC                  ;        ; 1     ; 0.000       ; 0          ; 0.000  ; 0.000  ;
;    Cell                ;        ; 4     ; 0.124       ; 43         ; 0.000  ; 0.053  ;
;    uTco                ;        ; 1     ; 0.063       ; 22         ; 0.063  ; 0.063  ;
;    Routing Element     ;        ; 5     ; 0.101       ; 35         ; 0.000  ; 0.080  ;
;  Required Path         ;        ;       ;             ;            ;        ;        ;
;   Clock                ;        ;       ;             ;            ;        ;        ;
;    IC                  ;        ; 1     ; 0.000       ; 0          ; 0.000  ; 0.000  ;
;    Cell                ;        ; 19    ; 3.083       ; 85         ; 0.000  ; 0.903  ;
;    PLL Compensation    ;        ; 1     ; -0.614      ; 0          ; -0.614 ; -0.614 ;
;    uTco                ;        ; 1     ; 0.531       ; 15         ; 0.531  ; 0.531  ;
+------------------------+--------+-------+-------------+------------+--------+--------+
Note: Negative delays are omitted from totals when calculating percentages

+-----------------------------------------------------------------------------------------------------------------------------------------------------------------------------------------------------------------------------------------------------------------------------------------------------------------------------------+
; Data Arrival Path                                                                                                                                                                                                                                                                                                                 ;
+----------+----------+----+------+--------+--------------------------------------------+----------------------------+--------------------------------------------------------------------------------------------------------------------------------------------------------------------------------------------------------------+
; Total    ; Incr     ; RF ; Type ; Fanout ; Location                                   ; Element Type               ; Element                                                                                                                                                                                                      ;
+----------+----------+----+------+--------+--------------------------------------------+----------------------------+--------------------------------------------------------------------------------------------------------------------------------------------------------------------------------------------------------------+
; 0.000    ; 0.000    ;    ;      ;        ;                                            ;                            ; launch edge time                                                                                                                                                                                             ;
; 2.676    ; 2.676    ;    ;      ;        ;                                            ;                            ; clock path                                                                                                                                                                                                   ;
;   0.000  ;   0.000  ;    ;      ;        ;                                            ;                            ; source latency                                                                                                                                                                                               ;
;   0.000  ;   0.000  ;    ;      ; 1      ; PIN_HH48                                   ; I/O pad                    ; ddr4_mem_ref_clk[1].clk                                                                                                                                                                                      ;
;   0.000  ;   0.000  ;    ; IC   ; 1      ; IOIBUF_X171_Y0_N376                        ; I/O input buffer           ; ddr4_mem_ref_clk[1].clk~input|i                                                                                                                                                                              ;
;   0.139  ;   0.139  ; RR ; CELL ; 1      ; IOIBUF_X171_Y0_N376                        ; I/O input buffer           ; ddr4_mem_ref_clk[1].clk~input|o                                                                                                                                                                              ;
;   0.939  ;   0.800  ; RR ; CELL ; 1      ; REFCLKINPUT_X172_Y0_N301                   ; I/O reference clock tree   ; local_mem_wrapper|mem_ss_top|mem_ss_sv|mem_ss|mem_ss|emif_1|emif_1|arch|arch_inst|pll_inst|pll_inst~refclk_Duplicate|ref_clk_in                                                                              ;
;   1.062  ;   0.123  ; RR ; CELL ; 3      ; REFCLKINPUT_X172_Y0_N301                   ; I/O reference clock tree   ; local_mem_wrapper|mem_ss_top|mem_ss_sv|mem_ss|mem_ss|emif_1|emif_1|arch|arch_inst|pll_inst|pll_inst~refclk_Duplicate|ref0_to_btm                                                                             ;
;   1.451  ;   0.389  ; RR ; CELL ; 1      ; REFCLKINPUT_X172_Y0_N301                   ; I/O reference clock tree   ; local_mem_wrapper|mem_ss_top|mem_ss_sv|mem_ss|mem_ss|emif_1|emif_1|arch|arch_inst|pll_inst|pll_inst~refclk_Duplicate|clk_out                                                                                 ;
;   1.451  ;   0.000  ; RR ; CELL ; 1      ; IOPLL_X172_Y0_N303                         ; IOPLL                      ; local_mem_wrapper|mem_ss_top|mem_ss_sv|mem_ss|mem_ss|emif_1|emif_1|arch|arch_inst|pll_inst|pll_inst|pll_cascade_in                                                                                           ;
;   1.601  ;   0.150  ; RR ; CELL ; 2      ; IOPLL_X172_Y0_N303                         ; IOPLL                      ; local_mem_wrapper|mem_ss_top|mem_ss_sv|mem_ss|mem_ss|emif_1|emif_1|arch|arch_inst|pll_inst|pll_inst~fmio96fs_wr/x0/fmio96_core_inst/fmio48tile_top/x5/u4_3/x0/xiopll_custom/xclkin_sw/xpm_pll_so/clk[0]      ;
;   1.724  ;   0.123  ; RR ; CELL ; 2      ; IOPLL_X172_Y0_N303                         ; IOPLL                      ; local_mem_wrapper|mem_ss_top|mem_ss_sv|mem_ss|mem_ss|emif_1|emif_1|arch|arch_inst|pll_inst|pll_inst~fmio96fs_wr/x0/fmio96_core_inst/fmio48tile_top/x5/u4_3/x0/xiopll_custom/xiopll_core/xncnt_iopll/clk      ;
;   1.841  ;   0.117  ; RR ; CELL ; 3      ; IOPLL_X172_Y0_N303                         ; IOPLL                      ; local_mem_wrapper|mem_ss_top|mem_ss_sv|mem_ss|mem_ss|emif_1|emif_1|arch|arch_inst|pll_inst|pll_inst~pllnout                                                                                                  ;
;   1.941  ;   0.100  ; RF ; CELL ; 1      ; IOPLL_X172_Y0_N303                         ; IOPLL                      ; local_mem_wrapper|mem_ss_top|mem_ss_sv|mem_ss|mem_ss|emif_1|emif_1|arch|arch_inst|pll_inst|pll_inst~vco_refclk                                                                                               ;
;   1.952  ;   0.011  ; FR ; CELL ; 1      ; IOPLL_X172_Y0_N303                         ; IOPLL                      ; local_mem_wrapper|mem_ss_top|mem_ss_sv|mem_ss|mem_ss|emif_1|emif_1|arch|arch_inst|pll_inst|pll_inst~vctrl                                                                                                    ;
;   1.244  ;   -0.708 ; RR ; COMP ; 1      ; IOPLL_X172_Y0_N303                         ; IOPLL                      ; local_mem_wrapper|mem_ss_top|mem_ss_sv|mem_ss|mem_ss|emif_1|emif_1|arch|arch_inst|pll_inst|pll_inst~vcoph[0]                                                                                                 ;
;   1.244  ;   0.000  ; RR ; CELL ; 10     ; IOPLL_X172_Y0_N303                         ; IOPLL                      ; local_mem_wrapper|mem_ss_top|mem_ss_sv|mem_ss|mem_ss|emif_1|emif_1|arch|arch_inst|pll_inst|pll_inst|vcoph[0]                                                                                                 ;
;   1.244  ;   0.000  ; RR ; CELL ; 3      ; TILECTRL_X172_Y0_N298                      ; I/O tile control logic     ; local_mem_wrapper|mem_ss_top|mem_ss_sv|mem_ss|mem_ss|emif_1|emif_1|arch|arch_inst|io_tiles_wrap_inst|io_tiles_inst|tile_gen[1].tile_ctrl_inst|pll_vco_in[0]                                                  ;
;   -1.048 ;   -2.292 ; RR ; COMP ; 1      ; TILECTRL_X172_Y0_N298                      ; I/O tile control logic     ; local_mem_wrapper|mem_ss_top|mem_ss_sv|mem_ss|mem_ss|emif_1|emif_1|arch|arch_inst|io_tiles_wrap_inst|io_tiles_inst|tile_gen[1].tile_ctrl_inst|pa_core_clk_out[0]                                             ;
;   -0.560 ;   0.488  ; RR ; CELL ; 16175  ; TILECTRL_X172_Y0_N298                      ; I/O tile control logic     ; local_mem_wrapper|mem_ss_top|mem_ss_sv|mem_ss|mem_ss|emif_1|emif_1|arch|arch_inst|io_tiles_wrap_inst|io_tiles_inst|tile_gen[1].tile_ctrl_inst~fmio96fs_wr/m32_0_29__iophasealignment_to_dcm__core_clk_out[1] ;
;   -0.560 ;   0.000  ; RR ; RE   ; 1      ; TILECTRL_X172_Y0_N298                      ; I/O tile control logic     ; TILE_CTRL                                                                                                                                                                                                    ;
;   -0.511 ;   0.049  ; RR ; RE   ; 1      ; IO96FSWRRE_X171_Y0_N0_I3537                ; IO96FS_WR_RE               ; IO96FS_WR_RE                                                                                                                                                                                                 ;
;   -0.420 ;   0.091  ; RR ; RE   ; 1      ; DCM_mux_X198_Y2_N0_I29                     ; DCM_mux                    ; CC_DCM_GMUX_RE                                                                                                                                                                                               ;
;   -0.369 ;   0.051  ; RR ; RE   ; 1      ; IO_P2C_RE_X171_Y2_N150_I171                ; IO_P2C_RE                  ; IO_P2C_RE                                                                                                                                                                                                    ;
;   -0.331 ;   0.038  ; RR ; RE   ; 1      ; IO_P2C_RE_X171_Y2_N150_I2                  ; IO_P2C_RE                  ; IO_P2C_RE                                                                                                                                                                                                    ;
;   -0.295 ;   0.036  ; RR ; RE   ; 1      ; Switchbox_clock_mux_X171_Y2_N0_I221        ; Switchbox_clock_mux        ; CLOCK_SEGMENT_MUX                                                                                                                                                                                            ;
;   -0.210 ;   0.085  ; RR ; RE   ; 1      ; Switchbox_clock_mux_X171_Y2_N0_I9          ; Switchbox_clock_mux        ; CLOCK_SEGMENT_MUX                                                                                                                                                                                            ;
;   -0.186 ;   0.024  ; RF ; RE   ; 1      ; Vertical_seam_tap_mux_X171_Y23_N0_I189     ; Vertical_seam_tap_mux      ; CLOCK_SEGMENT_TAP_MUX                                                                                                                                                                                        ;
;   -0.128 ;   0.058  ; FR ; RE   ; 1      ; Vertical_seam_tap_mux_X171_Y23_N0_I5       ; Vertical_seam_tap_mux      ; CLOCK_SEGMENT_TAP_MUX                                                                                                                                                                                        ;
;   -0.098 ;   0.030  ; RR ; RE   ; 1      ; Switchbox_clock_mux_X171_Y43_N0_I221       ; Switchbox_clock_mux        ; CLOCK_SEGMENT_MUX                                                                                                                                                                                            ;
;   -0.013 ;   0.085  ; RR ; RE   ; 1      ; Switchbox_clock_mux_X171_Y43_N0_I9         ; Switchbox_clock_mux        ; CLOCK_SEGMENT_MUX                                                                                                                                                                                            ;
;   0.011  ;   0.024  ; RF ; RE   ; 1      ; Vertical_seam_tap_mux_X171_Y64_N0_I189     ; Vertical_seam_tap_mux      ; CLOCK_SEGMENT_TAP_MUX                                                                                                                                                                                        ;
;   0.069  ;   0.058  ; FR ; RE   ; 1      ; Vertical_seam_tap_mux_X171_Y64_N0_I5       ; Vertical_seam_tap_mux      ; CLOCK_SEGMENT_TAP_MUX                                                                                                                                                                                        ;
;   0.099  ;   0.030  ; RR ; RE   ; 1      ; Switchbox_clock_mux_X171_Y84_N0_I221       ; Switchbox_clock_mux        ; CLOCK_SEGMENT_MUX                                                                                                                                                                                            ;
;   0.179  ;   0.080  ; RR ; RE   ; 1      ; Switchbox_clock_mux_X171_Y84_N0_I9         ; Switchbox_clock_mux        ; CLOCK_SEGMENT_MUX                                                                                                                                                                                            ;
;   0.203  ;   0.024  ; RF ; RE   ; 1      ; Vertical_seam_tap_mux_X171_Y105_N0_I189    ; Vertical_seam_tap_mux      ; CLOCK_SEGMENT_TAP_MUX                                                                                                                                                                                        ;
;   0.261  ;   0.058  ; FR ; RE   ; 1      ; Vertical_seam_tap_mux_X171_Y105_N0_I5      ; Vertical_seam_tap_mux      ; CLOCK_SEGMENT_TAP_MUX                                                                                                                                                                                        ;
;   0.291  ;   0.030  ; RR ; RE   ; 1      ; Switchbox_clock_mux_X171_Y125_N0_I221      ; Switchbox_clock_mux        ; CLOCK_SEGMENT_MUX                                                                                                                                                                                            ;
;   0.371  ;   0.080  ; RR ; RE   ; 1      ; Switchbox_clock_mux_X171_Y125_N0_I9        ; Switchbox_clock_mux        ; CLOCK_SEGMENT_MUX                                                                                                                                                                                            ;
;   0.396  ;   0.025  ; RF ; RE   ; 1      ; Vertical_seam_tap_mux_X171_Y146_N0_I189    ; Vertical_seam_tap_mux      ; CLOCK_SEGMENT_TAP_MUX                                                                                                                                                                                        ;
;   0.453  ;   0.057  ; FR ; RE   ; 1      ; Vertical_seam_tap_mux_X171_Y146_N0_I5      ; Vertical_seam_tap_mux      ; CLOCK_SEGMENT_TAP_MUX                                                                                                                                                                                        ;
;   0.482  ;   0.029  ; RR ; RE   ; 1      ; Switchbox_clock_mux_X171_Y166_N0_I221      ; Switchbox_clock_mux        ; CLOCK_SEGMENT_MUX                                                                                                                                                                                            ;
;   0.512  ;   0.030  ; RR ; RE   ; 2      ; Switchbox_clock_mux_X171_Y166_N0_I129      ; Switchbox_clock_mux        ; CLOCK_SEGMENT_MUX                                                                                                                                                                                            ;
;   0.591  ;   0.079  ; RR ; RE   ; 1      ; Switchbox_clock_mux_X171_Y166_N0_I7        ; Switchbox_clock_mux        ; CLOCK_SEGMENT_MUX                                                                                                                                                                                            ;
;   0.615  ;   0.024  ; RF ; RE   ; 1      ; Vertical_seam_tap_mux_X171_Y146_N0_I158    ; Vertical_seam_tap_mux      ; CLOCK_SEGMENT_TAP_MUX                                                                                                                                                                                        ;
;   0.674  ;   0.059  ; FR ; RE   ; 1      ; Vertical_seam_tap_mux_X171_Y146_N0_I2      ; Vertical_seam_tap_mux      ; CLOCK_SEGMENT_TAP_MUX                                                                                                                                                                                        ;
;   0.708  ;   0.034  ; RR ; RE   ; 1      ; Switchbox_clock_mux_X171_Y125_N0_I190      ; Switchbox_clock_mux        ; CLOCK_SEGMENT_MUX                                                                                                                                                                                            ;
;   0.787  ;   0.079  ; RR ; RE   ; 1      ; Switchbox_clock_mux_X171_Y125_N0_I7        ; Switchbox_clock_mux        ; CLOCK_SEGMENT_MUX                                                                                                                                                                                            ;
;   0.811  ;   0.024  ; RF ; RE   ; 1      ; Vertical_seam_tap_mux_X171_Y105_N0_I158    ; Vertical_seam_tap_mux      ; CLOCK_SEGMENT_TAP_MUX                                                                                                                                                                                        ;
;   0.870  ;   0.059  ; FR ; RE   ; 1      ; Vertical_seam_tap_mux_X171_Y105_N0_I2      ; Vertical_seam_tap_mux      ; CLOCK_SEGMENT_TAP_MUX                                                                                                                                                                                        ;
;   0.903  ;   0.033  ; RR ; RE   ; 2      ; Switchbox_clock_mux_X171_Y84_N0_I190       ; Switchbox_clock_mux        ; CLOCK_SEGMENT_MUX                                                                                                                                                                                            ;
;   1.084  ;   0.181  ; RR ; RE   ; 1      ; Switchbox_clock_mux_X171_Y84_N0_I6         ; Switchbox_clock_mux        ; CLOCK_SEGMENT_MUX                                                                                                                                                                                            ;
;   1.117  ;   0.033  ; RR ; RE   ; 1      ; Switchbox_clock_mux_X226_Y84_N0_I286       ; Switchbox_clock_mux        ; CLOCK_SEGMENT_MUX                                                                                                                                                                                            ;
;   1.304  ;   0.187  ; RR ; RE   ; 1      ; Switchbox_clock_mux_X226_Y84_N0_I6         ; Switchbox_clock_mux        ; CLOCK_SEGMENT_MUX                                                                                                                                                                                            ;
;   1.336  ;   0.032  ; RR ; RE   ; 2      ; Switchbox_clock_mux_X280_Y84_N0_I254       ; Switchbox_clock_mux        ; CLOCK_SEGMENT_MUX                                                                                                                                                                                            ;
;   1.415  ;   0.079  ; RR ; RE   ; 1      ; Switchbox_clock_mux_X280_Y84_N0_I7         ; Switchbox_clock_mux        ; CLOCK_SEGMENT_MUX                                                                                                                                                                                            ;
;   1.439  ;   0.024  ; RF ; RE   ; 1      ; Vertical_seam_tap_mux_X280_Y64_N0_I158     ; Vertical_seam_tap_mux      ; CLOCK_SEGMENT_TAP_MUX                                                                                                                                                                                        ;
;   1.495  ;   0.056  ; FR ; RE   ; 1      ; Vertical_seam_tap_mux_X280_Y64_N0_I2       ; Vertical_seam_tap_mux      ; CLOCK_SEGMENT_TAP_MUX                                                                                                                                                                                        ;
;   1.528  ;   0.033  ; RR ; RE   ; 2      ; Switchbox_clock_mux_X280_Y43_N0_I190       ; Switchbox_clock_mux        ; CLOCK_SEGMENT_MUX                                                                                                                                                                                            ;
;   1.710  ;   0.182  ; RR ; RE   ; 1      ; Switchbox_clock_mux_X280_Y43_N0_I6         ; Switchbox_clock_mux        ; CLOCK_SEGMENT_MUX                                                                                                                                                                                            ;
;   1.742  ;   0.032  ; RR ; RE   ; 2      ; Switchbox_clock_mux_X226_Y43_N0_I254       ; Switchbox_clock_mux        ; CLOCK_SEGMENT_MUX                                                                                                                                                                                            ;
;   1.821  ;   0.079  ; RR ; RE   ; 1      ; Switchbox_clock_mux_X226_Y43_N0_I7         ; Switchbox_clock_mux        ; CLOCK_SEGMENT_MUX                                                                                                                                                                                            ;
;   1.853  ;   0.032  ; RR ; RE   ; 2      ; Vertical_seam_tap_mux_X226_Y23_N0_I158     ; Vertical_seam_tap_mux      ; CLOCK_SEGMENT_TAP_MUX                                                                                                                                                                                        ;
;   1.934  ;   0.081  ; RR ; RE   ; 1      ; Vertical_seam_tap_mux_X226_Y23_N0_I67      ; Vertical_seam_tap_mux      ; CLOCK_SEGMENT_TAP_MUX                                                                                                                                                                                        ;
;   2.019  ;   0.085  ; RR ; RE   ; 1      ; SPINE_TAP_RE_X198_Y23_N103_I33             ; SPINE_TAP_RE               ; SPINE_TAP_RE                                                                                                                                                                                                 ;
;   2.077  ;   0.058  ; RR ; RE   ; 19     ; SPINE_TAP_RE_X198_Y23_N103_I1              ; SPINE_TAP_RE               ; SPINE_TAP_RE                                                                                                                                                                                                 ;
;   2.267  ;   0.190  ; RR ; RE   ; 2      ; SCLKMUX_RE_X198_Y3_N188_I1                 ; SCLKMUX_RE                 ; SCLKMUX_RE                                                                                                                                                                                                   ;
;   2.288  ;   0.021  ; RR ; RE   ; 14     ; SCLKMUX_RE_X198_Y3_N188_I38                ; SCLKMUX_RE                 ; SCLKMUX_RE                                                                                                                                                                                                   ;
;   2.313  ;   0.025  ; RR ; RE   ; 2      ; ROWCLK_TAPOFF_X192_Y3_N0_I5                ; Row Clock Tap-Off          ; ROWCLK_TAPOFF                                                                                                                                                                                                ;
;   2.337  ;   0.024  ; RR ; RE   ; 1      ; GLOBAL_LOCAL_SEL_X192_Y3_N0_I2             ; GLOBAL_LOCAL_SEL           ; GLOBAL_LOCAL_SEL                                                                                                                                                                                             ;
;   2.352  ;   0.015  ; RR ; RE   ; 1      ; RPII_X192_Y3_N0_I50                        ; Programmable Invert Input  ; RPII                                                                                                                                                                                                         ;
;   2.352  ;   0.000  ; RR ; RE   ; 1      ; RPI_X192_Y3_N0_I50                         ; Programmable Invert        ; RPI                                                                                                                                                                                                          ;
;   2.352  ;   0.000  ; RR ; RE   ; 1      ; RPIB_X192_Y3_N0_I0                         ; Programmable Invert Buffer ; RPIB                                                                                                                                                                                                         ;
;   2.638  ;   0.286  ; RR ; RE   ; 1      ; DELAY_CHAIN_X192_Y3_N0_I0                  ; DELAY_CHAIN                ; DELAY_CHAIN                                                                                                                                                                                                  ;
;   2.651  ;   0.013  ; RR ; RE   ; 1      ; LEIMBUF_X192_Y3_N0_I0                      ; LEIMBUF                    ; LEIMBUF                                                                                                                                                                                                      ;
;   2.676  ;   0.025  ; RR ; RE   ; 28     ; LEIMCLKALE_X192_Y3_N0_I1                   ; LEIMCLKALE                 ; LEIMCLKALE                                                                                                                                                                                                   ;
;   2.676  ;   0.000  ; RR ; RE   ; 1      ; HYPERFLEX_CLK_M_MUX_X192_Y3_N0_I36         ; Hyperflex clocking network ; HIPI_M_MUX                                                                                                                                                                                                   ;
;   2.676  ;   0.000  ;    ; IC   ; 1      ; BLOCK_INPUT_MUX_PASSTHROUGH_X192_Y3_N0_I32 ; Hyper-Register             ; local_mem_wrapper|mem_ss_top|mem_ss_sv|mem_ss|mem_ss|emif_1|emif_1|arch|arch_inst|hmc.amm.amm.data_if_inst|amm_writedata_0_r[0][243]|clk                                                                     ;
;   2.676  ;   0.000  ; RR ; CELL ; 1      ; BLOCK_INPUT_MUX_PASSTHROUGH_X192_Y3_N0_I32 ; Hyper-Register             ; local_mem_wrapper|mem_ss_top|mem_ss_sv|mem_ss|mem_ss|emif_1|emif_1|arch|arch_inst|hmc.amm.amm.data_if_inst|amm_writedata_0_r[0][243]                                                                         ;
; 2.964    ; 0.288    ;    ;      ;        ;                                            ;                            ; data path                                                                                                                                                                                                    ;
;   2.739  ;   0.063  ; RR ; uTco ; 1      ; BLOCK_INPUT_MUX_PASSTHROUGH_X192_Y3_N0_I32 ; Hyper-Register             ; local_mem_wrapper|mem_ss_top|mem_ss_sv|mem_ss|mem_ss|emif_1|emif_1|arch|arch_inst|hmc.amm.amm.data_if_inst|amm_writedata_0_r[0][243]|q                                                                       ;
;   2.739  ;   0.000  ; RR ; RE   ; 1      ; BLOCK_INPUT_MUX_PASSTHROUGH_X192_Y3_N0_I32 ; Hyper-Register             ; LEIM                                                                                                                                                                                                         ;
;   2.739  ;   0.000  ; RR ; RE   ; 1      ; BLOCK_INPUT_MUX_PASSTHROUGH_X192_Y3_N0_I32 ; Block Input Mux            ; LEIM                                                                                                                                                                                                         ;
;   2.760  ;   0.021  ; RR ; RE   ; 1      ; RPII_X192_Y3_N0_I19                        ; Programmable Invert Input  ; RPII                                                                                                                                                                                                         ;
;   2.840  ;   0.080  ; RR ; RE   ; 1      ; RPI_X192_Y3_N0_I19                         ; Programmable Invert        ; RPI                                                                                                                                                                                                          ;
;   2.840  ;   0.000  ; RR ; RE   ; 1      ; IO96FSWRRE_X171_Y0_N0_I2782                ; IO96FS_WR_RE               ; IO96FS_WR_RE                                                                                                                                                                                                 ;
;   2.840  ;   0.000  ;    ; IC   ; 1      ; UFI_X210_Y0_N355                           ; UFI                        ; local_mem_wrapper|mem_ss_top|mem_ss_sv|mem_ss|mem_ss|emif_1|emif_1|arch|arch_inst|fm_ufis|tile_gen[2].lane_gen[1].pin_gen[3].phase_gen[3].data_lane_c2p_ufi_i|c2p_350_ufi.ufi_inst|d                         ;
;   2.862  ;   0.022  ; RR ; CELL ; 1      ; UFI_X210_Y0_N355                           ; UFI                        ; local_mem_wrapper|mem_ss_top|mem_ss_sv|mem_ss|mem_ss|emif_1|emif_1|arch|arch_inst|fm_ufis|tile_gen[2].lane_gen[1].pin_gen[3].phase_gen[3].data_lane_c2p_ufi_i|c2p_350_ufi.ufi_inst~ufi_d_byp_787             ;
;   2.915  ;   0.053  ; RR ; CELL ; 1      ; UFI_X210_Y0_N355                           ; UFI                        ; local_mem_wrapper|mem_ss_top|mem_ss_sv|mem_ss|mem_ss|emif_1|emif_1|arch|arch_inst|fm_ufis|tile_gen[2].lane_gen[1].pin_gen[3].phase_gen[3].data_lane_c2p_ufi_i|c2p_350_ufi.ufi_inst|dout                      ;
;   2.964  ;   0.049  ; RR ; CELL ; 1      ; IO12LANE_X184_Y0_N374                      ; I/O lane circuitry         ; local_mem_wrapper|mem_ss_top|mem_ss_sv|mem_ss|mem_ss|emif_1|emif_1|arch|arch_inst|io_tiles_wrap_inst|io_tiles_inst|tile_gen[2].lane_gen[1].lane_inst|lane_inst|data_from_core[19]                            ;
;   2.964  ;   0.000  ; RR ; CELL ; 64     ; IO12LANE_X184_Y0_N374                      ; I/O lane circuitry         ; local_mem_wrapper|mem_ss_top|mem_ss_sv|mem_ss|mem_ss|emif_1|emif_1|arch|arch_inst|io_tiles_wrap_inst|io_tiles_inst|tile_gen[2].lane_gen[1].lane_inst|lane_inst~phy_reg1                                      ;
+----------+----------+----+------+--------+--------------------------------------------+----------------------------+--------------------------------------------------------------------------------------------------------------------------------------------------------------------------------------------------------------+

+-----------------------------------------------------------------------------------------------------------------------------------------------------------------------------------------------------------------------------------------------------------------------------------------------------------------------------------------+
; Data Required Path                                                                                                                                                                                                                                                                                                                      ;
+---------+----------+----+------+--------+--------------------------+--------------------------+-----------------------------------------------------------------------------------------------------------------------------------------------------------------------------------------------------------------------------------------+
; Total   ; Incr     ; RF ; Type ; Fanout ; Location                 ; Element Type             ; Element                                                                                                                                                                                                                                 ;
+---------+----------+----+------+--------+--------------------------+--------------------------+-----------------------------------------------------------------------------------------------------------------------------------------------------------------------------------------------------------------------------------------+
; 0.000   ; 0.000    ;    ;      ;        ;                          ;                          ; latch edge time                                                                                                                                                                                                                         ;
; 2.596   ; 2.596    ;    ;      ;        ;                          ;                          ; clock path                                                                                                                                                                                                                              ;
;   0.000 ;   0.000  ;    ;      ;        ;                          ;                          ; source latency                                                                                                                                                                                                                          ;
;   0.000 ;   0.000  ;    ;      ; 1      ; PIN_HH48                 ; I/O pad                  ; ddr4_mem_ref_clk[1].clk                                                                                                                                                                                                                 ;
;   0.000 ;   0.000  ;    ; IC   ; 1      ; IOIBUF_X171_Y0_N376      ; I/O input buffer         ; ddr4_mem_ref_clk[1].clk~input|i                                                                                                                                                                                                         ;
;   0.139 ;   0.139  ; RR ; CELL ; 1      ; IOIBUF_X171_Y0_N376      ; I/O input buffer         ; ddr4_mem_ref_clk[1].clk~input|o                                                                                                                                                                                                         ;
;   1.042 ;   0.903  ; RR ; CELL ; 1      ; REFCLKINPUT_X172_Y0_N301 ; I/O reference clock tree ; local_mem_wrapper|mem_ss_top|mem_ss_sv|mem_ss|mem_ss|emif_1|emif_1|arch|arch_inst|pll_inst|pll_inst~refclk_Duplicate|ref_clk_in                                                                                                         ;
;   1.188 ;   0.146  ; RR ; CELL ; 3      ; REFCLKINPUT_X172_Y0_N301 ; I/O reference clock tree ; local_mem_wrapper|mem_ss_top|mem_ss_sv|mem_ss|mem_ss|emif_1|emif_1|arch|arch_inst|pll_inst|pll_inst~refclk_Duplicate|ref0_to_btm                                                                                                        ;
;   1.630 ;   0.442  ; RR ; CELL ; 1      ; REFCLKINPUT_X172_Y0_N301 ; I/O reference clock tree ; local_mem_wrapper|mem_ss_top|mem_ss_sv|mem_ss|mem_ss|emif_1|emif_1|arch|arch_inst|pll_inst|pll_inst~refclk_Duplicate|clk_out                                                                                                            ;
;   1.630 ;   0.000  ; RR ; CELL ; 1      ; IOPLL_X172_Y0_N303       ; IOPLL                    ; local_mem_wrapper|mem_ss_top|mem_ss_sv|mem_ss|mem_ss|emif_1|emif_1|arch|arch_inst|pll_inst|pll_inst|pll_cascade_in                                                                                                                      ;
;   1.802 ;   0.172  ; RR ; CELL ; 2      ; IOPLL_X172_Y0_N303       ; IOPLL                    ; local_mem_wrapper|mem_ss_top|mem_ss_sv|mem_ss|mem_ss|emif_1|emif_1|arch|arch_inst|pll_inst|pll_inst~fmio96fs_wr/x0/fmio96_core_inst/fmio48tile_top/x5/u4_3/x0/xiopll_custom/xclkin_sw/xpm_pll_so/clk[0]                                 ;
;   1.944 ;   0.142  ; RR ; CELL ; 2      ; IOPLL_X172_Y0_N303       ; IOPLL                    ; local_mem_wrapper|mem_ss_top|mem_ss_sv|mem_ss|mem_ss|emif_1|emif_1|arch|arch_inst|pll_inst|pll_inst~fmio96fs_wr/x0/fmio96_core_inst/fmio48tile_top/x5/u4_3/x0/xiopll_custom/xiopll_core/xncnt_iopll/clk                                 ;
;   2.078 ;   0.134  ; RR ; CELL ; 3      ; IOPLL_X172_Y0_N303       ; IOPLL                    ; local_mem_wrapper|mem_ss_top|mem_ss_sv|mem_ss|mem_ss|emif_1|emif_1|arch|arch_inst|pll_inst|pll_inst~pllnout                                                                                                                             ;
;   2.194 ;   0.116  ; RF ; CELL ; 1      ; IOPLL_X172_Y0_N303       ; IOPLL                    ; local_mem_wrapper|mem_ss_top|mem_ss_sv|mem_ss|mem_ss|emif_1|emif_1|arch|arch_inst|pll_inst|pll_inst~vco_refclk                                                                                                                          ;
;   2.212 ;   0.018  ; FR ; CELL ; 1      ; IOPLL_X172_Y0_N303       ; IOPLL                    ; local_mem_wrapper|mem_ss_top|mem_ss_sv|mem_ss|mem_ss|emif_1|emif_1|arch|arch_inst|pll_inst|pll_inst~vctrl                                                                                                                               ;
;   1.598 ;   -0.614 ; RR ; COMP ; 1      ; IOPLL_X172_Y0_N303       ; IOPLL                    ; local_mem_wrapper|mem_ss_top|mem_ss_sv|mem_ss|mem_ss|emif_1|emif_1|arch|arch_inst|pll_inst|pll_inst~vcoph[0]                                                                                                                            ;
;   1.598 ;   0.000  ; RR ; CELL ; 10     ; IOPLL_X172_Y0_N303       ; IOPLL                    ; local_mem_wrapper|mem_ss_top|mem_ss_sv|mem_ss|mem_ss|emif_1|emif_1|arch|arch_inst|pll_inst|pll_inst|vcoph[0]                                                                                                                            ;
;   1.618 ;   0.020  ; RR ; CELL ; 1      ; IOPLL_X172_Y0_N303       ; IOPLL                    ; local_mem_wrapper|mem_ss_top|mem_ss_sv|mem_ss|mem_ss|emif_1|emif_1|arch|arch_inst|pll_inst|pll_inst~fmio96fs_wr/x0/fmio96_core_inst/fmio48tile_top/x5/u4_3/x0/xiopll_custom/xccnt_iopll0/vcoph[0]                                       ;
;   1.618 ;   0.000  ; RR ; CELL ; 1      ; IOPLL_X172_Y0_N303       ; IOPLL                    ; local_mem_wrapper|mem_ss_top|mem_ss_sv|mem_ss|mem_ss|emif_1|emif_1|arch|arch_inst|pll_inst|pll_inst~c0cntr_reg                                                                                                                          ;
;   2.149 ;   0.531  ; RR ; uTco ; 1      ; IOPLL_X172_Y0_N303       ; IOPLL                    ; local_mem_wrapper|mem_ss_top|mem_ss_sv|mem_ss|mem_ss|emif_1|emif_1|arch|arch_inst|pll_inst|pll_inst|lvds_clk[0]                                                                                                                         ;
;   2.149 ;   0.000  ; RR ; CELL ; 4      ; IO48PHYCLK_X172_Y0_N302  ; IO48_PHYCLK              ; local_mem_wrapper|mem_ss_top|mem_ss_sv|mem_ss|mem_ss|emif_1|emif_1|arch|arch_inst|io_tiles_wrap_inst|io_tiles_inst|phyclk_inst|lvds_clk_0                                                                                               ;
;   2.263 ;   0.114  ; RR ; CELL ; 2      ; IO48PHYCLK_X172_Y0_N302  ; IO48_PHYCLK              ; local_mem_wrapper|mem_ss_top|mem_ss_sv|mem_ss|mem_ss|emif_1|emif_1|arch|arch_inst|io_tiles_wrap_inst|io_tiles_inst|phyclk_inst|phy_rxclk_to_btm                                                                                         ;
;   2.313 ;   0.050  ; RR ; CELL ; 4      ; IO48PHYCLK_X185_Y0_N302  ; IO48_PHYCLK              ; local_mem_wrapper|mem_ss_top|mem_ss_sv|mem_ss|mem_ss|emif_1|emif_1|arch|arch_inst|io_tiles_wrap_inst|io_tiles_inst|phyclk_inst~_Duplicate|phy_rxclk_from_tp                                                                             ;
;   3.000 ;   0.687  ; RR ; CELL ; 3      ; IO48PHYCLK_X185_Y0_N302  ; IO48_PHYCLK              ; local_mem_wrapper|mem_ss_top|mem_ss_sv|mem_ss|mem_ss|emif_1|emif_1|arch|arch_inst|io_tiles_wrap_inst|io_tiles_inst|phyclk_inst~_Duplicate|phy_clk_out_3[1]                                                                              ;
;   3.000 ;   0.000  ; RR ; CELL ; 1      ; IO12LANE_X184_Y0_N374    ; I/O lane circuitry       ; local_mem_wrapper|mem_ss_top|mem_ss_sv|mem_ss|mem_ss|emif_1|emif_1|arch|arch_inst|io_tiles_wrap_inst|io_tiles_inst|tile_gen[2].lane_gen[1].lane_inst|lane_inst~fmio96fs_wr/x0/fmio96_core_inst/fmio48tile_bot/x3/u1_0/x0/phy_clk_dqs[1] ;
;   3.000 ;   0.000  ; RR ; CELL ; 64     ; IO12LANE_X184_Y0_N374    ; I/O lane circuitry       ; local_mem_wrapper|mem_ss_top|mem_ss_sv|mem_ss|mem_ss|emif_1|emif_1|arch|arch_inst|io_tiles_wrap_inst|io_tiles_inst|tile_gen[2].lane_gen[1].lane_inst|lane_inst~phy_reg1                                                                 ;
;   2.646 ;   -0.354 ;    ;      ;        ;                          ;                          ; clock pessimism removed                                                                                                                                                                                                                 ;
;   2.596 ;   -0.050 ;    ;      ;        ;                          ;                          ; advanced clock effects                                                                                                                                                                                                                  ;
; 2.626   ; 0.030    ;    ;      ;        ;                          ;                          ; clock uncertainty                                                                                                                                                                                                                       ;
; 2.968   ; 0.342    ;    ; uTh  ; 64     ; IO12LANE_X184_Y0_N374    ; I/O lane circuitry       ; local_mem_wrapper|mem_ss_top|mem_ss_sv|mem_ss|mem_ss|emif_1|emif_1|arch|arch_inst|io_tiles_wrap_inst|io_tiles_inst|tile_gen[2].lane_gen[1].lane_inst|lane_inst~phy_reg1                                                                 ;
+---------+----------+----+------+--------+--------------------------+--------------------------+-----------------------------------------------------------------------------------------------------------------------------------------------------------------------------------------------------------------------------------------+


