Info: *******************************************************************
Info: Running Quartus Prime Timing Analyzer
    Info: Version 26.1.1 Build 130 08/06/2026 SC Pro Edition
    Info: Copyright (C) 2026  Altera Corporation. All rights reserved.
    Info: Your use of Altera Corporation's design tools, logic functions 
    Info: and other software and tools, and any partner logic 
    Info: functions, and any output files from any of the foregoing 
    Info: (including device programming or simulation files), and any 
    Info: associated documentation or information are expressly subject 
    Info: to the terms and conditions of the Altera Program License 
    Info: Subscription Agreement, the Altera Quartus Prime License Agreement,
    Info: the Altera IP License Agreement, or other applicable license
    Info: agreement, including, without limitation, that your use is for
    Info: the sole purpose of programming logic devices manufactured by
    Info: Altera and sold by Altera or its authorized distributors.  Please
    Info: refer to the Altera Software License Subscription Agreements 
    Info: on the Quartus Prime software download page.
    Info: Processing started: Thu Oct  1 13:52:17 2026
    Info: System process ID: 313129
Info: Command: quartus_sta -t /home/uwb_student00/ahls/new_BSP/qualification/fim-build-23/cpa-help36/query.tcl
EXECUTABLE /opt/altera/26.1.1/quartus/linux64/quartus_sta
COMMAND_DISCOVERY *cpa* COUNT 0 NAMES {}
COMMAND_DISCOVERY *CPA* COUNT 0 NAMES {}
COMMAND_DISCOVERY *compens* COUNT 0 NAMES {}
COMMAND_DISCOVERY report_clock* COUNT 5 NAMES {report_clock_fmax_summary report_clock_network report_clock_relationship report_clock_transfers report_clocks}
COMMAND_HELP report_clock_fmax_summary RETURN 0 VALUE {---------------------------------------------------------------------------

Usage: report_clock_fmax_summary [-h] [-help] [-long_help] [-append] [-file <name>] [-panel_name <name>] [-split_by_corner] [-stdout]

        -h: Quick usage
        -help: Short help
        -long_help: Long help with examples and possible return values

        -append: If output is sent to a file, this option appends the result to that file.  Otherwise, the file is overwritten. This option is not supported for HTML files.
        -file <name>: Sends the results to an ASCII or HTML file. Depending on the extension
        -panel_name <name>: Sends the results to the panel and specifies the name of the new panel
        -split_by_corner: When set, running this command with the -panel option creates a folder containing versions of this report for selected multiple operating conditions. This option has no effect when used with the -stdout or -file options.
        -stdout: Send output to stdout, via messages.  You only need to use this option if you have selected another output format, such as a file, and would also like to receive messages.

------------------------
Tcl Package and Version:
------------------------

Belongs to ::quartus::sta 1.0

------------
Description:
------------


Reports potential fmax for every clock in the design, regardless of
the user-specified clock periods. Fmax is only computed for paths
where the source and destination registers or ports are driven by the
same clock. Paths of different clocks, including generated clocks, are
ignored. For paths between a clock and its inversion, fmax is computed
as if the rising and falling edges of the clock are scaled along with
fmax, such that the duty cycle (in terms of a percentage) is
maintained.

Restricted fmax considers hold timing in addition to setup timing, as
well as minimum pulse and minimum period restrictions. Similar to
unrestricted fmax, the restricted fmax is computed as if the rising
and falling edges of the clock are scaled along with fmax, such that
the duty cycle (in terms of a percentage) is maintained. The "Note"
column reports which analyses restricted fmax.  Refer to hold timing
reports (e.g., report_timing with the -hold option) or minimum pulse
width reports generated by the report_min_pulse_width command for
details of specific paths, registers, or ports.


--------------
Example Usage:
--------------

project_open my_project

# Always create the netlist first
create_timing_netlist
read_sdc my_project.sdc
update_timing_netlist

# Output results in the form of messages
report_clock_fmax_summary
# Create "Fmax" report panel
report_clock_fmax_summary -panel_name Fmax
# Report both with report panel and messages
report_clock_fmax_summary -panel_name Fmax -stdout

# The following command is optional
delete_timing_netlist

project_close

-------------
Return Value:
-------------

Code Name	Code	String Return
---------	----	-------------
TCL_OK   	0   	INFO: Operation successful
TCL_ERROR	1   	ERROR: Timing netlist does not exist. Use "create_timing_netlist" to create a timing netlist.

---------------------------------------------------------------------------
}
COMMAND_HELP report_clock_network RETURN 0 VALUE {---------------------------------------------------------------------------

Usage: report_clock_network [-h] [-help] [-long_help] [-append] [-file <name>] [-hide_global_clock_network_view] [-hide_internal_nodes] [-include_non_clock_paths] [-initial_depth <number>] [-locate_with_routing] [-panel_name <name>] [-show_full_paths] [-stdout] [-target <names>]

        -h: Quick usage
        -help: Short help
        -long_help: Long help with examples and possible return values

        -append: If output is sent to a file, this option appends the result to that file.  Otherwise, the file is overwritten. This option is not supported for HTML files.
        -file <name>: Sends the results to an ASCII or HTML file. Depending on the extension
        -hide_global_clock_network_view: Hide the global view of clock network.
        -hide_internal_nodes: Hide the internal nodes generated by Quartus.
        -include_non_clock_paths: Show paths that are potentially in the clock network. These paths terminate at a register's clock pin but do not start at a clock source.
        -initial_depth <number>: Initial clock network depth to report.
        -locate_with_routing: When locating to a path, also show detailed routing. This is only shown in Chip Planner.
        -panel_name <name>: Sends the results to the panel and specifies the name of the new panel
        -show_full_paths: Show the full clock paths - do not reduce the table size by condensing multiple trivial nodes into one row.
        -stdout: Send output to stdout, via messages.  You only need to use this option if you have selected another output format, such as a file, and would also like to receive messages.
        -target <names>: Valid nodes in the clock network or clocks (string patterns are matched using Tcl string matching).

------------------------
Tcl Package and Version:
------------------------

Belongs to ::quartus::sta 1.0

------------
Description:
------------

The clock network report shows the netlist topology of clock paths that make up the
clock network in a design. It allows the user to track a clock signal from its
source, through transformations such as PLL's, to the loads that the clock drives.
It also reveals clock relationships by indicating nodes where generated clocks are
defined.

The report can be directed to the Tcl console ("-stdout", default), a file
("-file"), the Timing Analyzer graphical user interface ("-panel_name"),
or any combination of the three.

Use the "-target" option to specify report targets. These can be clocks in the design or
nodes on the clock network, for example PLL outputs. If you specify clocks as targets, the
clock network report uses the clock's target nodes as report targets. The clock network
report then displays all nodes in the clock network that are in the fanin and fanout cones
of the report targets. If no report target is specified, all clock target nodes in the
design are used by default.

Each row in the report may include one node or multiple trivial nodes with singular fanin
and fanout edge. To disable the behaviour of collapsing down trivial nodes into one row, use
the "-show_full_paths" option.

When running the clock network report in the Timing Analyzer GUI, rows in the main table
corresponding to report target nodes are highlighted in light blue. You may click on each
row of the table to view information such as clock frequencies, relationships, and why
this node belongs in the clock network. You may right-click on any row to locate the
node in other Quartus tools such as RTL Viewer. You may also right-click on specific rows
to locate the shortest clock path from the clock source to that node in tools such as RTL
Viewer.

Use the "-initial_depth" option to reduce the height of the report table in the Timing Analyzer
GUI. Rows in the main table that are deeper than the set initial depth are collapsed by
default, but can be manually expanded. If this option is not set, the report determines an
appropriate initial depth to use.

Use the "-include_non_clock_paths" option if a node that you expect to be in the clock network
cannot be found. This option shows nodes that lead into a register's clock pin, but are not
downstream of any known clock source. Furthermore, registers that are not clocked by any clocks
will be shown using this option.

Use the "-locate_with_routing" option to show the routing elements that make up a path when
locating a path to Chip Planner. Only use this option if you use the "-target" option to specify
reporting targets, otherwise the report may be slow to generate.

--------------
Example Usage:
--------------

# Report the clock network that feeds into register regA
report_clock_network -panel {Report} -target [get_registers regA]

# Report the clock network starting from clk_100 clock, but show only the first 10 levels
report_clock_network -panel {Report} -target [get_clocks clk_100] -initial_depth 10

# Report the clock network passing through the combinational node clk_mux|combout.
# In the report, include paths that end at a register's clock pin but do not start
# at a clock source.
report_clock_network -panel {Report} -target [get_nodes clk_mux|combout] -include_non_clock_paths

-------------
Return Value:
-------------

Code Name	Code	String Return
---------	----	-------------
TCL_OK   	0   	INFO: Operation successful

---------------------------------------------------------------------------
}
COMMAND_HELP report_clock_relationship RETURN 1 VALUE {ERROR: Tcl command does not exist or is not supported by Quartus Prime Tcl help: report_clock_relationship. Specify an available Quartus Prime Tcl command. Type "info commands" for a list of available commands.
}
COMMAND_HELP report_clock_transfers RETURN 0 VALUE {---------------------------------------------------------------------------

Usage: report_clock_transfers [-h] [-help] [-long_help] [-append] [-file <name>] [-hold] [-panel_name <name>] [-recovery] [-removal] [-setup] [-stdout]

        -h: Quick usage
        -help: Short help
        -long_help: Long help with examples and possible return values

        -append: If output is sent to a file, this option appends the result to that file.  Otherwise, the file is overwritten. This option is not supported for HTML files.
        -file <name>: Sends the results to an ASCII or HTML file. Depending on the extension
        -hold: Creates a clock transfer summary for hold analysis
        -panel_name <name>: Sends the results to the panel and specifies the name of the new panel
        -recovery: Creates a clock transfer summary for recovery analysis
        -removal: Creates a clock transfer summary for removal analysis
        -setup: Creates a clock transfer summary for setup analysis
        -stdout: Send output to stdout, via messages.  You only need to use this option if you have selected another output format, such as a file, and would also like to receive messages.

------------------------
Tcl Package and Version:
------------------------

Belongs to ::quartus::sta 1.0

------------
Description:
------------


Generates a timing report table showing all clock transfers (i.e.,
data paths between one clock domain and another clock domain).  The
from and to clocks are shown as well as the number of paths for each
transfer: RR, RF, FR, FF.  An RF transfer, for example, occurs when
the source register of path is clocked by the rising edge of its clock
and the destination register is clocked by the falling edge of its
clock.

The report also indicates what clock transfers are cut ("false paths")
by set_clock_groups or clock-to-clock set_false_path commands.  For
transfers that are not cut, the number of paths reported does not take
into account paths cut by path-specific set_false_path commands.
Actual path counts may be lower than reported.

The report can be directed to the Tcl console ("-stdout", default), a
file ("-file"), the Timing Analyzer graphical user interface
("-panel_name"), or any combination of the three.

The -setup, -hold, -recovery, and -removal options determine the
analysis type of the report, particularly the reporting of false_paths
that apply to only one analysis type.  If you do not specify any of
these options, a report is generated for each analysis.

--------------
Example Usage:
--------------

project_open top
create_timing_netlist -skip_dat
report_clock_transfers -panel_name
delete_timing_netlist
project_close

-------------
Return Value:
-------------

Code Name	Code	String Return
---------	----	-------------
TCL_OK   	0   	INFO: Operation successful
TCL_ERROR	1   	ERROR: Timing netlist does not exist. Use "create_timing_netlist" to create a timing netlist.
TCL_ERROR	1   	ERROR: Netlist must be updated. Run update_timing_netlist

---------------------------------------------------------------------------
}
COMMAND_HELP report_clocks RETURN 0 VALUE {---------------------------------------------------------------------------

Usage: report_clocks [-h] [-help] [-long_help] [-append] [-desc] [-file <name>] [-hierarchy] [-panel_name <name>] [-stdout] [-summary] [-tree] [-waveform]

        -h: Quick usage
        -help: Short help
        -long_help: Long help with examples and possible return values

        -append: If output is sent to a file, this option appends the result to that file.  Otherwise, the file is overwritten. This option is not supported for HTML files.
        -desc: Sort the clocks by name in descending order (ascending order is default)
        -file <name>: Sends the results to an ASCII or HTML file. Depending on the extension
        -hierarchy: Display a tree view of the clocks
        -panel_name <name>: Sends the results to the panel and specifies the name of the new panel
        -stdout: Send output to stdout, via messages.  You only need to use this option if you have selected another output format, such as a file, and would also like to receive messages.
        -summary: Create a single table with a summary of each clock
        -tree: alias for hierarchy
        -waveform: Display the clocks graphically as waveforms

------------------------
Tcl Package and Version:
------------------------

Belongs to ::quartus::sta 1.0

------------
Description:
------------

Report can be directed to the Tcl console ("-stdout", default), a file
("-file"), the Timing Analyzer graphical interface ("-panel_name"), or any
combination of the three.

For stdout/file output, the clock details are reported in two sections.
The first section shows all clocks, their period, and their waveform.
This includes generated clocks after an update_timing_netlist.  The
second section shows details for all generated clocks.  For the panel
report, both sections are combined into a single report.

--------------
Example Usage:
--------------

project_open top
create_timing_netlist
read_sdc
update_timing_netlist

report_clocks

delete_timing_netlist
project_close

-------------
Return Value:
-------------

Code Name	Code	String Return
---------	----	-------------
TCL_OK   	0   	INFO: Operation successful

---------------------------------------------------------------------------
}
IA840F_CPA_HELP36_COMPLETE
Info (23030): Evaluation of Tcl script /home/uwb_student00/ahls/new_BSP/qualification/fim-build-23/cpa-help36/query.tcl was successful
Info: Quartus Prime Timing Analyzer was successful. 0 errors, 0 warnings
    Info: Peak virtual memory: 1395 megabytes
    Info: Processing ended: Thu Oct  1 13:52:18 2026
    Info: Elapsed time: 00:00:01
    Info: System process ID: 313129
Built target cpa_command_help
CONSTRAINT_SUPERVISION {"abort_reason": null, "final_live_pids": [], "native_rc": 0, "native_started": true, "supervision_errors": [], "termination_confirmed": true}
