//
// Generated by ip_gen_sv_wrapper.tcl
//

coreclkout_hip_toapp is not part of a group. Using pcie_ss_coreclkout_hip_toapp_if.
dummy_user_avmm_rst is not part of a group. Using pcie_ss_dummy_user_avmm_rst_if.
pcie_ss hip_serial merging ports matching ^(rx_n_in)([0-9]+)()$: rx_n_in[16]
pcie_ss hip_serial merging ports matching ^(rx_p_in)([0-9]+)()$: rx_p_in[16]
pcie_ss hip_serial merging ports matching ^(tx_n_out)([0-9]+)()$: tx_n_out[16]
pcie_ss hip_serial merging ports matching ^(tx_p_out)([0-9]+)()$: tx_p_out[16]
hip_serial is not part of a group. Using pcie_ss_hip_serial_if.
ninit_done is not part of a group. Using pcie_ss_ninit_done_if.
p0_app_ss_sent_vfnonfatalmsg is id0 of a potential group. Using pcie_ss_p_app_ss_sent_vfnonfatalmsg_if.
  Map key: pcie_ss_p0_app_ss_sent_vfnonfatalmsg
  Pattern: ^(p)([0-9]+)(_app_ss_sent_vfnonfatalmsg)$
p0_app_ss_st_err_tuser_error_type is id0 of a potential group. Using pcie_ss_p_app_ss_st_err_tuser_error_type_if.
  Map key: pcie_ss_p0_app_ss_st_err_tuser_error_type
  Pattern: ^(p)([0-9]+)(_app_ss_st_err_tuser_error_type)$
p0_app_ss_st_tx_tuser_hdr is id0 of a potential group. Using pcie_ss_p_app_ss_st_tx_tuser_hdr_if.
  Map key: pcie_ss_p0_app_ss_st_tx_tuser_hdr
  Pattern: ^(p)([0-9]+)(_app_ss_st_tx_tuser_hdr)$
p0_app_ss_st_tx_tuser_hvalid is id0 of a potential group. Using pcie_ss_p_app_ss_st_tx_tuser_hvalid_if.
  Map key: pcie_ss_p0_app_ss_st_tx_tuser_hvalid
  Pattern: ^(p)([0-9]+)(_app_ss_st_tx_tuser_hvalid)$
p0_app_ss_st_tx_tuser_last_segment is id0 of a potential group. Using pcie_ss_p_app_ss_st_tx_tuser_last_segment_if.
  Map key: pcie_ss_p0_app_ss_st_tx_tuser_last_segment
  Pattern: ^(p)([0-9]+)(_app_ss_st_tx_tuser_last_segment)$
p0_app_ss_vfnonfatalmsg_func_num is id0 of a potential group. Using pcie_ss_p_app_ss_vfnonfatalmsg_func_num_if.
  Map key: pcie_ss_p0_app_ss_vfnonfatalmsg_func_num
  Pattern: ^(p)([0-9]+)(_app_ss_vfnonfatalmsg_func_num)$
p0_app_ss_vfnonfatalmsg_vf_num is id0 of a potential group. Using pcie_ss_p_app_ss_vfnonfatalmsg_vf_num_if.
  Map key: pcie_ss_p0_app_ss_vfnonfatalmsg_vf_num
  Pattern: ^(p)([0-9]+)(_app_ss_vfnonfatalmsg_vf_num)$
p0_axi_lite_areset_n is id0 of a potential group. Using pcie_ss_p_axi_lite_areset_n_if.
  Map key: pcie_ss_p0_axi_lite_areset_n
  Pattern: ^(p)([0-9]+)(_axi_lite_areset_n)$
p0_axi_lite_clk is id0 of a potential group. Using pcie_ss_p_axi_lite_clk_if.
  Map key: pcie_ss_p0_axi_lite_clk
  Pattern: ^(p)([0-9]+)(_axi_lite_clk)$
p0_axi_st_areset_n is id0 of a potential group. Using pcie_ss_p_axi_st_areset_n_if.
  Map key: pcie_ss_p0_axi_st_areset_n
  Pattern: ^(p)([0-9]+)(_axi_st_areset_n)$
p0_axi_st_clk is id0 of a potential group. Using pcie_ss_p_axi_st_clk_if.
  Map key: pcie_ss_p0_axi_st_clk
  Pattern: ^(p)([0-9]+)(_axi_st_clk)$
p0_initiate_rst_req_rdy is id0 of a potential group. Using pcie_ss_p_initiate_rst_req_rdy_if.
  Map key: pcie_ss_p0_initiate_rst_req_rdy
  Pattern: ^(p)([0-9]+)(_initiate_rst_req_rdy)$
p0_initiate_warmrst_req is id0 of a potential group. Using pcie_ss_p_initiate_warmrst_req_if.
  Map key: pcie_ss_p0_initiate_warmrst_req
  Pattern: ^(p)([0-9]+)(_initiate_warmrst_req)$
p0_lite_csr is id0 of a potential group. Using pcie_ss_p_lite_csr_if.
  Map key: pcie_ss_p0_lite_csr
  Pattern: ^(p)([0-9]+)(_lite_csr)$
p0_pin_perst_n is id0 of a potential group. Using pcie_ss_p_pin_perst_n_if.
  Map key: pcie_ss_p0_pin_perst_n
  Pattern: ^(p)([0-9]+)(_pin_perst_n)$
p0_reset_status_n is id0 of a potential group. Using pcie_ss_p_reset_status_n_if.
  Map key: pcie_ss_p0_reset_status_n
  Pattern: ^(p)([0-9]+)(_reset_status_n)$
p0_ss_app_dlup is id0 of a potential group. Using pcie_ss_p_ss_app_dlup_if.
  Map key: pcie_ss_p0_ss_app_dlup
  Pattern: ^(p)([0-9]+)(_ss_app_dlup)$
p0_ss_app_rx_par_err is id0 of a potential group. Using pcie_ss_p_ss_app_rx_par_err_if.
  Map key: pcie_ss_p0_ss_app_rx_par_err
  Pattern: ^(p)([0-9]+)(_ss_app_rx_par_err)$
p0_ss_app_serr is id0 of a potential group. Using pcie_ss_p_ss_app_serr_if.
  Map key: pcie_ss_p0_ss_app_serr
  Pattern: ^(p)([0-9]+)(_ss_app_serr)$
p0_ss_app_st_rx_tuser_hdr is id0 of a potential group. Using pcie_ss_p_ss_app_st_rx_tuser_hdr_if.
  Map key: pcie_ss_p0_ss_app_st_rx_tuser_hdr
  Pattern: ^(p)([0-9]+)(_ss_app_st_rx_tuser_hdr)$
p0_ss_app_st_rx_tuser_hvalid is id0 of a potential group. Using pcie_ss_p_ss_app_st_rx_tuser_hvalid_if.
  Map key: pcie_ss_p0_ss_app_st_rx_tuser_hvalid
  Pattern: ^(p)([0-9]+)(_ss_app_st_rx_tuser_hvalid)$
p0_ss_app_st_rx_tuser_last_segment is id0 of a potential group. Using pcie_ss_p_ss_app_st_rx_tuser_last_segment_if.
  Map key: pcie_ss_p0_ss_app_st_rx_tuser_last_segment
  Pattern: ^(p)([0-9]+)(_ss_app_st_rx_tuser_last_segment)$
p0_ss_app_st_rx_tuser_vendor is id0 of a potential group. Using pcie_ss_p_ss_app_st_rx_tuser_vendor_if.
  Map key: pcie_ss_p0_ss_app_st_rx_tuser_vendor
  Pattern: ^(p)([0-9]+)(_ss_app_st_rx_tuser_vendor)$
p0_ss_app_surprise_down_err is id0 of a potential group. Using pcie_ss_p_ss_app_surprise_down_err_if.
  Map key: pcie_ss_p0_ss_app_surprise_down_err
  Pattern: ^(p)([0-9]+)(_ss_app_surprise_down_err)$
p0_ss_app_tx_par_err is id0 of a potential group. Using pcie_ss_p_ss_app_tx_par_err_if.
  Map key: pcie_ss_p0_ss_app_tx_par_err
  Pattern: ^(p)([0-9]+)(_ss_app_tx_par_err)$
p0_ss_app_vf_err_ca_postedreq_s0 is id0 of a potential group. Using pcie_ss_p_ss_app_vf_err_ca_postedreq_s0_if.
  Map key: pcie_ss_p0_ss_app_vf_err_ca_postedreq_s0
  Pattern: ^(p)([0-9]+)(_ss_app_vf_err_ca_postedreq_s0)$
p0_ss_app_vf_err_ca_postedreq_s1 is id0 of a potential group. Using pcie_ss_p_ss_app_vf_err_ca_postedreq_s1_if.
  Map key: pcie_ss_p0_ss_app_vf_err_ca_postedreq_s1
  Pattern: ^(p)([0-9]+)(_ss_app_vf_err_ca_postedreq_s1)$
p0_ss_app_vf_err_ca_postedreq_s2 is id0 of a potential group. Using pcie_ss_p_ss_app_vf_err_ca_postedreq_s2_if.
  Map key: pcie_ss_p0_ss_app_vf_err_ca_postedreq_s2
  Pattern: ^(p)([0-9]+)(_ss_app_vf_err_ca_postedreq_s2)$
p0_ss_app_vf_err_ca_postedreq_s3 is id0 of a potential group. Using pcie_ss_p_ss_app_vf_err_ca_postedreq_s3_if.
  Map key: pcie_ss_p0_ss_app_vf_err_ca_postedreq_s3
  Pattern: ^(p)([0-9]+)(_ss_app_vf_err_ca_postedreq_s3)$
p0_ss_app_vf_err_func_num_s0 is id0 of a potential group. Using pcie_ss_p_ss_app_vf_err_func_num_s0_if.
  Map key: pcie_ss_p0_ss_app_vf_err_func_num_s0
  Pattern: ^(p)([0-9]+)(_ss_app_vf_err_func_num_s0)$
p0_ss_app_vf_err_func_num_s1 is id0 of a potential group. Using pcie_ss_p_ss_app_vf_err_func_num_s1_if.
  Map key: pcie_ss_p0_ss_app_vf_err_func_num_s1
  Pattern: ^(p)([0-9]+)(_ss_app_vf_err_func_num_s1)$
p0_ss_app_vf_err_func_num_s2 is id0 of a potential group. Using pcie_ss_p_ss_app_vf_err_func_num_s2_if.
  Map key: pcie_ss_p0_ss_app_vf_err_func_num_s2
  Pattern: ^(p)([0-9]+)(_ss_app_vf_err_func_num_s2)$
p0_ss_app_vf_err_func_num_s3 is id0 of a potential group. Using pcie_ss_p_ss_app_vf_err_func_num_s3_if.
  Map key: pcie_ss_p0_ss_app_vf_err_func_num_s3
  Pattern: ^(p)([0-9]+)(_ss_app_vf_err_func_num_s3)$
p0_ss_app_vf_err_overflow is id0 of a potential group. Using pcie_ss_p_ss_app_vf_err_overflow_if.
  Map key: pcie_ss_p0_ss_app_vf_err_overflow
  Pattern: ^(p)([0-9]+)(_ss_app_vf_err_overflow)$
p0_ss_app_vf_err_poisonedcompl_s0 is id0 of a potential group. Using pcie_ss_p_ss_app_vf_err_poisonedcompl_s0_if.
  Map key: pcie_ss_p0_ss_app_vf_err_poisonedcompl_s0
  Pattern: ^(p)([0-9]+)(_ss_app_vf_err_poisonedcompl_s0)$
p0_ss_app_vf_err_poisonedcompl_s1 is id0 of a potential group. Using pcie_ss_p_ss_app_vf_err_poisonedcompl_s1_if.
  Map key: pcie_ss_p0_ss_app_vf_err_poisonedcompl_s1
  Pattern: ^(p)([0-9]+)(_ss_app_vf_err_poisonedcompl_s1)$
p0_ss_app_vf_err_poisonedcompl_s2 is id0 of a potential group. Using pcie_ss_p_ss_app_vf_err_poisonedcompl_s2_if.
  Map key: pcie_ss_p0_ss_app_vf_err_poisonedcompl_s2
  Pattern: ^(p)([0-9]+)(_ss_app_vf_err_poisonedcompl_s2)$
p0_ss_app_vf_err_poisonedcompl_s3 is id0 of a potential group. Using pcie_ss_p_ss_app_vf_err_poisonedcompl_s3_if.
  Map key: pcie_ss_p0_ss_app_vf_err_poisonedcompl_s3
  Pattern: ^(p)([0-9]+)(_ss_app_vf_err_poisonedcompl_s3)$
p0_ss_app_vf_err_poisonedwrreq_s0 is id0 of a potential group. Using pcie_ss_p_ss_app_vf_err_poisonedwrreq_s0_if.
  Map key: pcie_ss_p0_ss_app_vf_err_poisonedwrreq_s0
  Pattern: ^(p)([0-9]+)(_ss_app_vf_err_poisonedwrreq_s0)$
p0_ss_app_vf_err_poisonedwrreq_s1 is id0 of a potential group. Using pcie_ss_p_ss_app_vf_err_poisonedwrreq_s1_if.
  Map key: pcie_ss_p0_ss_app_vf_err_poisonedwrreq_s1
  Pattern: ^(p)([0-9]+)(_ss_app_vf_err_poisonedwrreq_s1)$
p0_ss_app_vf_err_poisonedwrreq_s2 is id0 of a potential group. Using pcie_ss_p_ss_app_vf_err_poisonedwrreq_s2_if.
  Map key: pcie_ss_p0_ss_app_vf_err_poisonedwrreq_s2
  Pattern: ^(p)([0-9]+)(_ss_app_vf_err_poisonedwrreq_s2)$
p0_ss_app_vf_err_poisonedwrreq_s3 is id0 of a potential group. Using pcie_ss_p_ss_app_vf_err_poisonedwrreq_s3_if.
  Map key: pcie_ss_p0_ss_app_vf_err_poisonedwrreq_s3
  Pattern: ^(p)([0-9]+)(_ss_app_vf_err_poisonedwrreq_s3)$
p0_ss_app_vf_err_ur_postedreq_s0 is id0 of a potential group. Using pcie_ss_p_ss_app_vf_err_ur_postedreq_s0_if.
  Map key: pcie_ss_p0_ss_app_vf_err_ur_postedreq_s0
  Pattern: ^(p)([0-9]+)(_ss_app_vf_err_ur_postedreq_s0)$
p0_ss_app_vf_err_ur_postedreq_s1 is id0 of a potential group. Using pcie_ss_p_ss_app_vf_err_ur_postedreq_s1_if.
  Map key: pcie_ss_p0_ss_app_vf_err_ur_postedreq_s1
  Pattern: ^(p)([0-9]+)(_ss_app_vf_err_ur_postedreq_s1)$
p0_ss_app_vf_err_ur_postedreq_s2 is id0 of a potential group. Using pcie_ss_p_ss_app_vf_err_ur_postedreq_s2_if.
  Map key: pcie_ss_p0_ss_app_vf_err_ur_postedreq_s2
  Pattern: ^(p)([0-9]+)(_ss_app_vf_err_ur_postedreq_s2)$
p0_ss_app_vf_err_ur_postedreq_s3 is id0 of a potential group. Using pcie_ss_p_ss_app_vf_err_ur_postedreq_s3_if.
  Map key: pcie_ss_p0_ss_app_vf_err_ur_postedreq_s3
  Pattern: ^(p)([0-9]+)(_ss_app_vf_err_ur_postedreq_s3)$
p0_ss_app_vf_err_vf_num_s0 is id0 of a potential group. Using pcie_ss_p_ss_app_vf_err_vf_num_s0_if.
  Map key: pcie_ss_p0_ss_app_vf_err_vf_num_s0
  Pattern: ^(p)([0-9]+)(_ss_app_vf_err_vf_num_s0)$
p0_ss_app_vf_err_vf_num_s1 is id0 of a potential group. Using pcie_ss_p_ss_app_vf_err_vf_num_s1_if.
  Map key: pcie_ss_p0_ss_app_vf_err_vf_num_s1
  Pattern: ^(p)([0-9]+)(_ss_app_vf_err_vf_num_s1)$
p0_ss_app_vf_err_vf_num_s2 is id0 of a potential group. Using pcie_ss_p_ss_app_vf_err_vf_num_s2_if.
  Map key: pcie_ss_p0_ss_app_vf_err_vf_num_s2
  Pattern: ^(p)([0-9]+)(_ss_app_vf_err_vf_num_s2)$
p0_ss_app_vf_err_vf_num_s3 is id0 of a potential group. Using pcie_ss_p_ss_app_vf_err_vf_num_s3_if.
  Map key: pcie_ss_p0_ss_app_vf_err_vf_num_s3
  Pattern: ^(p)([0-9]+)(_ss_app_vf_err_vf_num_s3)$
p0_ss_app_vfnonfatalmsg_ready is id0 of a potential group. Using pcie_ss_p_ss_app_vfnonfatalmsg_ready_if.
  Map key: pcie_ss_p0_ss_app_vfnonfatalmsg_ready
  Pattern: ^(p)([0-9]+)(_ss_app_vfnonfatalmsg_ready)$
p0_st_cplto is id0 of a potential group. Using pcie_ss_p_st_cplto_if.
  Map key: pcie_ss_p0_st_cplto
  Pattern: ^(p)([0-9]+)(_st_cplto)$
p0_st_ctrlshadow is id0 of a potential group. Using pcie_ss_p_st_ctrlshadow_if.
  Map key: pcie_ss_p0_st_ctrlshadow
  Pattern: ^(p)([0-9]+)(_st_ctrlshadow)$
p0_st_err is id0 of a potential group. Using pcie_ss_p_st_err_if.
  Map key: pcie_ss_p0_st_err
  Pattern: ^(p)([0-9]+)(_st_err)$
p0_st_flrcmpl is id0 of a potential group. Using pcie_ss_p_st_flrcmpl_if.
  Map key: pcie_ss_p0_st_flrcmpl
  Pattern: ^(p)([0-9]+)(_st_flrcmpl)$
p0_st_flrrcvd is id0 of a potential group. Using pcie_ss_p_st_flrrcvd_if.
  Map key: pcie_ss_p0_st_flrrcvd
  Pattern: ^(p)([0-9]+)(_st_flrrcvd)$
p0_st_rx is id0 of a potential group. Using pcie_ss_p_st_rx_if.
  Map key: pcie_ss_p0_st_rx
  Pattern: ^(p)([0-9]+)(_st_rx)$
p0_st_tx is id0 of a potential group. Using pcie_ss_p_st_tx_if.
  Map key: pcie_ss_p0_st_tx
  Pattern: ^(p)([0-9]+)(_st_tx)$
p0_st_txcrdt is id0 of a potential group. Using pcie_ss_p_st_txcrdt_if.
  Map key: pcie_ss_p0_st_txcrdt
  Pattern: ^(p)([0-9]+)(_st_txcrdt)$
p0_subsystem_cold_rst_ack_n is id0 of a potential group. Using pcie_ss_p_subsystem_cold_rst_ack_n_if.
  Map key: pcie_ss_p0_subsystem_cold_rst_ack_n
  Pattern: ^(p)([0-9]+)(_subsystem_cold_rst_ack_n)$
p0_subsystem_cold_rst_n is id0 of a potential group. Using pcie_ss_p_subsystem_cold_rst_n_if.
  Map key: pcie_ss_p0_subsystem_cold_rst_n
  Pattern: ^(p)([0-9]+)(_subsystem_cold_rst_n)$
p0_subsystem_rst_rdy is id0 of a potential group. Using pcie_ss_p_subsystem_rst_rdy_if.
  Map key: pcie_ss_p0_subsystem_rst_rdy
  Pattern: ^(p)([0-9]+)(_subsystem_rst_rdy)$
p0_subsystem_rst_req is id0 of a potential group. Using pcie_ss_p_subsystem_rst_req_if.
  Map key: pcie_ss_p0_subsystem_rst_req
  Pattern: ^(p)([0-9]+)(_subsystem_rst_req)$
p0_subsystem_warm_rst_ack_n is id0 of a potential group. Using pcie_ss_p_subsystem_warm_rst_ack_n_if.
  Map key: pcie_ss_p0_subsystem_warm_rst_ack_n
  Pattern: ^(p)([0-9]+)(_subsystem_warm_rst_ack_n)$
p0_subsystem_warm_rst_n is id0 of a potential group. Using pcie_ss_p_subsystem_warm_rst_n_if.
  Map key: pcie_ss_p0_subsystem_warm_rst_n
  Pattern: ^(p)([0-9]+)(_subsystem_warm_rst_n)$
pin_perst_n is not part of a group. Using pcie_ss_pin_perst_n_if.
refclk0 is id0 of a potential group. Using pcie_ss_refclk_if.
  Map key: pcie_ss_refclk0
  Pattern: ^(refclk)([0-9]+)()$
refclk1 matches pcie_ss_refclk_if.
  Map key: pcie_ss_refclk1
  Base key: pcie_ss_refclk0
  Pattern: ^(refclk)([0-9]+)()$
pcie_ss: coalescing group p0_app_ss_sent_vfnonfatalmsg
pcie_ss: coalescing group p0_app_ss_st_err_tuser_error_type
pcie_ss: coalescing group p0_app_ss_st_tx_tuser_hdr
pcie_ss: coalescing group p0_app_ss_st_tx_tuser_hvalid
pcie_ss: coalescing group p0_app_ss_st_tx_tuser_last_segment
pcie_ss: coalescing group p0_app_ss_vfnonfatalmsg_func_num
pcie_ss: coalescing group p0_app_ss_vfnonfatalmsg_vf_num
pcie_ss: coalescing group p0_axi_lite_areset_n
pcie_ss: coalescing group p0_axi_lite_clk
pcie_ss: coalescing group p0_axi_st_areset_n
pcie_ss: coalescing group p0_axi_st_clk
pcie_ss: coalescing group p0_initiate_rst_req_rdy
pcie_ss: coalescing group p0_initiate_warmrst_req
pcie_ss: coalescing group p0_lite_csr
pcie_ss: coalescing group p0_pin_perst_n
pcie_ss: coalescing group p0_reset_status_n
pcie_ss: coalescing group p0_ss_app_dlup
pcie_ss: coalescing group p0_ss_app_rx_par_err
pcie_ss: coalescing group p0_ss_app_serr
pcie_ss: coalescing group p0_ss_app_st_rx_tuser_hdr
pcie_ss: coalescing group p0_ss_app_st_rx_tuser_hvalid
pcie_ss: coalescing group p0_ss_app_st_rx_tuser_last_segment
pcie_ss: coalescing group p0_ss_app_st_rx_tuser_vendor
pcie_ss: coalescing group p0_ss_app_surprise_down_err
pcie_ss: coalescing group p0_ss_app_tx_par_err
pcie_ss: coalescing group p0_ss_app_vf_err_ca_postedreq_s0
pcie_ss: coalescing group p0_ss_app_vf_err_ca_postedreq_s1
pcie_ss: coalescing group p0_ss_app_vf_err_ca_postedreq_s2
pcie_ss: coalescing group p0_ss_app_vf_err_ca_postedreq_s3
pcie_ss: coalescing group p0_ss_app_vf_err_func_num_s0
pcie_ss: coalescing group p0_ss_app_vf_err_func_num_s1
pcie_ss: coalescing group p0_ss_app_vf_err_func_num_s2
pcie_ss: coalescing group p0_ss_app_vf_err_func_num_s3
pcie_ss: coalescing group p0_ss_app_vf_err_overflow
pcie_ss: coalescing group p0_ss_app_vf_err_poisonedcompl_s0
pcie_ss: coalescing group p0_ss_app_vf_err_poisonedcompl_s1
pcie_ss: coalescing group p0_ss_app_vf_err_poisonedcompl_s2
pcie_ss: coalescing group p0_ss_app_vf_err_poisonedcompl_s3
pcie_ss: coalescing group p0_ss_app_vf_err_poisonedwrreq_s0
pcie_ss: coalescing group p0_ss_app_vf_err_poisonedwrreq_s1
pcie_ss: coalescing group p0_ss_app_vf_err_poisonedwrreq_s2
pcie_ss: coalescing group p0_ss_app_vf_err_poisonedwrreq_s3
pcie_ss: coalescing group p0_ss_app_vf_err_ur_postedreq_s0
pcie_ss: coalescing group p0_ss_app_vf_err_ur_postedreq_s1
pcie_ss: coalescing group p0_ss_app_vf_err_ur_postedreq_s2
pcie_ss: coalescing group p0_ss_app_vf_err_ur_postedreq_s3
pcie_ss: coalescing group p0_ss_app_vf_err_vf_num_s0
pcie_ss: coalescing group p0_ss_app_vf_err_vf_num_s1
pcie_ss: coalescing group p0_ss_app_vf_err_vf_num_s2
pcie_ss: coalescing group p0_ss_app_vf_err_vf_num_s3
pcie_ss: coalescing group p0_ss_app_vfnonfatalmsg_ready
pcie_ss: coalescing group p0_st_cplto
pcie_ss: coalescing group p0_st_ctrlshadow
pcie_ss: coalescing group p0_st_err
pcie_ss: coalescing group p0_st_flrcmpl
pcie_ss: coalescing group p0_st_flrrcvd
pcie_ss: coalescing group p0_st_rx
pcie_ss: coalescing group p0_st_tx
pcie_ss: coalescing group p0_st_txcrdt
pcie_ss: coalescing group p0_subsystem_cold_rst_ack_n
pcie_ss: coalescing group p0_subsystem_cold_rst_n
pcie_ss: coalescing group p0_subsystem_rst_rdy
pcie_ss: coalescing group p0_subsystem_rst_req
pcie_ss: coalescing group p0_subsystem_warm_rst_ack_n
pcie_ss: coalescing group p0_subsystem_warm_rst_n
pcie_ss: coalescing group refclk0 refclk1
pcie_ss: coalescing interfaces into vectors of 1 ports
