Change Dir: '/home/uwb_student00/ahls/new_BSP/work_ahls_getting_started_01/runs/compile4-ip/build'

Run Build Command(s): /usr/bin/cmake -E env VERBOSE=1 /usr/bin/gmake -f Makefile -j36 fpga
/usr/bin/cmake -S/home/uwb_student00/ahls/new_BSP/work_ahls_getting_started_01/source/Tutorials/GettingStarted/fpga_compile -B/home/uwb_student00/ahls/new_BSP/work_ahls_getting_started_01/runs/compile4-ip/build --check-build-system CMakeFiles/Makefile.cmake 0
/usr/bin/gmake  -f CMakeFiles/Makefile2 fpga
gmake[1]: Entering directory '/home/uwb_student00/ahls/new_BSP/work_ahls_getting_started_01/runs/compile4-ip/build'
/usr/bin/cmake -S/home/uwb_student00/ahls/new_BSP/work_ahls_getting_started_01/source/Tutorials/GettingStarted/fpga_compile -B/home/uwb_student00/ahls/new_BSP/work_ahls_getting_started_01/runs/compile4-ip/build --check-build-system CMakeFiles/Makefile.cmake 0
/usr/bin/cmake -E cmake_progress_start /home/uwb_student00/ahls/new_BSP/work_ahls_getting_started_01/runs/compile4-ip/build/CMakeFiles 3
/usr/bin/gmake  -f CMakeFiles/Makefile2 CMakeFiles/fpga.dir/all
gmake[2]: Entering directory '/home/uwb_student00/ahls/new_BSP/work_ahls_getting_started_01/runs/compile4-ip/build'
/usr/bin/gmake  -f CMakeFiles/displayFPGACompileCommands.dir/build.make CMakeFiles/displayFPGACompileCommands.dir/depend
gmake[3]: Entering directory '/home/uwb_student00/ahls/new_BSP/work_ahls_getting_started_01/runs/compile4-ip/build'
cd /home/uwb_student00/ahls/new_BSP/work_ahls_getting_started_01/runs/compile4-ip/build && /usr/bin/cmake -E cmake_depends "Unix Makefiles" /home/uwb_student00/ahls/new_BSP/work_ahls_getting_started_01/source/Tutorials/GettingStarted/fpga_compile /home/uwb_student00/ahls/new_BSP/work_ahls_getting_started_01/source/Tutorials/GettingStarted/fpga_compile /home/uwb_student00/ahls/new_BSP/work_ahls_getting_started_01/runs/compile4-ip/build /home/uwb_student00/ahls/new_BSP/work_ahls_getting_started_01/runs/compile4-ip/build /home/uwb_student00/ahls/new_BSP/work_ahls_getting_started_01/runs/compile4-ip/build/CMakeFiles/displayFPGACompileCommands.dir/DependInfo.cmake "--color="
gmake[3]: Leaving directory '/home/uwb_student00/ahls/new_BSP/work_ahls_getting_started_01/runs/compile4-ip/build'
/usr/bin/gmake  -f CMakeFiles/displayFPGACompileCommands.dir/build.make CMakeFiles/displayFPGACompileCommands.dir/build
gmake[3]: Entering directory '/home/uwb_student00/ahls/new_BSP/work_ahls_getting_started_01/runs/compile4-ip/build'
[ 33%] 
To compile manually:
/home/uwb_student00/ahls/altera_hls/aclsycl/bin/ahls -I../../../include -I/home/uwb_student00/ahls/new_BSP/work_ahls_getting_started_01/source/include -Wall -DFPGA_HARDWARE -c ../../../source/Tutorials/GettingStarted/fpga_compile/part4_dpcpp_lambda_buffers/src/vector_add.cpp -o CMakeFiles/fpga.dir/part4_dpcpp_lambda_buffers/src/vector_add.cpp.o

To link manually:
/home/uwb_student00/ahls/altera_hls/aclsycl/bin/ahls -Xshardware -Xstarget=AGFB027R25A2E2V -reuse-exe=/home/uwb_student00/ahls/new_BSP/work_ahls_getting_started_01/runs/compile4-ip/build/vector_add.fpga -o vector_add.fpga CMakeFiles/fpga.dir/part4_dpcpp_lambda_buffers/src/vector_add.cpp.o
/usr/bin/cmake -E cmake_echo_color --cyan 
gmake[3]: Leaving directory '/home/uwb_student00/ahls/new_BSP/work_ahls_getting_started_01/runs/compile4-ip/build'
[ 33%] Built target displayFPGACompileCommands
/usr/bin/gmake  -f CMakeFiles/fpga.dir/build.make CMakeFiles/fpga.dir/depend
gmake[3]: Entering directory '/home/uwb_student00/ahls/new_BSP/work_ahls_getting_started_01/runs/compile4-ip/build'
cd /home/uwb_student00/ahls/new_BSP/work_ahls_getting_started_01/runs/compile4-ip/build && /usr/bin/cmake -E cmake_depends "Unix Makefiles" /home/uwb_student00/ahls/new_BSP/work_ahls_getting_started_01/source/Tutorials/GettingStarted/fpga_compile /home/uwb_student00/ahls/new_BSP/work_ahls_getting_started_01/source/Tutorials/GettingStarted/fpga_compile /home/uwb_student00/ahls/new_BSP/work_ahls_getting_started_01/runs/compile4-ip/build /home/uwb_student00/ahls/new_BSP/work_ahls_getting_started_01/runs/compile4-ip/build /home/uwb_student00/ahls/new_BSP/work_ahls_getting_started_01/runs/compile4-ip/build/CMakeFiles/fpga.dir/DependInfo.cmake "--color="
gmake[3]: Leaving directory '/home/uwb_student00/ahls/new_BSP/work_ahls_getting_started_01/runs/compile4-ip/build'
/usr/bin/gmake  -f CMakeFiles/fpga.dir/build.make CMakeFiles/fpga.dir/build
gmake[3]: Entering directory '/home/uwb_student00/ahls/new_BSP/work_ahls_getting_started_01/runs/compile4-ip/build'
[ 66%] Building CXX object CMakeFiles/fpga.dir/part4_dpcpp_lambda_buffers/src/vector_add.cpp.o
/home/uwb_student00/ahls/altera_hls/aclsycl/bin/ahls  -I/home/uwb_student00/ahls/new_BSP/work_ahls_getting_started_01/source/Tutorials/GettingStarted/fpga_compile/../../../../include -I/home/uwb_student00/ahls/new_BSP/work_ahls_getting_started_01/source/include -Wall -DFPGA_HARDWARE -MD -MT CMakeFiles/fpga.dir/part4_dpcpp_lambda_buffers/src/vector_add.cpp.o -MF CMakeFiles/fpga.dir/part4_dpcpp_lambda_buffers/src/vector_add.cpp.o.d -o CMakeFiles/fpga.dir/part4_dpcpp_lambda_buffers/src/vector_add.cpp.o -c /home/uwb_student00/ahls/new_BSP/work_ahls_getting_started_01/source/Tutorials/GettingStarted/fpga_compile/part4_dpcpp_lambda_buffers/src/vector_add.cpp
[100%] Linking CXX executable vector_add.fpga
/usr/bin/cmake -E cmake_link_script CMakeFiles/fpga.dir/link.txt --verbose=1
warning: -reuse-exe file '/home/uwb_student00/ahls/new_BSP/work_ahls_getting_started_01/runs/compile4-ip/build/vector_add.fpga' not found; ignored
aoc: Warning: The current version of the Altera HLS IP Gen compiler supports Altera Quartus(R) Prime version 26.1.
The version found on the PATH/QUARTUS_ROOTDIR_OVERRIDE, 25.1, is not supported.
Consider downloading a supported version of Quartus(R):
	https://www.altera.com/downloads/fpga-development-tools/quartus-prime-pro-edition-design-software-version-26-1-linux
aoc: Compiling for FPGA. This process may take several hours to complete.  Prior to performing this compile, be sure to check the reports to ensure the design will meet your performance targets.  If the reports indicate performance targets are not being met, code edits may be required.  Please refer to the Altera HLS IP Gen Handbook for information on performance tuning applications for FPGAs.
/home/uwb_student00/ahls/altera_hls/aclsycl/bin/ahls CMakeFiles/fpga.dir/part4_dpcpp_lambda_buffers/src/vector_add.cpp.o -o vector_add.fpga  -Xshardware -Xstarget=AGFB027R25A2E2V -reuse-exe=/home/uwb_student00/ahls/new_BSP/work_ahls_getting_started_01/runs/compile4-ip/build/vector_add.fpga
gmake[3]: Leaving directory '/home/uwb_student00/ahls/new_BSP/work_ahls_getting_started_01/runs/compile4-ip/build'
[100%] Built target fpga
gmake[2]: Leaving directory '/home/uwb_student00/ahls/new_BSP/work_ahls_getting_started_01/runs/compile4-ip/build'
/usr/bin/cmake -E cmake_progress_start /home/uwb_student00/ahls/new_BSP/work_ahls_getting_started_01/runs/compile4-ip/build/CMakeFiles 0
gmake[1]: Leaving directory '/home/uwb_student00/ahls/new_BSP/work_ahls_getting_started_01/runs/compile4-ip/build'

