FPGA Test identity read 0x0
FPGA Test identity read 0x8
FPGA Test identity read 0x10
FPGA Test capability read 0x98
FPGA Test capability read 0xa0
FPGA Test capability read 0xa8
FPGA Test capability read 0xb0
FPGA Test DDR progress descriptor=0 bank=0 mode=1 ddr_offset=0x0
FPGA Test DDR progress descriptor=1048576 bank=0 mode=1 ddr_offset=0x40000000
FPGA Test DDR progress descriptor=2097152 bank=0 mode=1 ddr_offset=0x80000000
FPGA Test DDR progress descriptor=3145728 bank=0 mode=1 ddr_offset=0xc0000000
FPGA Test DDR progress descriptor=4194304 bank=0 mode=1 ddr_offset=0x100000000
FPGA Test DDR progress descriptor=5242880 bank=0 mode=1 ddr_offset=0x140000000
FPGA Test DDR progress descriptor=6291456 bank=0 mode=1 ddr_offset=0x180000000
FPGA Test DDR progress descriptor=7340032 bank=0 mode=1 ddr_offset=0x1c0000000
FPGA Test DDR progress descriptor=8388608 bank=0 mode=1 ddr_offset=0x200000000
FPGA Test DDR progress descriptor=9437184 bank=0 mode=1 ddr_offset=0x240000000
FPGA Test DDR progress descriptor=10485760 bank=0 mode=1 ddr_offset=0x280000000
FPGA Test DDR progress descriptor=11534336 bank=0 mode=1 ddr_offset=0x2c0000000
FPGA Test DDR progress descriptor=12582912 bank=0 mode=1 ddr_offset=0x300000000
FPGA Test DDR progress descriptor=13631488 bank=0 mode=1 ddr_offset=0x340000000
FPGA Test DDR progress descriptor=14680064 bank=0 mode=1 ddr_offset=0x380000000
FPGA Test DDR progress descriptor=15728640 bank=0 mode=1 ddr_offset=0x3c0000000
FPGA Test DDR phase verified mode=1 bank=0 bytes=2147483648 descriptors=16777216 source_page=4096 destination_page=4096
FPGA Test DDR progress descriptor=16777216 bank=1 mode=1 ddr_offset=0x0
FPGA Test DDR progress descriptor=17825792 bank=1 mode=1 ddr_offset=0x40000000
FPGA Test DDR progress descriptor=18874368 bank=1 mode=1 ddr_offset=0x80000000
FPGA Test DDR progress descriptor=19922944 bank=1 mode=1 ddr_offset=0xc0000000
FPGA Test DDR progress descriptor=20971520 bank=1 mode=1 ddr_offset=0x100000000
FPGA Test DDR progress descriptor=22020096 bank=1 mode=1 ddr_offset=0x140000000
FPGA Test DDR progress descriptor=23068672 bank=1 mode=1 ddr_offset=0x180000000
FPGA Test DDR progress descriptor=24117248 bank=1 mode=1 ddr_offset=0x1c0000000
FPGA Test DDR progress descriptor=25165824 bank=1 mode=1 ddr_offset=0x200000000
FPGA Test DDR progress descriptor=26214400 bank=1 mode=1 ddr_offset=0x240000000
FPGA Test DDR progress descriptor=27262976 bank=1 mode=1 ddr_offset=0x280000000
FPGA Test DDR progress descriptor=28311552 bank=1 mode=1 ddr_offset=0x2c0000000
FPGA Test DDR progress descriptor=29360128 bank=1 mode=1 ddr_offset=0x300000000
FPGA Test DDR progress descriptor=30408704 bank=1 mode=1 ddr_offset=0x340000000
FPGA Test DDR progress descriptor=31457280 bank=1 mode=1 ddr_offset=0x380000000
FPGA Test DDR progress descriptor=32505856 bank=1 mode=1 ddr_offset=0x3c0000000
FPGA Test DDR phase verified mode=1 bank=1 bytes=2147483648 descriptors=33554432 source_page=4096 destination_page=4096
FPGA Test DDR progress descriptor=33554432 bank=0 mode=2 ddr_offset=0x0
FPGA Test DDR progress descriptor=34603008 bank=0 mode=2 ddr_offset=0x40000000
FPGA Test DDR progress descriptor=35651584 bank=0 mode=2 ddr_offset=0x80000000
FPGA Test DDR progress descriptor=36700160 bank=0 mode=2 ddr_offset=0xc0000000
FPGA Test DDR progress descriptor=37748736 bank=0 mode=2 ddr_offset=0x100000000
FPGA Test DDR progress descriptor=38797312 bank=0 mode=2 ddr_offset=0x140000000
FPGA Test DDR progress descriptor=39845888 bank=0 mode=2 ddr_offset=0x180000000
FPGA Test DDR progress descriptor=40894464 bank=0 mode=2 ddr_offset=0x1c0000000
FPGA Test DDR progress descriptor=41943040 bank=0 mode=2 ddr_offset=0x200000000
FPGA Test DDR progress descriptor=42991616 bank=0 mode=2 ddr_offset=0x240000000
FPGA Test DDR progress descriptor=44040192 bank=0 mode=2 ddr_offset=0x280000000
FPGA Test DDR progress descriptor=45088768 bank=0 mode=2 ddr_offset=0x2c0000000
FPGA Test DDR progress descriptor=46137344 bank=0 mode=2 ddr_offset=0x300000000
FPGA Test DDR progress descriptor=47185920 bank=0 mode=2 ddr_offset=0x340000000
FPGA Test DDR progress descriptor=48234496 bank=0 mode=2 ddr_offset=0x380000000
FPGA Test DDR progress descriptor=49283072 bank=0 mode=2 ddr_offset=0x3c0000000
FPGA Test DDR phase verified mode=2 bank=0 bytes=2147483648 descriptors=50331648 source_page=4096 destination_page=4096
FPGA Test DDR progress descriptor=50331648 bank=1 mode=2 ddr_offset=0x0
FPGA Test DDR progress descriptor=51380224 bank=1 mode=2 ddr_offset=0x40000000
FPGA Test DDR progress descriptor=52428800 bank=1 mode=2 ddr_offset=0x80000000
FPGA Test DDR progress descriptor=53477376 bank=1 mode=2 ddr_offset=0xc0000000
FPGA Test DDR progress descriptor=54525952 bank=1 mode=2 ddr_offset=0x100000000
FPGA Test DDR progress descriptor=55574528 bank=1 mode=2 ddr_offset=0x140000000
FPGA Test DDR progress descriptor=56623104 bank=1 mode=2 ddr_offset=0x180000000
FPGA Test DDR progress descriptor=57671680 bank=1 mode=2 ddr_offset=0x1c0000000
FPGA Test DDR progress descriptor=58720256 bank=1 mode=2 ddr_offset=0x200000000
FPGA Test DDR progress descriptor=59768832 bank=1 mode=2 ddr_offset=0x240000000
FPGA Test DDR progress descriptor=60817408 bank=1 mode=2 ddr_offset=0x280000000
FPGA Test DDR progress descriptor=61865984 bank=1 mode=2 ddr_offset=0x2c0000000
FPGA Test DDR progress descriptor=62914560 bank=1 mode=2 ddr_offset=0x300000000
FPGA Test DDR progress descriptor=63963136 bank=1 mode=2 ddr_offset=0x340000000
FPGA Test DDR progress descriptor=65011712 bank=1 mode=2 ddr_offset=0x380000000
FPGA Test DDR progress descriptor=66060288 bank=1 mode=2 ddr_offset=0x3c0000000
FPGA Test DDR phase verified mode=2 bank=1 bytes=2147483648 descriptors=67108864 source_page=4096 destination_page=4096
FPGA Test DDR elapsed_seconds=590.093506230
FPGA Test CAPS03 DDR PASSED: banks=2 locations_per_bank=16777216 bytes_per_bank=2147483648 descriptors=67108864 verified_payload_and_guards=1
No kernel launch or simultaneous-bank qualification; full DDR gate still requires concurrent channels. Implicit VFIO resets apply.
