Questa Altera FPGA Edition-64 vlog 2025.3 Compiler 2025.09 Sep 15 2025
Start time: 12:49:17 on Sep 18,2026
vlog -sv /home/uwb_student00/ahls/new_BSP/qualification/ddr-library-import-01/imports/quartus-23.1/tennm_atoms.sv -work tennm_ver 
** Note: (vlog-220) '/home/uwb_student00/ahls/new_BSP/qualification/ddr-library-import-01/run-04/modelsim.ini' is used as the ini file.
** Note: (vlog-223) The environment variable MODELSIM will be deprecated in future releases. Please use QSIM_INI instead.
-- Compiling UDP TENNM_PRIM_DFFE
-- Compiling UDP TENNM_PRIM_DFFEAS
-- Compiling UDP TENNM_PRIM_DFFEAS_HIGH
-- Compiling module tennm_dffe
-- Compiling module tennm_mux21
-- Compiling module tennm_mux41
-- Compiling module tennm_and1
-- Compiling module tennm_and16
-- Compiling module tennm_bmux21
-- Compiling module tennm_b17mux21
-- Compiling module tennm_nmux21
-- Compiling module tennm_b5mux21
-- Compiling module tennm_io_ibuf
-- Compiling module tennm_io_obuf
-- Compiling module tennm_ph2_io_ibuf
-- Compiling module tennm_ph2_io_obuf
-- Compiling module tennm_ph2_pseudo_diff_out
-- Compiling module tennm_input_delay_chain
-- Compiling module tennm_out_delay_chain
-- Compiling module tennm_oe_delay_chain
-- Compiling module tennm_routing_wire
-- Compiling module tennm_ram_block
-- Compiling module tennm_unoc_ram_group
-- Compiling module unoc_ram
-- Compiling module tennm_mlab_cell
-- Compiling module tennm_pseudo_diff_out
-- Compiling module dffeas
-- Compiling UDP PRIM_GDFF_LOW_ENC
-- Compiling UDP PRIM_GDFF_HIGH_ENC
-- Compiling module tennm_mac
-- Compiling module tennm_fp_mac
-- Compiling module tennm_iopll
-- Compiling module tennm_io_12_lane
-- Compiling module tennm_ufi
-- Compiling module tennm_io_serdes_dpa
-- Compiling module tennm_refclk_input
-- Compiling module tennm_lvds_clock_tree
-- Compiling module tennm_ddio_in
-- Compiling module tennm_ddio_out
-- Compiling module tennm_iossm
-- Compiling module tennm_cpa
-- Compiling module tennm_tile_ctrl
-- Compiling module tennm_clkena
-- Compiling module tennm_termination
-- Compiling module tennm_esram
-- Compiling module tennm_sip_io_phase_alignment
-- Compiling module tennm_lsm_bf
-- Compiling module tennm_lsm_avmm_master
-- Compiling module tennm_lsm_avmm_slave
-- Compiling module tennm_lsm_gpio_in
-- Compiling module tennm_lsm_gpio_intr
-- Compiling module tennm_lsm_gpio_out
-- Compiling module tennm_lsm_soft_logic_reset
-- Compiling module tennm_sdm_axi_fpga2sdm
-- Compiling module tennm_sdm_axi_sdm2fpga
-- Compiling module tennm_sdm_dftblock
-- Compiling module tennm_sdm_gpio_in
-- Compiling module tennm_sdm_gpio_intr
-- Compiling module tennm_sdm_gpio_out
-- Compiling module tennm_sdm_jtag_ela
-- Compiling module tennm_sdm_jtag_mon
-- Compiling module tennm_sdm_jtagblock
-- Compiling module tennm_sdm_key_in
-- Compiling module tennm_sdm_loanio
-- Compiling module tennm_sdm_mbox_int
-- Compiling module tennm_sdm_nsp
-- Compiling module tennm_sdm_fpga_core_rst
-- Compiling module tennm_sdm_gpio_intr_out
-- Compiling module tennm_sdm_pwr_alert
-- Compiling module tennm_sdm_oscillator
-- Compiling module tennm_sdm_por
-- Compiling module tennm_sdm_tamper
-- Compiling module tennm_sdm_vsblock
-- Compiling module tennm_ff
-- Compiling module tennm_lcell_comb
-- Compiling module tennm_logical_pll
-- Compiling module tennm_logic_module
-- Compiling module tennm_io48_phyclk
-- Compiling module sevennm_logic_module
-- Compiling module tennm_clk_gate
-- Compiling module tennm_clk_burst
-- Compiling module tennm_clk_divider
-- Compiling module tennm_clk_pulse
-- Compiling module tennm_hbmc
-- Compiling module tennm_uib_phy
-- Compiling module tennm_uib_trans_phy
-- Compiling module tennm_uib_ssm
-- Compiling module tennm_uib_stdf
-- Compiling module tennm_fbr_stdf
-- Compiling module tennm_dsp_prime

Top level modules:
	tennm_dffe
	tennm_mux21
	tennm_mux41
	tennm_and1
	tennm_and16
	tennm_bmux21
	tennm_b17mux21
	tennm_nmux21
	tennm_b5mux21
	tennm_io_ibuf
	tennm_io_obuf
	tennm_ph2_io_ibuf
	tennm_ph2_io_obuf
	tennm_ph2_pseudo_diff_out
	tennm_input_delay_chain
	tennm_out_delay_chain
	tennm_oe_delay_chain
	tennm_routing_wire
	tennm_unoc_ram_group
	tennm_mlab_cell
	tennm_pseudo_diff_out
	dffeas
	tennm_mac
	tennm_fp_mac
	tennm_iopll
	tennm_io_12_lane
	tennm_ufi
	tennm_io_serdes_dpa
	tennm_refclk_input
	tennm_lvds_clock_tree
	tennm_ddio_in
	tennm_ddio_out
	tennm_iossm
	tennm_cpa
	tennm_tile_ctrl
	tennm_clkena
	tennm_termination
	tennm_esram
	tennm_sip_io_phase_alignment
	tennm_lsm_bf
	tennm_lsm_avmm_master
	tennm_lsm_avmm_slave
	tennm_lsm_gpio_in
	tennm_lsm_gpio_intr
	tennm_lsm_gpio_out
	tennm_lsm_soft_logic_reset
	tennm_sdm_axi_fpga2sdm
	tennm_sdm_axi_sdm2fpga
	tennm_sdm_dftblock
	tennm_sdm_gpio_in
	tennm_sdm_gpio_intr
	tennm_sdm_gpio_out
	tennm_sdm_jtag_ela
	tennm_sdm_jtag_mon
	tennm_sdm_jtagblock
	tennm_sdm_key_in
	tennm_sdm_loanio
	tennm_sdm_mbox_int
	tennm_sdm_nsp
	tennm_sdm_fpga_core_rst
	tennm_sdm_gpio_intr_out
	tennm_sdm_pwr_alert
	tennm_sdm_oscillator
	tennm_sdm_por
	tennm_sdm_tamper
	tennm_sdm_vsblock
	tennm_ff
	tennm_lcell_comb
	tennm_logical_pll
	tennm_logic_module
	tennm_io48_phyclk
	sevennm_logic_module
	tennm_clk_gate
	tennm_clk_burst
	tennm_clk_divider
	tennm_clk_pulse
	tennm_hbmc
	tennm_uib_phy
	tennm_uib_trans_phy
	tennm_uib_ssm
	tennm_uib_stdf
	tennm_fbr_stdf
	tennm_dsp_prime
End time: 12:49:18 on Sep 18,2026, Elapsed time: 0:00:01
Errors: 0, Warnings: 0
