Library vendor : Model Technology
Maximum unnamed designs : 3
MODULE a_graycounter
MODULE alt3pram
MODULE alt_aeq_s4
MODULE alt_cal
MODULE alt_cal_av
MODULE alt_cal_c3gxb
MODULE alt_cal_mm
MODULE alt_cal_sv
MODULE alt_dfe
MODULE alt_eyemon
MODULE alt_fault_injection
MODULE altaccumulate
MODULE altclklock
MODULE altddio_bidir
MODULE altddio_in
MODULE altddio_out
MODULE altdpram
MODULE altera_agilex_config_reset_release_endpoint
MODULE altera_avalon_st_debug_agent_endpoint
MODULE altera_avalon_st_debug_compressed_agent_endpoint
MODULE altera_avalon_st_debug_compressed_host_endpoint
MODULE altera_avalon_st_debug_host_endpoint
MODULE altera_config_clock_sink_endpoint
MODULE altera_config_clock_source_endpoint
MODULE altera_config_status_endpoint
MODULE altera_config_stream_endpoint
MODULE altera_debug_config_reset_release_endpoint
MODULE altera_debug_master_endpoint
MODULE ALTERA_DEVICE_FAMILIES
MODULE altera_fabric_endpoint
MODULE altera_instrumentation_mirror_endpoint
MODULE ALTERA_MF_HINT_EVALUATION
MODULE ALTERA_MF_MEMORY_INITIALIZATION
MODULE altera_ocp_endpoint
MODULE altera_sdm_mbox_bridge_endpoint
MODULE altera_sld_agent_endpoint
MODULE altera_sld_host_endpoint
MODULE altera_std_synchronizer
MODULE altera_std_synchronizer_bundle
MODULE altera_syncram_derived
MODULE altera_syncram_derived_forwarding_logic
MODULE altera_trace_controller_endpoint
MODULE altera_trace_monitor_endpoint
MODULE altfp_mult
MODULE altlvds_rx
MODULE altlvds_tx
MODULE altmult_accum
MODULE altmult_add
MODULE altparallel_flash_loader
MODULE altpll
MODULE altserial_flash_loader
MODULE altshift_taps
MODULE altsource_probe
MODULE altsqrt
MODULE altsquare
MODULE altstratixii_oct
MODULE altsyncram
MODULE altsyncram_body
MODULE arm_m_cntr
MODULE arm_n_cntr
MODULE arm_scale_cntr
MODULE avst_credit_debug_agent_endpoint
MODULE avst_credit_debug_host_endpoint
MODULE cda_m_cntr
MODULE cda_n_cntr
MODULE cda_scale_cntr
MODULE cycloneiiigl_post_divider
MODULE dcfifo
MODULE dcfifo_async
MODULE dcfifo_dffpipe
MODULE dcfifo_fefifo
MODULE dcfifo_low_latency
MODULE dcfifo_mixed_widths
MODULE dcfifo_sync
MODULE dffp
MODULE dummy_hub
MODULE flexible_lvds_rx
MODULE flexible_lvds_tx
MODULE intel_memory_initiator_endpoint
MODULE intel_sdm_soft_noc_endpoint
MODULE jtag_tap_controller
MODULE lcell
MODULE MF_cycloneiii_pll
MODULE MF_cycloneiiigl_m_cntr
MODULE MF_cycloneiiigl_n_cntr
MODULE MF_cycloneiiigl_pll
MODULE MF_cycloneiiigl_scale_cntr
MODULE MF_pll_reg
MODULE MF_stratix_pll
MODULE MF_stratixii_pll
MODULE MF_stratixiii_pll
MODULE parallel_add
MODULE pll_iobuf
MODULE scfifo
MODULE signal_gen
MODULE sld_signaltap
MODULE sld_virtual_jtag
MODULE sld_virtual_jtag_basic
MODULE stratix_lvds_rx
MODULE stratix_tx_outclk
MODULE stratixgx_dpa_lvds_rx
MODULE stratixii_lvds_rx
MODULE stratixii_tx_outclk
MODULE stratixiii_lvds_rx
MODULE stratixiii_lvds_rx_channel
MODULE stratixiii_lvds_rx_dpa
MODULE stratixv_local_clk_divider
MODULE stx_m_cntr
MODULE stx_n_cntr
MODULE stx_scale_cntr
MODULE ttn_m_cntr
MODULE ttn_n_cntr
MODULE ttn_scale_cntr
