Questa Intel FPGA Edition-64 vlog 2024.3 Compiler 2024.09 Sep 10 2024
Start time: 13:47:17 on Sep 23,2026
vlog -sv -work work unit_platform_pkg.sv ofs_plat_log_pkg.sv ofs_plat_axi_mem_pkg.sv ofs_plat_axi_mem_if.sv ofs_plat_axi_mem_lite_if.sv dma_pkg.sv csr_mgr_baseline.sv csr_mgr.sv csr_capability_diff_tb.sv 
-- Compiling package local_mem_cfg_pkg
-- Compiling package ofs_plat_host_chan_pkg
-- Compiling package ofs_plat_log_pkg
-- Compiling package ofs_plat_axi_mem_pkg
-- Compiling interface ofs_plat_axi_mem_if
-- Importing package ofs_plat_log_pkg
-- Importing package ofs_plat_axi_mem_pkg
-- Compiling interface ofs_plat_axi_mem_lite_if
-- Compiling package dma_pkg
-- Importing package local_mem_cfg_pkg
-- Importing package ofs_plat_host_chan_pkg
** Warning: csr_mgr_baseline.sv(36): (vlog-13314) Defaulting port 'dma_csr_status' kind to 'var' rather than 'wire' due to default compile option setting of -svinputport=relaxed.
-- Compiling package csr_mgr_baseline_sv_unit
-- Importing package dma_pkg
-- Compiling module csr_mgr_baseline
** Warning: csr_mgr_baseline.sv(36): (vlog-13314) Defaulting port 'dma_csr_status' kind to 'var' rather than 'wire' due to default compile option setting of -svinputport=relaxed.
** Warning: csr_mgr.sv(36): (vlog-13314) Defaulting port 'dma_csr_status' kind to 'var' rather than 'wire' due to default compile option setting of -svinputport=relaxed.
-- Compiling package csr_mgr_sv_unit
-- Compiling module csr_mgr
** Warning: csr_mgr.sv(36): (vlog-13314) Defaulting port 'dma_csr_status' kind to 'var' rather than 'wire' due to default compile option setting of -svinputport=relaxed.
-- Compiling module csr_capability_diff_tb

Top level modules:
	csr_capability_diff_tb
End time: 13:47:17 on Sep 23,2026, Elapsed time: 0:00:00
Errors: 0, Warnings: 4
