Info: Generated by version: 26.1.1 build 130
Info: Starting: Create HDL design files for synthesis
Info: qsys-generate /home/uwb_student00/ahls/new_BSP/work_ia840f_msa_generation_01/mem_ss.ip --synthesis=VERILOG --output-directory=/home/uwb_student00/ahls/new_BSP/work_ia840f_msa_generation_01/mem_ss --family="Agilex 7" --part=AGFB027R25A2E2V
Info: mem_ss.mem_ss: Configuring IP for device AGFB027R25A2E2V (Agilex 7, speedgrade 2)
Info: mem_ss: "Transforming system: mem_ss"
Info: mem_ss: "Naming system components in system: mem_ss"
Info: mem_ss: "Processing generation queue"
Info: mem_ss: "Generating: mem_ss"
Info: mem_ss: "Generating: mem_ss_mem_ss_501_qm5zaka"
Info: mem_ss: Configuring IP for device AGFB027R25A2E2V (Agilex 7, speedgrade 2)
Info: mem_ss: generate_all_instances: qsys-generate mem_ss_mem_ss_501_qm5zaka.qsys --synthesis=VERILOG --package-subsystem --generate-all-simulation-scripts --part=AGFB027R25A2E2V --search-path=/home/uwb_student00/ahls/new_BSP/work_ia840f_msa_generation_01/**/*,/tmp/alt0715_2357079155904054191.dir/0012_packageGeneration/**/*,/home/uwb_student00/ahls/new_BSP/ofs-agx7-pcie-attach/ipss/**/*,$ --clear-output-directory
Info: mem_ss: generate_all_instances: ***************************************************************
Info: mem_ss: generate_all_instances: Quartus is a registered trademark of Altera Corporation in the
Info: mem_ss: generate_all_instances: US and other countries.  Portions of the Quartus Prime software
Info: mem_ss: generate_all_instances: code, and other portions of the code included in this download
Info: mem_ss: generate_all_instances: or on this DVD, are licensed to Altera Corporation and are the
Info: mem_ss: generate_all_instances: copyrighted property of third parties. For license details,
Info: mem_ss: generate_all_instances: refer to the Altera Software License Subscription Agreements 
Info: mem_ss: generate_all_instances: on the Quartus Prime software download page.
Info: mem_ss: generate_all_instances: ***************************************************************
Warning: mem_ss: generate_all_instances: 2026.09.19.02:59:44 Warning: Quartus project not specified. Use --quartus-project and --rev to specify a Quartus project and revision.
Info: mem_ss: generate_all_instances: 2026.09.19.02:59:51 Info: Parallel IP Generation is enabled. 
Info: mem_ss: generate_all_instances: 2026.09.19.02:59:51 Info: Platform Designer will attempt to use 6 processors for parallel IP generation based on available number of processors and the total number of IP to be generated.
Info: mem_ss: generate_all_instances: 2026.09.19.02:59:51 Info: 
Info: mem_ss: generate_all_instances: 2026.09.19.02:59:51 Info: Starting: Platform Designer system generation
Info: mem_ss: generate_all_instances: 2026.09.19.03:00:01 Info: 
Info: mem_ss: generate_all_instances: 2026.09.19.03:00:01 Info: Generating on localhost:40129
Warning: mem_ss: generate_all_instances: 2026.09.19.03:00:01 Warning: Quartus project not specified. Use --quartus-project and --rev to specify a Quartus project and revision.
Info: mem_ss: generate_all_instances: 2026.09.19.03:00:01 Info: Saving generation log to /tmp/alt0715_2357079155904054191.dir/0012_packageGeneration/ip/mem_ss_mem_ss_501_qm5zaka/mem_ss_mem_ss_501_qm5zaka_emif_0_reset_bridge/mem_ss_mem_ss_501_qm5zaka_emif_0_reset_bridge_generation.rpt
Info: mem_ss: generate_all_instances: 2026.09.19.03:00:01 Info: Generated by version: 26.1.1 build 130
Info: mem_ss: generate_all_instances: 2026.09.19.03:00:01 Info: Starting: Create HDL design files for synthesis
Info: mem_ss: generate_all_instances: 2026.09.19.03:00:01 Info: qsys-generate /tmp/alt0715_2357079155904054191.dir/0012_packageGeneration/ip/mem_ss_mem_ss_501_qm5zaka/mem_ss_mem_ss_501_qm5zaka_emif_0_reset_bridge.ip --synthesis=VERILOG --output-directory=/tmp/alt0715_2357079155904054191.dir/0012_packageGeneration/ip/mem_ss_mem_ss_501_qm5zaka/mem_ss_mem_ss_501_qm5zaka_emif_0_reset_bridge --family="Agilex 7" --part=AGFB027R25A2E2V
Info: mem_ss: generate_all_instances: 2026.09.19.03:00:01 Info: mem_ss_mem_ss_501_qm5zaka_emif_0_reset_bridge: "Transforming system: mem_ss_mem_ss_501_qm5zaka_emif_0_reset_bridge"
Info: mem_ss: generate_all_instances: 2026.09.19.03:00:01 Info: mem_ss_mem_ss_501_qm5zaka_emif_0_reset_bridge: "Naming system components in system: mem_ss_mem_ss_501_qm5zaka_emif_0_reset_bridge"
Info: mem_ss: generate_all_instances: 2026.09.19.03:00:01 Info: mem_ss_mem_ss_501_qm5zaka_emif_0_reset_bridge: "Processing generation queue"
Info: mem_ss: generate_all_instances: 2026.09.19.03:00:01 Info: mem_ss_mem_ss_501_qm5zaka_emif_0_reset_bridge: "Generating: mem_ss_mem_ss_501_qm5zaka_emif_0_reset_bridge"
Info: mem_ss: generate_all_instances: 2026.09.19.03:00:01 Info: mem_ss_mem_ss_501_qm5zaka_emif_0_reset_bridge: Done "mem_ss_mem_ss_501_qm5zaka_emif_0_reset_bridge" with 1 modules, 1 files
Info: mem_ss: generate_all_instances: 2026.09.19.03:00:01 Info: Finished: Create HDL design files for synthesis
Info: mem_ss: generate_all_instances: 2026.09.19.03:00:01 Info: Generation of /tmp/alt0715_2357079155904054191.dir/0012_packageGeneration/ip/mem_ss_mem_ss_501_qm5zaka/mem_ss_mem_ss_501_qm5zaka_emif_0_reset_bridge.ip (mem_ss_mem_ss_501_qm5zaka_emif_0_reset_bridge) took 290 ms
Info: mem_ss: generate_all_instances: 2026.09.19.03:00:01 Info: 
Info: mem_ss: generate_all_instances: 2026.09.19.03:00:01 Info: Generating on localhost:34163
Warning: mem_ss: generate_all_instances: 2026.09.19.03:00:01 Warning: Quartus project not specified. Use --quartus-project and --rev to specify a Quartus project and revision.
Info: mem_ss: generate_all_instances: 2026.09.19.03:00:01 Info: Saving generation log to /tmp/alt0715_2357079155904054191.dir/0012_packageGeneration/ip/mem_ss_mem_ss_501_qm5zaka/mem_ss_mem_ss_501_qm5zaka_emif_0_clk_bridge/mem_ss_mem_ss_501_qm5zaka_emif_0_clk_bridge_generation.rpt
Info: mem_ss: generate_all_instances: 2026.09.19.03:00:01 Info: Generated by version: 26.1.1 build 130
Info: mem_ss: generate_all_instances: 2026.09.19.03:00:01 Info: Starting: Create HDL design files for synthesis
Info: mem_ss: generate_all_instances: 2026.09.19.03:00:01 Info: qsys-generate /tmp/alt0715_2357079155904054191.dir/0012_packageGeneration/ip/mem_ss_mem_ss_501_qm5zaka/mem_ss_mem_ss_501_qm5zaka_emif_0_clk_bridge.ip --synthesis=VERILOG --output-directory=/tmp/alt0715_2357079155904054191.dir/0012_packageGeneration/ip/mem_ss_mem_ss_501_qm5zaka/mem_ss_mem_ss_501_qm5zaka_emif_0_clk_bridge --family="Agilex 7" --part=AGFB027R25A2E2V
Info: mem_ss: generate_all_instances: 2026.09.19.03:00:01 Info: mem_ss_mem_ss_501_qm5zaka_emif_0_clk_bridge: "Transforming system: mem_ss_mem_ss_501_qm5zaka_emif_0_clk_bridge"
Info: mem_ss: generate_all_instances: 2026.09.19.03:00:01 Info: mem_ss_mem_ss_501_qm5zaka_emif_0_clk_bridge: "Naming system components in system: mem_ss_mem_ss_501_qm5zaka_emif_0_clk_bridge"
Info: mem_ss: generate_all_instances: 2026.09.19.03:00:01 Info: mem_ss_mem_ss_501_qm5zaka_emif_0_clk_bridge: "Processing generation queue"
Info: mem_ss: generate_all_instances: 2026.09.19.03:00:01 Info: mem_ss_mem_ss_501_qm5zaka_emif_0_clk_bridge: "Generating: mem_ss_mem_ss_501_qm5zaka_emif_0_clk_bridge"
Info: mem_ss: generate_all_instances: 2026.09.19.03:00:01 Info: mem_ss_mem_ss_501_qm5zaka_emif_0_clk_bridge: Done "mem_ss_mem_ss_501_qm5zaka_emif_0_clk_bridge" with 1 modules, 1 files
Info: mem_ss: generate_all_instances: 2026.09.19.03:00:01 Info: Finished: Create HDL design files for synthesis
Info: mem_ss: generate_all_instances: 2026.09.19.03:00:01 Info: Generation of /tmp/alt0715_2357079155904054191.dir/0012_packageGeneration/ip/mem_ss_mem_ss_501_qm5zaka/mem_ss_mem_ss_501_qm5zaka_emif_0_clk_bridge.ip (mem_ss_mem_ss_501_qm5zaka_emif_0_clk_bridge) took 325 ms
Info: mem_ss: generate_all_instances: 2026.09.19.03:00:02 Info: 
Info: mem_ss: generate_all_instances: 2026.09.19.03:00:02 Info: Generating on localhost:34163
Warning: mem_ss: generate_all_instances: 2026.09.19.03:00:02 Warning: Quartus project not specified. Use --quartus-project and --rev to specify a Quartus project and revision.
Info: mem_ss: generate_all_instances: 2026.09.19.03:00:02 Info: Saving generation log to /tmp/alt0715_2357079155904054191.dir/0012_packageGeneration/ip/mem_ss_mem_ss_501_qm5zaka/mem_ss_mem_ss_501_qm5zaka_emif_1_reset_bridge/mem_ss_mem_ss_501_qm5zaka_emif_1_reset_bridge_generation.rpt
Info: mem_ss: generate_all_instances: 2026.09.19.03:00:02 Info: Generated by version: 26.1.1 build 130
Info: mem_ss: generate_all_instances: 2026.09.19.03:00:02 Info: Starting: Create HDL design files for synthesis
Info: mem_ss: generate_all_instances: 2026.09.19.03:00:02 Info: qsys-generate /tmp/alt0715_2357079155904054191.dir/0012_packageGeneration/ip/mem_ss_mem_ss_501_qm5zaka/mem_ss_mem_ss_501_qm5zaka_emif_1_reset_bridge.ip --synthesis=VERILOG --output-directory=/tmp/alt0715_2357079155904054191.dir/0012_packageGeneration/ip/mem_ss_mem_ss_501_qm5zaka/mem_ss_mem_ss_501_qm5zaka_emif_1_reset_bridge --family="Agilex 7" --part=AGFB027R25A2E2V
Info: mem_ss: generate_all_instances: 2026.09.19.03:00:02 Info: mem_ss_mem_ss_501_qm5zaka_emif_1_reset_bridge: "Transforming system: mem_ss_mem_ss_501_qm5zaka_emif_1_reset_bridge"
Info: mem_ss: generate_all_instances: 2026.09.19.03:00:02 Info: mem_ss_mem_ss_501_qm5zaka_emif_1_reset_bridge: "Naming system components in system: mem_ss_mem_ss_501_qm5zaka_emif_1_reset_bridge"
Info: mem_ss: generate_all_instances: 2026.09.19.03:00:02 Info: mem_ss_mem_ss_501_qm5zaka_emif_1_reset_bridge: "Processing generation queue"
Info: mem_ss: generate_all_instances: 2026.09.19.03:00:02 Info: mem_ss_mem_ss_501_qm5zaka_emif_1_reset_bridge: "Generating: mem_ss_mem_ss_501_qm5zaka_emif_1_reset_bridge"
Info: mem_ss: generate_all_instances: 2026.09.19.03:00:02 Info: mem_ss_mem_ss_501_qm5zaka_emif_1_reset_bridge: Done "mem_ss_mem_ss_501_qm5zaka_emif_1_reset_bridge" with 1 modules, 1 files
Info: mem_ss: generate_all_instances: 2026.09.19.03:00:02 Info: Finished: Create HDL design files for synthesis
Info: mem_ss: generate_all_instances: 2026.09.19.03:00:02 Info: Generation of /tmp/alt0715_2357079155904054191.dir/0012_packageGeneration/ip/mem_ss_mem_ss_501_qm5zaka/mem_ss_mem_ss_501_qm5zaka_emif_1_reset_bridge.ip (mem_ss_mem_ss_501_qm5zaka_emif_1_reset_bridge) took 71 ms
Info: mem_ss: generate_all_instances: 2026.09.19.03:00:02 Info: 
Info: mem_ss: generate_all_instances: 2026.09.19.03:00:02 Info: Generating on localhost:41741
Warning: mem_ss: generate_all_instances: 2026.09.19.03:00:02 Warning: Quartus project not specified. Use --quartus-project and --rev to specify a Quartus project and revision.
Info: mem_ss: generate_all_instances: 2026.09.19.03:00:02 Info: Saving generation log to /tmp/alt0715_2357079155904054191.dir/0012_packageGeneration/ip/mem_ss_mem_ss_501_qm5zaka/mem_ss_mem_ss_501_qm5zaka_emif_1_clk_bridge/mem_ss_mem_ss_501_qm5zaka_emif_1_clk_bridge_generation.rpt
Info: mem_ss: generate_all_instances: 2026.09.19.03:00:02 Info: Generated by version: 26.1.1 build 130
Info: mem_ss: generate_all_instances: 2026.09.19.03:00:02 Info: Starting: Create HDL design files for synthesis
Info: mem_ss: generate_all_instances: 2026.09.19.03:00:02 Info: qsys-generate /tmp/alt0715_2357079155904054191.dir/0012_packageGeneration/ip/mem_ss_mem_ss_501_qm5zaka/mem_ss_mem_ss_501_qm5zaka_emif_1_clk_bridge.ip --synthesis=VERILOG --output-directory=/tmp/alt0715_2357079155904054191.dir/0012_packageGeneration/ip/mem_ss_mem_ss_501_qm5zaka/mem_ss_mem_ss_501_qm5zaka_emif_1_clk_bridge --family="Agilex 7" --part=AGFB027R25A2E2V
Info: mem_ss: generate_all_instances: 2026.09.19.03:00:02 Info: mem_ss_mem_ss_501_qm5zaka_emif_1_clk_bridge: "Transforming system: mem_ss_mem_ss_501_qm5zaka_emif_1_clk_bridge"
Info: mem_ss: generate_all_instances: 2026.09.19.03:00:02 Info: mem_ss_mem_ss_501_qm5zaka_emif_1_clk_bridge: "Naming system components in system: mem_ss_mem_ss_501_qm5zaka_emif_1_clk_bridge"
Info: mem_ss: generate_all_instances: 2026.09.19.03:00:02 Info: mem_ss_mem_ss_501_qm5zaka_emif_1_clk_bridge: "Processing generation queue"
Info: mem_ss: generate_all_instances: 2026.09.19.03:00:02 Info: mem_ss_mem_ss_501_qm5zaka_emif_1_clk_bridge: "Generating: mem_ss_mem_ss_501_qm5zaka_emif_1_clk_bridge"
Info: mem_ss: generate_all_instances: 2026.09.19.03:00:02 Info: mem_ss_mem_ss_501_qm5zaka_emif_1_clk_bridge: Done "mem_ss_mem_ss_501_qm5zaka_emif_1_clk_bridge" with 1 modules, 1 files
Info: mem_ss: generate_all_instances: 2026.09.19.03:00:02 Info: Finished: Create HDL design files for synthesis
Info: mem_ss: generate_all_instances: 2026.09.19.03:00:02 Info: Generation of /tmp/alt0715_2357079155904054191.dir/0012_packageGeneration/ip/mem_ss_mem_ss_501_qm5zaka/mem_ss_mem_ss_501_qm5zaka_emif_1_clk_bridge.ip (mem_ss_mem_ss_501_qm5zaka_emif_1_clk_bridge) took 317 ms
Info: mem_ss: generate_all_instances: 2026.09.19.03:00:02 Info: 
Info: mem_ss: generate_all_instances: 2026.09.19.03:00:02 Info: Generating on localhost:41741
Warning: mem_ss: generate_all_instances: 2026.09.19.03:00:02 Warning: Quartus project not specified. Use --quartus-project and --rev to specify a Quartus project and revision.
Info: mem_ss: generate_all_instances: 2026.09.19.03:00:02 Info: Saving generation log to /tmp/alt0715_2357079155904054191.dir/0012_packageGeneration/ip/mem_ss_mem_ss_501_qm5zaka/mem_ss_mem_ss_501_qm5zaka_mem_reset_ctrl/mem_ss_mem_ss_501_qm5zaka_mem_reset_ctrl_generation.rpt
Info: mem_ss: generate_all_instances: 2026.09.19.03:00:02 Info: Generated by version: 26.1.1 build 130
Info: mem_ss: generate_all_instances: 2026.09.19.03:00:02 Info: Starting: Create HDL design files for synthesis
Info: mem_ss: generate_all_instances: 2026.09.19.03:00:02 Info: qsys-generate /tmp/alt0715_2357079155904054191.dir/0012_packageGeneration/ip/mem_ss_mem_ss_501_qm5zaka/mem_ss_mem_ss_501_qm5zaka_mem_reset_ctrl.ip --synthesis=VERILOG --output-directory=/tmp/alt0715_2357079155904054191.dir/0012_packageGeneration/ip/mem_ss_mem_ss_501_qm5zaka/mem_ss_mem_ss_501_qm5zaka_mem_reset_ctrl --family="Agilex 7" --part=AGFB027R25A2E2V
Info: mem_ss: generate_all_instances: 2026.09.19.03:00:02 Info: mem_ss_mem_ss_501_qm5zaka_mem_reset_ctrl: "Transforming system: mem_ss_mem_ss_501_qm5zaka_mem_reset_ctrl"
Info: mem_ss: generate_all_instances: 2026.09.19.03:00:02 Info: mem_ss_mem_ss_501_qm5zaka_mem_reset_ctrl: "Naming system components in system: mem_ss_mem_ss_501_qm5zaka_mem_reset_ctrl"
Info: mem_ss: generate_all_instances: 2026.09.19.03:00:02 Info: mem_ss_mem_ss_501_qm5zaka_mem_reset_ctrl: "Processing generation queue"
Info: mem_ss: generate_all_instances: 2026.09.19.03:00:02 Info: mem_ss_mem_ss_501_qm5zaka_mem_reset_ctrl: "Generating: mem_ss_mem_ss_501_qm5zaka_mem_reset_ctrl"
Info: mem_ss: generate_all_instances: 2026.09.19.03:00:02 Info: mem_ss_mem_ss_501_qm5zaka_mem_reset_ctrl: "Generating: mem_ss_mem_ss_501_qm5zaka_mem_reset_ctrl_mem_ss_reset_ctrl_201_pb3fzui"
Info: mem_ss: generate_all_instances: 2026.09.19.03:00:02 Info: mem_ss_mem_ss_501_qm5zaka_mem_reset_ctrl: Done "mem_ss_mem_ss_501_qm5zaka_mem_reset_ctrl" with 2 modules, 4 files
Info: mem_ss: generate_all_instances: 2026.09.19.03:00:02 Info: Finished: Create HDL design files for synthesis
Info: mem_ss: generate_all_instances: 2026.09.19.03:00:02 Info: Generation of /tmp/alt0715_2357079155904054191.dir/0012_packageGeneration/ip/mem_ss_mem_ss_501_qm5zaka/mem_ss_mem_ss_501_qm5zaka_mem_reset_ctrl.ip (mem_ss_mem_ss_501_qm5zaka_mem_reset_ctrl) took 123 ms
Info: mem_ss: generate_all_instances: 2026.09.19.03:00:02 Info: 
Info: mem_ss: generate_all_instances: 2026.09.19.03:00:02 Info: Generating on localhost:40727
Warning: mem_ss: generate_all_instances: 2026.09.19.03:00:02 Warning: Quartus project not specified. Use --quartus-project and --rev to specify a Quartus project and revision.
Info: mem_ss: generate_all_instances: 2026.09.19.03:00:02 Info: Saving generation log to /tmp/alt0715_2357079155904054191.dir/0012_packageGeneration/ip/mem_ss_mem_ss_501_qm5zaka/mem_ss_mem_ss_501_qm5zaka_msa_1/mem_ss_mem_ss_501_qm5zaka_msa_1_generation.rpt
Info: mem_ss: generate_all_instances: 2026.09.19.03:00:02 Info: Generated by version: 26.1.1 build 130
Info: mem_ss: generate_all_instances: 2026.09.19.03:00:02 Info: Starting: Create HDL design files for synthesis
Info: mem_ss: generate_all_instances: 2026.09.19.03:00:02 Info: qsys-generate /tmp/alt0715_2357079155904054191.dir/0012_packageGeneration/ip/mem_ss_mem_ss_501_qm5zaka/mem_ss_mem_ss_501_qm5zaka_msa_1.ip --synthesis=VERILOG --output-directory=/tmp/alt0715_2357079155904054191.dir/0012_packageGeneration/ip/mem_ss_mem_ss_501_qm5zaka/mem_ss_mem_ss_501_qm5zaka_msa_1 --family="Agilex 7" --part=AGFB027R25A2E2V
Info: mem_ss: generate_all_instances: 2026.09.19.03:00:02 Info: mem_ss_mem_ss_501_qm5zaka_msa_1: "Transforming system: mem_ss_mem_ss_501_qm5zaka_msa_1"
Info: mem_ss: generate_all_instances: 2026.09.19.03:00:02 Info: mem_ss_mem_ss_501_qm5zaka_msa_1: "Naming system components in system: mem_ss_mem_ss_501_qm5zaka_msa_1"
Info: mem_ss: generate_all_instances: 2026.09.19.03:00:02 Info: mem_ss_mem_ss_501_qm5zaka_msa_1: "Processing generation queue"
Info: mem_ss: generate_all_instances: 2026.09.19.03:00:02 Info: mem_ss_mem_ss_501_qm5zaka_msa_1: "Generating: mem_ss_mem_ss_501_qm5zaka_msa_1"
Info: mem_ss: generate_all_instances: 2026.09.19.03:00:02 Info: mem_ss_mem_ss_501_qm5zaka_msa_1: "Generating: mem_ss_msa_top"
Info: mem_ss: generate_all_instances: 2026.09.19.03:00:02 Info: mem_ss_mem_ss_501_qm5zaka_msa_1: Done "mem_ss_mem_ss_501_qm5zaka_msa_1" with 2 modules, 17 files
Info: mem_ss: generate_all_instances: 2026.09.19.03:00:02 Info: Finished: Create HDL design files for synthesis
Info: mem_ss: generate_all_instances: 2026.09.19.03:00:02 Info: Generation of /tmp/alt0715_2357079155904054191.dir/0012_packageGeneration/ip/mem_ss_mem_ss_501_qm5zaka/mem_ss_mem_ss_501_qm5zaka_msa_1.ip (mem_ss_mem_ss_501_qm5zaka_msa_1) took 478 ms
Info: mem_ss: generate_all_instances: 2026.09.19.03:00:02 Info: 
Info: mem_ss: generate_all_instances: 2026.09.19.03:00:02 Info: Generating on localhost:36751
Warning: mem_ss: generate_all_instances: 2026.09.19.03:00:02 Warning: Quartus project not specified. Use --quartus-project and --rev to specify a Quartus project and revision.
Info: mem_ss: generate_all_instances: 2026.09.19.03:00:02 Info: Saving generation log to /tmp/alt0715_2357079155904054191.dir/0012_packageGeneration/ip/mem_ss_mem_ss_501_qm5zaka/mem_ss_mem_ss_501_qm5zaka_msa_0/mem_ss_mem_ss_501_qm5zaka_msa_0_generation.rpt
Info: mem_ss: generate_all_instances: 2026.09.19.03:00:02 Info: Generated by version: 26.1.1 build 130
Info: mem_ss: generate_all_instances: 2026.09.19.03:00:02 Info: Starting: Create HDL design files for synthesis
Info: mem_ss: generate_all_instances: 2026.09.19.03:00:02 Info: qsys-generate /tmp/alt0715_2357079155904054191.dir/0012_packageGeneration/ip/mem_ss_mem_ss_501_qm5zaka/mem_ss_mem_ss_501_qm5zaka_msa_0.ip --synthesis=VERILOG --output-directory=/tmp/alt0715_2357079155904054191.dir/0012_packageGeneration/ip/mem_ss_mem_ss_501_qm5zaka/mem_ss_mem_ss_501_qm5zaka_msa_0 --family="Agilex 7" --part=AGFB027R25A2E2V
Info: mem_ss: generate_all_instances: 2026.09.19.03:00:02 Info: mem_ss_mem_ss_501_qm5zaka_msa_0: "Transforming system: mem_ss_mem_ss_501_qm5zaka_msa_0"
Info: mem_ss: generate_all_instances: 2026.09.19.03:00:02 Info: mem_ss_mem_ss_501_qm5zaka_msa_0: "Naming system components in system: mem_ss_mem_ss_501_qm5zaka_msa_0"
Info: mem_ss: generate_all_instances: 2026.09.19.03:00:02 Info: mem_ss_mem_ss_501_qm5zaka_msa_0: "Processing generation queue"
Info: mem_ss: generate_all_instances: 2026.09.19.03:00:02 Info: mem_ss_mem_ss_501_qm5zaka_msa_0: "Generating: mem_ss_mem_ss_501_qm5zaka_msa_0"
Info: mem_ss: generate_all_instances: 2026.09.19.03:00:02 Info: mem_ss_mem_ss_501_qm5zaka_msa_0: "Generating: mem_ss_msa_top"
Info: mem_ss: generate_all_instances: 2026.09.19.03:00:02 Info: mem_ss_mem_ss_501_qm5zaka_msa_0: Done "mem_ss_mem_ss_501_qm5zaka_msa_0" with 2 modules, 17 files
Info: mem_ss: generate_all_instances: 2026.09.19.03:00:02 Info: Finished: Create HDL design files for synthesis
Info: mem_ss: generate_all_instances: 2026.09.19.03:00:02 Info: Generation of /tmp/alt0715_2357079155904054191.dir/0012_packageGeneration/ip/mem_ss_mem_ss_501_qm5zaka/mem_ss_mem_ss_501_qm5zaka_msa_0.ip (mem_ss_mem_ss_501_qm5zaka_msa_0) took 496 ms
Info: mem_ss: generate_all_instances: 2026.09.19.03:00:05 Info: 
Info: mem_ss: generate_all_instances: 2026.09.19.03:00:05 Info: Generating on localhost:40129
Warning: mem_ss: generate_all_instances: 2026.09.19.03:00:05 Warning: Quartus project not specified. Use --quartus-project and --rev to specify a Quartus project and revision.
Info: mem_ss: generate_all_instances: 2026.09.19.03:00:05 Info: mem_ss_mem_ss_501_qm5zaka: All Generic Component instances match their respective ip files.
Info: mem_ss: generate_all_instances: 2026.09.19.03:00:05 Info: Saving generation log to /tmp/alt0715_2357079155904054191.dir/0012_packageGeneration/mem_ss_mem_ss_501_qm5zaka/mem_ss_mem_ss_501_qm5zaka_generation.rpt
Info: mem_ss: generate_all_instances: 2026.09.19.03:00:05 Info: Generated by version: 26.1.1 build 130
Info: mem_ss: generate_all_instances: 2026.09.19.03:00:05 Info: Starting: Create HDL design files for synthesis
Info: mem_ss: generate_all_instances: 2026.09.19.03:00:05 Info: qsys-generate /tmp/alt0715_2357079155904054191.dir/0012_packageGeneration/mem_ss_mem_ss_501_qm5zaka.qsys --synthesis=VERILOG --output-directory=/tmp/alt0715_2357079155904054191.dir/0012_packageGeneration/mem_ss_mem_ss_501_qm5zaka --family="Agilex 7" --part=AGFB027R25A2E2V
Info: mem_ss: generate_all_instances: 2026.09.19.03:00:05 Info: Loading 0012_packageGeneration/mem_ss_mem_ss_501_qm5zaka.qsys
Info: mem_ss: generate_all_instances: 2026.09.19.03:00:05 Info: Reading input file
Info: mem_ss: generate_all_instances: 2026.09.19.03:00:05 Info: Parameterizing module cam_0
Info: mem_ss: generate_all_instances: 2026.09.19.03:00:05 Info: Parameterizing module cam_1
Info: mem_ss: generate_all_instances: 2026.09.19.03:00:05 Info: Parameterizing module cam_2
Info: mem_ss: generate_all_instances: 2026.09.19.03:00:05 Info: Parameterizing module cam_3
Info: mem_ss: generate_all_instances: 2026.09.19.03:00:05 Info: Parameterizing module cam_4
Info: mem_ss: generate_all_instances: 2026.09.19.03:00:05 Info: Parameterizing module cam_5
Info: mem_ss: generate_all_instances: 2026.09.19.03:00:05 Info: Parameterizing module cam_6
Info: mem_ss: generate_all_instances: 2026.09.19.03:00:05 Info: Parameterizing module cam_7
Info: mem_ss: generate_all_instances: 2026.09.19.03:00:05 Info: Parameterizing module csr_cdc_0
Info: mem_ss: generate_all_instances: 2026.09.19.03:00:05 Info: Parameterizing module csr_cdc_1
Info: mem_ss: generate_all_instances: 2026.09.19.03:00:05 Info: Parameterizing module csr_cdc_2
Info: mem_ss: generate_all_instances: 2026.09.19.03:00:05 Info: Parameterizing module csr_cdc_3
Info: mem_ss: generate_all_instances: 2026.09.19.03:00:05 Info: Parameterizing module csr_cdc_4
Info: mem_ss: generate_all_instances: 2026.09.19.03:00:05 Info: Parameterizing module csr_cdc_5
Info: mem_ss: generate_all_instances: 2026.09.19.03:00:05 Info: Parameterizing module csr_cdc_6
Info: mem_ss: generate_all_instances: 2026.09.19.03:00:05 Info: Parameterizing module csr_cdc_7
Info: mem_ss: generate_all_instances: 2026.09.19.03:00:05 Info: Parameterizing module csr_clk_bridge
Info: mem_ss: generate_all_instances: 2026.09.19.03:00:05 Info: Parameterizing module csr_pipe_0
Info: mem_ss: generate_all_instances: 2026.09.19.03:00:05 Info: Parameterizing module csr_pipe_1
Info: mem_ss: generate_all_instances: 2026.09.19.03:00:05 Info: Parameterizing module csr_pipe_2
Info: mem_ss: generate_all_instances: 2026.09.19.03:00:05 Info: Parameterizing module csr_pipe_3
Info: mem_ss: generate_all_instances: 2026.09.19.03:00:05 Info: Parameterizing module csr_pipe_4
Info: mem_ss: generate_all_instances: 2026.09.19.03:00:05 Info: Parameterizing module csr_pipe_5
Info: mem_ss: generate_all_instances: 2026.09.19.03:00:05 Info: Parameterizing module csr_pipe_6
Info: mem_ss: generate_all_instances: 2026.09.19.03:00:05 Info: Parameterizing module csr_pipe_7
Info: mem_ss: generate_all_instances: 2026.09.19.03:00:05 Info: Parameterizing module csr_reset_bridge
Info: mem_ss: generate_all_instances: 2026.09.19.03:00:05 Info: Parameterizing module csr_reset_ctrl
Info: mem_ss: generate_all_instances: 2026.09.19.03:00:05 Info: Parameterizing module emif_0
Info: mem_ss: generate_all_instances: 2026.09.19.03:00:05 Info: Parameterizing module emif_0_clk_bridge
Info: mem_ss: generate_all_instances: 2026.09.19.03:00:05 Info: Parameterizing module emif_0_reset_bridge
Info: mem_ss: generate_all_instances: 2026.09.19.03:00:05 Info: Parameterizing module emif_1
Info: mem_ss: generate_all_instances: 2026.09.19.03:00:05 Info: Parameterizing module emif_1_clk_bridge
Info: mem_ss: generate_all_instances: 2026.09.19.03:00:05 Info: Parameterizing module emif_1_reset_bridge
Info: mem_ss: generate_all_instances: 2026.09.19.03:00:05 Info: Parameterizing module emif_2
Info: mem_ss: generate_all_instances: 2026.09.19.03:00:05 Info: Parameterizing module emif_2_clk_bridge
Info: mem_ss: generate_all_instances: 2026.09.19.03:00:05 Info: Parameterizing module emif_2_reset_bridge
Info: mem_ss: generate_all_instances: 2026.09.19.03:00:05 Info: Parameterizing module emif_3
Info: mem_ss: generate_all_instances: 2026.09.19.03:00:05 Info: Parameterizing module emif_3_clk_bridge
Info: mem_ss: generate_all_instances: 2026.09.19.03:00:05 Info: Parameterizing module emif_3_reset_bridge
Info: mem_ss: generate_all_instances: 2026.09.19.03:00:05 Info: Parameterizing module emif_4
Info: mem_ss: generate_all_instances: 2026.09.19.03:00:05 Info: Parameterizing module emif_4_clk_bridge
Info: mem_ss: generate_all_instances: 2026.09.19.03:00:05 Info: Parameterizing module emif_4_reset_bridge
Info: mem_ss: generate_all_instances: 2026.09.19.03:00:05 Info: Parameterizing module emif_5
Info: mem_ss: generate_all_instances: 2026.09.19.03:00:05 Info: Parameterizing module emif_5_clk_bridge
Info: mem_ss: generate_all_instances: 2026.09.19.03:00:05 Info: Parameterizing module emif_5_reset_bridge
Info: mem_ss: generate_all_instances: 2026.09.19.03:00:05 Info: Parameterizing module emif_6
Info: mem_ss: generate_all_instances: 2026.09.19.03:00:05 Info: Parameterizing module emif_6_clk_bridge
Info: mem_ss: generate_all_instances: 2026.09.19.03:00:05 Info: Parameterizing module emif_6_reset_bridge
Info: mem_ss: generate_all_instances: 2026.09.19.03:00:05 Info: Parameterizing module emif_7
Info: mem_ss: generate_all_instances: 2026.09.19.03:00:05 Info: Parameterizing module emif_7_clk_bridge
Info: mem_ss: generate_all_instances: 2026.09.19.03:00:05 Info: Parameterizing module emif_7_reset_bridge
Info: mem_ss: generate_all_instances: 2026.09.19.03:00:05 Info: Parameterizing module emif_cal_bot
Info: mem_ss: generate_all_instances: 2026.09.19.03:00:05 Info: Parameterizing module emif_cal_top
Info: mem_ss: generate_all_instances: 2026.09.19.03:00:05 Info: Parameterizing module global_csr
Info: mem_ss: generate_all_instances: 2026.09.19.03:00:05 Info: Parameterizing module hps_emif
Info: mem_ss: generate_all_instances: 2026.09.19.03:00:05 Info: Parameterizing module mem_reset_ctrl
Info: mem_ss: generate_all_instances: 2026.09.19.03:00:05 Info: Parameterizing module msa_0
Info: mem_ss: generate_all_instances: 2026.09.19.03:00:05 Info: Parameterizing module msa_1
Info: mem_ss: generate_all_instances: 2026.09.19.03:00:05 Info: Parameterizing module msa_2
Info: mem_ss: generate_all_instances: 2026.09.19.03:00:05 Info: Parameterizing module msa_3
Info: mem_ss: generate_all_instances: 2026.09.19.03:00:05 Info: Parameterizing module msa_4
Info: mem_ss: generate_all_instances: 2026.09.19.03:00:05 Info: Parameterizing module msa_5
Info: mem_ss: generate_all_instances: 2026.09.19.03:00:05 Info: Parameterizing module msa_6
Info: mem_ss: generate_all_instances: 2026.09.19.03:00:05 Info: Parameterizing module msa_7
Info: mem_ss: generate_all_instances: 2026.09.19.03:00:05 Info: Building connections
Info: mem_ss: generate_all_instances: 2026.09.19.03:00:05 Info: Parameterizing connections
Info: mem_ss: generate_all_instances: 2026.09.19.03:00:05 Info: Validating
Info: mem_ss: generate_all_instances: 2026.09.19.03:00:05 Info: Done reading input file
Info: mem_ss: generate_all_instances: 2026.09.19.03:00:05 Info: mem_ss_mem_ss_501_qm5zaka: "Transforming system: mem_ss_mem_ss_501_qm5zaka"
Info: mem_ss: generate_all_instances: 2026.09.19.03:00:05 Info: Interconnect is inserted between master msa_0.m_avmm and slave emif_0.ctrl_amm_0 because the master has address signal 34 bit wide, but the slave is 28 bit wide.
Info: mem_ss: generate_all_instances: 2026.09.19.03:00:05 Info: Interconnect is inserted between master msa_1.m_avmm and slave emif_1.ctrl_amm_0 because the master has address signal 34 bit wide, but the slave is 28 bit wide.
Info: mem_ss: generate_all_instances: 2026.09.19.03:00:05 Info: mem_ss_mem_ss_501_qm5zaka: "Naming system components in system: mem_ss_mem_ss_501_qm5zaka"
Info: mem_ss: generate_all_instances: 2026.09.19.03:00:05 Info: mem_ss_mem_ss_501_qm5zaka: "Processing generation queue"
Info: mem_ss: generate_all_instances: 2026.09.19.03:00:05 Info: mem_ss_mem_ss_501_qm5zaka: "Generating: mem_ss_mem_ss_501_qm5zaka"
Info: mem_ss: generate_all_instances: 2026.09.19.03:00:05 Info: mem_ss_mem_ss_501_qm5zaka: "Generating: mem_ss_mem_ss_501_qm5zaka_emif_0"
Info: mem_ss: generate_all_instances: 2026.09.19.03:00:05 Info: mem_ss_mem_ss_501_qm5zaka: "Generating: mem_ss_mem_ss_501_qm5zaka_emif_0_clk_bridge"
Info: mem_ss: generate_all_instances: 2026.09.19.03:00:05 Info: mem_ss_mem_ss_501_qm5zaka: "Generating: mem_ss_mem_ss_501_qm5zaka_emif_0_reset_bridge"
Info: mem_ss: generate_all_instances: 2026.09.19.03:00:05 Info: mem_ss_mem_ss_501_qm5zaka: "Generating: mem_ss_mem_ss_501_qm5zaka_emif_1"
Info: mem_ss: generate_all_instances: 2026.09.19.03:00:05 Info: mem_ss_mem_ss_501_qm5zaka: "Generating: mem_ss_mem_ss_501_qm5zaka_emif_1_clk_bridge"
Info: mem_ss: generate_all_instances: 2026.09.19.03:00:05 Info: mem_ss_mem_ss_501_qm5zaka: "Generating: mem_ss_mem_ss_501_qm5zaka_emif_1_reset_bridge"
Info: mem_ss: generate_all_instances: 2026.09.19.03:00:05 Info: mem_ss_mem_ss_501_qm5zaka: "Generating: mem_ss_mem_ss_501_qm5zaka_emif_cal_bot"
Info: mem_ss: generate_all_instances: 2026.09.19.03:00:05 Info: mem_ss_mem_ss_501_qm5zaka: "Generating: mem_ss_mem_ss_501_qm5zaka_mem_reset_ctrl"
Info: mem_ss: generate_all_instances: 2026.09.19.03:00:05 Info: mem_ss_mem_ss_501_qm5zaka: "Generating: mem_ss_mem_ss_501_qm5zaka_msa_0"
Info: mem_ss: generate_all_instances: 2026.09.19.03:00:05 Info: mem_ss_mem_ss_501_qm5zaka: "Generating: mem_ss_mem_ss_501_qm5zaka_msa_1"
Info: mem_ss: generate_all_instances: 2026.09.19.03:00:05 Info: mem_ss_mem_ss_501_qm5zaka: "Generating: mem_ss_mem_ss_501_qm5zaka_altera_mm_interconnect_1920_hzxas2a"
Info: mem_ss: generate_all_instances: 2026.09.19.03:00:05 Info: mem_ss_mem_ss_501_qm5zaka: "Generating: mem_ss_mem_ss_501_qm5zaka_altera_mm_interconnect_1920_ahgugxq"
Info: mem_ss: generate_all_instances: 2026.09.19.03:00:05 Info: mem_ss_mem_ss_501_qm5zaka: "Generating: altera_reset_controller"
Info: mem_ss: generate_all_instances: 2026.09.19.03:00:05 Info: mem_ss_mem_ss_501_qm5zaka: "Generating: mem_ss_mem_ss_501_qm5zaka_altera_merlin_master_translator_193_lgcew2q"
Info: mem_ss: generate_all_instances: 2026.09.19.03:00:05 Info: mem_ss_mem_ss_501_qm5zaka: "Generating: mem_ss_mem_ss_501_qm5zaka_altera_merlin_slave_translator_191_xg7rzxi"
Info: mem_ss: generate_all_instances: 2026.09.19.03:00:05 Info: mem_ss_mem_ss_501_qm5zaka: Done "mem_ss_mem_ss_501_qm5zaka" with 16 modules, 8 files
Info: mem_ss: generate_all_instances: 2026.09.19.03:00:05 Info: Finished: Create HDL design files for synthesis
Info: mem_ss: generate_all_instances: 2026.09.19.03:00:05 Info: Generation of /tmp/alt0715_2357079155904054191.dir/0012_packageGeneration/mem_ss_mem_ss_501_qm5zaka.qsys (mem_ss_mem_ss_501_qm5zaka) took 2040 ms
Info: mem_ss: generate_all_instances: 2026.09.19.03:00:05 Info: 
Info: mem_ss: generate_all_instances: 2026.09.19.03:00:05 Info: Generating on localhost:46251
Warning: mem_ss: generate_all_instances: 2026.09.19.03:00:05 Warning: Quartus project not specified. Use --quartus-project and --rev to specify a Quartus project and revision.
Info: mem_ss: generate_all_instances: 2026.09.19.03:00:05 Info: Saving generation log to /tmp/alt0715_2357079155904054191.dir/0012_packageGeneration/ip/mem_ss_mem_ss_501_qm5zaka/mem_ss_mem_ss_501_qm5zaka_emif_cal_bot/mem_ss_mem_ss_501_qm5zaka_emif_cal_bot_generation.rpt
Info: mem_ss: generate_all_instances: 2026.09.19.03:00:05 Info: Generated by version: 26.1.1 build 130
Info: mem_ss: generate_all_instances: 2026.09.19.03:00:05 Info: Starting: Create HDL design files for synthesis
Info: mem_ss: generate_all_instances: 2026.09.19.03:00:05 Info: qsys-generate /tmp/alt0715_2357079155904054191.dir/0012_packageGeneration/ip/mem_ss_mem_ss_501_qm5zaka/mem_ss_mem_ss_501_qm5zaka_emif_cal_bot.ip --synthesis=VERILOG --output-directory=/tmp/alt0715_2357079155904054191.dir/0012_packageGeneration/ip/mem_ss_mem_ss_501_qm5zaka/mem_ss_mem_ss_501_qm5zaka_emif_cal_bot --family="Agilex 7" --part=AGFB027R25A2E2V
Info: mem_ss: generate_all_instances: 2026.09.19.03:00:05 Info: mem_ss_mem_ss_501_qm5zaka_emif_cal_bot: "Transforming system: mem_ss_mem_ss_501_qm5zaka_emif_cal_bot"
Info: mem_ss: generate_all_instances: 2026.09.19.03:00:05 Info: mem_ss_mem_ss_501_qm5zaka_emif_cal_bot: "Naming system components in system: mem_ss_mem_ss_501_qm5zaka_emif_cal_bot"
Info: mem_ss: generate_all_instances: 2026.09.19.03:00:05 Info: mem_ss_mem_ss_501_qm5zaka_emif_cal_bot: "Processing generation queue"
Info: mem_ss: generate_all_instances: 2026.09.19.03:00:05 Info: mem_ss_mem_ss_501_qm5zaka_emif_cal_bot: "Generating: mem_ss_mem_ss_501_qm5zaka_emif_cal_bot"
Info: mem_ss: generate_all_instances: 2026.09.19.03:00:05 Info: mem_ss_mem_ss_501_qm5zaka_emif_cal_bot: "Generating: mem_ss_mem_ss_501_qm5zaka_emif_cal_bot_altera_emif_cal_280_kyo6ogi"
Info: mem_ss: generate_all_instances: 2026.09.19.03:00:05 Info: mem_ss_mem_ss_501_qm5zaka_emif_cal_bot: "Generating: mem_ss_mem_ss_501_qm5zaka_emif_cal_bot_altera_emif_cal_iossm_280_th76pdq"
Info: mem_ss: generate_all_instances: 2026.09.19.03:00:05 Info: mem_ss_mem_ss_501_qm5zaka_emif_cal_bot: Done "mem_ss_mem_ss_501_qm5zaka_emif_cal_bot" with 3 modules, 11 files
Info: mem_ss: generate_all_instances: 2026.09.19.03:00:05 Info: Finished: Create HDL design files for synthesis
Info: mem_ss: generate_all_instances: 2026.09.19.03:00:05 Info: Generation of /tmp/alt0715_2357079155904054191.dir/0012_packageGeneration/ip/mem_ss_mem_ss_501_qm5zaka/mem_ss_mem_ss_501_qm5zaka_emif_cal_bot.ip (mem_ss_mem_ss_501_qm5zaka_emif_cal_bot) took 499 ms
Info: mem_ss: generate_all_instances: 2026.09.19.03:00:13 Info: 
Info: mem_ss: generate_all_instances: 2026.09.19.03:00:13 Info: Generating on localhost:34163
Warning: mem_ss: generate_all_instances: 2026.09.19.03:00:13 Warning: Quartus project not specified. Use --quartus-project and --rev to specify a Quartus project and revision.
Info: mem_ss: generate_all_instances: 2026.09.19.03:00:13 Info: Saving generation log to /tmp/alt0715_2357079155904054191.dir/0012_packageGeneration/ip/mem_ss_mem_ss_501_qm5zaka/mem_ss_mem_ss_501_qm5zaka_emif_1/mem_ss_mem_ss_501_qm5zaka_emif_1_generation.rpt
Info: mem_ss: generate_all_instances: 2026.09.19.03:00:13 Info: Generated by version: 26.1.1 build 130
Info: mem_ss: generate_all_instances: 2026.09.19.03:00:13 Info: Starting: Create HDL design files for synthesis
Info: mem_ss: generate_all_instances: 2026.09.19.03:00:13 Info: qsys-generate /tmp/alt0715_2357079155904054191.dir/0012_packageGeneration/ip/mem_ss_mem_ss_501_qm5zaka/mem_ss_mem_ss_501_qm5zaka_emif_1.ip --synthesis=VERILOG --output-directory=/tmp/alt0715_2357079155904054191.dir/0012_packageGeneration/ip/mem_ss_mem_ss_501_qm5zaka/mem_ss_mem_ss_501_qm5zaka_emif_1 --family="Agilex 7" --part=AGFB027R25A2E2V
Info: mem_ss: generate_all_instances: 2026.09.19.03:00:13 Info: mem_ss_mem_ss_501_qm5zaka_emif_1.emif_1: SPD Bytes must be set for RDIMM/LRDIMM and are unique to each memory module. Please check with the SPD provider to ensure correct SPD data.
Info: mem_ss: generate_all_instances: 2026.09.19.03:00:13 Info: mem_ss_mem_ss_501_qm5zaka_emif_1.emif_1.arch: EMIF IP requires EMIF Calibration IP to source its calbus clock and calbus conduit.
Info: mem_ss: generate_all_instances: 2026.09.19.03:00:13 Info: mem_ss_mem_ss_501_qm5zaka_emif_1.emif_1.arch: PHY and controller running at 2x the frequency of user logic for improved efficiency.
Info: mem_ss: generate_all_instances: 2026.09.19.03:00:13 Info: mem_ss_mem_ss_501_qm5zaka_emif_1.emif_1.arch: Placement of address/command pins must follow "DDR4 Scheme 2: Component and DIMM".
Info: mem_ss: generate_all_instances: 2026.09.19.03:00:13 Info: mem_ss_mem_ss_501_qm5zaka_emif_1.emif_1.arch: Interface estimated to require 2 I/O Bank(s) and 3 I/O PLL(s). This is only an estimation. Final usage depends on user pin location assignments and/or fitter behavior.
Info: mem_ss: generate_all_instances: 2026.09.19.03:00:13 Info: mem_ss_mem_ss_501_qm5zaka_emif_1.emif_1.arch: Valid memory frequencies for the current PLL reference clock of 33.333 MHz and user clock rate, in MHz: 1599.98, 1466.65, 1333.32, 1199.99, 1066.66, 933.32, 799.99, 666.66
Info: mem_ss: generate_all_instances: 2026.09.19.03:00:13 Info: mem_ss_mem_ss_501_qm5zaka_emif_1.emif_1.arch: For additional documentation about the interface, consult the *_readme.txt file after generation.
Info: mem_ss: generate_all_instances: 2026.09.19.03:00:13 Info: mem_ss_mem_ss_501_qm5zaka_emif_1: "Transforming system: mem_ss_mem_ss_501_qm5zaka_emif_1"
Info: mem_ss: generate_all_instances: 2026.09.19.03:00:13 Info: mem_ss_mem_ss_501_qm5zaka_emif_1: "Naming system components in system: mem_ss_mem_ss_501_qm5zaka_emif_1"
Info: mem_ss: generate_all_instances: 2026.09.19.03:00:13 Info: mem_ss_mem_ss_501_qm5zaka_emif_1: "Processing generation queue"
Info: mem_ss: generate_all_instances: 2026.09.19.03:00:13 Info: mem_ss_mem_ss_501_qm5zaka_emif_1: "Generating: mem_ss_mem_ss_501_qm5zaka_emif_1"
Info: mem_ss: generate_all_instances: 2026.09.19.03:00:13 Info: mem_ss_mem_ss_501_qm5zaka_emif_1: "Generating: mem_ss_mem_ss_501_qm5zaka_emif_1_altera_emif_fm_280_gdk3rhy"
Info: mem_ss: generate_all_instances: 2026.09.19.03:00:13 Info: mem_ss_mem_ss_501_qm5zaka_emif_1: "Generating: mem_ss_mem_ss_501_qm5zaka_emif_1_altera_emif_arch_fm_191_ym4dzra"
Info: mem_ss: generate_all_instances: 2026.09.19.03:00:13 Info: mem_ss_mem_ss_501_qm5zaka_emif_1: Done "mem_ss_mem_ss_501_qm5zaka_emif_1" with 3 modules, 50 files
Info: mem_ss: generate_all_instances: 2026.09.19.03:00:13 Info: Finished: Create HDL design files for synthesis
Info: mem_ss: generate_all_instances: 2026.09.19.03:00:13 Info: Generation of /tmp/alt0715_2357079155904054191.dir/0012_packageGeneration/ip/mem_ss_mem_ss_501_qm5zaka/mem_ss_mem_ss_501_qm5zaka_emif_1.ip (mem_ss_mem_ss_501_qm5zaka_emif_1) took 4067 ms
Info: mem_ss: generate_all_instances: 2026.09.19.03:00:15 Info: 
Info: mem_ss: generate_all_instances: 2026.09.19.03:00:15 Info: Generating on localhost:41741
Warning: mem_ss: generate_all_instances: 2026.09.19.03:00:15 Warning: Quartus project not specified. Use --quartus-project and --rev to specify a Quartus project and revision.
Info: mem_ss: generate_all_instances: 2026.09.19.03:00:15 Info: Saving generation log to /tmp/alt0715_2357079155904054191.dir/0012_packageGeneration/ip/mem_ss_mem_ss_501_qm5zaka/mem_ss_mem_ss_501_qm5zaka_emif_0/mem_ss_mem_ss_501_qm5zaka_emif_0_generation.rpt
Info: mem_ss: generate_all_instances: 2026.09.19.03:00:15 Info: Generated by version: 26.1.1 build 130
Info: mem_ss: generate_all_instances: 2026.09.19.03:00:15 Info: Starting: Create HDL design files for synthesis
Info: mem_ss: generate_all_instances: 2026.09.19.03:00:15 Info: qsys-generate /tmp/alt0715_2357079155904054191.dir/0012_packageGeneration/ip/mem_ss_mem_ss_501_qm5zaka/mem_ss_mem_ss_501_qm5zaka_emif_0.ip --synthesis=VERILOG --output-directory=/tmp/alt0715_2357079155904054191.dir/0012_packageGeneration/ip/mem_ss_mem_ss_501_qm5zaka/mem_ss_mem_ss_501_qm5zaka_emif_0 --family="Agilex 7" --part=AGFB027R25A2E2V
Info: mem_ss: generate_all_instances: 2026.09.19.03:00:15 Info: mem_ss_mem_ss_501_qm5zaka_emif_0.emif_0.arch: EMIF IP requires EMIF Calibration IP to source its calbus clock and calbus conduit.
Info: mem_ss: generate_all_instances: 2026.09.19.03:00:15 Info: mem_ss_mem_ss_501_qm5zaka_emif_0.emif_0.arch: PHY and controller running at 2x the frequency of user logic for improved efficiency.
Info: mem_ss: generate_all_instances: 2026.09.19.03:00:15 Info: mem_ss_mem_ss_501_qm5zaka_emif_0.emif_0.arch: Placement of address/command pins must follow "DDR4 Scheme 2: Component and DIMM".
Info: mem_ss: generate_all_instances: 2026.09.19.03:00:15 Info: mem_ss_mem_ss_501_qm5zaka_emif_0.emif_0.arch: Interface estimated to require 2 I/O Bank(s) and 3 I/O PLL(s). This is only an estimation. Final usage depends on user pin location assignments and/or fitter behavior.
Info: mem_ss: generate_all_instances: 2026.09.19.03:00:15 Info: mem_ss_mem_ss_501_qm5zaka_emif_0.emif_0.arch: Valid memory frequencies for the current PLL reference clock of 33.333 MHz and user clock rate, in MHz: 1599.98, 1466.65, 1333.32, 1199.99, 1066.66, 933.32, 799.99, 666.66
Info: mem_ss: generate_all_instances: 2026.09.19.03:00:15 Info: mem_ss_mem_ss_501_qm5zaka_emif_0.emif_0.arch: For additional documentation about the interface, consult the *_readme.txt file after generation.
Info: mem_ss: generate_all_instances: 2026.09.19.03:00:15 Info: mem_ss_mem_ss_501_qm5zaka_emif_0: "Transforming system: mem_ss_mem_ss_501_qm5zaka_emif_0"
Info: mem_ss: generate_all_instances: 2026.09.19.03:00:15 Info: mem_ss_mem_ss_501_qm5zaka_emif_0: "Naming system components in system: mem_ss_mem_ss_501_qm5zaka_emif_0"
Info: mem_ss: generate_all_instances: 2026.09.19.03:00:15 Info: mem_ss_mem_ss_501_qm5zaka_emif_0: "Processing generation queue"
Info: mem_ss: generate_all_instances: 2026.09.19.03:00:15 Info: mem_ss_mem_ss_501_qm5zaka_emif_0: "Generating: mem_ss_mem_ss_501_qm5zaka_emif_0"
Info: mem_ss: generate_all_instances: 2026.09.19.03:00:15 Info: mem_ss_mem_ss_501_qm5zaka_emif_0: "Generating: mem_ss_mem_ss_501_qm5zaka_emif_0_altera_emif_fm_280_bb7nfma"
Info: mem_ss: generate_all_instances: 2026.09.19.03:00:15 Info: mem_ss_mem_ss_501_qm5zaka_emif_0: "Generating: mem_ss_mem_ss_501_qm5zaka_emif_0_altera_emif_arch_fm_191_ekzngaq"
Info: mem_ss: generate_all_instances: 2026.09.19.03:00:15 Info: mem_ss_mem_ss_501_qm5zaka_emif_0: Done "mem_ss_mem_ss_501_qm5zaka_emif_0" with 3 modules, 50 files
Info: mem_ss: generate_all_instances: 2026.09.19.03:00:15 Info: Finished: Create HDL design files for synthesis
Info: mem_ss: generate_all_instances: 2026.09.19.03:00:15 Info: Generation of /tmp/alt0715_2357079155904054191.dir/0012_packageGeneration/ip/mem_ss_mem_ss_501_qm5zaka/mem_ss_mem_ss_501_qm5zaka_emif_0.ip (mem_ss_mem_ss_501_qm5zaka_emif_0) took 4552 ms
Info: mem_ss: generate_all_instances: 2026.09.19.03:00:15 Info: Finished: Platform Designer system generation
Info: mem_ss: Done "mem_ss" with 2 modules, 23 files
Info: Finished: Create HDL design files for synthesis
