Change Dir: '/home/uwb_student00/ahls/new_BSP/work_ahls_memory_01/build'

Run Build Command(s): /usr/bin/cmake -E env VERBOSE=1 /usr/bin/gmake -f Makefile -j1 report
/usr/bin/cmake -S/home/uwb_student00/ahls/new_BSP/work_ahls_memory_01 -B/home/uwb_student00/ahls/new_BSP/work_ahls_memory_01/build --check-build-system CMakeFiles/Makefile.cmake 0
/usr/bin/gmake  -f CMakeFiles/Makefile2 report
gmake[1]: Entering directory '/home/uwb_student00/ahls/new_BSP/work_ahls_memory_01/build'
/usr/bin/cmake -S/home/uwb_student00/ahls/new_BSP/work_ahls_memory_01 -B/home/uwb_student00/ahls/new_BSP/work_ahls_memory_01/build --check-build-system CMakeFiles/Makefile.cmake 0
/usr/bin/cmake -E cmake_progress_start /home/uwb_student00/ahls/new_BSP/work_ahls_memory_01/build/CMakeFiles 2
/usr/bin/gmake  -f CMakeFiles/Makefile2 CMakeFiles/report.dir/all
gmake[2]: Entering directory '/home/uwb_student00/ahls/new_BSP/work_ahls_memory_01/build'
/usr/bin/gmake  -f CMakeFiles/report.dir/build.make CMakeFiles/report.dir/depend
gmake[3]: Entering directory '/home/uwb_student00/ahls/new_BSP/work_ahls_memory_01/build'
cd /home/uwb_student00/ahls/new_BSP/work_ahls_memory_01/build && /usr/bin/cmake -E cmake_depends "Unix Makefiles" /home/uwb_student00/ahls/new_BSP/work_ahls_memory_01 /home/uwb_student00/ahls/new_BSP/work_ahls_memory_01 /home/uwb_student00/ahls/new_BSP/work_ahls_memory_01/build /home/uwb_student00/ahls/new_BSP/work_ahls_memory_01/build /home/uwb_student00/ahls/new_BSP/work_ahls_memory_01/build/CMakeFiles/report.dir/DependInfo.cmake "--color="
gmake[3]: Leaving directory '/home/uwb_student00/ahls/new_BSP/work_ahls_memory_01/build'
/usr/bin/gmake  -f CMakeFiles/report.dir/build.make CMakeFiles/report.dir/build
gmake[3]: Entering directory '/home/uwb_student00/ahls/new_BSP/work_ahls_memory_01/build'
[ 50%] Building CXX object CMakeFiles/report.dir/src/mmhost_ia840f.cpp.o
/home/uwb_student00/ahls/altera_hls/aclsycl/bin/ahls -DFPGA_HARDWARE -I/home/uwb_student00/ahls/new_BSP/work_ahls_memory_01/include -Wall -MD -MT CMakeFiles/report.dir/src/mmhost_ia840f.cpp.o -MF CMakeFiles/report.dir/src/mmhost_ia840f.cpp.o.d -o CMakeFiles/report.dir/src/mmhost_ia840f.cpp.o -c /home/uwb_student00/ahls/new_BSP/work_ahls_memory_01/src/mmhost_ia840f.cpp
[100%] Linking CXX executable mmhost_ia840f.report
/usr/bin/cmake -E cmake_link_script CMakeFiles/report.dir/link.txt --verbose=1
/home/uwb_student00/ahls/altera_hls/aclsycl/bin/ahls -Xshardware -Xstarget=AGFB027R25A2E2V -fsycl-link=early CMakeFiles/report.dir/src/mmhost_ia840f.cpp.o -o mmhost_ia840f.report
gmake[3]: Leaving directory '/home/uwb_student00/ahls/new_BSP/work_ahls_memory_01/build'
[100%] Built target report
gmake[2]: Leaving directory '/home/uwb_student00/ahls/new_BSP/work_ahls_memory_01/build'
/usr/bin/cmake -E cmake_progress_start /home/uwb_student00/ahls/new_BSP/work_ahls_memory_01/build/CMakeFiles 0
gmake[1]: Leaving directory '/home/uwb_student00/ahls/new_BSP/work_ahls_memory_01/build'

