+ source /home/uwb_student00/ahls/altera_hls/aclsycl/fpgavars.sh
+++ uname -m
++ ARCH=x86_64
++ arch_type=
++ case $ARCH in
++ arch_type=linux64
++ vars_script_name=
+++ ps -p 185949 -o comm=
++ vars_script_shell=bash
++ '[' -n '' ']'
++ '[' -n '' ']'
++ '[' -n '5.1.8(1)-release' ']'
++ return 0
++ vars_script_name=/home/uwb_student00/ahls/altera_hls/aclsycl/fpgavars.sh
++ '[' '' = /home/uwb_student00/ahls/altera_hls/aclsycl/fpgavars.sh ']'
+++ get_script_path /home/uwb_student00/ahls/altera_hls/aclsycl/fpgavars.sh
+++ script=/home/uwb_student00/ahls/altera_hls/aclsycl/fpgavars.sh
+++ '[' -L /home/uwb_student00/ahls/altera_hls/aclsycl/fpgavars.sh ']'
++++ command dirname -- /home/uwb_student00/ahls/altera_hls/aclsycl/fpgavars.sh
+++ script_dir=/home/uwb_student00/ahls/altera_hls/aclsycl
++++ cd /home/uwb_student00/ahls/altera_hls/aclsycl
++++ command pwd -P
+++ script_dir=/home/uwb_student00/ahls/altera_hls/aclsycl
+++ printf %s /home/uwb_student00/ahls/altera_hls/aclsycl
++ SCRIPTDIR=/home/uwb_student00/ahls/altera_hls/aclsycl
+++ prepend_path libalteracl.so libintelocl_emu.so:libalteracl.so
+++ path_to_add=libalteracl.so
+++ path_is_now=libintelocl_emu.so:libalteracl.so
+++ '[' '' = libintelocl_emu.so:libalteracl.so ']'
+++ printf %s libalteracl.so:libintelocl_emu.so:libalteracl.so
++ OCL_ICD_FILENAMES=libalteracl.so:libintelocl_emu.so:libalteracl.so
+++ prepend_path libintelocl_emu.so libalteracl.so:libintelocl_emu.so:libalteracl.so
+++ path_to_add=libintelocl_emu.so
+++ path_is_now=libalteracl.so:libintelocl_emu.so:libalteracl.so
+++ '[' '' = libalteracl.so:libintelocl_emu.so:libalteracl.so ']'
+++ printf %s libintelocl_emu.so:libalteracl.so:libintelocl_emu.so:libalteracl.so
++ OCL_ICD_FILENAMES=libintelocl_emu.so:libalteracl.so:libintelocl_emu.so:libalteracl.so
++ export OCL_ICD_FILENAMES
++ export ACL_BOARD_VENDOR_PATH=/opt/Intel/OpenCLFPGA/oneAPI/Boards
++ ACL_BOARD_VENDOR_PATH=/opt/Intel/OpenCLFPGA/oneAPI/Boards
++ export INTELFPGAOCLSDKROOT=/home/uwb_student00/ahls/altera_hls/aclsycl
++ INTELFPGAOCLSDKROOT=/home/uwb_student00/ahls/altera_hls/aclsycl
++ export ALTERA_HLS_ROOT=/home/uwb_student00/ahls/altera_hls/aclsycl
++ ALTERA_HLS_ROOT=/home/uwb_student00/ahls/altera_hls/aclsycl
+++ prepend_path /home/uwb_student00/ahls/altera_hls/aclsycl/bin /home/uwb_student00/ahls/altera_hls/aclsycl/bin:/opt/intelFPGA_pro/23.1/quartus/bin:/opt/intelFPGA_pro/23.1/questa_fe/linux_x86_64:/opt/intelFPGA_pro/23.1/questa_fe/bin:/home/uwb_student00/.opencode/bin:/home/uwb_student00/.local/bin:/opt/intelFPGA_pro/23.1/quartus/bin:/opt/intelFPGA_pro/23.1/questa_fe/linux_x86_64:/opt/intelFPGA_pro/23.1/questa_fe/bin:/home/uwb_student00/.opencode/bin:/home/uwb_student00/.local/bin:/home/uwb_student00/.local/bin:/home/uwb_student00/bin:/usr/local/bin:/usr/bin:/usr/local/sbin:/usr/sbin:/usr/share/bittware-sdk/bin:/opt/gurobi1301/linux64/bin:/opt/gurobi1301/linux64/bin
+++ path_to_add=/home/uwb_student00/ahls/altera_hls/aclsycl/bin
+++ path_is_now=/home/uwb_student00/ahls/altera_hls/aclsycl/bin:/opt/intelFPGA_pro/23.1/quartus/bin:/opt/intelFPGA_pro/23.1/questa_fe/linux_x86_64:/opt/intelFPGA_pro/23.1/questa_fe/bin:/home/uwb_student00/.opencode/bin:/home/uwb_student00/.local/bin:/opt/intelFPGA_pro/23.1/quartus/bin:/opt/intelFPGA_pro/23.1/questa_fe/linux_x86_64:/opt/intelFPGA_pro/23.1/questa_fe/bin:/home/uwb_student00/.opencode/bin:/home/uwb_student00/.local/bin:/home/uwb_student00/.local/bin:/home/uwb_student00/bin:/usr/local/bin:/usr/bin:/usr/local/sbin:/usr/sbin:/usr/share/bittware-sdk/bin:/opt/gurobi1301/linux64/bin:/opt/gurobi1301/linux64/bin
+++ '[' '' = /home/uwb_student00/ahls/altera_hls/aclsycl/bin:/opt/intelFPGA_pro/23.1/quartus/bin:/opt/intelFPGA_pro/23.1/questa_fe/linux_x86_64:/opt/intelFPGA_pro/23.1/questa_fe/bin:/home/uwb_student00/.opencode/bin:/home/uwb_student00/.local/bin:/opt/intelFPGA_pro/23.1/quartus/bin:/opt/intelFPGA_pro/23.1/questa_fe/linux_x86_64:/opt/intelFPGA_pro/23.1/questa_fe/bin:/home/uwb_student00/.opencode/bin:/home/uwb_student00/.local/bin:/home/uwb_student00/.local/bin:/home/uwb_student00/bin:/usr/local/bin:/usr/bin:/usr/local/sbin:/usr/sbin:/usr/share/bittware-sdk/bin:/opt/gurobi1301/linux64/bin:/opt/gurobi1301/linux64/bin ']'
+++ printf %s /home/uwb_student00/ahls/altera_hls/aclsycl/bin:/home/uwb_student00/ahls/altera_hls/aclsycl/bin:/opt/intelFPGA_pro/23.1/quartus/bin:/opt/intelFPGA_pro/23.1/questa_fe/linux_x86_64:/opt/intelFPGA_pro/23.1/questa_fe/bin:/home/uwb_student00/.opencode/bin:/home/uwb_student00/.local/bin:/opt/intelFPGA_pro/23.1/quartus/bin:/opt/intelFPGA_pro/23.1/questa_fe/linux_x86_64:/opt/intelFPGA_pro/23.1/questa_fe/bin:/home/uwb_student00/.opencode/bin:/home/uwb_student00/.local/bin:/home/uwb_student00/.local/bin:/home/uwb_student00/bin:/usr/local/bin:/usr/bin:/usr/local/sbin:/usr/sbin:/usr/share/bittware-sdk/bin:/opt/gurobi1301/linux64/bin:/opt/gurobi1301/linux64/bin
++ PATH=/home/uwb_student00/ahls/altera_hls/aclsycl/bin:/home/uwb_student00/ahls/altera_hls/aclsycl/bin:/opt/intelFPGA_pro/23.1/quartus/bin:/opt/intelFPGA_pro/23.1/questa_fe/linux_x86_64:/opt/intelFPGA_pro/23.1/questa_fe/bin:/home/uwb_student00/.opencode/bin:/home/uwb_student00/.local/bin:/opt/intelFPGA_pro/23.1/quartus/bin:/opt/intelFPGA_pro/23.1/questa_fe/linux_x86_64:/opt/intelFPGA_pro/23.1/questa_fe/bin:/home/uwb_student00/.opencode/bin:/home/uwb_student00/.local/bin:/home/uwb_student00/.local/bin:/home/uwb_student00/bin:/usr/local/bin:/usr/bin:/usr/local/sbin:/usr/sbin:/usr/share/bittware-sdk/bin:/opt/gurobi1301/linux64/bin:/opt/gurobi1301/linux64/bin
++ export PATH
+++ prepend_path /home/uwb_student00/ahls/altera_hls/aclsycl/host/linux64/lib /home/uwb_student00/ahls/altera_hls/aclsycl/host/linux64/lib:/opt/gurobi1301/linux64/lib:/opt/gurobi1301/linux64/lib
+++ path_to_add=/home/uwb_student00/ahls/altera_hls/aclsycl/host/linux64/lib
+++ path_is_now=/home/uwb_student00/ahls/altera_hls/aclsycl/host/linux64/lib:/opt/gurobi1301/linux64/lib:/opt/gurobi1301/linux64/lib
+++ '[' '' = /home/uwb_student00/ahls/altera_hls/aclsycl/host/linux64/lib:/opt/gurobi1301/linux64/lib:/opt/gurobi1301/linux64/lib ']'
+++ printf %s /home/uwb_student00/ahls/altera_hls/aclsycl/host/linux64/lib:/home/uwb_student00/ahls/altera_hls/aclsycl/host/linux64/lib:/opt/gurobi1301/linux64/lib:/opt/gurobi1301/linux64/lib
++ LD_LIBRARY_PATH=/home/uwb_student00/ahls/altera_hls/aclsycl/host/linux64/lib:/home/uwb_student00/ahls/altera_hls/aclsycl/host/linux64/lib:/opt/gurobi1301/linux64/lib:/opt/gurobi1301/linux64/lib
++ export LD_LIBRARY_PATH
+++ prepend_path /home/uwb_student00/ahls/altera_hls/aclsycl/include /home/uwb_student00/ahls/altera_hls/aclsycl/include
+++ path_to_add=/home/uwb_student00/ahls/altera_hls/aclsycl/include
+++ path_is_now=/home/uwb_student00/ahls/altera_hls/aclsycl/include
+++ '[' '' = /home/uwb_student00/ahls/altera_hls/aclsycl/include ']'
+++ printf %s /home/uwb_student00/ahls/altera_hls/aclsycl/include:/home/uwb_student00/ahls/altera_hls/aclsycl/include
++ CPATH=/home/uwb_student00/ahls/altera_hls/aclsycl/include:/home/uwb_student00/ahls/altera_hls/aclsycl/include
++ export CPATH
+ cd /home/uwb_student00/ahls/new_BSP/work_ahls_compile_01
+ echo '=== ENV ==='
=== ENV ===
+ date -u
Sat Sep 19 06:42:46 PM UTC 2026
+ which ahls
+ alias
+ eval declare -f
++ declare -f
+ /usr/bin/which --tty-only --read-alias --read-functions --show-tilde --show-dot ahls
/home/uwb_student00/ahls/altera_hls/aclsycl/bin/ahls
+ ahls --version
+ head -2
HLS IP Gen, Version 2026.1.0 Build 461da9be608f74678d9c52a2dc1cbb67c58d57fa, Copyright (c) 2026 Altera Corporation
clang version 21.0.0git (https://github.com/altera-innersource/applications.fpga.oneapi.products.acl-source 73bd39ae996000c9a135392139de0cfbd166341e)
+ echo '=== STAGE 1: compile (SPIR-V) ==='
=== STAGE 1: compile (SPIR-V) ===
+ ahls -DFPGA_HARDWARE -Wall -c qual_vec_op.cpp -o qual_vec_op.o
+ rc1=0
+ echo RC_COMPILE=0
RC_COMPILE=0
+ '[' 0 -ne 0 ']'
+ echo '=== STAGE 2: early link -> RTL/IP report generation ==='
=== STAGE 2: early link -> RTL/IP report generation ===
+ ahls -Xshardware -Xstarget=AGFB027R25A2E2V -fsycl-link=early qual_vec_op.o -o qual_vec_op.report
+ rc2=0
+ echo RC_LINK=0
RC_LINK=0
+ echo 'ATTEMPT1_RESULT=done rc_link=0'
ATTEMPT1_RESULT=done rc_link=0
+ date -u
Sat Sep 19 06:43:01 PM UTC 2026
+ exit 0
