FPGA Test identity read 0x0
FPGA Test identity read 0x8
FPGA Test identity read 0x10
FPGA Test capability read 0x98
FPGA Test capability read 0xa0
FPGA Test capability read 0xa8
FPGA Test capability read 0xb0
FPGA Test discarded quiescent finish history=0
FPGA Test DMA submit sequence=0 mode=1 bank=0 bytes=128 ddr=0x10000
FPGA Test DMA retired and host pages verified sequence=0
FPGA Test BULK tile verified region=0 bytes=3968 descriptors=31
FPGA Test BULK tile verified region=0 bytes=7936 descriptors=62
FPGA Test BULK tile verified region=0 bytes=11904 descriptors=93
FPGA Test BULK tile verified region=0 bytes=15872 descriptors=124
FPGA Test DMA submit sequence=128 mode=1 bank=0 bytes=128 ddr=0x14000
FPGA Test DMA retired and host pages verified sequence=128
FPGA Test BULK tile verified region=0 bytes=19840 descriptors=155
FPGA Test BULK tile verified region=0 bytes=23808 descriptors=186
FPGA Test BULK tile verified region=0 bytes=27776 descriptors=217
FPGA Test BULK tile verified region=0 bytes=31744 descriptors=248
FPGA Test DMA submit sequence=256 mode=1 bank=0 bytes=128 ddr=0x18000
FPGA Test DMA retired and host pages verified sequence=256
FPGA Test BULK tile verified region=0 bytes=35712 descriptors=279
FPGA Test BULK tile verified region=0 bytes=39680 descriptors=310
FPGA Test BULK tile verified region=0 bytes=43648 descriptors=341
FPGA Test BULK tile verified region=0 bytes=47616 descriptors=372
FPGA Test DMA submit sequence=384 mode=1 bank=0 bytes=128 ddr=0x1c000
FPGA Test DMA retired and host pages verified sequence=384
FPGA Test BULK tile verified region=0 bytes=51584 descriptors=403
FPGA Test BULK tile verified region=0 bytes=55552 descriptors=434
FPGA Test BULK tile verified region=0 bytes=59520 descriptors=465
FPGA Test BULK tile verified region=0 bytes=63488 descriptors=496
FPGA Test DMA submit sequence=512 mode=1 bank=0 bytes=128 ddr=0x20000
FPGA Test DMA retired and host pages verified sequence=512
FPGA Test BULK tile verified region=0 bytes=67456 descriptors=527
FPGA Test BULK tile verified region=0 bytes=71424 descriptors=558
FPGA Test BULK tile verified region=0 bytes=75392 descriptors=589
FPGA Test BULK tile verified region=0 bytes=79360 descriptors=620
FPGA Test DMA submit sequence=640 mode=1 bank=0 bytes=128 ddr=0x24000
FPGA Test DMA retired and host pages verified sequence=640
FPGA Test BULK tile verified region=0 bytes=83328 descriptors=651
FPGA Test BULK tile verified region=0 bytes=87296 descriptors=682
FPGA Test BULK tile verified region=0 bytes=91264 descriptors=713
FPGA Test BULK tile verified region=0 bytes=95232 descriptors=744
FPGA Test DMA submit sequence=768 mode=1 bank=0 bytes=128 ddr=0x28000
FPGA Test DMA retired and host pages verified sequence=768
FPGA Test BULK tile verified region=0 bytes=99200 descriptors=775
FPGA Test BULK tile verified region=0 bytes=103168 descriptors=806
FPGA Test BULK tile verified region=0 bytes=107136 descriptors=837
FPGA Test BULK tile verified region=0 bytes=111104 descriptors=868
FPGA Test DMA submit sequence=896 mode=1 bank=0 bytes=128 ddr=0x2c000
FPGA Test DMA retired and host pages verified sequence=896
FPGA Test BULK tile verified region=0 bytes=115072 descriptors=899
FPGA Test BULK tile verified region=0 bytes=119040 descriptors=930
FPGA Test BULK tile verified region=0 bytes=123008 descriptors=961
FPGA Test BULK tile verified region=0 bytes=126976 descriptors=992
FPGA Test BULK tile verified region=0 bytes=130944 descriptors=1023
FPGA Test DMA submit sequence=1024 mode=1 bank=0 bytes=128 ddr=0x30000
FPGA Test DMA retired and host pages verified sequence=1024
FPGA Test BULK tile verified region=0 bytes=134912 descriptors=1054
FPGA Test BULK tile verified region=0 bytes=138880 descriptors=1085
FPGA Test BULK tile verified region=0 bytes=142848 descriptors=1116
FPGA Test BULK tile verified region=0 bytes=146816 descriptors=1147
FPGA Test DMA submit sequence=1152 mode=1 bank=0 bytes=128 ddr=0x34000
FPGA Test DMA retired and host pages verified sequence=1152
FPGA Test BULK tile verified region=0 bytes=150784 descriptors=1178
FPGA Test BULK tile verified region=0 bytes=154752 descriptors=1209
FPGA Test BULK tile verified region=0 bytes=158720 descriptors=1240
FPGA Test BULK tile verified region=0 bytes=162688 descriptors=1271
FPGA Test DMA submit sequence=1280 mode=1 bank=0 bytes=128 ddr=0x38000
FPGA Test DMA retired and host pages verified sequence=1280
FPGA Test BULK tile verified region=0 bytes=166656 descriptors=1302
FPGA Test BULK tile verified region=0 bytes=170624 descriptors=1333
FPGA Test BULK tile verified region=0 bytes=174592 descriptors=1364
FPGA Test BULK tile verified region=0 bytes=178560 descriptors=1395
FPGA Test DMA submit sequence=1408 mode=1 bank=0 bytes=128 ddr=0x3c000
FPGA Test DMA retired and host pages verified sequence=1408
FPGA Test BULK tile verified region=0 bytes=182528 descriptors=1426
FPGA Test BULK tile verified region=0 bytes=186496 descriptors=1457
FPGA Test BULK tile verified region=0 bytes=190464 descriptors=1488
FPGA Test BULK tile verified region=0 bytes=194432 descriptors=1519
FPGA Test DMA submit sequence=1536 mode=1 bank=0 bytes=128 ddr=0x40000
FPGA Test DMA retired and host pages verified sequence=1536
FPGA Test BULK tile verified region=0 bytes=198400 descriptors=1550
FPGA Test BULK tile verified region=0 bytes=202368 descriptors=1581
FPGA Test BULK tile verified region=0 bytes=206336 descriptors=1612
FPGA Test BULK tile verified region=0 bytes=210304 descriptors=1643
FPGA Test DMA submit sequence=1664 mode=1 bank=0 bytes=128 ddr=0x44000
FPGA Test DMA retired and host pages verified sequence=1664
FPGA Test BULK tile verified region=0 bytes=214272 descriptors=1674
FPGA Test BULK tile verified region=0 bytes=218240 descriptors=1705
FPGA Test BULK tile verified region=0 bytes=222208 descriptors=1736
FPGA Test BULK tile verified region=0 bytes=226176 descriptors=1767
FPGA Test DMA submit sequence=1792 mode=1 bank=0 bytes=128 ddr=0x48000
FPGA Test DMA retired and host pages verified sequence=1792
FPGA Test BULK tile verified region=0 bytes=230144 descriptors=1798
FPGA Test BULK tile verified region=0 bytes=234112 descriptors=1829
FPGA Test BULK tile verified region=0 bytes=238080 descriptors=1860
FPGA Test BULK tile verified region=0 bytes=242048 descriptors=1891
FPGA Test DMA submit sequence=1920 mode=1 bank=0 bytes=128 ddr=0x4c000
FPGA Test DMA retired and host pages verified sequence=1920
FPGA Test BULK tile verified region=0 bytes=246016 descriptors=1922
FPGA Test BULK tile verified region=0 bytes=249984 descriptors=1953
FPGA Test BULK tile verified region=0 bytes=253952 descriptors=1984
FPGA Test BULK tile verified region=0 bytes=257920 descriptors=2015
FPGA Test BULK tile verified region=0 bytes=261888 descriptors=2046
FPGA Test BULK tile verified region=0 bytes=262144 descriptors=2048
FPGA Test DMA submit sequence=2048 mode=1 bank=0 bytes=128 ddr=0x60000
FPGA Test DMA retired and host pages verified sequence=2048
FPGA Test BULK tile verified region=1 bytes=3968 descriptors=2079
FPGA Test BULK tile verified region=1 bytes=7936 descriptors=2110
FPGA Test BULK tile verified region=1 bytes=11904 descriptors=2141
FPGA Test BULK tile verified region=1 bytes=15872 descriptors=2172
FPGA Test DMA submit sequence=2176 mode=1 bank=0 bytes=128 ddr=0x64000
FPGA Test DMA retired and host pages verified sequence=2176
FPGA Test BULK tile verified region=1 bytes=19840 descriptors=2203
FPGA Test BULK tile verified region=1 bytes=23808 descriptors=2234
FPGA Test BULK tile verified region=1 bytes=27776 descriptors=2265
FPGA Test BULK tile verified region=1 bytes=31744 descriptors=2296
FPGA Test DMA submit sequence=2304 mode=1 bank=0 bytes=128 ddr=0x68000
FPGA Test DMA retired and host pages verified sequence=2304
FPGA Test BULK tile verified region=1 bytes=35712 descriptors=2327
FPGA Test BULK tile verified region=1 bytes=39680 descriptors=2358
FPGA Test BULK tile verified region=1 bytes=43648 descriptors=2389
FPGA Test BULK tile verified region=1 bytes=47616 descriptors=2420
FPGA Test DMA submit sequence=2432 mode=1 bank=0 bytes=128 ddr=0x6c000
FPGA Test DMA retired and host pages verified sequence=2432
FPGA Test BULK tile verified region=1 bytes=51584 descriptors=2451
FPGA Test BULK tile verified region=1 bytes=55552 descriptors=2482
FPGA Test BULK tile verified region=1 bytes=59520 descriptors=2513
FPGA Test BULK tile verified region=1 bytes=63488 descriptors=2544
FPGA Test DMA submit sequence=2560 mode=1 bank=0 bytes=128 ddr=0x70000
FPGA Test DMA retired and host pages verified sequence=2560
FPGA Test BULK tile verified region=1 bytes=67456 descriptors=2575
FPGA Test BULK tile verified region=1 bytes=71424 descriptors=2606
FPGA Test BULK tile verified region=1 bytes=75392 descriptors=2637
FPGA Test BULK tile verified region=1 bytes=79360 descriptors=2668
FPGA Test DMA submit sequence=2688 mode=1 bank=0 bytes=128 ddr=0x74000
FPGA Test DMA retired and host pages verified sequence=2688
FPGA Test BULK tile verified region=1 bytes=83328 descriptors=2699
FPGA Test BULK tile verified region=1 bytes=87296 descriptors=2730
FPGA Test BULK tile verified region=1 bytes=91264 descriptors=2761
FPGA Test BULK tile verified region=1 bytes=95232 descriptors=2792
FPGA Test DMA submit sequence=2816 mode=1 bank=0 bytes=128 ddr=0x78000
FPGA Test DMA retired and host pages verified sequence=2816
FPGA Test BULK tile verified region=1 bytes=99200 descriptors=2823
FPGA Test BULK tile verified region=1 bytes=103168 descriptors=2854
FPGA Test BULK tile verified region=1 bytes=107136 descriptors=2885
FPGA Test BULK tile verified region=1 bytes=111104 descriptors=2916
FPGA Test DMA submit sequence=2944 mode=1 bank=0 bytes=128 ddr=0x7c000
FPGA Test DMA retired and host pages verified sequence=2944
FPGA Test BULK tile verified region=1 bytes=115072 descriptors=2947
FPGA Test BULK tile verified region=1 bytes=119040 descriptors=2978
FPGA Test BULK tile verified region=1 bytes=123008 descriptors=3009
FPGA Test BULK tile verified region=1 bytes=126976 descriptors=3040
FPGA Test BULK tile verified region=1 bytes=130944 descriptors=3071
FPGA Test DMA submit sequence=3072 mode=1 bank=0 bytes=128 ddr=0x80000
FPGA Test DMA retired and host pages verified sequence=3072
FPGA Test BULK tile verified region=1 bytes=134912 descriptors=3102
FPGA Test BULK tile verified region=1 bytes=138880 descriptors=3133
FPGA Test BULK tile verified region=1 bytes=142848 descriptors=3164
FPGA Test BULK tile verified region=1 bytes=146816 descriptors=3195
FPGA Test DMA submit sequence=3200 mode=1 bank=0 bytes=128 ddr=0x84000
FPGA Test DMA retired and host pages verified sequence=3200
FPGA Test BULK tile verified region=1 bytes=150784 descriptors=3226
FPGA Test BULK tile verified region=1 bytes=154752 descriptors=3257
FPGA Test BULK tile verified region=1 bytes=158720 descriptors=3288
FPGA Test BULK tile verified region=1 bytes=162688 descriptors=3319
FPGA Test DMA submit sequence=3328 mode=1 bank=0 bytes=128 ddr=0x88000
FPGA Test DMA retired and host pages verified sequence=3328
FPGA Test BULK tile verified region=1 bytes=166656 descriptors=3350
FPGA Test BULK tile verified region=1 bytes=170624 descriptors=3381
FPGA Test BULK tile verified region=1 bytes=174592 descriptors=3412
FPGA Test BULK tile verified region=1 bytes=178560 descriptors=3443
FPGA Test DMA submit sequence=3456 mode=1 bank=0 bytes=128 ddr=0x8c000
FPGA Test DMA retired and host pages verified sequence=3456
FPGA Test BULK tile verified region=1 bytes=182528 descriptors=3474
FPGA Test BULK tile verified region=1 bytes=186496 descriptors=3505
FPGA Test BULK tile verified region=1 bytes=190464 descriptors=3536
FPGA Test BULK tile verified region=1 bytes=194432 descriptors=3567
FPGA Test DMA submit sequence=3584 mode=1 bank=0 bytes=128 ddr=0x90000
FPGA Test DMA retired and host pages verified sequence=3584
FPGA Test BULK tile verified region=1 bytes=198400 descriptors=3598
FPGA Test BULK tile verified region=1 bytes=202368 descriptors=3629
FPGA Test BULK tile verified region=1 bytes=206336 descriptors=3660
FPGA Test BULK tile verified region=1 bytes=210304 descriptors=3691
FPGA Test DMA submit sequence=3712 mode=1 bank=0 bytes=128 ddr=0x94000
FPGA Test DMA retired and host pages verified sequence=3712
FPGA Test BULK tile verified region=1 bytes=214272 descriptors=3722
FPGA Test BULK tile verified region=1 bytes=218240 descriptors=3753
FPGA Test BULK tile verified region=1 bytes=222208 descriptors=3784
FPGA Test BULK tile verified region=1 bytes=226176 descriptors=3815
FPGA Test DMA submit sequence=3840 mode=1 bank=0 bytes=128 ddr=0x98000
FPGA Test DMA retired and host pages verified sequence=3840
FPGA Test BULK tile verified region=1 bytes=230144 descriptors=3846
FPGA Test BULK tile verified region=1 bytes=234112 descriptors=3877
FPGA Test BULK tile verified region=1 bytes=238080 descriptors=3908
FPGA Test BULK tile verified region=1 bytes=242048 descriptors=3939
FPGA Test DMA submit sequence=3968 mode=1 bank=0 bytes=128 ddr=0x9c000
FPGA Test DMA retired and host pages verified sequence=3968
FPGA Test BULK tile verified region=1 bytes=246016 descriptors=3970
FPGA Test BULK tile verified region=1 bytes=249984 descriptors=4001
FPGA Test BULK tile verified region=1 bytes=253952 descriptors=4032
FPGA Test BULK tile verified region=1 bytes=257920 descriptors=4063
FPGA Test BULK tile verified region=1 bytes=261888 descriptors=4094
FPGA Test BULK tile verified region=1 bytes=262144 descriptors=4096
FPGA Test DMA submit sequence=4096 mode=1 bank=1 bytes=64 ddr=0xffc0
FPGA Test DMA retired and host pages verified sequence=4096
FPGA Test BULK tile verified region=2 bytes=3968 descriptors=4128
FPGA Test BULK tile verified region=2 bytes=7936 descriptors=4160
FPGA Test BULK tile verified region=2 bytes=11904 descriptors=4192
FPGA Test BULK tile verified region=2 bytes=15872 descriptors=4224
FPGA Test DMA submit sequence=4224 mode=1 bank=1 bytes=128 ddr=0x13dc0
FPGA Test DMA retired and host pages verified sequence=4224
FPGA Test BULK tile verified region=2 bytes=19840 descriptors=4256
FPGA Test BULK tile verified region=2 bytes=23808 descriptors=4288
FPGA Test BULK tile verified region=2 bytes=27776 descriptors=4320
FPGA Test BULK tile verified region=2 bytes=31744 descriptors=4352
FPGA Test DMA submit sequence=4352 mode=1 bank=1 bytes=128 ddr=0x17bc0
FPGA Test DMA retired and host pages verified sequence=4352
FPGA Test BULK tile verified region=2 bytes=35712 descriptors=4384
FPGA Test BULK tile verified region=2 bytes=39680 descriptors=4416
FPGA Test BULK tile verified region=2 bytes=43648 descriptors=4448
FPGA Test BULK tile verified region=2 bytes=47616 descriptors=4480
FPGA Test DMA submit sequence=4480 mode=1 bank=1 bytes=128 ddr=0x1b9c0
FPGA Test DMA retired and host pages verified sequence=4480
FPGA Test BULK tile verified region=2 bytes=51584 descriptors=4512
FPGA Test BULK tile verified region=2 bytes=55552 descriptors=4544
FPGA Test BULK tile verified region=2 bytes=59520 descriptors=4576
FPGA Test BULK tile verified region=2 bytes=63488 descriptors=4608
FPGA Test DMA submit sequence=4608 mode=1 bank=1 bytes=128 ddr=0x1f7c0
FPGA Test DMA retired and host pages verified sequence=4608
FPGA Test BULK tile verified region=2 bytes=67456 descriptors=4640
FPGA Test BULK tile verified region=2 bytes=71424 descriptors=4672
FPGA Test BULK tile verified region=2 bytes=75392 descriptors=4704
FPGA Test BULK tile verified region=2 bytes=79360 descriptors=4736
FPGA Test DMA submit sequence=4736 mode=1 bank=1 bytes=128 ddr=0x235c0
FPGA Test DMA retired and host pages verified sequence=4736
FPGA Test BULK tile verified region=2 bytes=83328 descriptors=4768
FPGA Test BULK tile verified region=2 bytes=87296 descriptors=4800
FPGA Test BULK tile verified region=2 bytes=91264 descriptors=4832
FPGA Test BULK tile verified region=2 bytes=95232 descriptors=4864
FPGA Test DMA submit sequence=4864 mode=1 bank=1 bytes=128 ddr=0x273c0
FPGA Test DMA retired and host pages verified sequence=4864
FPGA Test BULK tile verified region=2 bytes=99200 descriptors=4896
FPGA Test BULK tile verified region=2 bytes=103168 descriptors=4928
FPGA Test BULK tile verified region=2 bytes=107136 descriptors=4960
FPGA Test BULK tile verified region=2 bytes=111104 descriptors=4992
FPGA Test DMA submit sequence=4992 mode=1 bank=1 bytes=128 ddr=0x2b1c0
FPGA Test DMA retired and host pages verified sequence=4992
FPGA Test BULK tile verified region=2 bytes=115072 descriptors=5024
FPGA Test BULK tile verified region=2 bytes=119040 descriptors=5056
FPGA Test BULK tile verified region=2 bytes=123008 descriptors=5088
FPGA Test BULK tile verified region=2 bytes=126976 descriptors=5119
FPGA Test DMA submit sequence=5120 mode=1 bank=1 bytes=128 ddr=0x2f000
FPGA Test DMA retired and host pages verified sequence=5120
FPGA Test BULK tile verified region=2 bytes=130944 descriptors=5151
FPGA Test BULK tile verified region=2 bytes=134912 descriptors=5183
FPGA Test BULK tile verified region=2 bytes=138880 descriptors=5215
FPGA Test BULK tile verified region=2 bytes=142848 descriptors=5247
FPGA Test DMA submit sequence=5248 mode=1 bank=1 bytes=128 ddr=0x32e40
FPGA Test DMA retired and host pages verified sequence=5248
FPGA Test BULK tile verified region=2 bytes=146816 descriptors=5279
FPGA Test BULK tile verified region=2 bytes=150784 descriptors=5311
FPGA Test BULK tile verified region=2 bytes=154752 descriptors=5343
FPGA Test BULK tile verified region=2 bytes=158720 descriptors=5375
FPGA Test DMA submit sequence=5376 mode=1 bank=1 bytes=128 ddr=0x36c40
FPGA Test DMA retired and host pages verified sequence=5376
FPGA Test BULK tile verified region=2 bytes=162688 descriptors=5407
FPGA Test BULK tile verified region=2 bytes=166656 descriptors=5439
FPGA Test BULK tile verified region=2 bytes=170624 descriptors=5471
FPGA Test BULK tile verified region=2 bytes=174592 descriptors=5503
FPGA Test DMA submit sequence=5504 mode=1 bank=1 bytes=128 ddr=0x3aa40
FPGA Test DMA retired and host pages verified sequence=5504
FPGA Test BULK tile verified region=2 bytes=178560 descriptors=5535
FPGA Test BULK tile verified region=2 bytes=182528 descriptors=5567
FPGA Test BULK tile verified region=2 bytes=186496 descriptors=5599
FPGA Test BULK tile verified region=2 bytes=190464 descriptors=5631
FPGA Test DMA submit sequence=5632 mode=1 bank=1 bytes=128 ddr=0x3e840
FPGA Test DMA retired and host pages verified sequence=5632
FPGA Test BULK tile verified region=2 bytes=194432 descriptors=5663
FPGA Test BULK tile verified region=2 bytes=198400 descriptors=5695
FPGA Test BULK tile verified region=2 bytes=202368 descriptors=5727
FPGA Test BULK tile verified region=2 bytes=206336 descriptors=5759
FPGA Test DMA submit sequence=5760 mode=1 bank=1 bytes=128 ddr=0x42640
FPGA Test DMA retired and host pages verified sequence=5760
FPGA Test BULK tile verified region=2 bytes=210304 descriptors=5791
FPGA Test BULK tile verified region=2 bytes=214272 descriptors=5823
FPGA Test BULK tile verified region=2 bytes=218240 descriptors=5855
FPGA Test BULK tile verified region=2 bytes=222208 descriptors=5887
FPGA Test DMA submit sequence=5888 mode=1 bank=1 bytes=128 ddr=0x46440
FPGA Test DMA retired and host pages verified sequence=5888
FPGA Test BULK tile verified region=2 bytes=226176 descriptors=5919
FPGA Test BULK tile verified region=2 bytes=230144 descriptors=5951
FPGA Test BULK tile verified region=2 bytes=234112 descriptors=5983
FPGA Test BULK tile verified region=2 bytes=238080 descriptors=6015
FPGA Test DMA submit sequence=6016 mode=1 bank=1 bytes=128 ddr=0x4a240
FPGA Test DMA retired and host pages verified sequence=6016
FPGA Test BULK tile verified region=2 bytes=242048 descriptors=6047
FPGA Test BULK tile verified region=2 bytes=246016 descriptors=6079
FPGA Test BULK tile verified region=2 bytes=249984 descriptors=6111
FPGA Test BULK tile verified region=2 bytes=253952 descriptors=6142
FPGA Test DMA submit sequence=6144 mode=1 bank=1 bytes=128 ddr=0x4e080
FPGA Test DMA retired and host pages verified sequence=6144
FPGA Test BULK tile verified region=2 bytes=257920 descriptors=6174
FPGA Test BULK tile verified region=2 bytes=261888 descriptors=6206
FPGA Test BULK tile verified region=2 bytes=262272 descriptors=6210
FPGA Test HLS ticket=1 completion=0x10002
FPGA Test BULK tile verified region=3 bytes=3968 descriptors=6242
FPGA Test DMA submit sequence=6272 mode=2 bank=1 bytes=128 ddr=0x11e00
FPGA Test DMA retired and host pages verified sequence=6272
FPGA Test BULK tile verified region=3 bytes=7936 descriptors=6274
FPGA Test BULK tile verified region=3 bytes=11904 descriptors=6306
FPGA Test BULK tile verified region=3 bytes=15872 descriptors=6338
FPGA Test BULK tile verified region=3 bytes=19840 descriptors=6370
FPGA Test DMA submit sequence=6400 mode=2 bank=1 bytes=128 ddr=0x15c00
FPGA Test DMA retired and host pages verified sequence=6400
FPGA Test BULK tile verified region=3 bytes=23808 descriptors=6402
FPGA Test BULK tile verified region=3 bytes=27776 descriptors=6434
FPGA Test BULK tile verified region=3 bytes=31744 descriptors=6466
FPGA Test BULK tile verified region=3 bytes=35712 descriptors=6498
FPGA Test DMA submit sequence=6528 mode=2 bank=1 bytes=128 ddr=0x19a00
FPGA Test DMA retired and host pages verified sequence=6528
FPGA Test BULK tile verified region=3 bytes=39680 descriptors=6530
FPGA Test BULK tile verified region=3 bytes=43648 descriptors=6562
FPGA Test BULK tile verified region=3 bytes=47616 descriptors=6594
FPGA Test BULK tile verified region=3 bytes=51584 descriptors=6626
FPGA Test DMA submit sequence=6656 mode=2 bank=1 bytes=128 ddr=0x1d800
FPGA Test DMA retired and host pages verified sequence=6656
FPGA Test BULK tile verified region=3 bytes=55552 descriptors=6658
FPGA Test BULK tile verified region=3 bytes=59520 descriptors=6690
FPGA Test BULK tile verified region=3 bytes=63488 descriptors=6722
FPGA Test BULK tile verified region=3 bytes=67456 descriptors=6754
FPGA Test DMA submit sequence=6784 mode=2 bank=1 bytes=128 ddr=0x21600
FPGA Test DMA retired and host pages verified sequence=6784
FPGA Test BULK tile verified region=3 bytes=71424 descriptors=6786
FPGA Test BULK tile verified region=3 bytes=75392 descriptors=6818
FPGA Test BULK tile verified region=3 bytes=79360 descriptors=6850
FPGA Test BULK tile verified region=3 bytes=83328 descriptors=6882
FPGA Test DMA submit sequence=6912 mode=2 bank=1 bytes=128 ddr=0x25400
FPGA Test DMA retired and host pages verified sequence=6912
FPGA Test BULK tile verified region=3 bytes=87296 descriptors=6914
FPGA Test BULK tile verified region=3 bytes=91264 descriptors=6946
FPGA Test BULK tile verified region=3 bytes=95232 descriptors=6978
FPGA Test BULK tile verified region=3 bytes=99200 descriptors=7010
FPGA Test DMA submit sequence=7040 mode=2 bank=1 bytes=128 ddr=0x29200
FPGA Test DMA retired and host pages verified sequence=7040
FPGA Test BULK tile verified region=3 bytes=103168 descriptors=7042
FPGA Test BULK tile verified region=3 bytes=107136 descriptors=7074
FPGA Test BULK tile verified region=3 bytes=111104 descriptors=7106
FPGA Test BULK tile verified region=3 bytes=115072 descriptors=7138
FPGA Test DMA submit sequence=7168 mode=2 bank=1 bytes=128 ddr=0x2d000
FPGA Test DMA retired and host pages verified sequence=7168
FPGA Test BULK tile verified region=3 bytes=119040 descriptors=7170
FPGA Test BULK tile verified region=3 bytes=123008 descriptors=7202
FPGA Test BULK tile verified region=3 bytes=126976 descriptors=7233
FPGA Test BULK tile verified region=3 bytes=130944 descriptors=7265
FPGA Test DMA submit sequence=7296 mode=2 bank=1 bytes=64 ddr=0x30e80
FPGA Test DMA retired and host pages verified sequence=7296
FPGA Test BULK tile verified region=3 bytes=134912 descriptors=7297
FPGA Test BULK tile verified region=3 bytes=138880 descriptors=7329
FPGA Test BULK tile verified region=3 bytes=142848 descriptors=7361
FPGA Test BULK tile verified region=3 bytes=146816 descriptors=7393
FPGA Test DMA submit sequence=7424 mode=2 bank=1 bytes=64 ddr=0x34c80
FPGA Test DMA retired and host pages verified sequence=7424
FPGA Test BULK tile verified region=3 bytes=150784 descriptors=7425
FPGA Test BULK tile verified region=3 bytes=154752 descriptors=7457
FPGA Test BULK tile verified region=3 bytes=158720 descriptors=7489
FPGA Test BULK tile verified region=3 bytes=162688 descriptors=7521
FPGA Test DMA submit sequence=7552 mode=2 bank=1 bytes=64 ddr=0x38a80
FPGA Test DMA retired and host pages verified sequence=7552
FPGA Test BULK tile verified region=3 bytes=166656 descriptors=7553
FPGA Test BULK tile verified region=3 bytes=170624 descriptors=7585
FPGA Test BULK tile verified region=3 bytes=174592 descriptors=7617
FPGA Test BULK tile verified region=3 bytes=178560 descriptors=7649
FPGA Test DMA submit sequence=7680 mode=2 bank=1 bytes=64 ddr=0x3c880
FPGA Test DMA retired and host pages verified sequence=7680
FPGA Test BULK tile verified region=3 bytes=182528 descriptors=7681
FPGA Test BULK tile verified region=3 bytes=186496 descriptors=7713
FPGA Test BULK tile verified region=3 bytes=190464 descriptors=7745
FPGA Test BULK tile verified region=3 bytes=194432 descriptors=7777
FPGA Test DMA submit sequence=7808 mode=2 bank=1 bytes=64 ddr=0x40680
FPGA Test DMA retired and host pages verified sequence=7808
FPGA Test BULK tile verified region=3 bytes=198400 descriptors=7809
FPGA Test BULK tile verified region=3 bytes=202368 descriptors=7841
FPGA Test BULK tile verified region=3 bytes=206336 descriptors=7873
FPGA Test BULK tile verified region=3 bytes=210304 descriptors=7905
FPGA Test DMA submit sequence=7936 mode=2 bank=1 bytes=64 ddr=0x44480
FPGA Test DMA retired and host pages verified sequence=7936
FPGA Test BULK tile verified region=3 bytes=214272 descriptors=7937
FPGA Test BULK tile verified region=3 bytes=218240 descriptors=7969
FPGA Test BULK tile verified region=3 bytes=222208 descriptors=8001
FPGA Test BULK tile verified region=3 bytes=226176 descriptors=8033
FPGA Test DMA submit sequence=8064 mode=2 bank=1 bytes=64 ddr=0x48280
FPGA Test DMA retired and host pages verified sequence=8064
FPGA Test BULK tile verified region=3 bytes=230144 descriptors=8065
FPGA Test BULK tile verified region=3 bytes=234112 descriptors=8097
FPGA Test BULK tile verified region=3 bytes=238080 descriptors=8129
FPGA Test BULK tile verified region=3 bytes=242048 descriptors=8161
FPGA Test DMA submit sequence=8192 mode=2 bank=1 bytes=64 ddr=0x4c080
FPGA Test DMA retired and host pages verified sequence=8192
FPGA Test BULK tile verified region=3 bytes=246016 descriptors=8193
FPGA Test BULK tile verified region=3 bytes=249984 descriptors=8225
FPGA Test BULK tile verified region=3 bytes=253952 descriptors=8256
FPGA Test BULK tile verified region=3 bytes=257920 descriptors=8288
FPGA Test BULK tile verified region=3 bytes=261888 descriptors=8320
FPGA Test DMA submit sequence=8320 mode=2 bank=1 bytes=128 ddr=0x4fec0
FPGA Test DMA retired and host pages verified sequence=8320
FPGA Test BULK tile verified region=3 bytes=262272 descriptors=8324
FPGA Test CAPS03 BULK PASSED: integers=65536 result_bytes=262144 guard_bytes=128 descriptors=8324 verified_payload_and_guards=1
Source-supported concurrent streaming workload; no measured wire overlap or full-DDR/minutes claim. Lifecycle acceptance is separate.
