COMPILE AUTHORIZATION ISSUED; NOT STARTED 42cb4974f9e6aba80aa25e5df385de1faac09251dd6695123448d0db931127be
AUTHORIZATION_READBACK_PASS; EXEC_REVIEWED_RUNNER
{
  "state": "finished",
  "started": "2026-09-22T04:34:56.210165+00:00",
  "runner_pid": 7618,
  "argv": [
    "./ofs-common/scripts/common/syn/build_top.sh",
    "--stage=compile",
    "-k",
    "-p",
    "ia840f",
    "/home/uwb_student00/ahls/new_BSP/work_ia840f_fim_14"
  ],
  "cwd": "/home/uwb_student00/ahls/new_BSP/ofs-agx7-pcie-attach",
  "authorization_sha256": "42cb4974f9e6aba80aa25e5df385de1faac09251dd6695123448d0db931127be",
  "ready_for_build": false,
  "accepted_execution": true,
  "ddr_simulation": "SKIPPED BY USER",
  "functional_acceptance": false,
  "native_pid": 7625,
  "ended": "2026-09-22T05:27:14.860307+00:00",
  "native_returncode": 0,
  "gate_rejection": false,
  "native_exit_accepted": true,
  "compile_fit_assembly_timing_acceptance": "PENDING REPORT REVIEW"
}
