SDC Constraints report for ofs_pr_afu
Wed Sep 23 09:41:49 2026
Quartus Prime Version 25.1.0 Build 129 03/26/2025 SC Pro Edition


---------------------
; Table of Contents ;
---------------------
  1. Post-Elaboration Constraints
  2. Post-Synthesis Constraints



+--------------------------------------------------------------------------------------------------------------------------------------------------------+
; Post-Elaboration Constraints                                                                                                                           ;
+---------------+--------------------------+-------------------------------------------------------------------------------------------------+-----------+
; Constraint ID ; Command                  ; Value and Target Options                                                                        ; File Name ;
+---------------+--------------------------+-------------------------------------------------------------------------------------------------+-----------+
; 0             ; SDC::stmt_of_source_file ; [-qip] { dni/sandboxes/Agilex7Workstation_119824_0/sld/ipgen/alt_sld_fab_1/alt_sld_fab_1.qip }  ; :0        ;
+---------------+--------------------------+-------------------------------------------------------------------------------------------------+-----------+


+--------------------------------------------------------------------------------------------------------------------------------------------------------+
; Post-Synthesis Constraints                                                                                                                             ;
+---------------+--------------------------+-------------------------------------------------------------------------------------------------+-----------+
; Constraint ID ; Command                  ; Value and Target Options                                                                        ; File Name ;
+---------------+--------------------------+-------------------------------------------------------------------------------------------------+-----------+
; 0             ; SDC::stmt_of_source_file ; [-qip] { dni/sandboxes/Agilex7Workstation_119824_0/sld/ipgen/alt_sld_fab_1/alt_sld_fab_1.qip }  ; :0        ;
+---------------+--------------------------+-------------------------------------------------------------------------------------------------+-----------+


