Info: *******************************************************************
Info: Running Quartus Prime Synthesis
    Info: Version 25.1.0 Build 129 03/26/2025 SC Pro Edition
    Info: Copyright (C) 2025  Altera Corporation. All rights reserved.
    Info: Your use of Altera Corporation's design tools, logic functions 
    Info: and other software and tools, and any partner logic 
    Info: functions, and any output files from any of the foregoing 
    Info: (including device programming or simulation files), and any 
    Info: associated documentation or information are expressly subject 
    Info: to the terms and conditions of the Altera Program License 
    Info: Subscription Agreement, the Altera Quartus Prime License Agreement,
    Info: the Altera IP License Agreement, or other applicable license
    Info: agreement, including, without limitation, that your use is for
    Info: the sole purpose of programming logic devices manufactured by
    Info: Altera and sold by Altera or its authorized distributors.  Please
    Info: refer to the Altera Software License Subscription Agreements 
    Info: on the Quartus Prime software download page.
    Info: Processing started: Wed Sep 23 01:23:17 2026
    Info: System process ID: 96936
Info: Command: quartus_syn --analysis_and_elaboration --read_settings_files=on --write_settings_files=off ahls_memory_fabric_elab -c ahls_memory_fabric_elab
Info: qis_default_flow_script.tcl version: #1
Info: Initializing Synthesis...
Info: Project = "ahls_memory_fabric_elab"
Info: Revision = "ahls_memory_fabric_elab"
Info (21958): Initialized Quartus Message Database
Info: Analyzing source files
Info (16884): Verilog HDL info at hld_fifo.sv(146): analyzing included file generated/ip/ahls_memory_fabric/ahls_memory_fabric_fabric/mmhost_ia840f_report_di_10/synth/acl_parameter_assert.svh File: /home/uwb_student00/ahls/new_BSP/work_ahls_memory_fabric_elab25_01/elab01/generated/ip/ahls_memory_fabric/ahls_memory_fabric_fabric/mmhost_ia840f_report_di_10/synth/hld_fifo.sv Line: 146
Info (19624): Verilog HDL info at hld_fifo.sv(146): back to file 'generated/ip/ahls_memory_fabric/ahls_memory_fabric_fabric/mmhost_ia840f_report_di_10/synth/hld_fifo.sv' File: /home/uwb_student00/ahls/new_BSP/work_ahls_memory_fabric_elab25_01/elab01/generated/ip/ahls_memory_fabric/ahls_memory_fabric_fabric/mmhost_ia840f_report_di_10/synth/hld_fifo.sv Line: 146
Info (16884): Verilog HDL info at acl_mid_speed_fifo.sv(85): analyzing included file generated/ip/ahls_memory_fabric/ahls_memory_fabric_fabric/mmhost_ia840f_report_di_10/synth/acl_parameter_assert.svh File: /home/uwb_student00/ahls/new_BSP/work_ahls_memory_fabric_elab25_01/elab01/generated/ip/ahls_memory_fabric/ahls_memory_fabric_fabric/mmhost_ia840f_report_di_10/synth/acl_mid_speed_fifo.sv Line: 85
Info (19624): Verilog HDL info at acl_mid_speed_fifo.sv(85): back to file 'generated/ip/ahls_memory_fabric/ahls_memory_fabric_fabric/mmhost_ia840f_report_di_10/synth/acl_mid_speed_fifo.sv' File: /home/uwb_student00/ahls/new_BSP/work_ahls_memory_fabric_elab25_01/elab01/generated/ip/ahls_memory_fabric/ahls_memory_fabric_fabric/mmhost_ia840f_report_di_10/synth/acl_mid_speed_fifo.sv Line: 85
Info (16884): Verilog HDL info at acl_mlab_fifo.sv(32): analyzing included file generated/ip/ahls_memory_fabric/ahls_memory_fabric_fabric/mmhost_ia840f_report_di_10/synth/acl_parameter_assert.svh File: /home/uwb_student00/ahls/new_BSP/work_ahls_memory_fabric_elab25_01/elab01/generated/ip/ahls_memory_fabric/ahls_memory_fabric_fabric/mmhost_ia840f_report_di_10/synth/acl_mlab_fifo.sv Line: 32
Info (19624): Verilog HDL info at acl_mlab_fifo.sv(32): back to file 'generated/ip/ahls_memory_fabric/ahls_memory_fabric_fabric/mmhost_ia840f_report_di_10/synth/acl_mlab_fifo.sv' File: /home/uwb_student00/ahls/new_BSP/work_ahls_memory_fabric_elab25_01/elab01/generated/ip/ahls_memory_fabric/ahls_memory_fabric_fabric/mmhost_ia840f_report_di_10/synth/acl_mlab_fifo.sv Line: 32
Info (16884): Verilog HDL info at acl_loop_admit.sv(171): analyzing included file generated/ip/ahls_memory_fabric/ahls_memory_fabric_fabric/mmhost_ia840f_report_di_10/synth/acl_parameter_assert.svh File: /home/uwb_student00/ahls/new_BSP/work_ahls_memory_fabric_elab25_01/elab01/generated/ip/ahls_memory_fabric/ahls_memory_fabric_fabric/mmhost_ia840f_report_di_10/synth/acl_loop_admit.sv Line: 171
Info (19624): Verilog HDL info at acl_loop_admit.sv(171): back to file 'generated/ip/ahls_memory_fabric/ahls_memory_fabric_fabric/mmhost_ia840f_report_di_10/synth/acl_loop_admit.sv' File: /home/uwb_student00/ahls/new_BSP/work_ahls_memory_fabric_elab25_01/elab01/generated/ip/ahls_memory_fabric/ahls_memory_fabric_fabric/mmhost_ia840f_report_di_10/synth/acl_loop_admit.sv Line: 171
Info (16884): Verilog HDL info at hld_global_load_store.sv(66): analyzing included file generated/ip/ahls_memory_fabric/ahls_memory_fabric_fabric/mmhost_ia840f_report_di_10/synth/acl_parameter_assert.svh File: /home/uwb_student00/ahls/new_BSP/work_ahls_memory_fabric_elab25_01/elab01/generated/ip/ahls_memory_fabric/ahls_memory_fabric_fabric/mmhost_ia840f_report_di_10/synth/hld_global_load_store.sv Line: 66
Info (19624): Verilog HDL info at hld_global_load_store.sv(66): back to file 'generated/ip/ahls_memory_fabric/ahls_memory_fabric_fabric/mmhost_ia840f_report_di_10/synth/hld_global_load_store.sv' File: /home/uwb_student00/ahls/new_BSP/work_ahls_memory_fabric_elab25_01/elab01/generated/ip/ahls_memory_fabric/ahls_memory_fabric_fabric/mmhost_ia840f_report_di_10/synth/hld_global_load_store.sv Line: 66
Warning (17498): Verilog HDL warning at lsu_rd_back.sv(416): parameter 'AVM_READ_REQ_FIFO_AF_THRESHOLD' declared inside generate block shall be treated as localparam File: /home/uwb_student00/ahls/new_BSP/work_ahls_memory_fabric_elab25_01/elab01/generated/ip/ahls_memory_fabric/ahls_memory_fabric_fabric/mmhost_ia840f_report_di_10/synth/lsu_rd_back.sv Line: 416
Critical Warning (20759): Use the Reset Release IP in Intel Agilex 7 FPGA designs to ensure a successful configuration. For more information about the Reset Release IP, refer to the Configuration User Guide.
Info: Elaborating from top-level entity "ahls_memory_fabric"
Info (18235): Library search order is as follows: "ahls_memory_fabric; mmhost_ia840f_report_di_10; altera_axi_bridge_1993; altera_merlin_axi_translator_1974; altera_merlin_slave_translator_191; altera_merlin_axi_master_ni_19100; altera_avalon_sc_fifo_1932; altera_merlin_axi_slave_ni_19112; altera_avalon_st_pipeline_stage_1930; altera_merlin_slave_agent_1930; altera_merlin_router_1921; altera_merlin_burst_adapter_1940; altera_merlin_demultiplexer_1921; altera_merlin_multiplexer_1922; altera_mm_interconnect_1920; altera_merlin_master_translator_193; altera_merlin_master_agent_1931; altera_merlin_traffic_limiter_1921; altera_merlin_width_adapter_1950; altera_reset_controller_1924; ia840f_ahls_memory_fabric_10; ahls_memory_fabric_fabric". Quartus will look for undefined design units in your libraries in that order. To modify the ordering, please specify a semi-colon separated library list using the assignment LIBRARY_SEARCH_ORDER.
Info (22567): Verilog HDL info at mmhost_ia840f_report_di.sv(422): extracting RAM for identifier 'DDRIP_global_size' File: /home/uwb_student00/ahls/new_BSP/work_ahls_memory_fabric_elab25_01/elab01/generated/ip/ahls_memory_fabric/ahls_memory_fabric_fabric/mmhost_ia840f_report_di_10/synth/mmhost_ia840f_report_di.sv Line: 422
Info (22567): Verilog HDL info at mmhost_ia840f_report_di.sv(423): extracting RAM for identifier 'DDRIP_num_groups' File: /home/uwb_student00/ahls/new_BSP/work_ahls_memory_fabric_elab25_01/elab01/generated/ip/ahls_memory_fabric/ahls_memory_fabric_fabric/mmhost_ia840f_report_di_10/synth/mmhost_ia840f_report_di.sv Line: 423
Info (22567): Verilog HDL info at mmhost_ia840f_report_di.sv(424): extracting RAM for identifier 'DDRIP_local_size' File: /home/uwb_student00/ahls/new_BSP/work_ahls_memory_fabric_elab25_01/elab01/generated/ip/ahls_memory_fabric/ahls_memory_fabric_fabric/mmhost_ia840f_report_di_10/synth/mmhost_ia840f_report_di.sv Line: 424
Info (22567): Verilog HDL info at mmhost_ia840f_report_di.sv(425): extracting RAM for identifier 'DDRIP_global_offset' File: /home/uwb_student00/ahls/new_BSP/work_ahls_memory_fabric_elab25_01/elab01/generated/ip/ahls_memory_fabric/ahls_memory_fabric_fabric/mmhost_ia840f_report_di_10/synth/mmhost_ia840f_report_di.sv Line: 425
Info (22567): Verilog HDL info at mmhost_ia840f_report_di.sv(432): extracting RAM for identifier 'DDRIP_wg_disp_group_id_out' File: /home/uwb_student00/ahls/new_BSP/work_ahls_memory_fabric_elab25_01/elab01/generated/ip/ahls_memory_fabric/ahls_memory_fabric_fabric/mmhost_ia840f_report_di_10/synth/mmhost_ia840f_report_di.sv Line: 432
Info (22567): Verilog HDL info at mmhost_ia840f_report_di.sv(433): extracting RAM for identifier 'DDRIP_wg_disp_global_id_base_out' File: /home/uwb_student00/ahls/new_BSP/work_ahls_memory_fabric_elab25_01/elab01/generated/ip/ahls_memory_fabric/ahls_memory_fabric_fabric/mmhost_ia840f_report_di_10/synth/mmhost_ia840f_report_di.sv Line: 433
Warning (13469): Verilog HDL assignment warning at acl_full_detector.sv(186): truncated value with size 2 to match size of target (1) File: /home/uwb_student00/ahls/new_BSP/work_ahls_memory_fabric_elab25_01/elab01/generated/ip/ahls_memory_fabric/ahls_memory_fabric_fabric/mmhost_ia840f_report_di_10/synth/acl_full_detector.sv Line: 186
Warning (13469): Verilog HDL assignment warning at acl_full_detector.sv(199): truncated value with size 2 to match size of target (1) File: /home/uwb_student00/ahls/new_BSP/work_ahls_memory_fabric_elab25_01/elab01/generated/ip/ahls_memory_fabric/ahls_memory_fabric_fabric/mmhost_ia840f_report_di_10/synth/acl_full_detector.sv Line: 199
Warning (13469): Verilog HDL assignment warning at acl_full_detector.sv(201): truncated value with size 2 to match size of target (1) File: /home/uwb_student00/ahls/new_BSP/work_ahls_memory_fabric_elab25_01/elab01/generated/ip/ahls_memory_fabric/ahls_memory_fabric_fabric/mmhost_ia840f_report_di_10/synth/acl_full_detector.sv Line: 201
Warning (13469): Verilog HDL assignment warning at lsu_burst_coalesced_pipelined_read.sv(242): truncated value with size 30 to match size of target (29) File: /home/uwb_student00/ahls/new_BSP/work_ahls_memory_fabric_elab25_01/elab01/generated/ip/ahls_memory_fabric/ahls_memory_fabric_fabric/mmhost_ia840f_report_di_10/synth/lsu_burst_coalesced_pipelined_read.sv Line: 242
Warning (13469): Verilog HDL assignment warning at lsu_burst_coalesced_pipelined_read.sv(405): truncated value with size 32 to match size of target (4) File: /home/uwb_student00/ahls/new_BSP/work_ahls_memory_fabric_elab25_01/elab01/generated/ip/ahls_memory_fabric/ahls_memory_fabric_fabric/mmhost_ia840f_report_di_10/synth/lsu_burst_coalesced_pipelined_read.sv Line: 405
Warning (13469): Verilog HDL assignment warning at lsu_burst_coalesced_pipelined_read.sv(503): truncated value with size 5 to match size of target (4) File: /home/uwb_student00/ahls/new_BSP/work_ahls_memory_fabric_elab25_01/elab01/generated/ip/ahls_memory_fabric/ahls_memory_fabric_fabric/mmhost_ia840f_report_di_10/synth/lsu_burst_coalesced_pipelined_read.sv Line: 503
Warning (13469): Verilog HDL assignment warning at lsu_burst_coalesced_pipelined_read.sv(887): truncated value with size 32 to match size of target (3) File: /home/uwb_student00/ahls/new_BSP/work_ahls_memory_fabric_elab25_01/elab01/generated/ip/ahls_memory_fabric/ahls_memory_fabric_fabric/mmhost_ia840f_report_di_10/synth/lsu_burst_coalesced_pipelined_read.sv Line: 887
Warning (13469): Verilog HDL assignment warning at lsu_burst_coalesced_pipelined_read.sv(1130): truncated value with size 32 to match size of target (3) File: /home/uwb_student00/ahls/new_BSP/work_ahls_memory_fabric_elab25_01/elab01/generated/ip/ahls_memory_fabric/ahls_memory_fabric_fabric/mmhost_ia840f_report_di_10/synth/lsu_burst_coalesced_pipelined_read.sv Line: 1130
Warning (13469): Verilog HDL assignment warning at acl_full_detector.sv(186): truncated value with size 2 to match size of target (1) File: /home/uwb_student00/ahls/new_BSP/work_ahls_memory_fabric_elab25_01/elab01/generated/ip/ahls_memory_fabric/ahls_memory_fabric_fabric/mmhost_ia840f_report_di_10/synth/acl_full_detector.sv Line: 186
Warning (13469): Verilog HDL assignment warning at acl_full_detector.sv(199): truncated value with size 2 to match size of target (1) File: /home/uwb_student00/ahls/new_BSP/work_ahls_memory_fabric_elab25_01/elab01/generated/ip/ahls_memory_fabric/ahls_memory_fabric_fabric/mmhost_ia840f_report_di_10/synth/acl_full_detector.sv Line: 199
Warning (13469): Verilog HDL assignment warning at acl_full_detector.sv(201): truncated value with size 2 to match size of target (1) File: /home/uwb_student00/ahls/new_BSP/work_ahls_memory_fabric_elab25_01/elab01/generated/ip/ahls_memory_fabric/ahls_memory_fabric_fabric/mmhost_ia840f_report_di_10/synth/acl_full_detector.sv Line: 201
Warning (13469): Verilog HDL assignment warning at acl_sync.sv(682): truncated value with size 5 to match size of target (4) File: /home/uwb_student00/ahls/new_BSP/work_ahls_memory_fabric_elab25_01/elab01/generated/ip/ahls_memory_fabric/ahls_memory_fabric_fabric/mmhost_ia840f_report_di_10/synth/acl_sync.sv Line: 682
Warning (13469): Verilog HDL assignment warning at lsu_burst_coalesced_pipelined_write.sv(275): truncated value with size 30 to match size of target (29) File: /home/uwb_student00/ahls/new_BSP/work_ahls_memory_fabric_elab25_01/elab01/generated/ip/ahls_memory_fabric/ahls_memory_fabric_fabric/mmhost_ia840f_report_di_10/synth/lsu_burst_coalesced_pipelined_write.sv Line: 275
Warning (13469): Verilog HDL assignment warning at lsu_burst_coalesced_pipelined_write.sv(466): truncated value with size 32 to match size of target (4) File: /home/uwb_student00/ahls/new_BSP/work_ahls_memory_fabric_elab25_01/elab01/generated/ip/ahls_memory_fabric/ahls_memory_fabric_fabric/mmhost_ia840f_report_di_10/synth/lsu_burst_coalesced_pipelined_write.sv Line: 466
Warning (13469): Verilog HDL assignment warning at lsu_burst_coalesced_pipelined_write.sv(575): truncated value with size 5 to match size of target (4) File: /home/uwb_student00/ahls/new_BSP/work_ahls_memory_fabric_elab25_01/elab01/generated/ip/ahls_memory_fabric/ahls_memory_fabric_fabric/mmhost_ia840f_report_di_10/synth/lsu_burst_coalesced_pipelined_write.sv Line: 575
Warning (13469): Verilog HDL assignment warning at lsu_burst_coalesced_pipelined_write.sv(951): truncated value with size 32 to match size of target (3) File: /home/uwb_student00/ahls/new_BSP/work_ahls_memory_fabric_elab25_01/elab01/generated/ip/ahls_memory_fabric/ahls_memory_fabric_fabric/mmhost_ia840f_report_di_10/synth/lsu_burst_coalesced_pipelined_write.sv Line: 951
Warning (13469): Verilog HDL assignment warning at acl_has_pending_write.sv(87): truncated value with size 14 to match size of target (13) File: /home/uwb_student00/ahls/new_BSP/work_ahls_memory_fabric_elab25_01/elab01/generated/ip/ahls_memory_fabric/ahls_memory_fabric_fabric/mmhost_ia840f_report_di_10/synth/acl_has_pending_write.sv Line: 87
Warning (13469): Verilog HDL assignment warning at acl_has_pending_write.sv(89): truncated value with size 32 to match size of target (13) File: /home/uwb_student00/ahls/new_BSP/work_ahls_memory_fabric_elab25_01/elab01/generated/ip/ahls_memory_fabric/ahls_memory_fabric_fabric/mmhost_ia840f_report_di_10/synth/acl_has_pending_write.sv Line: 89
Warning (13469): Verilog HDL assignment warning at acl_full_detector.sv(186): truncated value with size 2 to match size of target (1) File: /home/uwb_student00/ahls/new_BSP/work_ahls_memory_fabric_elab25_01/elab01/generated/ip/ahls_memory_fabric/ahls_memory_fabric_fabric/mmhost_ia840f_report_di_10/synth/acl_full_detector.sv Line: 186
Warning (13469): Verilog HDL assignment warning at acl_full_detector.sv(199): truncated value with size 2 to match size of target (1) File: /home/uwb_student00/ahls/new_BSP/work_ahls_memory_fabric_elab25_01/elab01/generated/ip/ahls_memory_fabric/ahls_memory_fabric_fabric/mmhost_ia840f_report_di_10/synth/acl_full_detector.sv Line: 199
Warning (13469): Verilog HDL assignment warning at acl_full_detector.sv(201): truncated value with size 2 to match size of target (1) File: /home/uwb_student00/ahls/new_BSP/work_ahls_memory_fabric_elab25_01/elab01/generated/ip/ahls_memory_fabric/ahls_memory_fabric_fabric/mmhost_ia840f_report_di_10/synth/acl_full_detector.sv Line: 201
Warning (13469): Verilog HDL assignment warning at acl_loop_admit.sv(403): truncated value with size 2 to match size of target (1) File: /home/uwb_student00/ahls/new_BSP/work_ahls_memory_fabric_elab25_01/elab01/generated/ip/ahls_memory_fabric/ahls_memory_fabric_fabric/mmhost_ia840f_report_di_10/synth/acl_loop_admit.sv Line: 403
Warning (13469): Verilog HDL assignment warning at acl_loop_admit.sv(408): truncated value with size 2 to match size of target (1) File: /home/uwb_student00/ahls/new_BSP/work_ahls_memory_fabric_elab25_01/elab01/generated/ip/ahls_memory_fabric/ahls_memory_fabric_fabric/mmhost_ia840f_report_di_10/synth/acl_loop_admit.sv Line: 408
Warning (13469): Verilog HDL assignment warning at acl_loop_admit.sv(675): truncated value with size 2 to match size of target (1) File: /home/uwb_student00/ahls/new_BSP/work_ahls_memory_fabric_elab25_01/elab01/generated/ip/ahls_memory_fabric/ahls_memory_fabric_fabric/mmhost_ia840f_report_di_10/synth/acl_loop_admit.sv Line: 675
Warning (13469): Verilog HDL assignment warning at lsu_token_ring.sv(1635): truncated value with size 3 to match size of target (2) File: /home/uwb_student00/ahls/new_BSP/work_ahls_memory_fabric_elab25_01/elab01/generated/ip/ahls_memory_fabric/ahls_memory_fabric_fabric/mmhost_ia840f_report_di_10/synth/lsu_token_ring.sv Line: 1635
Warning (13469): Verilog HDL assignment warning at lsu_token_ring.sv(1658): truncated value with size 3 to match size of target (2) File: /home/uwb_student00/ahls/new_BSP/work_ahls_memory_fabric_elab25_01/elab01/generated/ip/ahls_memory_fabric/ahls_memory_fabric_fabric/mmhost_ia840f_report_di_10/synth/lsu_token_ring.sv Line: 1658
Warning (13469): Verilog HDL assignment warning at lsu_n_fast.sv(177): truncated value with size 322 to match size of target (34) File: /home/uwb_student00/ahls/new_BSP/work_ahls_memory_fabric_elab25_01/elab01/generated/ip/ahls_memory_fabric/ahls_memory_fabric_fabric/mmhost_ia840f_report_di_10/synth/lsu_n_fast.sv Line: 177
Warning (13469): Verilog HDL assignment warning at lsu_n_fast.sv(242): truncated value with size 32 to match size of target (3) File: /home/uwb_student00/ahls/new_BSP/work_ahls_memory_fabric_elab25_01/elab01/generated/ip/ahls_memory_fabric/ahls_memory_fabric_fabric/mmhost_ia840f_report_di_10/synth/lsu_n_fast.sv Line: 242
Warning (16788): Net "early_avm_write" does not have a driver at lsu_n_token.sv(165) File: /home/uwb_student00/ahls/new_BSP/work_ahls_memory_fabric_elab25_01/elab01/generated/ip/ahls_memory_fabric/ahls_memory_fabric_fabric/mmhost_ia840f_report_di_10/synth/lsu_n_token.sv Line: 165
Info (22567): Verilog HDL info at lsu_rd_back.sv(423): extracting RAM for identifier 'returnDataFIFO_rdreq_pipe' File: /home/uwb_student00/ahls/new_BSP/work_ahls_memory_fabric_elab25_01/elab01/generated/ip/ahls_memory_fabric/ahls_memory_fabric_fabric/mmhost_ia840f_report_di_10/synth/lsu_rd_back.sv Line: 423
Info (22567): Verilog HDL info at lsu_rd_back.sv(537): extracting RAM for identifier 'data_valid_vine_output_pipeline' File: /home/uwb_student00/ahls/new_BSP/work_ahls_memory_fabric_elab25_01/elab01/generated/ip/ahls_memory_fabric/ahls_memory_fabric_fabric/mmhost_ia840f_report_di_10/synth/lsu_rd_back.sv Line: 537
Warning (16788): Net "returnDataFIFO_rdreq[1][0]" does not have a driver at lsu_rd_back.sv(513) File: /home/uwb_student00/ahls/new_BSP/work_ahls_memory_fabric_elab25_01/elab01/generated/ip/ahls_memory_fabric/ahls_memory_fabric_fabric/mmhost_ia840f_report_di_10/synth/lsu_rd_back.sv Line: 513
Warning (16788): Net "returnDataFIFO_empty[0]" does not have a driver at lsu_rd_back.sv(514) File: /home/uwb_student00/ahls/new_BSP/work_ahls_memory_fabric_elab25_01/elab01/generated/ip/ahls_memory_fabric/ahls_memory_fabric_fabric/mmhost_ia840f_report_di_10/synth/lsu_rd_back.sv Line: 514
Warning (16788): Net "GEN_HYPER_PIPELINE_1.write_root_fifo_data_out[0].base.id[-1]" does not have a driver at lsu_token_ring.sv(1052) File: /home/uwb_student00/ahls/new_BSP/work_ahls_memory_fabric_elab25_01/elab01/generated/ip/ahls_memory_fabric/ahls_memory_fabric_fabric/mmhost_ia840f_report_di_10/synth/lsu_token_ring.sv Line: 1052
Warning (16788): Net "GEN_HYPER_PIPELINE_1.ecc_err_status_write_ack_router[1]" does not have a driver at lsu_token_ring.sv(1217) File: /home/uwb_student00/ahls/new_BSP/work_ahls_memory_fabric_elab25_01/elab01/generated/ip/ahls_memory_fabric/ahls_memory_fabric_fabric/mmhost_ia840f_report_di_10/synth/lsu_token_ring.sv Line: 1217
Warning (16788): Net "GEN_HYPER_PIPELINE_1.id_af[0]" does not have a driver at lsu_token_ring.sv(1067) File: /home/uwb_student00/ahls/new_BSP/work_ahls_memory_fabric_elab25_01/elab01/generated/ip/ahls_memory_fabric/ahls_memory_fabric_fabric/mmhost_ia840f_report_di_10/synth/lsu_token_ring.sv Line: 1067
Warning (16788): Net "GEN_HYPER_PIPELINE_1.ecc_err_status_write_ack_router[1]" does not have a driver at lsu_token_ring.sv(1217) File: /home/uwb_student00/ahls/new_BSP/work_ahls_memory_fabric_elab25_01/elab01/generated/ip/ahls_memory_fabric/ahls_memory_fabric_fabric/mmhost_ia840f_report_di_10/synth/lsu_token_ring.sv Line: 1217
Warning (16788): Net "gmem_avm_kernel_rd_writeack[0]" does not have a driver at mmhost_ia840f_report_di.sv(87) File: /home/uwb_student00/ahls/new_BSP/work_ahls_memory_fabric_elab25_01/elab01/generated/ip/ahls_memory_fabric/ahls_memory_fabric_fabric/mmhost_ia840f_report_di_10/synth/mmhost_ia840f_report_di.sv Line: 87
Warning (16788): Net "gmem_avm_kernel_rd_ext_writeack[0]" does not have a driver at mmhost_ia840f_report_di.sv(88) File: /home/uwb_student00/ahls/new_BSP/work_ahls_memory_fabric_elab25_01/elab01/generated/ip/ahls_memory_fabric/ahls_memory_fabric_fabric/mmhost_ia840f_report_di_10/synth/mmhost_ia840f_report_di.sv Line: 88
Warning (16788): Net "gmem_ic_avm_writeack[0]" does not have a driver at mmhost_ia840f_report_di.sv(99) File: /home/uwb_student00/ahls/new_BSP/work_ahls_memory_fabric_elab25_01/elab01/generated/ip/ahls_memory_fabric/ahls_memory_fabric_fabric/mmhost_ia840f_report_di_10/synth/mmhost_ia840f_report_di.sv Line: 99
Warning (16788): Net "gmem1_2__avm_kernel_wr_readdata[0][255]" does not have a driver at mmhost_ia840f_report_di.sv(109) File: /home/uwb_student00/ahls/new_BSP/work_ahls_memory_fabric_elab25_01/elab01/generated/ip/ahls_memory_fabric/ahls_memory_fabric_fabric/mmhost_ia840f_report_di_10/synth/mmhost_ia840f_report_di.sv Line: 109
Warning (16788): Net "gmem1_2__avm_kernel_wr_readdatavalid[0]" does not have a driver at mmhost_ia840f_report_di.sv(110) File: /home/uwb_student00/ahls/new_BSP/work_ahls_memory_fabric_elab25_01/elab01/generated/ip/ahls_memory_fabric/ahls_memory_fabric_fabric/mmhost_ia840f_report_di_10/synth/mmhost_ia840f_report_di.sv Line: 110
Warning (16788): Net "gmem1_2__ic_avm_writeack[0]" does not have a driver at mmhost_ia840f_report_di.sv(124) File: /home/uwb_student00/ahls/new_BSP/work_ahls_memory_fabric_elab25_01/elab01/generated/ip/ahls_memory_fabric/ahls_memory_fabric_fabric/mmhost_ia840f_report_di_10/synth/mmhost_ia840f_report_di.sv Line: 124
Info (22567): Verilog HDL info at ahls_memory_fabric_fabric_altera_avalon_sc_fifo_1932_onpcouq.v(127): extracting RAM for identifier 'infer_mem' File: /home/uwb_student00/ahls/new_BSP/work_ahls_memory_fabric_elab25_01/elab01/generated/ip/ahls_memory_fabric/ahls_memory_fabric_fabric/altera_avalon_sc_fifo_1932/synth/ahls_memory_fabric_fabric_altera_avalon_sc_fifo_1932_onpcouq.v Line: 127
Info (22567): Verilog HDL info at ahls_memory_fabric_fabric_altera_avalon_sc_fifo_1932_onpcouq.v(127): extracting RAM for identifier 'infer_mem' File: /home/uwb_student00/ahls/new_BSP/work_ahls_memory_fabric_elab25_01/elab01/generated/ip/ahls_memory_fabric/ahls_memory_fabric_fabric/altera_avalon_sc_fifo_1932/synth/ahls_memory_fabric_fabric_altera_avalon_sc_fifo_1932_onpcouq.v Line: 127
Info (22567): Verilog HDL info at ahls_memory_fabric_fabric_altera_avalon_sc_fifo_1932_onpcouq.v(127): extracting RAM for identifier 'infer_mem' File: /home/uwb_student00/ahls/new_BSP/work_ahls_memory_fabric_elab25_01/elab01/generated/ip/ahls_memory_fabric/ahls_memory_fabric_fabric/altera_avalon_sc_fifo_1932/synth/ahls_memory_fabric_fabric_altera_avalon_sc_fifo_1932_onpcouq.v Line: 127
Info (22567): Verilog HDL info at ahls_memory_fabric_fabric_altera_merlin_width_adapter_1950_lvsui2a.sv(394): extracting RAM for identifier 'data_array' File: /home/uwb_student00/ahls/new_BSP/work_ahls_memory_fabric_elab25_01/elab01/generated/ip/ahls_memory_fabric/ahls_memory_fabric_fabric/altera_merlin_width_adapter_1950/synth/ahls_memory_fabric_fabric_altera_merlin_width_adapter_1950_lvsui2a.sv Line: 394
Info (22567): Verilog HDL info at ahls_memory_fabric_fabric_altera_merlin_width_adapter_1950_lvsui2a.sv(395): extracting RAM for identifier 'user_data_array' File: /home/uwb_student00/ahls/new_BSP/work_ahls_memory_fabric_elab25_01/elab01/generated/ip/ahls_memory_fabric/ahls_memory_fabric_fabric/altera_merlin_width_adapter_1950/synth/ahls_memory_fabric_fabric_altera_merlin_width_adapter_1950_lvsui2a.sv Line: 395
Info (22567): Verilog HDL info at ahls_memory_fabric_fabric_altera_merlin_width_adapter_1950_lvsui2a.sv(396): extracting RAM for identifier 'byteen_array' File: /home/uwb_student00/ahls/new_BSP/work_ahls_memory_fabric_elab25_01/elab01/generated/ip/ahls_memory_fabric/ahls_memory_fabric_fabric/altera_merlin_width_adapter_1950/synth/ahls_memory_fabric_fabric_altera_merlin_width_adapter_1950_lvsui2a.sv Line: 396
SET PYTHONHOME to '/opt/altera/25.1/quartus/linux64/'
PREFIX PYTHONPATH with '/opt/altera/25.1/quartus/linux64:/opt/altera/25.1/quartus/common/python/lib:/opt/altera/25.1/quartus/linux64/python/lib:/opt/altera/25.1/quartus/common/python/lib/site-packages:/opt/altera/25.1/quartus/common/python/lib/python3.10/site-packages'
Info: Found 339 design entities
Warning (21610): Output port "device_exception_bus[0..63]" in instance "fabric|fabric|k0" of entity "mmhost_ia840f_report_di" does not have a driver. Connecting to the default value "gnd". File: /home/uwb_student00/ahls/new_BSP/work_ahls_memory_fabric_elab25_01/elab01/generated/ip/ahls_memory_fabric/ahls_memory_fabric_fabric/mmhost_ia840f_report_di_10/synth/mmhost_ia840f_report_di.sv Line: 30
Warning (21610): Output port "o_wr_waitrequest[0]" in instance "fabric|fabric|k0|lsu_ic_top_gmem|GEN_SIMPLE.lsu_ic" of entity "lsu_token_ring" does not have a driver. Connecting to the default value "gnd". File: /home/uwb_student00/ahls/new_BSP/work_ahls_memory_fabric_elab25_01/elab01/generated/ip/ahls_memory_fabric/ahls_memory_fabric_fabric/mmhost_ia840f_report_di_10/synth/lsu_token_ring.sv Line: 238
Warning (21610): Output port "o_avm_writeack[0]" in instance "fabric|fabric|k0|lsu_ic_top_gmem|GEN_SIMPLE.lsu_ic" of entity "lsu_token_ring" does not have a driver. Connecting to the default value "gnd". File: /home/uwb_student00/ahls/new_BSP/work_ahls_memory_fabric_elab25_01/elab01/generated/ip/ahls_memory_fabric/ahls_memory_fabric_fabric/mmhost_ia840f_report_di_10/synth/lsu_token_ring.sv Line: 239
Warning (21610): Output port "o_avm_readdata[0][0..255]" in instance "fabric|fabric|k0|lsu_ic_top_gmem1_2_|GEN_SIMPLE.lsu_ic" of entity "lsu_token_ring" does not have a driver. Connecting to the default value "gnd". File: /home/uwb_student00/ahls/new_BSP/work_ahls_memory_fabric_elab25_01/elab01/generated/ip/ahls_memory_fabric/ahls_memory_fabric_fabric/mmhost_ia840f_report_di_10/synth/lsu_token_ring.sv Line: 240
Warning (21610): Output port "o_avm_readdatavalid[0]" in instance "fabric|fabric|k0|lsu_ic_top_gmem1_2_|GEN_SIMPLE.lsu_ic" of entity "lsu_token_ring" does not have a driver. Connecting to the default value "gnd". File: /home/uwb_student00/ahls/new_BSP/work_ahls_memory_fabric_elab25_01/elab01/generated/ip/ahls_memory_fabric/ahls_memory_fabric_fabric/mmhost_ia840f_report_di_10/synth/lsu_token_ring.sv Line: 241
Warning (21610): Output port "avm_enable" in instance "fabric|fabric|k0|cra_ring_wrapper_inst|csr_ring_node_avm_wire_0_cra_ring_inst_0" of entity "cra_ring_node" does not have a driver. Connecting to the default value "gnd". File: /home/uwb_student00/ahls/new_BSP/work_ahls_memory_fabric_elab25_01/elab01/generated/ip/ahls_memory_fabric/ahls_memory_fabric_fabric/mmhost_ia840f_report_di_10/synth/cra_ring_node.sv Line: 46
Warning (21610): Output port "avm_burstcount" in instance "fabric|fabric|k0|cra_ring_wrapper_inst|csr_ring_node_avm_wire_0_cra_ring_inst_0" of entity "cra_ring_node" does not have a driver. Connecting to the default value "gnd". File: /home/uwb_student00/ahls/new_BSP/work_ahls_memory_fabric_elab25_01/elab01/generated/ip/ahls_memory_fabric/ahls_memory_fabric_fabric/mmhost_ia840f_report_di_10/synth/cra_ring_node.sv Line: 48
Warning (21610): Output port "data_out[-1..0]" in instance "fabric|fabric|k0|DDRIP_std_ic_inst|DDRIP_inst_0|kernel|theDDRIP_function|thebb_DDRIP_B0|theDDRIP_B0_merge|theDDRIP_B0_merge_storage|theDDRIP_B0_merge_storage|ms.acl_mid_speed_fifo_inst" of entity "acl_mid_speed_fifo" does not have a driver. Connecting to the default value "gnd". File: /home/uwb_student00/ahls/new_BSP/work_ahls_memory_fabric_elab25_01/elab01/generated/ip/ahls_memory_fabric/ahls_memory_fabric_fabric/mmhost_ia840f_report_di_10/synth/acl_mid_speed_fifo.sv Line: 133
Warning (21610): Output port "data_out[-1..0]" in instance "fabric|fabric|k0|DDRIP_std_ic_inst|DDRIP_inst_0|kernel|theDDRIP_function|thebb_DDRIP_B2|theDDRIP_B2_merge|theDDRIP_B2_merge_storage|theDDRIP_B2_merge_storage|ms.acl_mid_speed_fifo_inst" of entity "acl_mid_speed_fifo" does not have a driver. Connecting to the default value "gnd". File: /home/uwb_student00/ahls/new_BSP/work_ahls_memory_fabric_elab25_01/elab01/generated/ip/ahls_memory_fabric/ahls_memory_fabric_fabric/mmhost_ia840f_report_di_10/synth/acl_mid_speed_fifo.sv Line: 133
Warning (21610): Output port "data_out[-1..0]" in instance "fabric|fabric|k0|DDRIP_std_ic_inst|DDRIP_inst_0|kernel|theDDRIP_function|thebb_DDRIP_B1|theDDRIP_B1_merge|theDDRIP_B1_merge_storage|theDDRIP_B1_merge_storage|ms.acl_mid_speed_fifo_inst" of entity "acl_mid_speed_fifo" does not have a driver. Connecting to the default value "gnd". File: /home/uwb_student00/ahls/new_BSP/work_ahls_memory_fabric_elab25_01/elab01/generated/ip/ahls_memory_fabric/ahls_memory_fabric_fabric/mmhost_ia840f_report_di_10/synth/acl_mid_speed_fifo.sv Line: 133
Warning (21610): Output port "data_out[-1..0]" in instance "fabric|fabric|k0|DDRIP_std_ic_inst|DDRIP_inst_0|kernel|theDDRIP_function|thebb_DDRIP_B2|theDDRIP_B2_branch|theDDRIP_B2_branch_branch_storage|theDDRIP_B2_branch_branch_storage|ms.acl_mid_speed_fifo_inst" of entity "acl_mid_speed_fifo" does not have a driver. Connecting to the default value "gnd". File: /home/uwb_student00/ahls/new_BSP/work_ahls_memory_fabric_elab25_01/elab01/generated/ip/ahls_memory_fabric/ahls_memory_fabric_fabric/mmhost_ia840f_report_di_10/synth/acl_mid_speed_fifo.sv Line: 133
Warning (21610): Output port "valid_out" in instance "fabric|fabric|k0|DDRIP_std_ic_inst|DDRIP_inst_0|kernel|theDDRIP_function|thebb_DDRIP_B1|thebb_DDRIP_B1_stall_region|thei_sfc_s_c0_in_for_body_i_ddrips_c0_enter1591_ddrip_83_1gr_aunroll_x|thei_sfc_logic_s_c0_in_for_body_i_ddrips_c0_enter1591_ddrip_90_0gr_aunroll_x|thei_llvm_fpga_pipeline_keep_going_ddrip_93_6gr|thei_llvm_fpga_pipeline_keep_going_ddrip_119_1gr" of entity "acl_fast_pipeline" does not have a driver. Connecting to the default value "gnd". File: /home/uwb_student00/ahls/new_BSP/work_ahls_memory_fabric_elab25_01/elab01/generated/ip/ahls_memory_fabric/ahls_memory_fabric_fabric/mmhost_ia840f_report_di_10/synth/acl_fast_pipeline.sv Line: 53
Warning (21610): Output port "stall_out" in instance "fabric|fabric|k0|DDRIP_std_ic_inst|DDRIP_inst_0|kernel|theDDRIP_function|thebb_DDRIP_B1|thebb_DDRIP_B1_stall_region|thei_sfc_s_c0_in_for_body_i_ddrips_c0_enter1591_ddrip_83_1gr_aunroll_x|thei_sfc_logic_s_c0_in_for_body_i_ddrips_c0_enter1591_ddrip_90_0gr_aunroll_x|thei_llvm_fpga_pipeline_keep_going_ddrip_93_6gr|thei_llvm_fpga_pipeline_keep_going_ddrip_119_1gr" of entity "acl_fast_pipeline" does not have a driver. Connecting to the default value "gnd". File: /home/uwb_student00/ahls/new_BSP/work_ahls_memory_fabric_elab25_01/elab01/generated/ip/ahls_memory_fabric/ahls_memory_fabric_fabric/mmhost_ia840f_report_di_10/synth/acl_fast_pipeline.sv Line: 53
Info: There are 849 partitions after elaboration.
Info: DA report generation in native DNI mode
Info (21615): Running Design Assistant Rules for snapshot 'partitioned'
Info: No waiver waived any violations
Info (22360): Design Assistant Results: 9 of 10 enabled rules passed, and 1 rules was disabled, in snapshot 'partitioned'
Warning (21620): Design Assistant Results: 1 of 1 High severity rules issued violations in snapshot 'partitioned'. Please refer to DRC report '/home/uwb_student00/ahls/new_BSP/work_ahls_memory_fabric_elab25_01/elab01/output_files/ahls_memory_fabric_elab.drc.partitioned.rpt' for more information
Info (21621): Design Assistant Results: 0 of 1 Medium severity rules issued violations in snapshot 'partitioned'
Info (21622): Design Assistant Results: 0 of 8 Low severity rules issued violations in snapshot 'partitioned'
Info: Quartus Prime Synthesis was successful. 0 errors, 1 warning
    Info: Peak virtual memory: 2585 megabytes
    Info: Processing ended: Wed Sep 23 01:23:54 2026
    Info: Elapsed time: 00:00:37
    Info: System process ID: 96936
