FILE syn/shared_config/post_module_hook.tcl # Copyright (C) 2023 Intel Corporation
# SPDX-License-Identifier: MIT

##
## This script is invoked as the POST_MODULE_SCRIPT_FILE. It creates an SOF
## with en embedded bootloader, if an HPS is present, and then invokes the
## platform-independent post-module script.
##

set module [lindex $quartus(args) 0]
set proj [lindex $quartus(args) 1]
set rev [lindex $quartus(args) 2]

# Directory of script
set THIS_DIR [file dirname [info script]]

if [string match "quartus_asm" $module] {
   # Look in the Fitter Report to see if an HPS is present in this design.
   if {[catch {exec grep "Total.*HPS" ./output_files/ofs_top.fit.rpt | sed -r {s/.*([0-1]) \/ [0-1].*/\1/}} hps_present]} {
      post_message -type info "Error was encountered checking for HPS presence.  Perhaps fitter report was not available."
   } else {
      if {$hps_present=="1"} {
          post_message -type info ">>> HPS Detected. Creating HPS SOF. <<<"

          project_open -revision $rev $proj
          # Check for VAB Enable
          set vab_en [get_global_assignment -name ENABLE_MULTI_AUTHORITY]
          if { [string equal "ON" $vab_en ] } {
              set hexfile "$::env(BUILD_ROOT_REL)/syn/shared_config/vab_sw/u-boot-spl-dtb.hex"
              post_message -type info ">>> VAB Enabled. Using u-boot=$hexfile <<<"
          } else {
              set hexfile "$::env(BUILD_ROOT_REL)/syn/shared_config/non_vab_sw/u-boot-spl-dtb.hex"
              post_message -type info ">>> VAB Enabled. Using u-boot=$hexfile <<<"
          }
          project_close

          # After the .sof is created, the bootloader .hex must be integrated.
          # Look first in the synthesis directory
          set hexfile_exists [file exists $hexfile]
          if {!($hexfile_exists)} {
              # No instance-specific bootloader found. Look for a common version
              # in the same directory as this script.
              set hexfile "${THIS_DIR}/${hexfile}"
              set hexfile_exists [file exists $hexfile]
          }

          set no_hex_sof "./output_files/ofs_top.sof"
          set output_sof "./output_files/ofs_top_hps.sof"
          set sof_exists [file exists $no_hex_sof]

          if {$hexfile_exists && $sof_exists} {
              post_message -type info ">>> HPS SOF Generation Commencing with $hexfile <<<"
              if {[catch {qexec "quartus_pfg -c $no_hex_sof $output_sof -o hps_path=$hexfile"} result]} {
                  post_message -type error "$result  >>> HPS SOF Generation Failed. Missing $no_hex_sof or $hexfile? <<<"
                  return -code error "Script failed"
              } else {
                  post_message -type info ">>> Created HPS SOF: $output_sof <<<"
              }
          } else {
             post_message -type info "Problem Encountered: Files are missing."
             if {!($hexfile_exists)} {
                post_message -type info "  HEX file $hexfile is missing."
             }
             if {!($sof_exists)} {
                post_message -type info "  SOF file $no_hex_sof is missing."
             }
          }
       } else {
          post_message -type info "Skipping HPS SOF Creation. No HPS is present in the design."
       }
   }
}


# Invoke the platform-independent POST_MODULE_SCRIPT_FILE. Most platforms should
# run this script. It handles common tasks, such as setting the FME interface ID.
source "$::env(BUILD_ROOT_REL)/ofs-common/scripts/common/syn/ofs_post_module_script_fim.tcl"

FILE ofs-common/scripts/common/syn/ofs_post_module_script_fim.tcl # Copyright 2023 Intel Corporation
# SPDX-License-Identifier: MIT

##
## This is the post-module script that should be invoked as a
## POST_MODULE_SCRIPT_FILE for most platform's base FIM builds.
##
## Quartus invokes only one POST_MODULE_SCRIPT_FILE. Boards that
## need platform-specific scripts should set a board-specific script
## as the primary POST_MODULE_SCRIPT_FILE and then invoke this
## common script from it.
##

# Execute command (a list with command and arguments), print output
# detect errors.
proc ofs_post_module_exec {msg cmd_list} {
    set cmd_str [join $cmd_list]
    if {[string match "quartus*" $cmd_str]} {
        # Quartus commands already print their arguments with "Command:"
        post_message $msg -submsgs [list "${cmd_str}"]
    } else {
        # Prefix non-quartus with "Command:" so they are easily found in a log
        post_message $msg -submsgs [list "Command: ${cmd_str}"]
    }

    if {[catch {exec {*}${cmd_list}} output]} {
        post_message $output
        post_message -type error "Error executing: ${cmd_str}"
    } else {
        post_message $output
    }
}

proc ofs_post_module_script_fim {} {
    set module [lindex $::quartus(args) 0]
    set project [lindex $::quartus(args) 1]
    set revision [lindex $::quartus(args) 2]

    set THIS_DIR [file dirname [info script]]

    if {$module == "quartus_ipgenerate"} {
        # Extract configuration parameters from IP into header files in the
        # project's ofs_ip_cfg_db subdirectory.

        # The project isn't open yet
        project_open ${project} -revision ${revision}

        # Is the configuration database Tcl loaded in this project?
        if { ! [llength [info procs ::ofs_ip_cfg_db::generate]] } {
            post_message -type Warning "ofs_ip_cfg_db.tcl is not loaded in this project"
        } else {
            post_message "Generating OFS IP configuration database in ofs_ip_cfg_db/"
            ::ofs_ip_cfg_db::generate
        }

        project_close
    }

    if {$module == "quartus_syn"} {
        # Generate a Tcl script with project macros for use in PR builds
        post_message -type info "Running ofs_post_module_script_fim.tcl for ${module}"

        # Summary SDC file with all FIM constraints
        ofs_post_module_exec "Emitting FIM project macros for use in PR..." \
            [list quartus_sh -t "${THIS_DIR}/emit_project_macros.tcl" \
                 --project=${project} --revision=${revision} \
                 --output=fim_project_macros.tcl --mode=tcl]
    }

    if {$module == "quartus_fit"} {
        # Generate a memory file with an FME interface ID
        post_message -type info "Running ofs_post_module_script_fim.tcl for ${module}"

        # Generate the UID and container
        ofs_post_module_exec "Generating FME ID..." \
            [list python3 "${THIS_DIR}/update_fme_ifc_id.py" "." ${revision}]

        # Remove stale FPGA images
        file delete {*}[glob -nocomplain output_files/*.sof output_files/*.rbf \
                                         output_files/*.bin output_files/*.green_region.*]

        ofs_post_module_exec "Updating database..." \
            [list quartus_cdb ${project} -c ${revision} --update_mif]


        # Generating values post fit for the ASP
        ofs_post_module_exec "Emitting FIM resources for the ASP..." \
            [list quartus_sh -t "${THIS_DIR}/generate_pr_usage_for_asp.tcl" \
                 --project=${project} --revision=${revision} --output=ofs_ip_cfg_db/ofs_fim_util_asp.qprs]
    }

    if {$module == "quartus_asm"} {
        # Export base partition for use in PR projects. This could be replaced
        # with an EXPORT_PARTITION_SNAPSHOT_FINAL instance assignment.
        post_message -type info "Running ofs_post_module_script_fim.tcl for ${module}"

        ofs_post_module_exec "Exporting root_partition..." \
            [list quartus_cdb ${project} -c ${revision} \
                 --export_partition root_partition --snapshot final \
                 --file "${revision}.qdb" --include_sdc_entity_in_partition]
    }

    if {$module == "quartus_sta"} {
        # Emit state needed for PR builds after timing analysis
        post_message -type info "Running ofs_post_module_script_fim.tcl for ${module}"

        # Summary SDC file with all FIM constraints
        ofs_post_module_exec "Emitting FIM timing constraints..." \
            [list quartus_sta -t "${THIS_DIR}/create_sdc_for_pr_compile.tcl" \
                 ${project} ${revision} "${project}.out.sdc"]

        # Summary TCL file with all IP loaded in the FIM build
        ofs_post_module_exec "Emitting FIM IP list..." \
            [list quartus_ipgenerate -t "${THIS_DIR}/emit_project_ip.tcl" \
                 --project=${project} --revision=${revision} \
                 --output=fim_base_ip.tcl]
    }
}

ofs_post_module_script_fim

FILE ofs-common/scripts/common/syn/config_env.tcl # Copyright (C) 2021-2023 Intel Corporation
# SPDX-License-Identifier: MIT

##
## Utility functions to probe the project configuration.
##
namespace eval ::config_env {

  # Return 1 if tgt_macro is set as a project VERILOG_MACRO
  proc verilog_macro_defined {tgt_macro} {
    set all_vlog_macros [get_all_global_assignments -name VERILOG_MACRO]

    foreach_in_collection m $all_vlog_macros {
      if { [string equal $tgt_macro [lindex $m 2]] } {
        return 1
      }
    }

    return 0
  }

}

##
## FIM sources are specified using relative paths, relying on the BUILD_ROOT_REL
## environment variable to point to the root of a source tree. The variable must
## be set the first time Quartus loads a FIM project. When loading a synthesized
## project, users may see errors about BUILD_ROOT_REL missing if they haven't
## set the variable explicitly.
##
## This code reads key/value pairs from a database created during FIM setup
## (build_env_db.txt in the project directory) and stores them as environment
## variables.
##
## For reasons that should be obvious, the project must be able to find this
## config_env.tcl script without BUILD_ROOT_REL. This script is copied during
## FIM build setup from a common location to a well-known location in the
## build tree.
##

set build_env_db_name "build_env_db.txt"

# Load saved environment if it exists
if {[file exists $build_env_db_name]} {
    set_global_assignment -name TEXT_FILE ${build_env_db_name}
    set fp [open $build_env_db_name]

    # Contents of the file
    set v [read $fp]
    # Drop comments
    set v [string trim [regsub -all -line {(^#.*$)} $v ""]]
    # Look for lines of the form: NAME = value
    foreach line [split $v "\n"] {
        # Drop whitespace around the equal sign
        set line [regsub -all -line {\s*=\s*} $line "="]
        set e [split $line "="]
        if {[llength $e] == 2} {
            # Found <key>=<value>
            set key [lindex $e 0]
            set val [lindex $e 1]

            if { [info exists ::env($key)] } {
                if {$val != $::env($key)} {
                    post_message -type info "Updating ::env($key) from \"$::env($key)\" to \"$val\""
                    set ::env($key) $val
                }
            } else {
                post_message -type info "Setting ::env($key)=$val"
                set ::env($key) $val
            }
        }
    }
}

if { ![info exists ::env(BUILD_ROOT_REL)] } {
    post_message -type error "BUILD_ROOT_REL environment variable is undefined!"
} else {
    # Print the definition of BUILD_ROOT_REL once across all programs in
    # a flow.
    if { ![info exists ::env(BUILD_ROOT_REL_PRINTED)] } {
        post_message -type info "BUILD_ROOT_REL is $::env(BUILD_ROOT_REL)"
        set ::env(BUILD_ROOT_REL_PRINTED) 1
    }
}

FLOWS
/opt/altera/26.1.1/quartus/common/tcl/packages/qed/dvr/compiler_settings_adjustment_impl.tcl

/opt/altera/26.1.1/quartus/common/tcl/packages/qed/dvr/compiler_settings_adjustment.tcl

/opt/altera/26.1.1/quartus/common/tcl/internal/qsh_flow.tcl

/opt/altera/26.1.1/quartus/common/tcl/internal/qsh_flowengine.tcl

/opt/altera/26.1.1/quartus/common/tcl/internal/qsh_write_flow_template.tcl

/opt/altera/26.1.1/quartus/common/tcl/internal/qis_default_flow_script.tcl
    set argv0 "quartus_syn -t [info script]"
        set synth_labels [dict create cmd "quartus_syn [get_current_project] -c [get_current_revision] $q_args"]
/opt/altera/26.1.1/quartus/common/tcl/internal/qtlg_default_flow_script.tcl

/opt/altera/26.1.1/quartus/common/tcl/internal/qfit2_legacy_fmain_fitter_flow.tcl
# Summary: Utilities used by quartus_fit2 in the legacy fitter flow
	# Note that unlike the old quartus_fit, where the command line arguments were
/opt/altera/26.1.1/quartus/common/tcl/internal/qfit2_default_fitter_flow.tcl
# Summary: Utilities used by quartus_fit2 in the default fitter flow
	set labels [dict create cmd "quartus_fit [get_current_project] -c [get_current_revision] $q_args"]
	# Note that unlike the old quartus_fit, where the command line arguments were
			post_message -type error "--eco is not supported with specified stages. Please run quartus_fit --eco <script> without any stage specified."
			post_message -type error "--recompile is not supported with specified stages.  Please run quartus_fit --recompile without any stage specified."
    if { ! [drc::contains_enabled_rules -for_snapshot $snapshot -for_executable quartus_fit -for_stage $stage] } {
/opt/altera/26.1.1/quartus/common/tcl/internal/mtf_default_flow_script.tcl
    set argv0 "quartus_syn -t [info script]"
/opt/altera/26.1.1/quartus/common/tcl/internal/init/flow.hlp
/opt/altera/26.1.1/quartus/common/tcl/internal/init/flow.advanced.hlp
/opt/altera/26.1.1/quartus/common/tcl/internal/init/flow.cmds.hlp
/opt/altera/26.1.1/quartus/common/tcl/internal/init/flow.cmds.advanced.hlp
/opt/altera/26.1.1/quartus/common/tcl/internal/init/flow.tcl

/opt/altera/26.1.1/quartus/common/tcl/internal/init/flow.pkg_info
/opt/altera/26.1.1/quartus/common/tcl/internal/init/flow.exe_info
/opt/altera/26.1.1/quartus/common/tcl/internal/init/flow.staw
/opt/altera/26.1.1/quartus/common/tcl/internal/init/rapid_recompile.tcl

/opt/altera/26.1.1/quartus/common/tcl/internal/init/rapid_recompile.pkg_info
/opt/altera/26.1.1/quartus/common/tcl/internal/init/rapid_recompile.exe_info
/opt/altera/26.1.1/quartus/common/tcl/internal/flow/tileip_generation_flow.tcl

/opt/altera/26.1.1/quartus/common/tcl/internal/flow/compile_flow.tcl

/opt/altera/26.1.1/quartus/common/tcl/internal/flow/dni_tileip_generation_flow.tcl

/opt/altera/26.1.1/quartus/common/tcl/internal/flow/ds_ip_generation_flow.tcl

/opt/altera/26.1.1/quartus/common/tcl/internal/flow/quick_elaboration_flow.tcl

/opt/altera/26.1.1/quartus/common/tcl/internal/flow/dni_quick_elaboration_flow.tcl

/opt/altera/26.1.1/quartus/common/tcl/internal/flow/analysis_and_elaboration_flow.tcl

/opt/altera/26.1.1/quartus/common/tcl/internal/flow/dni_analysis_and_elaboration_flow.tcl

/opt/altera/26.1.1/quartus/common/tcl/internal/flow/dni_design_analysis_flow.tcl

/opt/altera/26.1.1/quartus/common/tcl/internal/flow/analysis_and_synthesis_flow.tcl

/opt/altera/26.1.1/quartus/common/tcl/internal/flow/fitter_flow.tcl

/opt/altera/26.1.1/quartus/common/tcl/internal/flow/fitter_implement_flow.tcl

/opt/altera/26.1.1/quartus/common/tcl/internal/flow/implement_flow.tcl

/opt/altera/26.1.1/quartus/common/tcl/internal/flow/dni_implement_flow.tcl

/opt/altera/26.1.1/quartus/common/tcl/internal/flow/finalize_flow.tcl

/opt/altera/26.1.1/quartus/common/tcl/internal/flow/npp_preprocess_flow.tcl

/opt/altera/26.1.1/quartus/common/tcl/internal/flow/dni_compile_flow.tcl

/opt/altera/26.1.1/quartus/common/tcl/internal/flow/dni_gdr_rtl_analyzer_flow.tcl

/opt/altera/26.1.1/quartus/common/tcl/internal/flow/generate_early_power_estimator_file_flow.tcl

/opt/altera/26.1.1/quartus/common/tcl/internal/flow/ip_upgrade_flow.tcl

/opt/altera/26.1.1/quartus/common/tcl/internal/flow/netlist_conversion_flow.tcl

/opt/altera/26.1.1/quartus/common/tcl/internal/flow/netlist_viewers_preprocess_flow.tcl

/opt/altera/26.1.1/quartus/common/tcl/internal/flow/test_bench_template_writer_flow.tcl

/opt/altera/26.1.1/quartus/common/tcl/internal/flow/clean_project_flow.tcl

/opt/altera/26.1.1/quartus/common/tcl/internal/flow/syn_ibis_flow.tcl

/opt/altera/26.1.1/quartus/common/tcl/internal/flow/no_done_status_flow.tcl

/opt/altera/26.1.1/quartus/common/tcl/internal/flow/eco_flow.tcl

/opt/altera/26.1.1/quartus/common/tcl/internal/flow/signal_probe_flow.tcl

/opt/altera/26.1.1/quartus/common/tcl/internal/flow/menu_processing_flow.tcl

/opt/altera/26.1.1/quartus/common/tcl/internal/flow/menu_project_flow.tcl

/opt/altera/26.1.1/quartus/common/tcl/internal/flow/nativelink_flow.tcl

/opt/altera/26.1.1/quartus/common/tcl/internal/flow/setup_noc_accurate_sim_flow.tcl

/opt/altera/26.1.1/quartus/common/tcl/internal/nativelink/qnativelinkflow.tcl

/opt/altera/26.1.1/quartus/common/tcl/internal/nativelink/qnativesimflow.tcl

/opt/altera/26.1.1/quartus/common/tcl/auto_completion/flow.cmds
/opt/altera/26.1.1/quartus/common/tcl/auto_completion/flow.options
/opt/altera/26.1.1/quartus/common/tcl/auto_completion/flow.enums
/opt/altera/26.1.1/quartus/common/tcl/apps/qflow/qflow_script.tcl
	fit	    {"Fitter"                    "quartus_fit"  "1" ""}
	sta	    {"Timing Analyzer"           "quartus_sta"  "1" ""}
	asm	    {"Assembler"                 "quartus_asm"  "1" ""}
	staw    {"Timing Analyzer GUI"       "quartus_staw" "0" ""}
BYTES 325564764 OLDPATHFILES ["ofs-common/src/fpga_family/agilex/avst_pipeline/avst_pipeline_st_pipeline_stage_0/avst_pipeline_st_pipeline_stage_0_generation.rpt", "ofs-common/src/fpga_family/agilex/avst_pipeline/avst_pipeline_st_pipeline_stage_0/avst_pipeline_st_pipeline_stage_0.xml", "ofs-common/src/fpga_family/agilex/cfg_mon/cfg_mon/cfg_mon_generation.rpt", "ofs-common/src/fpga_family/agilex/cfg_mon/cfg_mon/cfg_mon.xml", "ofs-common/src/fpga_family/agilex/mem_ss/qip/axilite_ic/ip/emif_csr_ic/emif_dfh_mst/emif_dfh_mst_generation.rpt", "ofs-common/src/fpga_family/agilex/mem_ss/qip/axilite_ic/ip/emif_csr_ic/emif_dfh_mst/emif_dfh_mst.xml", "ofs-common/src/fpga_family/agilex/mem_ss/qip/axilite_ic/ip/emif_csr_ic/mem_ss_csr_mst/mem_ss_csr_mst_generation.rpt", "ofs-common/src/fpga_family/agilex/mem_ss/qip/axilite_ic/ip/emif_csr_ic/mem_ss_csr_mst/mem_ss_csr_mst.xml", "ofs-common/src/fpga_family/agilex/mem_ss/qip/axilite_ic/ip/emif_csr_ic/emif_csr_slv/emif_csr_slv_generation.rpt", "ofs-common/src/fpga_family/agilex/mem_ss/qip/axilite_ic/ip/emif_csr_ic/emif_csr_slv/emif_csr_slv.xml", "ofs-common/src/fpga_family/agilex/mem_ss/qip/axilite_ic/ip/emif_csr_ic/emif_csr_ic_reset_in/emif_csr_ic_reset_in_generation.rpt", "ofs-common/src/fpga_family/agilex/mem_ss/qip/axilite_ic/ip/emif_csr_ic/emif_csr_ic_reset_in/emif_csr_ic_reset_in.xml", "ofs-common/src/fpga_family/agilex/mem_ss/qip/axilite_ic/ip/emif_csr_ic/emif_csr_ic_clock_in/emif_csr_ic_clock_in_generation.rpt", "ofs-common/src/fpga_family/agilex/mem_ss/qip/axilite_ic/ip/emif_csr_ic/emif_csr_ic_clock_in/emif_csr_ic_clock_in.xml", "ofs-common/src/fpga_family/agilex/mem_ss/qip/axilite_ic/emif_csr_ic/emif_csr_ic_generation.rpt", "ofs-common/src/fpga_family/agilex/mem_ss/qip/axilite_ic/emif_csr_ic/emif_csr_ic.xml", "ofs-common/src/fpga_family/agilex/pr/PR_IP/PR_IP_generation.rpt", "ofs-common/src/fpga_family/agilex/pr/PR_IP/PR_IP.xml", "ofs-common/src/fpga_family/agilex/remote_stp/AFU_debug/scjio_agilex/scjio_agilex_generation.rpt", "ofs-common/src/fpga_family/agilex/remote_stp/AFU_debug/scjio_agilex/scjio_agilex.xml", "ofs-common/src/fpga_family/agilex/remote_stp/AFU_debug/config_reset_release/config_reset_release_generation.rpt", "ofs-common/src/fpga_family/agilex/remote_stp/AFU_debug/config_reset_release/config_reset_release.xml", "ofs-common/src/fpga_family/agilex/remote_stp/ip/remote_debug_jtag_only/sys_clk/sys_clk_generation.rpt", "ofs-common/src/fpga_family/agilex/remote_stp/ip/remote_debug_jtag_only/sys_clk/sys_clk.xml", "ofs-common/src/fpga_family/agilex/remote_stp/ip/remote_debug_jtag_only/remote_debug_jtag_only_reset_in/remote_debug_jtag_only_reset_in_generation.rpt", "ofs-common/src/fpga_family/agilex/remote_stp/ip/remote_debug_jtag_only/remote_debug_jtag_only_reset_in/remote_debug_jtag_only_reset_in.xml", "ofs-common/src/fpga_family/agilex/remote_stp/ip/remote_debug_jtag_only/jop_blaster/jop_blaster_generation.rpt", "ofs-common/src/fpga_family/agilex/remote_stp/ip/remote_debug_jtag_only/jop_blaster/jop_blaster.xml", "ofs-common/src/fpga_family/agilex/remote_stp/ip/remote_debug_jtag_only/host_if/host_if_generation.rpt", "ofs-common/src/fpga_family/agilex/remote_stp/ip/remote_debug_jtag_only/host_if/host_if.xml", "ofs-common/src/fpga_family/agilex/remote_stp/ip/remote_debug_jtag_only/remote_debug_jtag_only_clock_in/remote_debug_jtag_only_clock_in_generation.rpt", "ofs-common/src/fpga_family/agilex/remote_stp/ip/remote_debug_jtag_only/remote_debug_jtag_only_clock_in/remote_debug_jtag_only_clock_in.xml", "ofs-common/src/fpga_family/agilex/remote_stp/remote_debug_jtag_only/remote_debug_jtag_only_generation.rpt", "ofs-common/src/fpga_family/agilex/remote_stp/remote_debug_jtag_only/remote_debug_jtag_only.xml", "ofs-common/src/fpga_family/agilex/sys_pll/sys_pll/sys_pll_generation.rpt", "ofs-common/src/fpga_family/agilex/sys_pll/sys_pll/sys_pll.xml", "ofs-common/src/fpga_family/agilex/uart/ip/uart/uart_generation.rpt", "ofs-common/src/fpga_family/agilex/uart/ip/uart/uart.xml", "ofs-common/src/fpga_family/agilex/user_clock/qph_user_clk_iopll_reconfig/qph_user_clk_iopll_reconfig_generation.rpt", "ofs-common/src/fpga_family/agilex/user_clock/qph_user_clk_iopll_reconfig/qph_user_clk_iopll_reconfig.xml", "ofs-common/src/fpga_family/agilex/user_clock/qph_user_clk_iopll_RF100M/qph_user_clk_iopll_RF100M_generation.rpt", "ofs-common/src/fpga_family/agilex/user_clock/qph_user_clk_iopll_RF100M/qph_user_clk_iopll_RF100M.xml", "ofs-common/src/common/fme_id_rom/fme_id_rom/fme_id_rom_generation.rpt", "ofs-common/src/common/fme_id_rom/fme_id_rom/fme_id_rom.xml", "ofs-common/src/common/lib/fifo/sc_fifo_tx_sc_fifo/sc_fifo_tx_sc_fifo_generation.rpt", "ofs-common/src/common/lib/fifo/sc_fifo_tx_sc_fifo/sc_fifo_tx_sc_fifo.xml", "ipss/mem/qip/ed_sim/ed_sim_mem_group1/ed_sim_mem_group1_generation.rpt", "ipss/mem/qip/ed_sim/ed_sim_mem_group1/ed_sim_mem_group1.xml", "ipss/mem/qip/ed_sim/ed_sim_mem/ed_sim_mem_generation.rpt", "ipss/mem/qip/ed_sim/ed_sim_mem/ed_sim_mem.xml", "ipss/mem/qip/mem_ss/mem_ss/mem_ss_generation.rpt", "ipss/mem/qip/mem_ss/mem_ss/mem_ss.xml", "ipss/pcie/qip/pcie_ss/pcie_ss_generation.rpt", "ipss/pcie/qip/pcie_ss/pcie_ss.xml", "ipss/ia840f/bwbmc/ip/bmc_spi_sub/system_rst_bridge/system_rst_bridge_generation.rpt", "ipss/ia840f/bwbmc/ip/bmc_spi_sub/system_rst_bridge/system_rst_bridge.xml", "ipss/ia840f/bwbmc/ip/bmc_spi_sub/system_clk_bridge/system_clk_bridge_generation.rpt", "ipss/ia840f/bwbmc/ip/bmc_spi_sub/system_clk_bridge/system_clk_bridge.xml", "ipss/ia840f/bwbmc/ip/bmc_spi_sub/system_arbiter/system_arbiter_generation.rpt", "ipss/ia840f/bwbmc/ip/bmc_spi_sub/system_arbiter/system_arbiter.xml", "ipss/ia840f/bwbmc/ip/bmc_spi_sub/sdm_reset/sdm_reset_generation.rpt", "ipss/ia840f/bwbmc/ip/bmc_spi_sub/sdm_reset/sdm_reset.xml", "ipss/ia840f/bwbmc/ip/bmc_spi_sub/sdm_pipeline/sdm_pipeline_generation.rpt", "ipss/ia840f/bwbmc/ip/bmc_spi_sub/sdm_pipeline/sdm_pipeline.xml", "ipss/ia840f/bwbmc/ip/bmc_spi_sub/sdm_mailbox/sdm_mailbox_generation.rpt", "ipss/ia840f/bwbmc/ip/bmc_spi_sub/sdm_mailbox/sdm_mailbox.xml", "ipss/ia840f/bwbmc/ip/bmc_spi_sub/pci_to_bmc_irq_gen/pci_to_bmc_irq_gen_generation.rpt", "ipss/ia840f/bwbmc/ip/bmc_spi_sub/pci_to_bmc_irq_gen/pci_to_bmc_irq_gen.xml", "ipss/ia840f/bwbmc/ip/bmc_spi_sub/ocmem/ocmem_generation.rpt", "ipss/ia840f/bwbmc/ip/bmc_spi_sub/ocmem/ocmem.xml", "ipss/ia840f/bwbmc/ip/bmc_spi_sub/host_support_pipe/host_support_pipe_generation.rpt", "ipss/ia840f/bwbmc/ip/bmc_spi_sub/host_support_pipe/host_support_pipe.xml", "ipss/ia840f/bwbmc/ip/bmc_spi_sub/host_sdm_pipe/host_sdm_pipe_generation.rpt", "ipss/ia840f/bwbmc/ip/bmc_spi_sub/host_sdm_pipe/host_sdm_pipe.xml", "ipss/ia840f/bwbmc/ip/bmc_spi_sub/bmc_to_pcie_irq_gen/bmc_to_pcie_irq_gen_generation.rpt", "ipss/ia840f/bwbmc/ip/bmc_spi_sub/bmc_to_pcie_irq_gen/bmc_to_pcie_irq_gen.xml", "ipss/ia840f/bwbmc/ip/bmc_spi_sub/bmc_spi_xcvr_pipe/bmc_spi_xcvr_pipe_generation.rpt", "ipss/ia840f/bwbmc/ip/bmc_spi_sub/bmc_spi_xcvr_pipe/bmc_spi_xcvr_pipe.xml", "ipss/ia840f/bwbmc/ip/bmc_spi_sub/bmc_spi_to_avmm/bmc_spi_to_avmm_generation.rpt", "ipss/ia840f/bwbmc/ip/bmc_spi_sub/bmc_spi_to_avmm/bmc_spi_to_avmm.xml", "ipss/ia840f/bwbmc/ip/bmc_spi_sub/bmc_spi_support_pipe/bmc_spi_support_pipe_generation.rpt", "ipss/ia840f/bwbmc/ip/bmc_spi_sub/bmc_spi_support_pipe/bmc_spi_support_pipe.xml", "ipss/ia840f/bwbmc/ip/bmc_spi_sub/bmc_spi_sdm_pipe/bmc_spi_sdm_pipe_generation.rpt", "ipss/ia840f/bwbmc/ip/bmc_spi_sub/bmc_spi_sdm_pipe/bmc_spi_sdm_pipe.xml", "ipss/ia840f/bwbmc/ip/bmc_spi_sub/bmc_spi_pipe0/bmc_spi_pipe0_generation.rpt", "ipss/ia840f/bwbmc/ip/bmc_spi_sub/bmc_spi_pipe0/bmc_spi_pipe0.xml", "ipss/ia840f/bwbmc/ip/bmc_spi_sub/bmc_spi_cardtest_pipe/bmc_spi_cardtest_pipe_generation.rpt", "ipss/ia840f/bwbmc/ip/bmc_spi_sub/bmc_spi_cardtest_pipe/bmc_spi_cardtest_pipe.xml", "ipss/ia840f/bwbmc/ip/bw_840_support/sysrst_bridge/sysrst_bridge_generation.rpt", "ipss/ia840f/bwbmc/ip/bw_840_support/sysrst_bridge/sysrst_bridge.xml", "ipss/ia840f/bwbmc/ip/bw_840_support/sysclk_bridge/sysclk_bridge_generation.rpt", "ipss/ia840f/bwbmc/ip/bw_840_support/sysclk_bridge/sysclk_bridge.xml", "ipss/ia840f/bwbmc/ip/bw_840_support/host_sdm_pipeline/host_sdm_pipeline_generation.rpt", "ipss/ia840f/bwbmc/ip/bw_840_support/host_sdm_pipeline/host_sdm_pipeline.xml", "ipss/ia840f/bwbmc/ip/bw_840_support/host_bmc_support_pipeline/host_bmc_support_pipeline_generation.rpt", "ipss/ia840f/bwbmc/ip/bw_840_support/host_bmc_support_pipeline/host_bmc_support_pipeline.xml", "ipss/ia840f/bwbmc/ip/bw_840_support/bw_840_support_sysid_qsys_0/bw_840_support_sysid_qsys_0_generation.rpt", "ipss/ia840f/bwbmc/ip/bw_840_support/bw_840_support_sysid_qsys_0/bw_840_support_sysid_qsys_0.xml", "ipss/ia840f/bwbmc/ip/bw_840_support/bw_840_support_mm_bridge_0/bw_840_support_mm_bridge_0_generation.rpt", "ipss/ia840f/bwbmc/ip/bw_840_support/bw_840_support_mm_bridge_0/bw_840_support_mm_bridge_0.xml", "ipss/ia840f/bwbmc/ip/bw_840_support/bw_840_support_axi_bridge_0/bw_840_support_axi_bridge_0_generation.rpt", "ipss/ia840f/bwbmc/ip/bw_840_support/bw_840_support_axi_bridge_0/bw_840_support_axi_bridge_0.xml", "ipss/ia840f/bwbmc/bmc_spi_sub/bmc_spi_sub_generation.rpt", "ipss/ia840f/bwbmc/bmc_spi_sub/bmc_spi_sub.xml", "ipss/ia840f/bwbmc/bw_840_support/bw_840_support_generation.rpt", "ipss/ia840f/bwbmc/bw_840_support/bw_840_support.xml", "src/pd_qsys/fabric/ip/apf/apf_uart_slv/apf_uart_slv_generation.rpt", "src/pd_qsys/fabric/ip/apf/apf_uart_slv/apf_uart_slv.xml", "src/pd_qsys/fabric/ip/apf/apf_uart_mst/apf_uart_mst_generation.rpt", "src/pd_qsys/fabric/ip/apf/apf_uart_mst/apf_uart_mst.xml", "src/pd_qsys/fabric/ip/apf/apf_st2mm_slv/apf_st2mm_slv_generation.rpt", "src/pd_qsys/fabric/ip/apf/apf_st2mm_slv/apf_st2mm_slv.xml", "src/pd_qsys/fabric/ip/apf/apf_st2mm_mst/apf_st2mm_mst_generation.rpt", "src/pd_qsys/fabric/ip/apf/apf_st2mm_mst/apf_st2mm_mst.xml", "src/pd_qsys/fabric/ip/apf/apf_reset_bridge/apf_reset_bridge_generation.rpt", "src/pd_qsys/fabric/ip/apf/apf_reset_bridge/apf_reset_bridge.xml", "src/pd_qsys/fabric/ip/apf/apf_pr_slv/apf_pr_slv_generation.rpt", "src/pd_qsys/fabric/ip/apf/apf_pr_slv/apf_pr_slv.xml", "src/pd_qsys/fabric/ip/apf/apf_mctp_mst/apf_mctp_mst_generation.rpt", "src/pd_qsys/fabric/ip/apf/apf_mctp_mst/apf_mctp_mst.xml", "src/pd_qsys/fabric/ip/apf/apf_clock_bridge/apf_clock_bridge_generation.rpt", "src/pd_qsys/fabric/ip/apf/apf_clock_bridge/apf_clock_bridge.xml", "src/pd_qsys/fabric/ip/apf/apf_bpf_slv/apf_bpf_slv_generation.rpt", "src/pd_qsys/fabric/ip/apf/apf_bpf_slv/apf_bpf_slv.xml", "src/pd_qsys/fabric/ip/apf/apf_bpf_mst/apf_bpf_mst_generation.rpt", "src/pd_qsys/fabric/ip/apf/apf_bpf_mst/apf_bpf_mst.xml", "src/pd_qsys/fabric/ip/apf/apf_default_slv/apf_default_slv_generation.rpt", "src/pd_qsys/fabric/ip/apf/apf_default_slv/apf_default_slv.xml", "src/pd_qsys/fabric/ip/apf/apf_achk_slv/apf_achk_slv_generation.rpt", "src/pd_qsys/fabric/ip/apf/apf_achk_slv/apf_achk_slv.xml", "src/pd_qsys/fabric/ip/bpf/bpf_reset_bridge/bpf_reset_bridge_generation.rpt", "src/pd_qsys/fabric/ip/bpf/bpf_reset_bridge/bpf_reset_bridge.xml", "src/pd_qsys/fabric/ip/bpf/bpf_qsfp1_slv/bpf_qsfp1_slv_generation.rpt", "src/pd_qsys/fabric/ip/bpf/bpf_qsfp1_slv/bpf_qsfp1_slv.xml", "src/pd_qsys/fabric/ip/bpf/bpf_qsfp0_slv/bpf_qsfp0_slv_generation.rpt", "src/pd_qsys/fabric/ip/bpf/bpf_qsfp0_slv/bpf_qsfp0_slv.xml", "src/pd_qsys/fabric/ip/bpf/bpf_pmci_slv/bpf_pmci_slv_generation.rpt", "src/pd_qsys/fabric/ip/bpf/bpf_pmci_slv/bpf_pmci_slv.xml", "src/pd_qsys/fabric/ip/bpf/bpf_pmci_mst/bpf_pmci_mst_generation.rpt", "src/pd_qsys/fabric/ip/bpf/bpf_pmci_mst/bpf_pmci_mst.xml", "src/pd_qsys/fabric/ip/bpf/bpf_pmci_lpbk_slv/bpf_pmci_lpbk_slv_generation.rpt", "src/pd_qsys/fabric/ip/bpf/bpf_pmci_lpbk_slv/bpf_pmci_lpbk_slv.xml", "src/pd_qsys/fabric/ip/bpf/bpf_pmci_lpbk_mst/bpf_pmci_lpbk_mst_generation.rpt", "src/pd_qsys/fabric/ip/bpf/bpf_pmci_lpbk_mst/bpf_pmci_lpbk_mst.xml", "src/pd_qsys/fabric/ip/bpf/bpf_pcie_slv/bpf_pcie_slv_generation.rpt", "src/pd_qsys/fabric/ip/bpf/bpf_pcie_slv/bpf_pcie_slv.xml", "src/pd_qsys/fabric/ip/bpf/bpf_hssi_slv/bpf_hssi_slv_generation.rpt", "src/pd_qsys/fabric/ip/bpf/bpf_hssi_slv/bpf_hssi_slv.xml", "src/pd_qsys/fabric/ip/bpf/bpf_fme_slv/bpf_fme_slv_generation.rpt", "src/pd_qsys/fabric/ip/bpf/bpf_fme_slv/bpf_fme_slv.xml", "src/pd_qsys/fabric/ip/bpf/bpf_fme_mst/bpf_fme_mst_generation.rpt", "src/pd_qsys/fabric/ip/bpf/bpf_fme_mst/bpf_fme_mst.xml", "src/pd_qsys/fabric/ip/bpf/bpf_emif_slv/bpf_emif_slv_generation.rpt", "src/pd_qsys/fabric/ip/bpf/bpf_emif_slv/bpf_emif_slv.xml", "src/pd_qsys/fabric/ip/bpf/bpf_clock_bridge/bpf_clock_bridge_generation.rpt", "src/pd_qsys/fabric/ip/bpf/bpf_clock_bridge/bpf_clock_bridge.xml", "src/pd_qsys/fabric/ip/bpf/bpf_apf_slv/bpf_apf_slv_generation.rpt", "src/pd_qsys/fabric/ip/bpf/bpf_apf_slv/bpf_apf_slv.xml", "src/pd_qsys/fabric/ip/bpf/bpf_apf_mst/bpf_apf_mst_generation.rpt", "src/pd_qsys/fabric/ip/bpf/bpf_apf_mst/bpf_apf_mst.xml", "src/pd_qsys/fabric/ip/bpf/bpf_default_slv/bpf_default_slv_generation.rpt", "src/pd_qsys/fabric/ip/bpf/bpf_default_slv/bpf_default_slv.xml", "src/pd_qsys/fabric/bpf/bpf_generation.rpt", "src/pd_qsys/fabric/bpf/bpf.xml", "src/pd_qsys/fabric/apf/apf_generation.rpt", "src/pd_qsys/fabric/apf/apf.xml", "syn/board/ia840f/setup/experimental-authorization.json", "syn/board/ia840f/syn_top/qdb/_compiler/ofs_top/_flat/26.1.1/legacy/1/ofs_top.ipg.qmsgdb", "syn/board/ia840f/syn_top/afu_with_pim/pim_template/README", "syn/board/ia840f/syn_top/output_files/ipg_report/IPGElapsedTimeReport.sqlite3"] BINARYOLDPATH ["syn/board/ia840f/syn_top/qdb/_compiler/ofs_top/_flat/26.1.1/legacy/1/ofs_top.ipg.qmsgdb", "syn/board/ia840f/syn_top/output_files/ipg_report/IPGElapsedTimeReport.sqlite3"]
