{
  "draft_sha256": "46c30801c8a25d53f76857570ae06a5afb2b7d77035d95e596aa92d58c2d0da7",
  "overlay_sha256": {
    "syn/board/ia840f/setup/emif_loc.tcl": "a48a84b89fd6c5d5fd36c87cfe5c7d03264f3dea08ea6a447151351a21b523c3",
    "syn/board/ia840f/source_manifest.json": "82d5dabdc760bb24128ab0c9a5c96650da2d72f6d16f88f2d0d1780e4e745b0e",
    "ofs-common/src/fpga_family/agilex/mem_ss/mem_ss_top.sv": "b9b0deb0582d554cb2178ed4ee090c088d9841951b19d1223cd4ca96bd9498a1",
    "ofs-common/tools/ofss_config/ia840f_experimental_gate.py": "06edce372f3267f86071174c5f9624656be5ed9ad8f1d43e8a00e6eb637179f1",
    "ofs-common/tools/ofss_config/ia840f_compile_gate.py": "e4971f81975c03dc4e8ea8536c985c2bd54d52982a33da9bfabefe9070f1f3a1",
    "ofs-common/tools/ofss_config/test_ia840f_compile_gate.py": "d53dd05b86fbb93393033b6aef170e31ab7fbd517a0fb00259ffc603268e26e2",
    "ofs-common/scripts/common/syn/build_fim_compile.sh": "0514c9be94702a7ec87e16d6e90d844e37a48d097aecc73a0a731331650c7c07"
  },
  "contexts": 73,
  "runtime_tools": 10,
  "work_inventory_entries": 5563,
  "dependency_pins": 103,
  "work04_readback_unchanged": true,
  "maintained_source_readback_unchanged": true,
  "stage_rejection_rc": 1,
  "rejection": "[Errno 2] No such file or directory: '/home/uwb_student00/ahls/new_BSP/qualification/fim-build-05/compile-authorization.json'",
  "native_log_absent": true,
  "claim_absent": true,
  "ready_for_build": false,
  "accepted_execution": false,
  "quartus_started": false
}
