{
  "home_refs": {
    "syn/board/ia840f/syn_top/afu_with_pim/afu/hw/afu.qsf": [
      "/home/uwb_student00/ahls/new_BSP/ofs-agx7-pcie-attach/ofs-common/scripts/common/syn/pim/dummy_afu/dummy_afu.json"
    ]
  },
  "qip_files": 97,
  "recognized_qip_missing": [
    [
      "ofs-common/src/common/he_hssi/eth_traffic_controller/eth_std_traffic_controller_top.qip",
      "altera_avalon_sc_fifo.v"
    ]
  ],
  "scope": "Literal home paths in Tcl/QSF/QIP/IP/QSYS/SDC; literal qip_path joins. Dynamic Tcl closure is native compiler acceptance."
}
REMOTE_HANDOFF_SHA256 {
  "issue_authorization.py": "6d32a4b31bb1cbea28afc7b8fbadd62e34065ea8fe7142699dbef947efdfa424",
  "launch_native_compile.py": "9130fcc486c2830d62d5a7dbc25527e9370b2ce73c18378a667f8419bd0a3c35",
  "compile-authorization.draft.json": "46c30801c8a25d53f76857570ae06a5afb2b7d77035d95e596aa92d58c2d0da7",
  "staging-receipt.json": "f447651fcec3e0c15f721199c89bfddf89907b197cb49bda53193e07e8c4f5ad",
  "handoff-verification.json": "0cfaa0781c7a1eb59dafdb412beb9458c7e3168d7a32f7a0d864c730f2d69a52"
}
