Library vendor : Model Technology
Maximum unnamed designs : 3
Verilog PACKAGE ace5_lite_bfm_types_pkg
Verilog PACKAGE ace5_lite_burst_class_pkg
INTERFACE ace5_lite_f2soc_if
Verilog PACKAGE ace5_lite_memory_class_pkg
Verilog PACKAGE ace5_lite_operations_class_pkg
Verilog PACKAGE ace5_lite_read_response_class_pkg
MODULE ace5_lite_requestor_bfm_block
Verilog PACKAGE ace5_lite_requestor_bfm_class_pkg
MODULE ace5_lite_requestor_read_address_block
Verilog PACKAGE ace5_lite_requestor_read_address_class_pkg
MODULE ace5_lite_requestor_read_block
Verilog PACKAGE ace5_lite_requestor_read_class_pkg
MODULE ace5_lite_requestor_read_data_block
Verilog PACKAGE ace5_lite_requestor_read_data_class_pkg
MODULE ace5_lite_requestor_write_address_block
Verilog PACKAGE ace5_lite_requestor_write_address_class_pkg
MODULE ace5_lite_requestor_write_block
Verilog PACKAGE ace5_lite_requestor_write_class_pkg
MODULE ace5_lite_requestor_write_data_block
Verilog PACKAGE ace5_lite_requestor_write_data_class_pkg
MODULE ace5_lite_requestor_write_response_block
Verilog PACKAGE ace5_lite_requestor_write_response_class_pkg
MODULE ace5_lite_responder_bfm_block
Verilog PACKAGE ace5_lite_responder_bfm_class_pkg
MODULE ace5_lite_responder_read_address_block
Verilog PACKAGE ace5_lite_responder_read_address_class_pkg
MODULE ace5_lite_responder_read_block
Verilog PACKAGE ace5_lite_responder_read_class_pkg
MODULE ace5_lite_responder_read_data_block
Verilog PACKAGE ace5_lite_responder_read_data_class_pkg
MODULE ace5_lite_responder_write_address_block
Verilog PACKAGE ace5_lite_responder_write_address_class_pkg
MODULE ace5_lite_responder_write_block
Verilog PACKAGE ace5_lite_responder_write_class_pkg
MODULE ace5_lite_responder_write_data_block
Verilog PACKAGE ace5_lite_responder_write_data_class_pkg
MODULE ace5_lite_responder_write_response_block
Verilog PACKAGE ace5_lite_responder_write_response_class_pkg
Verilog PACKAGE ace5_lite_transaction_class_pkg
Verilog PACKAGE ace5_lite_write_data_burst_capture_class_pkg
Verilog PACKAGE ace5_lite_write_response_class_pkg
MODULE add_a_b_s0_s1
MODULE altera_ace5lite_mm_manager_if
MODULE altera_ace5lite_mm_subordinate_if
MODULE altera_arriav_pll
MODULE altera_arriavgz_pll
INTERFACE altera_axi4_inline_monitor
INTERFACE altera_axi4_mm_manager
INTERFACE altera_axi4_mm_subordinate
INTERFACE altera_axi4_monitor
MODULE altera_axi4_stream_receive_if
MODULE altera_axi4_stream_transmit_if
INTERFACE altera_axi4lite_mm_manager
INTERFACE altera_axi4lite_mm_subordinate
Verilog PACKAGE altera_axi_bfm_pkg
MODULE altera_config_stream_endpoint_inst
MODULE altera_cyclonev_pll
MODULE altera_default_burst_converter
Verilog PACKAGE altera_generic_pll_functions
MODULE altera_incr_burst_converter
MODULE altera_iopll
MODULE altera_iopll_rotation_lcells
Verilog PACKAGE altera_lnsim_functions
MODULE ALTERA_LNSIM_MEMORY_INITIALIZATION
Verilog PACKAGE altera_lnsim_sv_unit
MODULE altera_merlin_address_alignment
MODULE altera_merlin_burst_adapter_13_1
MODULE altera_merlin_burst_adapter_adder
MODULE altera_merlin_burst_adapter_burstwrap_increment
MODULE altera_merlin_burst_adapter_min
MODULE altera_merlin_burst_adapter_new
MODULE altera_merlin_burst_adapter_subtractor
MODULE altera_merlin_burst_adapter_uncompressed_only
MODULE altera_mult_add
MODULE altera_mult_add_rtl
MODULE altera_pll
MODULE altera_pll_dps_lcell_comb
MODULE altera_pll_reconfig_tasks
INTERFACE altera_pr_persona_if
MODULE altera_pr_wrapper_mux_in
MODULE altera_pr_wrapper_mux_out
MODULE altera_stratixv_pll
MODULE altera_syncram
MODULE altera_syncram_forwarding_logic
MODULE altera_wrap_burst_converter
MODULE ama_adder_function
MODULE ama_chainout_adder_accumulator_function
MODULE ama_coef_reg_ext_function
MODULE ama_data_split_reg_ext_function
MODULE ama_dynamic_signed_function
MODULE ama_latency_function
MODULE ama_multiplier_function
MODULE ama_preadder_function
MODULE ama_register_function
MODULE ama_register_with_ext_function
MODULE ama_scanchain
MODULE ama_signed_extension_function
MODULE ama_systolic_adder_function
MODULE async_fifo
Verilog PACKAGE axi4_stream_bfm_receive_pkg
MODULE axi4_stream_bfm_receive_top
Verilog PACKAGE axi4_stream_bfm_transmit_pkg
MODULE axi4_stream_bfm_transmit_top
Verilog PACKAGE axi4_stream_bfm_types_pkg
Verilog PACKAGE axi4_stream_bytes_class_pkg
INTERFACE axi4_stream_if
Verilog PACKAGE axi4_stream_packet_class_pkg
Verilog PACKAGE axi4_stream_receive_class_pkg
Verilog PACKAGE axi4_stream_send_class_pkg
Verilog PACKAGE axi4_stream_transfer_class_pkg
Verilog PACKAGE axi4_stream_transfer_delay_queue_class_pkg
MODULE axi_2_axilite
MODULE axi_2_axilite_altera_avalon_sc_fifo_1931_vhmcgqy
MODULE axi_2_axilite_altera_avalon_st_pipeline_stage_1920_zterisq
MODULE axi_2_axilite_altera_merlin_axi_master_ni_1931_fofi6ka
MODULE axi_2_axilite_altera_merlin_axi_slave_ni_1931_aynugjq
MODULE axi_2_axilite_altera_merlin_axi_slave_ni_1931_dvqunuy
MODULE axi_2_axilite_altera_merlin_axi_slave_ni_altera_avalon_sc_fifo_1931_3gjg7my
MODULE axi_2_axilite_altera_merlin_axi_slave_ni_altera_avalon_sc_fifo_1931_wk2cwsi
MODULE axi_2_axilite_altera_merlin_axi_translator_1921_uetfduq
MODULE axi_2_axilite_altera_merlin_burst_adapter_1922_byinaea
MODULE axi_2_axilite_altera_merlin_burst_adapter_1922_d5polci
MODULE axi_2_axilite_altera_merlin_burst_adapter_altera_avalon_st_pipeline_stage_1922_krjekii
MODULE axi_2_axilite_altera_merlin_burst_adapter_altera_avalon_st_pipeline_stage_1922_nutzdui
MODULE axi_2_axilite_altera_merlin_demultiplexer_1921_wa5umqy
MODULE axi_2_axilite_altera_merlin_multiplexer_1921_i7bidiq
MODULE axi_2_axilite_altera_merlin_multiplexer_1921_ur6ojda
MODULE axi_2_axilite_altera_merlin_router_1921_3og2u2a
MODULE axi_2_axilite_altera_merlin_router_1921_3og2u2a_default_decode
MODULE axi_2_axilite_altera_merlin_router_1921_ke3ovtq
MODULE axi_2_axilite_altera_merlin_router_1921_ke3ovtq_default_decode
MODULE axi_2_axilite_altera_merlin_router_1921_mkf4jvy
MODULE axi_2_axilite_altera_merlin_router_1921_mkf4jvy_default_decode
MODULE axi_2_axilite_altera_merlin_router_1921_mzp7sca
MODULE axi_2_axilite_altera_merlin_router_1921_mzp7sca_default_decode
MODULE axi_2_axilite_altera_merlin_router_1921_nuofsfi
MODULE axi_2_axilite_altera_merlin_router_1921_nuofsfi_default_decode
MODULE axi_2_axilite_altera_merlin_router_1921_p2qsqzq
MODULE axi_2_axilite_altera_merlin_router_1921_p2qsqzq_default_decode
MODULE axi_2_axilite_altera_merlin_width_adapter_1920_2fyrhaa
MODULE axi_2_axilite_altera_merlin_width_adapter_1920_hcsdt7a
MODULE axi_2_axilite_altera_merlin_width_adapter_1920_k3o5sgq
MODULE axi_2_axilite_altera_merlin_width_adapter_1920_y2xcxdy
MODULE axi_2_axilite_altera_mm_interconnect_1920_ekivtga
MODULE axi_2_axilite_altera_mm_interconnect_1920_tfjuqlq
MODULE axi_2_axilite_axi_bridge_0
MODULE axi_2_axilite_axi_bridge_0_altera_axi_bridge_1930_yi52wdq
MODULE axi_2_axilite_axi_bridge_1
MODULE axi_2_axilite_axi_bridge_1_altera_axi_bridge_1930_drmmryq
MODULE axi_2_axilite_axi_bridge_2
MODULE axi_2_axilite_axi_bridge_2_altera_axi_bridge_1930_yi52wdq
MODULE axi_2_axilite_axi_bridge_3
MODULE axi_2_axilite_axi_bridge_3_altera_axi_bridge_1930_drmmryq
MODULE axi_2_axilite_clock_in
MODULE axi_2_axilite_reset_in
MODULE bin2gray
MODULE common_10nm_lutram_register
MODULE common_14nm_lutram_register
MODULE common_14nm_porta_registers
MODULE common_28nm_lutram_register
MODULE common_28nm_mlab_cell_core
MODULE common_28nm_mlab_cell_core_x
MODULE common_28nm_mlab_cell_pulse_generator
MODULE common_28nm_mlab_latch
MODULE common_28nm_ram_block
MODULE common_28nm_ram_pulse_generator
MODULE common_28nm_ram_register
MODULE common_porta_latches
MODULE common_porta_registers
INTERFACE config_stream_endpoint_pr_if
Verilog PACKAGE config_stream_endpoint_pr_test_pkg
MODULE cyclone10gx_iopll_ip
MODULE dffeas_pr
MODULE dffeas_pr_prim
MODULE dprio_init
MODULE dps_extra_kick
MODULE dps_pulse_gen
MODULE dps_pulse_gen_fourteennm_iopll
MODULE dps_pulse_gen_iopll
MODULE ff_generic
MODULE ff_generic_pr
MODULE fm_altera_iopll
MODULE fourteennm_ff_generic
MODULE fourteennm_ff_generic_x
MODULE fourteennm_ff_pr
Verilog PACKAGE fourteennm_iopll_functions
MODULE fourteennm_logic_module_base
MODULE fourteennm_simple_iopll
MODULE fourteennm_sub_iopll
MODULE fp_sm_altera_iopll
MODULE generic_10nm_mlab_cell_impl
MODULE generic_14nm_mlab_cell_impl
MODULE generic_28nm_hp_mlab_cell_impl
MODULE generic_28nm_lc_mlab_cell_impl
MODULE generic_cdr
MODULE generic_device_pll
MODULE generic_m10k
MODULE generic_m20k
MODULE generic_mlab_sc
MODULE generic_mux
MODULE generic_pll
MODULE gray2bin
Verilog PACKAGE host_memory_class_pkg
MODULE intelsixteen_ff_generic
MODULE intelsixteen_ff_generic_x
MODULE iopll_advanced
MODULE iopll_bootstrap
MODULE ipm_cdc_1clk_sync
MODULE ipm_cdc_2clks_sync
MODULE ipm_cdc_async_rst
MODULE ipm_cdc_bus_sync
MODULE ipm_cdc_glitchless_clk_mux
MODULE ipm_cdc_pulse_sync
MODULE ipm_cdc_sync_rst
MODULE ipm_iopll
MODULE ipm_iopll_basic
MODULE lcell_comb_generic
MODULE logical_pll
MODULE nd_altera_iopll
MODULE noc_monitor_reg_bank
MODULE noc_perf_monitor
MODULE ready_latency_adapter_sim
MODULE ready_latency_wrapper
MODULE scfifo_s
MODULE scfifo_s_normal
MODULE scfifo_s_showahead
MODULE sevennm_logic_module_base
MODULE simple_dual_port_ram
MODULE sv_lpm_shiftreg
MODULE sync_delay
MODULE sync_fifo
MODULE tennm_data_routing_logic
MODULE tennm_ff_generic
MODULE tennm_ff_generic_x
MODULE tennm_ff_pr
MODULE tennm_logic_module_base
INTERFACE tennm_noc_axi_if
INTERFACE tennm_noc_axi_trans_q_if
MODULE tennm_noc_axilite_initiator
MODULE tennm_noc_axilite_target
MODULE tennm_noc_backbone
MODULE tennm_noc_dummy_axi4lite_slave
MODULE tennm_noc_dummy_slave
MODULE tennm_noc_initiator
MODULE tennm_noc_initiator_bfm
MODULE tennm_noc_interconnect
MODULE tennm_noc_interconnect_altera_avalon_st_pipeline_base
MODULE tennm_noc_interconnect_altera_merlin_arb_adder
MODULE tennm_noc_interconnect_altera_merlin_arbitrator
MODULE tennm_noc_interconnect_altera_merlin_burst_uncompressor
MODULE tennm_noc_interconnect_altera_reset_controller
MODULE tennm_noc_interconnect_altera_reset_synchronizer
MODULE tennm_noc_pll
Verilog PACKAGE tennm_noc_simulation_pkg
MODULE tennm_noc_ssm
MODULE tennm_noc_target
MODULE tennm_noc_target_bfm
MODULE tennm_simple_iopll
MODULE tennm_sub_iopll
MODULE true_dual_port_ram
MODULE twentynm_iopll_arlol
MODULE twentynm_iopll_ip
MODULE twentynm_prblock
INTERFACE twentynm_prblock_if
Verilog PACKAGE twentynm_prblock_test_pkg
