Info: Generated by version: 26.1.1 build 130
Info: Starting: Create simulation model
Info: qsys-generate /tmp/alt0714_4635608479207182425.dir/0341_packageGeneration/ip/mem_ss_mem_ss_501_qm5zaka/mem_ss_mem_ss_501_qm5zaka_emif_0_clk_bridge.ip --simulation=VERILOG --allow-mixed-language-simulation --simulator=MODELSIM --output-directory=/tmp/alt0714_4635608479207182425.dir/0341_packageGeneration/ip/mem_ss_mem_ss_501_qm5zaka/mem_ss_mem_ss_501_qm5zaka_emif_0_clk_bridge --family="Agilex 7" --part=AGFB027R25A2E2V
Info: mem_ss_mem_ss_501_qm5zaka_emif_0_clk_bridge: "Transforming system: mem_ss_mem_ss_501_qm5zaka_emif_0_clk_bridge"
Info: mem_ss_mem_ss_501_qm5zaka_emif_0_clk_bridge: "Naming system components in system: mem_ss_mem_ss_501_qm5zaka_emif_0_clk_bridge"
Info: mem_ss_mem_ss_501_qm5zaka_emif_0_clk_bridge: "Processing generation queue"
Info: mem_ss_mem_ss_501_qm5zaka_emif_0_clk_bridge: "Generating: mem_ss_mem_ss_501_qm5zaka_emif_0_clk_bridge"
Info: mem_ss_mem_ss_501_qm5zaka_emif_0_clk_bridge: Done "mem_ss_mem_ss_501_qm5zaka_emif_0_clk_bridge" with 1 modules, 1 files
Info: Generating the following file(s) for MODELSIM simulator in /tmp/alt0714_4635608479207182425.dir/0341_packageGeneration/ip/mem_ss_mem_ss_501_qm5zaka/mem_ss_mem_ss_501_qm5zaka_emif_0_clk_bridge/sim/ directory:
Info: 	common/modelsim_files.tcl
Info: For information on how to simulate your IP, see the explanatory comments in the simulator-specific subdirectories under /tmp/alt0714_4635608479207182425.dir/0341_packageGeneration/ip/mem_ss_mem_ss_501_qm5zaka/mem_ss_mem_ss_501_qm5zaka_emif_0_clk_bridge/sim/.
Info: Regenerate these scripts whenever you make any change to any Quartus-generated IP in your project.
Info: Finished: Create simulation model
Info: Starting: Create simulation script
Info: sim-script-gen --system-file=/tmp/alt0714_4635608479207182425.dir/0341_packageGeneration/ip/mem_ss_mem_ss_501_qm5zaka/mem_ss_mem_ss_501_qm5zaka_emif_0_clk_bridge.ip --simulator=MODELSIM --output-directory=/tmp/alt0714_4635608479207182425.dir/0341_packageGeneration/ip/mem_ss_mem_ss_501_qm5zaka/mem_ss_mem_ss_501_qm5zaka_emif_0_clk_bridge/sim/ --use-relative-paths=true --modelsim-flow=traditional
Info: Generating the following file(s) for MODELSIM simulator in /tmp/alt0714_4635608479207182425.dir/0341_packageGeneration/ip/mem_ss_mem_ss_501_qm5zaka/mem_ss_mem_ss_501_qm5zaka_emif_0_clk_bridge/sim/ directory:
Info: 	mentor/msim_setup.tcl
Info: 	mentor/run_msim_setup.tcl
Info: For information on how to simulate your IP, see the explanatory comments in the simulator-specific subdirectories under /tmp/alt0714_4635608479207182425.dir/0341_packageGeneration/ip/mem_ss_mem_ss_501_qm5zaka/mem_ss_mem_ss_501_qm5zaka_emif_0_clk_bridge/sim/.
Info: Regenerate these scripts whenever you make any change to any Quartus-generated IP in your project.
Info: Finished: Create simulation script
