Library vendor : Model Technology
Maximum unnamed designs : 3
MODULE altera_emif_arch_fm_afi_if
MODULE altera_emif_arch_fm_buf_bdir_df
MODULE altera_emif_arch_fm_buf_bdir_se
MODULE altera_emif_arch_fm_buf_udir_cp_i
MODULE altera_emif_arch_fm_buf_udir_df_i
MODULE altera_emif_arch_fm_buf_udir_df_o
MODULE altera_emif_arch_fm_buf_udir_se_i
MODULE altera_emif_arch_fm_buf_udir_se_o
MODULE altera_emif_arch_fm_buf_unused
MODULE altera_emif_arch_fm_bufs
MODULE altera_emif_arch_fm_cal_counter
MODULE altera_emif_arch_fm_core_clks_rsts
MODULE altera_emif_arch_fm_hmc_amm_data_if
MODULE altera_emif_arch_fm_hmc_ast_data_if
MODULE altera_emif_arch_fm_hmc_avl_if
MODULE altera_emif_arch_fm_hmc_mmr_if
MODULE altera_emif_arch_fm_hmc_sideband_if
MODULE altera_emif_arch_fm_hps_clks_rsts
MODULE altera_emif_arch_fm_io_lane_remap
MODULE altera_emif_arch_fm_io_tiles
MODULE altera_emif_arch_fm_io_tiles_wrap
MODULE altera_emif_arch_fm_local_reset
MODULE altera_emif_arch_fm_oct
MODULE altera_emif_arch_fm_phylite_if
MODULE altera_emif_arch_fm_pll
MODULE altera_emif_arch_fm_pll_extra_clks
MODULE altera_emif_arch_fm_pll_fast_sim
MODULE altera_emif_arch_fm_regs
MODULE altera_emif_arch_fm_seq_if
MODULE altera_emif_arch_fm_ufi_wrapper
MODULE altera_emif_arch_fm_ufis
MODULE altera_std_synchronizer_nocut
MODULE mem_ss_mem_ss_501_qm5zaka_emif_0_altera_emif_arch_fm_191_ekzngaq
MODULE mem_ss_mem_ss_501_qm5zaka_emif_0_altera_emif_arch_fm_191_ekzngaq_top
MODULE mem_ss_mem_ss_501_qm5zaka_emif_1_altera_emif_arch_fm_191_ym4dzra
MODULE mem_ss_mem_ss_501_qm5zaka_emif_1_altera_emif_arch_fm_191_ym4dzra_top
