Info: Generated by version: 26.1.1 build 130
Info: Starting: Create simulation model
Info: qsys-generate /home/uwb_student00/ahls/new_BSP/work_ia840f_fim_06/syn/board/ia840f/syn_top/../../../../ofs-common/src/common/fme_id_rom/fme_id_rom.ip --simulation=VERILOG --allow-mixed-language-simulation --simulator=MODELSIM --output-directory=/home/uwb_student00/ahls/new_BSP/work_ia840f_fim_06/ofs-common/src/common/fme_id_rom/fme_id_rom --family="Agilex 7" --part=AGFB027R25A2E2V
Warning: rom_1port_0: Invalid device name in input file: 1SX280HN2F43E2VG
: fme_id_rom.rom_1port_0: Targeting device family: Agilex 7.
: fme_id_rom.rom_1port_0: In 'Mem Init' tab, the initial content of the memory must be specified for a ROM.
Info: rom_1port_0.intel_mce_inst: NODE_NAME from GUI is NONE
Info: fme_id_rom: "Transforming system: fme_id_rom"
Info: fme_id_rom: "Naming system components in system: fme_id_rom"
Info: fme_id_rom: "Processing generation queue"
Info: fme_id_rom: "Generating: fme_id_rom"
Info: fme_id_rom: "Generating: fme_id_rom_rom_1port_2022_vqmen7i"
Info: intel_mce_inst: "Generating: intel_mce_inst"
Info: intel_mce_arb_inst: "Generating: intel_mce_arb_inst"
Info: fme_id_rom: "Generating: fme_id_rom_rom_1port_intel_mce_2022_urpbmbq"
Info: fme_id_rom: "Generating: fme_id_rom_rom_1port_intel_mce_arb_2022_azm675i"
Info: fme_id_rom: "Generating: sim_dummy"
Info: fme_id_rom: "Generating: sim_dummy"
Info: fme_id_rom: Done "fme_id_rom" with 6 modules, 6 files
Info: Generating the following file(s) for MODELSIM simulator in /home/uwb_student00/ahls/new_BSP/work_ia840f_fim_06/ofs-common/src/common/fme_id_rom/fme_id_rom/sim/ directory:
Info: 	common/modelsim_files.tcl
Info: For information on how to simulate your IP, see the explanatory comments in the simulator-specific subdirectories under /home/uwb_student00/ahls/new_BSP/work_ia840f_fim_06/ofs-common/src/common/fme_id_rom/fme_id_rom/sim/.
Info: Regenerate these scripts whenever you make any change to any Quartus-generated IP in your project.
Info: Finished: Create simulation model
Info: Starting: Create simulation script
Info: sim-script-gen --system-file=/home/uwb_student00/ahls/new_BSP/work_ia840f_fim_06/syn/board/ia840f/syn_top/../../../../ofs-common/src/common/fme_id_rom/fme_id_rom.ip --simulator=MODELSIM --output-directory=/home/uwb_student00/ahls/new_BSP/work_ia840f_fim_06/ofs-common/src/common/fme_id_rom/fme_id_rom/sim/ --use-relative-paths=true --modelsim-flow=traditional
Info: Generating the following file(s) for MODELSIM simulator in /home/uwb_student00/ahls/new_BSP/work_ia840f_fim_06/ofs-common/src/common/fme_id_rom/fme_id_rom/sim/ directory:
Info: 	mentor/msim_setup.tcl
Info: 	mentor/run_msim_setup.tcl
Info: For information on how to simulate your IP, see the explanatory comments in the simulator-specific subdirectories under /home/uwb_student00/ahls/new_BSP/work_ia840f_fim_06/ofs-common/src/common/fme_id_rom/fme_id_rom/sim/.
Info: Regenerate these scripts whenever you make any change to any Quartus-generated IP in your project.
Info: Finished: Create simulation script
Info: 
Info: Starting: Create HDL design files for synthesis
Info: qsys-generate /home/uwb_student00/ahls/new_BSP/work_ia840f_fim_06/syn/board/ia840f/syn_top/../../../../ofs-common/src/common/fme_id_rom/fme_id_rom.ip --synthesis=VERILOG --output-directory=/home/uwb_student00/ahls/new_BSP/work_ia840f_fim_06/ofs-common/src/common/fme_id_rom/fme_id_rom --family="Agilex 7" --part=AGFB027R25A2E2V
Warning: rom_1port_0: Invalid device name in input file: 1SX280HN2F43E2VG
: fme_id_rom.rom_1port_0: Targeting device family: Agilex 7.
: fme_id_rom.rom_1port_0: In 'Mem Init' tab, the initial content of the memory must be specified for a ROM.
Info: rom_1port_0.intel_mce_inst: NODE_NAME from GUI is NONE
Info: fme_id_rom: "Transforming system: fme_id_rom"
Info: fme_id_rom: "Naming system components in system: fme_id_rom"
Info: fme_id_rom: "Processing generation queue"
Info: fme_id_rom: "Generating: fme_id_rom"
Info: fme_id_rom: "Generating: fme_id_rom_rom_1port_2022_vqmen7i"
Info: intel_mce_inst: "Generating: intel_mce_inst"
Info: intel_mce_arb_inst: "Generating: intel_mce_arb_inst"
Info: fme_id_rom: "Generating: fme_id_rom_rom_1port_intel_mce_2022_urpbmbq"
Info: fme_id_rom: "Generating: fme_id_rom_rom_1port_intel_mce_arb_2022_azm675i"
Info: fme_id_rom: "Generating: sld_mod_ram_rom_top"
Info: fme_id_rom: "Generating: altera_sld_arbiter_top"
Info: fme_id_rom: Done "fme_id_rom" with 6 modules, 7 files
Info: Finished: Create HDL design files for synthesis
