Info: Generated by version: 25.1 build 129
Info: Starting: Create simulation model
Info: qsys-generate /home/uwb_student00/ahls/new_BSP/work_ahls_getting_started_fix01/runs/part3-sim/tmp/vector_add-20b31c-d9135e/ip/mpsim/sp_csr_ready.ip --simulation=VERILOG --allow-mixed-language-simulation --output-directory=/home/uwb_student00/ahls/new_BSP/work_ahls_getting_started_fix01/runs/part3-sim/tmp/vector_add-20b31c-d9135e/ip/mpsim/sp_csr_ready --family="Agilex 7" --part=AGFA006R16A2E1V
Info: sp_csr_ready: "Transforming system: sp_csr_ready"
Info: sp_csr_ready: "Naming system components in system: sp_csr_ready"
Info: sp_csr_ready: "Processing generation queue"
Info: sp_csr_ready: "Generating: sp_csr_ready"
Info: sp_csr_ready: "Generating: sp_csr_ready_avalon_split_multibit_conduit_10_6ihlvbi"
Info: sp_csr_ready: Done "sp_csr_ready" with 2 modules, 2 files
Info: Generating the following file(s) for VCSMX simulator in /home/uwb_student00/ahls/new_BSP/work_ahls_getting_started_fix01/runs/part3-sim/tmp/vector_add-20b31c-d9135e/ip/mpsim/sp_csr_ready/sim/ directory:
Info: 	common/vcsmx_files.tcl
Info: Generating the following file(s) for XCELIUM simulator in /home/uwb_student00/ahls/new_BSP/work_ahls_getting_started_fix01/runs/part3-sim/tmp/vector_add-20b31c-d9135e/ip/mpsim/sp_csr_ready/sim/ directory:
Info: 	common/xcelium_files.tcl
Info: Generating the following file(s) for RIVIERA simulator in /home/uwb_student00/ahls/new_BSP/work_ahls_getting_started_fix01/runs/part3-sim/tmp/vector_add-20b31c-d9135e/ip/mpsim/sp_csr_ready/sim/ directory:
Info: 	common/riviera_files.tcl
Info: Generating the following file(s) for MODELSIM simulator in /home/uwb_student00/ahls/new_BSP/work_ahls_getting_started_fix01/runs/part3-sim/tmp/vector_add-20b31c-d9135e/ip/mpsim/sp_csr_ready/sim/ directory:
Info: 	common/modelsim_files.tcl
Info: Generating the following file(s) for VCS simulator in /home/uwb_student00/ahls/new_BSP/work_ahls_getting_started_fix01/runs/part3-sim/tmp/vector_add-20b31c-d9135e/ip/mpsim/sp_csr_ready/sim/ directory:
Info: 	common/vcs_files.tcl
Info: For information on how to simulate your IP, see the explanatory comments in the simulator-specific subdirectories under /home/uwb_student00/ahls/new_BSP/work_ahls_getting_started_fix01/runs/part3-sim/tmp/vector_add-20b31c-d9135e/ip/mpsim/sp_csr_ready/sim/.
Info: Regenerate these scripts whenever you make any change to any Quartus-generated IP in your project.
Info: Finished: Create simulation model
Info: Starting: Create simulation script
Info: sim-script-gen --system-file=/home/uwb_student00/ahls/new_BSP/work_ahls_getting_started_fix01/runs/part3-sim/tmp/vector_add-20b31c-d9135e/ip/mpsim/sp_csr_ready.ip --output-directory=/home/uwb_student00/ahls/new_BSP/work_ahls_getting_started_fix01/runs/part3-sim/tmp/vector_add-20b31c-d9135e/ip/mpsim/sp_csr_ready/sim/ --use-relative-paths=true
Info: Generating the following file(s) for VCSMX simulator in /home/uwb_student00/ahls/new_BSP/work_ahls_getting_started_fix01/runs/part3-sim/tmp/vector_add-20b31c-d9135e/ip/mpsim/sp_csr_ready/sim/ directory:
Info: 	synopsys/vcsmx/_device_synopsys_sim.setup
Info: 	synopsys/vcsmx/synopsys_sim.setup
Info: 	synopsys/vcsmx/vcsmx_setup.sh
Info: Generating the following file(s) for XCELIUM simulator in /home/uwb_student00/ahls/new_BSP/work_ahls_getting_started_fix01/runs/part3-sim/tmp/vector_add-20b31c-d9135e/ip/mpsim/sp_csr_ready/sim/ directory:
Info: 	xcelium/cds.lib
Info: 	xcelium/hdl.var
Info: 	xcelium/xcelium_setup.sh
Info: 	3 .cds.lib files in xcelium/cds_libs/ directory
Info: Generating the following file(s) for RIVIERA simulator in /home/uwb_student00/ahls/new_BSP/work_ahls_getting_started_fix01/runs/part3-sim/tmp/vector_add-20b31c-d9135e/ip/mpsim/sp_csr_ready/sim/ directory:
Info: 	aldec/rivierapro_setup.tcl
Info: 	aldec/run_rivierapro_setup.tcl
Info: Generating the following file(s) for MODELSIM simulator in /home/uwb_student00/ahls/new_BSP/work_ahls_getting_started_fix01/runs/part3-sim/tmp/vector_add-20b31c-d9135e/ip/mpsim/sp_csr_ready/sim/ directory:
Info: 	mentor/msim_setup.tcl
Info: 	mentor/run_msim_setup.tcl
Info: Generating the following file(s) for VCS simulator in /home/uwb_student00/ahls/new_BSP/work_ahls_getting_started_fix01/runs/part3-sim/tmp/vector_add-20b31c-d9135e/ip/mpsim/sp_csr_ready/sim/ directory:
Info: 	synopsys/vcs/vcs_setup.sh
Info: For information on how to simulate your IP, see the explanatory comments in the simulator-specific subdirectories under /home/uwb_student00/ahls/new_BSP/work_ahls_getting_started_fix01/runs/part3-sim/tmp/vector_add-20b31c-d9135e/ip/mpsim/sp_csr_ready/sim/.
Info: Regenerate these scripts whenever you make any change to any Quartus-generated IP in your project.
Info: Finished: Create simulation script
