SDC Constraints report for ofs_top
Thu Oct  1 13:13:46 2026
Quartus Prime Version 26.1.1 Build 130 08/06/2026 SC Pro Edition


---------------------
; Table of Contents ;
---------------------
  1. Post-Elaboration Constraints
  2. Post-Synthesis Constraints



+--------------------------------------------------------------------------------------------------------------------------------------------------------+
; Post-Elaboration Constraints                                                                                                                           ;
+---------------+--------------------------+-------------------------------------------------------------------------------------------------+-----------+
; Constraint ID ; Command                  ; Value and Target Options                                                                        ; File Name ;
+---------------+--------------------------+-------------------------------------------------------------------------------------------------+-----------+
; 0             ; SDC::stmt_of_source_file ; [-qip] { dni/sandboxes/Agilex7Workstation_302961_0/sld/ipgen/alt_sld_fab_0/alt_sld_fab_0.qip }  ; :0        ;
; 1             ; SDC::stmt_of_source_file ; [-qip] { dni/sandboxes/Agilex7Workstation_302961_0/sld/ipgen/alt_sld_fab_1/alt_sld_fab_1.qip }  ; :0        ;
+---------------+--------------------------+-------------------------------------------------------------------------------------------------+-----------+


+--------------------------------------------------------------------------------------------------------------------------------------------------------+
; Post-Synthesis Constraints                                                                                                                             ;
+---------------+--------------------------+-------------------------------------------------------------------------------------------------+-----------+
; Constraint ID ; Command                  ; Value and Target Options                                                                        ; File Name ;
+---------------+--------------------------+-------------------------------------------------------------------------------------------------+-----------+
; 0             ; SDC::stmt_of_source_file ; [-qip] { dni/sandboxes/Agilex7Workstation_302961_0/sld/ipgen/alt_sld_fab_0/alt_sld_fab_0.qip }  ; :0        ;
; 1             ; SDC::stmt_of_source_file ; [-qip] { dni/sandboxes/Agilex7Workstation_302961_0/sld/ipgen/alt_sld_fab_1/alt_sld_fab_1.qip }  ; :0        ;
+---------------+--------------------------+-------------------------------------------------------------------------------------------------+-----------+


