
Symbol table '.dynsym' contains 250 entries:
   Num:    Value          Size Type    Bind   Vis      Ndx Name
     0: 0000000000000000     0 NOTYPE  LOCAL  DEFAULT  UND 
     1: 0000000000000000     0 FUNC    GLOBAL DEFAULT  UND getenv@GLIBC_2.2.5 (2)
     2: 0000000000000000     0 FUNC    GLOBAL DEFAULT  UND globfree@GLIBC_2.2.5 (2)
     3: 0000000000000000     0 FUNC    GLOBAL DEFAULT  UND __snprintf_chk@GLIBC_2.3.4 (3)
     4: 0000000000000000     0 FUNC    GLOBAL DEFAULT  UND dlerror@GLIBC_2.34 (4)
     5: 0000000000000000     0 FUNC    GLOBAL DEFAULT  UND free@GLIBC_2.2.5 (2)
     6: 0000000000000000     0 FUNC    GLOBAL DEFAULT  UND json_object_is_type@JSONC_0.14 (5)
     7: 0000000000000000     0 FUNC    GLOBAL DEFAULT  UND json_object_get_boolean@JSONC_0.14 (5)
     8: 0000000000000000     0 FUNC    GLOBAL DEFAULT  UND __vfprintf_chk@GLIBC_2.3.4 (3)
     9: 0000000000000000     0 FUNC    GLOBAL DEFAULT  UND __errno_location@GLIBC_2.2.5 (2)
    10: 0000000000000000     0 FUNC    GLOBAL DEFAULT  UND uuid_unparse@UUID_1.0 (6)
    11: 0000000000000000     0 FUNC    GLOBAL DEFAULT  UND strncmp@GLIBC_2.2.5 (2)
    12: 0000000000000000     0 NOTYPE  WEAK   DEFAULT  UND _ITM_deregisterTMCloneTable
    13: 0000000000000000     0 OBJECT  GLOBAL DEFAULT  UND stdout@GLIBC_2.2.5 (2)
    14: 0000000000000000     0 FUNC    GLOBAL DEFAULT  UND json_object_array_get_idx@JSONC_0.14 (5)
    15: 0000000000000000     0 FUNC    GLOBAL DEFAULT  UND __isoc99_fscanf@GLIBC_2.7 (7)
    16: 0000000000000000     0 FUNC    GLOBAL DEFAULT  UND ferror@GLIBC_2.2.5 (2)
    17: 0000000000000000     0 FUNC    GLOBAL DEFAULT  UND fread@GLIBC_2.2.5 (2)
    18: 0000000000000000     0 FUNC    GLOBAL DEFAULT  UND json_object_to_json_string_ext@JSONC_0.14 (5)
    19: 0000000000000000     0 FUNC    GLOBAL DEFAULT  UND readlink@GLIBC_2.2.5 (2)
    20: 0000000000000000     0 FUNC    GLOBAL DEFAULT  UND __open_2@GLIBC_2.7 (7)
    21: 0000000000000000     0 FUNC    GLOBAL DEFAULT  UND fclose@GLIBC_2.2.5 (2)
    22: 0000000000000000     0 FUNC    GLOBAL DEFAULT  UND opendir@GLIBC_2.2.5 (2)
    23: 0000000000000000     0 FUNC    GLOBAL DEFAULT  UND getpwuid@GLIBC_2.2.5 (2)
    24: 0000000000000000     0 FUNC    GLOBAL DEFAULT  UND json_tokener_error_desc@JSONC_0.14 (5)
    25: 0000000000000000     0 FUNC    GLOBAL DEFAULT  UND strlen@GLIBC_2.2.5 (2)
    26: 0000000000000000     0 FUNC    GLOBAL DEFAULT  UND __stack_chk_fail@GLIBC_2.4 (8)
    27: 0000000000000000     0 FUNC    GLOBAL DEFAULT  UND getuid@GLIBC_2.2.5 (2)
    28: 0000000000000000     0 FUNC    GLOBAL DEFAULT  UND pthread_mutex_destroy@GLIBC_2.2.5 (2)
    29: 0000000000000000     0 FUNC    GLOBAL DEFAULT  UND pclose@GLIBC_2.2.5 (2)
    30: 0000000000000000     0 FUNC    GLOBAL DEFAULT  UND snprintf@GLIBC_2.2.5 (2)
    31: 0000000000000000     0 FUNC    GLOBAL DEFAULT  UND pthread_mutexattr_settype@GLIBC_2.34 (4)
    32: 0000000000000000     0 FUNC    GLOBAL DEFAULT  UND ioctl@GLIBC_2.2.5 (2)
    33: 0000000000000000     0 FUNC    GLOBAL DEFAULT  UND strnlen@GLIBC_2.2.5 (2)
    34: 0000000000000000     0 FUNC    GLOBAL DEFAULT  UND scandir@GLIBC_2.2.5 (2)
    35: 0000000000000000     0 FUNC    GLOBAL DEFAULT  UND canonicalize_file_name@GLIBC_2.2.5 (2)
    36: 0000000000000000     0 FUNC    GLOBAL DEFAULT  UND close@GLIBC_2.2.5 (2)
    37: 0000000000000000     0 FUNC    GLOBAL DEFAULT  UND json_object_get_string@JSONC_0.14 (5)
    38: 0000000000000000     0 FUNC    GLOBAL DEFAULT  UND sched_setaffinity@GLIBC_2.3.4 (3)
    39: 0000000000000000     0 FUNC    GLOBAL DEFAULT  UND closedir@GLIBC_2.2.5 (2)
    40: 0000000000000000     0 FUNC    GLOBAL DEFAULT  UND read@GLIBC_2.2.5 (2)
    41: 0000000000000000     0 FUNC    GLOBAL DEFAULT  UND lstat@GLIBC_2.33 (9)
    42: 0000000000000000     0 FUNC    GLOBAL DEFAULT  UND calloc@GLIBC_2.2.5 (2)
    43: 0000000000000000     0 FUNC    GLOBAL DEFAULT  UND json_tokener_parse_verbose@JSONC_0.14 (5)
    44: 0000000000000000     0 FUNC    GLOBAL DEFAULT  UND strcmp@GLIBC_2.2.5 (2)
    45: 0000000000000000     0 FUNC    GLOBAL DEFAULT  UND dlopen@GLIBC_2.34 (4)
    46: 0000000000000000     0 FUNC    GLOBAL DEFAULT  UND __memcpy_chk@GLIBC_2.3.4 (3)
    47: 0000000000000000     0 FUNC    GLOBAL DEFAULT  UND ftell@GLIBC_2.2.5 (2)
    48: 0000000000000000     0 NOTYPE  WEAK   DEFAULT  UND __gmon_start__
    49: 0000000000000000     0 FUNC    GLOBAL DEFAULT  UND stat@GLIBC_2.33 (9)
    50: 0000000000000000     0 FUNC    GLOBAL DEFAULT  UND strtol@GLIBC_2.2.5 (2)
    51: 0000000000000000     0 FUNC    GLOBAL DEFAULT  UND realpath@GLIBC_2.3 (10)
    52: 0000000000000000     0 FUNC    GLOBAL DEFAULT  UND memcpy@GLIBC_2.14 (11)
    53: 0000000000000000     0 FUNC    GLOBAL DEFAULT  UND readdir@GLIBC_2.2.5 (2)
    54: 0000000000000000     0 FUNC    GLOBAL DEFAULT  UND pthread_mutex_unlock@GLIBC_2.2.5 (2)
    55: 0000000000000000     0 FUNC    GLOBAL DEFAULT  UND malloc@GLIBC_2.2.5 (2)
    56: 0000000000000000     0 FUNC    GLOBAL DEFAULT  UND json_object_put@JSONC_0.14 (5)
    57: 0000000000000000     0 FUNC    GLOBAL DEFAULT  UND fseek@GLIBC_2.2.5 (2)
    58: 0000000000000000     0 FUNC    GLOBAL DEFAULT  UND open@GLIBC_2.2.5 (2)
    59: 0000000000000000     0 FUNC    GLOBAL DEFAULT  UND access@GLIBC_2.2.5 (2)
    60: 0000000000000000     0 FUNC    GLOBAL DEFAULT  UND popen@GLIBC_2.2.5 (2)
    61: 0000000000000000     0 FUNC    GLOBAL DEFAULT  UND fopen@GLIBC_2.2.5 (2)
    62: 0000000000000000     0 FUNC    GLOBAL DEFAULT  UND dlsym@GLIBC_2.34 (4)
    63: 0000000000000000     0 FUNC    GLOBAL DEFAULT  UND strtoul@GLIBC_2.2.5 (2)
    64: 0000000000000000     0 FUNC    GLOBAL DEFAULT  UND glob@GLIBC_2.27 (12)
    65: 0000000000000000     0 FUNC    GLOBAL DEFAULT  UND fwrite@GLIBC_2.2.5 (2)
    66: 0000000000000000     0 FUNC    GLOBAL DEFAULT  UND __fprintf_chk@GLIBC_2.3.4 (3)
    67: 0000000000000000     0 NOTYPE  WEAK   DEFAULT  UND _ITM_registerTMCloneTable
    68: 0000000000000000     0 FUNC    GLOBAL DEFAULT  UND json_object_object_get_ex@JSONC_0.14 (5)
    69: 0000000000000000     0 FUNC    GLOBAL DEFAULT  UND pthread_mutexattr_init@GLIBC_2.34 (4)
    70: 0000000000000000     0 FUNC    GLOBAL DEFAULT  UND strdup@GLIBC_2.2.5 (2)
    71: 0000000000000000     0 FUNC    GLOBAL DEFAULT  UND strerror@GLIBC_2.2.5 (2)
    72: 0000000000000000     0 FUNC    GLOBAL DEFAULT  UND dlclose@GLIBC_2.34 (4)
    73: 0000000000000000     0 FUNC    GLOBAL DEFAULT  UND pthread_mutex_init@GLIBC_2.2.5 (2)
    74: 0000000000000000     0 FUNC    WEAK   DEFAULT  UND __cxa_finalize@GLIBC_2.2.5 (2)
    75: 0000000000000000     0 FUNC    GLOBAL DEFAULT  UND pthread_mutexattr_destroy@GLIBC_2.34 (4)
    76: 0000000000000000     0 FUNC    GLOBAL DEFAULT  UND fstatat@GLIBC_2.33 (9)
    77: 0000000000000000     0 FUNC    GLOBAL DEFAULT  UND pthread_mutex_lock@GLIBC_2.2.5 (2)
    78: 0000000000000000     0 FUNC    GLOBAL DEFAULT  UND json_object_array_length@JSONC_0.14 (5)
    79: 0000000000000000     0 OBJECT  GLOBAL DEFAULT  UND stderr@GLIBC_2.2.5 (2)
    80: 000000000001c9b0   687 FUNC    GLOBAL DEFAULT   14 fpgaPropertiesSetSubsystemVendorID
    81: 000000000000d130   492 FUNC    GLOBAL DEFAULT   14 fpgaReadError
    82: 0000000000009210    89 FUNC    GLOBAL DEFAULT   14 opae_allocate_wrapped_object
    83: 000000000000fad0   492 FUNC    GLOBAL DEFAULT   14 fpgaReconfigureSlot
    84: 00000000000221f0    54 FUNC    GLOBAL DEFAULT   14 opae_read
    85: 00000000000149b0   687 FUNC    GLOBAL DEFAULT   14 fpgaPropertiesSetSegment
    86: 00000000000113f0   492 FUNC    GLOBAL DEFAULT   14 fpgaObjectRead64
    87: 000000000000ab90   348 FUNC    GLOBAL DEFAULT   14 fpgaWriteMMIO64
    88: 0000000000022230    54 FUNC    GLOBAL DEFAULT   14 opae_fopen
    89: 000000000000f580   356 FUNC    GLOBAL DEFAULT   14 fpgaAssignPortToInterface
    90: 0000000000019e00   895 FUNC    GLOBAL DEFAULT   14 fpgaPropertiesSetNumMMIO
    91: 00000000000227b0    54 FUNC    GLOBAL DEFAULT   14 opae_strdup
    92: 000000000000f8e0   490 FUNC    GLOBAL DEFAULT   14 fpgaReleaseFromInterface
    93: 000000000000e080  1610 FUNC    GLOBAL DEFAULT   14 fpgaGetOSObjectFromEventHandle
    94: 000000000000b530  2896 FUNC    GLOBAL DEFAULT   14 fpgaEnumerate
    95: 000000000000fcc0  1013 FUNC    GLOBAL DEFAULT   14 fpgaTokenGetObject
    96: 0000000000022390    54 FUNC    GLOBAL DEFAULT   14 opae_opendir
    97: 0000000000010c20   501 FUNC    GLOBAL DEFAULT   14 fpgaDestroyObject
    98: 00000000000115e0   356 FUNC    GLOBAL DEFAULT   14 fpgaObjectWrite64
    99: 0000000000007610   919 FUNC    GLOBAL DEFAULT   14 opae_plugin_mgr_finalize_all
   100: 0000000000020f60  4559 FUNC    GLOBAL DEFAULT   14 opae_parse_libopae_json
   101: 00000000000225d0    54 FUNC    GLOBAL DEFAULT   14 opae_glob
   102: 0000000000011fd0   652 FUNC    GLOBAL DEFAULT   14 fpgaGetMetricsByIndex
   103: 0000000000008f20   134 FUNC    GLOBAL DEFAULT   14 opae_allocate_wrapped_handle
   104: 000000000001c5a0  1039 FUNC    GLOBAL DEFAULT   14 fpgaPropertiesGetSubsystemVendorID
   105: 000000000000afb0   348 FUNC    GLOBAL DEFAULT   14 fpgaReadMMIO32
   106: 000000000000f6f0   490 FUNC    GLOBAL DEFAULT   14 fpgaAssignToInterface
   107: 0000000000014c60  1039 FUNC    GLOBAL DEFAULT   14 fpgaPropertiesGetBus
   108: 000000000000b110   348 FUNC    GLOBAL DEFAULT   14 fpgaWriteMMIO512
   109: 00000000000142f0   687 FUNC    GLOBAL DEFAULT   14 fpgaPropertiesSetObjectType
   110: 0000000000016c00   687 FUNC    GLOBAL DEFAULT   14 fpgaPropertiesSetDeviceID
   111: 000000000001dbe0   605 FUNC    GLOBAL DEFAULT   14 opae_find_cfg_file
   112: 0000000000019120   170 FUNC    GLOBAL DEFAULT   14 fpgaPropertiesGetCapabilities
   113: 0000000000022450    54 FUNC    GLOBAL DEFAULT   14 opae_stat
   114: 0000000000015320  1039 FUNC    GLOBAL DEFAULT   14 fpgaPropertiesGetDevice
   115: 000000000001e8f0    50 FUNC    GLOBAL DEFAULT   14 opae_print_fpgainfo_config
   116: 0000000000022730    54 FUNC    GLOBAL DEFAULT   14 opae_free
   117: 000000000001d320  1009 FUNC    GLOBAL DEFAULT   14 afu_open_children
   118: 000000000000c3e0   231 FUNC    GLOBAL DEFAULT   14 fpgaDestroyToken
   119: 0000000000008050   629 FUNC    GLOBAL DEFAULT   14 opae_plugin_mgr_for_each_adapter
   120: 00000000000088e0   130 FUNC    GLOBAL DEFAULT   14 opae_allocate_wrapped_token
   121: 000000000000b3d0   348 FUNC    GLOBAL DEFAULT   14 fpgaUnmapMMIO
   122: 000000000001a620   895 FUNC    GLOBAL DEFAULT   14 fpgaPropertiesSetNumInterrupts
   123: 000000000000c990   372 FUNC    GLOBAL DEFAULT   14 fpgaReleaseBuffer
   124: 00000000000167f0  1039 FUNC    GLOBAL DEFAULT   14 fpgaPropertiesGetDeviceID
   125: 000000000000a110  1429 FUNC    GLOBAL DEFAULT   14 fpgaGetProperties
   126: 000000000000ce50   194 FUNC    GLOBAL DEFAULT   14 fpgaGetOPAECVersion
   127: 0000000000018e60   170 FUNC    GLOBAL DEFAULT   14 fpgaPropertiesGetModel
   128: 0000000000022330    89 FUNC    GLOBAL DEFAULT   14 opae_ioctl
   129: 000000000000ef20  1626 FUNC    GLOBAL DEFAULT   14 fpgaUnregisterEvent
   130: 000000000001e800   156 FUNC    GLOBAL DEFAULT   14 opae_free_libopae_config
   131: 000000000000c4d0    55 FUNC    GLOBAL DEFAULT   14 fpgaGetNumUmsg
   132: 000000000001e8a0    78 FUNC    GLOBAL DEFAULT   14 opae_parse_fpgainfo_config
   133: 000000000001bc90   687 FUNC    GLOBAL DEFAULT   14 fpgaPropertiesSetNumErrors
   134: 000000000000ae50   348 FUNC    GLOBAL DEFAULT   14 fpgaWriteMMIO32
   135: 0000000000015df0   831 FUNC    GLOBAL DEFAULT   14 fpgaPropertiesSetFunction
   136: 000000000001da30   426 FUNC    GLOBAL DEFAULT   14 afu_unpin_buffer
   137: 00000000000082d0   786 FUNC    GLOBAL DEFAULT   14 opae_plugin_mgr_register_plugin
   138: 0000000000009990   381 FUNC    GLOBAL DEFAULT   14 fpgaClose
   139: 0000000000018f10   170 FUNC    GLOBAL DEFAULT   14 fpgaPropertiesSetModel
   140: 000000000001e770    78 FUNC    GLOBAL DEFAULT   14 opae_parse_libopae_config
   141: 0000000000019070   170 FUNC    GLOBAL DEFAULT   14 fpgaPropertiesSetLocalMemorySize
   142: 00000000000224d0    54 FUNC    GLOBAL DEFAULT   14 opae_fstatat
   143: 0000000000009b10   348 FUNC    GLOBAL DEFAULT   14 fpgaReset
   144: 00000000000092f0  1112 FUNC    GLOBAL DEFAULT   14 fpgaOpen
   145: 0000000000022770    54 FUNC    GLOBAL DEFAULT   14 opae_canonicalize_file_name
   146: 00000000000159e0  1039 FUNC    GLOBAL DEFAULT   14 fpgaPropertiesGetFunction
   147: 0000000000022550    54 FUNC    GLOBAL DEFAULT   14 opae_scandir
   148: 00000000000222b0    54 FUNC    GLOBAL DEFAULT   14 opae_popen
   149: 000000000001eb00  4295 FUNC    GLOBAL DEFAULT   14 opae_parse_fpgad_json
   150: 0000000000018fc0   170 FUNC    GLOBAL DEFAULT   14 fpgaPropertiesGetLocalMemorySize
   151: 00000000000085f0   269 FUNC    GLOBAL DEFAULT   14 fpgaErrStr
   152: 0000000000011750   356 FUNC    GLOBAL DEFAULT   14 fpgaSetUserClock
   153: 000000000001ea60   156 FUNC    GLOBAL DEFAULT   14 opae_free_fpgad_config
   154: 000000000001d720   242 FUNC    GLOBAL DEFAULT   14 afu_close_children
   155: 00000000000222f0    54 FUNC    GLOBAL DEFAULT   14 opae_pclose
   156: 00000000000226b0    54 FUNC    GLOBAL DEFAULT   14 opae_malloc
   157: 0000000000022670    54 FUNC    GLOBAL DEFAULT   14 opae_realpath
   158: 000000000001e1a0  1481 FUNC    GLOBAL DEFAULT   14 opae_parse_device_id
   159: 0000000000011b50   492 FUNC    GLOBAL DEFAULT   14 fpgaGetNumMetrics
   160: 000000000000d010   274 FUNC    GLOBAL DEFAULT   14 fpgaGetOPAECBuildString
   161: 0000000000017f50  1207 FUNC    GLOBAL DEFAULT   14 fpgaPropertiesGetBBSVersion
   162: 0000000000022410    54 FUNC    GLOBAL DEFAULT   14 opae_readlink
   163: 00000000000126e0   404 FUNC    GLOBAL DEFAULT   14 opae_print
   164: 000000000000d600   492 FUNC    GLOBAL DEFAULT   14 fpgaGetErrorInfo
   165: 000000000001a180  1175 FUNC    GLOBAL DEFAULT   14 fpgaPropertiesGetNumInterrupts
   166: 0000000000018bb0   687 FUNC    GLOBAL DEFAULT   14 fpgaPropertiesSetVendorID
   167: 000000000002e508     4 OBJECT  GLOBAL DEFAULT   25 initialized
   168: 000000000001c2f0   687 FUNC    GLOBAL DEFAULT   14 fpgaPropertiesSetInterface
   169: 0000000000022170    56 FUNC    GLOBAL DEFAULT   14 opae_open_create
   170: 0000000000015730   687 FUNC    GLOBAL DEFAULT   14 fpgaPropertiesSetDevice
   171: 0000000000016540   687 FUNC    GLOBAL DEFAULT   14 fpgaPropertiesSetSocketID
   172: 0000000000008fb0   597 FUNC    GLOBAL DEFAULT   14 opae_allocate_wrapped_event_handle
   173: 000000000000a6b0  1239 FUNC    GLOBAL DEFAULT   14 fpgaUpdateProperties
   174: 000000000000c550    55 FUNC    GLOBAL DEFAULT   14 fpgaTriggerUmsg
   175: 00000000000187a0  1039 FUNC    GLOBAL DEFAULT   14 fpgaPropertiesGetVendorID
   176: 0000000000022590    54 FUNC    GLOBAL DEFAULT   14 opae_sched_setaffinity
   177: 0000000000022610    90 FUNC    GLOBAL DEFAULT   14 opae_globfree
   178: 0000000000022510    54 FUNC    GLOBAL DEFAULT   14 opae_access
   179: 0000000000022130    54 FUNC    GLOBAL DEFAULT   14 opae_open
   180: 0000000000010820  1013 FUNC    GLOBAL DEFAULT   14 fpgaObjectGetObject
   181: 000000000001a9a0  1175 FUNC    GLOBAL DEFAULT   14 fpgaPropertiesGetAcceleratorState
   182: 000000000000d950  1837 FUNC    GLOBAL DEFAULT   14 fpgaDestroyEventHandle
   183: 0000000000016130  1039 FUNC    GLOBAL DEFAULT   14 fpgaPropertiesGetSocketID
   184: 00000000000196a0   703 FUNC    GLOBAL DEFAULT   14 fpgaPropertiesSetGUID
   185: 000000000000e6d0  2124 FUNC    GLOBAL DEFAULT   14 fpgaRegisterEvent
   186: 0000000000015070   687 FUNC    GLOBAL DEFAULT   14 fpgaPropertiesSetBus
   187: 0000000000017700  1207 FUNC    GLOBAL DEFAULT   14 fpgaPropertiesGetBBSID
   188: 0000000000022490    54 FUNC    GLOBAL DEFAULT   14 opae_lstat
   189: 000000000000d490   356 FUNC    GLOBAL DEFAULT   14 fpgaClearAllErrors
   190: 0000000000011200   492 FUNC    GLOBAL DEFAULT   14 fpgaObjectGetType
   191: 0000000000013780   943 FUNC    GLOBAL DEFAULT   14 fpgaPropertiesGetParent
   192: 0000000000012260   644 FUNC    GLOBAL DEFAULT   14 fpgaGetMetricsByName
   193: 000000000001d070   687 FUNC    GLOBAL DEFAULT   14 fpgaPropertiesSetSubsystemDeviceID
   194: 000000000001b880  1039 FUNC    GLOBAL DEFAULT   14 fpgaPropertiesGetNumErrors
   195: 000000000000c510    55 FUNC    GLOBAL DEFAULT   14 fpgaSetUmsgAttributes
   196: 0000000000013ee0  1039 FUNC    GLOBAL DEFAULT   14 fpgaPropertiesGetObjectType
   197: 0000000000017bc0   903 FUNC    GLOBAL DEFAULT   14 fpgaPropertiesSetBBSID
   198: 00000000000223d0    54 FUNC    GLOBAL DEFAULT   14 opae_closedir
   199: 00000000000134a0   735 FUNC    GLOBAL DEFAULT   14 fpgaClearProperties
   200: 00000000000221b0    54 FUNC    GLOBAL DEFAULT   14 opae_close
   201: 000000000001e930   156 FUNC    GLOBAL DEFAULT   14 opae_free_fpgainfo_config
   202: 00000000000092b0    62 FUNC    GLOBAL DEFAULT   14 fpgaFinalize
   203: 000000000000b270   348 FUNC    GLOBAL DEFAULT   14 fpgaMapMMIO
   204: 0000000000009c70  1171 FUNC    GLOBAL DEFAULT   14 fpgaGetPropertiesFromHandle
   205: 000000000000d320   356 FUNC    GLOBAL DEFAULT   14 fpgaClearError
   206: 0000000000017370   903 FUNC    GLOBAL DEFAULT   14 fpgaPropertiesSetNumSlots
   207: 000000000000cd00   325 FUNC    GLOBAL DEFAULT   14 fpgaBindSVA
   208: 00000000000104c0   861 FUNC    GLOBAL DEFAULT   14 fpgaObjectGetObjectAt
   209: 000000000001fbd0  4997 FUNC    GLOBAL DEFAULT   14 opae_parse_fpgainfo_json
   210: 0000000000008700   474 FUNC    GLOBAL DEFAULT   14 opae_upref_wrapped_token
   211: 000000000000cf20   234 FUNC    GLOBAL DEFAULT   14 fpgaGetOPAECVersionString
   212: 00000000000191d0   170 FUNC    GLOBAL DEFAULT   14 fpgaPropertiesSetCapabilities
   213: 000000000000c590    55 FUNC    GLOBAL DEFAULT   14 fpgaGetUmsgPtr
   214: 0000000000009750   562 FUNC    GLOBAL DEFAULT   14 fpgaGetChildren
   215: 0000000000010e20   492 FUNC    GLOBAL DEFAULT   14 fpgaObjectRead
   216: 000000000001b5d0   687 FUNC    GLOBAL DEFAULT   14 fpgaPropertiesSetObjectID
   217: 00000000000079b0  1683 FUNC    GLOBAL DEFAULT   14 opae_plugin_mgr_initialize
   218: 000000000001bf40   943 FUNC    GLOBAL DEFAULT   14 fpgaPropertiesGetInterface
   219: 00000000000124f0   492 FUNC    GLOBAL DEFAULT   14 fpgaGetMetricsThresholdInfo
   220: 00000000000118c0   644 FUNC    GLOBAL DEFAULT   14 fpgaGetUserClock
   221: 0000000000016eb0  1207 FUNC    GLOBAL DEFAULT   14 fpgaPropertiesGetNumSlots
   222: 0000000000019280  1047 FUNC    GLOBAL DEFAULT   14 fpgaPropertiesGetGUID
   223: 0000000000012fc0  1246 FUNC    GLOBAL DEFAULT   14 fpgaCloneProperties
   224: 000000000000c080   861 FUNC    GLOBAL DEFAULT   14 fpgaCloneToken
   225: 0000000000018410   903 FUNC    GLOBAL DEFAULT   14 fpgaPropertiesSetBBSVersion
   226: 000000000001de40   858 FUNC    GLOBAL DEFAULT   14 opae_read_cfg_file
   227: 000000000001d820   522 FUNC    GLOBAL DEFAULT   14 afu_pin_buffer
   228: 0000000000022270    54 FUNC    GLOBAL DEFAULT   14 opae_fclose
   229: 00000000000226f0    54 FUNC    GLOBAL DEFAULT   14 opae_calloc
   230: 000000000001e9d0    78 FUNC    GLOBAL DEFAULT   14 opae_parse_fpgad_config
   231: 0000000000011010   492 FUNC    GLOBAL DEFAULT   14 fpgaObjectGetSize
   232: 000000000001ae40   895 FUNC    GLOBAL DEFAULT   14 fpgaPropertiesSetAcceleratorState
   233: 000000000001b1c0  1039 FUNC    GLOBAL DEFAULT   14 fpgaPropertiesGetObjectID
   234: 0000000000009270    62 FUNC    GLOBAL DEFAULT   14 fpgaInitialize
   235: 000000000000c5d0   954 FUNC    GLOBAL DEFAULT   14 fpgaPrepareBuffer
   236: 00000000000145a0  1039 FUNC    GLOBAL DEFAULT   14 fpgaPropertiesGetSegment
   237: 000000000001ea20    50 FUNC    GLOBAL DEFAULT   14 opae_print_fpgad_config
   238: 0000000000019960  1175 FUNC    GLOBAL DEFAULT   14 fpgaPropertiesGetNumMMIO
   239: 000000000001cc60  1039 FUNC    GLOBAL DEFAULT   14 fpgaPropertiesGetSubsystemDeviceID
   240: 000000000000acf0   348 FUNC    GLOBAL DEFAULT   14 fpgaReadMMIO64
   241: 000000000000d7f0   340 FUNC    GLOBAL DEFAULT   14 fpgaCreateEventHandle
   242: 0000000000008b50   474 FUNC    GLOBAL DEFAULT   14 opae_downref_wrapped_token
   243: 000000000001e7c0    50 FUNC    GLOBAL DEFAULT   14 opae_print_libopae_config
   244: 0000000000012880   722 FUNC    GLOBAL DEFAULT   14 opae_properties_create
   245: 0000000000011d40   644 FUNC    GLOBAL DEFAULT   14 fpgaGetMetricsInfo
   246: 0000000000012b60  1119 FUNC    GLOBAL DEFAULT   14 fpgaDestroyProperties
   247: 000000000000cb10   492 FUNC    GLOBAL DEFAULT   14 fpgaGetIOAddress
   248: 00000000000100c0  1013 FUNC    GLOBAL DEFAULT   14 fpgaHandleGetObject
   249: 0000000000013b30   943 FUNC    GLOBAL DEFAULT   14 fpgaPropertiesSetParent
