                 w _ITM_deregisterTMCloneTable
                 w _ITM_registerTMCloneTable
                 U __ctype_b_loc@GLIBC_2.3
                 w __cxa_finalize@GLIBC_2.2.5
                 U __fprintf_chk@GLIBC_2.3.4
                 w __gmon_start__
                 U __isoc99_sscanf@GLIBC_2.7
                 U __printf_chk@GLIBC_2.3.4
                 U __stack_chk_fail@GLIBC_2.4
                 U fflush@GLIBC_2.2.5
                 U fpgaClose
                 U fpgaDestroyProperties
                 U fpgaDestroyToken
                 U fpgaEnumerate
                 U fpgaErrStr
                 U fpgaFinalize
                 U fpgaGetProperties
                 U fpgaInitialize
                 U fpgaMapMMIO
                 U fpgaOpen
                 U fpgaPropertiesSetBus
                 U fpgaPropertiesSetDevice
                 U fpgaPropertiesSetDeviceID
                 U fpgaPropertiesSetFunction
                 U fpgaPropertiesSetGUID
                 U fpgaPropertiesSetObjectType
                 U fpgaPropertiesSetSegment
                 U fpgaPropertiesSetSubsystemDeviceID
                 U fpgaPropertiesSetSubsystemVendorID
                 U fpgaPropertiesSetVendorID
                 U fpgaReadMMIO64
                 U fpgaUnmapMMIO
                 U fwrite@GLIBC_2.2.5
                 U puts@GLIBC_2.2.5
                 U stderr@GLIBC_2.2.5
                 U stdout@GLIBC_2.2.5
                 U strcmp@GLIBC_2.2.5
                 U strlen@GLIBC_2.2.5
