
Dynamic section at offset 0x4de0 contains 27 entries:
  Tag        Type                         Name/Value
 0x0000000000000001 (NEEDED)             Shared library: [libopae-c.so.2]
 0x0000000000000001 (NEEDED)             Shared library: [libc.so.6]
 0x000000000000000e (SONAME)             Library soname: [libahls_memory_entry.so]
 0x000000000000001d (RUNPATH)            Library runpath: [/work/sdk-build/lib:/work/prefix/usr/lib/x86_64-linux-gnu]
 0x000000000000000c (INIT)               0x2000
 0x000000000000000d (FINI)               0x3594
 0x0000000000000019 (INIT_ARRAY)         0x5dd0
 0x000000000000001b (INIT_ARRAYSZ)       8 (bytes)
 0x000000000000001a (FINI_ARRAY)         0x5dd8
 0x000000000000001c (FINI_ARRAYSZ)       8 (bytes)
 0x000000006ffffef5 (GNU_HASH)           0x2f0
 0x0000000000000005 (STRTAB)             0x7f0
 0x0000000000000006 (SYMTAB)             0x340
 0x000000000000000a (STRSZ)              1009 (bytes)
 0x000000000000000b (SYMENT)             24 (bytes)
 0x0000000000000003 (PLTGOT)             0x6000
 0x0000000000000002 (PLTRELSZ)           864 (bytes)
 0x0000000000000014 (PLTREL)             RELA
 0x0000000000000017 (JMPREL)             0xd80
 0x0000000000000007 (RELA)               0xca8
 0x0000000000000008 (RELASZ)             216 (bytes)
 0x0000000000000009 (RELAENT)            24 (bytes)
 0x000000006ffffffe (VERNEED)            0xc48
 0x000000006fffffff (VERNEEDNUM)         1
 0x000000006ffffff0 (VERSYM)             0xbe2
 0x000000006ffffff9 (RELACOUNT)          3
 0x0000000000000000 (NULL)               0x0
