
Symbol table '.dynsym' contains 50 entries:
   Num:    Value          Size Type    Bind   Vis      Ndx Name
     0: 0000000000000000     0 NOTYPE  LOCAL  DEFAULT  UND 
     1: 0000000000000000     0 FUNC    GLOBAL DEFAULT  UND fpgaPropertiesSetSubsystemDeviceID
     2: 0000000000000000     0 FUNC    GLOBAL DEFAULT  UND fpgaPropertiesSetBus
     3: 0000000000000000     0 NOTYPE  WEAK   DEFAULT  UND _ITM_deregisterTMCloneTable
     4: 0000000000000000     0 OBJECT  GLOBAL DEFAULT  UND stdout@GLIBC_2.2.5 (2)
     5: 0000000000000000     0 FUNC    GLOBAL DEFAULT  UND puts@GLIBC_2.2.5 (2)
     6: 0000000000000000     0 FUNC    GLOBAL DEFAULT  UND fpgaEnumerate
     7: 0000000000000000     0 FUNC    GLOBAL DEFAULT  UND fpgaPropertiesSetObjectType
     8: 0000000000000000     0 FUNC    GLOBAL DEFAULT  UND fpgaPropertiesSetGUID
     9: 0000000000000000     0 FUNC    GLOBAL DEFAULT  UND strlen@GLIBC_2.2.5 (2)
    10: 0000000000000000     0 FUNC    GLOBAL DEFAULT  UND fpgaReadMMIO64
    11: 0000000000000000     0 FUNC    GLOBAL DEFAULT  UND __stack_chk_fail@GLIBC_2.4 (3)
    12: 0000000000000000     0 FUNC    GLOBAL DEFAULT  UND fpgaInitialize
    13: 0000000000000000     0 FUNC    GLOBAL DEFAULT  UND fpgaPropertiesSetVendorID
    14: 0000000000000000     0 FUNC    GLOBAL DEFAULT  UND fpgaFinalize
    15: 0000000000000000     0 FUNC    GLOBAL DEFAULT  UND fpgaPropertiesSetDevice
    16: 0000000000000000     0 FUNC    GLOBAL DEFAULT  UND fpgaPropertiesSetSegment
    17: 0000000000000000     0 FUNC    GLOBAL DEFAULT  UND strcmp@GLIBC_2.2.5 (2)
    18: 0000000000000000     0 NOTYPE  WEAK   DEFAULT  UND __gmon_start__
    19: 0000000000000000     0 FUNC    GLOBAL DEFAULT  UND fpgaClose
    20: 0000000000000000     0 FUNC    GLOBAL DEFAULT  UND fflush@GLIBC_2.2.5 (2)
    21: 0000000000000000     0 FUNC    GLOBAL DEFAULT  UND __isoc99_sscanf@GLIBC_2.7 (4)
    22: 0000000000000000     0 FUNC    GLOBAL DEFAULT  UND fpgaGetProperties
    23: 0000000000000000     0 FUNC    GLOBAL DEFAULT  UND __printf_chk@GLIBC_2.3.4 (5)
    24: 0000000000000000     0 FUNC    GLOBAL DEFAULT  UND fpgaPropertiesSetSubsystemVendorID
    25: 0000000000000000     0 FUNC    GLOBAL DEFAULT  UND fpgaDestroyToken
    26: 0000000000000000     0 FUNC    GLOBAL DEFAULT  UND fpgaPropertiesSetDeviceID
    27: 0000000000000000     0 FUNC    GLOBAL DEFAULT  UND fpgaDestroyProperties
    28: 0000000000000000     0 FUNC    GLOBAL DEFAULT  UND fpgaMapMMIO
    29: 0000000000000000     0 FUNC    GLOBAL DEFAULT  UND fpgaUnmapMMIO
    30: 0000000000000000     0 FUNC    GLOBAL DEFAULT  UND fwrite@GLIBC_2.2.5 (2)
    31: 0000000000000000     0 FUNC    GLOBAL DEFAULT  UND __fprintf_chk@GLIBC_2.3.4 (5)
    32: 0000000000000000     0 FUNC    GLOBAL DEFAULT  UND fpgaOpen
    33: 0000000000000000     0 FUNC    GLOBAL DEFAULT  UND fpgaErrStr
    34: 0000000000000000     0 NOTYPE  WEAK   DEFAULT  UND _ITM_registerTMCloneTable
    35: 0000000000000000     0 FUNC    GLOBAL DEFAULT  UND fpgaPropertiesSetFunction
    36: 0000000000000000     0 FUNC    WEAK   DEFAULT  UND __cxa_finalize@GLIBC_2.2.5 (2)
    37: 0000000000000000     0 FUNC    GLOBAL DEFAULT  UND __ctype_b_loc@GLIBC_2.3 (6)
    38: 0000000000000000     0 OBJECT  GLOBAL DEFAULT  UND stderr@GLIBC_2.2.5 (2)
    39: 00000000000025a0     9 FUNC    GLOBAL DEFAULT   14 ia840f_memory_entry
    40: 0000000000004058     8 OBJECT  GLOBAL DEFAULT   16 ahls_case_count
    41: 0000000000002870   784 FUNC    GLOBAL DEFAULT   14 ahls_run_case
    42: 00000000000027b0   188 FUNC    GLOBAL DEFAULT   14 ahls_verify_identity
    43: 00000000000025f0   316 FUNC    GLOBAL DEFAULT   14 ahls_parse_bdf
    44: 00000000000025b0    26 FUNC    GLOBAL DEFAULT   14 ia840f_memory_finalize
    45: 00000000000025d0    20 FUNC    GLOBAL DEFAULT   14 ahls_unique_match
    46: 0000000000002730   119 FUNC    GLOBAL DEFAULT   14 ahls_reference
    47: 0000000000002b80  2577 FUNC    GLOBAL DEFAULT   14 ahls_memory_frontend_main
    48: 0000000000002580    26 FUNC    GLOBAL DEFAULT   14 ia840f_memory_initialize
    49: 0000000000004060   144 OBJECT  GLOBAL DEFAULT   16 ahls_cases
