                 w _ITM_deregisterTMCloneTable
                 w _ITM_registerTMCloneTable
                 U __ctype_b_loc@GLIBC_2.3
                 w __cxa_finalize@GLIBC_2.2.5
                 U __errno_location@GLIBC_2.2.5
                 U __fprintf_chk@GLIBC_2.3.4
                 w __gmon_start__
                 U __isoc99_sscanf@GLIBC_2.7
                 U __libc_start_main@GLIBC_2.34
                 U __snprintf_chk@GLIBC_2.3.4
                 U __stack_chk_fail@GLIBC_2.4
                 U __vfprintf_chk@GLIBC_2.3.4
                 U calloc@GLIBC_2.2.5
                 U close@GLIBC_2.2.5
                 U dlerror@GLIBC_2.34
                 U dlopen@GLIBC_2.34
                 U dlsym@GLIBC_2.34
                 U fcntl@GLIBC_2.2.5
                 U free@GLIBC_2.2.5
                 U fstat@GLIBC_2.33
                 U fwrite@GLIBC_2.2.5
                 U json_object_array_get_idx@JSONC_0.14
                 U json_object_array_length@JSONC_0.14
                 U json_object_get_boolean@JSONC_0.14
                 U json_object_get_string@JSONC_0.14
                 U json_object_is_type@JSONC_0.14
                 U json_object_object_get_ex@JSONC_0.14
                 U json_object_put@JSONC_0.14
                 U json_object_to_json_string_ext@JSONC_0.14
                 U json_tokener_error_desc@JSONC_0.14
                 U json_tokener_parse_verbose@JSONC_0.14
                 U lseek@GLIBC_2.2.5
                 U malloc@GLIBC_2.2.5
                 U memchr@GLIBC_2.2.5
                 U memfd_create@GLIBC_2.27
                 U open@GLIBC_2.2.5
                 U perror@GLIBC_2.2.5
                 U read@GLIBC_2.2.5
                 U setenv@GLIBC_2.2.5
                 U stat@GLIBC_2.33
                 U strcmp@GLIBC_2.2.5
                 U strdup@GLIBC_2.2.5
                 U strlen@GLIBC_2.2.5
                 U strncmp@GLIBC_2.2.5
                 U strtoul@GLIBC_2.2.5
                 U unsetenv@GLIBC_2.2.5
                 U write@GLIBC_2.2.5
