807 730 0:53 / / rw,nodev,relatime unbindable - overlay overlay ro,seclabel,lowerdir=/home/uwb_student00/ahls/apptainer/x86_64/var/lib/apptainer/mnt/session/overlay-lowerdir:/home/uwb_student00/ahls/apptainer/x86_64/var/lib/apptainer/mnt/session/rootfs
819 807 0:51 /dev /dev rw,nosuid,relatime master:419 - tmpfs tmpfs rw,seclabel,size=65536k,uid=1000,gid=1000,inode64
820 819 0:58 / /dev/shm rw,nosuid,nodev,relatime - tmpfs tmpfs rw,seclabel,uid=1000,gid=1000,inode64
821 819 0:50 / /dev/mqueue rw,nosuid,nodev,relatime - mqueue mqueue rw,seclabel
822 819 0:59 / /dev/pts rw,nosuid,noexec,relatime - devpts devpts rw,seclabel,mode=620,ptmxmode=666
823 819 0:6 /tty /dev/tty rw,nosuid master:384 - devtmpfs devtmpfs rw,seclabel,size=65476040k,nr_inodes=16369010,mode=755,inode64
824 819 0:6 /null /dev/null rw,nosuid master:384 - devtmpfs devtmpfs rw,seclabel,size=65476040k,nr_inodes=16369010,mode=755,inode64
825 819 0:6 /zero /dev/zero rw,nosuid master:384 - devtmpfs devtmpfs rw,seclabel,size=65476040k,nr_inodes=16369010,mode=755,inode64
826 819 0:6 /random /dev/random rw,nosuid master:384 - devtmpfs devtmpfs rw,seclabel,size=65476040k,nr_inodes=16369010,mode=755,inode64
827 819 0:6 /urandom /dev/urandom rw,nosuid master:384 - devtmpfs devtmpfs rw,seclabel,size=65476040k,nr_inodes=16369010,mode=755,inode64
828 819 0:6 /vfio/vfio /dev/vfio/vfio rw,nosuid master:384 - devtmpfs devtmpfs rw,seclabel,size=65476040k,nr_inodes=16369010,mode=755,inode64
829 819 0:6 /vfio/76 /dev/vfio/76 rw,nosuid master:384 - devtmpfs devtmpfs rw,seclabel,size=65476040k,nr_inodes=16369010,mode=755,inode64
830 807 0:60 / /proc rw,nosuid,nodev,relatime - proc proc rw
831 807 253:0 /home/uwb_student00/ahls/new_BSP/work_fim24_caps03_runtime01/ddr80/scratch/tmp /tmp rw,nosuid,nodev,relatime master:371 - xfs /dev/mapper/rl-root rw,seclabel,attr2,inode64,logbufs=8,logbsize=32k,noquota
832 807 253:0 /home/uwb_student00/ahls/new_BSP/work_fim24_caps03_runtime01/ddr80/scratch/var_tmp /var/tmp rw,nosuid,nodev,relatime master:371 - xfs /dev/mapper/rl-root rw,seclabel,attr2,inode64,logbufs=8,logbsize=32k,noquota
833 807 0:51 /etc/passwd /etc/passwd rw,nosuid,relatime master:419 - tmpfs tmpfs rw,seclabel,size=65536k,uid=1000,gid=1000,inode64
834 807 0:51 /etc/group /etc/group rw,nosuid,relatime master:419 - tmpfs tmpfs rw,seclabel,size=65536k,uid=1000,gid=1000,inode64
835 807 253:0 /home/uwb_student00/ahls/new_BSP/work_caps03_ddr01/native01 /ddr ro,nosuid,nodev,relatime master:371 - xfs /dev/mapper/rl-root rw,seclabel,attr2,inode64,logbufs=8,logbsize=32k,noquota
836 807 0:23 / /sys ro,nosuid,nodev,noexec,relatime master:372 - sysfs sysfs rw,seclabel
837 836 0:7 / /sys/kernel/security rw,nosuid,nodev,noexec,relatime master:373 - securityfs securityfs rw
838 836 0:27 / /sys/fs/cgroup rw,nosuid,nodev,noexec,relatime master:374 - cgroup2 cgroup2 rw,seclabel,nsdelegate,memory_recursiveprot
839 836 0:28 / /sys/fs/pstore rw,nosuid,nodev,noexec,relatime master:375 - pstore pstore rw,seclabel
840 836 0:29 / /sys/firmware/efi/efivars rw,nosuid,nodev,noexec,relatime master:377 - efivarfs efivarfs rw
841 836 0:30 / /sys/fs/bpf rw,nosuid,nodev,noexec,relatime master:378 - bpf bpf rw,mode=700
842 836 0:18 / /sys/kernel/config rw,nosuid,nodev,noexec,relatime master:379 - configfs configfs rw
843 836 0:21 / /sys/fs/selinux rw,nosuid,noexec,relatime master:380 - selinuxfs selinuxfs rw
844 836 0:8 / /sys/kernel/debug rw,nosuid,nodev,noexec,relatime master:381 - debugfs debugfs rw,seclabel
845 836 0:13 / /sys/kernel/tracing rw,nosuid,nodev,noexec,relatime master:382 - tracefs tracefs rw,seclabel
846 836 0:33 / /sys/fs/fuse/connections rw,nosuid,nodev,noexec,relatime master:383 - fusectl fusectl rw
847 807 253:0 /home/uwb_student00/ahls/new_BSP/work_caps01_vfio01/target01 /work ro,nosuid,nodev,relatime master:371 - xfs /dev/mapper/rl-root rw,seclabel,attr2,inode64,logbufs=8,logbsize=32k,noquota
848 807 253:0 /home/uwb_student00/ahls/new_BSP/work_fim24_caps03_runtime01/ddr80 /diag rw,nosuid,nodev,relatime master:371 - xfs /dev/mapper/rl-root rw,seclabel,attr2,inode64,logbufs=8,logbsize=32k,noquota
849 807 253:0 /home/uwb_student00/ahls/new_BSP/work_fim24_caps03_runtime01/ddr80/exec /exec ro,nosuid,nodev,relatime master:371 - xfs /dev/mapper/rl-root rw,seclabel,attr2,inode64,logbufs=8,logbsize=32k,noquota
850 807 253:0 /home/uwb_student00/ahls/new_BSP/work_fim24_caps03_runtime01/ddr80/empty /empty ro,nosuid,nodev,relatime master:371 - xfs /dev/mapper/rl-root rw,seclabel,attr2,inode64,logbufs=8,logbsize=32k,noquota
