----------------
; Command Info ;
----------------
Report Path: Found 1 paths. Shortest delay is 3.455 

Tcl Command:
    report_path -show_routing -min_path -file /home/uwb_student00/ahls/new_BSP/qualification/fim-build-23/cpa-feedback37/reports/core_feedback-minimum.rpt -from [get_pins {{local_mem_wrapper|mem_ss_top|mem_ss_sv|mem_ss|mem_ss|emif_1|emif_1|arch|arch_inst|io_tiles_wrap_inst|io_tiles_inst|tile_gen[1].tile_ctrl_inst|pa_core_clk_out[0]}}] -to [get_pins {{local_mem_wrapper|mem_ss_top|mem_ss_sv|mem_ss|mem_ss|emif_1|emif_1|arch|arch_inst|io_tiles_wrap_inst|io_tiles_inst|tile_gen[1].tile_ctrl_inst|pa_core_clk_in[0]}}] -npaths 1 -nworst 1

Options:
    -from [get_pins {{local_mem_wrapper|mem_ss_top|mem_ss_sv|mem_ss|mem_ss|emif_1|emif_1|arch|arch_inst|io_tiles_wrap_inst|io_tiles_inst|tile_gen[1].tile_ctrl_inst|pa_core_clk_out[0]}}] 
    -to [get_pins {{local_mem_wrapper|mem_ss_top|mem_ss_sv|mem_ss|mem_ss|emif_1|emif_1|arch|arch_inst|io_tiles_wrap_inst|io_tiles_inst|tile_gen[1].tile_ctrl_inst|pa_core_clk_in[0]}}] 
    -npaths 1 
    -nworst 1 
    -show_routing 
    -min_path 
    -file_name "/home/uwb_student00/ahls/new_BSP/qualification/fim-build-23/cpa-feedback37/reports/core_feedback-minimum.rpt" 

Snapshot:
    final

Delay Model:
    Fast vid2 100C Model

+--------------------------------------------------------------------------------------------------------------------------------------------------------------------------------------------------------------------------------------------------------------------------------------------------------------------------------------------+
; Summary of Paths                                                                                                                                                                                                                                                                                                                           ;
+-------+------------------------------------------------------------------------------------------------------------------------------------------------------------------+-----------------------------------------------------------------------------------------------------------------------------------------------------------------+
; Delay ; From Node                                                                                                                                                        ; To Node                                                                                                                                                         ;
+-------+------------------------------------------------------------------------------------------------------------------------------------------------------------------+-----------------------------------------------------------------------------------------------------------------------------------------------------------------+
; 3.455 ; local_mem_wrapper|mem_ss_top|mem_ss_sv|mem_ss|mem_ss|emif_1|emif_1|arch|arch_inst|io_tiles_wrap_inst|io_tiles_inst|tile_gen[1].tile_ctrl_inst|pa_core_clk_out[0] ; local_mem_wrapper|mem_ss_top|mem_ss_sv|mem_ss|mem_ss|emif_1|emif_1|arch|arch_inst|io_tiles_wrap_inst|io_tiles_inst|tile_gen[1].tile_ctrl_inst|pa_core_clk_in[0] ;
+-------+------------------------------------------------------------------------------------------------------------------------------------------------------------------+-----------------------------------------------------------------------------------------------------------------------------------------------------------------+

Path #1: Delay is 3.455
===============================================================================
+----------------------------------------------------------------------------------------------------------------------------------------------------------------------------------------------------+
; Path Summary                                                                                                                                                                                       ;
+---------------------------------+------------------------------------------------------------------------------------------------------------------------------------------------------------------+
; Property                        ; Value                                                                                                                                                            ;
+---------------------------------+------------------------------------------------------------------------------------------------------------------------------------------------------------------+
; From Node                       ; local_mem_wrapper|mem_ss_top|mem_ss_sv|mem_ss|mem_ss|emif_1|emif_1|arch|arch_inst|io_tiles_wrap_inst|io_tiles_inst|tile_gen[1].tile_ctrl_inst|pa_core_clk_out[0] ;
; To Node                         ; local_mem_wrapper|mem_ss_top|mem_ss_sv|mem_ss|mem_ss|emif_1|emif_1|arch|arch_inst|io_tiles_wrap_inst|io_tiles_inst|tile_gen[1].tile_ctrl_inst|pa_core_clk_in[0]  ;
; Delay                           ; 3.455                                                                                                                                                            ;
; Worst-Case Operating Conditions ; Fast vid2 100C Model                                                                                                                                             ;
+---------------------------------+------------------------------------------------------------------------------------------------------------------------------------------------------------------+

+-----------------------------------------------------------------------------------+
; Statistics                                                                        ;
+------------------------+-------+-------+-------------+------------+-------+-------+
; Property               ; Value ; Count ; Total Delay ; % of Total ; Min   ; Max   ;
+------------------------+-------+-------+-------------+------------+-------+-------+
; Data Delay             ; 3.455 ;       ;             ;            ;       ;       ;
; Number of Logic Levels ;       ; 0     ;             ;            ;       ;       ;
; Physical Delays        ;       ;       ;             ;            ;       ;       ;
;  IC                    ;       ; 1     ; 0.000       ; 0          ; 0.000 ; 0.000 ;
;  Cell                  ;       ; 1     ; 0.485       ; 14         ; 0.485 ; 0.485 ;
;  Routing Element       ;       ; 54    ; 2.970       ; 86         ; 0.000 ; 0.189 ;
+------------------------+-------+-------+-------------+------------+-------+-------+
Note: Negative delays are omitted from totals when calculating percentages

+-------------------------------------------------------------------------------------------------------------------------------------------------------------------------------------------------------------------------------------------------------------------------------------------------+
; Data Arrival Path                                                                                                                                                                                                                                                                               ;
+---------+---------+----+------+--------+-----------------------------------------+--------------------------------------------------------------------------------------------------------------------------------------------------------------------------------------------------------------+
; Total   ; Incr    ; RF ; Type ; Fanout ; Location                                ; Element                                                                                                                                                                                                      ;
+---------+---------+----+------+--------+-----------------------------------------+--------------------------------------------------------------------------------------------------------------------------------------------------------------------------------------------------------------+
; 3.455   ; 3.455   ;    ;      ;        ;                                         ; data path                                                                                                                                                                                                    ;
;   0.000 ;   0.000 ;    ;      ; 1      ; TILECTRL_X172_Y0_N298                   ; local_mem_wrapper|mem_ss_top|mem_ss_sv|mem_ss|mem_ss|emif_1|emif_1|arch|arch_inst|io_tiles_wrap_inst|io_tiles_inst|tile_gen[1].tile_ctrl_inst|pa_core_clk_out[0]                                             ;
;   0.485 ;   0.485 ; FF ; CELL ; 15967  ; TILECTRL_X172_Y0_N298                   ; local_mem_wrapper|mem_ss_top|mem_ss_sv|mem_ss|mem_ss|emif_1|emif_1|arch|arch_inst|io_tiles_wrap_inst|io_tiles_inst|tile_gen[1].tile_ctrl_inst~fmio96fs_wr/m32_0_29__iophasealignment_to_dcm__core_clk_out[1] ;
;   0.485 ;   0.000 ; FF ; RE   ; 1      ; TILECTRL_X172_Y0_N298                   ; TILE_CTRL                                                                                                                                                                                                    ;
;   0.533 ;   0.048 ; FF ; RE   ; 1      ; IO96FSWRRE_X171_Y0_N0_I3537             ; IO96FS_WR_RE                                                                                                                                                                                                 ;
;   0.626 ;   0.093 ; FF ; RE   ; 1      ; DCM_mux_X198_Y2_N0_I29                  ; CC_DCM_GMUX_RE                                                                                                                                                                                               ;
;   0.677 ;   0.051 ; FF ; RE   ; 1      ; IO_P2C_RE_X171_Y2_N150_I171             ; IO_P2C_RE                                                                                                                                                                                                    ;
;   0.715 ;   0.038 ; FF ; RE   ; 1      ; IO_P2C_RE_X171_Y2_N150_I2               ; IO_P2C_RE                                                                                                                                                                                                    ;
;   0.748 ;   0.033 ; FF ; RE   ; 1      ; Switchbox_clock_mux_X171_Y2_N0_I221     ; CLOCK_SEGMENT_MUX                                                                                                                                                                                            ;
;   0.830 ;   0.082 ; FF ; RE   ; 1      ; Switchbox_clock_mux_X171_Y2_N0_I9       ; CLOCK_SEGMENT_MUX                                                                                                                                                                                            ;
;   0.850 ;   0.020 ; FR ; RE   ; 1      ; Vertical_seam_tap_mux_X171_Y23_N0_I189  ; CLOCK_SEGMENT_TAP_MUX                                                                                                                                                                                        ;
;   0.911 ;   0.061 ; RF ; RE   ; 1      ; Vertical_seam_tap_mux_X171_Y23_N0_I5    ; CLOCK_SEGMENT_TAP_MUX                                                                                                                                                                                        ;
;   0.941 ;   0.030 ; FF ; RE   ; 1      ; Switchbox_clock_mux_X171_Y43_N0_I221    ; CLOCK_SEGMENT_MUX                                                                                                                                                                                            ;
;   1.023 ;   0.082 ; FF ; RE   ; 1      ; Switchbox_clock_mux_X171_Y43_N0_I9      ; CLOCK_SEGMENT_MUX                                                                                                                                                                                            ;
;   1.044 ;   0.021 ; FR ; RE   ; 1      ; Vertical_seam_tap_mux_X171_Y64_N0_I189  ; CLOCK_SEGMENT_TAP_MUX                                                                                                                                                                                        ;
;   1.105 ;   0.061 ; RF ; RE   ; 1      ; Vertical_seam_tap_mux_X171_Y64_N0_I5    ; CLOCK_SEGMENT_TAP_MUX                                                                                                                                                                                        ;
;   1.134 ;   0.029 ; FF ; RE   ; 1      ; Switchbox_clock_mux_X171_Y84_N0_I221    ; CLOCK_SEGMENT_MUX                                                                                                                                                                                            ;
;   1.215 ;   0.081 ; FF ; RE   ; 1      ; Switchbox_clock_mux_X171_Y84_N0_I9      ; CLOCK_SEGMENT_MUX                                                                                                                                                                                            ;
;   1.236 ;   0.021 ; FR ; RE   ; 1      ; Vertical_seam_tap_mux_X171_Y105_N0_I189 ; CLOCK_SEGMENT_TAP_MUX                                                                                                                                                                                        ;
;   1.296 ;   0.060 ; RF ; RE   ; 1      ; Vertical_seam_tap_mux_X171_Y105_N0_I5   ; CLOCK_SEGMENT_TAP_MUX                                                                                                                                                                                        ;
;   1.326 ;   0.030 ; FF ; RE   ; 1      ; Switchbox_clock_mux_X171_Y125_N0_I221   ; CLOCK_SEGMENT_MUX                                                                                                                                                                                            ;
;   1.406 ;   0.080 ; FF ; RE   ; 1      ; Switchbox_clock_mux_X171_Y125_N0_I9     ; CLOCK_SEGMENT_MUX                                                                                                                                                                                            ;
;   1.427 ;   0.021 ; FR ; RE   ; 1      ; Vertical_seam_tap_mux_X171_Y146_N0_I189 ; CLOCK_SEGMENT_TAP_MUX                                                                                                                                                                                        ;
;   1.488 ;   0.061 ; RF ; RE   ; 1      ; Vertical_seam_tap_mux_X171_Y146_N0_I5   ; CLOCK_SEGMENT_TAP_MUX                                                                                                                                                                                        ;
;   1.520 ;   0.032 ; FF ; RE   ; 1      ; Switchbox_clock_mux_X171_Y166_N0_I221   ; CLOCK_SEGMENT_MUX                                                                                                                                                                                            ;
;   1.550 ;   0.030 ; FF ; RE   ; 2      ; Switchbox_clock_mux_X171_Y166_N0_I129   ; CLOCK_SEGMENT_MUX                                                                                                                                                                                            ;
;   1.626 ;   0.076 ; FF ; RE   ; 1      ; Switchbox_clock_mux_X171_Y166_N0_I7     ; CLOCK_SEGMENT_MUX                                                                                                                                                                                            ;
;   1.647 ;   0.021 ; FR ; RE   ; 1      ; Vertical_seam_tap_mux_X171_Y146_N0_I158 ; CLOCK_SEGMENT_TAP_MUX                                                                                                                                                                                        ;
;   1.709 ;   0.062 ; RF ; RE   ; 1      ; Vertical_seam_tap_mux_X171_Y146_N0_I2   ; CLOCK_SEGMENT_TAP_MUX                                                                                                                                                                                        ;
;   1.742 ;   0.033 ; FF ; RE   ; 1      ; Switchbox_clock_mux_X171_Y125_N0_I190   ; CLOCK_SEGMENT_MUX                                                                                                                                                                                            ;
;   1.818 ;   0.076 ; FF ; RE   ; 1      ; Switchbox_clock_mux_X171_Y125_N0_I7     ; CLOCK_SEGMENT_MUX                                                                                                                                                                                            ;
;   1.839 ;   0.021 ; FR ; RE   ; 1      ; Vertical_seam_tap_mux_X171_Y105_N0_I158 ; CLOCK_SEGMENT_TAP_MUX                                                                                                                                                                                        ;
;   1.901 ;   0.062 ; RF ; RE   ; 1      ; Vertical_seam_tap_mux_X171_Y105_N0_I2   ; CLOCK_SEGMENT_TAP_MUX                                                                                                                                                                                        ;
;   1.933 ;   0.032 ; FF ; RE   ; 2      ; Switchbox_clock_mux_X171_Y84_N0_I190    ; CLOCK_SEGMENT_MUX                                                                                                                                                                                            ;
;   2.116 ;   0.183 ; FF ; RE   ; 1      ; Switchbox_clock_mux_X171_Y84_N0_I6      ; CLOCK_SEGMENT_MUX                                                                                                                                                                                            ;
;   2.148 ;   0.032 ; FF ; RE   ; 1      ; Switchbox_clock_mux_X226_Y84_N0_I286    ; CLOCK_SEGMENT_MUX                                                                                                                                                                                            ;
;   2.333 ;   0.185 ; FF ; RE   ; 1      ; Switchbox_clock_mux_X226_Y84_N0_I6      ; CLOCK_SEGMENT_MUX                                                                                                                                                                                            ;
;   2.365 ;   0.032 ; FF ; RE   ; 2      ; Switchbox_clock_mux_X280_Y84_N0_I254    ; CLOCK_SEGMENT_MUX                                                                                                                                                                                            ;
;   2.441 ;   0.076 ; FF ; RE   ; 1      ; Switchbox_clock_mux_X280_Y84_N0_I7      ; CLOCK_SEGMENT_MUX                                                                                                                                                                                            ;
;   2.461 ;   0.020 ; FR ; RE   ; 1      ; Vertical_seam_tap_mux_X280_Y64_N0_I158  ; CLOCK_SEGMENT_TAP_MUX                                                                                                                                                                                        ;
;   2.520 ;   0.059 ; RF ; RE   ; 1      ; Vertical_seam_tap_mux_X280_Y64_N0_I2    ; CLOCK_SEGMENT_TAP_MUX                                                                                                                                                                                        ;
;   2.552 ;   0.032 ; FF ; RE   ; 2      ; Switchbox_clock_mux_X280_Y43_N0_I190    ; CLOCK_SEGMENT_MUX                                                                                                                                                                                            ;
;   2.736 ;   0.184 ; FF ; RE   ; 1      ; Switchbox_clock_mux_X280_Y43_N0_I6      ; CLOCK_SEGMENT_MUX                                                                                                                                                                                            ;
;   2.767 ;   0.031 ; FF ; RE   ; 2      ; Switchbox_clock_mux_X226_Y43_N0_I254    ; CLOCK_SEGMENT_MUX                                                                                                                                                                                            ;
;   2.843 ;   0.076 ; FF ; RE   ; 1      ; Switchbox_clock_mux_X226_Y43_N0_I7      ; CLOCK_SEGMENT_MUX                                                                                                                                                                                            ;
;   2.873 ;   0.030 ; FF ; RE   ; 2      ; Vertical_seam_tap_mux_X226_Y23_N0_I158  ; CLOCK_SEGMENT_TAP_MUX                                                                                                                                                                                        ;
;   2.956 ;   0.083 ; FF ; RE   ; 1      ; Vertical_seam_tap_mux_X226_Y23_N0_I67   ; CLOCK_SEGMENT_TAP_MUX                                                                                                                                                                                        ;
;   3.039 ;   0.083 ; FF ; RE   ; 1      ; SPINE_TAP_RE_X198_Y23_N103_I33          ; SPINE_TAP_RE                                                                                                                                                                                                 ;
;   3.098 ;   0.059 ; FF ; RE   ; 20     ; SPINE_TAP_RE_X198_Y23_N103_I1           ; SPINE_TAP_RE                                                                                                                                                                                                 ;
;   3.287 ;   0.189 ; FF ; RE   ; 2      ; SCLKMUX_RE_X198_Y3_N188_I1              ; SCLKMUX_RE                                                                                                                                                                                                   ;
;   3.297 ;   0.010 ; FF ; RE   ; 14     ; SCLKMUX_RE_X198_Y3_N188_I38             ; SCLKMUX_RE                                                                                                                                                                                                   ;
;   3.325 ;   0.028 ; FF ; RE   ; 1      ; ROWCLK_TAPOFF_X196_Y3_N0_I5             ; ROWCLK_TAPOFF                                                                                                                                                                                                ;
;   3.353 ;   0.028 ; FF ; RE   ; 1      ; GLOBAL_LOCAL_SEL_X196_Y3_N0_I3          ; GLOBAL_LOCAL_SEL                                                                                                                                                                                             ;
;   3.371 ;   0.018 ; FF ; RE   ; 1      ; RPII_X196_Y3_N0_I51                     ; RPII                                                                                                                                                                                                         ;
;   3.455 ;   0.084 ; FF ; RE   ; 1      ; RPI_X196_Y3_N0_I51                      ; RPI                                                                                                                                                                                                          ;
;   3.455 ;   0.000 ; FF ; RE   ; 1      ; IO96FSWRRE_X171_Y0_N0_I502              ; IO96FS_WR_RE                                                                                                                                                                                                 ;
;   3.455 ;   0.000 ; FF ; RE   ; 2      ; IO96COREINTFFSRE_X209_Y0_N0_I3939       ; IO96CORE_INTF_FS_RE                                                                                                                                                                                          ;
;   3.455 ;   0.000 ;    ; IC   ; 2      ; TILECTRL_X172_Y0_N298                   ; local_mem_wrapper|mem_ss_top|mem_ss_sv|mem_ss|mem_ss|emif_1|emif_1|arch|arch_inst|io_tiles_wrap_inst|io_tiles_inst|tile_gen[1].tile_ctrl_inst|pa_core_clk_in[0]                                              ;
+---------+---------+----+------+--------+-----------------------------------------+--------------------------------------------------------------------------------------------------------------------------------------------------------------------------------------------------------------+


