[
  {
    "native": 17,
    "fault": "postflight",
    "exit": 17,
    "expected_exit": 17,
    "fixture": "/tmp/work12-inert-17-postflight-fbjib9mn",
    "problems": [],
    "command": [
      "/usr/bin/python3",
      "-B",
      "/home/joe/Projects/Thesis/AHLS/new_bsp/new/qualification/fim-build-12/header-correction-02/test_failure_evidence.py",
      "--worker",
      "/home/joe/Projects/Thesis/AHLS/new_bsp/new/qualification/fim-build-12/header-correction-02/candidate/run_headers.py",
      "/tmp/work12-inert-17-postflight-fbjib9mn",
      "17",
      "postflight"
    ]
  },
  {
    "native": 0,
    "fault": "postflight",
    "exit": 1,
    "expected_exit": 1,
    "fixture": "/tmp/work12-inert-0-postflight-nz16vso2",
    "problems": [],
    "command": [
      "/usr/bin/python3",
      "-B",
      "/home/joe/Projects/Thesis/AHLS/new_bsp/new/qualification/fim-build-12/header-correction-02/test_failure_evidence.py",
      "--worker",
      "/home/joe/Projects/Thesis/AHLS/new_bsp/new/qualification/fim-build-12/header-correction-02/candidate/run_headers.py",
      "/tmp/work12-inert-0-postflight-nz16vso2",
      "0",
      "postflight"
    ]
  },
  {
    "native": 17,
    "fault": "hash",
    "exit": 17,
    "expected_exit": 17,
    "fixture": "/tmp/work12-inert-17-hash-l8jqvcu8",
    "problems": [],
    "command": [
      "/usr/bin/python3",
      "-B",
      "/home/joe/Projects/Thesis/AHLS/new_bsp/new/qualification/fim-build-12/header-correction-02/test_failure_evidence.py",
      "--worker",
      "/home/joe/Projects/Thesis/AHLS/new_bsp/new/qualification/fim-build-12/header-correction-02/candidate/run_headers.py",
      "/tmp/work12-inert-17-hash-l8jqvcu8",
      "17",
      "hash"
    ]
  },
  {
    "native": 0,
    "fault": "hash",
    "exit": 1,
    "expected_exit": 1,
    "fixture": "/tmp/work12-inert-0-hash-g1sk7ew5",
    "problems": [],
    "command": [
      "/usr/bin/python3",
      "-B",
      "/home/joe/Projects/Thesis/AHLS/new_bsp/new/qualification/fim-build-12/header-correction-02/test_failure_evidence.py",
      "--worker",
      "/home/joe/Projects/Thesis/AHLS/new_bsp/new/qualification/fim-build-12/header-correction-02/candidate/run_headers.py",
      "/tmp/work12-inert-0-hash-g1sk7ew5",
      "0",
      "hash"
    ]
  },
  {
    "native": 17,
    "fault": "stat",
    "exit": 17,
    "expected_exit": 17,
    "fixture": "/tmp/work12-inert-17-stat-9845x6vk",
    "problems": [],
    "command": [
      "/usr/bin/python3",
      "-B",
      "/home/joe/Projects/Thesis/AHLS/new_bsp/new/qualification/fim-build-12/header-correction-02/test_failure_evidence.py",
      "--worker",
      "/home/joe/Projects/Thesis/AHLS/new_bsp/new/qualification/fim-build-12/header-correction-02/candidate/run_headers.py",
      "/tmp/work12-inert-17-stat-9845x6vk",
      "17",
      "stat"
    ]
  },
  {
    "native": 0,
    "fault": "stat",
    "exit": 1,
    "expected_exit": 1,
    "fixture": "/tmp/work12-inert-0-stat-5qbr940j",
    "problems": [],
    "command": [
      "/usr/bin/python3",
      "-B",
      "/home/joe/Projects/Thesis/AHLS/new_bsp/new/qualification/fim-build-12/header-correction-02/test_failure_evidence.py",
      "--worker",
      "/home/joe/Projects/Thesis/AHLS/new_bsp/new/qualification/fim-build-12/header-correction-02/candidate/run_headers.py",
      "/tmp/work12-inert-0-stat-5qbr940j",
      "0",
      "stat"
    ]
  },
  {
    "native": 17,
    "fault": "inventory",
    "exit": 17,
    "expected_exit": 17,
    "fixture": "/tmp/work12-inert-17-inventory-031caps9",
    "problems": [],
    "command": [
      "/usr/bin/python3",
      "-B",
      "/home/joe/Projects/Thesis/AHLS/new_bsp/new/qualification/fim-build-12/header-correction-02/test_failure_evidence.py",
      "--worker",
      "/home/joe/Projects/Thesis/AHLS/new_bsp/new/qualification/fim-build-12/header-correction-02/candidate/run_headers.py",
      "/tmp/work12-inert-17-inventory-031caps9",
      "17",
      "inventory"
    ]
  },
  {
    "native": 0,
    "fault": "inventory",
    "exit": 1,
    "expected_exit": 1,
    "fixture": "/tmp/work12-inert-0-inventory-8_lcieq2",
    "problems": [],
    "command": [
      "/usr/bin/python3",
      "-B",
      "/home/joe/Projects/Thesis/AHLS/new_bsp/new/qualification/fim-build-12/header-correction-02/test_failure_evidence.py",
      "--worker",
      "/home/joe/Projects/Thesis/AHLS/new_bsp/new/qualification/fim-build-12/header-correction-02/candidate/run_headers.py",
      "/tmp/work12-inert-0-inventory-8_lcieq2",
      "0",
      "inventory"
    ]
  },
  {
    "native": 17,
    "fault": "diagnostics",
    "exit": 17,
    "expected_exit": 17,
    "fixture": "/tmp/work12-inert-17-diagnostics-7z2laz41",
    "problems": [],
    "command": [
      "/usr/bin/python3",
      "-B",
      "/home/joe/Projects/Thesis/AHLS/new_bsp/new/qualification/fim-build-12/header-correction-02/test_failure_evidence.py",
      "--worker",
      "/home/joe/Projects/Thesis/AHLS/new_bsp/new/qualification/fim-build-12/header-correction-02/candidate/run_headers.py",
      "/tmp/work12-inert-17-diagnostics-7z2laz41",
      "17",
      "diagnostics"
    ]
  },
  {
    "native": 0,
    "fault": "diagnostics",
    "exit": 1,
    "expected_exit": 1,
    "fixture": "/tmp/work12-inert-0-diagnostics-dui1m2z_",
    "problems": [],
    "command": [
      "/usr/bin/python3",
      "-B",
      "/home/joe/Projects/Thesis/AHLS/new_bsp/new/qualification/fim-build-12/header-correction-02/test_failure_evidence.py",
      "--worker",
      "/home/joe/Projects/Thesis/AHLS/new_bsp/new/qualification/fim-build-12/header-correction-02/candidate/run_headers.py",
      "/tmp/work12-inert-0-diagnostics-dui1m2z_",
      "0",
      "diagnostics"
    ]
  },
  {
    "native": 0,
    "fault": "none",
    "exit": 0,
    "expected_exit": 0,
    "fixture": "/tmp/work12-inert-0-none-3pj55l4f",
    "problems": [],
    "command": [
      "/usr/bin/python3",
      "-B",
      "/home/joe/Projects/Thesis/AHLS/new_bsp/new/qualification/fim-build-12/header-correction-02/test_failure_evidence.py",
      "--worker",
      "/home/joe/Projects/Thesis/AHLS/new_bsp/new/qualification/fim-build-12/header-correction-02/candidate/run_headers.py",
      "/tmp/work12-inert-0-none-3pj55l4f",
      "0",
      "none"
    ]
  },
  {
    "native": 17,
    "fault": "none",
    "exit": 17,
    "expected_exit": 17,
    "fixture": "/tmp/work12-inert-17-none-91lk7lrp",
    "problems": [],
    "command": [
      "/usr/bin/python3",
      "-B",
      "/home/joe/Projects/Thesis/AHLS/new_bsp/new/qualification/fim-build-12/header-correction-02/test_failure_evidence.py",
      "--worker",
      "/home/joe/Projects/Thesis/AHLS/new_bsp/new/qualification/fim-build-12/header-correction-02/candidate/run_headers.py",
      "/tmp/work12-inert-17-none-91lk7lrp",
      "17",
      "none"
    ]
  },
  {
    "native": -15,
    "fault": "postflight",
    "exit": 143,
    "expected_exit": 143,
    "fixture": "/tmp/work12-inert--15-postflight-gvwrr9ns",
    "problems": [],
    "command": [
      "/usr/bin/python3",
      "-B",
      "/home/joe/Projects/Thesis/AHLS/new_bsp/new/qualification/fim-build-12/header-correction-02/test_failure_evidence.py",
      "--worker",
      "/home/joe/Projects/Thesis/AHLS/new_bsp/new/qualification/fim-build-12/header-correction-02/candidate/run_headers.py",
      "/tmp/work12-inert--15-postflight-gvwrr9ns",
      "-15",
      "postflight"
    ]
  },
  {
    "native": -15,
    "fault": "none",
    "exit": 143,
    "expected_exit": 143,
    "fixture": "/tmp/work12-inert--15-none-u2rqr0zi",
    "problems": [],
    "command": [
      "/usr/bin/python3",
      "-B",
      "/home/joe/Projects/Thesis/AHLS/new_bsp/new/qualification/fim-build-12/header-correction-02/test_failure_evidence.py",
      "--worker",
      "/home/joe/Projects/Thesis/AHLS/new_bsp/new/qualification/fim-build-12/header-correction-02/candidate/run_headers.py",
      "/tmp/work12-inert--15-none-u2rqr0zi",
      "-15",
      "none"
    ]
  }
]
