[
  {
    "native": 17,
    "fault": "postflight",
    "exit": 1,
    "expected_exit": 17,
    "fixture": "/tmp/work12-inert-17-postflight-lc0734kt",
    "problems": [
      "exit 1 != 17",
      "native rc missing",
      "missing outputs.json",
      "missing postheader-work-inventory.json",
      "missing native-status.json",
      "not rejected",
      "missing explicit errors"
    ],
    "command": [
      "/usr/bin/python3",
      "-B",
      "/home/joe/Projects/Thesis/AHLS/new_bsp/new/qualification/fim-build-12/header-correction-02/test_failure_evidence.py",
      "--worker",
      "/home/joe/Projects/Thesis/AHLS/new_bsp/new/qualification/fim-build-12/remote-evidence/run_headers.py",
      "/tmp/work12-inert-17-postflight-lc0734kt",
      "17",
      "postflight"
    ]
  },
  {
    "native": 0,
    "fault": "postflight",
    "exit": 1,
    "expected_exit": 1,
    "fixture": "/tmp/work12-inert-0-postflight-1bc8_jv4",
    "problems": [
      "native rc missing",
      "missing outputs.json",
      "missing postheader-work-inventory.json",
      "missing native-status.json",
      "not rejected",
      "missing explicit errors"
    ],
    "command": [
      "/usr/bin/python3",
      "-B",
      "/home/joe/Projects/Thesis/AHLS/new_bsp/new/qualification/fim-build-12/header-correction-02/test_failure_evidence.py",
      "--worker",
      "/home/joe/Projects/Thesis/AHLS/new_bsp/new/qualification/fim-build-12/remote-evidence/run_headers.py",
      "/tmp/work12-inert-0-postflight-1bc8_jv4",
      "0",
      "postflight"
    ]
  },
  {
    "native": 17,
    "fault": "hash",
    "exit": 1,
    "expected_exit": 17,
    "fixture": "/tmp/work12-inert-17-hash-extooeb3",
    "problems": [
      "exit 1 != 17",
      "native rc missing",
      "missing outputs.json",
      "missing postheader-work-inventory.json",
      "missing native-status.json",
      "not rejected",
      "missing explicit errors"
    ],
    "command": [
      "/usr/bin/python3",
      "-B",
      "/home/joe/Projects/Thesis/AHLS/new_bsp/new/qualification/fim-build-12/header-correction-02/test_failure_evidence.py",
      "--worker",
      "/home/joe/Projects/Thesis/AHLS/new_bsp/new/qualification/fim-build-12/remote-evidence/run_headers.py",
      "/tmp/work12-inert-17-hash-extooeb3",
      "17",
      "hash"
    ]
  },
  {
    "native": 0,
    "fault": "hash",
    "exit": 1,
    "expected_exit": 1,
    "fixture": "/tmp/work12-inert-0-hash-l1giybt3",
    "problems": [
      "native rc missing",
      "missing outputs.json",
      "missing postheader-work-inventory.json",
      "missing native-status.json",
      "not rejected",
      "missing explicit errors"
    ],
    "command": [
      "/usr/bin/python3",
      "-B",
      "/home/joe/Projects/Thesis/AHLS/new_bsp/new/qualification/fim-build-12/header-correction-02/test_failure_evidence.py",
      "--worker",
      "/home/joe/Projects/Thesis/AHLS/new_bsp/new/qualification/fim-build-12/remote-evidence/run_headers.py",
      "/tmp/work12-inert-0-hash-l1giybt3",
      "0",
      "hash"
    ]
  },
  {
    "native": 17,
    "fault": "stat",
    "exit": 1,
    "expected_exit": 17,
    "fixture": "/tmp/work12-inert-17-stat-u940ulf9",
    "problems": [
      "exit 1 != 17",
      "native rc missing",
      "missing outputs.json",
      "missing postheader-work-inventory.json",
      "missing native-status.json",
      "not rejected",
      "missing explicit errors"
    ],
    "command": [
      "/usr/bin/python3",
      "-B",
      "/home/joe/Projects/Thesis/AHLS/new_bsp/new/qualification/fim-build-12/header-correction-02/test_failure_evidence.py",
      "--worker",
      "/home/joe/Projects/Thesis/AHLS/new_bsp/new/qualification/fim-build-12/remote-evidence/run_headers.py",
      "/tmp/work12-inert-17-stat-u940ulf9",
      "17",
      "stat"
    ]
  },
  {
    "native": 0,
    "fault": "stat",
    "exit": 1,
    "expected_exit": 1,
    "fixture": "/tmp/work12-inert-0-stat-krrb2dkk",
    "problems": [
      "native rc missing",
      "missing outputs.json",
      "missing postheader-work-inventory.json",
      "missing native-status.json",
      "not rejected",
      "missing explicit errors"
    ],
    "command": [
      "/usr/bin/python3",
      "-B",
      "/home/joe/Projects/Thesis/AHLS/new_bsp/new/qualification/fim-build-12/header-correction-02/test_failure_evidence.py",
      "--worker",
      "/home/joe/Projects/Thesis/AHLS/new_bsp/new/qualification/fim-build-12/remote-evidence/run_headers.py",
      "/tmp/work12-inert-0-stat-krrb2dkk",
      "0",
      "stat"
    ]
  },
  {
    "native": 17,
    "fault": "inventory",
    "exit": 1,
    "expected_exit": 17,
    "fixture": "/tmp/work12-inert-17-inventory-kgmwztpv",
    "problems": [
      "exit 1 != 17",
      "native rc missing",
      "missing postheader-work-inventory.json",
      "missing native-status.json",
      "not rejected",
      "missing explicit errors"
    ],
    "command": [
      "/usr/bin/python3",
      "-B",
      "/home/joe/Projects/Thesis/AHLS/new_bsp/new/qualification/fim-build-12/header-correction-02/test_failure_evidence.py",
      "--worker",
      "/home/joe/Projects/Thesis/AHLS/new_bsp/new/qualification/fim-build-12/remote-evidence/run_headers.py",
      "/tmp/work12-inert-17-inventory-kgmwztpv",
      "17",
      "inventory"
    ]
  },
  {
    "native": 0,
    "fault": "inventory",
    "exit": 1,
    "expected_exit": 1,
    "fixture": "/tmp/work12-inert-0-inventory-5ptb6cei",
    "problems": [
      "native rc missing",
      "missing postheader-work-inventory.json",
      "missing native-status.json",
      "not rejected",
      "missing explicit errors"
    ],
    "command": [
      "/usr/bin/python3",
      "-B",
      "/home/joe/Projects/Thesis/AHLS/new_bsp/new/qualification/fim-build-12/header-correction-02/test_failure_evidence.py",
      "--worker",
      "/home/joe/Projects/Thesis/AHLS/new_bsp/new/qualification/fim-build-12/remote-evidence/run_headers.py",
      "/tmp/work12-inert-0-inventory-5ptb6cei",
      "0",
      "inventory"
    ]
  },
  {
    "native": 17,
    "fault": "diagnostics",
    "exit": 1,
    "expected_exit": 17,
    "fixture": "/tmp/work12-inert-17-diagnostics-37ksuu4w",
    "problems": [
      "exit 1 != 17",
      "native rc missing",
      "missing outputs.json",
      "missing postheader-work-inventory.json",
      "missing native-status.json",
      "not rejected",
      "missing explicit errors"
    ],
    "command": [
      "/usr/bin/python3",
      "-B",
      "/home/joe/Projects/Thesis/AHLS/new_bsp/new/qualification/fim-build-12/header-correction-02/test_failure_evidence.py",
      "--worker",
      "/home/joe/Projects/Thesis/AHLS/new_bsp/new/qualification/fim-build-12/remote-evidence/run_headers.py",
      "/tmp/work12-inert-17-diagnostics-37ksuu4w",
      "17",
      "diagnostics"
    ]
  },
  {
    "native": 0,
    "fault": "diagnostics",
    "exit": 1,
    "expected_exit": 1,
    "fixture": "/tmp/work12-inert-0-diagnostics-jki5rnz8",
    "problems": [
      "native rc missing",
      "missing outputs.json",
      "missing postheader-work-inventory.json",
      "missing native-status.json",
      "not rejected",
      "missing explicit errors"
    ],
    "command": [
      "/usr/bin/python3",
      "-B",
      "/home/joe/Projects/Thesis/AHLS/new_bsp/new/qualification/fim-build-12/header-correction-02/test_failure_evidence.py",
      "--worker",
      "/home/joe/Projects/Thesis/AHLS/new_bsp/new/qualification/fim-build-12/remote-evidence/run_headers.py",
      "/tmp/work12-inert-0-diagnostics-jki5rnz8",
      "0",
      "diagnostics"
    ]
  },
  {
    "native": 0,
    "fault": "none",
    "exit": 0,
    "expected_exit": 0,
    "fixture": "/tmp/work12-inert-0-none-6bfdvph8",
    "problems": [
      "missing native-status.json"
    ],
    "command": [
      "/usr/bin/python3",
      "-B",
      "/home/joe/Projects/Thesis/AHLS/new_bsp/new/qualification/fim-build-12/header-correction-02/test_failure_evidence.py",
      "--worker",
      "/home/joe/Projects/Thesis/AHLS/new_bsp/new/qualification/fim-build-12/remote-evidence/run_headers.py",
      "/tmp/work12-inert-0-none-6bfdvph8",
      "0",
      "none"
    ]
  },
  {
    "native": 17,
    "fault": "none",
    "exit": 17,
    "expected_exit": 17,
    "fixture": "/tmp/work12-inert-17-none-y2nx5cw6",
    "problems": [
      "missing native-status.json"
    ],
    "command": [
      "/usr/bin/python3",
      "-B",
      "/home/joe/Projects/Thesis/AHLS/new_bsp/new/qualification/fim-build-12/header-correction-02/test_failure_evidence.py",
      "--worker",
      "/home/joe/Projects/Thesis/AHLS/new_bsp/new/qualification/fim-build-12/remote-evidence/run_headers.py",
      "/tmp/work12-inert-17-none-y2nx5cw6",
      "17",
      "none"
    ]
  },
  {
    "native": -15,
    "fault": "postflight",
    "exit": 1,
    "expected_exit": 143,
    "fixture": "/tmp/work12-inert--15-postflight-47tzeyci",
    "problems": [
      "exit 1 != 143",
      "native rc missing",
      "missing outputs.json",
      "missing postheader-work-inventory.json",
      "missing native-status.json",
      "not rejected",
      "missing explicit errors"
    ],
    "command": [
      "/usr/bin/python3",
      "-B",
      "/home/joe/Projects/Thesis/AHLS/new_bsp/new/qualification/fim-build-12/header-correction-02/test_failure_evidence.py",
      "--worker",
      "/home/joe/Projects/Thesis/AHLS/new_bsp/new/qualification/fim-build-12/remote-evidence/run_headers.py",
      "/tmp/work12-inert--15-postflight-47tzeyci",
      "-15",
      "postflight"
    ]
  },
  {
    "native": -15,
    "fault": "none",
    "exit": 241,
    "expected_exit": 143,
    "fixture": "/tmp/work12-inert--15-none-py2ct175",
    "problems": [
      "exit 241 != 143",
      "missing native-status.json"
    ],
    "command": [
      "/usr/bin/python3",
      "-B",
      "/home/joe/Projects/Thesis/AHLS/new_bsp/new/qualification/fim-build-12/header-correction-02/test_failure_evidence.py",
      "--worker",
      "/home/joe/Projects/Thesis/AHLS/new_bsp/new/qualification/fim-build-12/remote-evidence/run_headers.py",
      "/tmp/work12-inert--15-none-py2ct175",
      "-15",
      "none"
    ]
  }
]
