------------------------------------------------------------
Timing Analyzer Summary
------------------------------------------------------------

Type  : Setup 'local_mem_wrapper|mem_ss_top|mem_ss_sv|mem_ss|mem_ss|emif_0|emif_0_core_usr_clk'
Slack : -0.435
TNS   : -152.255
Corner: Slow vid2 100C Model

Type  : Setup 'local_mem_wrapper|mem_ss_top|mem_ss_sv|mem_ss|mem_ss|emif_1|emif_1_core_usr_clk'
Slack : -0.313
TNS   : -86.055
Corner: Slow vid2 100C Model

Type  : Setup 'sys_pll|iopll_0_clk_sys'
Slack : 0.094
TNS   : 0.000
Corner: Slow vid2 100C Model

Type  : Setup 'pcie_wrapper|pcie_ss.top|host_pcie.pcie_ss|pcie_ss|gen_ptile.u_ptile|intel_pcie_ptile_ast_qhip|inst|inst|maib_and_tile|xcvr_hip_native|rx_ch15'
Slack : 0.242
TNS   : 0.000
Corner: Slow vid2 100C Model

Type  : Setup 'local_mem_wrapper|mem_ss_top|mem_ss_sv|mem_ss|mem_ss|emif_1|emif_1_phy_clk_l_0'
Slack : 0.652
TNS   : 0.000
Corner: Slow vid2 100C Model

Type  : Setup 'local_mem_wrapper|mem_ss_top|mem_ss_sv|mem_ss|mem_ss|emif_0|emif_0_phy_clk_l_0'
Slack : 0.692
TNS   : 0.000
Corner: Slow vid2 100C Model

Type  : Setup 'sys_pll|iopll_0_clk_100m'
Slack : 1.525
TNS   : 0.000
Corner: Slow vid2 100C Model

Type  : Setup 'altera_int_osc_clk'
Slack : 2.126
TNS   : 0.000
Corner: Slow vid2 100C Model

Type  : Setup 'local_mem_wrapper|mem_ss_top|mem_ss_sv|mem_ss|mem_ss|emif_0|emif_0_phy_clk_0'
Slack : 2.498
TNS   : 0.000
Corner: Slow vid2 100C Model

Type  : Setup 'local_mem_wrapper|mem_ss_top|mem_ss_sv|mem_ss|mem_ss|emif_1|emif_1_phy_clk_0'
Slack : 2.581
TNS   : 0.000
Corner: Slow vid2 100C Model

Type  : Setup 'afu_top|pg_afu.port_gasket|user_clock|qph_user_clk|pll.qph_user_clk_iopll|iopll_0_outclk0'
Slack : 2.782
TNS   : 0.000
Corner: Slow vid2 100C Model

Type  : Setup 'sys_pll|iopll_0_clk_sys_div2'
Slack : 3.886
TNS   : 0.000
Corner: Slow vid2 100C Model

Type  : Setup 'afu_top|pg_afu.port_gasket|user_clock|qph_user_clk|pll.qph_user_clk_iopll|iopll_0_outclk1'
Slack : 5.930
TNS   : 0.000
Corner: Slow vid2 100C Model

Type  : Setup 'sys_pll|iopll_0_clk_sys_div4'
Slack : 8.197
TNS   : 0.000
Corner: Slow vid2 100C Model

Type  : Setup 'local_mem_wrapper|mem_ss_top|mem_ss_sv|mem_ss|mem_ss|emif_0|emif_0_ref_clock'
Slack : 28.800
TNS   : 0.000
Corner: Slow vid2 100C Model

Type  : Setup 'altera_reserved_tck'
Slack : 42.455
TNS   : 0.000
Corner: Slow vid2 100C Model

Type  : Setup 'bwbmc_fpga_max_sclk'
Slack : 86.988
TNS   : 0.000
Corner: Slow vid2b 100C Model

Type  : Hold 'local_mem_wrapper|mem_ss_top|mem_ss_sv|mem_ss|mem_ss|emif_1|emif_1_phy_clk_l_0'
Slack : -0.004
TNS   : -0.004
Corner: Fast vid2 100C Model

Type  : Hold 'local_mem_wrapper|mem_ss_top|mem_ss_sv|mem_ss|mem_ss|emif_0|emif_0_core_usr_clk'
Slack : 0.000
TNS   : 0.000
Corner: Slow vid2 100C Model

Type  : Hold 'local_mem_wrapper|mem_ss_top|mem_ss_sv|mem_ss|mem_ss|emif_1|emif_1_core_usr_clk'
Slack : 0.001
TNS   : 0.000
Corner: Slow vid2 100C Model

Type  : Hold 'pcie_wrapper|pcie_ss.top|host_pcie.pcie_ss|pcie_ss|gen_ptile.u_ptile|intel_pcie_ptile_ast_qhip|inst|inst|maib_and_tile|xcvr_hip_native|rx_ch15'
Slack : 0.002
TNS   : 0.000
Corner: Fast vid2 100C Model

Type  : Hold 'sys_pll|iopll_0_clk_sys'
Slack : 0.003
TNS   : 0.000
Corner: Fast vid2 100C Model

Type  : Hold 'sys_pll|iopll_0_clk_100m'
Slack : 0.010
TNS   : 0.000
Corner: Fast vid2a 100C Model

Type  : Hold 'altera_int_osc_clk'
Slack : 0.026
TNS   : 0.000
Corner: Fast vid2 100C Model

Type  : Hold 'local_mem_wrapper|mem_ss_top|mem_ss_sv|mem_ss|mem_ss|emif_0|emif_0_ref_clock'
Slack : 0.054
TNS   : 0.000
Corner: Fast vid2 100C Model

Type  : Hold 'altera_reserved_tck'
Slack : 0.075
TNS   : 0.000
Corner: Fast vid2 100C Model

Type  : Hold 'afu_top|pg_afu.port_gasket|user_clock|qph_user_clk|pll.qph_user_clk_iopll|iopll_0_outclk0'
Slack : 0.090
TNS   : 0.000
Corner: Fast vid2a 0C Model

Type  : Hold 'afu_top|pg_afu.port_gasket|user_clock|qph_user_clk|pll.qph_user_clk_iopll|iopll_0_outclk1'
Slack : 0.093
TNS   : 0.000
Corner: Fast vid2a 0C Model

Type  : Hold 'sys_pll|iopll_0_clk_sys_div2'
Slack : 0.098
TNS   : 0.000
Corner: Fast vid2a 0C Model

Type  : Hold 'sys_pll|iopll_0_clk_sys_div4'
Slack : 0.098
TNS   : 0.000
Corner: Fast vid2a 0C Model

Type  : Hold 'local_mem_wrapper|mem_ss_top|mem_ss_sv|mem_ss|mem_ss|emif_0|emif_0_phy_clk_l_0'
Slack : 0.103
TNS   : 0.000
Corner: Fast vid2 100C Model

Type  : Hold 'local_mem_wrapper|mem_ss_top|mem_ss_sv|mem_ss|mem_ss|emif_1|emif_1_phy_clk_0'
Slack : 0.306
TNS   : 0.000
Corner: Fast vid2a 0C Model

Type  : Hold 'local_mem_wrapper|mem_ss_top|mem_ss_sv|mem_ss|mem_ss|emif_0|emif_0_phy_clk_0'
Slack : 0.454
TNS   : 0.000
Corner: Fast vid2a 0C Model

Type  : Hold 'bwbmc_fpga_max_sclk'
Slack : 0.493
TNS   : 0.000
Corner: Fast vid2a 0C Model

Type  : Recovery 'pcie_wrapper|pcie_ss.top|host_pcie.pcie_ss|pcie_ss|gen_ptile.u_ptile|intel_pcie_ptile_ast_qhip|inst|inst|maib_and_tile|xcvr_hip_native|rx_ch15'
Slack : 0.266
TNS   : 0.000
Corner: Slow vid2b 100C Model

Type  : Recovery 'sys_pll|iopll_0_clk_sys'
Slack : 0.536
TNS   : 0.000
Corner: Slow vid2b 100C Model

Type  : Recovery 'local_mem_wrapper|mem_ss_top|mem_ss_sv|mem_ss|mem_ss|emif_0|emif_0_core_usr_clk'
Slack : 0.910
TNS   : 0.000
Corner: Slow vid2 100C Model

Type  : Recovery 'local_mem_wrapper|mem_ss_top|mem_ss_sv|mem_ss|mem_ss|emif_1|emif_1_core_usr_clk'
Slack : 0.912
TNS   : 0.000
Corner: Slow vid2 100C Model

Type  : Recovery 'altera_int_osc_clk'
Slack : 2.613
TNS   : 0.000
Corner: Slow vid2 100C Model

Type  : Recovery 'sys_pll|iopll_0_clk_100m'
Slack : 6.683
TNS   : 0.000
Corner: Slow vid2 100C Model

Type  : Recovery 'local_mem_wrapper|mem_ss_top|mem_ss_sv|mem_ss|mem_ss|emif_0|emif_0_ref_clock'
Slack : 28.970
TNS   : 0.000
Corner: Slow vid2 100C Model

Type  : Recovery 'bwbmc_fpga_max_sclk'
Slack : 86.159
TNS   : 0.000
Corner: Slow vid2b 100C Model

Type  : Recovery 'altera_reserved_tck'
Slack : 98.869
TNS   : 0.000
Corner: Slow vid2b 100C Model

Type  : Removal 'sys_pll|iopll_0_clk_100m'
Slack : 0.136
TNS   : 0.000
Corner: Fast vid2 100C Model

Type  : Removal 'pcie_wrapper|pcie_ss.top|host_pcie.pcie_ss|pcie_ss|gen_ptile.u_ptile|intel_pcie_ptile_ast_qhip|inst|inst|maib_and_tile|xcvr_hip_native|rx_ch15'
Slack : 0.160
TNS   : 0.000
Corner: Fast vid2a 0C Model

Type  : Removal 'altera_reserved_tck'
Slack : 0.161
TNS   : 0.000
Corner: Fast vid2a 0C Model

Type  : Removal 'local_mem_wrapper|mem_ss_top|mem_ss_sv|mem_ss|mem_ss|emif_1|emif_1_core_usr_clk'
Slack : 0.161
TNS   : 0.000
Corner: Fast vid2a 0C Model

Type  : Removal 'sys_pll|iopll_0_clk_sys'
Slack : 0.162
TNS   : 0.000
Corner: Fast vid2a 0C Model

Type  : Removal 'local_mem_wrapper|mem_ss_top|mem_ss_sv|mem_ss|mem_ss|emif_0|emif_0_core_usr_clk'
Slack : 0.182
TNS   : 0.000
Corner: Fast vid2a 0C Model

Type  : Removal 'local_mem_wrapper|mem_ss_top|mem_ss_sv|mem_ss|mem_ss|emif_0|emif_0_ref_clock'
Slack : 0.194
TNS   : 0.000
Corner: Fast vid2a 0C Model

Type  : Removal 'altera_int_osc_clk'
Slack : 0.211
TNS   : 0.000
Corner: Fast vid2a 0C Model

Type  : Removal 'bwbmc_fpga_max_sclk'
Slack : 1.447
TNS   : 0.000
Corner: Fast vid2a 0C Model

Type  : Minimum Pulse Width 'altera_int_osc_clk'
Slack : 0.000
TNS   : 0.000
Corner: Slow vid2 100C Model

Type  : Minimum Pulse Width 'local_mem_wrapper|mem_ss_top|mem_ss_sv|mem_ss|mem_ss|emif_0|emif_0_vco_clk_1'
Slack : 0.091
TNS   : 0.000
Corner: Slow vid2 100C Model

Type  : Minimum Pulse Width 'local_mem_wrapper|mem_ss_top|mem_ss_sv|mem_ss|mem_ss|emif_0|emif_0_vco_clk_2'
Slack : 0.091
TNS   : 0.000
Corner: Slow vid2 100C Model

Type  : Minimum Pulse Width 'local_mem_wrapper|mem_ss_top|mem_ss_sv|mem_ss|mem_ss|emif_1|emif_1_vco_clk_1'
Slack : 0.091
TNS   : 0.000
Corner: Slow vid2 100C Model

Type  : Minimum Pulse Width 'local_mem_wrapper|mem_ss_top|mem_ss_sv|mem_ss|mem_ss|emif_1|emif_1_vco_clk_2'
Slack : 0.091
TNS   : 0.000
Corner: Slow vid2 100C Model

Type  : Minimum Pulse Width 'local_mem_wrapper|mem_ss_top|mem_ss_sv|mem_ss|mem_ss|emif_0|emif_0_vco_clk'
Slack : 0.092
TNS   : 0.000
Corner: Slow vid2 100C Model

Type  : Minimum Pulse Width 'local_mem_wrapper|mem_ss_top|mem_ss_sv|mem_ss|mem_ss|emif_1|emif_1_vco_clk'
Slack : 0.092
TNS   : 0.000
Corner: Slow vid2 100C Model

Type  : Minimum Pulse Width 'pcie_wrapper|pcie_ss.top|host_pcie.pcie_ss|pcie_ss|gen_ptile.u_ptile|intel_pcie_ptile_ast_qhip|inst|inst|maib_and_tile|xcvr_hip_native|rx_ch15'
Slack : 0.148
TNS   : 0.000
Corner: Slow vid2 100C Model

Type  : Minimum Pulse Width 'local_mem_wrapper|mem_ss_top|mem_ss_sv|mem_ss|mem_ss|emif_0|emif_0_wf_clk_10'
Slack : 0.203
TNS   : 0.000
Corner: Slow vid2b 100C Model

Type  : Minimum Pulse Width 'local_mem_wrapper|mem_ss_top|mem_ss_sv|mem_ss|mem_ss|emif_1|emif_1_wf_clk_10'
Slack : 0.204
TNS   : 0.000
Corner: Slow vid2b 100C Model

Type  : Minimum Pulse Width 'local_mem_wrapper|mem_ss_top|mem_ss_sv|mem_ss|mem_ss|emif_1|emif_1_wf_clk_3'
Slack : 0.204
TNS   : 0.000
Corner: Slow vid2b 100C Model

Type  : Minimum Pulse Width 'local_mem_wrapper|mem_ss_top|mem_ss_sv|mem_ss|mem_ss|emif_1|emif_1_wf_clk_8'
Slack : 0.204
TNS   : 0.000
Corner: Slow vid2b 100C Model

Type  : Minimum Pulse Width 'local_mem_wrapper|mem_ss_top|mem_ss_sv|mem_ss|mem_ss|emif_0|emif_0_wf_clk_0'
Slack : 0.205
TNS   : 0.000
Corner: Slow vid2b 100C Model

Type  : Minimum Pulse Width 'local_mem_wrapper|mem_ss_top|mem_ss_sv|mem_ss|mem_ss|emif_0|emif_0_wf_clk_2'
Slack : 0.205
TNS   : 0.000
Corner: Slow vid2b 100C Model

Type  : Minimum Pulse Width 'local_mem_wrapper|mem_ss_top|mem_ss_sv|mem_ss|mem_ss|emif_0|emif_0_wf_clk_3'
Slack : 0.205
TNS   : 0.000
Corner: Slow vid2b 100C Model

Type  : Minimum Pulse Width 'local_mem_wrapper|mem_ss_top|mem_ss_sv|mem_ss|mem_ss|emif_0|emif_0_wf_clk_4'
Slack : 0.205
TNS   : 0.000
Corner: Slow vid2b 100C Model

Type  : Minimum Pulse Width 'local_mem_wrapper|mem_ss_top|mem_ss_sv|mem_ss|mem_ss|emif_0|emif_0_wf_clk_6'
Slack : 0.205
TNS   : 0.000
Corner: Slow vid2b 100C Model

Type  : Minimum Pulse Width 'local_mem_wrapper|mem_ss_top|mem_ss_sv|mem_ss|mem_ss|emif_0|emif_0_wf_clk_9'
Slack : 0.205
TNS   : 0.000
Corner: Slow vid2b 100C Model

Type  : Minimum Pulse Width 'local_mem_wrapper|mem_ss_top|mem_ss_sv|mem_ss|mem_ss|emif_1|emif_1_wf_clk_0'
Slack : 0.205
TNS   : 0.000
Corner: Slow vid2b 100C Model

Type  : Minimum Pulse Width 'local_mem_wrapper|mem_ss_top|mem_ss_sv|mem_ss|mem_ss|emif_1|emif_1_wf_clk_2'
Slack : 0.205
TNS   : 0.000
Corner: Slow vid2b 100C Model

Type  : Minimum Pulse Width 'local_mem_wrapper|mem_ss_top|mem_ss_sv|mem_ss|mem_ss|emif_1|emif_1_wf_clk_4'
Slack : 0.205
TNS   : 0.000
Corner: Slow vid2b 100C Model

Type  : Minimum Pulse Width 'local_mem_wrapper|mem_ss_top|mem_ss_sv|mem_ss|mem_ss|emif_1|emif_1_wf_clk_9'
Slack : 0.205
TNS   : 0.000
Corner: Slow vid2b 100C Model

Type  : Minimum Pulse Width 'local_mem_wrapper|mem_ss_top|mem_ss_sv|mem_ss|mem_ss|emif_0|emif_0_wf_clk_1'
Slack : 0.206
TNS   : 0.000
Corner: Slow vid2b 100C Model

Type  : Minimum Pulse Width 'local_mem_wrapper|mem_ss_top|mem_ss_sv|mem_ss|mem_ss|emif_0|emif_0_wf_clk_5'
Slack : 0.206
TNS   : 0.000
Corner: Slow vid2b 100C Model

Type  : Minimum Pulse Width 'local_mem_wrapper|mem_ss_top|mem_ss_sv|mem_ss|mem_ss|emif_0|emif_0_wf_clk_7'
Slack : 0.206
TNS   : 0.000
Corner: Slow vid2b 100C Model

Type  : Minimum Pulse Width 'local_mem_wrapper|mem_ss_top|mem_ss_sv|mem_ss|mem_ss|emif_0|emif_0_wf_clk_8'
Slack : 0.206
TNS   : 0.000
Corner: Slow vid2b 100C Model

Type  : Minimum Pulse Width 'local_mem_wrapper|mem_ss_top|mem_ss_sv|mem_ss|mem_ss|emif_1|emif_1_wf_clk_1'
Slack : 0.206
TNS   : 0.000
Corner: Slow vid2b 100C Model

Type  : Minimum Pulse Width 'local_mem_wrapper|mem_ss_top|mem_ss_sv|mem_ss|mem_ss|emif_1|emif_1_wf_clk_5'
Slack : 0.206
TNS   : 0.000
Corner: Slow vid2b 100C Model

Type  : Minimum Pulse Width 'local_mem_wrapper|mem_ss_top|mem_ss_sv|mem_ss|mem_ss|emif_1|emif_1_wf_clk_6'
Slack : 0.206
TNS   : 0.000
Corner: Slow vid2b 100C Model

Type  : Minimum Pulse Width 'local_mem_wrapper|mem_ss_top|mem_ss_sv|mem_ss|mem_ss|emif_1|emif_1_wf_clk_7'
Slack : 0.206
TNS   : 0.000
Corner: Slow vid2b 100C Model

Type  : Minimum Pulse Width 'ddr4_mem[0].dqs[2]_IN'
Slack : 0.207
TNS   : 0.000
Corner: Slow vid2 100C Model

Type  : Minimum Pulse Width 'ddr4_mem[0].dqs[3]_IN'
Slack : 0.207
TNS   : 0.000
Corner: Slow vid2 100C Model

Type  : Minimum Pulse Width 'ddr4_mem[0].dqs[6]_IN'
Slack : 0.207
TNS   : 0.000
Corner: Slow vid2 100C Model

Type  : Minimum Pulse Width 'ddr4_mem[0].dqs[7]_IN'
Slack : 0.207
TNS   : 0.000
Corner: Slow vid2 100C Model

Type  : Minimum Pulse Width 'ddr4_mem[1].dqs[2]_IN'
Slack : 0.207
TNS   : 0.000
Corner: Slow vid2 100C Model

Type  : Minimum Pulse Width 'ddr4_mem[1].dqs[3]_IN'
Slack : 0.207
TNS   : 0.000
Corner: Slow vid2 100C Model

Type  : Minimum Pulse Width 'ddr4_mem[1].dqs[4]_IN'
Slack : 0.207
TNS   : 0.000
Corner: Slow vid2 100C Model

Type  : Minimum Pulse Width 'ddr4_mem[1].dqs[5]_IN'
Slack : 0.207
TNS   : 0.000
Corner: Slow vid2 100C Model

Type  : Minimum Pulse Width 'ddr4_mem[0].dqs[0]_IN'
Slack : 0.208
TNS   : 0.000
Corner: Slow vid2 100C Model

Type  : Minimum Pulse Width 'ddr4_mem[0].dqs[1]_IN'
Slack : 0.208
TNS   : 0.000
Corner: Slow vid2 100C Model

Type  : Minimum Pulse Width 'ddr4_mem[0].dqs[4]_IN'
Slack : 0.208
TNS   : 0.000
Corner: Slow vid2 100C Model

Type  : Minimum Pulse Width 'ddr4_mem[0].dqs[5]_IN'
Slack : 0.208
TNS   : 0.000
Corner: Slow vid2 100C Model

Type  : Minimum Pulse Width 'ddr4_mem[1].dqs[0]_IN'
Slack : 0.208
TNS   : 0.000
Corner: Slow vid2 100C Model

Type  : Minimum Pulse Width 'ddr4_mem[1].dqs[1]_IN'
Slack : 0.208
TNS   : 0.000
Corner: Slow vid2 100C Model

Type  : Minimum Pulse Width 'ddr4_mem[1].dqs[6]_IN'
Slack : 0.208
TNS   : 0.000
Corner: Slow vid2 100C Model

Type  : Minimum Pulse Width 'ddr4_mem[1].dqs[7]_IN'
Slack : 0.208
TNS   : 0.000
Corner: Slow vid2 100C Model

Type  : Minimum Pulse Width 'sys_pll|iopll_0_clk_sys'
Slack : 0.275
TNS   : 0.000
Corner: Slow vid2 100C Model

Type  : Minimum Pulse Width 'local_mem_wrapper|mem_ss_top|mem_ss_sv|mem_ss|mem_ss|emif_0|emif_0_phy_clk_0'
Slack : 0.367
TNS   : 0.000
Corner: Slow vid2 100C Model

Type  : Minimum Pulse Width 'local_mem_wrapper|mem_ss_top|mem_ss_sv|mem_ss|mem_ss|emif_1|emif_1_phy_clk_0'
Slack : 0.367
TNS   : 0.000
Corner: Slow vid2 100C Model

Type  : Minimum Pulse Width 'local_mem_wrapper|mem_ss_top|mem_ss_sv|mem_ss|mem_ss|emif_0|emif_0_phy_clk_2'
Slack : 0.439
TNS   : 0.000
Corner: Slow vid2 100C Model

Type  : Minimum Pulse Width 'local_mem_wrapper|mem_ss_top|mem_ss_sv|mem_ss|mem_ss|emif_1|emif_1_phy_clk_1'
Slack : 0.439
TNS   : 0.000
Corner: Slow vid2 100C Model

Type  : Minimum Pulse Width 'local_mem_wrapper|mem_ss_top|mem_ss_sv|mem_ss|mem_ss|emif_0|emif_0_phy_clk_1'
Slack : 0.440
TNS   : 0.000
Corner: Slow vid2 100C Model

Type  : Minimum Pulse Width 'local_mem_wrapper|mem_ss_top|mem_ss_sv|mem_ss|mem_ss|emif_1|emif_1_phy_clk_2'
Slack : 0.440
TNS   : 0.000
Corner: Slow vid2 100C Model

Type  : Minimum Pulse Width 'local_mem_wrapper|mem_ss_top|mem_ss_sv|mem_ss|mem_ss|emif_1|emif_1_core_usr_clk'
Slack : 0.521
TNS   : 0.000
Corner: Slow vid2 100C Model

Type  : Minimum Pulse Width 'local_mem_wrapper|mem_ss_top|mem_ss_sv|mem_ss|mem_ss|emif_0|emif_0_core_usr_clk'
Slack : 0.715
TNS   : 0.000
Corner: Slow vid2 100C Model

Type  : Minimum Pulse Width 'pcie_wrapper|pcie_ss.top|host_pcie.pcie_ss|pcie_ss|gen_ptile.u_ptile|intel_pcie_ptile_ast_qhip|inst|inst|maib_and_tile|rx_pcs_x2_clk|ch15'
Slack : 0.752
TNS   : 0.000
Corner: Slow vid2 100C Model

Type  : Minimum Pulse Width 'local_mem_wrapper|mem_ss_top|mem_ss_sv|mem_ss|mem_ss|emif_0|emif_0_phy_clk_l_0'
Slack : 1.127
TNS   : 0.000
Corner: Slow vid2 100C Model

Type  : Minimum Pulse Width 'local_mem_wrapper|mem_ss_top|mem_ss_sv|mem_ss|mem_ss|emif_1|emif_1_phy_clk_l_0'
Slack : 1.127
TNS   : 0.000
Corner: Slow vid2 100C Model

Type  : Minimum Pulse Width 'afu_top|pg_afu.port_gasket|user_clock|qph_user_clk|pll.qph_user_clk_iopll|iopll_0_outclk0'
Slack : 1.131
TNS   : 0.000
Corner: Slow vid2b 100C Model

Type  : Minimum Pulse Width 'sys_pll|iopll_0_clk_sys_div2'
Slack : 1.688
TNS   : 0.000
Corner: Slow vid2b 100C Model

Type  : Minimum Pulse Width 'afu_top|pg_afu.port_gasket|user_clock|qph_user_clk|pll.qph_user_clk_iopll|iopll_0_outclk1'
Slack : 2.737
TNS   : 0.000
Corner: Slow vid2b 100C Model

Type  : Minimum Pulse Width 'qsfp_ref_clk'
Slack : 3.200
TNS   : 0.000
Corner: Slow vid2 100C Model

Type  : Minimum Pulse Width 'sys_pll|iopll_0_clk_sys_div4'
Slack : 3.837
TNS   : 0.000
Corner: Slow vid2b 100C Model

Type  : Minimum Pulse Width 'sys_pll|iopll_0_refclk'
Slack : 3.847
TNS   : 0.000
Corner: Slow vid2 100C Model

Type  : Minimum Pulse Width 'sys_pll|iopll_0_clk_100m'
Slack : 4.296
TNS   : 0.000
Corner: Slow vid2b 100C Model

Type  : Minimum Pulse Width 'PCIE_REFCLK0'
Slack : 5.000
TNS   : 0.000
Corner: Slow vid2 100C Model

Type  : Minimum Pulse Width 'PCIE_REFCLK1'
Slack : 5.000
TNS   : 0.000
Corner: Slow vid2 100C Model

Type  : Minimum Pulse Width 'afu_top|pg_afu.port_gasket|user_clock|qph_user_clk|pll.qph_user_clk_iopll|iopll_0_n_cnt_clk'
Slack : 9.761
TNS   : 0.000
Corner: Slow vid2 100C Model

Type  : Minimum Pulse Width 'local_mem_wrapper|mem_ss_top|mem_ss_sv|mem_ss|mem_ss|emif_0|emif_0_ref_clock'
Slack : 14.183
TNS   : 0.000
Corner: Slow vid2 100C Model

Type  : Minimum Pulse Width 'local_mem_wrapper|mem_ss_top|mem_ss_sv|mem_ss|mem_ss|emif_1|emif_1_ref_clock'
Slack : 14.184
TNS   : 0.000
Corner: Slow vid2 100C Model

Type  : Minimum Pulse Width 'altera_reserved_tck'
Slack : 47.151
TNS   : 0.000
Corner: Slow vid2 100C Model

Type  : Minimum Pulse Width 'sys_pll|iopll_0_n_cnt_clk'
Slack : 49.769
TNS   : 0.000
Corner: Slow vid2 100C Model

Type  : Minimum Pulse Width 'bwbmc_fpga_max_sclk'
Slack : 98.887
TNS   : 0.000
Corner: Fast vid2a 100C Model

Type  : Slow vid2 100C Model Max Skew 'set_max_skew'
Slack : 1.217

Type  : Slow vid2 100C Model Max Skew 'set_max_skew'
Slack : 1.223

Type  : Slow vid2 100C Model Max Skew 'set_max_skew'
Slack : 1.237

Type  : Slow vid2 100C Model Max Skew 'set_max_skew'
Slack : 1.239

Type  : Slow vid2 100C Model Max Skew 'set_max_skew'
Slack : 1.251

Type  : Slow vid2 100C Model Max Skew 'set_max_skew'
Slack : 1.251

Type  : Slow vid2 100C Model Max Skew 'set_max_skew'
Slack : 1.265

Type  : Slow vid2 100C Model Max Skew 'set_max_skew'
Slack : 1.272

Type  : Slow vid2 100C Model Max Skew 'set_max_skew'
Slack : 1.274

Type  : Slow vid2 100C Model Max Skew 'set_max_skew'
Slack : 1.278

Type  : Slow vid2 100C Model Max Skew 'set_max_skew'
Slack : 1.278

Type  : Slow vid2 100C Model Max Skew 'set_max_skew'
Slack : 1.284

Type  : Slow vid2 100C Model Max Skew 'set_max_skew'
Slack : 1.285

Type  : Slow vid2 100C Model Max Skew 'set_max_skew'
Slack : 1.289

Type  : Slow vid2 100C Model Max Skew 'set_max_skew'
Slack : 1.294

Type  : Slow vid2 100C Model Max Skew 'set_max_skew'
Slack : 1.303

Type  : Slow vid2 100C Model Max Skew 'set_max_skew'
Slack : 1.303

Type  : Slow vid2 100C Model Max Skew 'set_max_skew'
Slack : 1.304

Type  : Slow vid2 100C Model Max Skew 'set_max_skew'
Slack : 1.305

Type  : Slow vid2 100C Model Max Skew 'set_max_skew'
Slack : 1.307

Type  : Slow vid2 100C Model Max Skew 'set_max_skew'
Slack : 1.307

Type  : Slow vid2 100C Model Max Skew 'set_max_skew'
Slack : 1.311

Type  : Slow vid2 100C Model Max Skew 'set_max_skew'
Slack : 1.316

Type  : Slow vid2 100C Model Max Skew 'set_max_skew'
Slack : 1.319

Type  : Slow vid2 100C Model Max Skew 'set_max_skew'
Slack : 1.320

Type  : Slow vid2 100C Model Max Skew 'set_max_skew'
Slack : 1.320

Type  : Slow vid2 100C Model Max Skew 'set_max_skew'
Slack : 1.324

Type  : Slow vid2 100C Model Max Skew 'set_max_skew'
Slack : 1.331

Type  : Slow vid2 100C Model Max Skew 'set_max_skew'
Slack : 1.338

Type  : Slow vid2 100C Model Max Skew 'set_max_skew'
Slack : 1.340

Type  : Slow vid2 100C Model Max Skew 'set_max_skew'
Slack : 1.345

Type  : Slow vid2 100C Model Max Skew 'set_max_skew'
Slack : 1.356

Type  : Slow vid2 100C Model Max Skew 'set_max_skew'
Slack : 1.356

Type  : Slow vid2 100C Model Max Skew 'set_max_skew'
Slack : 1.357

Type  : Slow vid2 100C Model Max Skew 'set_max_skew'
Slack : 1.366

Type  : Slow vid2 100C Model Max Skew 'set_max_skew'
Slack : 1.366

Type  : Slow vid2 100C Model Max Skew 'set_max_skew'
Slack : 1.387

Type  : Slow vid2 100C Model Max Skew 'set_max_skew'
Slack : 1.399

Type  : Slow vid2 100C Model Max Skew 'set_max_skew'
Slack : 1.413

Type  : Slow vid2 100C Model Max Skew 'set_max_skew'
Slack : 1.413

Type  : Slow vid2 100C Model Max Skew 'set_max_skew'
Slack : 1.415

Type  : Slow vid2 100C Model Max Skew 'set_max_skew'
Slack : 1.432

Type  : Slow vid2 100C Model Max Skew 'set_max_skew'
Slack : 1.440

Type  : Slow vid2 100C Model Max Skew 'set_max_skew'
Slack : 1.457

Type  : Slow vid2 100C Model Max Skew 'set_max_skew'
Slack : 1.459

Type  : Slow vid2 100C Model Max Skew 'set_max_skew'
Slack : 1.461

Type  : Slow vid2 100C Model Max Skew 'set_max_skew'
Slack : 1.461

Type  : Slow vid2 100C Model Max Skew 'set_max_skew'
Slack : 1.474

Type  : Slow vid2 100C Model Max Skew 'set_max_skew'
Slack : 1.481

Type  : Slow vid2 100C Model Max Skew 'set_max_skew'
Slack : 1.496

Type  : Slow vid2 100C Model Max Skew 'set_max_skew'
Slack : 1.496

Type  : Slow vid2 100C Model Max Skew 'set_max_skew'
Slack : 1.503

Type  : Slow vid2 100C Model Max Skew 'set_max_skew'
Slack : 1.503

Type  : Slow vid2 100C Model Max Skew 'set_max_skew'
Slack : 1.509

Type  : Slow vid2 100C Model Max Skew 'set_max_skew'
Slack : 1.956

Type  : Slow vid2 100C Model Max Skew 'set_max_skew'
Slack : 1.970

Type  : Slow vid2 100C Model Max Skew 'set_max_skew'
Slack : 1.995

Type  : Slow vid2 100C Model Max Skew 'set_max_skew'
Slack : 2.015

Type  : Slow vid2 100C Model Max Skew 'set_max_skew'
Slack : 2.016

Type  : Slow vid2 100C Model Max Skew 'set_max_skew'
Slack : 2.016

Type  : Slow vid2 100C Model Max Skew 'set_max_skew'
Slack : 2.042

Type  : Slow vid2 100C Model Max Skew 'set_max_skew'
Slack : 2.043

Type  : Slow vid2 100C Model Max Skew 'set_max_skew'
Slack : 2.061

Type  : Slow vid2 100C Model Max Skew 'set_max_skew'
Slack : 2.072

Type  : Slow vid2 100C Model Max Skew 'set_max_skew'
Slack : 2.132

Type  : Slow vid2 100C Model Max Skew 'set_max_skew'
Slack : 2.154

Type  : Slow vid2 100C Model Max Skew 'set_max_skew'
Slack : 2.169

Type  : Slow vid2 100C Model Max Skew 'set_max_skew'
Slack : 2.805

Type  : Slow vid2 100C Model Max Skew 'set_max_skew'
Slack : 2.827

Type  : Slow vid2 100C Model Max Skew 'set_max_skew'
Slack : 3.033

Type  : Slow vid2 100C Model Max Skew 'set_max_skew'
Slack : 7.511

Type  : Slow vid2 100C Model Max Skew 'set_max_skew'
Slack : 7.528

Type  : Slow vid2 100C Model Max Skew 'set_max_skew'
Slack : 7.528

Type  : Slow vid2 100C Model Max Skew 'set_max_skew'
Slack : 7.535

Type  : Slow vid2 100C Model Max Skew 'set_max_skew'
Slack : 7.535

Type  : Slow vid2 100C Model Max Skew 'set_max_skew'
Slack : 7.544

Type  : Slow vid2 100C Model Max Skew 'set_max_skew'
Slack : 7.565

Type  : Slow vid2 100C Model Max Skew 'set_max_skew'
Slack : 7.596

Type  : Slow vid2 100C Model Max Skew 'set_max_skew'
Slack : 7.621

Type  : Slow vid2 100C Model Max Skew 'set_max_skew'
Slack : 7.632

Type  : Slow vid2 100C Model Max Skew 'set_max_skew'
Slack : 7.641

Type  : Slow vid2 100C Model Max Skew 'set_max_skew'
Slack : 7.641

Type  : Slow vid2 100C Model Max Skew 'set_max_skew'
Slack : 7.657

Type  : Slow vid2 100C Model Max Skew 'set_max_skew'
Slack : 7.682

Type  : Slow vid2 100C Model Max Skew 'set_max_skew'
Slack : 7.699

Type  : Slow vid2 100C Model Max Skew 'set_max_skew'
Slack : 7.701

Type  : Slow vid2 100C Model Max Skew 'set_max_skew'
Slack : 7.709

Type  : Slow vid2 100C Model Max Skew 'set_max_skew'
Slack : 7.711

Type  : Slow vid2 100C Model Max Skew 'set_max_skew'
Slack : 7.712

Type  : Slow vid2 100C Model Max Skew 'set_max_skew'
Slack : 7.724

Type  : Slow vid2 100C Model Max Skew 'set_max_skew'
Slack : 7.724

Type  : Slow vid2 100C Model Max Skew 'set_max_skew'
Slack : 7.734

Type  : Slow vid2 100C Model Max Skew 'set_max_skew'
Slack : 7.738

Type  : Slow vid2 100C Model Max Skew 'set_max_skew'
Slack : 7.751

Type  : Slow vid2 100C Model Max Skew 'set_max_skew'
Slack : 79.615

Type  : Slow vid2 100C Model Max Skew 'set_max_skew'
Slack : 79.749

Type  : Slow vid2 100C Model Max Skew 'set_max_skew'
Slack : 79.773

Type  : Slow vid2 100C Model Max Skew 'set_max_skew'
Slack : 79.782

Type  : Slow vid2b 100C Model Max Skew 'set_max_skew'
Slack : 1.219

Type  : Slow vid2b 100C Model Max Skew 'set_max_skew'
Slack : 1.230

Type  : Slow vid2b 100C Model Max Skew 'set_max_skew'
Slack : 1.242

Type  : Slow vid2b 100C Model Max Skew 'set_max_skew'
Slack : 1.243

Type  : Slow vid2b 100C Model Max Skew 'set_max_skew'
Slack : 1.255

Type  : Slow vid2b 100C Model Max Skew 'set_max_skew'
Slack : 1.255

Type  : Slow vid2b 100C Model Max Skew 'set_max_skew'
Slack : 1.267

Type  : Slow vid2b 100C Model Max Skew 'set_max_skew'
Slack : 1.273

Type  : Slow vid2b 100C Model Max Skew 'set_max_skew'
Slack : 1.277

Type  : Slow vid2b 100C Model Max Skew 'set_max_skew'
Slack : 1.277

Type  : Slow vid2b 100C Model Max Skew 'set_max_skew'
Slack : 1.277

Type  : Slow vid2b 100C Model Max Skew 'set_max_skew'
Slack : 1.288

Type  : Slow vid2b 100C Model Max Skew 'set_max_skew'
Slack : 1.290

Type  : Slow vid2b 100C Model Max Skew 'set_max_skew'
Slack : 1.291

Type  : Slow vid2b 100C Model Max Skew 'set_max_skew'
Slack : 1.296

Type  : Slow vid2b 100C Model Max Skew 'set_max_skew'
Slack : 1.303

Type  : Slow vid2b 100C Model Max Skew 'set_max_skew'
Slack : 1.305

Type  : Slow vid2b 100C Model Max Skew 'set_max_skew'
Slack : 1.305

Type  : Slow vid2b 100C Model Max Skew 'set_max_skew'
Slack : 1.307

Type  : Slow vid2b 100C Model Max Skew 'set_max_skew'
Slack : 1.310

Type  : Slow vid2b 100C Model Max Skew 'set_max_skew'
Slack : 1.310

Type  : Slow vid2b 100C Model Max Skew 'set_max_skew'
Slack : 1.311

Type  : Slow vid2b 100C Model Max Skew 'set_max_skew'
Slack : 1.318

Type  : Slow vid2b 100C Model Max Skew 'set_max_skew'
Slack : 1.319

Type  : Slow vid2b 100C Model Max Skew 'set_max_skew'
Slack : 1.319

Type  : Slow vid2b 100C Model Max Skew 'set_max_skew'
Slack : 1.321

Type  : Slow vid2b 100C Model Max Skew 'set_max_skew'
Slack : 1.328

Type  : Slow vid2b 100C Model Max Skew 'set_max_skew'
Slack : 1.331

Type  : Slow vid2b 100C Model Max Skew 'set_max_skew'
Slack : 1.343

Type  : Slow vid2b 100C Model Max Skew 'set_max_skew'
Slack : 1.344

Type  : Slow vid2b 100C Model Max Skew 'set_max_skew'
Slack : 1.347

Type  : Slow vid2b 100C Model Max Skew 'set_max_skew'
Slack : 1.355

Type  : Slow vid2b 100C Model Max Skew 'set_max_skew'
Slack : 1.355

Type  : Slow vid2b 100C Model Max Skew 'set_max_skew'
Slack : 1.355

Type  : Slow vid2b 100C Model Max Skew 'set_max_skew'
Slack : 1.368

Type  : Slow vid2b 100C Model Max Skew 'set_max_skew'
Slack : 1.369

Type  : Slow vid2b 100C Model Max Skew 'set_max_skew'
Slack : 1.390

Type  : Slow vid2b 100C Model Max Skew 'set_max_skew'
Slack : 1.398

Type  : Slow vid2b 100C Model Max Skew 'set_max_skew'
Slack : 1.413

Type  : Slow vid2b 100C Model Max Skew 'set_max_skew'
Slack : 1.413

Type  : Slow vid2b 100C Model Max Skew 'set_max_skew'
Slack : 1.417

Type  : Slow vid2b 100C Model Max Skew 'set_max_skew'
Slack : 1.432

Type  : Slow vid2b 100C Model Max Skew 'set_max_skew'
Slack : 1.442

Type  : Slow vid2b 100C Model Max Skew 'set_max_skew'
Slack : 1.458

Type  : Slow vid2b 100C Model Max Skew 'set_max_skew'
Slack : 1.460

Type  : Slow vid2b 100C Model Max Skew 'set_max_skew'
Slack : 1.464

Type  : Slow vid2b 100C Model Max Skew 'set_max_skew'
Slack : 1.464

Type  : Slow vid2b 100C Model Max Skew 'set_max_skew'
Slack : 1.478

Type  : Slow vid2b 100C Model Max Skew 'set_max_skew'
Slack : 1.483

Type  : Slow vid2b 100C Model Max Skew 'set_max_skew'
Slack : 1.496

Type  : Slow vid2b 100C Model Max Skew 'set_max_skew'
Slack : 1.496

Type  : Slow vid2b 100C Model Max Skew 'set_max_skew'
Slack : 1.504

Type  : Slow vid2b 100C Model Max Skew 'set_max_skew'
Slack : 1.504

Type  : Slow vid2b 100C Model Max Skew 'set_max_skew'
Slack : 1.510

Type  : Slow vid2b 100C Model Max Skew 'set_max_skew'
Slack : 1.965

Type  : Slow vid2b 100C Model Max Skew 'set_max_skew'
Slack : 1.975

Type  : Slow vid2b 100C Model Max Skew 'set_max_skew'
Slack : 1.999

Type  : Slow vid2b 100C Model Max Skew 'set_max_skew'
Slack : 2.019

Type  : Slow vid2b 100C Model Max Skew 'set_max_skew'
Slack : 2.019

Type  : Slow vid2b 100C Model Max Skew 'set_max_skew'
Slack : 2.020

Type  : Slow vid2b 100C Model Max Skew 'set_max_skew'
Slack : 2.045

Type  : Slow vid2b 100C Model Max Skew 'set_max_skew'
Slack : 2.046

Type  : Slow vid2b 100C Model Max Skew 'set_max_skew'
Slack : 2.063

Type  : Slow vid2b 100C Model Max Skew 'set_max_skew'
Slack : 2.074

Type  : Slow vid2b 100C Model Max Skew 'set_max_skew'
Slack : 2.135

Type  : Slow vid2b 100C Model Max Skew 'set_max_skew'
Slack : 2.156

Type  : Slow vid2b 100C Model Max Skew 'set_max_skew'
Slack : 2.169

Type  : Slow vid2b 100C Model Max Skew 'set_max_skew'
Slack : 2.809

Type  : Slow vid2b 100C Model Max Skew 'set_max_skew'
Slack : 2.831

Type  : Slow vid2b 100C Model Max Skew 'set_max_skew'
Slack : 3.032

Type  : Slow vid2b 100C Model Max Skew 'set_max_skew'
Slack : 7.514

Type  : Slow vid2b 100C Model Max Skew 'set_max_skew'
Slack : 7.532

Type  : Slow vid2b 100C Model Max Skew 'set_max_skew'
Slack : 7.532

Type  : Slow vid2b 100C Model Max Skew 'set_max_skew'
Slack : 7.539

Type  : Slow vid2b 100C Model Max Skew 'set_max_skew'
Slack : 7.539

Type  : Slow vid2b 100C Model Max Skew 'set_max_skew'
Slack : 7.550

Type  : Slow vid2b 100C Model Max Skew 'set_max_skew'
Slack : 7.569

Type  : Slow vid2b 100C Model Max Skew 'set_max_skew'
Slack : 7.597

Type  : Slow vid2b 100C Model Max Skew 'set_max_skew'
Slack : 7.627

Type  : Slow vid2b 100C Model Max Skew 'set_max_skew'
Slack : 7.636

Type  : Slow vid2b 100C Model Max Skew 'set_max_skew'
Slack : 7.640

Type  : Slow vid2b 100C Model Max Skew 'set_max_skew'
Slack : 7.642

Type  : Slow vid2b 100C Model Max Skew 'set_max_skew'
Slack : 7.659

Type  : Slow vid2b 100C Model Max Skew 'set_max_skew'
Slack : 7.684

Type  : Slow vid2b 100C Model Max Skew 'set_max_skew'
Slack : 7.700

Type  : Slow vid2b 100C Model Max Skew 'set_max_skew'
Slack : 7.702

Type  : Slow vid2b 100C Model Max Skew 'set_max_skew'
Slack : 7.708

Type  : Slow vid2b 100C Model Max Skew 'set_max_skew'
Slack : 7.712

Type  : Slow vid2b 100C Model Max Skew 'set_max_skew'
Slack : 7.713

Type  : Slow vid2b 100C Model Max Skew 'set_max_skew'
Slack : 7.722

Type  : Slow vid2b 100C Model Max Skew 'set_max_skew'
Slack : 7.725

Type  : Slow vid2b 100C Model Max Skew 'set_max_skew'
Slack : 7.735

Type  : Slow vid2b 100C Model Max Skew 'set_max_skew'
Slack : 7.738

Type  : Slow vid2b 100C Model Max Skew 'set_max_skew'
Slack : 7.750

Type  : Slow vid2b 100C Model Max Skew 'set_max_skew'
Slack : 79.618

Type  : Slow vid2b 100C Model Max Skew 'set_max_skew'
Slack : 79.752

Type  : Slow vid2b 100C Model Max Skew 'set_max_skew'
Slack : 79.775

Type  : Slow vid2b 100C Model Max Skew 'set_max_skew'
Slack : 79.782

Type  : Fast vid2a 0C Model Max Skew 'set_max_skew'
Slack : 1.307

Type  : Fast vid2a 0C Model Max Skew 'set_max_skew'
Slack : 1.322

Type  : Fast vid2a 0C Model Max Skew 'set_max_skew'
Slack : 1.328

Type  : Fast vid2a 0C Model Max Skew 'set_max_skew'
Slack : 1.329

Type  : Fast vid2a 0C Model Max Skew 'set_max_skew'
Slack : 1.335

Type  : Fast vid2a 0C Model Max Skew 'set_max_skew'
Slack : 1.335

Type  : Fast vid2a 0C Model Max Skew 'set_max_skew'
Slack : 1.347

Type  : Fast vid2a 0C Model Max Skew 'set_max_skew'
Slack : 1.347

Type  : Fast vid2a 0C Model Max Skew 'set_max_skew'
Slack : 1.348

Type  : Fast vid2a 0C Model Max Skew 'set_max_skew'
Slack : 1.353

Type  : Fast vid2a 0C Model Max Skew 'set_max_skew'
Slack : 1.353

Type  : Fast vid2a 0C Model Max Skew 'set_max_skew'
Slack : 1.355

Type  : Fast vid2a 0C Model Max Skew 'set_max_skew'
Slack : 1.360

Type  : Fast vid2a 0C Model Max Skew 'set_max_skew'
Slack : 1.362

Type  : Fast vid2a 0C Model Max Skew 'set_max_skew'
Slack : 1.362

Type  : Fast vid2a 0C Model Max Skew 'set_max_skew'
Slack : 1.366

Type  : Fast vid2a 0C Model Max Skew 'set_max_skew'
Slack : 1.366

Type  : Fast vid2a 0C Model Max Skew 'set_max_skew'
Slack : 1.370

Type  : Fast vid2a 0C Model Max Skew 'set_max_skew'
Slack : 1.372

Type  : Fast vid2a 0C Model Max Skew 'set_max_skew'
Slack : 1.375

Type  : Fast vid2a 0C Model Max Skew 'set_max_skew'
Slack : 1.377

Type  : Fast vid2a 0C Model Max Skew 'set_max_skew'
Slack : 1.387

Type  : Fast vid2a 0C Model Max Skew 'set_max_skew'
Slack : 1.389

Type  : Fast vid2a 0C Model Max Skew 'set_max_skew'
Slack : 1.397

Type  : Fast vid2a 0C Model Max Skew 'set_max_skew'
Slack : 1.401

Type  : Fast vid2a 0C Model Max Skew 'set_max_skew'
Slack : 1.402

Type  : Fast vid2a 0C Model Max Skew 'set_max_skew'
Slack : 1.406

Type  : Fast vid2a 0C Model Max Skew 'set_max_skew'
Slack : 1.408

Type  : Fast vid2a 0C Model Max Skew 'set_max_skew'
Slack : 1.409

Type  : Fast vid2a 0C Model Max Skew 'set_max_skew'
Slack : 1.429

Type  : Fast vid2a 0C Model Max Skew 'set_max_skew'
Slack : 1.430

Type  : Fast vid2a 0C Model Max Skew 'set_max_skew'
Slack : 1.432

Type  : Fast vid2a 0C Model Max Skew 'set_max_skew'
Slack : 1.433

Type  : Fast vid2a 0C Model Max Skew 'set_max_skew'
Slack : 1.433

Type  : Fast vid2a 0C Model Max Skew 'set_max_skew'
Slack : 1.449

Type  : Fast vid2a 0C Model Max Skew 'set_max_skew'
Slack : 1.449

Type  : Fast vid2a 0C Model Max Skew 'set_max_skew'
Slack : 1.463

Type  : Fast vid2a 0C Model Max Skew 'set_max_skew'
Slack : 1.470

Type  : Fast vid2a 0C Model Max Skew 'set_max_skew'
Slack : 1.472

Type  : Fast vid2a 0C Model Max Skew 'set_max_skew'
Slack : 1.472

Type  : Fast vid2a 0C Model Max Skew 'set_max_skew'
Slack : 1.485

Type  : Fast vid2a 0C Model Max Skew 'set_max_skew'
Slack : 1.488

Type  : Fast vid2a 0C Model Max Skew 'set_max_skew'
Slack : 1.504

Type  : Fast vid2a 0C Model Max Skew 'set_max_skew'
Slack : 1.505

Type  : Fast vid2a 0C Model Max Skew 'set_max_skew'
Slack : 1.508

Type  : Fast vid2a 0C Model Max Skew 'set_max_skew'
Slack : 1.508

Type  : Fast vid2a 0C Model Max Skew 'set_max_skew'
Slack : 1.511

Type  : Fast vid2a 0C Model Max Skew 'set_max_skew'
Slack : 1.522

Type  : Fast vid2a 0C Model Max Skew 'set_max_skew'
Slack : 1.525

Type  : Fast vid2a 0C Model Max Skew 'set_max_skew'
Slack : 1.533

Type  : Fast vid2a 0C Model Max Skew 'set_max_skew'
Slack : 1.533

Type  : Fast vid2a 0C Model Max Skew 'set_max_skew'
Slack : 1.538

Type  : Fast vid2a 0C Model Max Skew 'set_max_skew'
Slack : 1.538

Type  : Fast vid2a 0C Model Max Skew 'set_max_skew'
Slack : 1.544

Type  : Fast vid2a 0C Model Max Skew 'set_max_skew'
Slack : 2.078

Type  : Fast vid2a 0C Model Max Skew 'set_max_skew'
Slack : 2.084

Type  : Fast vid2a 0C Model Max Skew 'set_max_skew'
Slack : 2.107

Type  : Fast vid2a 0C Model Max Skew 'set_max_skew'
Slack : 2.117

Type  : Fast vid2a 0C Model Max Skew 'set_max_skew'
Slack : 2.122

Type  : Fast vid2a 0C Model Max Skew 'set_max_skew'
Slack : 2.131

Type  : Fast vid2a 0C Model Max Skew 'set_max_skew'
Slack : 2.137

Type  : Fast vid2a 0C Model Max Skew 'set_max_skew'
Slack : 2.138

Type  : Fast vid2a 0C Model Max Skew 'set_max_skew'
Slack : 2.147

Type  : Fast vid2a 0C Model Max Skew 'set_max_skew'
Slack : 2.153

Type  : Fast vid2a 0C Model Max Skew 'set_max_skew'
Slack : 2.190

Type  : Fast vid2a 0C Model Max Skew 'set_max_skew'
Slack : 2.200

Type  : Fast vid2a 0C Model Max Skew 'set_max_skew'
Slack : 2.223

Type  : Fast vid2a 0C Model Max Skew 'set_max_skew'
Slack : 2.920

Type  : Fast vid2a 0C Model Max Skew 'set_max_skew'
Slack : 2.930

Type  : Fast vid2a 0C Model Max Skew 'set_max_skew'
Slack : 3.070

Type  : Fast vid2a 0C Model Max Skew 'set_max_skew'
Slack : 7.624

Type  : Fast vid2a 0C Model Max Skew 'set_max_skew'
Slack : 7.639

Type  : Fast vid2a 0C Model Max Skew 'set_max_skew'
Slack : 7.639

Type  : Fast vid2a 0C Model Max Skew 'set_max_skew'
Slack : 7.643

Type  : Fast vid2a 0C Model Max Skew 'set_max_skew'
Slack : 7.643

Type  : Fast vid2a 0C Model Max Skew 'set_max_skew'
Slack : 7.649

Type  : Fast vid2a 0C Model Max Skew 'set_max_skew'
Slack : 7.666

Type  : Fast vid2a 0C Model Max Skew 'set_max_skew'
Slack : 7.686

Type  : Fast vid2a 0C Model Max Skew 'set_max_skew'
Slack : 7.697

Type  : Fast vid2a 0C Model Max Skew 'set_max_skew'
Slack : 7.702

Type  : Fast vid2a 0C Model Max Skew 'set_max_skew'
Slack : 7.708

Type  : Fast vid2a 0C Model Max Skew 'set_max_skew'
Slack : 7.712

Type  : Fast vid2a 0C Model Max Skew 'set_max_skew'
Slack : 7.720

Type  : Fast vid2a 0C Model Max Skew 'set_max_skew'
Slack : 7.746

Type  : Fast vid2a 0C Model Max Skew 'set_max_skew'
Slack : 7.747

Type  : Fast vid2a 0C Model Max Skew 'set_max_skew'
Slack : 7.751

Type  : Fast vid2a 0C Model Max Skew 'set_max_skew'
Slack : 7.753

Type  : Fast vid2a 0C Model Max Skew 'set_max_skew'
Slack : 7.756

Type  : Fast vid2a 0C Model Max Skew 'set_max_skew'
Slack : 7.757

Type  : Fast vid2a 0C Model Max Skew 'set_max_skew'
Slack : 7.771

Type  : Fast vid2a 0C Model Max Skew 'set_max_skew'
Slack : 7.771

Type  : Fast vid2a 0C Model Max Skew 'set_max_skew'
Slack : 7.774

Type  : Fast vid2a 0C Model Max Skew 'set_max_skew'
Slack : 7.776

Type  : Fast vid2a 0C Model Max Skew 'set_max_skew'
Slack : 7.787

Type  : Fast vid2a 0C Model Max Skew 'set_max_skew'
Slack : 79.717

Type  : Fast vid2a 0C Model Max Skew 'set_max_skew'
Slack : 79.809

Type  : Fast vid2a 0C Model Max Skew 'set_max_skew'
Slack : 79.819

Type  : Fast vid2a 0C Model Max Skew 'set_max_skew'
Slack : 79.826

Type  : Fast vid2a 100C Model Max Skew 'set_max_skew'
Slack : 1.280

Type  : Fast vid2a 100C Model Max Skew 'set_max_skew'
Slack : 1.286

Type  : Fast vid2a 100C Model Max Skew 'set_max_skew'
Slack : 1.295

Type  : Fast vid2a 100C Model Max Skew 'set_max_skew'
Slack : 1.295

Type  : Fast vid2a 100C Model Max Skew 'set_max_skew'
Slack : 1.295

Type  : Fast vid2a 100C Model Max Skew 'set_max_skew'
Slack : 1.298

Type  : Fast vid2a 100C Model Max Skew 'set_max_skew'
Slack : 1.324

Type  : Fast vid2a 100C Model Max Skew 'set_max_skew'
Slack : 1.325

Type  : Fast vid2a 100C Model Max Skew 'set_max_skew'
Slack : 1.325

Type  : Fast vid2a 100C Model Max Skew 'set_max_skew'
Slack : 1.327

Type  : Fast vid2a 100C Model Max Skew 'set_max_skew'
Slack : 1.328

Type  : Fast vid2a 100C Model Max Skew 'set_max_skew'
Slack : 1.331

Type  : Fast vid2a 100C Model Max Skew 'set_max_skew'
Slack : 1.332

Type  : Fast vid2a 100C Model Max Skew 'set_max_skew'
Slack : 1.334

Type  : Fast vid2a 100C Model Max Skew 'set_max_skew'
Slack : 1.334

Type  : Fast vid2a 100C Model Max Skew 'set_max_skew'
Slack : 1.347

Type  : Fast vid2a 100C Model Max Skew 'set_max_skew'
Slack : 1.347

Type  : Fast vid2a 100C Model Max Skew 'set_max_skew'
Slack : 1.351

Type  : Fast vid2a 100C Model Max Skew 'set_max_skew'
Slack : 1.353

Type  : Fast vid2a 100C Model Max Skew 'set_max_skew'
Slack : 1.360

Type  : Fast vid2a 100C Model Max Skew 'set_max_skew'
Slack : 1.361

Type  : Fast vid2a 100C Model Max Skew 'set_max_skew'
Slack : 1.364

Type  : Fast vid2a 100C Model Max Skew 'set_max_skew'
Slack : 1.368

Type  : Fast vid2a 100C Model Max Skew 'set_max_skew'
Slack : 1.371

Type  : Fast vid2a 100C Model Max Skew 'set_max_skew'
Slack : 1.373

Type  : Fast vid2a 100C Model Max Skew 'set_max_skew'
Slack : 1.375

Type  : Fast vid2a 100C Model Max Skew 'set_max_skew'
Slack : 1.386

Type  : Fast vid2a 100C Model Max Skew 'set_max_skew'
Slack : 1.387

Type  : Fast vid2a 100C Model Max Skew 'set_max_skew'
Slack : 1.388

Type  : Fast vid2a 100C Model Max Skew 'set_max_skew'
Slack : 1.388

Type  : Fast vid2a 100C Model Max Skew 'set_max_skew'
Slack : 1.391

Type  : Fast vid2a 100C Model Max Skew 'set_max_skew'
Slack : 1.391

Type  : Fast vid2a 100C Model Max Skew 'set_max_skew'
Slack : 1.396

Type  : Fast vid2a 100C Model Max Skew 'set_max_skew'
Slack : 1.403

Type  : Fast vid2a 100C Model Max Skew 'set_max_skew'
Slack : 1.425

Type  : Fast vid2a 100C Model Max Skew 'set_max_skew'
Slack : 1.431

Type  : Fast vid2a 100C Model Max Skew 'set_max_skew'
Slack : 1.434

Type  : Fast vid2a 100C Model Max Skew 'set_max_skew'
Slack : 1.446

Type  : Fast vid2a 100C Model Max Skew 'set_max_skew'
Slack : 1.451

Type  : Fast vid2a 100C Model Max Skew 'set_max_skew'
Slack : 1.451

Type  : Fast vid2a 100C Model Max Skew 'set_max_skew'
Slack : 1.461

Type  : Fast vid2a 100C Model Max Skew 'set_max_skew'
Slack : 1.469

Type  : Fast vid2a 100C Model Max Skew 'set_max_skew'
Slack : 1.485

Type  : Fast vid2a 100C Model Max Skew 'set_max_skew'
Slack : 1.486

Type  : Fast vid2a 100C Model Max Skew 'set_max_skew'
Slack : 1.489

Type  : Fast vid2a 100C Model Max Skew 'set_max_skew'
Slack : 1.489

Type  : Fast vid2a 100C Model Max Skew 'set_max_skew'
Slack : 1.495

Type  : Fast vid2a 100C Model Max Skew 'set_max_skew'
Slack : 1.508

Type  : Fast vid2a 100C Model Max Skew 'set_max_skew'
Slack : 1.509

Type  : Fast vid2a 100C Model Max Skew 'set_max_skew'
Slack : 1.513

Type  : Fast vid2a 100C Model Max Skew 'set_max_skew'
Slack : 1.513

Type  : Fast vid2a 100C Model Max Skew 'set_max_skew'
Slack : 1.528

Type  : Fast vid2a 100C Model Max Skew 'set_max_skew'
Slack : 1.528

Type  : Fast vid2a 100C Model Max Skew 'set_max_skew'
Slack : 1.536

Type  : Fast vid2a 100C Model Max Skew 'set_max_skew'
Slack : 2.040

Type  : Fast vid2a 100C Model Max Skew 'set_max_skew'
Slack : 2.060

Type  : Fast vid2a 100C Model Max Skew 'set_max_skew'
Slack : 2.083

Type  : Fast vid2a 100C Model Max Skew 'set_max_skew'
Slack : 2.093

Type  : Fast vid2a 100C Model Max Skew 'set_max_skew'
Slack : 2.097

Type  : Fast vid2a 100C Model Max Skew 'set_max_skew'
Slack : 2.104

Type  : Fast vid2a 100C Model Max Skew 'set_max_skew'
Slack : 2.115

Type  : Fast vid2a 100C Model Max Skew 'set_max_skew'
Slack : 2.118

Type  : Fast vid2a 100C Model Max Skew 'set_max_skew'
Slack : 2.121

Type  : Fast vid2a 100C Model Max Skew 'set_max_skew'
Slack : 2.129

Type  : Fast vid2a 100C Model Max Skew 'set_max_skew'
Slack : 2.174

Type  : Fast vid2a 100C Model Max Skew 'set_max_skew'
Slack : 2.179

Type  : Fast vid2a 100C Model Max Skew 'set_max_skew'
Slack : 2.202

Type  : Fast vid2a 100C Model Max Skew 'set_max_skew'
Slack : 2.892

Type  : Fast vid2a 100C Model Max Skew 'set_max_skew'
Slack : 2.893

Type  : Fast vid2a 100C Model Max Skew 'set_max_skew'
Slack : 3.057

Type  : Fast vid2a 100C Model Max Skew 'set_max_skew'
Slack : 7.595

Type  : Fast vid2a 100C Model Max Skew 'set_max_skew'
Slack : 7.597

Type  : Fast vid2a 100C Model Max Skew 'set_max_skew'
Slack : 7.597

Type  : Fast vid2a 100C Model Max Skew 'set_max_skew'
Slack : 7.615

Type  : Fast vid2a 100C Model Max Skew 'set_max_skew'
Slack : 7.615

Type  : Fast vid2a 100C Model Max Skew 'set_max_skew'
Slack : 7.618

Type  : Fast vid2a 100C Model Max Skew 'set_max_skew'
Slack : 7.631

Type  : Fast vid2a 100C Model Max Skew 'set_max_skew'
Slack : 7.664

Type  : Fast vid2a 100C Model Max Skew 'set_max_skew'
Slack : 7.674

Type  : Fast vid2a 100C Model Max Skew 'set_max_skew'
Slack : 7.676

Type  : Fast vid2a 100C Model Max Skew 'set_max_skew'
Slack : 7.682

Type  : Fast vid2a 100C Model Max Skew 'set_max_skew'
Slack : 7.684

Type  : Fast vid2a 100C Model Max Skew 'set_max_skew'
Slack : 7.699

Type  : Fast vid2a 100C Model Max Skew 'set_max_skew'
Slack : 7.727

Type  : Fast vid2a 100C Model Max Skew 'set_max_skew'
Slack : 7.728

Type  : Fast vid2a 100C Model Max Skew 'set_max_skew'
Slack : 7.730

Type  : Fast vid2a 100C Model Max Skew 'set_max_skew'
Slack : 7.737

Type  : Fast vid2a 100C Model Max Skew 'set_max_skew'
Slack : 7.737

Type  : Fast vid2a 100C Model Max Skew 'set_max_skew'
Slack : 7.739

Type  : Fast vid2a 100C Model Max Skew 'set_max_skew'
Slack : 7.754

Type  : Fast vid2a 100C Model Max Skew 'set_max_skew'
Slack : 7.761

Type  : Fast vid2a 100C Model Max Skew 'set_max_skew'
Slack : 7.761

Type  : Fast vid2a 100C Model Max Skew 'set_max_skew'
Slack : 7.761

Type  : Fast vid2a 100C Model Max Skew 'set_max_skew'
Slack : 7.777

Type  : Fast vid2a 100C Model Max Skew 'set_max_skew'
Slack : 79.695

Type  : Fast vid2a 100C Model Max Skew 'set_max_skew'
Slack : 79.793

Type  : Fast vid2a 100C Model Max Skew 'set_max_skew'
Slack : 79.804

Type  : Fast vid2a 100C Model Max Skew 'set_max_skew'
Slack : 79.811

Type  : Fast vid2 100C Model Max Skew 'set_max_skew'
Slack : 1.278

Type  : Fast vid2 100C Model Max Skew 'set_max_skew'
Slack : 1.284

Type  : Fast vid2 100C Model Max Skew 'set_max_skew'
Slack : 1.291

Type  : Fast vid2 100C Model Max Skew 'set_max_skew'
Slack : 1.291

Type  : Fast vid2 100C Model Max Skew 'set_max_skew'
Slack : 1.291

Type  : Fast vid2 100C Model Max Skew 'set_max_skew'
Slack : 1.292

Type  : Fast vid2 100C Model Max Skew 'set_max_skew'
Slack : 1.319

Type  : Fast vid2 100C Model Max Skew 'set_max_skew'
Slack : 1.322

Type  : Fast vid2 100C Model Max Skew 'set_max_skew'
Slack : 1.322

Type  : Fast vid2 100C Model Max Skew 'set_max_skew'
Slack : 1.325

Type  : Fast vid2 100C Model Max Skew 'set_max_skew'
Slack : 1.325

Type  : Fast vid2 100C Model Max Skew 'set_max_skew'
Slack : 1.329

Type  : Fast vid2 100C Model Max Skew 'set_max_skew'
Slack : 1.331

Type  : Fast vid2 100C Model Max Skew 'set_max_skew'
Slack : 1.334

Type  : Fast vid2 100C Model Max Skew 'set_max_skew'
Slack : 1.334

Type  : Fast vid2 100C Model Max Skew 'set_max_skew'
Slack : 1.347

Type  : Fast vid2 100C Model Max Skew 'set_max_skew'
Slack : 1.347

Type  : Fast vid2 100C Model Max Skew 'set_max_skew'
Slack : 1.348

Type  : Fast vid2 100C Model Max Skew 'set_max_skew'
Slack : 1.350

Type  : Fast vid2 100C Model Max Skew 'set_max_skew'
Slack : 1.358

Type  : Fast vid2 100C Model Max Skew 'set_max_skew'
Slack : 1.361

Type  : Fast vid2 100C Model Max Skew 'set_max_skew'
Slack : 1.362

Type  : Fast vid2 100C Model Max Skew 'set_max_skew'
Slack : 1.367

Type  : Fast vid2 100C Model Max Skew 'set_max_skew'
Slack : 1.369

Type  : Fast vid2 100C Model Max Skew 'set_max_skew'
Slack : 1.370

Type  : Fast vid2 100C Model Max Skew 'set_max_skew'
Slack : 1.371

Type  : Fast vid2 100C Model Max Skew 'set_max_skew'
Slack : 1.382

Type  : Fast vid2 100C Model Max Skew 'set_max_skew'
Slack : 1.385

Type  : Fast vid2 100C Model Max Skew 'set_max_skew'
Slack : 1.386

Type  : Fast vid2 100C Model Max Skew 'set_max_skew'
Slack : 1.386

Type  : Fast vid2 100C Model Max Skew 'set_max_skew'
Slack : 1.391

Type  : Fast vid2 100C Model Max Skew 'set_max_skew'
Slack : 1.391

Type  : Fast vid2 100C Model Max Skew 'set_max_skew'
Slack : 1.392

Type  : Fast vid2 100C Model Max Skew 'set_max_skew'
Slack : 1.397

Type  : Fast vid2 100C Model Max Skew 'set_max_skew'
Slack : 1.420

Type  : Fast vid2 100C Model Max Skew 'set_max_skew'
Slack : 1.431

Type  : Fast vid2 100C Model Max Skew 'set_max_skew'
Slack : 1.434

Type  : Fast vid2 100C Model Max Skew 'set_max_skew'
Slack : 1.445

Type  : Fast vid2 100C Model Max Skew 'set_max_skew'
Slack : 1.451

Type  : Fast vid2 100C Model Max Skew 'set_max_skew'
Slack : 1.451

Type  : Fast vid2 100C Model Max Skew 'set_max_skew'
Slack : 1.457

Type  : Fast vid2 100C Model Max Skew 'set_max_skew'
Slack : 1.470

Type  : Fast vid2 100C Model Max Skew 'set_max_skew'
Slack : 1.482

Type  : Fast vid2 100C Model Max Skew 'set_max_skew'
Slack : 1.484

Type  : Fast vid2 100C Model Max Skew 'set_max_skew'
Slack : 1.488

Type  : Fast vid2 100C Model Max Skew 'set_max_skew'
Slack : 1.488

Type  : Fast vid2 100C Model Max Skew 'set_max_skew'
Slack : 1.492

Type  : Fast vid2 100C Model Max Skew 'set_max_skew'
Slack : 1.506

Type  : Fast vid2 100C Model Max Skew 'set_max_skew'
Slack : 1.509

Type  : Fast vid2 100C Model Max Skew 'set_max_skew'
Slack : 1.512

Type  : Fast vid2 100C Model Max Skew 'set_max_skew'
Slack : 1.512

Type  : Fast vid2 100C Model Max Skew 'set_max_skew'
Slack : 1.526

Type  : Fast vid2 100C Model Max Skew 'set_max_skew'
Slack : 1.526

Type  : Fast vid2 100C Model Max Skew 'set_max_skew'
Slack : 1.534

Type  : Fast vid2 100C Model Max Skew 'set_max_skew'
Slack : 2.034

Type  : Fast vid2 100C Model Max Skew 'set_max_skew'
Slack : 2.054

Type  : Fast vid2 100C Model Max Skew 'set_max_skew'
Slack : 2.079

Type  : Fast vid2 100C Model Max Skew 'set_max_skew'
Slack : 2.089

Type  : Fast vid2 100C Model Max Skew 'set_max_skew'
Slack : 2.091

Type  : Fast vid2 100C Model Max Skew 'set_max_skew'
Slack : 2.098

Type  : Fast vid2 100C Model Max Skew 'set_max_skew'
Slack : 2.112

Type  : Fast vid2 100C Model Max Skew 'set_max_skew'
Slack : 2.116

Type  : Fast vid2 100C Model Max Skew 'set_max_skew'
Slack : 2.118

Type  : Fast vid2 100C Model Max Skew 'set_max_skew'
Slack : 2.125

Type  : Fast vid2 100C Model Max Skew 'set_max_skew'
Slack : 2.171

Type  : Fast vid2 100C Model Max Skew 'set_max_skew'
Slack : 2.178

Type  : Fast vid2 100C Model Max Skew 'set_max_skew'
Slack : 2.202

Type  : Fast vid2 100C Model Max Skew 'set_max_skew'
Slack : 2.887

Type  : Fast vid2 100C Model Max Skew 'set_max_skew'
Slack : 2.888

Type  : Fast vid2 100C Model Max Skew 'set_max_skew'
Slack : 3.056

Type  : Fast vid2 100C Model Max Skew 'set_max_skew'
Slack : 7.590

Type  : Fast vid2 100C Model Max Skew 'set_max_skew'
Slack : 7.592

Type  : Fast vid2 100C Model Max Skew 'set_max_skew'
Slack : 7.592

Type  : Fast vid2 100C Model Max Skew 'set_max_skew'
Slack : 7.611

Type  : Fast vid2 100C Model Max Skew 'set_max_skew'
Slack : 7.611

Type  : Fast vid2 100C Model Max Skew 'set_max_skew'
Slack : 7.613

Type  : Fast vid2 100C Model Max Skew 'set_max_skew'
Slack : 7.627

Type  : Fast vid2 100C Model Max Skew 'set_max_skew'
Slack : 7.664

Type  : Fast vid2 100C Model Max Skew 'set_max_skew'
Slack : 7.671

Type  : Fast vid2 100C Model Max Skew 'set_max_skew'
Slack : 7.676

Type  : Fast vid2 100C Model Max Skew 'set_max_skew'
Slack : 7.676

Type  : Fast vid2 100C Model Max Skew 'set_max_skew'
Slack : 7.679

Type  : Fast vid2 100C Model Max Skew 'set_max_skew'
Slack : 7.697

Type  : Fast vid2 100C Model Max Skew 'set_max_skew'
Slack : 7.724

Type  : Fast vid2 100C Model Max Skew 'set_max_skew'
Slack : 7.726

Type  : Fast vid2 100C Model Max Skew 'set_max_skew'
Slack : 7.728

Type  : Fast vid2 100C Model Max Skew 'set_max_skew'
Slack : 7.734

Type  : Fast vid2 100C Model Max Skew 'set_max_skew'
Slack : 7.737

Type  : Fast vid2 100C Model Max Skew 'set_max_skew'
Slack : 7.739

Type  : Fast vid2 100C Model Max Skew 'set_max_skew'
Slack : 7.754

Type  : Fast vid2 100C Model Max Skew 'set_max_skew'
Slack : 7.758

Type  : Fast vid2 100C Model Max Skew 'set_max_skew'
Slack : 7.761

Type  : Fast vid2 100C Model Max Skew 'set_max_skew'
Slack : 7.762

Type  : Fast vid2 100C Model Max Skew 'set_max_skew'
Slack : 7.778

Type  : Fast vid2 100C Model Max Skew 'set_max_skew'
Slack : 79.692

Type  : Fast vid2 100C Model Max Skew 'set_max_skew'
Slack : 79.791

Type  : Fast vid2 100C Model Max Skew 'set_max_skew'
Slack : 79.803

Type  : Fast vid2 100C Model Max Skew 'set_max_skew'
Slack : 79.810

Type  : Net Delay 'set_net_delay'
Slack : 1.044

Type  : Net Delay 'set_net_delay'
Slack : 1.061

Type  : Net Delay 'set_net_delay'
Slack : 1.077

Type  : Net Delay 'set_net_delay'
Slack : 1.085

Type  : Net Delay 'set_net_delay'
Slack : 1.089

Type  : Net Delay 'set_net_delay'
Slack : 1.096

Type  : Net Delay 'set_net_delay'
Slack : 1.096

Type  : Net Delay 'set_net_delay'
Slack : 1.098

Type  : Net Delay 'set_net_delay'
Slack : 1.111

Type  : Net Delay 'set_net_delay'
Slack : 1.115

Type  : Net Delay 'set_net_delay'
Slack : 1.115

Type  : Net Delay 'set_net_delay'
Slack : 1.123

Type  : Net Delay 'set_net_delay'
Slack : 1.128

Type  : Net Delay 'set_net_delay'
Slack : 1.134

Type  : Net Delay 'set_net_delay'
Slack : 1.148

Type  : Net Delay 'set_net_delay'
Slack : 1.175

Type  : Net Delay 'set_net_delay'
Slack : 1.179

Type  : Net Delay 'set_net_delay'
Slack : 1.185

Type  : Net Delay 'set_net_delay'
Slack : 1.188

Type  : Net Delay 'set_net_delay'
Slack : 1.194

Type  : Net Delay 'set_net_delay'
Slack : 1.198

Type  : Net Delay 'set_net_delay'
Slack : 1.208

Type  : Net Delay 'set_net_delay'
Slack : 1.210

Type  : Net Delay 'set_net_delay'
Slack : 1.211

Type  : Net Delay 'set_net_delay'
Slack : 1.217

Type  : Net Delay 'set_net_delay'
Slack : 1.228

Type  : Net Delay 'set_net_delay'
Slack : 1.229

Type  : Net Delay 'set_net_delay'
Slack : 1.230

Type  : Net Delay 'set_net_delay'
Slack : 1.233

Type  : Net Delay 'set_net_delay'
Slack : 1.233

Type  : Net Delay 'set_net_delay'
Slack : 1.233

Type  : Net Delay 'set_net_delay'
Slack : 1.234

Type  : Net Delay 'set_net_delay'
Slack : 1.234

Type  : Net Delay 'set_net_delay'
Slack : 1.239

Type  : Net Delay 'set_net_delay'
Slack : 1.243

Type  : Net Delay 'set_net_delay'
Slack : 1.253

Type  : Net Delay 'set_net_delay'
Slack : 1.293

Type  : Net Delay 'set_net_delay'
Slack : 1.297

Type  : Net Delay 'set_net_delay'
Slack : 1.326

Type  : Net Delay 'set_net_delay'
Slack : 1.333

Type  : Net Delay 'set_net_delay'
Slack : 1.336

Type  : Net Delay 'set_net_delay'
Slack : 1.339

Type  : Net Delay 'set_net_delay'
Slack : 1.341

Type  : Net Delay 'set_net_delay'
Slack : 1.344

Type  : Net Delay 'set_net_delay'
Slack : 1.359

Type  : Net Delay 'set_net_delay'
Slack : 1.388

Type  : Net Delay 'set_net_delay'
Slack : 1.396

Type  : Net Delay 'set_net_delay'
Slack : 1.401

Type  : Net Delay 'set_net_delay'
Slack : 1.423

Type  : Net Delay 'set_net_delay'
Slack : 1.425

Type  : Net Delay 'set_net_delay'
Slack : 1.433

Type  : Net Delay 'set_net_delay'
Slack : 1.437

Type  : Net Delay 'set_net_delay'
Slack : 1.445

Type  : Net Delay 'set_net_delay'
Slack : 1.450

Type  : Net Delay 'set_net_delay'
Slack : 1.885

Type  : Net Delay 'set_net_delay'
Slack : 1.902

Type  : Net Delay 'set_net_delay'
Slack : 1.908

Type  : Net Delay 'set_net_delay'
Slack : 1.928

Type  : Net Delay 'set_net_delay'
Slack : 1.931

Type  : Net Delay 'set_net_delay'
Slack : 1.944

Type  : Net Delay 'set_net_delay'
Slack : 1.949

Type  : Net Delay 'set_net_delay'
Slack : 1.953

Type  : Net Delay 'set_net_delay'
Slack : 1.990

Type  : Net Delay 'set_net_delay'
Slack : 1.996

Type  : Net Delay 'set_net_delay'
Slack : 2.022

Type  : Net Delay 'set_net_delay'
Slack : 2.026

Type  : Net Delay 'set_net_delay'
Slack : 2.035

Type  : Net Delay 'set_net_delay'
Slack : 2.097

Type  : Net Delay 'set_net_delay'
Slack : 2.130

Type  : Net Delay 'set_net_delay'
Slack : 2.139

Type  : Net Delay 'set_net_delay'
Slack : 2.598

Type  : Net Delay 'set_net_delay'
Slack : 2.650

Type  : Net Delay 'set_net_delay'
Slack : 2.679

Type  : Net Delay 'set_net_delay'
Slack : 2.687

Type  : Net Delay 'set_net_delay'
Slack : 2.727

Type  : Net Delay 'set_net_delay'
Slack : 2.743

Type  : Net Delay 'set_net_delay'
Slack : 2.932

Type  : Net Delay 'set_net_delay'
Slack : 7.358

Type  : Net Delay 'set_net_delay'
Slack : 7.385

Type  : Net Delay 'set_net_delay'
Slack : 7.386

Type  : Net Delay 'set_net_delay'
Slack : 7.415

Type  : Net Delay 'set_net_delay'
Slack : 7.424

Type  : Net Delay 'set_net_delay'
Slack : 7.425

Type  : Net Delay 'set_net_delay'
Slack : 7.427

Type  : Net Delay 'set_net_delay'
Slack : 7.434

Type  : Net Delay 'set_net_delay'
Slack : 7.437

Type  : Net Delay 'set_net_delay'
Slack : 7.440

Type  : Net Delay 'set_net_delay'
Slack : 7.441

Type  : Net Delay 'set_net_delay'
Slack : 7.445

Type  : Net Delay 'set_net_delay'
Slack : 7.448

Type  : Net Delay 'set_net_delay'
Slack : 7.449

Type  : Net Delay 'set_net_delay'
Slack : 7.454

Type  : Net Delay 'set_net_delay'
Slack : 7.457

Type  : Net Delay 'set_net_delay'
Slack : 7.465

Type  : Net Delay 'set_net_delay'
Slack : 7.467

Type  : Net Delay 'set_net_delay'
Slack : 7.468

Type  : Net Delay 'set_net_delay'
Slack : 7.477

Type  : Net Delay 'set_net_delay'
Slack : 7.480

Type  : Net Delay 'set_net_delay'
Slack : 7.491

Type  : Net Delay 'set_net_delay'
Slack : 7.495

Type  : Net Delay 'set_net_delay'
Slack : 7.502

Type  : Net Delay 'set_net_delay'
Slack : 7.539

Type  : Net Delay 'set_net_delay'
Slack : 7.544

Type  : Net Delay 'set_net_delay'
Slack : 7.545

Type  : Net Delay 'set_net_delay'
Slack : 7.549

Type  : Net Delay 'set_net_delay'
Slack : 7.554

Type  : Net Delay 'set_net_delay'
Slack : 7.566

Type  : Net Delay 'set_net_delay'
Slack : 7.566

Type  : Net Delay 'set_net_delay'
Slack : 7.569

Type  : Net Delay 'set_net_delay'
Slack : 7.570

Type  : Net Delay 'set_net_delay'
Slack : 7.576

Type  : Net Delay 'set_net_delay'
Slack : 7.586

Type  : Net Delay 'set_net_delay'
Slack : 7.586

Type  : Net Delay 'set_net_delay'
Slack : 7.589

Type  : Net Delay 'set_net_delay'
Slack : 7.594

Type  : Net Delay 'set_net_delay'
Slack : 7.594

Type  : Net Delay 'set_net_delay'
Slack : 7.595

Type  : Net Delay 'set_net_delay'
Slack : 7.608

Type  : Net Delay 'set_net_delay'
Slack : 7.608

Type  : Net Delay 'set_net_delay'
Slack : 7.618

Type  : Net Delay 'set_net_delay'
Slack : 7.647

Type  : Net Delay 'set_net_delay'
Slack : 7.654

Type  : Net Delay 'set_net_delay'
Slack : 7.677

Type  : Net Delay 'set_net_delay'
Slack : 7.680

Type  : Net Delay 'set_net_delay'
Slack : 7.680

Type  : Net Delay 'set_net_delay'
Slack : 7.682

Type  : Net Delay 'set_net_delay'
Slack : 7.686

Type  : Net Delay 'set_net_delay'
Slack : 7.706

Type  : Net Delay 'set_net_delay'
Slack : 7.713

Type  : Net Delay 'set_net_delay'
Slack : 7.717

Type  : Net Delay 'set_net_delay'
Slack : 79.448

Type  : Net Delay 'set_net_delay'
Slack : 79.462

Type  : Net Delay 'set_net_delay'
Slack : 79.517

Type  : Net Delay 'set_net_delay'
Slack : 79.519

Type  : Net Delay 'set_net_delay'
Slack : 79.634

Type  : Net Delay 'set_net_delay'
Slack : 79.676

Type  : Net Delay 'set_net_delay'
Slack : 79.696

Type  : Net Delay 'set_net_delay'
Slack : 79.728

Type  : Net Delay 'set_net_delay'
Slack : Invalid clock

Type  : Net Delay 'set_net_delay'
Slack : Invalid clock

Type  : Net Delay 'set_net_delay'
Slack : Invalid clock

Type  : Net Delay 'set_net_delay'
Slack : Invalid clock

Type  : Net Delay 'set_net_delay'
Slack : Invalid clock

Type  : Net Delay 'set_net_delay'
Slack : Invalid clock

Type  : Net Delay 'set_net_delay'
Slack : Invalid clock

Type  : Net Delay 'set_net_delay'
Slack : Invalid clock

------------------------------------------------------------
Info: see the "DDR report" for DDR timing results
------------------------------------------------------------
------------------------------------------------------------
