Info: *******************************************************************
Info: Running Quartus Prime Timing Analyzer
    Info: Version 26.1.1 Build 130 08/06/2026 SC Pro Edition
    Info: Copyright (C) 2026  Altera Corporation. All rights reserved.
    Info: Your use of Altera Corporation's design tools, logic functions 
    Info: and other software and tools, and any partner logic 
    Info: functions, and any output files from any of the foregoing 
    Info: (including device programming or simulation files), and any 
    Info: associated documentation or information are expressly subject 
    Info: to the terms and conditions of the Altera Program License 
    Info: Subscription Agreement, the Altera Quartus Prime License Agreement,
    Info: the Altera IP License Agreement, or other applicable license
    Info: agreement, including, without limitation, that your use is for
    Info: the sole purpose of programming logic devices manufactured by
    Info: Altera and sold by Altera or its authorized distributors.  Please
    Info: refer to the Altera Software License Subscription Agreements 
    Info: on the Quartus Prime software download page.
    Info: Processing started: Fri Sep 18 20:54:07 2026
    Info: System process ID: 123298
Info: Command: quartus_sta -t /home/uwb_student00/ahls/new_BSP/qualification/fim-build-08/pcie-postfit-query-01/help2.tcl
HELP_BEGIN project_open
---------------------------------------------------------------------------

Usage: project_open [-h] [-help] [-long_help] [-current_revision] [-force] [-preserve_revision_order] [-revision <revision_name>] <project_name>

        -h: Quick usage
        -help: Short help
        -long_help: Long help with examples and possible return values

        -current_revision: Option to open the current revision automatically
        -force: Option to open the project and overwrite the compilation database if the database version is incompatible.
        -preserve_revision_order: Option to not move the revision to top in the qpf file and preserve existing revision ordering
        -revision <revision_name>: Revision name
        <project_name>: Project name

------------------------
Tcl Package and Version:
------------------------

Belongs to ::quartus::project 7.0

------------
Description:
------------

Opens an existing project. To create a new project, use the
project_new command.

If the -revision option is not specified, the project name is
specified as the revision name.

The project_open command gives an error when the compilation database
version is not compatible with the current version of Quartus Prime
software.  You may specify the "-force" option to avoid the error and
overwrite the database.

--------------
Example Usage:
--------------

## Open project "chiptrip" and revision "chiptrip"
project_open chiptrip

## Open project "chiptrip" and revision "auto_max"
project_open -revision auto_max chiptrip

## Get the current revision before opening
## the project with the current revision
set project_name chiptrip
set current_revision [get_current_revision $project_name]
project_open -revision $current_revision $project_name
puts [get_global_assignment -name FAMILY]
project_close

-------------
Return Value:
-------------

Code Name	Code	String Return
---------	----	-------------
TCL_OK   	0   	INFO: Operation successful
TCL_OK   	0   	WARNING: Project is already open: <string>
TCL_ERROR	1   	ERROR: Can't open project: <string>. First close the currently open project: <string>.
TCL_ERROR	1   	ERROR: Can't open project: <string>
TCL_ERROR	1   	ERROR: Can't set revision: <string>. Make sure there is an open, active revision name.
TCL_ERROR	1   	ERROR: Can't run Tcl command while a process is in progress: <string>. To run the command, stop the compilation or simulation; or wait for the compilation or simulation to complete.
TCL_ERROR	1   	ERROR: Cannot open project: <string>. The project is not compatible with the installed version of the Quartus Prime software. Opening the project will overwrite the old project database. If you wish to overwrite the old project database, make sure to specify the -<string> option.
TCL_ERROR	1   	ERROR: Can't open revision: <string> (project: <string>). The revision is not compatible with the installed version of the Quartus Prime software. Opening the revision will overwrite the old revision database. If you wish to overwrite the old revision database, make sure to specify the -<string> option.
TCL_ERROR	1   	ERROR: Found two options: -<string> and -<string>. Choose one of the options.
TCL_ERROR	1   	ERROR: Revision does not exist: <string>. Specify a legal revision name using the "-<string>" option.
TCL_ERROR	1   	ERROR: Project does not exist or has illegal name characters: <string>. Specify a legal project name.

---------------------------------------------------------------------------

HELP_BEGIN create_timing_netlist
---------------------------------------------------------------------------

Usage: create_timing_netlist [-h] [-help] [-long_help] [-force_dat] [-grade <c|i|m|e|a>] [-model <fast|slow>] [-no_latch] [-post_syn] [-snapshot <snapshot>] [-speed <speed>] [-temperature <value_in_C>] [-voltage <value_in_mV>] [-zero_ic_delays] [<operating_conditions>]

        -h: Quick usage
        -help: Short help
        -long_help: Long help with examples and possible return values

        -force_dat: Option to force delay annotation
        -grade <c|i|m|e|a>: Option to specify temperature grade
        -model <fast|slow>: Option to specify timing model
        -no_latch: Option to disable the analysis of latches as synchronous elements
        -post_syn: Option to perform timing analysis on the post-synthesis netlist
        -snapshot <snapshot>: Snapshot of the design to load
        -speed <speed>: Speed grade
        -temperature <value_in_C>: Operating temperature
        -voltage <value_in_mV>: Operating voltage
        -zero_ic_delays: Option to set all IC delays to zero
        <operating_conditions>: Operating conditions Tcl object name string

------------------------
Tcl Package and Version:
------------------------

Belongs to ::quartus::sta 1.0

------------
Description:
------------

Creates the timing netlist by annotating the atom
netlist with delay information using post-fitting
results.

Use the -post_syn option to obtain post-synthesis
results.

In Quartus Prime Pro edition, you can use the -snapshot option
to specify which netlist you want to perform timing analysis on.

The create_timing_netlist command skips delay
annotation by default.  Use -force_dat to rerun delay
annotation. This is required if any delay annotation
setting is changed in the Quartus Prime project revision
(e.g. OUTPUT_PIN_LOAD).

Use "-model fast" to run the analysis using the fast
corner delay models first.  The -temperature,
-voltage, and -speed, options are also available. See
help for set_operating_conditions for details on these
options.

You can use model, temperature and voltage options to
specify operating conditions while creating timing
netlist (temperature and voltage options are not
supported by all families). You can also set operating
conditions by passing an operating conditions object
name as a positional argument to create_timing_netlist
command. After the timing netlist has been created,
you can use set_operating_conditions command to change
timing models without deleting and re-creating the
timing netlist.

Use the -grade option to analyze the design at a
different temperature grade. This option is provided
to support what-if analysis and is not recommended for
final sign-off analysis.

Use the -no_latch option to analyze latches as
combinational loops instead of synchronous elements.

Use the -zero_ic_delays option to set all IC delays in
the netlist to zero.

--------------
Example Usage:
--------------

project_open my_top

# Create timing netlist before calling
# any report functions
create_timing_netlist

# Read SDC and update timing
read_sdc
update_timing_netlist

# Ready to call report functions
report_timing -npaths 1 -clock_setup

# The following command is optional
delete_timing_netlist

project_close

project_open my_top

# Report worst case period for -9 speed grade
create_timing_netlist -speed 9

# Read SDC and update timing
read_sdc
update_timing_netlist

report_timing -clock_setup -clock_filter clk
delete_timing_netlist

# Report hold violation for fastest corner
# Use set_operating_conditions instead
create_timing_netlist -model fast

# Read SDC and update timing
read_sdc
update_timing_netlist

report_timing -clock_hold -clock_filter clk
delete_timing_netlist

# If Delay Annotation has been run for the fast corner
# Force Delay Annotation
create_timing_netlist -model fast -force_dat

# Read SDC and update timing
read_sdc
update_timing_netlist

report_timing -clock_hold -clock_filter clk
delete_timing_netlist

# Report worst case period for post-periphery-placement netlist
create_timing_netlist -post_fpp

# Read SDC and update timing
read_sdc
update_timing_netlist

report_timing -clock_setup -clock_filter clk
delete_timing_netlist

project_close

-------------
Return Value:
-------------

Code Name	Code	String Return
---------	----	-------------
TCL_OK   	0   	INFO: Operation successful
TCL_ERROR	1   	ERROR: The TCL command "<string>" is not supported in quartus_fit. It is only supported in quartus_sta. Please use quartus_sta instead of quartus_fit if you want to use this TCL command.
TCL_ERROR	1   	ERROR: Can't create timing netlist for device family <string>. Run Analysis and Synthesis (quartus_syn) using this device family as a value for the --family option before running the Timing Analyzer (create_timing_netlist).
TCL_ERROR	1   	ERROR: The Fast Forward snapshot cannot be used for sign-off timing analysis.  Please see the Fast Forward Timing Closure Recommendations report for performance estimates.
TCL_ERROR	1   	ERROR: Cannot run the Timing Analyzer (quartus_sta). Periphery placement (quartus_fit --plan) failed or Fitter was not run. Run I/O Assignment Analysis (quartus_fit --plan) successfully before running the Timing Analyzer (create_timing_netlist -post_fpp).
TCL_ERROR	1   	ERROR: Invalid snapshot "<string>". Available snapshot(s): <string>
TCL_ERROR	1   	ERROR: Both the -temperature and -voltage options and their values are required.
TCL_ERROR	1   	ERROR: Can't find active revision. Make sure there is an open, active revision name.
TCL_ERROR	1   	ERROR: Could not find the <string> timing netlist on disk. Please run this fitter stage first, and make sure you have enabled "Optimize Timing" in Advanced Fitter Settings.
TCL_ERROR	1   	ERROR: Option -no_latch is not supported for the current family.
TCL_ERROR	1   	ERROR: Values entered did not match any valid operating conditions. Available operating conditions are: <string>
TCL_ERROR	1   	ERROR: The <string> device family cannot perform automatic multi-corner timing analysis because the family does not support the set_operating_conditions command.
TCL_ERROR	1   	ERROR: <string> Device family is not supported by the Timing Analyzer.
TCL_ERROR	1   	ERROR: Illegal value: <string>. Specify an integer ranging from -999999999 to 999999999 for the option -voltage
TCL_ERROR	1   	ERROR: The design has not been fully routed. If you want to perform Timing Analysis on an earlier netlist please choose which snapshot to load for analysis. Available snapshot(s): <string>
TCL_ERROR	1   	ERROR: The design has not been fully routed and retimed to optimize timing. If you want to perform Timing Analysis on an earlier netlist please choose which snapshot to load for analysis. Available snapshot(s): <string>
TCL_ERROR	1   	ERROR: Cannot run the Timing Analyzer (quartus_sta). Fitter (quartus_fit) failed or was not run. Run the Fitter (quartus_fit) successfully before running the Timing Analyzer (create_timing_netlist).
TCL_ERROR	1   	ERROR: Cannot run the Timing Analyzer (quartus_sta). Analysis and Synthesis (quartus_syn) failed or was not run. Run Analysis and Synthesis (quartus_syn) successfully before running the Timing Analyzer (create_timing_netlist -post_syn).
TCL_ERROR	1   	ERROR: Delay annotation not run. Run delay annotation before running the Timing Analyzer (quartus_sta).
TCL_ERROR	1   	ERROR: You can only specify the -snapshot option when Hierarchical Design is enabled.
TCL_ERROR	1   	ERROR: Pre-fit timing analysis is not supported for the specified operating conditions. Please use the <string>.
TCL_ERROR	1   	ERROR: The Synthesis snapshot cannot currently be used for timing analysis.
TCL_ERROR	1   	ERROR: Timing netlist already exists. Delete the timing netlist before running this command.
TCL_ERROR	1   	ERROR: Unsupported option: "<string>".

---------------------------------------------------------------------------

HELP_BEGIN read_sdc
---------------------------------------------------------------------------

Usage: read_sdc [-h] [-help] [-long_help] [-hdl] [-instance <instance_name>] [-no_import] [-no_sdc_promotion] [-post_fit] [-post_syn] [-project_relative] [<file_name>]

        -h: Quick usage
        -help: Short help
        -long_help: Long help with examples and possible return values

        -hdl: Read SDC commands embedded in HDL
        -instance <instance_name>: Name of the block for which we are reading the SDC file
        -no_import: Do not automatically import RTL SDCs from the netlist
        -no_sdc_promotion: Disable instance-bound scoping of constraints
        -post_fit: For post_syn STA. Load SDCs as if in post_fit (Includes SDC_FILE, HDL Embedded, Entity)
        -post_syn: For use with STA on fitter snapshots. Load SDCs as if in post_syn mode
        -project_relative: If passing in a relative path to a file, interpret that path relative to the current project\'s directory instead of STA\'s current directory
        <file_name>: Name of the SDC file

------------------------
Tcl Package and Version:
------------------------

Belongs to ::quartus::sta 1.0

------------
Description:
------------

Reads an SDC file with all current constraints and exceptions.

If an SDC file is specified, read_sdc only reads that SDC file.  If
the -hdl option is specified, read_sdc only reads SDC commands that
were embedded in HDL.

If no arguments are specified, read_sdc reads the default SDC files
along with any SDC commands that were embedded in HDL.  If one or more
SDC_FILE assignments exists in the QSF, read_sdc reads all of them in
order. Otherwise, read_sdc reads the file <revision>.sdc if it exists.

--------------
Example Usage:
--------------

project_new test
create_timing_netlist

# Read SDC commands from test_constraints.sdc
read_sdc test_constraints.sdc

# Read SDC commands embedded in HDL
read_sdc -hdl

update_timing_netlist

report_timing

delete_timing_netlist
project_close

-------------
Return Value:
-------------

Code Name	Code	String Return
---------	----	-------------
TCL_OK   	0   	INFO: Operation successful
TCL_ERROR	1   	ERROR: Can't find file "<string>"
TCL_ERROR	1   	ERROR: The provided instance name does not exist in the current design.
TCL_ERROR	1   	ERROR: instance_name must be specified when using no_sdc_promotion.
TCL_ERROR	1   	ERROR: Timing netlist does not exist. Use "create_timing_netlist" to create a timing netlist.

---------------------------------------------------------------------------

HELP_BEGIN get_pins
---------------------------------------------------------------------------

Usage: get_pins [-h] [-help] [-long_help] [-compatibility_mode] [-hierarchical] [-no_duplicates] [-nocase] [-nowarn] [<filter>]

        -h: Quick usage
        -help: Short help
        -long_help: Long help with examples and possible return values

        -compatibility_mode: Use simple Tcl matching
        -hierarchical: Specifies use of a hierarchical searching method
        -no_duplicates: Do not match duplicated pin names
        -nocase: Specifies case-insensitive node name matching
        -nowarn: Do not issue warning messages about unmatched patterns
        <filter>: Valid destinations (string patterns are matched using Tcl string matching)

------------------------
Tcl Package and Version:
------------------------

Belongs to ::quartus::sdc 1.5

------------
Description:
------------

Returns a collection of pins in the design. All pin names in the
collection match the specified pattern. Wildcards can be used to
select multiple pins at once.

There are three Tcl string matching schemes available with this
command: the default method, the -hierarchical option, and the
-compatibility_mode option.

By default, pipe characters are used to separate one hierarchy level
from the next. They are treated as special characters and are taken
into account when string matching with wildcards is performed. When
the default matching scheme is enabled, the specified pattern is
matched against absolute pin names: the names that include the entire
hierarchical path. All hierarchy levels in the pattern are matched
level by level. Pin names of the form <absolute full cell name>|<pin
suffix> are used for matching. Note that a full cell name can contain
multiple pipe characters in it to reflect the hierarchy. Any included
wildcards refer to only one hierarchical level. For example, "*|*" and
"*|*|*" produce different collections since they refer to the highest
hierarchical level and second highest hierarchical level respectively.

When using the -hierarchical matching scheme, pipe characters are
treated as special characters and are taken into account when string
matching with wildcards is performed. This matching scheme forces the
search to proceed recursively through the hierarchy. The specified
pattern is matched against the relative pin names: the immediate names
that do not include any of the hierarchy information.  Pin names of
the form <relative short cell name>|<pin suffix> are used for
matching. Note that a short cell name cannot contain pipe
characters. Any included wildcards are expanded to match the relative
pin names.  For example, "*" and "*|*" match exactly the same pins
since the former is expanded into the latter.

The -compatibility_mode matching scheme uses simple Tcl string matching
on full, absolute cell names. Pipe characters are not treated as special
characters when used with wildcards.

The default matching scheme returns not only pins whose names match
the specified filter, but also pins duplicated from these pins (refers
to pins are automatically generated by Quartus from the pins).  Use
-no_duplicates option to not include duplicated pins.

The filter for the collection is a Tcl list of wildcards, and must
follow standard Tcl or Timing Analyzer-extension substitution rules. See 
help for the use_timing_analyzer_style_escaping command for details.

--------------
Example Usage:
--------------

# Get regout pin of "reg" cell
get_pins -nocase reg|regout
# Create a collection of all pins of "reg" cell
get_pins reg|*
# Create a collection of all pins on the highest hierarachical level
set mycollection [get_pins *]
# Output pin names.
foreach_in_collection pin $mycollection {
    puts [get_pin_info -name $pin]
}
# Create a collection of all pins in the design
set fullcollection [get_pins -hierarchical *]
# Output pin IDs and names.
foreach_in_collection pin $fullcollection {
    puts -nonewline $pin
    puts -nonewline ": "
    puts [get_pin_info -name $pin]
}

-------------
Return Value:
-------------

Code Name	Code	String Return
---------	----	-------------
TCL_OK   	0   	INFO: Operation successful
TCL_ERROR	1   	ERROR: Timing netlist does not exist. Use "create_timing_netlist" to create a timing netlist.

---------------------------------------------------------------------------

HELP_BEGIN get_pin_info
---------------------------------------------------------------------------

Usage: get_pin_info [-h] [-help] [-long_help] [-is_clock_pin] [-is_in_pin] [-is_out_pin] [-name] [-net] [-parent_cell] [-suffix] [-type] <pin_object>

        -h: Quick usage
        -help: Short help
        -long_help: Long help with examples and possible return values

        -is_clock_pin: Return true if it is a clock pin, or false otherwise
        -is_in_pin: Return true if it is an input pin, or false otherwise
        -is_out_pin: Return true if it is an output pin, or false otherwise
        -name: Return the pin name
        -net: Return the net ID if this is an output pin
        -parent_cell: Return the parent cell ID
        -suffix: Return the suffix of the pin
        -type: Return the pin type
        <pin_object>: Pin object

------------------------
Tcl Package and Version:
------------------------

Belongs to ::quartus::sta 1.0

------------
Description:
------------

Gets information about the specified pin (referenced by pin ID).  Pin
ID's can be obtained by Tcl commands such as get_pins.

The -type option returns "pin".

Options -name, -type, -parent_cell, -net, -suffix, -is_clock_pin,
-is_in_pin and -is_out_pin are mutually exclusive.

--------------
Example Usage:
--------------

project_open chiptrip
create_timing_netlist
set pins [get_pins]
foreach_in_collection pin $pins {
    set pin_name [get_pin_info $pin -name]
    set parent_cell [get_pin_info $pin -parent_cell]
    puts "Pin $pin_name belongs to cell [get_cell_info -name $parent_cell]"
}
delete_timing_netlist
project_close

-------------
Return Value:
-------------

Code Name	Code	String Return
---------	----	-------------
TCL_OK   	0   	INFO: Operation successful
TCL_ERROR	1   	ERROR: Options are mutually exclusive: <string>. Specify only one of the these options.
TCL_ERROR	1   	ERROR: Object with ID "<string>" is not an object of type <string>. Specify the ID of an object with the correct type.
TCL_ERROR	1   	ERROR: Cannot find object of ID "<string>". Specify an existing object ID.
TCL_ERROR	1   	ERROR: Unsupported object type: <string>. Specify a supported object type.

---------------------------------------------------------------------------

HELP_BEGIN get_cell_info
---------------------------------------------------------------------------

Usage: get_cell_info [-h] [-help] [-long_help] [-buried_nodes] [-buried_regs] [-in_pin_names] [-in_pins] [-location] [-name] [-out_pin_names] [-out_pins] [-pin_names] [-pins] [-type] [-wysiwyg_type] <cell_object>

        -h: Quick usage
        -help: Short help
        -long_help: Long help with examples and possible return values

        -buried_nodes: Return a collection of buried node IDs
        -buried_regs: Return a collection of buried register IDs
        -in_pin_names: Return a list of input pin names
        -in_pins: Return a collection of input pin IDs
        -location: Return the atom location in device
        -name: Return the cell name
        -out_pin_names: Return a list of output pin names
        -out_pins: Return a collection of output pin IDs
        -pin_names: Return a list of input and output pin names
        -pins: Return a collection of input and output pin IDs
        -type: Return the cell type
        -wysiwyg_type: Return the WYSIWYG type of the cell
        <cell_object>: Cell object

------------------------
Tcl Package and Version:
------------------------

Belongs to ::quartus::sta 1.0

------------
Description:
------------

Gets information about the specified cell (referenced by cell ID).
You can obtain cell using the get_cells Tcl command.

The "-type" option returns "cell".

Options "-name", "-type", "-pin_name", "-in_pin_names",
"-out_pin_names", "-pins", "-clock_pins", "-in_pins", "-out_pins",
"-buried_nodes", "-buried_regs", "-location", and "-wysiwyg_type" are
mutually exclusive.

--------------
Example Usage:
--------------

project_open chiptrip
create_timing_netlist
set cells [get_cells]
foreach_in_collection cell $cells {
    puts "[get_cell_info $cell -name]: [get_cell_info $cell -type]"
}
delete_timing_netlist
project_close

-------------
Return Value:
-------------

Code Name	Code	String Return
---------	----	-------------
TCL_OK   	0   	INFO: Operation successful
TCL_ERROR	1   	ERROR: Options are mutually exclusive: <string>. Specify only one of the these options.
TCL_ERROR	1   	ERROR: Object with ID "<string>" is not an object of type <string>. Specify the ID of an object with the correct type.
TCL_ERROR	1   	ERROR: Cannot find object of ID "<string>". Specify an existing object ID.
TCL_ERROR	1   	ERROR: Unsupported object type: <string>. Specify a supported object type.

---------------------------------------------------------------------------

HELP_BEGIN get_cells
---------------------------------------------------------------------------

Usage: get_cells [-h] [-help] [-long_help] [-compatibility_mode] [-hierarchical] [-no_duplicates] [-nocase] [-nowarn] [<filter>]

        -h: Quick usage
        -help: Short help
        -long_help: Long help with examples and possible return values

        -compatibility_mode: Use simple Tcl matching 
        -hierarchical: Specifies use of a hierarchical searching method
        -no_duplicates: Do not match duplicated cell names
        -nocase: Specifies case insensitive node name matching
        -nowarn: Do not issue warning messages about unmatched patterns
        <filter>: Valid destinations (string patterns are matched using Tcl string matching)

------------------------
Tcl Package and Version:
------------------------

Belongs to ::quartus::sdc 1.5

------------
Description:
------------

Returns a collection of cells in the design. All cell names in the
collection match the specified pattern. Wildcards can be used to
select multiple cells at once.

There are three Tcl string matching schemes available with this
command: the default method, the -hierarchical option, and the
-compatibility_mode option.

When you use the default matching scheme, use pipe characters to
separate one hierarchy level from the next. They are treated as
special characters and are taken into account when string matching
with wildcards is performed. When this matching scheme is enabled, the
specified pattern is matched against absolute cell names: the names
that include the entire hierarchical path. A full cell name can
contain multiple pipe characters in it to reflect the hierarchy. All
hierarchy levels in the pattern are matched level by level. Any
included wildcards refer to only one hierarchical level. For example,
"*" and "*|*" produce different collections since they refer to the
highest hierarchical level and second highest hierarchical level
respectively.

When using the -hierarchical matching scheme, pipe characters are
treated as special characters and are taken into account when string
matching with wildcards is performed. This matching scheme forces the
search to proceed recursively down the hierarchy. The specified
pattern is matched against the relative cell names: the immediate
names that do not include any of the hierarchy information. Note that
a short cell name cannot contain pipe characters in it. Any included
wildcards are expanded to match the relative cell names.

The -compatibility_mode matching scheme uses simple Tcl string matching
on full, absolute cell names. Pipe characters are not treated as special
characters when used with wildcards.

The default matching scheme returns cells whose names match the
specified filter and also cells automatically generated by the Quartus
II software from these cells). Use -no_duplicates option to not
include duplicated cells.

The filter for the collection is a Tcl list of wildcards, and must
follow standard Tcl or Timing Analyzer-extension substitution rules. See 
help for the use_timing_analyzer_style_escaping command for details.

--------------
Example Usage:
--------------

# Find a cell called "reg" using case insensitive search
get_cells -nocase reg
# Create a collection of all cells whose names start with "reg"
get_cells reg*
# Create a collection of all cells on the highest hierarachical level
set mycollection [get_cells *]
# Create a collection of all cells in the design
# Output cell names.
foreach_in_collection cell $mycollection {
    puts [get_cell_info -name $cell]
}
set fullcollection [get_cells -hierarchical *]
# Output cell IDs and names.
foreach_in_collection cell $fullcollection {
    puts -nonewline $cell
    puts -nonewline ": "
    puts [get_cell_info -name $cell]
}

-------------
Return Value:
-------------

Code Name	Code	String Return
---------	----	-------------
TCL_OK   	0   	INFO: Operation successful
TCL_ERROR	1   	ERROR: Timing netlist does not exist. Use "create_timing_netlist" to create a timing netlist.

---------------------------------------------------------------------------

HELP_BEGIN get_clock_info
---------------------------------------------------------------------------

Usage: get_clock_info [-h] [-help] [-long_help] [-child_clocks] [-divide_by] [-duty_cycle] [-edge_shifts] [-edges] [-fall] [-is_inverted] [-latency] [-master_clock] [-master_clock_pin] [-max] [-min] [-multiply_by] [-name] [-nreg_neg] [-nreg_pos] [-offset] [-period] [-phase] [-rise] [-targets] [-type] [-waveform] <clk_object>

        -h: Quick usage
        -help: Short help
        -long_help: Long help with examples and possible return values

        -child_clocks: Returns a list of child clock names
        -divide_by: Return the frequency divider (to the base clock)
        -duty_cycle: Return the duty cycle
        -edge_shifts: Return a list of edge shifts that the specified edges are to undergo to yield the final generated clock waveform
        -edges: Return a list of integer representing edges from the source clock that are to form edges of the generated clock
        -fall: Return clock fall latency
        -is_inverted: Return a boolean value to indicate if the generated clock is inverted
        -latency: Return clock latency
        -master_clock: Return the master clock name
        -master_clock_pin: Return the master clock source pin
        -max: Return max clock latency
        -min: Return min clock latency
        -multiply_by: Return the frequency multiplier (to the base clock)
        -name: Return the clock name
        -nreg_neg: Return number of registers negatively clocked by clock
        -nreg_pos: Return number of registers positively clocked by clock
        -offset: Return the clock offset
        -period: Return the clock period
        -phase: Return the clock phase
        -rise: Return clock rise latency
        -targets: Return the clock targets collection
        -type: Return the clock type
        -waveform: Return the waveform (rise time and fall time)
        <clk_object>: Clock object

------------------------
Tcl Package and Version:
------------------------

Belongs to ::quartus::sta 1.0

------------
Description:
------------

Returns information about the specified clock (referenced by clock
ID). Clock IDs can be obtained by Tcl commands such as get_clocks.

The "-type" option returns one of "base", "virtual_base", "generated",
"virtual_generated".

Options "-name", "-type", "-period", "-duty_cycle", "-waveform",
"-edges", "-edge_shifts", "-multiply_by", "-divide_by",
"-is_inverted", "-latency", "-master_clock", and "-targets" are
mutually exclusive. The "-latency" option requires a specified "-max"
or "-min" option as well as a "-rise" or "-fall" option.

--------------
Example Usage:
--------------

project_open chiptrip
create_timing_netlist
set clocks [get_clocks]
foreach_in_collection clk $clocks {
    puts "[get_clock_info $clk -name]: [get_clock_info $clk -period]"
}
delete_timing_netlist
project_close

-------------
Return Value:
-------------

Code Name	Code	String Return
---------	----	-------------
TCL_OK   	0   	INFO: Operation successful
TCL_ERROR	1   	ERROR: Options are mutually exclusive: <string>. Specify only one of the these options.
TCL_ERROR	1   	ERROR: Object with ID "<string>" is not an object of type <string>. Specify the ID of an object with the correct type.
TCL_ERROR	1   	ERROR: Cannot find object of ID "<string>". Specify an existing object ID.
TCL_ERROR	1   	ERROR: Unsupported object type: <string>. Specify a supported object type.

---------------------------------------------------------------------------

HELP_BEGIN get_fanins
---------------------------------------------------------------------------

Usage: get_fanins [-h] [-help] [-long_help] [-asynch] [-clock] [-inverting_paths] [-no_logic] [-non_inverting_paths] [-stop_at_clocks] [-synch] [-through <names>] <filter>

        -h: Quick usage
        -help: Short help
        -long_help: Long help with examples and possible return values

        -asynch: Traverse through asynch edges
        -clock: Traverse through clock edges
        -inverting_paths: Only follow inverting combinational paths
        -no_logic: Do not follow combinational paths
        -non_inverting_paths: Only follow non-inverting combinational paths
        -stop_at_clocks: Return clock targets as fanin/fanouts rather than traversing through them
        -synch: Traverse through synch edges
        -through <names>: Valid through nodes (string patterns are matched using Tcl string matching)
        <filter>: Valid starting nodes (string patterns are matched using Tcl string matching or collection)

------------------------
Tcl Package and Version:
------------------------

Belongs to ::quartus::sdc_ext 2.0

------------
Description:
------------

Returns a collection of fanin ports, registers (and 
optionally clock targets) reachable from the
<filter> in the design. When you supply the -no_logic
option, get_fanins ignores paths that pass through
combinational logic elements other than buffers and
inverters.

NOTE: the -no_logic option does not consider
logic absorbed into the cells of the <filter> nor the
cells of fanin registers, ports or clock targets.

When you use -synch, -asynch, or -clock options,
get_fanins traverses the netlist through corresponding
edges. You can specify more than one of these options.
If you do not specify any of these three
options, the command does not ignore any paths.

When the -non_inverting_paths option is used, no_logic
does not follow any paths that includes odd number of
inverters. Similarly, when the -inverting_paths option
is used, no_logic does not follow any paths that
includes even number of inverters. Both the
-non_inverting_paths and -inverting_paths options
require the -no_logic option and are mutually
exclusive.

When the -through option is used, only the fanins that
can be reached by going through those nodes are
returned.

When -stop_at_clocks is used, combinational clock targets may 
be returned (in addition to clock or non-clock registers 
and ports), and registers or ports that can only be reached 
by traversing through a clock target will not be returned.

The filter for the collection is a Tcl list of
wildcards, and must follow standard Tcl or
Timing Analyzer-extension substitution rules.  See the help
for the use_timing_analyzer_style_escaping command for
details.


--------------
Example Usage:
--------------

set fanins [get_fanins $item -synch -clock]
foreach_in_collection fanin_keeper $fanins {
	lappend fanin_keeper_list [get_node_info $fanin_keeper -name]
}

set fanins_no_logic [get_fanins $item -no_logic -asynch]
foreach_in_collection fanin_keeper $fanins_no_logic {
	lappend fanin_keeper_list_no_logic [get_node_info $fanin_keeper -name]
}

#-through example
get_fanins inst18 -through inst11

-------------
Return Value:
-------------

Code Name	Code	String Return
---------	----	-------------
TCL_OK   	0   	INFO: Operation successful

---------------------------------------------------------------------------

Info (23030): Evaluation of Tcl script /home/uwb_student00/ahls/new_BSP/qualification/fim-build-08/pcie-postfit-query-01/help2.tcl was successful
Info: Quartus Prime Timing Analyzer was successful. 0 errors, 0 warnings
    Info: Peak virtual memory: 1396 megabytes
    Info: Processing ended: Fri Sep 18 20:54:08 2026
    Info: Elapsed time: 00:00:01
    Info: System process ID: 123298
