Info: *******************************************************************
Info: Running Quartus Prime Timing Analyzer
    Info: Version 26.1.1 Build 130 08/06/2026 SC Pro Edition
    Info: Copyright (C) 2026  Altera Corporation. All rights reserved.
    Info: Your use of Altera Corporation's design tools, logic functions 
    Info: and other software and tools, and any partner logic 
    Info: functions, and any output files from any of the foregoing 
    Info: (including device programming or simulation files), and any 
    Info: associated documentation or information are expressly subject 
    Info: to the terms and conditions of the Altera Program License 
    Info: Subscription Agreement, the Altera Quartus Prime License Agreement,
    Info: the Altera IP License Agreement, or other applicable license
    Info: agreement, including, without limitation, that your use is for
    Info: the sole purpose of programming logic devices manufactured by
    Info: Altera and sold by Altera or its authorized distributors.  Please
    Info: refer to the Altera Software License Subscription Agreements 
    Info: on the Quartus Prime software download page.
    Info: Processing started: Fri Sep 18 20:54:36 2026
    Info: System process ID: 123386
Info: Command: quartus_sta -t /home/uwb_student00/ahls/new_BSP/qualification/fim-build-08/pcie-postfit-query-01/atoms-help.tcl
Error (23035): Tcl error: ERROR: Tcl command does not exist or is not supported by Quartus Prime Tcl help: read_atom_netlist. Specify an available Quartus Prime Tcl command. Type "info commands" for a list of available commands.

    while executing
"help $c"
    ("foreach" body line 1)
    invoked from within
"foreach c {read_atom_netlist get_atom_nodes get_atom_node_info} {puts [help $c]}"
    (file "/home/uwb_student00/ahls/new_BSP/qualification/fim-build-08/pcie-postfit-query-01/atoms-help.tcl" line 2)
------------------------------------------------
ERROR: Tcl command does not exist or is not supported by Quartus Prime Tcl help: read_atom_netlist. Specify an available Quartus Prime Tcl command. Type "info commands" for a list of available commands.

    while executing
"help $c"
    ("foreach" body line 1)
    invoked from within
"foreach c {read_atom_netlist get_atom_nodes get_atom_node_info} {puts [help $c]}"
    (file "/home/uwb_student00/ahls/new_BSP/qualification/fim-build-08/pcie-postfit-query-01/atoms-help.tcl" line 2)
------------------------------------------------
Error (23031): Evaluation of Tcl script /home/uwb_student00/ahls/new_BSP/qualification/fim-build-08/pcie-postfit-query-01/atoms-help.tcl unsuccessful
Error: Quartus Prime Timing Analyzer was unsuccessful. 2 errors, 0 warnings
    Error: Peak virtual memory: 1396 megabytes
    Error: Processing ended: Fri Sep 18 20:54:37 2026
    Error: Elapsed time: 00:00:01
    Error: System process ID: 123386
