------------------------------------------------------------
Timing Analyzer Summary
------------------------------------------------------------

Type  : Setup 'pcie_wrapper|pcie_ss.top|host_pcie.pcie_ss|pcie_ss|gen_ptile.u_ptile|intel_pcie_ptile_ast_qhip|inst|inst|maib_and_tile|xcvr_hip_native|rx_ch15'
Slack : 0.015
TNS   : 0.000
Corner: Slow vid2 100C Model

Type  : Setup 'sys_pll|iopll_0_clk_sys'
Slack : 0.191
TNS   : 0.000
Corner: Slow vid2b 100C Model

Type  : Setup 'local_mem_wrapper|mem_ss_top|mem_ss_sv|mem_ss|mem_ss|emif_1|emif_1_core_usr_clk'
Slack : 0.443
TNS   : 0.000
Corner: Slow vid2 100C Model

Type  : Setup 'local_mem_wrapper|mem_ss_top|mem_ss_sv|mem_ss|mem_ss|emif_0|emif_0_core_usr_clk'
Slack : 0.635
TNS   : 0.000
Corner: Slow vid2 100C Model

Type  : Setup 'local_mem_wrapper|mem_ss_top|mem_ss_sv|mem_ss|mem_ss|emif_1|emif_1_phy_clk_l_0'
Slack : 0.652
TNS   : 0.000
Corner: Slow vid2 100C Model

Type  : Setup 'local_mem_wrapper|mem_ss_top|mem_ss_sv|mem_ss|mem_ss|emif_0|emif_0_phy_clk_l_0'
Slack : 0.692
TNS   : 0.000
Corner: Slow vid2 100C Model

Type  : Setup 'sys_pll|iopll_0_clk_100m'
Slack : 1.784
TNS   : 0.000
Corner: Slow vid2 100C Model

Type  : Setup 'altera_int_osc_clk'
Slack : 2.159
TNS   : 0.000
Corner: Slow vid2 100C Model

Type  : Setup 'local_mem_wrapper|mem_ss_top|mem_ss_sv|mem_ss|mem_ss|emif_0|emif_0_phy_clk_0'
Slack : 2.159
TNS   : 0.000
Corner: Slow vid2 100C Model

Type  : Setup 'local_mem_wrapper|mem_ss_top|mem_ss_sv|mem_ss|mem_ss|emif_1|emif_1_phy_clk_0'
Slack : 2.441
TNS   : 0.000
Corner: Slow vid2 100C Model

Type  : Setup 'afu_top|pg_afu.port_gasket|user_clock|qph_user_clk|pll.qph_user_clk_iopll|iopll_0_outclk0'
Slack : 2.782
TNS   : 0.000
Corner: Slow vid2b 100C Model

Type  : Setup 'sys_pll|iopll_0_clk_sys_div2'
Slack : 3.937
TNS   : 0.000
Corner: Slow vid2 100C Model

Type  : Setup 'afu_top|pg_afu.port_gasket|user_clock|qph_user_clk|pll.qph_user_clk_iopll|iopll_0_outclk1'
Slack : 4.869
TNS   : 0.000
Corner: Slow vid2 100C Model

Type  : Setup 'sys_pll|iopll_0_clk_sys_div4'
Slack : 8.187
TNS   : 0.000
Corner: Slow vid2 100C Model

Type  : Setup 'local_mem_wrapper|mem_ss_top|mem_ss_sv|mem_ss|mem_ss|emif_0|emif_0_ref_clock'
Slack : 28.781
TNS   : 0.000
Corner: Slow vid2 100C Model

Type  : Setup 'altera_reserved_tck'
Slack : 43.845
TNS   : 0.000
Corner: Slow vid2 100C Model

Type  : Setup 'bwbmc_fpga_max_sclk'
Slack : 87.010
TNS   : 0.000
Corner: Slow vid2b 100C Model

Type  : Hold 'local_mem_wrapper|mem_ss_top|mem_ss_sv|mem_ss|mem_ss|emif_1|emif_1_phy_clk_l_0'
Slack : -0.004
TNS   : -0.004
Corner: Fast vid2 100C Model

Type  : Hold 'local_mem_wrapper|mem_ss_top|mem_ss_sv|mem_ss|mem_ss|emif_0|emif_0_core_usr_clk'
Slack : 0.000
TNS   : 0.000
Corner: Slow vid2 100C Model

Type  : Hold 'local_mem_wrapper|mem_ss_top|mem_ss_sv|mem_ss|mem_ss|emif_1|emif_1_core_usr_clk'
Slack : 0.000
TNS   : 0.000
Corner: Slow vid2 100C Model

Type  : Hold 'pcie_wrapper|pcie_ss.top|host_pcie.pcie_ss|pcie_ss|gen_ptile.u_ptile|intel_pcie_ptile_ast_qhip|inst|inst|maib_and_tile|xcvr_hip_native|rx_ch15'
Slack : 0.002
TNS   : 0.000
Corner: Fast vid2 100C Model

Type  : Hold 'sys_pll|iopll_0_clk_sys'
Slack : 0.002
TNS   : 0.000
Corner: Fast vid2a 0C Model

Type  : Hold 'sys_pll|iopll_0_clk_100m'
Slack : 0.007
TNS   : 0.000
Corner: Fast vid2a 100C Model

Type  : Hold 'afu_top|pg_afu.port_gasket|user_clock|qph_user_clk|pll.qph_user_clk_iopll|iopll_0_outclk1'
Slack : 0.014
TNS   : 0.000
Corner: Fast vid2a 0C Model

Type  : Hold 'altera_int_osc_clk'
Slack : 0.041
TNS   : 0.000
Corner: Fast vid2 100C Model

Type  : Hold 'local_mem_wrapper|mem_ss_top|mem_ss_sv|mem_ss|mem_ss|emif_0|emif_0_ref_clock'
Slack : 0.046
TNS   : 0.000
Corner: Fast vid2a 0C Model

Type  : Hold 'altera_reserved_tck'
Slack : 0.081
TNS   : 0.000
Corner: Fast vid2 100C Model

Type  : Hold 'afu_top|pg_afu.port_gasket|user_clock|qph_user_clk|pll.qph_user_clk_iopll|iopll_0_outclk0'
Slack : 0.090
TNS   : 0.000
Corner: Fast vid2a 0C Model

Type  : Hold 'sys_pll|iopll_0_clk_sys_div4'
Slack : 0.092
TNS   : 0.000
Corner: Fast vid2a 0C Model

Type  : Hold 'sys_pll|iopll_0_clk_sys_div2'
Slack : 0.098
TNS   : 0.000
Corner: Fast vid2a 0C Model

Type  : Hold 'local_mem_wrapper|mem_ss_top|mem_ss_sv|mem_ss|mem_ss|emif_0|emif_0_phy_clk_l_0'
Slack : 0.103
TNS   : 0.000
Corner: Fast vid2 100C Model

Type  : Hold 'local_mem_wrapper|mem_ss_top|mem_ss_sv|mem_ss|mem_ss|emif_1|emif_1_phy_clk_0'
Slack : 0.406
TNS   : 0.000
Corner: Fast vid2a 0C Model

Type  : Hold 'bwbmc_fpga_max_sclk'
Slack : 0.558
TNS   : 0.000
Corner: Fast vid2a 0C Model

Type  : Hold 'local_mem_wrapper|mem_ss_top|mem_ss_sv|mem_ss|mem_ss|emif_0|emif_0_phy_clk_0'
Slack : 0.657
TNS   : 0.000
Corner: Fast vid2a 0C Model

Type  : Recovery 'pcie_wrapper|pcie_ss.top|host_pcie.pcie_ss|pcie_ss|gen_ptile.u_ptile|intel_pcie_ptile_ast_qhip|inst|inst|maib_and_tile|xcvr_hip_native|rx_ch15'
Slack : 0.214
TNS   : 0.000
Corner: Slow vid2b 100C Model

Type  : Recovery 'sys_pll|iopll_0_clk_sys'
Slack : 0.435
TNS   : 0.000
Corner: Slow vid2 100C Model

Type  : Recovery 'local_mem_wrapper|mem_ss_top|mem_ss_sv|mem_ss|mem_ss|emif_1|emif_1_core_usr_clk'
Slack : 1.163
TNS   : 0.000
Corner: Slow vid2 100C Model

Type  : Recovery 'local_mem_wrapper|mem_ss_top|mem_ss_sv|mem_ss|mem_ss|emif_0|emif_0_core_usr_clk'
Slack : 1.253
TNS   : 0.000
Corner: Slow vid2 100C Model

Type  : Recovery 'altera_int_osc_clk'
Slack : 2.657
TNS   : 0.000
Corner: Slow vid2b 100C Model

Type  : Recovery 'afu_top|pg_afu.port_gasket|user_clock|qph_user_clk|pll.qph_user_clk_iopll|iopll_0_outclk1'
Slack : 5.705
TNS   : 0.000
Corner: Slow vid2 100C Model

Type  : Recovery 'sys_pll|iopll_0_clk_100m'
Slack : 7.650
TNS   : 0.000
Corner: Slow vid2b 100C Model

Type  : Recovery 'local_mem_wrapper|mem_ss_top|mem_ss_sv|mem_ss|mem_ss|emif_0|emif_0_ref_clock'
Slack : 28.933
TNS   : 0.000
Corner: Slow vid2 100C Model

Type  : Recovery 'bwbmc_fpga_max_sclk'
Slack : 86.221
TNS   : 0.000
Corner: Slow vid2b 100C Model

Type  : Recovery 'altera_reserved_tck'
Slack : 98.759
TNS   : 0.000
Corner: Slow vid2b 100C Model

Type  : Removal 'sys_pll|iopll_0_clk_sys'
Slack : 0.132
TNS   : 0.000
Corner: Fast vid2a 0C Model

Type  : Removal 'altera_int_osc_clk'
Slack : 0.140
TNS   : 0.000
Corner: Fast vid2 100C Model

Type  : Removal 'sys_pll|iopll_0_clk_100m'
Slack : 0.147
TNS   : 0.000
Corner: Fast vid2a 0C Model

Type  : Removal 'afu_top|pg_afu.port_gasket|user_clock|qph_user_clk|pll.qph_user_clk_iopll|iopll_0_outclk1'
Slack : 0.156
TNS   : 0.000
Corner: Fast vid2a 0C Model

Type  : Removal 'local_mem_wrapper|mem_ss_top|mem_ss_sv|mem_ss|mem_ss|emif_0|emif_0_core_usr_clk'
Slack : 0.157
TNS   : 0.000
Corner: Fast vid2a 0C Model

Type  : Removal 'pcie_wrapper|pcie_ss.top|host_pcie.pcie_ss|pcie_ss|gen_ptile.u_ptile|intel_pcie_ptile_ast_qhip|inst|inst|maib_and_tile|xcvr_hip_native|rx_ch15'
Slack : 0.157
TNS   : 0.000
Corner: Fast vid2a 0C Model

Type  : Removal 'local_mem_wrapper|mem_ss_top|mem_ss_sv|mem_ss|mem_ss|emif_1|emif_1_core_usr_clk'
Slack : 0.160
TNS   : 0.000
Corner: Fast vid2a 0C Model

Type  : Removal 'altera_reserved_tck'
Slack : 0.163
TNS   : 0.000
Corner: Fast vid2a 0C Model

Type  : Removal 'local_mem_wrapper|mem_ss_top|mem_ss_sv|mem_ss|mem_ss|emif_0|emif_0_ref_clock'
Slack : 0.232
TNS   : 0.000
Corner: Fast vid2a 0C Model

Type  : Removal 'bwbmc_fpga_max_sclk'
Slack : 1.549
TNS   : 0.000
Corner: Fast vid2a 0C Model

Type  : Minimum Pulse Width 'altera_int_osc_clk'
Slack : 0.000
TNS   : 0.000
Corner: Slow vid2 100C Model

Type  : Minimum Pulse Width 'local_mem_wrapper|mem_ss_top|mem_ss_sv|mem_ss|mem_ss|emif_0|emif_0_vco_clk_1'
Slack : 0.091
TNS   : 0.000
Corner: Slow vid2 100C Model

Type  : Minimum Pulse Width 'local_mem_wrapper|mem_ss_top|mem_ss_sv|mem_ss|mem_ss|emif_0|emif_0_vco_clk_2'
Slack : 0.091
TNS   : 0.000
Corner: Slow vid2 100C Model

Type  : Minimum Pulse Width 'local_mem_wrapper|mem_ss_top|mem_ss_sv|mem_ss|mem_ss|emif_1|emif_1_vco_clk_1'
Slack : 0.091
TNS   : 0.000
Corner: Slow vid2 100C Model

Type  : Minimum Pulse Width 'local_mem_wrapper|mem_ss_top|mem_ss_sv|mem_ss|mem_ss|emif_1|emif_1_vco_clk_2'
Slack : 0.091
TNS   : 0.000
Corner: Slow vid2 100C Model

Type  : Minimum Pulse Width 'local_mem_wrapper|mem_ss_top|mem_ss_sv|mem_ss|mem_ss|emif_0|emif_0_vco_clk'
Slack : 0.092
TNS   : 0.000
Corner: Slow vid2 100C Model

Type  : Minimum Pulse Width 'local_mem_wrapper|mem_ss_top|mem_ss_sv|mem_ss|mem_ss|emif_1|emif_1_vco_clk'
Slack : 0.092
TNS   : 0.000
Corner: Slow vid2 100C Model

Type  : Minimum Pulse Width 'pcie_wrapper|pcie_ss.top|host_pcie.pcie_ss|pcie_ss|gen_ptile.u_ptile|intel_pcie_ptile_ast_qhip|inst|inst|maib_and_tile|xcvr_hip_native|rx_ch15'
Slack : 0.148
TNS   : 0.000
Corner: Slow vid2 100C Model

Type  : Minimum Pulse Width 'local_mem_wrapper|mem_ss_top|mem_ss_sv|mem_ss|mem_ss|emif_0|emif_0_wf_clk_8'
Slack : 0.203
TNS   : 0.000
Corner: Slow vid2b 100C Model

Type  : Minimum Pulse Width 'local_mem_wrapper|mem_ss_top|mem_ss_sv|mem_ss|mem_ss|emif_1|emif_1_wf_clk_10'
Slack : 0.204
TNS   : 0.000
Corner: Slow vid2b 100C Model

Type  : Minimum Pulse Width 'local_mem_wrapper|mem_ss_top|mem_ss_sv|mem_ss|mem_ss|emif_1|emif_1_wf_clk_3'
Slack : 0.204
TNS   : 0.000
Corner: Slow vid2b 100C Model

Type  : Minimum Pulse Width 'local_mem_wrapper|mem_ss_top|mem_ss_sv|mem_ss|mem_ss|emif_1|emif_1_wf_clk_8'
Slack : 0.204
TNS   : 0.000
Corner: Slow vid2b 100C Model

Type  : Minimum Pulse Width 'local_mem_wrapper|mem_ss_top|mem_ss_sv|mem_ss|mem_ss|emif_0|emif_0_wf_clk_0'
Slack : 0.205
TNS   : 0.000
Corner: Slow vid2b 100C Model

Type  : Minimum Pulse Width 'local_mem_wrapper|mem_ss_top|mem_ss_sv|mem_ss|mem_ss|emif_0|emif_0_wf_clk_2'
Slack : 0.205
TNS   : 0.000
Corner: Slow vid2b 100C Model

Type  : Minimum Pulse Width 'local_mem_wrapper|mem_ss_top|mem_ss_sv|mem_ss|mem_ss|emif_0|emif_0_wf_clk_3'
Slack : 0.205
TNS   : 0.000
Corner: Slow vid2b 100C Model

Type  : Minimum Pulse Width 'local_mem_wrapper|mem_ss_top|mem_ss_sv|mem_ss|mem_ss|emif_0|emif_0_wf_clk_4'
Slack : 0.205
TNS   : 0.000
Corner: Slow vid2b 100C Model

Type  : Minimum Pulse Width 'local_mem_wrapper|mem_ss_top|mem_ss_sv|mem_ss|mem_ss|emif_0|emif_0_wf_clk_5'
Slack : 0.205
TNS   : 0.000
Corner: Slow vid2b 100C Model

Type  : Minimum Pulse Width 'local_mem_wrapper|mem_ss_top|mem_ss_sv|mem_ss|mem_ss|emif_0|emif_0_wf_clk_7'
Slack : 0.205
TNS   : 0.000
Corner: Slow vid2b 100C Model

Type  : Minimum Pulse Width 'local_mem_wrapper|mem_ss_top|mem_ss_sv|mem_ss|mem_ss|emif_1|emif_1_wf_clk_0'
Slack : 0.205
TNS   : 0.000
Corner: Slow vid2b 100C Model

Type  : Minimum Pulse Width 'local_mem_wrapper|mem_ss_top|mem_ss_sv|mem_ss|mem_ss|emif_1|emif_1_wf_clk_2'
Slack : 0.205
TNS   : 0.000
Corner: Slow vid2b 100C Model

Type  : Minimum Pulse Width 'local_mem_wrapper|mem_ss_top|mem_ss_sv|mem_ss|mem_ss|emif_1|emif_1_wf_clk_4'
Slack : 0.205
TNS   : 0.000
Corner: Slow vid2b 100C Model

Type  : Minimum Pulse Width 'local_mem_wrapper|mem_ss_top|mem_ss_sv|mem_ss|mem_ss|emif_1|emif_1_wf_clk_7'
Slack : 0.205
TNS   : 0.000
Corner: Slow vid2b 100C Model

Type  : Minimum Pulse Width 'local_mem_wrapper|mem_ss_top|mem_ss_sv|mem_ss|mem_ss|emif_0|emif_0_wf_clk_1'
Slack : 0.206
TNS   : 0.000
Corner: Slow vid2b 100C Model

Type  : Minimum Pulse Width 'local_mem_wrapper|mem_ss_top|mem_ss_sv|mem_ss|mem_ss|emif_0|emif_0_wf_clk_10'
Slack : 0.206
TNS   : 0.000
Corner: Slow vid2b 100C Model

Type  : Minimum Pulse Width 'local_mem_wrapper|mem_ss_top|mem_ss_sv|mem_ss|mem_ss|emif_0|emif_0_wf_clk_6'
Slack : 0.206
TNS   : 0.000
Corner: Slow vid2b 100C Model

Type  : Minimum Pulse Width 'local_mem_wrapper|mem_ss_top|mem_ss_sv|mem_ss|mem_ss|emif_0|emif_0_wf_clk_9'
Slack : 0.206
TNS   : 0.000
Corner: Slow vid2b 100C Model

Type  : Minimum Pulse Width 'local_mem_wrapper|mem_ss_top|mem_ss_sv|mem_ss|mem_ss|emif_1|emif_1_wf_clk_1'
Slack : 0.206
TNS   : 0.000
Corner: Slow vid2b 100C Model

Type  : Minimum Pulse Width 'local_mem_wrapper|mem_ss_top|mem_ss_sv|mem_ss|mem_ss|emif_1|emif_1_wf_clk_5'
Slack : 0.206
TNS   : 0.000
Corner: Slow vid2b 100C Model

Type  : Minimum Pulse Width 'local_mem_wrapper|mem_ss_top|mem_ss_sv|mem_ss|mem_ss|emif_1|emif_1_wf_clk_6'
Slack : 0.206
TNS   : 0.000
Corner: Slow vid2b 100C Model

Type  : Minimum Pulse Width 'local_mem_wrapper|mem_ss_top|mem_ss_sv|mem_ss|mem_ss|emif_1|emif_1_wf_clk_9'
Slack : 0.206
TNS   : 0.000
Corner: Slow vid2b 100C Model

Type  : Minimum Pulse Width 'ddr4_mem[0].dqs[2]_IN'
Slack : 0.207
TNS   : 0.000
Corner: Slow vid2 100C Model

Type  : Minimum Pulse Width 'ddr4_mem[0].dqs[3]_IN'
Slack : 0.207
TNS   : 0.000
Corner: Slow vid2 100C Model

Type  : Minimum Pulse Width 'ddr4_mem[0].dqs[6]_IN'
Slack : 0.207
TNS   : 0.000
Corner: Slow vid2 100C Model

Type  : Minimum Pulse Width 'ddr4_mem[0].dqs[7]_IN'
Slack : 0.207
TNS   : 0.000
Corner: Slow vid2 100C Model

Type  : Minimum Pulse Width 'ddr4_mem[1].dqs[2]_IN'
Slack : 0.207
TNS   : 0.000
Corner: Slow vid2 100C Model

Type  : Minimum Pulse Width 'ddr4_mem[1].dqs[3]_IN'
Slack : 0.207
TNS   : 0.000
Corner: Slow vid2 100C Model

Type  : Minimum Pulse Width 'ddr4_mem[1].dqs[4]_IN'
Slack : 0.207
TNS   : 0.000
Corner: Slow vid2 100C Model

Type  : Minimum Pulse Width 'ddr4_mem[1].dqs[5]_IN'
Slack : 0.207
TNS   : 0.000
Corner: Slow vid2 100C Model

Type  : Minimum Pulse Width 'ddr4_mem[0].dqs[0]_IN'
Slack : 0.208
TNS   : 0.000
Corner: Slow vid2 100C Model

Type  : Minimum Pulse Width 'ddr4_mem[0].dqs[1]_IN'
Slack : 0.208
TNS   : 0.000
Corner: Slow vid2 100C Model

Type  : Minimum Pulse Width 'ddr4_mem[0].dqs[4]_IN'
Slack : 0.208
TNS   : 0.000
Corner: Slow vid2 100C Model

Type  : Minimum Pulse Width 'ddr4_mem[0].dqs[5]_IN'
Slack : 0.208
TNS   : 0.000
Corner: Slow vid2 100C Model

Type  : Minimum Pulse Width 'ddr4_mem[1].dqs[0]_IN'
Slack : 0.208
TNS   : 0.000
Corner: Slow vid2 100C Model

Type  : Minimum Pulse Width 'ddr4_mem[1].dqs[1]_IN'
Slack : 0.208
TNS   : 0.000
Corner: Slow vid2 100C Model

Type  : Minimum Pulse Width 'ddr4_mem[1].dqs[6]_IN'
Slack : 0.208
TNS   : 0.000
Corner: Slow vid2 100C Model

Type  : Minimum Pulse Width 'ddr4_mem[1].dqs[7]_IN'
Slack : 0.208
TNS   : 0.000
Corner: Slow vid2 100C Model

Type  : Minimum Pulse Width 'sys_pll|iopll_0_clk_sys'
Slack : 0.275
TNS   : 0.000
Corner: Slow vid2 100C Model

Type  : Minimum Pulse Width 'local_mem_wrapper|mem_ss_top|mem_ss_sv|mem_ss|mem_ss|emif_0|emif_0_phy_clk_0'
Slack : 0.367
TNS   : 0.000
Corner: Slow vid2 100C Model

Type  : Minimum Pulse Width 'local_mem_wrapper|mem_ss_top|mem_ss_sv|mem_ss|mem_ss|emif_1|emif_1_phy_clk_0'
Slack : 0.367
TNS   : 0.000
Corner: Slow vid2 100C Model

Type  : Minimum Pulse Width 'local_mem_wrapper|mem_ss_top|mem_ss_sv|mem_ss|mem_ss|emif_0|emif_0_phy_clk_2'
Slack : 0.439
TNS   : 0.000
Corner: Slow vid2 100C Model

Type  : Minimum Pulse Width 'local_mem_wrapper|mem_ss_top|mem_ss_sv|mem_ss|mem_ss|emif_1|emif_1_phy_clk_1'
Slack : 0.439
TNS   : 0.000
Corner: Slow vid2 100C Model

Type  : Minimum Pulse Width 'local_mem_wrapper|mem_ss_top|mem_ss_sv|mem_ss|mem_ss|emif_0|emif_0_phy_clk_1'
Slack : 0.440
TNS   : 0.000
Corner: Slow vid2 100C Model

Type  : Minimum Pulse Width 'local_mem_wrapper|mem_ss_top|mem_ss_sv|mem_ss|mem_ss|emif_1|emif_1_phy_clk_2'
Slack : 0.440
TNS   : 0.000
Corner: Slow vid2 100C Model

Type  : Minimum Pulse Width 'local_mem_wrapper|mem_ss_top|mem_ss_sv|mem_ss|mem_ss|emif_1|emif_1_core_usr_clk'
Slack : 0.522
TNS   : 0.000
Corner: Slow vid2 100C Model

Type  : Minimum Pulse Width 'local_mem_wrapper|mem_ss_top|mem_ss_sv|mem_ss|mem_ss|emif_0|emif_0_core_usr_clk'
Slack : 0.714
TNS   : 0.000
Corner: Slow vid2 100C Model

Type  : Minimum Pulse Width 'pcie_wrapper|pcie_ss.top|host_pcie.pcie_ss|pcie_ss|gen_ptile.u_ptile|intel_pcie_ptile_ast_qhip|inst|inst|maib_and_tile|rx_pcs_x2_clk|ch15'
Slack : 0.752
TNS   : 0.000
Corner: Slow vid2 100C Model

Type  : Minimum Pulse Width 'afu_top|pg_afu.port_gasket|user_clock|qph_user_clk|pll.qph_user_clk_iopll|iopll_0_outclk0'
Slack : 1.119
TNS   : 0.000
Corner: Slow vid2b 100C Model

Type  : Minimum Pulse Width 'local_mem_wrapper|mem_ss_top|mem_ss_sv|mem_ss|mem_ss|emif_0|emif_0_phy_clk_l_0'
Slack : 1.127
TNS   : 0.000
Corner: Slow vid2 100C Model

Type  : Minimum Pulse Width 'local_mem_wrapper|mem_ss_top|mem_ss_sv|mem_ss|mem_ss|emif_1|emif_1_phy_clk_l_0'
Slack : 1.127
TNS   : 0.000
Corner: Slow vid2 100C Model

Type  : Minimum Pulse Width 'sys_pll|iopll_0_clk_sys_div2'
Slack : 1.687
TNS   : 0.000
Corner: Slow vid2b 100C Model

Type  : Minimum Pulse Width 'afu_top|pg_afu.port_gasket|user_clock|qph_user_clk|pll.qph_user_clk_iopll|iopll_0_outclk1'
Slack : 2.567
TNS   : 0.000
Corner: Slow vid2b 100C Model

Type  : Minimum Pulse Width 'qsfp_ref_clk'
Slack : 3.200
TNS   : 0.000
Corner: Slow vid2 100C Model

Type  : Minimum Pulse Width 'sys_pll|iopll_0_clk_sys_div4'
Slack : 3.818
TNS   : 0.000
Corner: Slow vid2b 100C Model

Type  : Minimum Pulse Width 'sys_pll|iopll_0_refclk'
Slack : 3.852
TNS   : 0.000
Corner: Slow vid2 100C Model

Type  : Minimum Pulse Width 'sys_pll|iopll_0_clk_100m'
Slack : 4.304
TNS   : 0.000
Corner: Slow vid2b 100C Model

Type  : Minimum Pulse Width 'PCIE_REFCLK0'
Slack : 5.000
TNS   : 0.000
Corner: Slow vid2 100C Model

Type  : Minimum Pulse Width 'PCIE_REFCLK1'
Slack : 5.000
TNS   : 0.000
Corner: Slow vid2 100C Model

Type  : Minimum Pulse Width 'afu_top|pg_afu.port_gasket|user_clock|qph_user_clk|pll.qph_user_clk_iopll|iopll_0_n_cnt_clk'
Slack : 9.761
TNS   : 0.000
Corner: Slow vid2 100C Model

Type  : Minimum Pulse Width 'local_mem_wrapper|mem_ss_top|mem_ss_sv|mem_ss|mem_ss|emif_0|emif_0_ref_clock'
Slack : 14.183
TNS   : 0.000
Corner: Slow vid2 100C Model

Type  : Minimum Pulse Width 'local_mem_wrapper|mem_ss_top|mem_ss_sv|mem_ss|mem_ss|emif_1|emif_1_ref_clock'
Slack : 14.184
TNS   : 0.000
Corner: Slow vid2 100C Model

Type  : Minimum Pulse Width 'altera_reserved_tck'
Slack : 47.151
TNS   : 0.000
Corner: Slow vid2 100C Model

Type  : Minimum Pulse Width 'sys_pll|iopll_0_n_cnt_clk'
Slack : 49.769
TNS   : 0.000
Corner: Slow vid2 100C Model

Type  : Minimum Pulse Width 'bwbmc_fpga_max_sclk'
Slack : 98.969
TNS   : 0.000
Corner: Fast vid2a 100C Model

Type  : Slow vid2 100C Model Max Skew 'set_max_skew'
Slack : 1.158

Type  : Slow vid2 100C Model Max Skew 'set_max_skew'
Slack : 1.158

Type  : Slow vid2 100C Model Max Skew 'set_max_skew'
Slack : 1.160

Type  : Slow vid2 100C Model Max Skew 'set_max_skew'
Slack : 1.192

Type  : Slow vid2 100C Model Max Skew 'set_max_skew'
Slack : 1.201

Type  : Slow vid2 100C Model Max Skew 'set_max_skew'
Slack : 1.201

Type  : Slow vid2 100C Model Max Skew 'set_max_skew'
Slack : 1.212

Type  : Slow vid2 100C Model Max Skew 'set_max_skew'
Slack : 1.212

Type  : Slow vid2 100C Model Max Skew 'set_max_skew'
Slack : 1.216

Type  : Slow vid2 100C Model Max Skew 'set_max_skew'
Slack : 1.224

Type  : Slow vid2 100C Model Max Skew 'set_max_skew'
Slack : 1.225

Type  : Slow vid2 100C Model Max Skew 'set_max_skew'
Slack : 1.227

Type  : Slow vid2 100C Model Max Skew 'set_max_skew'
Slack : 1.234

Type  : Slow vid2 100C Model Max Skew 'set_max_skew'
Slack : 1.256

Type  : Slow vid2 100C Model Max Skew 'set_max_skew'
Slack : 1.256

Type  : Slow vid2 100C Model Max Skew 'set_max_skew'
Slack : 1.264

Type  : Slow vid2 100C Model Max Skew 'set_max_skew'
Slack : 1.265

Type  : Slow vid2 100C Model Max Skew 'set_max_skew'
Slack : 1.277

Type  : Slow vid2 100C Model Max Skew 'set_max_skew'
Slack : 1.277

Type  : Slow vid2 100C Model Max Skew 'set_max_skew'
Slack : 1.293

Type  : Slow vid2 100C Model Max Skew 'set_max_skew'
Slack : 1.308

Type  : Slow vid2 100C Model Max Skew 'set_max_skew'
Slack : 1.308

Type  : Slow vid2 100C Model Max Skew 'set_max_skew'
Slack : 1.310

Type  : Slow vid2 100C Model Max Skew 'set_max_skew'
Slack : 1.317

Type  : Slow vid2 100C Model Max Skew 'set_max_skew'
Slack : 1.323

Type  : Slow vid2 100C Model Max Skew 'set_max_skew'
Slack : 1.334

Type  : Slow vid2 100C Model Max Skew 'set_max_skew'
Slack : 1.337

Type  : Slow vid2 100C Model Max Skew 'set_max_skew'
Slack : 1.365

Type  : Slow vid2 100C Model Max Skew 'set_max_skew'
Slack : 1.366

Type  : Slow vid2 100C Model Max Skew 'set_max_skew'
Slack : 1.367

Type  : Slow vid2 100C Model Max Skew 'set_max_skew'
Slack : 1.383

Type  : Slow vid2 100C Model Max Skew 'set_max_skew'
Slack : 1.398

Type  : Slow vid2 100C Model Max Skew 'set_max_skew'
Slack : 1.398

Type  : Slow vid2 100C Model Max Skew 'set_max_skew'
Slack : 1.417

Type  : Slow vid2 100C Model Max Skew 'set_max_skew'
Slack : 1.417

Type  : Slow vid2 100C Model Max Skew 'set_max_skew'
Slack : 1.423

Type  : Slow vid2 100C Model Max Skew 'set_max_skew'
Slack : 1.423

Type  : Slow vid2 100C Model Max Skew 'set_max_skew'
Slack : 1.425

Type  : Slow vid2 100C Model Max Skew 'set_max_skew'
Slack : 1.444

Type  : Slow vid2 100C Model Max Skew 'set_max_skew'
Slack : 1.452

Type  : Slow vid2 100C Model Max Skew 'set_max_skew'
Slack : 1.467

Type  : Slow vid2 100C Model Max Skew 'set_max_skew'
Slack : 1.484

Type  : Slow vid2 100C Model Max Skew 'set_max_skew'
Slack : 1.484

Type  : Slow vid2 100C Model Max Skew 'set_max_skew'
Slack : 1.488

Type  : Slow vid2 100C Model Max Skew 'set_max_skew'
Slack : 1.510

Type  : Slow vid2 100C Model Max Skew 'set_max_skew'
Slack : 1.988

Type  : Slow vid2 100C Model Max Skew 'set_max_skew'
Slack : 1.989

Type  : Slow vid2 100C Model Max Skew 'set_max_skew'
Slack : 1.992

Type  : Slow vid2 100C Model Max Skew 'set_max_skew'
Slack : 1.999

Type  : Slow vid2 100C Model Max Skew 'set_max_skew'
Slack : 2.001

Type  : Slow vid2 100C Model Max Skew 'set_max_skew'
Slack : 2.001

Type  : Slow vid2 100C Model Max Skew 'set_max_skew'
Slack : 2.022

Type  : Slow vid2 100C Model Max Skew 'set_max_skew'
Slack : 2.030

Type  : Slow vid2 100C Model Max Skew 'set_max_skew'
Slack : 2.044

Type  : Slow vid2 100C Model Max Skew 'set_max_skew'
Slack : 2.144

Type  : Slow vid2 100C Model Max Skew 'set_max_skew'
Slack : 2.156

Type  : Slow vid2 100C Model Max Skew 'set_max_skew'
Slack : 2.177

Type  : Slow vid2 100C Model Max Skew 'set_max_skew'
Slack : 2.845

Type  : Slow vid2 100C Model Max Skew 'set_max_skew'
Slack : 2.855

Type  : Slow vid2 100C Model Max Skew 'set_max_skew'
Slack : 3.035

Type  : Slow vid2 100C Model Max Skew 'set_max_skew'
Slack : 4.762

Type  : Slow vid2 100C Model Max Skew 'set_max_skew'
Slack : 4.813

Type  : Slow vid2 100C Model Max Skew 'set_max_skew'
Slack : 4.840

Type  : Slow vid2 100C Model Max Skew 'set_max_skew'
Slack : 4.858

Type  : Slow vid2 100C Model Max Skew 'set_max_skew'
Slack : 4.870

Type  : Slow vid2 100C Model Max Skew 'set_max_skew'
Slack : 4.899

Type  : Slow vid2 100C Model Max Skew 'set_max_skew'
Slack : 7.402

Type  : Slow vid2 100C Model Max Skew 'set_max_skew'
Slack : 7.523

Type  : Slow vid2 100C Model Max Skew 'set_max_skew'
Slack : 7.523

Type  : Slow vid2 100C Model Max Skew 'set_max_skew'
Slack : 7.527

Type  : Slow vid2 100C Model Max Skew 'set_max_skew'
Slack : 7.527

Type  : Slow vid2 100C Model Max Skew 'set_max_skew'
Slack : 7.554

Type  : Slow vid2 100C Model Max Skew 'set_max_skew'
Slack : 7.589

Type  : Slow vid2 100C Model Max Skew 'set_max_skew'
Slack : 7.610

Type  : Slow vid2 100C Model Max Skew 'set_max_skew'
Slack : 7.613

Type  : Slow vid2 100C Model Max Skew 'set_max_skew'
Slack : 7.640

Type  : Slow vid2 100C Model Max Skew 'set_max_skew'
Slack : 7.643

Type  : Slow vid2 100C Model Max Skew 'set_max_skew'
Slack : 7.655

Type  : Slow vid2 100C Model Max Skew 'set_max_skew'
Slack : 7.665

Type  : Slow vid2 100C Model Max Skew 'set_max_skew'
Slack : 7.667

Type  : Slow vid2 100C Model Max Skew 'set_max_skew'
Slack : 7.686

Type  : Slow vid2 100C Model Max Skew 'set_max_skew'
Slack : 7.686

Type  : Slow vid2 100C Model Max Skew 'set_max_skew'
Slack : 7.694

Type  : Slow vid2 100C Model Max Skew 'set_max_skew'
Slack : 7.701

Type  : Slow vid2 100C Model Max Skew 'set_max_skew'
Slack : 7.721

Type  : Slow vid2 100C Model Max Skew 'set_max_skew'
Slack : 7.728

Type  : Slow vid2 100C Model Max Skew 'set_max_skew'
Slack : 7.729

Type  : Slow vid2 100C Model Max Skew 'set_max_skew'
Slack : 7.732

Type  : Slow vid2 100C Model Max Skew 'set_max_skew'
Slack : 7.735

Type  : Slow vid2 100C Model Max Skew 'set_max_skew'
Slack : 7.739

Type  : Slow vid2 100C Model Max Skew 'set_max_skew'
Slack : 79.662

Type  : Slow vid2 100C Model Max Skew 'set_max_skew'
Slack : 79.706

Type  : Slow vid2 100C Model Max Skew 'set_max_skew'
Slack : 79.752

Type  : Slow vid2 100C Model Max Skew 'set_max_skew'
Slack : 79.764

Type  : Slow vid2b 100C Model Max Skew 'set_max_skew'
Slack : 1.163

Type  : Slow vid2b 100C Model Max Skew 'set_max_skew'
Slack : 1.163

Type  : Slow vid2b 100C Model Max Skew 'set_max_skew'
Slack : 1.167

Type  : Slow vid2b 100C Model Max Skew 'set_max_skew'
Slack : 1.194

Type  : Slow vid2b 100C Model Max Skew 'set_max_skew'
Slack : 1.206

Type  : Slow vid2b 100C Model Max Skew 'set_max_skew'
Slack : 1.206

Type  : Slow vid2b 100C Model Max Skew 'set_max_skew'
Slack : 1.218

Type  : Slow vid2b 100C Model Max Skew 'set_max_skew'
Slack : 1.218

Type  : Slow vid2b 100C Model Max Skew 'set_max_skew'
Slack : 1.220

Type  : Slow vid2b 100C Model Max Skew 'set_max_skew'
Slack : 1.226

Type  : Slow vid2b 100C Model Max Skew 'set_max_skew'
Slack : 1.231

Type  : Slow vid2b 100C Model Max Skew 'set_max_skew'
Slack : 1.234

Type  : Slow vid2b 100C Model Max Skew 'set_max_skew'
Slack : 1.240

Type  : Slow vid2b 100C Model Max Skew 'set_max_skew'
Slack : 1.260

Type  : Slow vid2b 100C Model Max Skew 'set_max_skew'
Slack : 1.260

Type  : Slow vid2b 100C Model Max Skew 'set_max_skew'
Slack : 1.266

Type  : Slow vid2b 100C Model Max Skew 'set_max_skew'
Slack : 1.271

Type  : Slow vid2b 100C Model Max Skew 'set_max_skew'
Slack : 1.281

Type  : Slow vid2b 100C Model Max Skew 'set_max_skew'
Slack : 1.281

Type  : Slow vid2b 100C Model Max Skew 'set_max_skew'
Slack : 1.295

Type  : Slow vid2b 100C Model Max Skew 'set_max_skew'
Slack : 1.309

Type  : Slow vid2b 100C Model Max Skew 'set_max_skew'
Slack : 1.309

Type  : Slow vid2b 100C Model Max Skew 'set_max_skew'
Slack : 1.314

Type  : Slow vid2b 100C Model Max Skew 'set_max_skew'
Slack : 1.319

Type  : Slow vid2b 100C Model Max Skew 'set_max_skew'
Slack : 1.325

Type  : Slow vid2b 100C Model Max Skew 'set_max_skew'
Slack : 1.335

Type  : Slow vid2b 100C Model Max Skew 'set_max_skew'
Slack : 1.336

Type  : Slow vid2b 100C Model Max Skew 'set_max_skew'
Slack : 1.367

Type  : Slow vid2b 100C Model Max Skew 'set_max_skew'
Slack : 1.368

Type  : Slow vid2b 100C Model Max Skew 'set_max_skew'
Slack : 1.371

Type  : Slow vid2b 100C Model Max Skew 'set_max_skew'
Slack : 1.386

Type  : Slow vid2b 100C Model Max Skew 'set_max_skew'
Slack : 1.400

Type  : Slow vid2b 100C Model Max Skew 'set_max_skew'
Slack : 1.400

Type  : Slow vid2b 100C Model Max Skew 'set_max_skew'
Slack : 1.417

Type  : Slow vid2b 100C Model Max Skew 'set_max_skew'
Slack : 1.417

Type  : Slow vid2b 100C Model Max Skew 'set_max_skew'
Slack : 1.425

Type  : Slow vid2b 100C Model Max Skew 'set_max_skew'
Slack : 1.425

Type  : Slow vid2b 100C Model Max Skew 'set_max_skew'
Slack : 1.426

Type  : Slow vid2b 100C Model Max Skew 'set_max_skew'
Slack : 1.443

Type  : Slow vid2b 100C Model Max Skew 'set_max_skew'
Slack : 1.453

Type  : Slow vid2b 100C Model Max Skew 'set_max_skew'
Slack : 1.469

Type  : Slow vid2b 100C Model Max Skew 'set_max_skew'
Slack : 1.486

Type  : Slow vid2b 100C Model Max Skew 'set_max_skew'
Slack : 1.486

Type  : Slow vid2b 100C Model Max Skew 'set_max_skew'
Slack : 1.490

Type  : Slow vid2b 100C Model Max Skew 'set_max_skew'
Slack : 1.511

Type  : Slow vid2b 100C Model Max Skew 'set_max_skew'
Slack : 1.994

Type  : Slow vid2b 100C Model Max Skew 'set_max_skew'
Slack : 1.997

Type  : Slow vid2b 100C Model Max Skew 'set_max_skew'
Slack : 2.000

Type  : Slow vid2b 100C Model Max Skew 'set_max_skew'
Slack : 2.004

Type  : Slow vid2b 100C Model Max Skew 'set_max_skew'
Slack : 2.006

Type  : Slow vid2b 100C Model Max Skew 'set_max_skew'
Slack : 2.007

Type  : Slow vid2b 100C Model Max Skew 'set_max_skew'
Slack : 2.024

Type  : Slow vid2b 100C Model Max Skew 'set_max_skew'
Slack : 2.033

Type  : Slow vid2b 100C Model Max Skew 'set_max_skew'
Slack : 2.047

Type  : Slow vid2b 100C Model Max Skew 'set_max_skew'
Slack : 2.144

Type  : Slow vid2b 100C Model Max Skew 'set_max_skew'
Slack : 2.158

Type  : Slow vid2b 100C Model Max Skew 'set_max_skew'
Slack : 2.180

Type  : Slow vid2b 100C Model Max Skew 'set_max_skew'
Slack : 2.846

Type  : Slow vid2b 100C Model Max Skew 'set_max_skew'
Slack : 2.858

Type  : Slow vid2b 100C Model Max Skew 'set_max_skew'
Slack : 3.037

Type  : Slow vid2b 100C Model Max Skew 'set_max_skew'
Slack : 4.765

Type  : Slow vid2b 100C Model Max Skew 'set_max_skew'
Slack : 4.816

Type  : Slow vid2b 100C Model Max Skew 'set_max_skew'
Slack : 4.842

Type  : Slow vid2b 100C Model Max Skew 'set_max_skew'
Slack : 4.861

Type  : Slow vid2b 100C Model Max Skew 'set_max_skew'
Slack : 4.872

Type  : Slow vid2b 100C Model Max Skew 'set_max_skew'
Slack : 4.900

Type  : Slow vid2b 100C Model Max Skew 'set_max_skew'
Slack : 7.409

Type  : Slow vid2b 100C Model Max Skew 'set_max_skew'
Slack : 7.526

Type  : Slow vid2b 100C Model Max Skew 'set_max_skew'
Slack : 7.526

Type  : Slow vid2b 100C Model Max Skew 'set_max_skew'
Slack : 7.534

Type  : Slow vid2b 100C Model Max Skew 'set_max_skew'
Slack : 7.534

Type  : Slow vid2b 100C Model Max Skew 'set_max_skew'
Slack : 7.559

Type  : Slow vid2b 100C Model Max Skew 'set_max_skew'
Slack : 7.597

Type  : Slow vid2b 100C Model Max Skew 'set_max_skew'
Slack : 7.617

Type  : Slow vid2b 100C Model Max Skew 'set_max_skew'
Slack : 7.617

Type  : Slow vid2b 100C Model Max Skew 'set_max_skew'
Slack : 7.642

Type  : Slow vid2b 100C Model Max Skew 'set_max_skew'
Slack : 7.646

Type  : Slow vid2b 100C Model Max Skew 'set_max_skew'
Slack : 7.661

Type  : Slow vid2b 100C Model Max Skew 'set_max_skew'
Slack : 7.667

Type  : Slow vid2b 100C Model Max Skew 'set_max_skew'
Slack : 7.668

Type  : Slow vid2b 100C Model Max Skew 'set_max_skew'
Slack : 7.685

Type  : Slow vid2b 100C Model Max Skew 'set_max_skew'
Slack : 7.686

Type  : Slow vid2b 100C Model Max Skew 'set_max_skew'
Slack : 7.695

Type  : Slow vid2b 100C Model Max Skew 'set_max_skew'
Slack : 7.703

Type  : Slow vid2b 100C Model Max Skew 'set_max_skew'
Slack : 7.723

Type  : Slow vid2b 100C Model Max Skew 'set_max_skew'
Slack : 7.729

Type  : Slow vid2b 100C Model Max Skew 'set_max_skew'
Slack : 7.731

Type  : Slow vid2b 100C Model Max Skew 'set_max_skew'
Slack : 7.734

Type  : Slow vid2b 100C Model Max Skew 'set_max_skew'
Slack : 7.737

Type  : Slow vid2b 100C Model Max Skew 'set_max_skew'
Slack : 7.738

Type  : Slow vid2b 100C Model Max Skew 'set_max_skew'
Slack : 79.659

Type  : Slow vid2b 100C Model Max Skew 'set_max_skew'
Slack : 79.709

Type  : Slow vid2b 100C Model Max Skew 'set_max_skew'
Slack : 79.753

Type  : Slow vid2b 100C Model Max Skew 'set_max_skew'
Slack : 79.765

Type  : Fast vid2a 0C Model Max Skew 'set_max_skew'
Slack : 1.294

Type  : Fast vid2a 0C Model Max Skew 'set_max_skew'
Slack : 1.297

Type  : Fast vid2a 0C Model Max Skew 'set_max_skew'
Slack : 1.297

Type  : Fast vid2a 0C Model Max Skew 'set_max_skew'
Slack : 1.308

Type  : Fast vid2a 0C Model Max Skew 'set_max_skew'
Slack : 1.311

Type  : Fast vid2a 0C Model Max Skew 'set_max_skew'
Slack : 1.311

Type  : Fast vid2a 0C Model Max Skew 'set_max_skew'
Slack : 1.312

Type  : Fast vid2a 0C Model Max Skew 'set_max_skew'
Slack : 1.314

Type  : Fast vid2a 0C Model Max Skew 'set_max_skew'
Slack : 1.316

Type  : Fast vid2a 0C Model Max Skew 'set_max_skew'
Slack : 1.316

Type  : Fast vid2a 0C Model Max Skew 'set_max_skew'
Slack : 1.318

Type  : Fast vid2a 0C Model Max Skew 'set_max_skew'
Slack : 1.323

Type  : Fast vid2a 0C Model Max Skew 'set_max_skew'
Slack : 1.337

Type  : Fast vid2a 0C Model Max Skew 'set_max_skew'
Slack : 1.341

Type  : Fast vid2a 0C Model Max Skew 'set_max_skew'
Slack : 1.344

Type  : Fast vid2a 0C Model Max Skew 'set_max_skew'
Slack : 1.346

Type  : Fast vid2a 0C Model Max Skew 'set_max_skew'
Slack : 1.346

Type  : Fast vid2a 0C Model Max Skew 'set_max_skew'
Slack : 1.352

Type  : Fast vid2a 0C Model Max Skew 'set_max_skew'
Slack : 1.352

Type  : Fast vid2a 0C Model Max Skew 'set_max_skew'
Slack : 1.365

Type  : Fast vid2a 0C Model Max Skew 'set_max_skew'
Slack : 1.365

Type  : Fast vid2a 0C Model Max Skew 'set_max_skew'
Slack : 1.372

Type  : Fast vid2a 0C Model Max Skew 'set_max_skew'
Slack : 1.377

Type  : Fast vid2a 0C Model Max Skew 'set_max_skew'
Slack : 1.379

Type  : Fast vid2a 0C Model Max Skew 'set_max_skew'
Slack : 1.382

Type  : Fast vid2a 0C Model Max Skew 'set_max_skew'
Slack : 1.395

Type  : Fast vid2a 0C Model Max Skew 'set_max_skew'
Slack : 1.405

Type  : Fast vid2a 0C Model Max Skew 'set_max_skew'
Slack : 1.416

Type  : Fast vid2a 0C Model Max Skew 'set_max_skew'
Slack : 1.419

Type  : Fast vid2a 0C Model Max Skew 'set_max_skew'
Slack : 1.445

Type  : Fast vid2a 0C Model Max Skew 'set_max_skew'
Slack : 1.459

Type  : Fast vid2a 0C Model Max Skew 'set_max_skew'
Slack : 1.462

Type  : Fast vid2a 0C Model Max Skew 'set_max_skew'
Slack : 1.462

Type  : Fast vid2a 0C Model Max Skew 'set_max_skew'
Slack : 1.479

Type  : Fast vid2a 0C Model Max Skew 'set_max_skew'
Slack : 1.479

Type  : Fast vid2a 0C Model Max Skew 'set_max_skew'
Slack : 1.483

Type  : Fast vid2a 0C Model Max Skew 'set_max_skew'
Slack : 1.484

Type  : Fast vid2a 0C Model Max Skew 'set_max_skew'
Slack : 1.484

Type  : Fast vid2a 0C Model Max Skew 'set_max_skew'
Slack : 1.497

Type  : Fast vid2a 0C Model Max Skew 'set_max_skew'
Slack : 1.501

Type  : Fast vid2a 0C Model Max Skew 'set_max_skew'
Slack : 1.517

Type  : Fast vid2a 0C Model Max Skew 'set_max_skew'
Slack : 1.532

Type  : Fast vid2a 0C Model Max Skew 'set_max_skew'
Slack : 1.537

Type  : Fast vid2a 0C Model Max Skew 'set_max_skew'
Slack : 1.537

Type  : Fast vid2a 0C Model Max Skew 'set_max_skew'
Slack : 1.545

Type  : Fast vid2a 0C Model Max Skew 'set_max_skew'
Slack : 2.102

Type  : Fast vid2a 0C Model Max Skew 'set_max_skew'
Slack : 2.103

Type  : Fast vid2a 0C Model Max Skew 'set_max_skew'
Slack : 2.104

Type  : Fast vid2a 0C Model Max Skew 'set_max_skew'
Slack : 2.114

Type  : Fast vid2a 0C Model Max Skew 'set_max_skew'
Slack : 2.115

Type  : Fast vid2a 0C Model Max Skew 'set_max_skew'
Slack : 2.116

Type  : Fast vid2a 0C Model Max Skew 'set_max_skew'
Slack : 2.126

Type  : Fast vid2a 0C Model Max Skew 'set_max_skew'
Slack : 2.130

Type  : Fast vid2a 0C Model Max Skew 'set_max_skew'
Slack : 2.134

Type  : Fast vid2a 0C Model Max Skew 'set_max_skew'
Slack : 2.202

Type  : Fast vid2a 0C Model Max Skew 'set_max_skew'
Slack : 2.209

Type  : Fast vid2a 0C Model Max Skew 'set_max_skew'
Slack : 2.221

Type  : Fast vid2a 0C Model Max Skew 'set_max_skew'
Slack : 2.950

Type  : Fast vid2a 0C Model Max Skew 'set_max_skew'
Slack : 2.951

Type  : Fast vid2a 0C Model Max Skew 'set_max_skew'
Slack : 3.072

Type  : Fast vid2a 0C Model Max Skew 'set_max_skew'
Slack : 4.844

Type  : Fast vid2a 0C Model Max Skew 'set_max_skew'
Slack : 4.876

Type  : Fast vid2a 0C Model Max Skew 'set_max_skew'
Slack : 4.892

Type  : Fast vid2a 0C Model Max Skew 'set_max_skew'
Slack : 4.899

Type  : Fast vid2a 0C Model Max Skew 'set_max_skew'
Slack : 4.912

Type  : Fast vid2a 0C Model Max Skew 'set_max_skew'
Slack : 4.921

Type  : Fast vid2a 0C Model Max Skew 'set_max_skew'
Slack : 7.550

Type  : Fast vid2a 0C Model Max Skew 'set_max_skew'
Slack : 7.636

Type  : Fast vid2a 0C Model Max Skew 'set_max_skew'
Slack : 7.636

Type  : Fast vid2a 0C Model Max Skew 'set_max_skew'
Slack : 7.638

Type  : Fast vid2a 0C Model Max Skew 'set_max_skew'
Slack : 7.638

Type  : Fast vid2a 0C Model Max Skew 'set_max_skew'
Slack : 7.648

Type  : Fast vid2a 0C Model Max Skew 'set_max_skew'
Slack : 7.684

Type  : Fast vid2a 0C Model Max Skew 'set_max_skew'
Slack : 7.692

Type  : Fast vid2a 0C Model Max Skew 'set_max_skew'
Slack : 7.696

Type  : Fast vid2a 0C Model Max Skew 'set_max_skew'
Slack : 7.707

Type  : Fast vid2a 0C Model Max Skew 'set_max_skew'
Slack : 7.708

Type  : Fast vid2a 0C Model Max Skew 'set_max_skew'
Slack : 7.724

Type  : Fast vid2a 0C Model Max Skew 'set_max_skew'
Slack : 7.725

Type  : Fast vid2a 0C Model Max Skew 'set_max_skew'
Slack : 7.725

Type  : Fast vid2a 0C Model Max Skew 'set_max_skew'
Slack : 7.737

Type  : Fast vid2a 0C Model Max Skew 'set_max_skew'
Slack : 7.739

Type  : Fast vid2a 0C Model Max Skew 'set_max_skew'
Slack : 7.743

Type  : Fast vid2a 0C Model Max Skew 'set_max_skew'
Slack : 7.753

Type  : Fast vid2a 0C Model Max Skew 'set_max_skew'
Slack : 7.761

Type  : Fast vid2a 0C Model Max Skew 'set_max_skew'
Slack : 7.764

Type  : Fast vid2a 0C Model Max Skew 'set_max_skew'
Slack : 7.774

Type  : Fast vid2a 0C Model Max Skew 'set_max_skew'
Slack : 7.774

Type  : Fast vid2a 0C Model Max Skew 'set_max_skew'
Slack : 7.775

Type  : Fast vid2a 0C Model Max Skew 'set_max_skew'
Slack : 7.783

Type  : Fast vid2a 0C Model Max Skew 'set_max_skew'
Slack : 79.733

Type  : Fast vid2a 0C Model Max Skew 'set_max_skew'
Slack : 79.770

Type  : Fast vid2a 0C Model Max Skew 'set_max_skew'
Slack : 79.804

Type  : Fast vid2a 0C Model Max Skew 'set_max_skew'
Slack : 79.822

Type  : Fast vid2a 100C Model Max Skew 'set_max_skew'
Slack : 1.251

Type  : Fast vid2a 100C Model Max Skew 'set_max_skew'
Slack : 1.263

Type  : Fast vid2a 100C Model Max Skew 'set_max_skew'
Slack : 1.265

Type  : Fast vid2a 100C Model Max Skew 'set_max_skew'
Slack : 1.265

Type  : Fast vid2a 100C Model Max Skew 'set_max_skew'
Slack : 1.267

Type  : Fast vid2a 100C Model Max Skew 'set_max_skew'
Slack : 1.267

Type  : Fast vid2a 100C Model Max Skew 'set_max_skew'
Slack : 1.271

Type  : Fast vid2a 100C Model Max Skew 'set_max_skew'
Slack : 1.275

Type  : Fast vid2a 100C Model Max Skew 'set_max_skew'
Slack : 1.287

Type  : Fast vid2a 100C Model Max Skew 'set_max_skew'
Slack : 1.288

Type  : Fast vid2a 100C Model Max Skew 'set_max_skew'
Slack : 1.289

Type  : Fast vid2a 100C Model Max Skew 'set_max_skew'
Slack : 1.303

Type  : Fast vid2a 100C Model Max Skew 'set_max_skew'
Slack : 1.310

Type  : Fast vid2a 100C Model Max Skew 'set_max_skew'
Slack : 1.311

Type  : Fast vid2a 100C Model Max Skew 'set_max_skew'
Slack : 1.319

Type  : Fast vid2a 100C Model Max Skew 'set_max_skew'
Slack : 1.323

Type  : Fast vid2a 100C Model Max Skew 'set_max_skew'
Slack : 1.323

Type  : Fast vid2a 100C Model Max Skew 'set_max_skew'
Slack : 1.328

Type  : Fast vid2a 100C Model Max Skew 'set_max_skew'
Slack : 1.328

Type  : Fast vid2a 100C Model Max Skew 'set_max_skew'
Slack : 1.342

Type  : Fast vid2a 100C Model Max Skew 'set_max_skew'
Slack : 1.342

Type  : Fast vid2a 100C Model Max Skew 'set_max_skew'
Slack : 1.351

Type  : Fast vid2a 100C Model Max Skew 'set_max_skew'
Slack : 1.352

Type  : Fast vid2a 100C Model Max Skew 'set_max_skew'
Slack : 1.358

Type  : Fast vid2a 100C Model Max Skew 'set_max_skew'
Slack : 1.365

Type  : Fast vid2a 100C Model Max Skew 'set_max_skew'
Slack : 1.367

Type  : Fast vid2a 100C Model Max Skew 'set_max_skew'
Slack : 1.372

Type  : Fast vid2a 100C Model Max Skew 'set_max_skew'
Slack : 1.392

Type  : Fast vid2a 100C Model Max Skew 'set_max_skew'
Slack : 1.402

Type  : Fast vid2a 100C Model Max Skew 'set_max_skew'
Slack : 1.412

Type  : Fast vid2a 100C Model Max Skew 'set_max_skew'
Slack : 1.433

Type  : Fast vid2a 100C Model Max Skew 'set_max_skew'
Slack : 1.441

Type  : Fast vid2a 100C Model Max Skew 'set_max_skew'
Slack : 1.441

Type  : Fast vid2a 100C Model Max Skew 'set_max_skew'
Slack : 1.464

Type  : Fast vid2a 100C Model Max Skew 'set_max_skew'
Slack : 1.464

Type  : Fast vid2a 100C Model Max Skew 'set_max_skew'
Slack : 1.464

Type  : Fast vid2a 100C Model Max Skew 'set_max_skew'
Slack : 1.465

Type  : Fast vid2a 100C Model Max Skew 'set_max_skew'
Slack : 1.465

Type  : Fast vid2a 100C Model Max Skew 'set_max_skew'
Slack : 1.473

Type  : Fast vid2a 100C Model Max Skew 'set_max_skew'
Slack : 1.486

Type  : Fast vid2a 100C Model Max Skew 'set_max_skew'
Slack : 1.503

Type  : Fast vid2a 100C Model Max Skew 'set_max_skew'
Slack : 1.518

Type  : Fast vid2a 100C Model Max Skew 'set_max_skew'
Slack : 1.522

Type  : Fast vid2a 100C Model Max Skew 'set_max_skew'
Slack : 1.522

Type  : Fast vid2a 100C Model Max Skew 'set_max_skew'
Slack : 1.537

Type  : Fast vid2a 100C Model Max Skew 'set_max_skew'
Slack : 2.068

Type  : Fast vid2a 100C Model Max Skew 'set_max_skew'
Slack : 2.073

Type  : Fast vid2a 100C Model Max Skew 'set_max_skew'
Slack : 2.075

Type  : Fast vid2a 100C Model Max Skew 'set_max_skew'
Slack : 2.087

Type  : Fast vid2a 100C Model Max Skew 'set_max_skew'
Slack : 2.090

Type  : Fast vid2a 100C Model Max Skew 'set_max_skew'
Slack : 2.092

Type  : Fast vid2a 100C Model Max Skew 'set_max_skew'
Slack : 2.102

Type  : Fast vid2a 100C Model Max Skew 'set_max_skew'
Slack : 2.104

Type  : Fast vid2a 100C Model Max Skew 'set_max_skew'
Slack : 2.105

Type  : Fast vid2a 100C Model Max Skew 'set_max_skew'
Slack : 2.186

Type  : Fast vid2a 100C Model Max Skew 'set_max_skew'
Slack : 2.197

Type  : Fast vid2a 100C Model Max Skew 'set_max_skew'
Slack : 2.200

Type  : Fast vid2a 100C Model Max Skew 'set_max_skew'
Slack : 2.922

Type  : Fast vid2a 100C Model Max Skew 'set_max_skew'
Slack : 2.928

Type  : Fast vid2a 100C Model Max Skew 'set_max_skew'
Slack : 3.059

Type  : Fast vid2a 100C Model Max Skew 'set_max_skew'
Slack : 4.825

Type  : Fast vid2a 100C Model Max Skew 'set_max_skew'
Slack : 4.846

Type  : Fast vid2a 100C Model Max Skew 'set_max_skew'
Slack : 4.877

Type  : Fast vid2a 100C Model Max Skew 'set_max_skew'
Slack : 4.885

Type  : Fast vid2a 100C Model Max Skew 'set_max_skew'
Slack : 4.898

Type  : Fast vid2a 100C Model Max Skew 'set_max_skew'
Slack : 4.899

Type  : Fast vid2a 100C Model Max Skew 'set_max_skew'
Slack : 7.505

Type  : Fast vid2a 100C Model Max Skew 'set_max_skew'
Slack : 7.599

Type  : Fast vid2a 100C Model Max Skew 'set_max_skew'
Slack : 7.599

Type  : Fast vid2a 100C Model Max Skew 'set_max_skew'
Slack : 7.612

Type  : Fast vid2a 100C Model Max Skew 'set_max_skew'
Slack : 7.612

Type  : Fast vid2a 100C Model Max Skew 'set_max_skew'
Slack : 7.625

Type  : Fast vid2a 100C Model Max Skew 'set_max_skew'
Slack : 7.663

Type  : Fast vid2a 100C Model Max Skew 'set_max_skew'
Slack : 7.667

Type  : Fast vid2a 100C Model Max Skew 'set_max_skew'
Slack : 7.672

Type  : Fast vid2a 100C Model Max Skew 'set_max_skew'
Slack : 7.689

Type  : Fast vid2a 100C Model Max Skew 'set_max_skew'
Slack : 7.689

Type  : Fast vid2a 100C Model Max Skew 'set_max_skew'
Slack : 7.704

Type  : Fast vid2a 100C Model Max Skew 'set_max_skew'
Slack : 7.706

Type  : Fast vid2a 100C Model Max Skew 'set_max_skew'
Slack : 7.707

Type  : Fast vid2a 100C Model Max Skew 'set_max_skew'
Slack : 7.709

Type  : Fast vid2a 100C Model Max Skew 'set_max_skew'
Slack : 7.715

Type  : Fast vid2a 100C Model Max Skew 'set_max_skew'
Slack : 7.728

Type  : Fast vid2a 100C Model Max Skew 'set_max_skew'
Slack : 7.735

Type  : Fast vid2a 100C Model Max Skew 'set_max_skew'
Slack : 7.736

Type  : Fast vid2a 100C Model Max Skew 'set_max_skew'
Slack : 7.751

Type  : Fast vid2a 100C Model Max Skew 'set_max_skew'
Slack : 7.756

Type  : Fast vid2a 100C Model Max Skew 'set_max_skew'
Slack : 7.760

Type  : Fast vid2a 100C Model Max Skew 'set_max_skew'
Slack : 7.762

Type  : Fast vid2a 100C Model Max Skew 'set_max_skew'
Slack : 7.769

Type  : Fast vid2a 100C Model Max Skew 'set_max_skew'
Slack : 79.706

Type  : Fast vid2a 100C Model Max Skew 'set_max_skew'
Slack : 79.751

Type  : Fast vid2a 100C Model Max Skew 'set_max_skew'
Slack : 79.787

Type  : Fast vid2a 100C Model Max Skew 'set_max_skew'
Slack : 79.803

Type  : Fast vid2 100C Model Max Skew 'set_max_skew'
Slack : 1.249

Type  : Fast vid2 100C Model Max Skew 'set_max_skew'
Slack : 1.254

Type  : Fast vid2 100C Model Max Skew 'set_max_skew'
Slack : 1.258

Type  : Fast vid2 100C Model Max Skew 'set_max_skew'
Slack : 1.258

Type  : Fast vid2 100C Model Max Skew 'set_max_skew'
Slack : 1.260

Type  : Fast vid2 100C Model Max Skew 'set_max_skew'
Slack : 1.260

Type  : Fast vid2 100C Model Max Skew 'set_max_skew'
Slack : 1.266

Type  : Fast vid2 100C Model Max Skew 'set_max_skew'
Slack : 1.272

Type  : Fast vid2 100C Model Max Skew 'set_max_skew'
Slack : 1.282

Type  : Fast vid2 100C Model Max Skew 'set_max_skew'
Slack : 1.284

Type  : Fast vid2 100C Model Max Skew 'set_max_skew'
Slack : 1.284

Type  : Fast vid2 100C Model Max Skew 'set_max_skew'
Slack : 1.296

Type  : Fast vid2 100C Model Max Skew 'set_max_skew'
Slack : 1.305

Type  : Fast vid2 100C Model Max Skew 'set_max_skew'
Slack : 1.311

Type  : Fast vid2 100C Model Max Skew 'set_max_skew'
Slack : 1.313

Type  : Fast vid2 100C Model Max Skew 'set_max_skew'
Slack : 1.318

Type  : Fast vid2 100C Model Max Skew 'set_max_skew'
Slack : 1.318

Type  : Fast vid2 100C Model Max Skew 'set_max_skew'
Slack : 1.327

Type  : Fast vid2 100C Model Max Skew 'set_max_skew'
Slack : 1.327

Type  : Fast vid2 100C Model Max Skew 'set_max_skew'
Slack : 1.339

Type  : Fast vid2 100C Model Max Skew 'set_max_skew'
Slack : 1.339

Type  : Fast vid2 100C Model Max Skew 'set_max_skew'
Slack : 1.348

Type  : Fast vid2 100C Model Max Skew 'set_max_skew'
Slack : 1.350

Type  : Fast vid2 100C Model Max Skew 'set_max_skew'
Slack : 1.356

Type  : Fast vid2 100C Model Max Skew 'set_max_skew'
Slack : 1.363

Type  : Fast vid2 100C Model Max Skew 'set_max_skew'
Slack : 1.367

Type  : Fast vid2 100C Model Max Skew 'set_max_skew'
Slack : 1.367

Type  : Fast vid2 100C Model Max Skew 'set_max_skew'
Slack : 1.387

Type  : Fast vid2 100C Model Max Skew 'set_max_skew'
Slack : 1.402

Type  : Fast vid2 100C Model Max Skew 'set_max_skew'
Slack : 1.412

Type  : Fast vid2 100C Model Max Skew 'set_max_skew'
Slack : 1.429

Type  : Fast vid2 100C Model Max Skew 'set_max_skew'
Slack : 1.440

Type  : Fast vid2 100C Model Max Skew 'set_max_skew'
Slack : 1.440

Type  : Fast vid2 100C Model Max Skew 'set_max_skew'
Slack : 1.464

Type  : Fast vid2 100C Model Max Skew 'set_max_skew'
Slack : 1.465

Type  : Fast vid2 100C Model Max Skew 'set_max_skew'
Slack : 1.465

Type  : Fast vid2 100C Model Max Skew 'set_max_skew'
Slack : 1.466

Type  : Fast vid2 100C Model Max Skew 'set_max_skew'
Slack : 1.466

Type  : Fast vid2 100C Model Max Skew 'set_max_skew'
Slack : 1.470

Type  : Fast vid2 100C Model Max Skew 'set_max_skew'
Slack : 1.483

Type  : Fast vid2 100C Model Max Skew 'set_max_skew'
Slack : 1.503

Type  : Fast vid2 100C Model Max Skew 'set_max_skew'
Slack : 1.516

Type  : Fast vid2 100C Model Max Skew 'set_max_skew'
Slack : 1.520

Type  : Fast vid2 100C Model Max Skew 'set_max_skew'
Slack : 1.520

Type  : Fast vid2 100C Model Max Skew 'set_max_skew'
Slack : 1.537

Type  : Fast vid2 100C Model Max Skew 'set_max_skew'
Slack : 2.060

Type  : Fast vid2 100C Model Max Skew 'set_max_skew'
Slack : 2.069

Type  : Fast vid2 100C Model Max Skew 'set_max_skew'
Slack : 2.072

Type  : Fast vid2 100C Model Max Skew 'set_max_skew'
Slack : 2.083

Type  : Fast vid2 100C Model Max Skew 'set_max_skew'
Slack : 2.085

Type  : Fast vid2 100C Model Max Skew 'set_max_skew'
Slack : 2.088

Type  : Fast vid2 100C Model Max Skew 'set_max_skew'
Slack : 2.097

Type  : Fast vid2 100C Model Max Skew 'set_max_skew'
Slack : 2.099

Type  : Fast vid2 100C Model Max Skew 'set_max_skew'
Slack : 2.102

Type  : Fast vid2 100C Model Max Skew 'set_max_skew'
Slack : 2.183

Type  : Fast vid2 100C Model Max Skew 'set_max_skew'
Slack : 2.194

Type  : Fast vid2 100C Model Max Skew 'set_max_skew'
Slack : 2.196

Type  : Fast vid2 100C Model Max Skew 'set_max_skew'
Slack : 2.919

Type  : Fast vid2 100C Model Max Skew 'set_max_skew'
Slack : 2.924

Type  : Fast vid2 100C Model Max Skew 'set_max_skew'
Slack : 3.056

Type  : Fast vid2 100C Model Max Skew 'set_max_skew'
Slack : 4.821

Type  : Fast vid2 100C Model Max Skew 'set_max_skew'
Slack : 4.842

Type  : Fast vid2 100C Model Max Skew 'set_max_skew'
Slack : 4.878

Type  : Fast vid2 100C Model Max Skew 'set_max_skew'
Slack : 4.884

Type  : Fast vid2 100C Model Max Skew 'set_max_skew'
Slack : 4.893

Type  : Fast vid2 100C Model Max Skew 'set_max_skew'
Slack : 4.898

Type  : Fast vid2 100C Model Max Skew 'set_max_skew'
Slack : 7.496

Type  : Fast vid2 100C Model Max Skew 'set_max_skew'
Slack : 7.591

Type  : Fast vid2 100C Model Max Skew 'set_max_skew'
Slack : 7.591

Type  : Fast vid2 100C Model Max Skew 'set_max_skew'
Slack : 7.604

Type  : Fast vid2 100C Model Max Skew 'set_max_skew'
Slack : 7.604

Type  : Fast vid2 100C Model Max Skew 'set_max_skew'
Slack : 7.621

Type  : Fast vid2 100C Model Max Skew 'set_max_skew'
Slack : 7.658

Type  : Fast vid2 100C Model Max Skew 'set_max_skew'
Slack : 7.665

Type  : Fast vid2 100C Model Max Skew 'set_max_skew'
Slack : 7.667

Type  : Fast vid2 100C Model Max Skew 'set_max_skew'
Slack : 7.685

Type  : Fast vid2 100C Model Max Skew 'set_max_skew'
Slack : 7.686

Type  : Fast vid2 100C Model Max Skew 'set_max_skew'
Slack : 7.706

Type  : Fast vid2 100C Model Max Skew 'set_max_skew'
Slack : 7.706

Type  : Fast vid2 100C Model Max Skew 'set_max_skew'
Slack : 7.707

Type  : Fast vid2 100C Model Max Skew 'set_max_skew'
Slack : 7.707

Type  : Fast vid2 100C Model Max Skew 'set_max_skew'
Slack : 7.712

Type  : Fast vid2 100C Model Max Skew 'set_max_skew'
Slack : 7.725

Type  : Fast vid2 100C Model Max Skew 'set_max_skew'
Slack : 7.732

Type  : Fast vid2 100C Model Max Skew 'set_max_skew'
Slack : 7.735

Type  : Fast vid2 100C Model Max Skew 'set_max_skew'
Slack : 7.750

Type  : Fast vid2 100C Model Max Skew 'set_max_skew'
Slack : 7.756

Type  : Fast vid2 100C Model Max Skew 'set_max_skew'
Slack : 7.758

Type  : Fast vid2 100C Model Max Skew 'set_max_skew'
Slack : 7.759

Type  : Fast vid2 100C Model Max Skew 'set_max_skew'
Slack : 7.766

Type  : Fast vid2 100C Model Max Skew 'set_max_skew'
Slack : 79.703

Type  : Fast vid2 100C Model Max Skew 'set_max_skew'
Slack : 79.748

Type  : Fast vid2 100C Model Max Skew 'set_max_skew'
Slack : 79.784

Type  : Fast vid2 100C Model Max Skew 'set_max_skew'
Slack : 79.801

Type  : Net Delay 'set_net_delay'
Slack : 1.023

Type  : Net Delay 'set_net_delay'
Slack : 1.045

Type  : Net Delay 'set_net_delay'
Slack : 1.056

Type  : Net Delay 'set_net_delay'
Slack : 1.079

Type  : Net Delay 'set_net_delay'
Slack : 1.089

Type  : Net Delay 'set_net_delay'
Slack : 1.108

Type  : Net Delay 'set_net_delay'
Slack : 1.109

Type  : Net Delay 'set_net_delay'
Slack : 1.111

Type  : Net Delay 'set_net_delay'
Slack : 1.113

Type  : Net Delay 'set_net_delay'
Slack : 1.117

Type  : Net Delay 'set_net_delay'
Slack : 1.122

Type  : Net Delay 'set_net_delay'
Slack : 1.122

Type  : Net Delay 'set_net_delay'
Slack : 1.127

Type  : Net Delay 'set_net_delay'
Slack : 1.139

Type  : Net Delay 'set_net_delay'
Slack : 1.140

Type  : Net Delay 'set_net_delay'
Slack : 1.153

Type  : Net Delay 'set_net_delay'
Slack : 1.154

Type  : Net Delay 'set_net_delay'
Slack : 1.156

Type  : Net Delay 'set_net_delay'
Slack : 1.163

Type  : Net Delay 'set_net_delay'
Slack : 1.171

Type  : Net Delay 'set_net_delay'
Slack : 1.177

Type  : Net Delay 'set_net_delay'
Slack : 1.178

Type  : Net Delay 'set_net_delay'
Slack : 1.185

Type  : Net Delay 'set_net_delay'
Slack : 1.188

Type  : Net Delay 'set_net_delay'
Slack : 1.192

Type  : Net Delay 'set_net_delay'
Slack : 1.197

Type  : Net Delay 'set_net_delay'
Slack : 1.198

Type  : Net Delay 'set_net_delay'
Slack : 1.207

Type  : Net Delay 'set_net_delay'
Slack : 1.213

Type  : Net Delay 'set_net_delay'
Slack : 1.225

Type  : Net Delay 'set_net_delay'
Slack : 1.225

Type  : Net Delay 'set_net_delay'
Slack : 1.227

Type  : Net Delay 'set_net_delay'
Slack : 1.232

Type  : Net Delay 'set_net_delay'
Slack : 1.234

Type  : Net Delay 'set_net_delay'
Slack : 1.234

Type  : Net Delay 'set_net_delay'
Slack : 1.241

Type  : Net Delay 'set_net_delay'
Slack : 1.241

Type  : Net Delay 'set_net_delay'
Slack : 1.242

Type  : Net Delay 'set_net_delay'
Slack : 1.270

Type  : Net Delay 'set_net_delay'
Slack : 1.272

Type  : Net Delay 'set_net_delay'
Slack : 1.331

Type  : Net Delay 'set_net_delay'
Slack : 1.334

Type  : Net Delay 'set_net_delay'
Slack : 1.337

Type  : Net Delay 'set_net_delay'
Slack : 1.337

Type  : Net Delay 'set_net_delay'
Slack : 1.339

Type  : Net Delay 'set_net_delay'
Slack : 1.341

Type  : Net Delay 'set_net_delay'
Slack : 1.343

Type  : Net Delay 'set_net_delay'
Slack : 1.348

Type  : Net Delay 'set_net_delay'
Slack : 1.378

Type  : Net Delay 'set_net_delay'
Slack : 1.388

Type  : Net Delay 'set_net_delay'
Slack : 1.403

Type  : Net Delay 'set_net_delay'
Slack : 1.412

Type  : Net Delay 'set_net_delay'
Slack : 1.439

Type  : Net Delay 'set_net_delay'
Slack : 1.439

Type  : Net Delay 'set_net_delay'
Slack : 1.872

Type  : Net Delay 'set_net_delay'
Slack : 1.907

Type  : Net Delay 'set_net_delay'
Slack : 1.921

Type  : Net Delay 'set_net_delay'
Slack : 1.938

Type  : Net Delay 'set_net_delay'
Slack : 1.938

Type  : Net Delay 'set_net_delay'
Slack : 1.940

Type  : Net Delay 'set_net_delay'
Slack : 1.956

Type  : Net Delay 'set_net_delay'
Slack : 1.958

Type  : Net Delay 'set_net_delay'
Slack : 2.075

Type  : Net Delay 'set_net_delay'
Slack : 2.091

Type  : Net Delay 'set_net_delay'
Slack : 2.098

Type  : Net Delay 'set_net_delay'
Slack : 2.103

Type  : Net Delay 'set_net_delay'
Slack : 2.111

Type  : Net Delay 'set_net_delay'
Slack : 2.137

Type  : Net Delay 'set_net_delay'
Slack : 2.139

Type  : Net Delay 'set_net_delay'
Slack : 2.148

Type  : Net Delay 'set_net_delay'
Slack : 2.651

Type  : Net Delay 'set_net_delay'
Slack : 2.673

Type  : Net Delay 'set_net_delay'
Slack : 2.674

Type  : Net Delay 'set_net_delay'
Slack : 2.717

Type  : Net Delay 'set_net_delay'
Slack : 2.725

Type  : Net Delay 'set_net_delay'
Slack : 2.726

Type  : Net Delay 'set_net_delay'
Slack : 2.923

Type  : Net Delay 'set_net_delay'
Slack : 7.363

Type  : Net Delay 'set_net_delay'
Slack : 7.382

Type  : Net Delay 'set_net_delay'
Slack : 7.400

Type  : Net Delay 'set_net_delay'
Slack : 7.405

Type  : Net Delay 'set_net_delay'
Slack : 7.412

Type  : Net Delay 'set_net_delay'
Slack : 7.418

Type  : Net Delay 'set_net_delay'
Slack : 7.418

Type  : Net Delay 'set_net_delay'
Slack : 7.420

Type  : Net Delay 'set_net_delay'
Slack : 7.422

Type  : Net Delay 'set_net_delay'
Slack : 7.424

Type  : Net Delay 'set_net_delay'
Slack : 7.426

Type  : Net Delay 'set_net_delay'
Slack : 7.426

Type  : Net Delay 'set_net_delay'
Slack : 7.427

Type  : Net Delay 'set_net_delay'
Slack : 7.442

Type  : Net Delay 'set_net_delay'
Slack : 7.450

Type  : Net Delay 'set_net_delay'
Slack : 7.451

Type  : Net Delay 'set_net_delay'
Slack : 7.459

Type  : Net Delay 'set_net_delay'
Slack : 7.460

Type  : Net Delay 'set_net_delay'
Slack : 7.461

Type  : Net Delay 'set_net_delay'
Slack : 7.461

Type  : Net Delay 'set_net_delay'
Slack : 7.461

Type  : Net Delay 'set_net_delay'
Slack : 7.464

Type  : Net Delay 'set_net_delay'
Slack : 7.470

Type  : Net Delay 'set_net_delay'
Slack : 7.471

Type  : Net Delay 'set_net_delay'
Slack : 7.482

Type  : Net Delay 'set_net_delay'
Slack : 7.487

Type  : Net Delay 'set_net_delay'
Slack : 7.515

Type  : Net Delay 'set_net_delay'
Slack : 7.518

Type  : Net Delay 'set_net_delay'
Slack : 7.547

Type  : Net Delay 'set_net_delay'
Slack : 7.557

Type  : Net Delay 'set_net_delay'
Slack : 7.569

Type  : Net Delay 'set_net_delay'
Slack : 7.573

Type  : Net Delay 'set_net_delay'
Slack : 7.573

Type  : Net Delay 'set_net_delay'
Slack : 7.574

Type  : Net Delay 'set_net_delay'
Slack : 7.578

Type  : Net Delay 'set_net_delay'
Slack : 7.587

Type  : Net Delay 'set_net_delay'
Slack : 7.588

Type  : Net Delay 'set_net_delay'
Slack : 7.598

Type  : Net Delay 'set_net_delay'
Slack : 7.604

Type  : Net Delay 'set_net_delay'
Slack : 7.606

Type  : Net Delay 'set_net_delay'
Slack : 7.609

Type  : Net Delay 'set_net_delay'
Slack : 7.623

Type  : Net Delay 'set_net_delay'
Slack : 7.639

Type  : Net Delay 'set_net_delay'
Slack : 7.648

Type  : Net Delay 'set_net_delay'
Slack : 7.649

Type  : Net Delay 'set_net_delay'
Slack : 7.651

Type  : Net Delay 'set_net_delay'
Slack : 7.651

Type  : Net Delay 'set_net_delay'
Slack : 7.674

Type  : Net Delay 'set_net_delay'
Slack : 7.680

Type  : Net Delay 'set_net_delay'
Slack : 7.680

Type  : Net Delay 'set_net_delay'
Slack : 7.680

Type  : Net Delay 'set_net_delay'
Slack : 7.681

Type  : Net Delay 'set_net_delay'
Slack : 7.688

Type  : Net Delay 'set_net_delay'
Slack : 79.466

Type  : Net Delay 'set_net_delay'
Slack : 79.484

Type  : Net Delay 'set_net_delay'
Slack : 79.491

Type  : Net Delay 'set_net_delay'
Slack : 79.503

Type  : Net Delay 'set_net_delay'
Slack : 79.669

Type  : Net Delay 'set_net_delay'
Slack : 79.673

Type  : Net Delay 'set_net_delay'
Slack : 79.744

Type  : Net Delay 'set_net_delay'
Slack : 79.752

Type  : Net Delay 'set_net_delay'
Slack : Invalid clock

Type  : Net Delay 'set_net_delay'
Slack : Invalid clock

Type  : Net Delay 'set_net_delay'
Slack : Invalid clock

Type  : Net Delay 'set_net_delay'
Slack : Invalid clock

Type  : Net Delay 'set_net_delay'
Slack : Invalid clock

Type  : Net Delay 'set_net_delay'
Slack : Invalid clock

Type  : Net Delay 'set_net_delay'
Slack : Invalid clock

Type  : Net Delay 'set_net_delay'
Slack : Invalid clock

------------------------------------------------------------
Info: see the "DDR report" for DDR timing results
------------------------------------------------------------
------------------------------------------------------------
