Change Dir: '/home/uwb_student00/ahls/new_BSP/work_examples_afu_debug01/copy_engine-cap27/cmake-build'

Run Build Command(s): /usr/bin/cmake -E env VERBOSE=1 /usr/bin/gmake -f Makefile -j1 setup
/usr/bin/cmake -S/home/uwb_student00/ahls/new_BSP/work_examples_afu_debug01/copy_engine-cap27/cmake-source -B/home/uwb_student00/ahls/new_BSP/work_examples_afu_debug01/copy_engine-cap27/cmake-build --check-build-system CMakeFiles/Makefile.cmake 0
/usr/bin/gmake  -f CMakeFiles/Makefile2 setup
gmake[1]: Entering directory '/home/uwb_student00/ahls/new_BSP/work_examples_afu_debug01/copy_engine-cap27/cmake-build'
/usr/bin/cmake -S/home/uwb_student00/ahls/new_BSP/work_examples_afu_debug01/copy_engine-cap27/cmake-source -B/home/uwb_student00/ahls/new_BSP/work_examples_afu_debug01/copy_engine-cap27/cmake-build --check-build-system CMakeFiles/Makefile.cmake 0
/usr/bin/cmake -E cmake_progress_start /home/uwb_student00/ahls/new_BSP/work_examples_afu_debug01/copy_engine-cap27/cmake-build/CMakeFiles 0
/usr/bin/gmake  -f CMakeFiles/Makefile2 CMakeFiles/setup.dir/all
gmake[2]: Entering directory '/home/uwb_student00/ahls/new_BSP/work_examples_afu_debug01/copy_engine-cap27/cmake-build'
/usr/bin/gmake  -f CMakeFiles/setup.dir/build.make CMakeFiles/setup.dir/depend
gmake[3]: Entering directory '/home/uwb_student00/ahls/new_BSP/work_examples_afu_debug01/copy_engine-cap27/cmake-build'
cd /home/uwb_student00/ahls/new_BSP/work_examples_afu_debug01/copy_engine-cap27/cmake-build && /usr/bin/cmake -E cmake_depends "Unix Makefiles" /home/uwb_student00/ahls/new_BSP/work_examples_afu_debug01/copy_engine-cap27/cmake-source /home/uwb_student00/ahls/new_BSP/work_examples_afu_debug01/copy_engine-cap27/cmake-source /home/uwb_student00/ahls/new_BSP/work_examples_afu_debug01/copy_engine-cap27/cmake-build /home/uwb_student00/ahls/new_BSP/work_examples_afu_debug01/copy_engine-cap27/cmake-build /home/uwb_student00/ahls/new_BSP/work_examples_afu_debug01/copy_engine-cap27/cmake-build/CMakeFiles/setup.dir/DependInfo.cmake "--color="
gmake[3]: Leaving directory '/home/uwb_student00/ahls/new_BSP/work_examples_afu_debug01/copy_engine-cap27/cmake-build'
/usr/bin/gmake  -f CMakeFiles/setup.dir/build.make CMakeFiles/setup.dir/build
gmake[3]: Entering directory '/home/uwb_student00/ahls/new_BSP/work_examples_afu_debug01/copy_engine-cap27/cmake-build'
/usr/bin/afu_synth_setup --lib /home/uwb_student00/ahls/new_BSP/work_fim24_pr_platform01/release01/hw/lib --sources /home/uwb_student00/ahls/new_BSP/work_examples_afu_debug01/sources_cap27/copy_engine/hw/rtl/sources.txt /home/uwb_student00/ahls/new_BSP/work_examples_afu_debug01/copy_engine-cap27/persona
Loading platform database: /home/uwb_student00/ahls/new_BSP/work_fim24_pr_platform01/release01/hw/lib/platform/platform_db/ofs_agilex.json
Loading platform-params database: /usr/lib/python3.9/site-packages/platmgr/db/platform_db/platform_defaults.json
Loading AFU database: /usr/lib/python3.9/site-packages/platmgr/db/afu_top_ifc_db/ofs_plat_afu.json
Writing platform/platform_afu_top_config.vh
Writing platform/platform_if_addenda.qsf
Writing ../hw/afu_json_info.vh
Copying build from /home/uwb_student00/ahls/new_BSP/work_fim24_pr_platform01/release01/hw/lib/build...
Configuring Quartus build directory: /home/uwb_student00/ahls/new_BSP/work_examples_afu_debug01/copy_engine-cap27/persona/build
gmake[3]: Leaving directory '/home/uwb_student00/ahls/new_BSP/work_examples_afu_debug01/copy_engine-cap27/cmake-build'
Built target setup
gmake[2]: Leaving directory '/home/uwb_student00/ahls/new_BSP/work_examples_afu_debug01/copy_engine-cap27/cmake-build'
/usr/bin/cmake -E cmake_progress_start /home/uwb_student00/ahls/new_BSP/work_examples_afu_debug01/copy_engine-cap27/cmake-build/CMakeFiles 0
gmake[1]: Leaving directory '/home/uwb_student00/ahls/new_BSP/work_examples_afu_debug01/copy_engine-cap27/cmake-build'

