Info: Generated by version: 26.1.1 build 130
Info: Starting: Create simulation model
Info: qsys-generate /home/uwb_student00/ahls/new_BSP/work_ia840f_fim_06/syn/board/ia840f/syn_top/../../../../ofs-common/src/fpga_family/agilex/cfg_mon/cfg_mon.ip --simulation=VERILOG --allow-mixed-language-simulation --simulator=MODELSIM --output-directory=/home/uwb_student00/ahls/new_BSP/work_ia840f_fim_06/ofs-common/src/fpga_family/agilex/cfg_mon/cfg_mon --family="Agilex 7" --part=AGFB027R25A2E2V
Warning: s10_user_rst_clkgate_0: Used altera_s10_user_rst_clkgate 19.4.9 (instead of 19.4.8)
Info: cfg_mon: "Transforming system: cfg_mon"
Info: cfg_mon: "Naming system components in system: cfg_mon"
Info: cfg_mon: "Processing generation queue"
Info: cfg_mon: "Generating: cfg_mon"
Info: cfg_mon: "Generating: altera_s10_user_rst_clkgate"
Info: cfg_mon: Done "cfg_mon" with 2 modules, 2 files
Info: Generating the following file(s) for MODELSIM simulator in /home/uwb_student00/ahls/new_BSP/work_ia840f_fim_06/ofs-common/src/fpga_family/agilex/cfg_mon/cfg_mon/sim/ directory:
Info: 	common/modelsim_files.tcl
Info: For information on how to simulate your IP, see the explanatory comments in the simulator-specific subdirectories under /home/uwb_student00/ahls/new_BSP/work_ia840f_fim_06/ofs-common/src/fpga_family/agilex/cfg_mon/cfg_mon/sim/.
Info: Regenerate these scripts whenever you make any change to any Quartus-generated IP in your project.
Info: Finished: Create simulation model
Info: Starting: Create simulation script
Info: sim-script-gen --system-file=/home/uwb_student00/ahls/new_BSP/work_ia840f_fim_06/syn/board/ia840f/syn_top/../../../../ofs-common/src/fpga_family/agilex/cfg_mon/cfg_mon.ip --simulator=MODELSIM --output-directory=/home/uwb_student00/ahls/new_BSP/work_ia840f_fim_06/ofs-common/src/fpga_family/agilex/cfg_mon/cfg_mon/sim/ --use-relative-paths=true --modelsim-flow=traditional
Info: Generating the following file(s) for MODELSIM simulator in /home/uwb_student00/ahls/new_BSP/work_ia840f_fim_06/ofs-common/src/fpga_family/agilex/cfg_mon/cfg_mon/sim/ directory:
Info: 	mentor/msim_setup.tcl
Info: 	mentor/run_msim_setup.tcl
Info: For information on how to simulate your IP, see the explanatory comments in the simulator-specific subdirectories under /home/uwb_student00/ahls/new_BSP/work_ia840f_fim_06/ofs-common/src/fpga_family/agilex/cfg_mon/cfg_mon/sim/.
Info: Regenerate these scripts whenever you make any change to any Quartus-generated IP in your project.
Info: Finished: Create simulation script
Info: 
Info: Starting: Create HDL design files for synthesis
Info: qsys-generate /home/uwb_student00/ahls/new_BSP/work_ia840f_fim_06/syn/board/ia840f/syn_top/../../../../ofs-common/src/fpga_family/agilex/cfg_mon/cfg_mon.ip --synthesis=VERILOG --output-directory=/home/uwb_student00/ahls/new_BSP/work_ia840f_fim_06/ofs-common/src/fpga_family/agilex/cfg_mon/cfg_mon --family="Agilex 7" --part=AGFB027R25A2E2V
Warning: s10_user_rst_clkgate_0: Used altera_s10_user_rst_clkgate 19.4.9 (instead of 19.4.8)
Info: cfg_mon: "Transforming system: cfg_mon"
Info: cfg_mon: "Naming system components in system: cfg_mon"
Info: cfg_mon: "Processing generation queue"
Info: cfg_mon: "Generating: cfg_mon"
Info: cfg_mon: "Generating: altera_s10_user_rst_clkgate"
Info: s10_user_rst_clkgate_0: generating top-level entity altera_s10_user_rst_clkgate
Info: cfg_mon: Done "cfg_mon" with 2 modules, 3 files
Info: Finished: Create HDL design files for synthesis
