Change Dir: '/home/uwb_student00/ahls/new_BSP/work_hls_samples_2026_1_0_01/batch02/part3'

Run Build Command(s): /usr/bin/cmake -E env VERBOSE=1 /usr/bin/gmake -f Makefile -j36 fpga_emu
/usr/bin/cmake -S/home/uwb_student00/ahls/new_BSP/work_hls_samples_2026_1_0_01/source/Tutorials/GettingStarted/fpga_compile -B/home/uwb_student00/ahls/new_BSP/work_hls_samples_2026_1_0_01/batch02/part3 --check-build-system CMakeFiles/Makefile.cmake 0
/usr/bin/gmake  -f CMakeFiles/Makefile2 fpga_emu
gmake[1]: Entering directory '/home/uwb_student00/ahls/new_BSP/work_hls_samples_2026_1_0_01/batch02/part3'
/usr/bin/cmake -S/home/uwb_student00/ahls/new_BSP/work_hls_samples_2026_1_0_01/source/Tutorials/GettingStarted/fpga_compile -B/home/uwb_student00/ahls/new_BSP/work_hls_samples_2026_1_0_01/batch02/part3 --check-build-system CMakeFiles/Makefile.cmake 0
/usr/bin/cmake -E cmake_progress_start /home/uwb_student00/ahls/new_BSP/work_hls_samples_2026_1_0_01/batch02/part3/CMakeFiles 3
/usr/bin/gmake  -f CMakeFiles/Makefile2 CMakeFiles/fpga_emu.dir/all
gmake[2]: Entering directory '/home/uwb_student00/ahls/new_BSP/work_hls_samples_2026_1_0_01/batch02/part3'
/usr/bin/gmake  -f CMakeFiles/displayEmulationCompileCommands.dir/build.make CMakeFiles/displayEmulationCompileCommands.dir/depend
gmake[3]: Entering directory '/home/uwb_student00/ahls/new_BSP/work_hls_samples_2026_1_0_01/batch02/part3'
cd /home/uwb_student00/ahls/new_BSP/work_hls_samples_2026_1_0_01/batch02/part3 && /usr/bin/cmake -E cmake_depends "Unix Makefiles" /home/uwb_student00/ahls/new_BSP/work_hls_samples_2026_1_0_01/source/Tutorials/GettingStarted/fpga_compile /home/uwb_student00/ahls/new_BSP/work_hls_samples_2026_1_0_01/source/Tutorials/GettingStarted/fpga_compile /home/uwb_student00/ahls/new_BSP/work_hls_samples_2026_1_0_01/batch02/part3 /home/uwb_student00/ahls/new_BSP/work_hls_samples_2026_1_0_01/batch02/part3 /home/uwb_student00/ahls/new_BSP/work_hls_samples_2026_1_0_01/batch02/part3/CMakeFiles/displayEmulationCompileCommands.dir/DependInfo.cmake "--color="
gmake[3]: Leaving directory '/home/uwb_student00/ahls/new_BSP/work_hls_samples_2026_1_0_01/batch02/part3'
/usr/bin/gmake  -f CMakeFiles/displayEmulationCompileCommands.dir/build.make CMakeFiles/displayEmulationCompileCommands.dir/build
gmake[3]: Entering directory '/home/uwb_student00/ahls/new_BSP/work_hls_samples_2026_1_0_01/batch02/part3'
[ 33%] 
To compile manually:
/home/uwb_student00/ahls/altera_hls/aclsycl/bin/ahls -I../../include -Wall -DFPGA_EMULATOR -c ../../source/Tutorials/GettingStarted/fpga_compile/part3_dpcpp_lambda_usm/src/vector_add.cpp -o CMakeFiles/fpga_emu.dir/part3_dpcpp_lambda_usm/src/vector_add.cpp.o

To link manually:
/home/uwb_student00/ahls/altera_hls/aclsycl/bin/ahls -o vector_add.fpga_emu CMakeFiles/fpga_emu.dir/part3_dpcpp_lambda_usm/src/vector_add.cpp.o
/usr/bin/cmake -E cmake_echo_color --cyan 
gmake[3]: Leaving directory '/home/uwb_student00/ahls/new_BSP/work_hls_samples_2026_1_0_01/batch02/part3'
[ 33%] Built target displayEmulationCompileCommands
/usr/bin/gmake  -f CMakeFiles/fpga_emu.dir/build.make CMakeFiles/fpga_emu.dir/depend
gmake[3]: Entering directory '/home/uwb_student00/ahls/new_BSP/work_hls_samples_2026_1_0_01/batch02/part3'
cd /home/uwb_student00/ahls/new_BSP/work_hls_samples_2026_1_0_01/batch02/part3 && /usr/bin/cmake -E cmake_depends "Unix Makefiles" /home/uwb_student00/ahls/new_BSP/work_hls_samples_2026_1_0_01/source/Tutorials/GettingStarted/fpga_compile /home/uwb_student00/ahls/new_BSP/work_hls_samples_2026_1_0_01/source/Tutorials/GettingStarted/fpga_compile /home/uwb_student00/ahls/new_BSP/work_hls_samples_2026_1_0_01/batch02/part3 /home/uwb_student00/ahls/new_BSP/work_hls_samples_2026_1_0_01/batch02/part3 /home/uwb_student00/ahls/new_BSP/work_hls_samples_2026_1_0_01/batch02/part3/CMakeFiles/fpga_emu.dir/DependInfo.cmake "--color="
gmake[3]: Leaving directory '/home/uwb_student00/ahls/new_BSP/work_hls_samples_2026_1_0_01/batch02/part3'
/usr/bin/gmake  -f CMakeFiles/fpga_emu.dir/build.make CMakeFiles/fpga_emu.dir/build
gmake[3]: Entering directory '/home/uwb_student00/ahls/new_BSP/work_hls_samples_2026_1_0_01/batch02/part3'
[ 66%] Building CXX object CMakeFiles/fpga_emu.dir/part3_dpcpp_lambda_usm/src/vector_add.cpp.o
/home/uwb_student00/ahls/altera_hls/aclsycl/bin/ahls  -I/home/uwb_student00/ahls/new_BSP/work_hls_samples_2026_1_0_01/source/Tutorials/GettingStarted/fpga_compile/../../../../include -Wall -DFPGA_EMULATOR -MD -MT CMakeFiles/fpga_emu.dir/part3_dpcpp_lambda_usm/src/vector_add.cpp.o -MF CMakeFiles/fpga_emu.dir/part3_dpcpp_lambda_usm/src/vector_add.cpp.o.d -o CMakeFiles/fpga_emu.dir/part3_dpcpp_lambda_usm/src/vector_add.cpp.o -c /home/uwb_student00/ahls/new_BSP/work_hls_samples_2026_1_0_01/source/Tutorials/GettingStarted/fpga_compile/part3_dpcpp_lambda_usm/src/vector_add.cpp
[100%] Linking CXX executable vector_add.fpga_emu
/usr/bin/cmake -E cmake_link_script CMakeFiles/fpga_emu.dir/link.txt --verbose=1
hwloc/linux: failed to find sysfs cpu topology directory, aborting linux discovery.
/home/uwb_student00/ahls/altera_hls/aclsycl/bin/ahls CMakeFiles/fpga_emu.dir/part3_dpcpp_lambda_usm/src/vector_add.cpp.o -o vector_add.fpga_emu
gmake[3]: Leaving directory '/home/uwb_student00/ahls/new_BSP/work_hls_samples_2026_1_0_01/batch02/part3'
[100%] Built target fpga_emu
gmake[2]: Leaving directory '/home/uwb_student00/ahls/new_BSP/work_hls_samples_2026_1_0_01/batch02/part3'
/usr/bin/cmake -E cmake_progress_start /home/uwb_student00/ahls/new_BSP/work_hls_samples_2026_1_0_01/batch02/part3/CMakeFiles 0
gmake[1]: Leaving directory '/home/uwb_student00/ahls/new_BSP/work_hls_samples_2026_1_0_01/batch02/part3'

