Info: Generated by version: 25.1 build 129
Info: Starting: Create HDL design files for synthesis
Info: qsys-generate /home/uwb_student00/ahls/new_BSP/work_ahls_memory_pd25_import01/import02/ahls_memory_import.qsys --synthesis=VERILOG --output-directory=/home/uwb_student00/ahls/new_BSP/work_ahls_memory_pd25_import01/import02/ahls_memory_import --family="Agilex 7" --part=AGFB027R25A2E2V
Progress: Loading import02/ahls_memory_import.qsys
Progress: Reading input file
Progress: Parameterizing module clk_1x
Progress: Parameterizing module k0
Progress: Parameterizing module rst
Progress: Building connections
Progress: Parameterizing connections
Progress: Validating
Progress: Done reading input file
Info: ahls_memory_import: "Transforming system: ahls_memory_import"
Info: ahls_memory_import: "Naming system components in system: ahls_memory_import"
Info: ahls_memory_import: "Processing generation queue"
Info: ahls_memory_import: "Generating: ahls_memory_import"
Info: ahls_memory_import: "Generating: ahls_memory_import_clk_1x"
Info: ahls_memory_import: "Generating: ahls_memory_import_k0"
Info: ahls_memory_import: "Generating: ahls_memory_import_rst"
Info: ahls_memory_import: "Generating: altera_reset_controller"
Info: ahls_memory_import: Done "ahls_memory_import" with 5 modules, 4 files
Info: Finished: Create HDL design files for synthesis
