Info: Generated by version: 26.1.1 build 130
Info: Starting: Create simulation model
Info: qsys-generate /home/uwb_student00/ahls/new_BSP/work_ia840f_fim_05/syn/board/ia840f/syn_top/../../../../ofs-common/src/fpga_family/agilex/pr/PR_IP.ip --simulation=VERILOG --allow-mixed-language-simulation --simulator=MODELSIM --output-directory=/home/uwb_student00/ahls/new_BSP/work_ia840f_fim_05/ofs-common/src/fpga_family/agilex/pr/PR_IP --family="Agilex 7" --part=AGFB027R25A2E2V
Warning: s10_pr_0: Used altera_s10_pr 20.0.0 (instead of 19.2.4)
Info: PR_IP: "Transforming system: PR_IP"
Info: PR_IP: "Naming system components in system: PR_IP"
Info: PR_IP: "Processing generation queue"
Info: PR_IP: "Generating: PR_IP"
Info: PR_IP: "Generating: PR_IP_altera_s10_pr_2000_m7xplda"
Info: PR_IP: "Generating: PR_IP_altera_pr_stream_1920_35te2wy"
Info: PR_IP: "Generating: PR_IP_altera_pr_ctrl_1920_r73l66y"
Info: PR_IP: "Generating: intel_pr_mailbox_wrapper"
Info: PR_IP: Done "PR_IP" with 5 modules, 6 files
Info: Generating the following file(s) for MODELSIM simulator in /home/uwb_student00/ahls/new_BSP/work_ia840f_fim_05/ofs-common/src/fpga_family/agilex/pr/PR_IP/sim/ directory:
Info: 	common/modelsim_files.tcl
Info: For information on how to simulate your IP, see the explanatory comments in the simulator-specific subdirectories under /home/uwb_student00/ahls/new_BSP/work_ia840f_fim_05/ofs-common/src/fpga_family/agilex/pr/PR_IP/sim/.
Info: Regenerate these scripts whenever you make any change to any Quartus-generated IP in your project.
Info: Finished: Create simulation model
Info: Starting: Create simulation script
Info: sim-script-gen --system-file=/home/uwb_student00/ahls/new_BSP/work_ia840f_fim_05/syn/board/ia840f/syn_top/../../../../ofs-common/src/fpga_family/agilex/pr/PR_IP.ip --simulator=MODELSIM --output-directory=/home/uwb_student00/ahls/new_BSP/work_ia840f_fim_05/ofs-common/src/fpga_family/agilex/pr/PR_IP/sim/ --use-relative-paths=true --modelsim-flow=traditional
Info: Generating the following file(s) for MODELSIM simulator in /home/uwb_student00/ahls/new_BSP/work_ia840f_fim_05/ofs-common/src/fpga_family/agilex/pr/PR_IP/sim/ directory:
Info: 	mentor/msim_setup.tcl
Info: 	mentor/run_msim_setup.tcl
Info: For information on how to simulate your IP, see the explanatory comments in the simulator-specific subdirectories under /home/uwb_student00/ahls/new_BSP/work_ia840f_fim_05/ofs-common/src/fpga_family/agilex/pr/PR_IP/sim/.
Info: Regenerate these scripts whenever you make any change to any Quartus-generated IP in your project.
Info: Finished: Create simulation script
Info: 
Info: Starting: Create HDL design files for synthesis
Info: qsys-generate /home/uwb_student00/ahls/new_BSP/work_ia840f_fim_05/syn/board/ia840f/syn_top/../../../../ofs-common/src/fpga_family/agilex/pr/PR_IP.ip --synthesis=VERILOG --output-directory=/home/uwb_student00/ahls/new_BSP/work_ia840f_fim_05/ofs-common/src/fpga_family/agilex/pr/PR_IP --family="Agilex 7" --part=AGFB027R25A2E2V
Warning: s10_pr_0: Used altera_s10_pr 20.0.0 (instead of 19.2.4)
Info: PR_IP: "Transforming system: PR_IP"
Info: PR_IP: "Naming system components in system: PR_IP"
Info: PR_IP: "Processing generation queue"
Info: PR_IP: "Generating: PR_IP"
Info: PR_IP: "Generating: PR_IP_altera_s10_pr_2000_m7xplda"
Info: PR_IP: "Generating: PR_IP_altera_pr_stream_1920_35te2wy"
Info: PR_IP: "Generating: PR_IP_altera_pr_ctrl_1920_r73l66y"
Info: PR_IP: "Generating: intel_pr_mailbox_wrapper"
Info: PR_IP: Done "PR_IP" with 5 modules, 6 files
Info: Finished: Create HDL design files for synthesis
