Info (19848): Regular SEU info => 56 sector(s), 9 thread(s), 15120 interval time in microsecond(s)
Info (19848): IO hash is BC7508361BC7D8D68376309AEA7FCE43BF901D1E0C51338F432DBA3586C9AC27
Info (19848): Keyed hash is C5B5C0419ED39D12AC4AF95D89E027FDDEF9B13DBB8B22DD1913642E42128AAB
Info (19848): Design hash is 43014ADFA56F406ED29CB9C9A9017A88856E3E352D5C9E5EEA30F93EA48A554A
Info (19848): IO hash is BC7508361BC7D8D68376309AEA7FCE43BF901D1E0C51338F432DBA3586C9AC27
Info (19848): Keyed hash is BB7A1121AEB3528D70D2F865F162444C5E9571357893D2333DEB89C7B95A96A0
Info: *******************************************************************
Info: Running Quartus Prime Programmer
    Info: Version 23.1.0 Build 115 03/30/2023 Patches 0.02iofs,0.10,0.30 SC Pro Edition
    Info: Copyright (C) 2023  Intel Corporation. All rights reserved.
    Info: Your use of Intel Corporation's design tools, logic functions 
    Info: and other software and tools, and any partner logic 
    Info: functions, and any output files from any of the foregoing 
    Info: (including device programming or simulation files), and any 
    Info: associated documentation or information are expressly subject 
    Info: to the terms and conditions of the Intel Program License 
    Info: Subscription Agreement, the Intel Quartus Prime License Agreement,
    Info: the Intel FPGA IP License Agreement, or other applicable license
    Info: agreement, including, without limitation, that your use is for
    Info: the sole purpose of programming logic devices manufactured by
    Info: Intel and sold by Intel or its authorized distributors.  Please
    Info: refer to the applicable agreement for further details, at
    Info: https://fpgasoftware.intel.com/eula.
    Info: Processing started: Sat Sep 19 18:45:02 2026
    Info: System process ID: 3686
Info: Command: quartus_pgm -c "IA-840F [1-3.2]" -m JTAG -o P;/home/uwb_student00/ahls/new_BSP/work_ia840f_fim_13/syn/board/ia840f/syn_top/output_files/ofs_top.sof@2
Info (213045): Using programming cable "IA-840F [1-3.2]"
Info (213011): Using programming file /home/uwb_student00/ahls/new_BSP/work_ia840f_fim_13/syn/board/ia840f/syn_top/output_files/ofs_top.sof with checksum 0x766C917D for device AGFB027R25A@2
Info (209060): Started Programmer operation at Sat Sep 19 18:45:28 2026
Info (18942): Configuring device index 2
Info (18943): Configuration succeeded at device index 1
Info (20103): Removed S10HPS from device index 1 after reconfiguration.
Info (209011): Successfully performed operation(s)
Info (209061): Ended Programmer operation at Sat Sep 19 18:45:32 2026
Info: Quartus Prime Programmer was successful. 0 errors, 0 warnings
    Info: Peak virtual memory: 3869 megabytes
    Info: Processing ended: Sat Sep 19 18:45:32 2026
    Info: Elapsed time: 00:00:30
    Info: System process ID: 3686
RC=0
