Fitter Route Stage Report for quartus_compile
Tue Sep 29 11:38:55 2026
Quartus Prime Version 25.1.0 Build 129 03/26/2025 SC Pro Edition


---------------------
; Table of Contents ;
---------------------
  1. Legal Notice
  2. Nets with Highest Wire Count
  3. Routing Usage Summary
  4. Route Messages
  5. Estimated Delay Added for Hold Timing Summary
  6. Estimated Delay Added for Hold Timing Details
  7. Global Router Wire Utilization Map
  8. Peak Wire Demand Summary
  9. Peak Wire Demand Details
 10. Peak Total Grid Crossings
 11. Global Router Congestion Hotspot Summary



----------------
; Legal Notice ;
----------------
Copyright (C) 2025  Altera Corporation. All rights reserved.
Your use of Altera Corporation's design tools, logic functions 
and other software and tools, and any partner logic 
functions, and any output files from any of the foregoing 
(including device programming or simulation files), and any 
associated documentation or information are expressly subject 
to the terms and conditions of the Altera Program License 
Subscription Agreement, the Altera Quartus Prime License Agreement,
the Altera IP License Agreement, or other applicable license
agreement, including, without limitation, that your use is for
the sole purpose of programming logic devices manufactured by
Altera and sold by Altera or its authorized distributors.  Please
refer to the Altera Software License Subscription Agreements 
on the Quartus Prime software download page.



+-----------------------------------------------------------------------------------------------------------------------------------------------------------------------------------------------------------------------------------------------------------------------------------------------------------------------------------------------------------------------------------------------------------------------------------------------------------------------------------------------------------------------------------------------------------------------------------------------------------------------------------------------------------------+
; Nets with Highest Wire Count                                                                                                                                                                                                                                                                                                                                                                                                                                                                                                                                                                                                                                    ;
+---------------------------------------------------------------------------------------------------------------------------------------------------------------------------------------------------------------------------------------------------------------------------------------------------------------------------------------------------------------------------------------------------------------------------------------------------------------------------------------------------------------------------------------------------------------------------------------------------------------------------------+----------------------+--------+
; Net                                                                                                                                                                                                                                                                                                                                                                                                                                                                                                                                                                                                                             ; Number of Wires Used ; Fanout ;
+---------------------------------------------------------------------------------------------------------------------------------------------------------------------------------------------------------------------------------------------------------------------------------------------------------------------------------------------------------------------------------------------------------------------------------------------------------------------------------------------------------------------------------------------------------------------------------------------------------------------------------+----------------------+--------+
; vector_add_fpga_di_inst|VectorAddID_std_ic_inst|VectorAddID_inst_0|kernel|theVectorAddID_function_aunroll_x|thebb_VectorAddID_B1_aunroll_x|thebb_VectorAddID_B1_stall_region|thei_sfc_s_c0_in_for_body_i_i_vectoraddids_c0_enter1_vectoraddid_81_10_aunroll_x|thei_llvm_fpga_sfc_exit_s_c0_out_for_body_i_i_vectoraddids_c0_exit_vectoraddid_200_1gr_aunroll_x|thei_llvm_fpga_sfc_exit_s_c0_out_for_body_i_i_vectoraddids_c0_exit_vectoraddid_377_1gr_data_fifo_aunroll_x|thei_llvm_fpga_sfc_exit_s_c0_out_for_body_i_i_vectoraddids_c0_exit_vectoraddid_648_0gr|ms.acl_mid_speed_fifo_inst|ram_rd_addr_inst|lfsr_inst|state[4] ; 107                  ; 101    ;
+---------------------------------------------------------------------------------------------------------------------------------------------------------------------------------------------------------------------------------------------------------------------------------------------------------------------------------------------------------------------------------------------------------------------------------------------------------------------------------------------------------------------------------------------------------------------------------------------------------------------------------+----------------------+--------+


+-------------------------------------------------------------+
; Routing Usage Summary                                       ;
+-----------------------------+-------------------------------+
; Routing Resource Type       ; Usage                         ;
+-----------------------------+-------------------------------+
; Block Input Mux Wrapbacks   ; 172 / 964,320 ( < 1 % )       ;
; Block Input Muxes           ; 13,235 / 10,561,600 ( < 1 % ) ;
; Block interconnects         ; 10,210 / 12,385,280 ( < 1 % ) ;
; C1 interconnects            ; 3,899 / 5,173,760 ( < 1 % )   ;
; C4 interconnects            ; 526 / 4,933,120 ( < 1 % )     ;
; C8 interconnects            ; 2 / 493,312 ( < 1 % )         ;
; DCM_muxes                   ; 0 / 1,152 ( 0 % )             ;
; DELAY_CHAINs                ; 0 / 32,048 ( 0 % )            ;
; Direct links                ; 2,502 / 12,385,280 ( < 1 % )  ;
; HIO Buffers                 ; 0 / 73,472 ( 0 % )            ;
; Programmable Invert Buffers ; 0 / 560 ( 0 % )               ;
; Programmable Invert Inputs  ; 416 / 932,160 ( < 1 % )       ;
; Programmable Inverts        ; 416 / 932,160 ( < 1 % )       ;
; R0 interconnects            ; 5,877 / 8,632,960 ( < 1 % )   ;
; R1 interconnects            ; 3,670 / 4,933,120 ( < 1 % )   ;
; R12 interconnects           ; 2 / 739,968 ( < 1 % )         ;
; R2 interconnects            ; 1,308 / 2,473,120 ( < 1 % )   ;
; R4 interconnects            ; 593 / 2,486,240 ( < 1 % )     ;
; R6 interconnects            ; 239 / 2,492,800 ( < 1 % )     ;
; Redundancy Muxes            ; 1 / 145,648 ( < 1 % )         ;
; Row Clock Tap-Offs          ; 341 / 739,968 ( < 1 % )       ;
; Switchbox_clock_muxes       ; 10 / 23,040 ( < 1 % )         ;
; VIO Buffers                 ; 0 / 22,400 ( 0 % )            ;
; Vertical_seam_tap_muxes     ; 10 / 12,288 ( < 1 % )         ;
+-----------------------------+-------------------------------+


+----------------+
; Route Messages ;
+----------------+
Info (20030): Parallel compilation is enabled and will use 18 of the 18 processors detected
Info: *******************************************************************
Info: Running Quartus Prime Fitter
    Info: Version 25.1.0 Build 129 03/26/2025 SC Pro Edition
    Info: Processing started: Tue Sep 29 11:32:23 2026
    Info: System process ID: 1389
Info: Command: quartus_fit --read_settings_files=on --write_settings_files=off quartus_compile -c quartus_compile
Info: qfit2_default_script.tcl version: #1
Info: Project  = quartus_compile
Info: Revision = quartus_compile
Info (22300): Design uses Placement Effort Multiplier = 1.0.
Info (170193): Fitter routing operations beginning
Info (20215): Router estimated peak short interconnect demand : 0% of right directional wire in region X0_Y0 to X11_Y7
    Info (20265): Estimated peak short right directional wire demand : 0% in region X0_Y0 to X11_Y7
    Info (20265): Estimated peak short left directional wire demand : 0% in region X0_Y0 to X11_Y7
    Info (20265): Estimated peak short up directional wire demand : 0% in region X0_Y0 to X11_Y7
    Info (20265): Estimated peak short down directional wire demand : 0% in region X0_Y0 to X11_Y7
Info (20215): Router estimated peak long high speed interconnect demand : 98% of down directional wire in region X216_Y176 to X227_Y183
    Info (20265): Estimated peak long high speed right directional wire demand : 11% in region X216_Y168 to X227_Y175
    Info (20265): Estimated peak long high speed left directional wire demand : 43% in region X228_Y168 to X239_Y175
    Info (20265): Estimated peak long high speed up directional wire demand : 54% in region X204_Y160 to X215_Y167
    Info (20265): Estimated peak long high speed down directional wire demand : 98% in region X216_Y176 to X227_Y183
    Info (20315): Note that the router may use short wires to implement long connections at higher delay
Info (170239): Router is attempting to preserve 0.02 percent of routes from an earlier compilation, a user specified Routing Constraints File, or internal routing requirements.
Info (21076): High junction temperature operating condition is not set. Assuming a default value of '100'.
Info (21076): Low junction temperature operating condition is not set. Assuming a default value of '0'.
Info (11888): Total time spent on timing analysis during Routing is 0.64 seconds.
Info (16607): Fitter routing operations ending: elapsed time is 00:01:57


+------------------------------------------------------------+
; Estimated Delay Added for Hold Timing Summary              ;
+-----------------+----------------------+-------------------+
; Source Clock(s) ; Destination Clock(s) ; Delay Added in ns ;
+-----------------+----------------------+-------------------+
; clock           ; clock                ; 2.9               ;
+-----------------+----------------------+-------------------+
Note: For more information on problematic transfers, consider running the Fitter again with the Optimize hold timing option (Settings Menu) turned off.
This will disable optimization of problematic paths and expose them for further analysis using the Timing Analyzer.


+-----------------------------------------------------------------------------------------------------------------------------------------------------------------------------------------------------------------------------------------------------------------------------------------------------------------------------------------------------------+
; Estimated Delay Added for Hold Timing Details                                                                                                                                                                                                                                                                                                             ;
+------------------------------------------------------------------------------------------------------------------------------------------------------------------------+--------------------------------------------------------------------------------------------------------------------------------------------------------------+-------------------+
; Source Register                                                                                                                                                        ; Destination Register                                                                                                                                         ; Delay Added in ns ;
+------------------------------------------------------------------------------------------------------------------------------------------------------------------------+--------------------------------------------------------------------------------------------------------------------------------------------------------------+-------------------+
; vector_add_fpga_di_inst|lsu_ic_top_gmem|GEN_SIMPLE.lsu_ic|GEN_HYPER_PIPELINE_1.GEN_MULTIPLE_PORT.GEN_ENABLE_RD.rd_ring|GEN_ENABLE_FAST.lsu_n_fast|o_avm_waitrequest[1] ; vector_add_fpga_di_inst|lsu_ic_top_gmem|GEN_SIMPLE.lsu_ic|GEN_HYPER_PIPELINE_1.GEN_MULTIPLE_PORT.GEN_ENABLE_RD.rd_ring|GEN_ENABLE_FAST.lsu_n_fast|i67~1_ERTM ; 0.070             ;
+------------------------------------------------------------------------------------------------------------------------------------------------------------------------+--------------------------------------------------------------------------------------------------------------------------------------------------------------+-------------------+
Note: This table only shows the top 1 path(s) that have the largest delay added for hold.


--------------------------------------
; Global Router Wire Utilization Map ;
--------------------------------------
This report is unavailable in plain text report export.


+-------------------------------------------------------------------------------+
; Peak Wire Demand Summary                                                      ;
+-----------------+-----------+-----------------------------------+-------------+
; Wire            ; Direction ; Grid [(Xmin, Ymin), (Xmax, Ymax)] ; Peak Demand ;
+-----------------+-----------+-----------------------------------+-------------+
; long high speed ; right     ; [(216, 168), (227, 175)]          ; 11.458 %    ;
; long high speed ; left      ; [(228, 168), (239, 175)]          ; 43.403 %    ;
; long high speed ; up        ; [(204, 160), (215, 167)]          ; 54.167 %    ;
; long high speed ; down      ; [(216, 176), (227, 183)]          ; 98.810 %    ;
+-----------------+-----------+-----------------------------------+-------------+


+----------------------------------------------------------------------------------------------------------------------------------------------------------------------------------------------------------------------------------------------------------------------------------------------------------------------------------------------------------------------------------------------------------------------------------------------------------------------------------------------------------------------------------------------------------+
; Peak Wire Demand Details                                                                                                                                                                                                                                                                                                                                                                                                                                                                                                                                 ;
+-----------------+-----------+-----------------------------------+-------------+--------------------------------------------------------------------------------------------------------------------------------------------------------------------------------------------------------------------------------------------------------------------------------------------------------------------------------------------------------------------------------------------------------------------------------------------------------------------------+
; Wire            ; Direction ; Grid [(Xmin, Ymin), (Xmax, Ymax)] ; Peak Demand ; Net Names                                                                                                                                                                                                                                                                                                                                                                                                                                                                ;
+-----------------+-----------+-----------------------------------+-------------+--------------------------------------------------------------------------------------------------------------------------------------------------------------------------------------------------------------------------------------------------------------------------------------------------------------------------------------------------------------------------------------------------------------------------------------------------------------------------+
; long high speed ; right     ; [(216, 168), (227, 175)]          ; 11.458 %    ;    High Routing Fan-Out                                                                                                                                                                                                                                                                                                                                                                                                                                                  ;
;     --          ;           ;                                   ;             ; vector_add_fpga_di_inst|VectorAddID_std_ic_inst|VectorAddID_inst_0|kernel|theVectorAddID_function_aunroll_x|thebb_VectorAddID_B1_aunroll_x|thebb_VectorAddID_B1_stall_region|thei_llvm_fpga_mem_unnamed_vectoraddid2_vectoraddid_81_13|thei_llvm_fpga_mem_unnamed_vectoraddid2_vectoraddid_417_1gr|bursting_read|pipelined_read|GEN_WORD_OFFSET_FIFO.offset_fifo|scfifo_inst|auto_generated|dpfifo|wr_ptr|count[0]                                                       ;
;     --          ;           ;                                   ;             ; vector_add_fpga_di_inst|VectorAddID_std_ic_inst|VectorAddID_inst_0|kernel|theVectorAddID_function_aunroll_x|thebb_VectorAddID_B1_aunroll_x|thebb_VectorAddID_B1_stall_region|thei_llvm_fpga_mem_unnamed_vectoraddid2_vectoraddid_81_13|thei_llvm_fpga_mem_unnamed_vectoraddid2_vectoraddid_417_1gr|bursting_read|pipelined_read|GEN_WORD_OFFSET_FIFO.offset_fifo|scfifo_inst|auto_generated|dpfifo|wr_ptr|count[1]                                                       ;
;     --          ;           ;                                   ;             ; vector_add_fpga_di_inst|VectorAddID_std_ic_inst|VectorAddID_inst_0|kernel|theVectorAddID_function_aunroll_x|thebb_VectorAddID_B1_aunroll_x|thebb_VectorAddID_B1_stall_region|thei_llvm_fpga_mem_unnamed_vectoraddid2_vectoraddid_81_13|thei_llvm_fpga_mem_unnamed_vectoraddid2_vectoraddid_417_1gr|bursting_read|pipelined_read|GEN_WORD_OFFSET_FIFO.offset_fifo|scfifo_inst|auto_generated|dpfifo|wr_ptr|count[2]                                                       ;
;     --          ;           ;                                   ;             ; vector_add_fpga_di_inst|VectorAddID_std_ic_inst|VectorAddID_inst_0|kernel|theVectorAddID_function_aunroll_x|thebb_VectorAddID_B1_aunroll_x|thebb_VectorAddID_B1_stall_region|thei_llvm_fpga_mem_unnamed_vectoraddid2_vectoraddid_81_13|thei_llvm_fpga_mem_unnamed_vectoraddid2_vectoraddid_417_1gr|bursting_read|pipelined_read|GEN_WORD_OFFSET_FIFO.offset_fifo|scfifo_inst|auto_generated|dpfifo|wr_ptr|count[3]                                                       ;
;     --          ;           ;                                   ;             ; vector_add_fpga_di_inst|VectorAddID_std_ic_inst|VectorAddID_inst_0|kernel|theVectorAddID_function_aunroll_x|thebb_VectorAddID_B1_aunroll_x|thebb_VectorAddID_B1_stall_region|thei_llvm_fpga_mem_unnamed_vectoraddid2_vectoraddid_81_13|thei_llvm_fpga_mem_unnamed_vectoraddid2_vectoraddid_417_1gr|bursting_read|pipelined_read|GEN_WORD_OFFSET_FIFO.offset_fifo|scfifo_inst|auto_generated|dpfifo|wr_ptr|count[4]                                                       ;
;     --          ;           ;                                   ;             ; vector_add_fpga_di_inst|VectorAddID_std_ic_inst|VectorAddID_inst_0|kernel|theVectorAddID_function_aunroll_x|thebb_VectorAddID_B1_aunroll_x|thebb_VectorAddID_B1_stall_region|thei_llvm_fpga_mem_unnamed_vectoraddid2_vectoraddid_81_13|thei_llvm_fpga_mem_unnamed_vectoraddid2_vectoraddid_417_1gr|bursting_read|pipelined_read|GEN_WORD_OFFSET_FIFO.offset_fifo|scfifo_inst|auto_generated|dpfifo|FIFOram|altera_syncram_impl1|ram_block2a0~ram2mlab_port_b_address_2   ;
;     --          ;           ;                                   ;             ; vector_add_fpga_di_inst|VectorAddID_std_ic_inst|VectorAddID_inst_0|kernel|theVectorAddID_function_aunroll_x|thebb_VectorAddID_B1_aunroll_x|thebb_VectorAddID_B1_stall_region|thei_llvm_fpga_mem_unnamed_vectoraddid2_vectoraddid_81_13|thei_llvm_fpga_mem_unnamed_vectoraddid2_vectoraddid_417_1gr|bursting_read|pipelined_read|GEN_WORD_OFFSET_FIFO.offset_fifo|scfifo_inst|auto_generated|dpfifo|FIFOram|altera_syncram_impl1|ram_block2a0~ram2mlab_port_b_address_4   ;
;     --          ;           ;                                   ;             ; vector_add_fpga_di_inst|VectorAddID_std_ic_inst|VectorAddID_inst_0|kernel|theVectorAddID_function_aunroll_x|thebb_VectorAddID_B1_aunroll_x|thebb_VectorAddID_B1_stall_region|thei_llvm_fpga_mem_unnamed_vectoraddid2_vectoraddid_81_13|thei_llvm_fpga_mem_unnamed_vectoraddid2_vectoraddid_417_1gr|bursting_read|pipelined_read|GEN_WORD_OFFSET_FIFO.offset_fifo|scfifo_inst|auto_generated|dpfifo|FIFOram|altera_syncram_impl1|ram_block2a0~ram2mlab_port_b_address_3   ;
;     --          ;           ;                                   ;             ; vector_add_fpga_di_inst|VectorAddID_std_ic_inst|VectorAddID_inst_0|kernel|theVectorAddID_function_aunroll_x|thebb_VectorAddID_B1_aunroll_x|thebb_VectorAddID_B1_stall_region|thei_llvm_fpga_mem_unnamed_vectoraddid2_vectoraddid_81_13|thei_llvm_fpga_mem_unnamed_vectoraddid2_vectoraddid_417_1gr|bursting_read|pipelined_read|GEN_WORD_OFFSET_FIFO.offset_fifo|scfifo_inst|auto_generated|dpfifo|FIFOram|altera_syncram_impl1|ram_block2a0~ram2mlab_port_b_address_1   ;
;     --          ;           ;                                   ;             ; vector_add_fpga_di_inst|VectorAddID_std_ic_inst|VectorAddID_inst_0|kernel|theVectorAddID_function_aunroll_x|thebb_VectorAddID_B1_aunroll_x|thebb_VectorAddID_B1_stall_region|thei_llvm_fpga_mem_unnamed_vectoraddid2_vectoraddid_81_13|thei_llvm_fpga_mem_unnamed_vectoraddid2_vectoraddid_417_1gr|bursting_read|pipelined_read|GEN_WORD_OFFSET_FIFO.offset_fifo|scfifo_inst|auto_generated|dpfifo|FIFOram|altera_syncram_impl1|ram_block2a0~ram2mlab_port_b_address_0   ;
; long high speed ; right     ; [(216, 168), (227, 175)]          ; 11.458 %    ;    Long Distance                                                                                                                                                                                                                                                                                                                                                                                                                                                         ;
;     --          ;           ;                                   ;             ; vector_add_fpga_di_inst|VectorAddID_std_ic_inst|VectorAddID_finish_elem_inst_0|acl_reset_handler_inst|GEN_SYNCHRONIZER.synchronizer_body[1]                                                                                                                                                                                                                                                                                                                              ;
;     --          ;           ;                                   ;             ; vector_add_fpga_di_inst|VectorAddID_std_ic_inst|VectorAddID_csr_agent_reset_delay_inst|GEN_RESET_PIPELINE.pipe[5][0]                                                                                                                                                                                                                                                                                                                                                     ;
;     --          ;           ;                                   ;             ; vector_add_fpga_di_inst|VectorAddID_std_ic_inst|VectorAddID_finish_elem_inst_0|prev_has_finished~ERTM                                                                                                                                                                                                                                                                                                                                                                    ;
;     --          ;           ;                                   ;             ; vector_add_fpga_di_inst|VectorAddID_std_ic_inst|VectorAddID_task_finish_detector_inst_0|kernel_copy_finished                                                                                                                                                                                                                                                                                                                                                             ;
;     --          ;           ;                                   ;             ; vector_add_fpga_di_inst|VectorAddID_std_ic_inst|VectorAddID_inst_0|kernel|theVectorAddID_function_aunroll_x|thebb_VectorAddID_B1_aunroll_x|thebb_VectorAddID_B1_stall_region|thei_llvm_fpga_mem_memdep_vectoraddid_81_17|thei_llvm_fpga_mem_memdep_vectoraddid_462_1gr|o_active                                                                                                                                                                                          ;
;     --          ;           ;                                   ;             ; vector_add_fpga_di_inst|VectorAddID_std_ic_inst|VectorAddID_inst_0|kernel|theVectorAddID_function_aunroll_x|thebb_VectorAddID_B1_aunroll_x|thebb_VectorAddID_B1_stall_region|thei_llvm_fpga_mem_unnamed_vectoraddid2_vectoraddid_81_13|thei_llvm_fpga_mem_unnamed_vectoraddid2_vectoraddid_417_1gr|bursting_read|pipelined_read|GEN_WORD_OFFSET_FIFO.offset_fifo|scfifo_inst|auto_generated|dpfifo|FIFOram|altera_syncram_impl1|ram_block2a0~FITTER_CREATED_COMB_LOGIC_1 ;
;     --          ;           ;                                   ;             ; vector_add_fpga_di_inst|VectorAddID_std_ic_inst|VectorAddID_inst_0|kernel|theVectorAddID_function_aunroll_x|thebb_VectorAddID_B1_aunroll_x|thebb_VectorAddID_B1_stall_region|thei_llvm_fpga_mem_unnamed_vectoraddid2_vectoraddid_81_13|thei_llvm_fpga_mem_unnamed_vectoraddid2_vectoraddid_417_1gr|bursting_read|pipelined_read|GEN_WORD_OFFSET_FIFO.offset_fifo|scfifo_inst|auto_generated|dpfifo|wr_ptr|count[1]                                                       ;
;     --          ;           ;                                   ;             ; vector_add_fpga_di_inst|VectorAddID_std_ic_inst|VectorAddID_csr_agent_inst|arguments_6_buffered_q[24]                                                                                                                                                                                                                                                                                                                                                                    ;
;     --          ;           ;                                   ;             ; vector_add_fpga_di_csr_ring_root_avs_writedata_reg[34]                                                                                                                                                                                                                                                                                                                                                                                                                   ;
;     --          ;           ;                                   ;             ; vector_add_fpga_di_csr_ring_root_avs_writedata_reg[33]                                                                                                                                                                                                                                                                                                                                                                                                                   ;
; long high speed ; left      ; [(228, 168), (239, 175)]          ; 43.403 %    ;    High Routing Fan-Out                                                                                                                                                                                                                                                                                                                                                                                                                                                  ;
;     --          ;           ;                                   ;             ; vector_add_fpga_di_inst|VectorAddID_std_ic_inst|VectorAddID_csr_agent_reset_delay_inst|GEN_RESET_PIPELINE.pipe[9][0]~xsyn                                                                                                                                                                                                                                                                                                                                                ;
;     --          ;           ;                                   ;             ; vector_add_fpga_di_inst|VectorAddID_std_ic_inst|VectorAddID_csr_agent_inst|i3732~0                                                                                                                                                                                                                                                                                                                                                                                       ;
;     --          ;           ;                                   ;             ; vector_add_fpga_di_csr_ring_root_avs_writedata_reg[30]                                                                                                                                                                                                                                                                                                                                                                                                                   ;
;     --          ;           ;                                   ;             ; vector_add_fpga_di_csr_ring_root_avs_writedata_reg[29]                                                                                                                                                                                                                                                                                                                                                                                                                   ;
;     --          ;           ;                                   ;             ; vector_add_fpga_di_csr_ring_root_avs_writedata_reg[26]                                                                                                                                                                                                                                                                                                                                                                                                                   ;
;     --          ;           ;                                   ;             ; vector_add_fpga_di_csr_ring_root_avs_writedata_reg[31]                                                                                                                                                                                                                                                                                                                                                                                                                   ;
;     --          ;           ;                                   ;             ; vector_add_fpga_di_csr_ring_root_avs_writedata_reg[24]                                                                                                                                                                                                                                                                                                                                                                                                                   ;
;     --          ;           ;                                   ;             ; vector_add_fpga_di_csr_ring_root_avs_writedata_reg[27]                                                                                                                                                                                                                                                                                                                                                                                                                   ;
;     --          ;           ;                                   ;             ; vector_add_fpga_di_inst|VectorAddID_std_ic_inst|VectorAddID_csr_agent_inst|start_NO_SHIFT_REG_q[0]                                                                                                                                                                                                                                                                                                                                                                       ;
;     --          ;           ;                                   ;             ; vector_add_fpga_di_inst|VectorAddID_std_ic_inst|VectorAddID_csr_agent_inst|i6630~0                                                                                                                                                                                                                                                                                                                                                                                       ;
; long high speed ; left      ; [(228, 168), (239, 175)]          ; 43.403 %    ;    Long Distance                                                                                                                                                                                                                                                                                                                                                                                                                                                         ;
;     --          ;           ;                                   ;             ; vector_add_fpga_di_csr_ring_root_avs_writedata_reg[30]                                                                                                                                                                                                                                                                                                                                                                                                                   ;
;     --          ;           ;                                   ;             ; vector_add_fpga_di_csr_ring_root_avs_writedata_reg[29]                                                                                                                                                                                                                                                                                                                                                                                                                   ;
;     --          ;           ;                                   ;             ; vector_add_fpga_di_csr_ring_root_avs_writedata_reg[26]                                                                                                                                                                                                                                                                                                                                                                                                                   ;
;     --          ;           ;                                   ;             ; vector_add_fpga_di_csr_ring_root_avs_writedata_reg[31]                                                                                                                                                                                                                                                                                                                                                                                                                   ;
;     --          ;           ;                                   ;             ; vector_add_fpga_di_csr_ring_root_avs_writedata_reg[24]                                                                                                                                                                                                                                                                                                                                                                                                                   ;
;     --          ;           ;                                   ;             ; vector_add_fpga_di_csr_ring_root_avs_writedata_reg[27]                                                                                                                                                                                                                                                                                                                                                                                                                   ;
;     --          ;           ;                                   ;             ; vector_add_fpga_di_inst|VectorAddID_std_ic_inst|VectorAddID_csr_agent_inst|start_NO_SHIFT_REG_q[0]                                                                                                                                                                                                                                                                                                                                                                       ;
;     --          ;           ;                                   ;             ; vector_add_fpga_di_inst|VectorAddID_std_ic_inst|VectorAddID_csr_agent_inst|arguments_16_q[9]                                                                                                                                                                                                                                                                                                                                                                             ;
;     --          ;           ;                                   ;             ; vector_add_fpga_di_inst|VectorAddID_std_ic_inst|VectorAddID_csr_agent_inst|arguments_22_q[8]                                                                                                                                                                                                                                                                                                                                                                             ;
;     --          ;           ;                                   ;             ; vector_add_fpga_di_inst|VectorAddID_std_ic_inst|VectorAddID_csr_agent_inst|arguments_16_q[30]                                                                                                                                                                                                                                                                                                                                                                            ;
; long high speed ; up        ; [(204, 160), (215, 167)]          ; 54.167 %    ;    High Routing Fan-Out                                                                                                                                                                                                                                                                                                                                                                                                                                                  ;
;     --          ;           ;                                   ;             ; vector_add_fpga_di_inst|VectorAddID_std_ic_inst|VectorAddID_inst_0|kernel|theVectorAddID_function_aunroll_x|thebb_VectorAddID_B1_aunroll_x|thebb_VectorAddID_B1_stall_region|thei_llvm_fpga_mem_memdep_vectoraddid_81_17|thei_llvm_fpga_mem_memdep_vectoraddid_462_1gr|bursting_write|bursting_write|wr_page~0xsyn_2                                                                                                                                                     ;
;     --          ;           ;                                   ;             ; vector_add_fpga_di_inst|VectorAddID_std_ic_inst|VectorAddID_inst_0|kernel|theVectorAddID_function_aunroll_x|thebb_VectorAddID_B1_aunroll_x|thebb_VectorAddID_B1_stall_region|thei_llvm_fpga_mem_memdep_vectoraddid_81_17|thei_llvm_fpga_mem_memdep_vectoraddid_462_1gr|bursting_write|bursting_write|req_fifo|fifo_outer|staging_reg|r_valid                                                                                                                             ;
;     --          ;           ;                                   ;             ; vector_add_fpga_di_inst|VectorAddID_std_ic_inst|VectorAddID_inst_0|kernel|theVectorAddID_function_aunroll_x|thebb_VectorAddID_B1_aunroll_x|thebb_VectorAddID_B1_stall_region|thei_llvm_fpga_mem_memdep_vectoraddid_81_17|thei_llvm_fpga_mem_memdep_vectoraddid_462_1gr|bursting_write|bursting_write|req_fifo|fifo_inner|hld_fifo_inst|ms.acl_mid_speed_fifo_inst|try_feed_prefetch_ES                                                                                   ;
;     --          ;           ;                                   ;             ; vector_add_fpga_di_inst|VectorAddID_std_ic_inst|VectorAddID_inst_0|kernel|theVectorAddID_function_aunroll_x|thebb_VectorAddID_B1_aunroll_x|thebb_VectorAddID_B1_stall_region|thei_llvm_fpga_mem_memdep_vectoraddid_81_17|thei_llvm_fpga_mem_memdep_vectoraddid_462_1gr|bursting_write|bursting_write|i107~0                                                                                                                                                              ;
;     --          ;           ;                                   ;             ; vector_add_fpga_di_inst|VectorAddID_std_ic_inst|VectorAddID_inst_0|kernel|theVectorAddID_function_aunroll_x|thebb_VectorAddID_B1_aunroll_x|thebb_VectorAddID_B1_stall_region|thei_llvm_fpga_mem_memdep_vectoraddid_81_17|thei_llvm_fpga_mem_memdep_vectoraddid_462_1gr|bursting_write|bursting_write|wr_page~0xsyn                                                                                                                                                       ;
;     --          ;           ;                                   ;             ; vector_add_fpga_di_inst|lsu_ic_top_gmem|GEN_SIMPLE.lsu_ic|GEN_HYPER_PIPELINE_1.GEN_MULTIPLE_PORT.GEN_ENABLE_WRITE_RING.GEN_SINGLE_WR_RING.wr_ring|GEN_DISABLE_FAST.GEN_IC[0].ic|o_avm_waitrequest_1                                                                                                                                                                                                                                                                      ;
;     --          ;           ;                                   ;             ; vector_add_fpga_di_inst|VectorAddID_std_ic_inst|VectorAddID_inst_0|kernel|theVectorAddID_function_aunroll_x|thebb_VectorAddID_B1_aunroll_x|thebb_VectorAddID_B1_stall_region|thei_llvm_fpga_mem_memdep_vectoraddid_81_17|thei_llvm_fpga_mem_memdep_vectoraddid_462_1gr|bursting_write|bursting_write|acl_reset_handler_inst|GEN_RESET_PIPELINE.pipe[0][0]                                                                                                                ;
;     --          ;           ;                                   ;             ; vector_add_fpga_di_inst|lsu_ic_top_gmem|GEN_SIMPLE.lsu_ic|GEN_HYPER_PIPELINE_1.GEN_MULTIPLE_PORT.GEN_ENABLE_WRITE_RING.GEN_SINGLE_WR_RING.wr_ring|GEN_DISABLE_FAST.GEN_IC[0].ic|active[0]~xsyn                                                                                                                                                                                                                                                                           ;
;     --          ;           ;                                   ;             ; sync_resetn[2]                                                                                                                                                                                                                                                                                                                                                                                                                                                           ;
;     --          ;           ;                                   ;             ; vector_add_fpga_di_inst|VectorAddID_std_ic_inst|VectorAddID_inst_0|kernel|theVectorAddID_function_aunroll_x|thebb_VectorAddID_B1_aunroll_x|thebb_VectorAddID_B1_stall_region|thei_llvm_fpga_mem_memdep_vectoraddid_81_17|thei_llvm_fpga_mem_memdep_vectoraddid_462_1gr|bursting_write|bursting_write|coalescer|valid                                                                                                                                                     ;
; long high speed ; up        ; [(204, 160), (215, 167)]          ; 54.167 %    ;    Long Distance                                                                                                                                                                                                                                                                                                                                                                                                                                                         ;
;     --          ;           ;                                   ;             ; vector_add_fpga_di_inst|VectorAddID_std_ic_inst|VectorAddID_inst_0|kernel|theVectorAddID_function_aunroll_x|thebb_VectorAddID_B1_aunroll_x|thebb_VectorAddID_B1_stall_region|thei_llvm_fpga_mem_memdep_vectoraddid_81_17|therst_sync|GEN_RESET_PIPELINE.pipe[2][0]                                                                                                                                                                                                       ;
;     --          ;           ;                                   ;             ; vector_add_fpga_di_inst|VectorAddID_std_ic_inst|VectorAddID_inst_0|kernel|theVectorAddID_function_aunroll_x|thebb_VectorAddID_B1_aunroll_x|thebb_VectorAddID_B1_stall_region|thei_llvm_fpga_mem_memdep_vectoraddid_81_17|thei_llvm_fpga_mem_memdep_vectoraddid_462_1gr|bursting_write|o_stall~0xsyn_2                                                                                                                                                                    ;
;     --          ;           ;                                   ;             ; vector_add_fpga_di_inst|VectorAddID_std_ic_inst|VectorAddID_inst_0|kernel|theVectorAddID_function_aunroll_x|thebb_VectorAddID_B1_aunroll_x|thebb_VectorAddID_B1_stall_region|thei_llvm_fpga_mem_memdep_vectoraddid_81_17|thei_llvm_fpga_mem_memdep_vectoraddid_462_1gr|bursting_write|bursting_write|acl_reset_handler_inst|GEN_RESET_PIPELINE.pipe[0][0]~xsyn                                                                                                           ;
;     --          ;           ;                                   ;             ; vector_add_fpga_di_inst|VectorAddID_std_ic_inst|VectorAddID_inst_0|kernel|theVectorAddID_function_aunroll_x|thebb_VectorAddID_B1_aunroll_x|thebb_VectorAddID_B1_stall_region|thei_llvm_fpga_mem_memdep_vectoraddid_81_17|thei_llvm_fpga_mem_memdep_vectoraddid_462_1gr|bursting_write|bursting_write|occ_counter[7]                                                                                                                                                      ;
;     --          ;           ;                                   ;             ; vector_add_fpga_di_inst|VectorAddID_std_ic_inst|VectorAddID_inst_0|kernel|theVectorAddID_function_aunroll_x|thebb_VectorAddID_B1_aunroll_x|thebb_VectorAddID_B1_stall_region|thei_llvm_fpga_mem_memdep_vectoraddid_81_17|thei_llvm_fpga_mem_memdep_vectoraddid_462_1gr|bursting_write|reg_common_burst                                                                                                                                                                   ;
;     --          ;           ;                                   ;             ; vector_add_fpga_di_inst|VectorAddID_std_ic_inst|VectorAddID_inst_0|kernel|theVectorAddID_function_aunroll_x|thebb_VectorAddID_B1_aunroll_x|thebb_VectorAddID_B1_stall_region|thei_llvm_fpga_mem_memdep_vectoraddid_81_17|thei_llvm_fpga_mem_memdep_vectoraddid_462_1gr|bursting_write|bursting_write|req_fifo|fifo_outer|fifo|do_stall                                                                                                                                   ;
;     --          ;           ;                                   ;             ; sync_resetn[2]                                                                                                                                                                                                                                                                                                                                                                                                                                                           ;
;     --          ;           ;                                   ;             ; vector_add_fpga_di_inst|lsu_ic_top_gmem|GEN_SIMPLE.lsu_ic|GEN_HYPER_PIPELINE_1.GEN_MULTIPLE_PORT.GEN_ENABLE_WRITE_RING.GEN_SINGLE_WR_RING.wr_ring|GEN_DISABLE_FAST.GEN_IC[0].ic|active[0]~xsyn                                                                                                                                                                                                                                                                           ;
;     --          ;           ;                                   ;             ; vector_add_fpga_di_inst|VectorAddID_std_ic_inst|VectorAddID_inst_0|kernel|theVectorAddID_function_aunroll_x|thebb_VectorAddID_B1_aunroll_x|thebb_VectorAddID_B1_stall_region|thei_llvm_fpga_mem_memdep_vectoraddid_81_17|thei_llvm_fpga_mem_memdep_vectoraddid_462_1gr|bursting_write|bursting_write|acl_reset_handler_inst|GEN_RESET_PIPELINE.pipe[0][0]                                                                                                                ;
;     --          ;           ;                                   ;             ; vector_add_fpga_di_inst|VectorAddID_std_ic_inst|VectorAddID_inst_0|kernel|theVectorAddID_function_aunroll_x|thebb_VectorAddID_B1_aunroll_x|thebb_VectorAddID_B1_stall_region|thei_llvm_fpga_mem_memdep_vectoraddid_81_17|thei_llvm_fpga_mem_memdep_vectoraddid_462_1gr|bursting_write|bursting_write|req_fifo|fifo_outer|staging_reg|r_valid                                                                                                                             ;
; long high speed ; down      ; [(216, 176), (227, 183)]          ; 98.810 %    ;    High Routing Fan-Out                                                                                                                                                                                                                                                                                                                                                                                                                                                  ;
;     --          ;           ;                                   ;             ; vector_add_fpga_di_inst|lsu_ic_top_gmem|GEN_SIMPLE.lsu_ic|GEN_HYPER_PIPELINE_1.R_avm_readdatavalid[1]                                                                                                                                                                                                                                                                                                                                                                    ;
;     --          ;           ;                                   ;             ; vector_add_fpga_di_inst|lsu_ic_top_gmem|GEN_SIMPLE.lsu_ic|GEN_HYPER_PIPELINE_1.GEN_MULTIPLE_PORT.GEN_ENABLE_RD.rd_ring|GEN_ENABLE_FAST.lsu_n_fast|ptr[0]                                                                                                                                                                                                                                                                                                                 ;
;     --          ;           ;                                   ;             ; vector_add_fpga_di_inst|VectorAddID_std_ic_inst|VectorAddID_inst_0|kernel|theVectorAddID_function_aunroll_x|thebb_VectorAddID_B1_aunroll_x|thebb_VectorAddID_B1_stall_region|thei_llvm_fpga_mem_unnamed_vectoraddid1_vectoraddid_81_12|thei_llvm_fpga_mem_unnamed_vectoraddid1_vectoraddid_393_1gr|bursting_read|pipelined_read|R_offset[0]                                                                                                                              ;
;     --          ;           ;                                   ;             ; vector_add_fpga_di_inst|lsu_ic_top_gmem|GEN_SIMPLE.lsu_ic|GEN_HYPER_PIPELINE_1.GEN_MULTIPLE_PORT.GEN_ENABLE_RD.rd_ring|GEN_ENABLE_FAST.lsu_n_fast|o_avm_waitrequest[1]                                                                                                                                                                                                                                                                                                   ;
;     --          ;           ;                                   ;             ; vector_add_fpga_di_inst|VectorAddID_std_ic_inst|VectorAddID_inst_0|kernel|theVectorAddID_function_aunroll_x|thebb_VectorAddID_B1_aunroll_x|thebb_VectorAddID_B1_stall_region|thei_llvm_fpga_mem_unnamed_vectoraddid1_vectoraddid_81_12|thei_llvm_fpga_mem_unnamed_vectoraddid1_vectoraddid_393_1gr|bursting_read|pipelined_read|o_stall~RTMUX                                                                                                                            ;
;     --          ;           ;                                   ;             ; vector_add_fpga_di_inst|lsu_ic_top_gmem|GEN_SIMPLE.lsu_ic|GEN_HYPER_PIPELINE_1.R_avm_readdata[0][45]                                                                                                                                                                                                                                                                                                                                                                     ;
;     --          ;           ;                                   ;             ; vector_add_fpga_di_inst|lsu_ic_top_gmem|GEN_SIMPLE.lsu_ic|GEN_HYPER_PIPELINE_1.R_avm_readdata[0][7]                                                                                                                                                                                                                                                                                                                                                                      ;
;     --          ;           ;                                   ;             ; vector_add_fpga_di_inst|lsu_ic_top_gmem|GEN_SIMPLE.lsu_ic|GEN_HYPER_PIPELINE_1.R_avm_readdata[0][52]                                                                                                                                                                                                                                                                                                                                                                     ;
;     --          ;           ;                                   ;             ; vector_add_fpga_di_inst|lsu_ic_top_gmem|GEN_SIMPLE.lsu_ic|GEN_HYPER_PIPELINE_1.R_avm_readdata[0][19]                                                                                                                                                                                                                                                                                                                                                                     ;
;     --          ;           ;                                   ;             ; vector_add_fpga_di_inst|lsu_ic_top_gmem|GEN_SIMPLE.lsu_ic|GEN_HYPER_PIPELINE_1.R_avm_readdata[0][51]                                                                                                                                                                                                                                                                                                                                                                     ;
; long high speed ; down      ; [(216, 176), (227, 183)]          ; 98.810 %    ;    Long Distance                                                                                                                                                                                                                                                                                                                                                                                                                                                         ;
;     --          ;           ;                                   ;             ; vector_add_fpga_di_inst|VectorAddID_std_ic_inst|VectorAddID_inst_0|kernel|theVectorAddID_function_aunroll_x|thebb_VectorAddID_B1_aunroll_x|thebb_VectorAddID_B1_stall_region|thei_llvm_fpga_mem_unnamed_vectoraddid1_vectoraddid_81_12|thei_llvm_fpga_mem_unnamed_vectoraddid1_vectoraddid_393_1gr|bursting_read|pipelined_read|rd_back_wfifo|scfifo_inst|auto_generated|dpfifo|FIFOram|altera_syncram_impl1|q_b[53]                                                     ;
;     --          ;           ;                                   ;             ; vector_add_fpga_di_inst|VectorAddID_std_ic_inst|VectorAddID_inst_0|kernel|theVectorAddID_function_aunroll_x|thebb_VectorAddID_B1_aunroll_x|thebb_VectorAddID_B1_stall_region|thei_llvm_fpga_mem_unnamed_vectoraddid1_vectoraddid_81_12|thei_llvm_fpga_mem_unnamed_vectoraddid1_vectoraddid_393_1gr|bursting_read|pipelined_read|rd_request_fifo|scfifo_inst|auto_generated|dpfifo|FIFOram|altera_syncram_impl1|q_b[15]                                                   ;
;     --          ;           ;                                   ;             ; vector_add_fpga_di_inst|VectorAddID_std_ic_inst|VectorAddID_inst_0|kernel|theVectorAddID_function_aunroll_x|thebb_VectorAddID_B1_aunroll_x|thebb_VectorAddID_B1_stall_region|thei_llvm_fpga_mem_unnamed_vectoraddid1_vectoraddid_81_12|thei_llvm_fpga_mem_unnamed_vectoraddid1_vectoraddid_393_1gr|bursting_read|pipelined_read|rd_request_fifo|scfifo_inst|auto_generated|dpfifo|FIFOram|altera_syncram_impl1|q_b[8]                                                    ;
;     --          ;           ;                                   ;             ; vector_add_fpga_di_inst|VectorAddID_std_ic_inst|VectorAddID_inst_0|kernel|theVectorAddID_function_aunroll_x|thebb_VectorAddID_B1_aunroll_x|thebb_VectorAddID_B1_stall_region|thei_llvm_fpga_mem_unnamed_vectoraddid1_vectoraddid_81_12|thei_llvm_fpga_mem_unnamed_vectoraddid1_vectoraddid_393_1gr|bursting_read|pipelined_read|rd_back_wfifo|scfifo_inst|auto_generated|dpfifo|FIFOram|altera_syncram_impl1|q_b[31]                                                     ;
;     --          ;           ;                                   ;             ; vector_add_fpga_di_inst|VectorAddID_std_ic_inst|VectorAddID_inst_0|kernel|theVectorAddID_function_aunroll_x|thebb_VectorAddID_B1_aunroll_x|thebb_VectorAddID_B1_stall_region|thei_llvm_fpga_mem_unnamed_vectoraddid1_vectoraddid_81_12|thei_llvm_fpga_mem_unnamed_vectoraddid1_vectoraddid_393_1gr|bursting_read|pipelined_read|rd_back_wfifo|scfifo_inst|auto_generated|dpfifo|FIFOram|altera_syncram_impl1|q_b[63]                                                     ;
;     --          ;           ;                                   ;             ; vector_add_fpga_di_inst|VectorAddID_std_ic_inst|VectorAddID_inst_0|kernel|theVectorAddID_function_aunroll_x|thebb_VectorAddID_B1_aunroll_x|thebb_VectorAddID_B1_stall_region|thei_llvm_fpga_mem_unnamed_vectoraddid1_vectoraddid_81_12|thei_llvm_fpga_mem_unnamed_vectoraddid1_vectoraddid_393_1gr|bursting_read|pipelined_read|rd_request_fifo|scfifo_inst|auto_generated|dpfifo|FIFOram|altera_syncram_impl1|q_b[9]                                                    ;
;     --          ;           ;                                   ;             ; vector_add_fpga_di_inst|VectorAddID_std_ic_inst|VectorAddID_inst_0|kernel|theVectorAddID_function_aunroll_x|thebb_VectorAddID_B1_aunroll_x|thebb_VectorAddID_B1_stall_region|thei_llvm_fpga_mem_unnamed_vectoraddid1_vectoraddid_81_12|thei_llvm_fpga_mem_unnamed_vectoraddid1_vectoraddid_393_1gr|bursting_read|pipelined_read|rd_request_fifo|scfifo_inst|auto_generated|dpfifo|FIFOram|altera_syncram_impl1|q_b[10]                                                   ;
;     --          ;           ;                                   ;             ; vector_add_fpga_di_inst|VectorAddID_std_ic_inst|VectorAddID_inst_0|kernel|theVectorAddID_function_aunroll_x|thebb_VectorAddID_B1_aunroll_x|thebb_VectorAddID_B1_stall_region|thei_llvm_fpga_mem_unnamed_vectoraddid1_vectoraddid_81_12|thei_llvm_fpga_mem_unnamed_vectoraddid1_vectoraddid_393_1gr|bursting_read|pipelined_read|rd_back_wfifo|scfifo_inst|auto_generated|dpfifo|FIFOram|altera_syncram_impl1|q_b[30]                                                     ;
;     --          ;           ;                                   ;             ; vector_add_fpga_di_inst|VectorAddID_std_ic_inst|VectorAddID_inst_0|kernel|theVectorAddID_function_aunroll_x|thebb_VectorAddID_B1_aunroll_x|thebb_VectorAddID_B1_stall_region|thei_llvm_fpga_mem_unnamed_vectoraddid1_vectoraddid_81_12|thei_llvm_fpga_mem_unnamed_vectoraddid1_vectoraddid_393_1gr|bursting_read|pipelined_read|rd_back_wfifo|scfifo_inst|auto_generated|dpfifo|FIFOram|altera_syncram_impl1|q_b[62]                                                     ;
;     --          ;           ;                                   ;             ; vector_add_fpga_di_inst|VectorAddID_std_ic_inst|VectorAddID_inst_0|kernel|theVectorAddID_function_aunroll_x|thebb_VectorAddID_B1_aunroll_x|thebb_VectorAddID_B1_stall_region|thei_llvm_fpga_mem_unnamed_vectoraddid1_vectoraddid_81_12|thei_llvm_fpga_mem_unnamed_vectoraddid1_vectoraddid_393_1gr|bursting_read|pipelined_read|rd_request_fifo|scfifo_inst|auto_generated|dpfifo|FIFOram|altera_syncram_impl1|q_b[11]                                                   ;
+-----------------+-----------+-----------------------------------+-------------+--------------------------------------------------------------------------------------------------------------------------------------------------------------------------------------------------------------------------------------------------------------------------------------------------------------------------------------------------------------------------------------------------------------------------------------------------------------------------+


+-----------------------------------------------------------------------------------------------------------------------------------------------------------------------------------------------------------------------------------------------------------------------------------------------------------------------------------------------------------------------------------------------------------------------------------------------------------------------------------------------+
; Peak Total Grid Crossings                                                                                                                                                                                                                                                                                                                                                                                                                                                                     ;
+------------------------------------------------------------------------------------------------------------------------------------------------------------------------------------------------------------------------------------------------------------------------------------------------------------------------------------------------------------------------------------------------------------------------------------------------------------------------+----------------------+
; Net Name                                                                                                                                                                                                                                                                                                                                                                                                                                                               ; Total Grid Crossings ;
+------------------------------------------------------------------------------------------------------------------------------------------------------------------------------------------------------------------------------------------------------------------------------------------------------------------------------------------------------------------------------------------------------------------------------------------------------------------------+----------------------+
; sync_resetn[2]                                                                                                                                                                                                                                                                                                                                                                                                                                                         ; 3                    ;
; vector_add_fpga_di_inst|VectorAddID_std_ic_inst|VectorAddID_inst_0|kernel|theVectorAddID_function_aunroll_x|thebb_VectorAddID_B1_aunroll_x|thebb_VectorAddID_B1_stall_region|thei_llvm_fpga_mem_memdep_vectoraddid_81_17|thei_llvm_fpga_mem_memdep_vectoraddid_462_1gr|bursting_write|reg_lsu_i_address[2]                                                                                                                                                             ; 3                    ;
; vector_add_fpga_di_inst|VectorAddID_std_ic_inst|VectorAddID_inst_0|kernel|theVectorAddID_function_aunroll_x|thebb_VectorAddID_B1_aunroll_x|thebb_VectorAddID_B1_stall_region|thei_llvm_fpga_mem_memdep_vectoraddid_81_17|thei_llvm_fpga_mem_memdep_vectoraddid_462_1gr|bursting_write|o_stall~0xsyn_2                                                                                                                                                                  ; 3                    ;
; vector_add_fpga_di_inst|VectorAddID_std_ic_inst|VectorAddID_csr_agent_reset_delay_inst|GEN_RESET_PIPELINE.pipe[5][0]                                                                                                                                                                                                                                                                                                                                                   ; 2                    ;
; vector_add_fpga_di_inst|VectorAddID_std_ic_inst|VectorAddID_csr_agent_inst|arguments_16_q[23]                                                                                                                                                                                                                                                                                                                                                                          ; 2                    ;
; vector_add_fpga_di_inst|VectorAddID_std_ic_inst|VectorAddID_csr_agent_inst|arguments_16_q[16]                                                                                                                                                                                                                                                                                                                                                                          ; 2                    ;
; vector_add_fpga_di_inst|VectorAddID_std_ic_inst|VectorAddID_csr_agent_inst|arguments_16_q[20]                                                                                                                                                                                                                                                                                                                                                                          ; 2                    ;
; vector_add_fpga_di_inst|VectorAddID_std_ic_inst|VectorAddID_csr_agent_inst|arguments_16_q[19]                                                                                                                                                                                                                                                                                                                                                                          ; 2                    ;
; vector_add_fpga_di_inst|VectorAddID_std_ic_inst|VectorAddID_csr_agent_inst|arguments_16_q[21]                                                                                                                                                                                                                                                                                                                                                                          ; 2                    ;
; vector_add_fpga_di_csr_ring_root_avs_writedata_reg[27]                                                                                                                                                                                                                                                                                                                                                                                                                 ; 2                    ;
; vector_add_fpga_di_csr_ring_root_avs_writedata_reg[24]                                                                                                                                                                                                                                                                                                                                                                                                                 ; 2                    ;
; vector_add_fpga_di_csr_ring_root_avs_writedata_reg[31]                                                                                                                                                                                                                                                                                                                                                                                                                 ; 2                    ;
; vector_add_fpga_di_inst|VectorAddID_std_ic_inst|VectorAddID_csr_agent_inst|arguments_16_q[18]                                                                                                                                                                                                                                                                                                                                                                          ; 2                    ;
; vector_add_fpga_di_inst|VectorAddID_std_ic_inst|VectorAddID_csr_agent_inst|arguments_16_q[17]                                                                                                                                                                                                                                                                                                                                                                          ; 2                    ;
; vector_add_fpga_di_inst|VectorAddID_std_ic_inst|VectorAddID_csr_agent_inst|arguments_16_q[22]                                                                                                                                                                                                                                                                                                                                                                          ; 2                    ;
; vector_add_fpga_di_inst|lsu_ic_top_gmem|GEN_SIMPLE.lsu_ic|GEN_HYPER_PIPELINE_1.GEN_MULTIPLE_PORT.GEN_ENABLE_RD.rd_ring|GEN_ENABLE_FAST.lsu_n_fast|ptr[0]                                                                                                                                                                                                                                                                                                               ; 2                    ;
; vector_add_fpga_di_inst|VectorAddID_std_ic_inst|VectorAddID_inst_0|kernel|theVectorAddID_function_aunroll_x|thebb_VectorAddID_B1_aunroll_x|thebb_VectorAddID_B1_stall_region|thei_llvm_fpga_mem_memdep_vectoraddid_81_17|thei_llvm_fpga_mem_memdep_vectoraddid_462_1gr|bursting_write|bursting_write|coalescer|acl_reset_handler_inst|GEN_RESET_PIPELINE.pipe[0][0]~xsyn                                                                                               ; 2                    ;
; vector_add_fpga_di_inst|VectorAddID_std_ic_inst|VectorAddID_inst_0|kernel|theVectorAddID_function_aunroll_x|thebb_VectorAddID_B1_aunroll_x|thebb_VectorAddID_B1_stall_region|thei_llvm_fpga_mem_memdep_vectoraddid_81_17|thei_llvm_fpga_mem_memdep_vectoraddid_462_1gr|bursting_write|bursting_write|coalescer|i325~0                                                                                                                                                  ; 2                    ;
; vector_add_fpga_di_inst|VectorAddID_std_ic_inst|VectorAddID_inst_0|kernel|theVectorAddID_function_aunroll_x|thebb_VectorAddID_B1_aunroll_x|thebb_VectorAddID_B1_stall_region|thei_llvm_fpga_mem_memdep_vectoraddid_81_17|therst_sync|GEN_RESET_PIPELINE.pipe[2][0]                                                                                                                                                                                                     ; 2                    ;
; vector_add_fpga_di_inst|VectorAddID_std_ic_inst|VectorAddID_inst_0|kernel|theVectorAddID_function_aunroll_x|thebb_VectorAddID_B1_aunroll_x|thebb_VectorAddID_B1_stall_region|thei_llvm_fpga_mem_memdep_vectoraddid_81_17|thei_llvm_fpga_mem_memdep_vectoraddid_462_1gr|bursting_write|bursting_write|w_fifo_full~0                                                                                                                                                     ; 2                    ;
; vector_add_fpga_di_inst|VectorAddID_std_ic_inst|VectorAddID_inst_0|kernel|theVectorAddID_function_aunroll_x|thebb_VectorAddID_B1_aunroll_x|thebb_VectorAddID_B1_stall_region|thei_llvm_fpga_mem_memdep_vectoraddid_81_17|thei_llvm_fpga_mem_memdep_vectoraddid_462_1gr|bursting_write|reg_common_burst                                                                                                                                                                 ; 2                    ;
; vector_add_fpga_di_inst|VectorAddID_std_ic_inst|VectorAddID_inst_0|kernel|theVectorAddID_function_aunroll_x|thebb_VectorAddID_B1_aunroll_x|thebb_VectorAddID_B1_stall_region|thei_llvm_fpga_mem_memdep_vectoraddid_81_17|thei_llvm_fpga_mem_memdep_vectoraddid_462_1gr|bursting_write|o_stall~0xsyn                                                                                                                                                                    ; 2                    ;
; vector_add_fpga_di_inst|VectorAddID_std_ic_inst|VectorAddID_inst_0|kernel|theVectorAddID_function_aunroll_x|thebb_VectorAddID_B1_aunroll_x|thebb_VectorAddID_B1_stall_region|thei_llvm_fpga_mem_memdep_vectoraddid_81_17|thei_llvm_fpga_mem_memdep_vectoraddid_462_1gr|bursting_write|bursting_write|occ_counter[7]                                                                                                                                                    ; 2                    ;
; vector_add_fpga_di_inst|VectorAddID_std_ic_inst|VectorAddID_inst_0|kernel|theVectorAddID_function_aunroll_x|thebb_VectorAddID_B1_aunroll_x|thebb_VectorAddID_B1_stall_region|thei_llvm_fpga_mem_memdep_vectoraddid_81_17|thei_llvm_fpga_mem_memdep_vectoraddid_462_1gr|bursting_write|reg_lsu_i_valid                                                                                                                                                                  ; 2                    ;
; vector_add_fpga_di_inst|VectorAddID_std_ic_inst|VectorAddID_inst_0|kernel|theVectorAddID_function_aunroll_x|thebb_VectorAddID_B1_aunroll_x|thebb_VectorAddID_B1_stall_region|thei_llvm_fpga_mem_memdep_vectoraddid_81_17|thei_llvm_fpga_mem_memdep_vectoraddid_462_1gr|bursting_write|bursting_write|req_fifo|fifo_outer|staging_reg|r_valid                                                                                                                           ; 2                    ;
; vector_add_fpga_di_inst|VectorAddID_std_ic_inst|VectorAddID_inst_0|kernel|theVectorAddID_function_aunroll_x|thebb_VectorAddID_B1_aunroll_x|thebb_VectorAddID_B1_stall_region|thei_llvm_fpga_mem_memdep_vectoraddid_81_17|thei_llvm_fpga_mem_memdep_vectoraddid_462_1gr|bursting_write|bursting_write|req_fifo|fifo_outer|fifo|do_stall                                                                                                                                 ; 2                    ;
; vector_add_fpga_di_inst|VectorAddID_std_ic_inst|VectorAddID_inst_0|kernel|theVectorAddID_function_aunroll_x|thebb_VectorAddID_B1_aunroll_x|thebb_VectorAddID_B1_stall_region|thei_llvm_fpga_mem_memdep_vectoraddid_81_17|thei_llvm_fpga_mem_memdep_vectoraddid_462_1gr|bursting_write|bursting_write|req_fifo|fifo_outer|staging_reg|r_valid~xsyn                                                                                                                      ; 2                    ;
; vector_add_fpga_di_inst|lsu_ic_top_gmem|GEN_SIMPLE.lsu_ic|GEN_HYPER_PIPELINE_1.GEN_MULTIPLE_PORT.GEN_ENABLE_WRITE_RING.GEN_SINGLE_WR_RING.wr_ring|GEN_DISABLE_FAST.GEN_IC[0].ic|active[0]~xsyn                                                                                                                                                                                                                                                                         ; 2                    ;
; vector_add_fpga_di_inst|VectorAddID_std_ic_inst|VectorAddID_inst_0|kernel|theVectorAddID_function_aunroll_x|thebb_VectorAddID_B1_aunroll_x|thebb_VectorAddID_B1_stall_region|thei_llvm_fpga_mem_memdep_vectoraddid_81_17|thei_llvm_fpga_mem_memdep_vectoraddid_462_1gr|bursting_write|bursting_write|acl_reset_handler_inst|GEN_RESET_PIPELINE.pipe[0][0]                                                                                                              ; 2                    ;
; vector_add_fpga_di_inst|lsu_ic_top_gmem|GEN_SIMPLE.lsu_ic|GEN_HYPER_PIPELINE_1.GEN_MULTIPLE_PORT.GEN_ENABLE_WRITE_RING.GEN_SINGLE_WR_RING.wr_ring|GEN_DISABLE_FAST.GEN_IC[0].ic|o_avm_write~ERTM                                                                                                                                                                                                                                                                       ; 2                    ;
; vector_add_fpga_di_inst|VectorAddID_std_ic_inst|VectorAddID_inst_0|kernel|theVectorAddID_function_aunroll_x|thebb_VectorAddID_B1_aunroll_x|thebb_VectorAddID_B1_stall_region|thei_llvm_fpga_mem_memdep_vectoraddid_81_17|thei_llvm_fpga_mem_memdep_vectoraddid_462_1gr|bursting_write|bursting_write|i107~0                                                                                                                                                            ; 2                    ;
; vector_add_fpga_di_inst|VectorAddID_std_ic_inst|VectorAddID_inst_0|kernel|theVectorAddID_function_aunroll_x|thebb_VectorAddID_B1_aunroll_x|thebb_VectorAddID_B1_stall_region|thei_llvm_fpga_mem_memdep_vectoraddid_81_17|thei_llvm_fpga_mem_memdep_vectoraddid_462_1gr|bursting_write|bursting_write|acl_has_pending_write_inst|o_has_pending_write                                                                                                                    ; 2                    ;
; vector_add_fpga_di_inst|VectorAddID_std_ic_inst|VectorAddID_inst_0|kernel|theVectorAddID_function_aunroll_x|thebb_VectorAddID_B1_aunroll_x|thebb_VectorAddID_B1_stall_region|thei_llvm_fpga_mem_memdep_vectoraddid_81_17|thei_llvm_fpga_mem_memdep_vectoraddid_462_1gr|bursting_write|bursting_write|acl_reset_handler_inst|GEN_RESET_PIPELINE.pipe[0][0]~xsyn                                                                                                         ; 2                    ;
; vector_add_fpga_di_csr_ring_root_avs_writedata_reg[26]                                                                                                                                                                                                                                                                                                                                                                                                                 ; 2                    ;
; vector_add_fpga_di_csr_ring_root_avs_writedata_reg[30]                                                                                                                                                                                                                                                                                                                                                                                                                 ; 2                    ;
; vector_add_fpga_di_csr_ring_root_avs_writedata_reg[29]                                                                                                                                                                                                                                                                                                                                                                                                                 ; 2                    ;
; vector_add_fpga_di_inst|VectorAddID_std_ic_inst|VectorAddID_finish_elem_inst_0|acl_reset_handler_inst|GEN_SYNCHRONIZER.synchronizer_body[1]                                                                                                                                                                                                                                                                                                                            ; 2                    ;
; vector_add_fpga_di_inst|VectorAddID_std_ic_inst|VectorAddID_finish_elem_inst_0|prev_has_finished~ERTM                                                                                                                                                                                                                                                                                                                                                                  ; 2                    ;
; vector_add_fpga_di_inst|VectorAddID_std_ic_inst|VectorAddID_task_finish_detector_inst_0|kernel_copy_finished                                                                                                                                                                                                                                                                                                                                                           ; 2                    ;
; vector_add_fpga_di_inst|VectorAddID_std_ic_inst|VectorAddID_inst_0|kernel|theVectorAddID_function_aunroll_x|thebb_VectorAddID_B1_aunroll_x|thebb_VectorAddID_B1_stall_region|thei_llvm_fpga_mem_memdep_vectoraddid_81_17|thei_llvm_fpga_mem_memdep_vectoraddid_462_1gr|o_active                                                                                                                                                                                        ; 2                    ;
; vector_add_fpga_di_inst|VectorAddID_std_ic_inst|VectorAddID_csr_agent_inst|start_NO_SHIFT_REG_q[0]                                                                                                                                                                                                                                                                                                                                                                     ; 2                    ;
; vector_add_fpga_di_inst|VectorAddID_std_ic_inst|VectorAddID_csr_agent_reset_delay_inst|GEN_RESET_PIPELINE.pipe[9][0]~xsyn                                                                                                                                                                                                                                                                                                                                              ; 2                    ;
; vector_add_fpga_di_inst|VectorAddID_std_ic_inst|VectorAddID_csr_agent_inst|i3732~0                                                                                                                                                                                                                                                                                                                                                                                     ; 2                    ;
; vector_add_fpga_di_inst|VectorAddID_std_ic_inst|VectorAddID_inst_0|kernel|theVectorAddID_function_aunroll_x|thebb_VectorAddID_B1_aunroll_x|thebb_VectorAddID_B1_stall_region|thei_llvm_fpga_mem_unnamed_vectoraddid2_vectoraddid_81_13|thei_llvm_fpga_mem_unnamed_vectoraddid2_vectoraddid_417_1gr|bursting_read|c_word_offset[0]                                                                                                                                      ; 2                    ;
; vector_add_fpga_di_inst|VectorAddID_std_ic_inst|VectorAddID_inst_0|kernel|theVectorAddID_function_aunroll_x|thebb_VectorAddID_B1_aunroll_x|thebb_VectorAddID_B1_stall_region|thei_llvm_fpga_mem_unnamed_vectoraddid2_vectoraddid_81_13|thei_llvm_fpga_mem_unnamed_vectoraddid2_vectoraddid_417_1gr|bursting_read|pipelined_read|GEN_WORD_OFFSET_FIFO.offset_fifo|scfifo_inst|auto_generated|dpfifo|FIFOram|altera_syncram_impl1|ram_block2a0~ram2mlab_port_b_address_4 ; 2                    ;
; vector_add_fpga_di_inst|VectorAddID_std_ic_inst|VectorAddID_inst_0|kernel|theVectorAddID_function_aunroll_x|thebb_VectorAddID_B1_aunroll_x|thebb_VectorAddID_B1_stall_region|thei_llvm_fpga_mem_unnamed_vectoraddid2_vectoraddid_81_13|thei_llvm_fpga_mem_unnamed_vectoraddid2_vectoraddid_417_1gr|bursting_read|pipelined_read|GEN_WORD_OFFSET_FIFO.offset_fifo|scfifo_inst|auto_generated|dpfifo|FIFOram|altera_syncram_impl1|ram_block2a0~ram2mlab_port_b_address_3 ; 2                    ;
; vector_add_fpga_di_inst|VectorAddID_std_ic_inst|VectorAddID_inst_0|kernel|theVectorAddID_function_aunroll_x|thebb_VectorAddID_B1_aunroll_x|thebb_VectorAddID_B1_stall_region|thei_llvm_fpga_mem_unnamed_vectoraddid2_vectoraddid_81_13|thei_llvm_fpga_mem_unnamed_vectoraddid2_vectoraddid_417_1gr|bursting_read|pipelined_read|GEN_WORD_OFFSET_FIFO.offset_fifo|scfifo_inst|auto_generated|dpfifo|FIFOram|altera_syncram_impl1|ram_block2a0~ram2mlab_port_b_address_2 ; 2                    ;
; vector_add_fpga_di_inst|VectorAddID_std_ic_inst|VectorAddID_inst_0|kernel|theVectorAddID_function_aunroll_x|thebb_VectorAddID_B1_aunroll_x|thebb_VectorAddID_B1_stall_region|thei_llvm_fpga_mem_unnamed_vectoraddid2_vectoraddid_81_13|thei_llvm_fpga_mem_unnamed_vectoraddid2_vectoraddid_417_1gr|bursting_read|pipelined_read|GEN_WORD_OFFSET_FIFO.offset_fifo|scfifo_inst|auto_generated|dpfifo|FIFOram|altera_syncram_impl1|ram_block2a0~ram2mlab_port_b_address_1 ; 2                    ;
; vector_add_fpga_di_inst|VectorAddID_std_ic_inst|VectorAddID_inst_0|kernel|theVectorAddID_function_aunroll_x|thebb_VectorAddID_B1_aunroll_x|thebb_VectorAddID_B1_stall_region|thei_llvm_fpga_mem_unnamed_vectoraddid2_vectoraddid_81_13|thei_llvm_fpga_mem_unnamed_vectoraddid2_vectoraddid_417_1gr|bursting_read|pipelined_read|GEN_WORD_OFFSET_FIFO.offset_fifo|scfifo_inst|auto_generated|dpfifo|FIFOram|altera_syncram_impl1|ram_block2a0~ram2mlab_port_b_address_0 ; 2                    ;
; vector_add_fpga_di_inst|VectorAddID_std_ic_inst|VectorAddID_inst_0|kernel|theVectorAddID_function_aunroll_x|thebb_VectorAddID_B1_aunroll_x|thebb_VectorAddID_B1_stall_region|thei_llvm_fpga_mem_unnamed_vectoraddid2_vectoraddid_81_13|thei_llvm_fpga_mem_unnamed_vectoraddid2_vectoraddid_417_1gr|bursting_read|pipelined_read|GEN_WORD_OFFSET_FIFO.offset_fifo|scfifo_inst|auto_generated|dpfifo|wr_ptr|count[4]                                                     ; 2                    ;
+------------------------------------------------------------------------------------------------------------------------------------------------------------------------------------------------------------------------------------------------------------------------------------------------------------------------------------------------------------------------------------------------------------------------------------------------------------------------+----------------------+


--------------------------------------------
; Global Router Congestion Hotspot Summary ;
--------------------------------------------
No congestion hotspots found where global router short wire usage exceeded 100%.
If the design is hard to route, use other techniques to analyze congestion. Refer to the Estimated Delay Added for Hold Timing section in the Fitter report and routing utilization in the Chip Planner.


