Info: Generated by version: 26.1.1 build 130
Info: Starting: Create simulation model
Info: qsys-generate /home/uwb_student00/ahls/new_BSP/work_ia840f_fim_06/syn/board/ia840f/syn_top/../../../../ipss/ia840f/bwbmc/ip/bmc_spi_sub/ocmem.ip --simulation=VERILOG --allow-mixed-language-simulation --simulator=MODELSIM --output-directory=/home/uwb_student00/ahls/new_BSP/work_ia840f_fim_06/ipss/ia840f/bwbmc/ip/bmc_spi_sub/ocmem --family="Agilex 7" --part=AGFB027R25A2E2V
Warning: ocmem: Used altera_avalon_onchip_memory2 19.3.9 (instead of 19.3.7)
Info: ocmem: "Transforming system: ocmem"
Info: ocmem: "Naming system components in system: ocmem"
Info: ocmem: "Processing generation queue"
Info: ocmem: "Generating: ocmem"
Info: ocmem: "Generating: ocmem_altera_avalon_onchip_memory2_1939_fzx4lhy"
Info: ocmem: Starting RTL generation for module 'ocmem_altera_avalon_onchip_memory2_1939_fzx4lhy'
Info: ocmem:   Generation command is [exec /opt/altera/26.1.1/quartus/linux64//perl/bin/perl -I /opt/altera/26.1.1/quartus/linux64//perl/lib -I /opt/altera/26.1.1/quartus/sopc_builder/bin/europa -I /opt/altera/26.1.1/quartus/sopc_builder/bin/perl_lib -I /opt/altera/26.1.1/quartus/sopc_builder/bin -I /opt/altera/26.1.1/quartus/../ip/altera/sopc_builder_ip/common -I /opt/altera/26.1.1/quartus/../ip/altera/platform_designer_ip/altera_avalon_onchip_memory2 -- /opt/altera/26.1.1/quartus/../ip/altera/platform_designer_ip/altera_avalon_onchip_memory2/generate_rtl.pl --name=ocmem_altera_avalon_onchip_memory2_1939_fzx4lhy --dir=/tmp/alt0714_4635608479207182425.dir/0447_ocmem_gen/ --quartus_dir=/opt/altera/26.1.1/quartus --verilog --config=/tmp/alt0714_4635608479207182425.dir/0447_ocmem_gen//ocmem_altera_avalon_onchip_memory2_1939_fzx4lhy_component_configuration.pl  --do_build_sim=1    --sim_dir=/tmp/alt0714_4635608479207182425.dir/0447_ocmem_gen/  ]
Info: ocmem: Done RTL generation for module 'ocmem_altera_avalon_onchip_memory2_1939_fzx4lhy'
Info: ocmem: Done "ocmem" with 2 modules, 3 files
Info: Generating the following file(s) for MODELSIM simulator in /home/uwb_student00/ahls/new_BSP/work_ia840f_fim_06/ipss/ia840f/bwbmc/ip/bmc_spi_sub/ocmem/sim/ directory:
Info: 	common/modelsim_files.tcl
Info: For information on how to simulate your IP, see the explanatory comments in the simulator-specific subdirectories under /home/uwb_student00/ahls/new_BSP/work_ia840f_fim_06/ipss/ia840f/bwbmc/ip/bmc_spi_sub/ocmem/sim/.
Info: Regenerate these scripts whenever you make any change to any Quartus-generated IP in your project.
Info: Finished: Create simulation model
Info: Starting: Create simulation script
Info: sim-script-gen --system-file=/home/uwb_student00/ahls/new_BSP/work_ia840f_fim_06/syn/board/ia840f/syn_top/../../../../ipss/ia840f/bwbmc/ip/bmc_spi_sub/ocmem.ip --simulator=MODELSIM --output-directory=/home/uwb_student00/ahls/new_BSP/work_ia840f_fim_06/ipss/ia840f/bwbmc/ip/bmc_spi_sub/ocmem/sim/ --use-relative-paths=true --modelsim-flow=traditional
Info: Generating the following file(s) for MODELSIM simulator in /home/uwb_student00/ahls/new_BSP/work_ia840f_fim_06/ipss/ia840f/bwbmc/ip/bmc_spi_sub/ocmem/sim/ directory:
Info: 	mentor/msim_setup.tcl
Info: 	mentor/run_msim_setup.tcl
Info: For information on how to simulate your IP, see the explanatory comments in the simulator-specific subdirectories under /home/uwb_student00/ahls/new_BSP/work_ia840f_fim_06/ipss/ia840f/bwbmc/ip/bmc_spi_sub/ocmem/sim/.
Info: Regenerate these scripts whenever you make any change to any Quartus-generated IP in your project.
Info: Finished: Create simulation script
Info: 
Info: Starting: Create HDL design files for synthesis
Info: qsys-generate /home/uwb_student00/ahls/new_BSP/work_ia840f_fim_06/syn/board/ia840f/syn_top/../../../../ipss/ia840f/bwbmc/ip/bmc_spi_sub/ocmem.ip --synthesis=VERILOG --output-directory=/home/uwb_student00/ahls/new_BSP/work_ia840f_fim_06/ipss/ia840f/bwbmc/ip/bmc_spi_sub/ocmem --family="Agilex 7" --part=AGFB027R25A2E2V
Warning: ocmem: Used altera_avalon_onchip_memory2 19.3.9 (instead of 19.3.7)
Info: ocmem: "Transforming system: ocmem"
Info: ocmem: "Naming system components in system: ocmem"
Info: ocmem: "Processing generation queue"
Info: ocmem: "Generating: ocmem"
Info: ocmem: "Generating: ocmem_altera_avalon_onchip_memory2_1939_fzx4lhy"
Info: ocmem: Starting RTL generation for module 'ocmem_altera_avalon_onchip_memory2_1939_fzx4lhy'
Info: ocmem:   Generation command is [exec /opt/altera/26.1.1/quartus/linux64//perl/bin/perl -I /opt/altera/26.1.1/quartus/linux64//perl/lib -I /opt/altera/26.1.1/quartus/sopc_builder/bin/europa -I /opt/altera/26.1.1/quartus/sopc_builder/bin/perl_lib -I /opt/altera/26.1.1/quartus/sopc_builder/bin -I /opt/altera/26.1.1/quartus/../ip/altera/sopc_builder_ip/common -I /opt/altera/26.1.1/quartus/../ip/altera/platform_designer_ip/altera_avalon_onchip_memory2 -- /opt/altera/26.1.1/quartus/../ip/altera/platform_designer_ip/altera_avalon_onchip_memory2/generate_rtl.pl --name=ocmem_altera_avalon_onchip_memory2_1939_fzx4lhy --dir=/tmp/alt0714_4635608479207182425.dir/0449_ocmem_gen/ --quartus_dir=/opt/altera/26.1.1/quartus --verilog --config=/tmp/alt0714_4635608479207182425.dir/0449_ocmem_gen//ocmem_altera_avalon_onchip_memory2_1939_fzx4lhy_component_configuration.pl  --do_build_sim=0  ]
Info: ocmem: Done RTL generation for module 'ocmem_altera_avalon_onchip_memory2_1939_fzx4lhy'
Info: ocmem: Done "ocmem" with 2 modules, 3 files
Info: Finished: Create HDL design files for synthesis
