731 677 253:0 / / ro,nosuid,nodev,relatime master:1 - xfs /dev/mapper/rl-root rw,seclabel,attr2,inode64,logbufs=8,logbsize=32k,noquota
732 731 0:23 / /sys ro,nosuid,nodev,noexec,relatime master:2 - sysfs sysfs rw,seclabel
733 732 0:7 / /sys/kernel/security ro,nosuid,nodev,noexec,relatime master:3 - securityfs securityfs rw
734 732 0:27 / /sys/fs/cgroup ro,nosuid,nodev,noexec,relatime master:4 - cgroup2 cgroup2 rw,seclabel,nsdelegate,memory_recursiveprot
735 732 0:28 / /sys/fs/pstore ro,nosuid,nodev,noexec,relatime master:5 - pstore pstore rw,seclabel
736 732 0:29 / /sys/firmware/efi/efivars ro,nosuid,nodev,noexec,relatime master:6 - efivarfs efivarfs rw
737 732 0:30 / /sys/fs/bpf ro,nosuid,nodev,noexec,relatime master:7 - bpf bpf rw,mode=700
738 732 0:18 / /sys/kernel/config ro,nosuid,nodev,noexec,relatime master:8 - configfs configfs rw
739 732 0:21 / /sys/fs/selinux ro,nosuid,nodev,noexec,relatime master:9 - selinuxfs selinuxfs rw
740 732 0:8 / /sys/kernel/debug ro,nosuid,nodev,noexec,relatime master:17 - debugfs debugfs rw,seclabel
742 732 0:13 / /sys/kernel/tracing ro,nosuid,nodev,noexec,relatime master:19 - tracefs tracefs rw,seclabel
743 732 0:33 / /sys/fs/fuse/connections ro,nosuid,nodev,noexec,relatime master:20 - fusectl fusectl rw
766 731 0:6 / /dev ro,nosuid,nodev master:10 - devtmpfs devtmpfs rw,seclabel,size=65476044k,nr_inodes=16369011,mode=755,inode64
782 766 0:24 / /dev/shm ro,nosuid,nodev master:11 - tmpfs tmpfs rw,seclabel,inode64
783 766 0:25 / /dev/pts ro,nosuid,nodev,noexec,relatime master:12 - devpts devpts rw,seclabel,gid=5,mode=620,ptmxmode=000
784 766 0:20 / /dev/mqueue ro,nosuid,nodev,noexec,relatime master:16 - mqueue mqueue rw,seclabel
785 766 0:32 / /dev/hugepages ro,nosuid,nodev,relatime master:18 - hugetlbfs hugetlbfs rw,seclabel,pagesize=2M
786 731 0:26 / /run ro,nosuid,nodev master:13 - tmpfs tmpfs rw,seclabel,size=26209940k,nr_inodes=819200,mode=755,inode64
787 786 0:34 / /run/credentials/systemd-sysctl.service ro,nosuid,nodev,noexec,relatime master:21 - ramfs none rw,seclabel,mode=700
788 786 0:36 / /run/credentials/systemd-tmpfiles-setup-dev.service ro,nosuid,nodev,noexec,relatime master:22 - ramfs none rw,seclabel,mode=700
789 786 0:38 / /run/credentials/systemd-tmpfiles-setup.service ro,nosuid,nodev,noexec,relatime master:50 - ramfs none rw,seclabel,mode=700
790 786 0:45 / /run/user/1002 ro,nosuid,nodev,relatime master:267 - tmpfs tmpfs rw,seclabel,size=13104968k,nr_inodes=3276242,mode=700,uid=1002,gid=1003,inode64
791 786 0:46 / /run/user/1001 ro,nosuid,nodev,relatime master:286 - tmpfs tmpfs rw,seclabel,size=13104968k,nr_inodes=3276242,mode=700,uid=1001,gid=1002,inode64
792 786 0:48 / /run/user/42 ro,nosuid,nodev,relatime master:376 - tmpfs tmpfs rw,seclabel,size=13104968k,nr_inodes=3276242,mode=700,uid=42,gid=42,inode64
793 786 0:47 / /run/user/1000 ro,nosuid,nodev,relatime master:345 - tmpfs tmpfs rw,seclabel,size=13104968k,nr_inodes=3276242,mode=700,uid=1000,gid=1000,inode64
794 731 0:22 / /proc ro,nosuid,nodev,noexec,relatime master:14 - proc proc rw
795 794 0:31 / /proc/sys/fs/binfmt_misc rw,relatime master:15 - autofs systemd-1 rw,fd=29,pgrp=0,timeout=0,minproto=5,maxproto=5,direct,pipe_ino=16802
796 795 0:49 / /proc/sys/fs/binfmt_misc ro,nosuid,nodev,noexec,relatime master:411 - binfmt_misc binfmt_misc rw
797 731 259:2 / /boot ro,nosuid,nodev,relatime master:42 - xfs /dev/nvme0n1p2 rw,seclabel,attr2,inode64,logbufs=8,logbsize=32k,noquota
798 797 259:1 / /boot/efi ro,nosuid,nodev,relatime master:48 - vfat /dev/nvme0n1p1 rw,fmask=0077,dmask=0077,codepage=437,iocharset=ascii,shortname=winnt,errors=remount-ro
799 731 253:0 /home/uwb_student00/ahls/new_BSP/work_ahls_getting_started_01/runs/fast-sim /home/uwb_student00/ahls/new_BSP/work_ahls_getting_started_01/runs/fast-sim rw,nosuid,nodev,relatime master:1 - xfs /dev/mapper/rl-root rw,seclabel,attr2,inode64,logbufs=8,logbsize=32k,noquota
800 731 253:0 /home/uwb_student00/ahls/new_BSP/work_ahls_getting_started_01/source /home/uwb_student00/ahls/new_BSP/work_ahls_getting_started_01/source ro,nosuid,nodev,relatime master:1 - xfs /dev/mapper/rl-root rw,seclabel,attr2,inode64,logbufs=8,logbsize=32k,noquota
801 731 253:0 /home/uwb_student00/ahls/new_BSP/work_ahls_getting_started_01/icd /etc/OpenCL/vendors ro,nosuid,nodev,relatime master:1 - xfs /dev/mapper/rl-root rw,seclabel,attr2,inode64,logbufs=8,logbsize=32k,noquota
802 766 0:51 / /dev rw,nosuid,nodev,relatime - tmpfs tmpfs rw,seclabel,mode=755,uid=1000,gid=1000,inode64
803 802 0:6 /null /dev/null rw,nosuid master:10 - devtmpfs devtmpfs rw,seclabel,size=65476044k,nr_inodes=16369011,mode=755,inode64
804 802 0:6 /zero /dev/zero rw,nosuid master:10 - devtmpfs devtmpfs rw,seclabel,size=65476044k,nr_inodes=16369011,mode=755,inode64
805 802 0:6 /full /dev/full rw,nosuid master:10 - devtmpfs devtmpfs rw,seclabel,size=65476044k,nr_inodes=16369011,mode=755,inode64
806 802 0:6 /random /dev/random rw,nosuid master:10 - devtmpfs devtmpfs rw,seclabel,size=65476044k,nr_inodes=16369011,mode=755,inode64
807 802 0:6 /urandom /dev/urandom rw,nosuid master:10 - devtmpfs devtmpfs rw,seclabel,size=65476044k,nr_inodes=16369011,mode=755,inode64
808 802 0:6 /tty /dev/tty rw,nosuid master:10 - devtmpfs devtmpfs rw,seclabel,size=65476044k,nr_inodes=16369011,mode=755,inode64
809 802 0:52 / /dev/pts rw,nosuid,noexec,relatime - devpts devpts rw,seclabel,mode=620,ptmxmode=666
810 794 0:53 / /proc rw,nosuid,nodev,noexec,relatime - proc proc rw
811 732 0:55 / /sys rw,nosuid,nodev,relatime - tmpfs tmpfs rw,seclabel,mode=755,uid=1000,gid=1000,inode64
812 731 0:56 / /tmp rw,nosuid,nodev,relatime - tmpfs tmpfs rw,seclabel,mode=755,uid=1000,gid=1000,inode64
