Reading pref.tcl

# 2025.3

# ** Note: (vsim-220) '/home/uwb_student00/ahls/new_BSP/qualification/ddr-library-import-01/run-05/modelsim.ini' is used as the ini file.
# ** Note: (vsim-223) The environment variable MODELSIM will be deprecated in future releases. Please use QSIM_INI instead.
# vsim -libverbose -voptargs="-libverbose" -c -onfinish exit -t 1ps -L work -L lpm_ver -L sgate_ver -L altera_ver -L altera_mf_ver -L altera_lnsim_ver -L tennm_ver -L tennm_hssi_ver -L tennm_fm_hps_ver -L tennm_hssi_e0_ver -L tennm_hssi_p0_ver -L lpm -L sgate -L altera -L altera_mf -L altera_lnsim -L tennm -L tennm_hssi -L tennm_fm_hps -L tennm_hssi_e0 -L tennm_hssi_p0 -L altera_common_sv_packages -L altera_emif_arch_fm_191 -L altera_emif_fm_280 -L mem_ss_mem_ss_501_qm5zaka_emif_0 -L mem_ss_mem_ss_501_qm5zaka_emif_1_reset_bridge -L mem_ss_mem_ss_501_qm5zaka_emif_0_clk_bridge -L mem_ss_mem_ss_501_qm5zaka_emif_1 -L mem_ss_reset_ctrl_201 -L mem_ss_mem_ss_501_qm5zaka_mem_reset_ctrl -L mem_ss_mem_ss_501_qm5zaka_emif_1_clk_bridge -L mem_ss_msa_105 -L mem_ss_mem_ss_501_qm5zaka_msa_1 -L mem_ss_mem_ss_501_qm5zaka_msa_0 -L mem_ss_mem_ss_501_qm5zaka_emif_0_reset_bridge -L altera_emif_cal_iossm_280 -L altera_emif_cal_280 -L mem_ss_mem_ss_501_qm5zaka_emif_cal_bot -L altera_merlin_master_translator_193 -L altera_merlin_slave_translator_191 -L altera_mm_interconnect_1920 -L altera_reset_controller_1924 -L mem_ss_mem_ss_501_qm5zaka -L mem_ss -L altera_emif_mem_model_core_ddr4_191 -L altera_emif_mem_model_191 -L ed_sim_mem -L ed_sim_mem_group1 work.tb_mem_ss_smoke -do "run.do" 
# Start time: 12:52:45 on Sep 18,2026
# ** Note: (vsim-10012) Adding new library '/home/uwb_student00/ahls/new_BSP/qualification/ddr-library-import-01/run-05/libraries/work' to libsearch path.
# No such file or directory. (errno = ENOENT)
# ** Note: (vsim-3812) Design is being optimized...
# ** Note: (vopt-220) '/home/uwb_student00/ahls/new_BSP/qualification/ddr-library-import-01/run-05/modelsim.ini' is used as the ini file.
# ** Note: (vopt-223) The environment variable MODELSIM will be deprecated in future releases. Please use QSIM_INI instead.
# ** Note: (vopt-10013) Library 'altera_mf' is mapped to '/opt/altera/26.1.1/questa_fe/intel/vhdl/altera_mf' through modelsim.ini.
# ** Note: (vopt-10013) Library 'altera' is mapped to '/opt/altera/26.1.1/questa_fe/intel/vhdl/altera' through modelsim.ini.
# ** Note: (vopt-10013) Library 'altera_lnsim' is mapped to '/opt/altera/26.1.1/questa_fe/intel/vhdl/altera_lnsim' through modelsim.ini.
# ** Note: (vopt-10013) Library 'lpm' is mapped to '/opt/altera/26.1.1/questa_fe/intel/vhdl/220model' through modelsim.ini.
# ** Note: (vopt-10013) Library 'sgate' is mapped to '/opt/altera/26.1.1/questa_fe/intel/vhdl/sgate' through modelsim.ini.
# ** Note: (vopt-10013) Library 'tennm' is mapped to '/opt/altera/26.1.1/questa_fe/intel/vhdl/tennm' through modelsim.ini.
# ** Note: (vopt-10013) Library 'tennm_hssi' is mapped to '/opt/altera/26.1.1/questa_fe/intel/vhdl/tennm_hssi_all' through modelsim.ini.
# ** Note: (vopt-10013) Library 'tennm_hssi_e0' is mapped to '/opt/altera/26.1.1/questa_fe/intel/vhdl/tennm_hssi_all' through modelsim.ini.
# ** Note: (vopt-10013) Library 'tennm_hssi_p0' is mapped to '/opt/altera/26.1.1/questa_fe/intel/vhdl/tennm_hssi_all' through modelsim.ini.
# ** Note: (vopt-10013) Library 'tennm_fm_hps' is mapped to '/opt/altera/26.1.1/questa_fe/intel/vhdl/tennm_fm_hps' through modelsim.ini.
# ** Note: (vopt-10013) Library 'altera_mf_ver' is mapped to '/opt/altera/26.1.1/questa_fe/intel/verilog/altera_mf' through modelsim.ini.
# ** Note: (vopt-10013) Library 'altera_ver' is mapped to '/opt/altera/26.1.1/questa_fe/intel/verilog/altera' through modelsim.ini.
# ** Note: (vopt-10013) Library 'altera_lnsim_ver' is mapped to '/opt/altera/26.1.1/questa_fe/intel/verilog/altera_lnsim' through modelsim.ini.
# ** Note: (vopt-10013) Library 'lpm_ver' is mapped to '/opt/altera/26.1.1/questa_fe/intel/verilog/220model' through modelsim.ini.
# ** Note: (vopt-10013) Library 'sgate_ver' is mapped to '/opt/altera/26.1.1/questa_fe/intel/verilog/sgate' through modelsim.ini.
# ** Note: (vopt-10013) Library 'tennm_ver' is mapped to 'libraries/tennm_ver' through modelsim.ini.
# ** Note: (vopt-10013) Library 'tennm_hssi_ver' is mapped to '/opt/altera/26.1.1/questa_fe/intel/verilog/tennm_hssi_all' through modelsim.ini.
# ** Note: (vopt-10013) Library 'tennm_hssi_e0_ver' is mapped to '/opt/altera/26.1.1/questa_fe/intel/verilog/tennm_hssi_all' through modelsim.ini.
# ** Note: (vopt-10013) Library 'tennm_hssi_p0_ver' is mapped to '/opt/altera/26.1.1/questa_fe/intel/verilog/tennm_hssi_all' through modelsim.ini.
# ** Note: (vopt-10013) Library 'tennm_fm_hps_ver' is mapped to '/opt/altera/26.1.1/questa_fe/intel/verilog/tennm_fm_hps' through modelsim.ini.
# ** Note: (vopt-10013) Library 'work' is mapped to 'libraries/work' through modelsim.ini.
# ** Note: (vopt-10013) Library 'altera_common_sv_packages' is mapped to 'libraries/altera_common_sv_packages' through modelsim.ini.
# ** Note: (vopt-10013) Library 'altera_emif_arch_fm_191' is mapped to 'libraries/altera_emif_arch_fm_191' through modelsim.ini.
# ** Note: (vopt-10013) Library 'altera_emif_fm_280' is mapped to 'libraries/altera_emif_fm_280' through modelsim.ini.
# ** Note: (vopt-10013) Library 'mem_ss_mem_ss_501_qm5zaka_emif_0' is mapped to 'libraries/mem_ss_mem_ss_501_qm5zaka_emif_0' through modelsim.ini.
# ** Note: (vopt-10013) Library 'mem_ss_mem_ss_501_qm5zaka_emif_1_reset_bridge' is mapped to 'libraries/mem_ss_mem_ss_501_qm5zaka_emif_1_reset_bridge' through modelsim.ini.
# ** Note: (vopt-10013) Library 'mem_ss_mem_ss_501_qm5zaka_emif_0_clk_bridge' is mapped to 'libraries/mem_ss_mem_ss_501_qm5zaka_emif_0_clk_bridge' through modelsim.ini.
# ** Note: (vopt-10013) Library 'mem_ss_mem_ss_501_qm5zaka_emif_1' is mapped to 'libraries/mem_ss_mem_ss_501_qm5zaka_emif_1' through modelsim.ini.
# ** Note: (vopt-10013) Library 'mem_ss_reset_ctrl_201' is mapped to 'libraries/mem_ss_reset_ctrl_201' through modelsim.ini.
# ** Note: (vopt-10013) Library 'mem_ss_mem_ss_501_qm5zaka_mem_reset_ctrl' is mapped to 'libraries/mem_ss_mem_ss_501_qm5zaka_mem_reset_ctrl' through modelsim.ini.
# ** Note: (vopt-10013) Library 'mem_ss_mem_ss_501_qm5zaka_emif_1_clk_bridge' is mapped to 'libraries/mem_ss_mem_ss_501_qm5zaka_emif_1_clk_bridge' through modelsim.ini.
# ** Note: (vopt-10013) Library 'mem_ss_msa_105' is mapped to 'libraries/mem_ss_msa_105' through modelsim.ini.
# ** Note: (vopt-10013) Library 'mem_ss_mem_ss_501_qm5zaka_msa_1' is mapped to 'libraries/mem_ss_mem_ss_501_qm5zaka_msa_1' through modelsim.ini.
# ** Note: (vopt-10013) Library 'mem_ss_mem_ss_501_qm5zaka_msa_0' is mapped to 'libraries/mem_ss_mem_ss_501_qm5zaka_msa_0' through modelsim.ini.
# ** Note: (vopt-10013) Library 'mem_ss_mem_ss_501_qm5zaka_emif_0_reset_bridge' is mapped to 'libraries/mem_ss_mem_ss_501_qm5zaka_emif_0_reset_bridge' through modelsim.ini.
# ** Note: (vopt-10013) Library 'altera_emif_cal_iossm_280' is mapped to 'libraries/altera_emif_cal_iossm_280' through modelsim.ini.
# ** Note: (vopt-10013) Library 'altera_emif_cal_280' is mapped to 'libraries/altera_emif_cal_280' through modelsim.ini.
# ** Note: (vopt-10013) Library 'mem_ss_mem_ss_501_qm5zaka_emif_cal_bot' is mapped to 'libraries/mem_ss_mem_ss_501_qm5zaka_emif_cal_bot' through modelsim.ini.
# ** Note: (vopt-10013) Library 'altera_merlin_master_translator_193' is mapped to 'libraries/altera_merlin_master_translator_193' through modelsim.ini.
# ** Note: (vopt-10013) Library 'altera_merlin_slave_translator_191' is mapped to 'libraries/altera_merlin_slave_translator_191' through modelsim.ini.
# ** Note: (vopt-10013) Library 'altera_mm_interconnect_1920' is mapped to 'libraries/altera_mm_interconnect_1920' through modelsim.ini.
# ** Note: (vopt-10013) Library 'altera_reset_controller_1924' is mapped to 'libraries/altera_reset_controller_1924' through modelsim.ini.
# ** Note: (vopt-10013) Library 'mem_ss_mem_ss_501_qm5zaka' is mapped to 'libraries/mem_ss_mem_ss_501_qm5zaka' through modelsim.ini.
# ** Note: (vopt-10013) Library 'mem_ss' is mapped to 'libraries/mem_ss' through modelsim.ini.
# ** Note: (vopt-10013) Library 'altera_emif_mem_model_core_ddr4_191' is mapped to 'libraries/altera_emif_mem_model_core_ddr4_191' through modelsim.ini.
# ** Note: (vopt-10013) Library 'altera_emif_mem_model_191' is mapped to 'libraries/altera_emif_mem_model_191' through modelsim.ini.
# ** Note: (vopt-10013) Library 'ed_sim_mem' is mapped to 'libraries/ed_sim_mem' through modelsim.ini.
# ** Note: (vopt-10013) Library 'ed_sim_mem_group1' is mapped to 'libraries/ed_sim_mem_group1' through modelsim.ini.
# ** Note: (vopt-10013) Library 'altera_mf' is mapped to '$MODEL_TECH/../intel/vhdl/altera_mf' through modelsim.ini.
# ** Note: (vopt-10013) Library 'altera' is mapped to '$MODEL_TECH/../intel/vhdl/altera' through modelsim.ini.
# ** Note: (vopt-10013) Library 'altera_lnsim' is mapped to '$MODEL_TECH/../intel/vhdl/altera_lnsim' through modelsim.ini.
# ** Note: (vopt-10013) Library 'lpm' is mapped to '$MODEL_TECH/../intel/vhdl/220model' through modelsim.ini.
# ** Note: (vopt-10013) Library '220model' is mapped to '$MODEL_TECH/../intel/vhdl/220model' through modelsim.ini.
# ** Note: (vopt-10013) Library 'sgate' is mapped to '$MODEL_TECH/../intel/vhdl/sgate' through modelsim.ini.
# ** Note: (vopt-10013) Library 'twentynm' is mapped to '$MODEL_TECH/../intel/vhdl/twentynm' through modelsim.ini.
# ** Note: (vopt-10013) Library 'twentynm_hssi' is mapped to '$MODEL_TECH/../intel/vhdl/twentynm_hssi' through modelsim.ini.
# ** Note: (vopt-10013) Library 'twentynm_hip' is mapped to '$MODEL_TECH/../intel/vhdl/twentynm_hip' through modelsim.ini.
# ** Note: (vopt-10013) Library 'fourteennm' is mapped to '$MODEL_TECH/../intel/vhdl/fourteennm' through modelsim.ini.
# ** Note: (vopt-10013) Library 'fourteennm_hssi' is mapped to '$MODEL_TECH/../intel/vhdl/fourteennm_hssi_all' through modelsim.ini.
# ** Note: (vopt-10013) Library 'fourteennm_hssi_all' is mapped to '$MODEL_TECH/../intel/vhdl/fourteennm_hssi_all' through modelsim.ini.
# ** Note: (vopt-10013) Library 'fourteennm_hssi_a' is mapped to '$MODEL_TECH/../intel/vhdl/fourteennm_hssi_all' through modelsim.ini.
# ** Note: (vopt-10013) Library 'fourteennm_hssi_e' is mapped to '$MODEL_TECH/../intel/vhdl/fourteennm_hssi_all' through modelsim.ini.
# ** Note: (vopt-10013) Library 'fourteennm_hssi_p' is mapped to '$MODEL_TECH/../intel/vhdl/fourteennm_hssi_all' through modelsim.ini.
# ** Note: (vopt-10013) Library 'fourteennm_hssi_a0' is mapped to '$MODEL_TECH/../intel/vhdl/fourteennm_hssi_all' through modelsim.ini.
# ** Note: (vopt-10013) Library 'fourteennm_hssi_e0' is mapped to '$MODEL_TECH/../intel/vhdl/fourteennm_hssi_all' through modelsim.ini.
# ** Note: (vopt-10013) Library 'fourteennm_hssi_p0' is mapped to '$MODEL_TECH/../intel/vhdl/fourteennm_hssi_all' through modelsim.ini.
# ** Note: (vopt-10013) Library 'fourteennm_hssi_a1' is mapped to '$MODEL_TECH/../intel/vhdl/fourteennm_hssi_all' through modelsim.ini.
# ** Note: (vopt-10013) Library 'fourteennm_hssi_e1' is mapped to '$MODEL_TECH/../intel/vhdl/fourteennm_hssi_all' through modelsim.ini.
# ** Note: (vopt-10013) Library 'fourteennm_hssi_p1' is mapped to '$MODEL_TECH/../intel/vhdl/fourteennm_hssi_all' through modelsim.ini.
# ** Note: (vopt-10013) Library 'tennm' is mapped to '$MODEL_TECH/../intel/vhdl/tennm' through modelsim.ini.
# ** Note: (vopt-10013) Library 'tennm_hssi' is mapped to '$MODEL_TECH/../intel/vhdl/tennm_hssi_all' through modelsim.ini.
# ** Note: (vopt-10013) Library 'tennm_hssi_all' is mapped to '$MODEL_TECH/../intel/vhdl/tennm_hssi_all' through modelsim.ini.
# ** Note: (vopt-10013) Library 'tennm_hssi_a' is mapped to '$MODEL_TECH/../intel/vhdl/tennm_hssi_all' through modelsim.ini.
# ** Note: (vopt-10013) Library 'tennm_hssi_e' is mapped to '$MODEL_TECH/../intel/vhdl/tennm_hssi_all' through modelsim.ini.
# ** Note: (vopt-10013) Library 'tennm_hssi_p' is mapped to '$MODEL_TECH/../intel/vhdl/tennm_hssi_all' through modelsim.ini.
# ** Note: (vopt-10013) Library 'tennm_hssi_r' is mapped to '$MODEL_TECH/../intel/vhdl/tennm_hssi_all' through modelsim.ini.
# ** Note: (vopt-10013) Library 'tennm_hssi_a0' is mapped to '$MODEL_TECH/../intel/vhdl/tennm_hssi_all' through modelsim.ini.
# ** Note: (vopt-10013) Library 'tennm_hssi_e0' is mapped to '$MODEL_TECH/../intel/vhdl/tennm_hssi_all' through modelsim.ini.
# ** Note: (vopt-10013) Library 'tennm_hssi_p0' is mapped to '$MODEL_TECH/../intel/vhdl/tennm_hssi_all' through modelsim.ini.
# ** Note: (vopt-10013) Library 'tennm_hssi_f0' is mapped to '$MODEL_TECH/../intel/vhdl/tennm_hssi_all' through modelsim.ini.
# ** Note: (vopt-10013) Library 'tennm_hssi_r0' is mapped to '$MODEL_TECH/../intel/vhdl/tennm_hssi_all' through modelsim.ini.
# ** Note: (vopt-10013) Library 'tennm_hssi_c0' is mapped to '$MODEL_TECH/../intel/vhdl/tennm_hssi_all' through modelsim.ini.
# ** Note: (vopt-10013) Library 'tennm_hssi_a1' is mapped to '$MODEL_TECH/../intel/vhdl/tennm_hssi_all' through modelsim.ini.
# ** Note: (vopt-10013) Library 'tennm_hssi_e1' is mapped to '$MODEL_TECH/../intel/vhdl/tennm_hssi_all' through modelsim.ini.
# ** Note: (vopt-10013) Library 'tennm_hssi_p1' is mapped to '$MODEL_TECH/../intel/vhdl/tennm_hssi_all' through modelsim.ini.
# ** Note: (vopt-10013) Library 'tennm_hssi_f1' is mapped to '$MODEL_TECH/../intel/vhdl/tennm_hssi_all' through modelsim.ini.
# ** Note: (vopt-10013) Library 'tennm_hssi_r1' is mapped to '$MODEL_TECH/../intel/vhdl/tennm_hssi_all' through modelsim.ini.
# ** Note: (vopt-10013) Library 'tennm_hssi_r2' is mapped to '$MODEL_TECH/../intel/vhdl/tennm_hssi_all' through modelsim.ini.
# ** Note: (vopt-10013) Library 'cyclone10gx' is mapped to '$MODEL_TECH/../intel/vhdl/cyclone10gx' through modelsim.ini.
# ** Note: (vopt-10013) Library 'cyclone10gx_hssi' is mapped to '$MODEL_TECH/../intel/vhdl/cyclone10gx_hssi' through modelsim.ini.
# ** Note: (vopt-10013) Library 'cyclone10gx_hip' is mapped to '$MODEL_TECH/../intel/vhdl/cyclone10gx_hip' through modelsim.ini.
# ** Note: (vopt-10013) Library 'tennm_sm' is mapped to '$MODEL_TECH/../intel/vhdl/tennm_sm' through modelsim.ini.
# ** Note: (vopt-10013) Library 'tennm_sm4_hssi' is mapped to '$MODEL_TECH/../intel/vhdl/tennm_sm4_hssi' through modelsim.ini.
# ** Note: (vopt-10013) Library 'tennm_hvio' is mapped to '$MODEL_TECH/../intel/vhdl/tennm_hvio' through modelsim.ini.
# ** Note: (vopt-10013) Library 'tennm_revb_hvio' is mapped to '$MODEL_TECH/../intel/vhdl/tennm_revb_hvio' through modelsim.ini.
# ** Note: (vopt-10013) Library 'tennm_agilex5_hssi_a' is mapped to '$MODEL_TECH/../intel/vhdl/tennm_agilex5_hssi_a' through modelsim.ini.
# ** Note: (vopt-10013) Library 'tennm_agilex5_io96' is mapped to '$MODEL_TECH/../intel/vhdl/tennm_agilex5_io96' through modelsim.ini.
# ** Note: (vopt-10013) Library 'tennm_agilex7_io96' is mapped to '$MODEL_TECH/../intel/vhdl/tennm_agilex7_io96' through modelsim.ini.
# ** Note: (vopt-10013) Library 'tennm_revb_io96' is mapped to '$MODEL_TECH/../intel/vhdl/tennm_revb_io96' through modelsim.ini.
# ** Note: (vopt-10013) Library 'tennm_revb_io96_ag7' is mapped to '$MODEL_TECH/../intel/vhdl/tennm_revb_io96_ag7' through modelsim.ini.
# ** Note: (vopt-10013) Library 'tennm_revb_io96_ag5' is mapped to '$MODEL_TECH/../intel/vhdl/tennm_revb_io96_ag5' through modelsim.ini.
# ** Note: (vopt-10013) Library 'tennm_fmm3_hssi' is mapped to '$MODEL_TECH/../intel/vhdl/tennm_fmm3_hssi' through modelsim.ini.
# ** Note: (vopt-10013) Library 'tennm_fp8_noc' is mapped to '$MODEL_TECH/../intel/vhdl/tennm_fp8_noc' through modelsim.ini.
# ** Note: (vopt-10013) Library 'tennm_sm_hps' is mapped to '$MODEL_TECH/../intel/vhdl/tennm_sm_hps' through modelsim.ini.
# ** Note: (vopt-10013) Library 'tennm_fm_hps' is mapped to '$MODEL_TECH/../intel/vhdl/tennm_fm_hps' through modelsim.ini.
# ** Note: (vopt-10013) Library 'altera_mf_ver' is mapped to '$MODEL_TECH/../intel/verilog/altera_mf' through modelsim.ini.
# ** Note: (vopt-10013) Library 'altera_ver' is mapped to '$MODEL_TECH/../intel/verilog/altera' through modelsim.ini.
# ** Note: (vopt-10013) Library 'altera_lnsim_ver' is mapped to '$MODEL_TECH/../intel/verilog/altera_lnsim' through modelsim.ini.
# ** Note: (vopt-10013) Library 'lpm_ver' is mapped to '$MODEL_TECH/../intel/verilog/220model' through modelsim.ini.
# ** Note: (vopt-10013) Library '220model_ver' is mapped to '$MODEL_TECH/../intel/verilog/220model' through modelsim.ini.
# ** Note: (vopt-10013) Library 'sgate_ver' is mapped to '$MODEL_TECH/../intel/verilog/sgate' through modelsim.ini.
# ** Note: (vopt-10013) Library 'twentynm_ver' is mapped to '$MODEL_TECH/../intel/verilog/twentynm' through modelsim.ini.
# ** Note: (vopt-10013) Library 'twentynm_hssi_ver' is mapped to '$MODEL_TECH/../intel/verilog/twentynm_hssi' through modelsim.ini.
# ** Note: (vopt-10013) Library 'twentynm_hip_ver' is mapped to '$MODEL_TECH/../intel/verilog/twentynm_hip' through modelsim.ini.
# ** Note: (vopt-10013) Library 'fourteennm_ver' is mapped to '$MODEL_TECH/../intel/verilog/fourteennm' through modelsim.ini.
# ** Note: (vopt-10013) Library 'fourteennm_hssi_ver' is mapped to '$MODEL_TECH/../intel/verilog/fourteennm_hssi_all' through modelsim.ini.
# ** Note: (vopt-10013) Library 'fourteennm_hssi_all_ver' is mapped to '$MODEL_TECH/../intel/verilog/fourteennm_hssi_all' through modelsim.ini.
# ** Note: (vopt-10013) Library 'fourteennm_hssi_a_ver' is mapped to '$MODEL_TECH/../intel/verilog/fourteennm_hssi_all' through modelsim.ini.
# ** Note: (vopt-10013) Library 'fourteennm_hssi_e_ver' is mapped to '$MODEL_TECH/../intel/verilog/fourteennm_hssi_all' through modelsim.ini.
# ** Note: (vopt-10013) Library 'fourteennm_hssi_p_ver' is mapped to '$MODEL_TECH/../intel/verilog/fourteennm_hssi_all' through modelsim.ini.
# ** Note: (vopt-10013) Library 'fourteennm_hssi_a0_ver' is mapped to '$MODEL_TECH/../intel/verilog/fourteennm_hssi_all' through modelsim.ini.
# ** Note: (vopt-10013) Library 'fourteennm_hssi_e0_ver' is mapped to '$MODEL_TECH/../intel/verilog/fourteennm_hssi_all' through modelsim.ini.
# ** Note: (vopt-10013) Library 'fourteennm_hssi_p0_ver' is mapped to '$MODEL_TECH/../intel/verilog/fourteennm_hssi_all' through modelsim.ini.
# ** Note: (vopt-10013) Library 'fourteennm_hssi_a1_ver' is mapped to '$MODEL_TECH/../intel/verilog/fourteennm_hssi_all' through modelsim.ini.
# ** Note: (vopt-10013) Library 'fourteennm_hssi_e1_ver' is mapped to '$MODEL_TECH/../intel/verilog/fourteennm_hssi_all' through modelsim.ini.
# ** Note: (vopt-10013) Library 'fourteennm_hssi_p1_ver' is mapped to '$MODEL_TECH/../intel/verilog/fourteennm_hssi_all' through modelsim.ini.
# ** Note: (vopt-10013) Library 'tennm_ver' is mapped to '$MODEL_TECH/../intel/verilog/tennm' through modelsim.ini.
# ** Note: (vopt-10013) Library 'tennm_hssi_ver' is mapped to '$MODEL_TECH/../intel/verilog/tennm_hssi_all' through modelsim.ini.
# ** Note: (vopt-10013) Library 'tennm_hssi_all_ver' is mapped to '$MODEL_TECH/../intel/verilog/tennm_hssi_all' through modelsim.ini.
# ** Note: (vopt-10013) Library 'tennm_hssi_a_ver' is mapped to '$MODEL_TECH/../intel/verilog/tennm_hssi_all' through modelsim.ini.
# ** Note: (vopt-10013) Library 'tennm_hssi_e_ver' is mapped to '$MODEL_TECH/../intel/verilog/tennm_hssi_all' through modelsim.ini.
# ** Note: (vopt-10013) Library 'tennm_hssi_p_ver' is mapped to '$MODEL_TECH/../intel/verilog/tennm_hssi_all' through modelsim.ini.
# ** Note: (vopt-10013) Library 'tennm_hssi_r_ver' is mapped to '$MODEL_TECH/../intel/verilog/tennm_hssi_all' through modelsim.ini.
# ** Note: (vopt-10013) Library 'tennm_hssi_a0_ver' is mapped to '$MODEL_TECH/../intel/verilog/tennm_hssi_all' through modelsim.ini.
# ** Note: (vopt-10013) Library 'tennm_hssi_e0_ver' is mapped to '$MODEL_TECH/../intel/verilog/tennm_hssi_all' through modelsim.ini.
# ** Note: (vopt-10013) Library 'tennm_hssi_p0_ver' is mapped to '$MODEL_TECH/../intel/verilog/tennm_hssi_all' through modelsim.ini.
# ** Note: (vopt-10013) Library 'tennm_hssi_f0_ver' is mapped to '$MODEL_TECH/../intel/verilog/tennm_hssi_all' through modelsim.ini.
# ** Note: (vopt-10013) Library 'tennm_hssi_r0_ver' is mapped to '$MODEL_TECH/../intel/verilog/tennm_hssi_all' through modelsim.ini.
# ** Note: (vopt-10013) Library 'tennm_hssi_c0_ver' is mapped to '$MODEL_TECH/../intel/verilog/tennm_hssi_all' through modelsim.ini.
# ** Note: (vopt-10013) Library 'tennm_hssi_a1_ver' is mapped to '$MODEL_TECH/../intel/verilog/tennm_hssi_all' through modelsim.ini.
# ** Note: (vopt-10013) Library 'tennm_hssi_e1_ver' is mapped to '$MODEL_TECH/../intel/verilog/tennm_hssi_all' through modelsim.ini.
# ** Note: (vopt-10013) Library 'tennm_hssi_p1_ver' is mapped to '$MODEL_TECH/../intel/verilog/tennm_hssi_all' through modelsim.ini.
# ** Note: (vopt-10013) Library 'tennm_hssi_f1_ver' is mapped to '$MODEL_TECH/../intel/verilog/tennm_hssi_all' through modelsim.ini.
# ** Note: (vopt-10013) Library 'tennm_hssi_r1_ver' is mapped to '$MODEL_TECH/../intel/verilog/tennm_hssi_all' through modelsim.ini.
# ** Note: (vopt-10013) Library 'tennm_hssi_r2_ver' is mapped to '$MODEL_TECH/../intel/verilog/tennm_hssi_all' through modelsim.ini.
# ** Note: (vopt-10013) Library 'cyclone10gx_ver' is mapped to '$MODEL_TECH/../intel/verilog/cyclone10gx' through modelsim.ini.
# ** Note: (vopt-10013) Library 'cyclone10gx_hssi_ver' is mapped to '$MODEL_TECH/../intel/verilog/cyclone10gx_hssi' through modelsim.ini.
# ** Note: (vopt-10013) Library 'cyclone10gx_hip_ver' is mapped to '$MODEL_TECH/../intel/verilog/cyclone10gx_hip' through modelsim.ini.
# ** Note: (vopt-10013) Library 'tennm_sm_ver' is mapped to '$MODEL_TECH/../intel/verilog/tennm_sm' through modelsim.ini.
# ** Note: (vopt-10013) Library 'tennm_sm4_hssi_ver' is mapped to '$MODEL_TECH/../intel/verilog/tennm_sm4_hssi' through modelsim.ini.
# ** Note: (vopt-10013) Library 'tennm_hvio_ver' is mapped to '$MODEL_TECH/../intel/verilog/tennm_hvio' through modelsim.ini.
# ** Note: (vopt-10013) Library 'tennm_revb_hvio_ver' is mapped to '$MODEL_TECH/../intel/verilog/tennm_revb_hvio' through modelsim.ini.
# ** Note: (vopt-10013) Library 'tennm_agilex5_hssi_a_ver' is mapped to '$MODEL_TECH/../intel/verilog/tennm_agilex5_hssi_a' through modelsim.ini.
# ** Note: (vopt-10013) Library 'tennm_agilex5_io96_ver' is mapped to '$MODEL_TECH/../intel/verilog/tennm_agilex5_io96' through modelsim.ini.
# ** Note: (vopt-10013) Library 'tennm_agilex7_io96_ver' is mapped to '$MODEL_TECH/../intel/verilog/tennm_agilex7_io96' through modelsim.ini.
# ** Note: (vopt-10013) Library 'tennm_revb_io96_ver' is mapped to '$MODEL_TECH/../intel/verilog/tennm_revb_io96' through modelsim.ini.
# ** Note: (vopt-10013) Library 'tennm_revb_io96_ag7_ver' is mapped to '$MODEL_TECH/../intel/verilog/tennm_revb_io96_ag7' through modelsim.ini.
# ** Note: (vopt-10013) Library 'tennm_revb_io96_ag5_ver' is mapped to '$MODEL_TECH/../intel/verilog/tennm_revb_io96_ag5' through modelsim.ini.
# ** Note: (vopt-10013) Library 'tennm_fmm3_hssi_ver' is mapped to '$MODEL_TECH/../intel/verilog/tennm_fmm3_hssi' through modelsim.ini.
# ** Note: (vopt-10013) Library 'tennm_fp8_noc_ver' is mapped to '$MODEL_TECH/../intel/verilog/tennm_fp8_noc' through modelsim.ini.
# ** Note: (vopt-10013) Library 'tennm_sm_hps_ver' is mapped to '$MODEL_TECH/../intel/verilog/tennm_sm_hps' through modelsim.ini.
# ** Note: (vopt-10013) Library 'tennm_fm_hps_ver' is mapped to '$MODEL_TECH/../intel/verilog/tennm_fm_hps' through modelsim.ini.
# ** Note: (vopt-10012) Adding new library '/home/uwb_student00/ahls/new_BSP/qualification/ddr-library-import-01/run-05/libraries/work' to libsearch path.
# ** Libsearch options:
# 	-L work -> /home/uwb_student00/ahls/new_BSP/qualification/ddr-library-import-01/run-05/libraries/work
# 	-L lpm_ver -> /opt/altera/26.1.1/questa_fe/intel/verilog/220model
# 	-L sgate_ver -> /opt/altera/26.1.1/questa_fe/intel/verilog/sgate
# 	-L altera_ver -> /opt/altera/26.1.1/questa_fe/intel/verilog/altera
# 	-L altera_mf_ver -> /opt/altera/26.1.1/questa_fe/intel/verilog/altera_mf
# 	-L altera_lnsim_ver -> /opt/altera/26.1.1/questa_fe/intel/verilog/altera_lnsim
# 	-L tennm_ver -> /home/uwb_student00/ahls/new_BSP/qualification/ddr-library-import-01/run-05/libraries/tennm_ver
# 	-L tennm_hssi_ver -> /opt/altera/26.1.1/questa_fe/intel/verilog/tennm_hssi_all
# 	-L tennm_fm_hps_ver -> /opt/altera/26.1.1/questa_fe/intel/verilog/tennm_fm_hps
# 	-L tennm_hssi_e0_ver -> /opt/altera/26.1.1/questa_fe/intel/verilog/tennm_hssi_all
# 	-L tennm_hssi_p0_ver -> /opt/altera/26.1.1/questa_fe/intel/verilog/tennm_hssi_all
# 	-L lpm -> /opt/altera/26.1.1/questa_fe/intel/vhdl/220model
# 	-L sgate -> /opt/altera/26.1.1/questa_fe/intel/vhdl/sgate
# 	-L altera -> /opt/altera/26.1.1/questa_fe/intel/vhdl/altera
# 	-L altera_mf -> /opt/altera/26.1.1/questa_fe/intel/vhdl/altera_mf
# 	-L altera_lnsim -> /opt/altera/26.1.1/questa_fe/intel/vhdl/altera_lnsim
# 	-L tennm -> /opt/altera/26.1.1/questa_fe/intel/vhdl/tennm
# 	-L tennm_hssi -> /opt/altera/26.1.1/questa_fe/intel/vhdl/tennm_hssi_all
# 	-L tennm_fm_hps -> /opt/altera/26.1.1/questa_fe/intel/vhdl/tennm_fm_hps
# 	-L tennm_hssi_e0 -> /opt/altera/26.1.1/questa_fe/intel/vhdl/tennm_hssi_all
# 	-L tennm_hssi_p0 -> /opt/altera/26.1.1/questa_fe/intel/vhdl/tennm_hssi_all
# 	-L altera_common_sv_packages -> /home/uwb_student00/ahls/new_BSP/qualification/ddr-library-import-01/run-05/libraries/altera_common_sv_packages
# 	-L altera_emif_arch_fm_191 -> /home/uwb_student00/ahls/new_BSP/qualification/ddr-library-import-01/run-05/libraries/altera_emif_arch_fm_191
# 	-L altera_emif_fm_280 -> /home/uwb_student00/ahls/new_BSP/qualification/ddr-library-import-01/run-05/libraries/altera_emif_fm_280
# 	-L mem_ss_mem_ss_501_qm5zaka_emif_0 -> /home/uwb_student00/ahls/new_BSP/qualification/ddr-library-import-01/run-05/libraries/mem_ss_mem_ss_501_qm5zaka_emif_0
# 	-L mem_ss_mem_ss_501_qm5zaka_emif_1_reset_bridge -> /home/uwb_student00/ahls/new_BSP/qualification/ddr-library-import-01/run-05/libraries/mem_ss_mem_ss_501_qm5zaka_emif_1_reset_bridge
# 	-L mem_ss_mem_ss_501_qm5zaka_emif_0_clk_bridge -> /home/uwb_student00/ahls/new_BSP/qualification/ddr-library-import-01/run-05/libraries/mem_ss_mem_ss_501_qm5zaka_emif_0_clk_bridge
# 	-L mem_ss_mem_ss_501_qm5zaka_emif_1 -> /home/uwb_student00/ahls/new_BSP/qualification/ddr-library-import-01/run-05/libraries/mem_ss_mem_ss_501_qm5zaka_emif_1
# 	-L mem_ss_reset_ctrl_201 -> /home/uwb_student00/ahls/new_BSP/qualification/ddr-library-import-01/run-05/libraries/mem_ss_reset_ctrl_201
# 	-L mem_ss_mem_ss_501_qm5zaka_mem_reset_ctrl -> /home/uwb_student00/ahls/new_BSP/qualification/ddr-library-import-01/run-05/libraries/mem_ss_mem_ss_501_qm5zaka_mem_reset_ctrl
# 	-L mem_ss_mem_ss_501_qm5zaka_emif_1_clk_bridge -> /home/uwb_student00/ahls/new_BSP/qualification/ddr-library-import-01/run-05/libraries/mem_ss_mem_ss_501_qm5zaka_emif_1_clk_bridge
# 	-L mem_ss_msa_105 -> /home/uwb_student00/ahls/new_BSP/qualification/ddr-library-import-01/run-05/libraries/mem_ss_msa_105
# 	-L mem_ss_mem_ss_501_qm5zaka_msa_1 -> /home/uwb_student00/ahls/new_BSP/qualification/ddr-library-import-01/run-05/libraries/mem_ss_mem_ss_501_qm5zaka_msa_1
# 	-L mem_ss_mem_ss_501_qm5zaka_msa_0 -> /home/uwb_student00/ahls/new_BSP/qualification/ddr-library-import-01/run-05/libraries/mem_ss_mem_ss_501_qm5zaka_msa_0
# 	-L mem_ss_mem_ss_501_qm5zaka_emif_0_reset_bridge -> /home/uwb_student00/ahls/new_BSP/qualification/ddr-library-import-01/run-05/libraries/mem_ss_mem_ss_501_qm5zaka_emif_0_reset_bridge
# 	-L altera_emif_cal_iossm_280 -> /home/uwb_student00/ahls/new_BSP/qualification/ddr-library-import-01/run-05/libraries/altera_emif_cal_iossm_280
# 	-L altera_emif_cal_280 -> /home/uwb_student00/ahls/new_BSP/qualification/ddr-library-import-01/run-05/libraries/altera_emif_cal_280
# 	-L mem_ss_mem_ss_501_qm5zaka_emif_cal_bot -> /home/uwb_student00/ahls/new_BSP/qualification/ddr-library-import-01/run-05/libraries/mem_ss_mem_ss_501_qm5zaka_emif_cal_bot
# 	-L altera_merlin_master_translator_193 -> /home/uwb_student00/ahls/new_BSP/qualification/ddr-library-import-01/run-05/libraries/altera_merlin_master_translator_193
# 	-L altera_merlin_slave_translator_191 -> /home/uwb_student00/ahls/new_BSP/qualification/ddr-library-import-01/run-05/libraries/altera_merlin_slave_translator_191
# 	-L altera_mm_interconnect_1920 -> /home/uwb_student00/ahls/new_BSP/qualification/ddr-library-import-01/run-05/libraries/altera_mm_interconnect_1920
# 	-L altera_reset_controller_1924 -> /home/uwb_student00/ahls/new_BSP/qualification/ddr-library-import-01/run-05/libraries/altera_reset_controller_1924
# 	-L mem_ss_mem_ss_501_qm5zaka -> /home/uwb_student00/ahls/new_BSP/qualification/ddr-library-import-01/run-05/libraries/mem_ss_mem_ss_501_qm5zaka
# 	-L mem_ss -> /home/uwb_student00/ahls/new_BSP/qualification/ddr-library-import-01/run-05/libraries/mem_ss
# 	-L altera_emif_mem_model_core_ddr4_191 -> /home/uwb_student00/ahls/new_BSP/qualification/ddr-library-import-01/run-05/libraries/altera_emif_mem_model_core_ddr4_191
# 	-L altera_emif_mem_model_191 -> /home/uwb_student00/ahls/new_BSP/qualification/ddr-library-import-01/run-05/libraries/altera_emif_mem_model_191
# 	-L ed_sim_mem -> /home/uwb_student00/ahls/new_BSP/qualification/ddr-library-import-01/run-05/libraries/ed_sim_mem
# 	-L ed_sim_mem_group1 -> /home/uwb_student00/ahls/new_BSP/qualification/ddr-library-import-01/run-05/libraries/ed_sim_mem_group1
# ** Error (suppressible): $MODEL_TECH/../intel/verilog/src/tennm_atoms.sv(6145): (vopt-2732) Module parameter 'a_iossm_is_calib_master' not found for override.
# ** Error (suppressible): $MODEL_TECH/../intel/verilog/src/tennm_atoms.sv(6148): (vopt-2732) Module parameter 'mem_contents_0' not found for override.
# ** Error (suppressible): $MODEL_TECH/../intel/verilog/src/tennm_atoms.sv(6149): (vopt-2732) Module parameter 'mem_contents_1' not found for override.
# ** Error (suppressible): $MODEL_TECH/../intel/verilog/src/tennm_atoms.sv(6150): (vopt-2732) Module parameter 'mem_contents_2' not found for override.
# ** Error (suppressible): $MODEL_TECH/../intel/verilog/src/tennm_atoms.sv(6151): (vopt-2732) Module parameter 'mem_contents_3' not found for override.
# ** Error (suppressible): $MODEL_TECH/../intel/verilog/src/tennm_atoms.sv(6162): (vopt-2732) Module parameter 'calbus0_interface_id' not found for override.
# ** Error (suppressible): $MODEL_TECH/../intel/verilog/src/tennm_atoms.sv(6163): (vopt-2732) Module parameter 'calbus1_interface_id' not found for override.
# ** Error (suppressible): $MODEL_TECH/../intel/verilog/src/tennm_atoms.sv(6164): (vopt-2732) Module parameter 'calbus2_interface_id' not found for override.
# ** Error (suppressible): $MODEL_TECH/../intel/verilog/src/tennm_atoms.sv(6165): (vopt-2732) Module parameter 'calbus3_interface_id' not found for override.
# ** Error (suppressible): $MODEL_TECH/../intel/verilog/src/tennm_atoms.sv(6166): (vopt-2732) Module parameter 'calbus4_interface_id' not found for override.
# ** Error (suppressible): $MODEL_TECH/../intel/verilog/src/tennm_atoms.sv(6167): (vopt-2732) Module parameter 'calbus5_interface_id' not found for override.
# ** Error (suppressible): $MODEL_TECH/../intel/verilog/src/tennm_atoms.sv(6168): (vopt-2732) Module parameter 'calbus6_interface_id' not found for override.
# ** Error (suppressible): $MODEL_TECH/../intel/verilog/src/tennm_atoms.sv(6169): (vopt-2732) Module parameter 'calbus7_interface_id' not found for override.
# ** Error (suppressible): $MODEL_TECH/../intel/verilog/src/tennm_atoms.sv(6170): (vopt-2732) Module parameter 'calbus8_interface_id' not found for override.
# ** Error (suppressible): $MODEL_TECH/../intel/verilog/src/tennm_atoms.sv(6171): (vopt-2732) Module parameter 'calbus9_interface_id' not found for override.
# ** Error (suppressible): $MODEL_TECH/../intel/verilog/src/tennm_atoms.sv(6172): (vopt-2732) Module parameter 'calbus10_interface_id' not found for override.
# ** Error (suppressible): $MODEL_TECH/../intel/verilog/src/tennm_atoms.sv(6173): (vopt-2732) Module parameter 'calbus11_interface_id' not found for override.
# ** Error (suppressible): $MODEL_TECH/../intel/verilog/src/tennm_atoms.sv(6174): (vopt-2732) Module parameter 'calbus12_interface_id' not found for override.
# ** Error (suppressible): $MODEL_TECH/../intel/verilog/src/tennm_atoms.sv(6175): (vopt-2732) Module parameter 'calbus13_interface_id' not found for override.
# ** Error (suppressible): $MODEL_TECH/../intel/verilog/src/tennm_atoms.sv(6176): (vopt-2732) Module parameter 'calbus14_interface_id' not found for override.
# ** Error (suppressible): $MODEL_TECH/../intel/verilog/src/tennm_atoms.sv(6177): (vopt-2732) Module parameter 'calbus15_interface_id' not found for override.
# ** Error (suppressible): $MODEL_TECH/../intel/verilog/src/tennm_atoms.sv(6179): (vopt-2732) Module parameter 'mem_contents_valid' not found for override.
# ** Error (suppressible): $MODEL_TECH/../intel/verilog/src/tennm_atoms.sv(6180): (vopt-2732) Module parameter 'mem_contents_updated' not found for override.
# ** Error (suppressible): $MODEL_TECH/../intel/verilog/src/tennm_atoms.sv(6183): (vopt-2732) Module parameter 'nios_fw_file' not found for override.
# Optimization failed
# ** Note: (vsim-12126) Error and warning message counts have been restored: Errors=24, Warnings=0.
# Error loading design
Error loading design
# End time: 12:52:51 on Sep 18,2026, Elapsed time: 0:00:06
# Errors: 24, Warnings: 0
