API 1 fpgaGetProperties
API 2 fpgaPropertiesSetObjectType
API 3 fpgaPropertiesSetGUID
API 4 fpgaPropertiesSetSegment
API 5 fpgaPropertiesSetBus
API 6 fpgaPropertiesSetDevice
API 7 fpgaPropertiesSetFunction
API 8 fpgaPropertiesSetVendorID
API 9 fpgaPropertiesSetDeviceID
API 10 fpgaPropertiesSetSubsystemVendorID
API 11 fpgaPropertiesSetSubsystemDeviceID
API 12 fpgaEnumerate
API 13 fpgaOpen
API 14 fpgaMapMMIO
FPGA Test identity read 0x0
API 15 fpgaReadMMIO64
FPGA Test identity read 0x8
API 16 fpgaReadMMIO64
FPGA Test identity read 0x10
API 17 fpgaReadMMIO64
FPGA Test capability read 0x98
API 18 fpgaReadMMIO64
FPGA Test capability read 0xa0
API 19 fpgaReadMMIO64
FPGA Test capability read 0xa8
API 20 fpgaReadMMIO64
FPGA Test capability read 0xb0
API 21 fpgaReadMMIO64
API 22 fpgaReadMMIO64
API 23 fpgaReadMMIO64
API 24 fpgaReadMMIO64
API 25 fpgaReadMMIO64
API 26 fpgaReadMMIO64
API 27 fpgaReadMMIO64
FPGA Test discarded quiescent finish history=2
API 28 fpgaReadMMIO64
API 29 fpgaReadMMIO64
API 30 fpgaReadMMIO64
API 31 fpgaPrepareBuffer
API 32 fpgaGetIOAddress
API 33 fpgaPrepareBuffer
API 34 fpgaGetIOAddress
FPGA Test DMA submit sequence=0 mode=1 bank=0 bytes=64 ddr=0x10000
API 35 fpgaReadMMIO64
API 36 fpgaReadMMIO64
API 37 fpgaWriteMMIO64
API 38 fpgaReadMMIO64
API 39 fpgaWriteMMIO64
API 40 fpgaReadMMIO64
API 41 fpgaWriteMMIO64
API 42 fpgaReadMMIO64
INERT_SUBMIT api_next=43 sequence=1
API 43 fpgaWriteMMIO64
API 44 fpgaReadMMIO64
FPGA Test DMA retired and host pages verified sequence=0
FPGA Test DMA submit sequence=1 mode=1 bank=0 bytes=64 ddr=0x10040
API 45 fpgaReadMMIO64
API 46 fpgaReadMMIO64
API 47 fpgaWriteMMIO64
API 48 fpgaReadMMIO64
API 49 fpgaWriteMMIO64
API 50 fpgaReadMMIO64
API 51 fpgaWriteMMIO64
API 52 fpgaReadMMIO64
INERT_SUBMIT api_next=53 sequence=2
API 53 fpgaWriteMMIO64
API 54 fpgaReadMMIO64
FPGA Test DMA retired and host pages verified sequence=1
FPGA Test DMA submit sequence=2 mode=1 bank=1 bytes=64 ddr=0xffc0
API 55 fpgaReadMMIO64
API 56 fpgaReadMMIO64
API 57 fpgaWriteMMIO64
API 58 fpgaReadMMIO64
API 59 fpgaWriteMMIO64
API 60 fpgaReadMMIO64
API 61 fpgaWriteMMIO64
API 62 fpgaReadMMIO64
INERT_SUBMIT api_next=63 sequence=3
API 63 fpgaWriteMMIO64
API 64 fpgaReadMMIO64
FPGA Test DMA retired and host pages verified sequence=2
FPGA Test DMA submit sequence=3 mode=1 bank=1 bytes=128 ddr=0x10000
API 65 fpgaReadMMIO64
API 66 fpgaReadMMIO64
API 67 fpgaWriteMMIO64
API 68 fpgaReadMMIO64
API 69 fpgaWriteMMIO64
API 70 fpgaReadMMIO64
API 71 fpgaWriteMMIO64
API 72 fpgaReadMMIO64
INERT_SUBMIT api_next=73 sequence=4
API 73 fpgaWriteMMIO64
API 74 fpgaReadMMIO64
FPGA Test DMA retired and host pages verified sequence=3
API 75 fpgaWriteMMIO64
API 76 fpgaWriteMMIO64
API 77 fpgaWriteMMIO64
API 78 fpgaWriteMMIO64
API 79 fpgaReadMMIO64
INERT_KERNEL_SUBMIT api_next=80
API 80 fpgaWriteMMIO64
API 81 fpgaReadMMIO64
API 82 fpgaReadMMIO64
API 83 fpgaReadMMIO64
INERT_HOLD reason=kernel outcome uncertain or post-start verification failed go=4 kernel=1 polls=1
INERT_DMA buffers=2 releases=0 go=4 held=1 kernel=1 producer=1 ticket=1 completed=0
INERT_MEMORY_SUMMARY calls=83 filters=10 reads=44 opens=1 maps=1 failed=0 remaining=63 allowed_remaining=0
