API 1 fpgaGetProperties
API 2 fpgaPropertiesSetObjectType
API 3 fpgaPropertiesSetGUID
API 4 fpgaPropertiesSetSegment
API 5 fpgaPropertiesSetBus
API 6 fpgaPropertiesSetDevice
API 7 fpgaPropertiesSetFunction
API 8 fpgaPropertiesSetVendorID
API 9 fpgaPropertiesSetDeviceID
API 10 fpgaPropertiesSetSubsystemVendorID
API 11 fpgaPropertiesSetSubsystemDeviceID
API 12 fpgaEnumerate
API 13 fpgaOpen
API 14 fpgaMapMMIO
FPGA Test identity read 0x0
API 15 fpgaReadMMIO64
FPGA Test identity read 0x8
API 16 fpgaReadMMIO64
FPGA Test identity read 0x10
API 17 fpgaReadMMIO64
FPGA Test capability read 0x98
API 18 fpgaReadMMIO64
FPGA Test capability read 0xa0
API 19 fpgaReadMMIO64
FPGA Test capability read 0xa8
API 20 fpgaReadMMIO64
FPGA Test capability read 0xb0
API 21 fpgaReadMMIO64
API 22 fpgaReadMMIO64
API 23 fpgaReadMMIO64
API 24 fpgaReadMMIO64
API 25 fpgaReadMMIO64
API 26 fpgaReadMMIO64
API 27 fpgaReadMMIO64
FPGA Test discarded quiescent finish history=2
API 28 fpgaReadMMIO64
API 29 fpgaReadMMIO64
API 30 fpgaReadMMIO64
API 31 fpgaPrepareBuffer
API 32 fpgaGetIOAddress
API 33 fpgaPrepareBuffer
API 34 fpgaGetIOAddress
FPGA Test DMA submit sequence=0 mode=1 bank=0 bytes=64 ddr=0x10000
API 35 fpgaReadMMIO64
API 36 fpgaReadMMIO64
API 37 fpgaWriteMMIO64
API 38 fpgaReadMMIO64
API 39 fpgaWriteMMIO64
API 40 fpgaReadMMIO64
API 41 fpgaWriteMMIO64
API 42 fpgaReadMMIO64
INERT_SUBMIT api_next=43 sequence=1
API 43 fpgaWriteMMIO64
API 44 fpgaReadMMIO64
FPGA Test DMA retired and host pages verified sequence=0
FPGA Test DMA submit sequence=1 mode=1 bank=0 bytes=64 ddr=0x10040
API 45 fpgaReadMMIO64
API 46 fpgaReadMMIO64
API 47 fpgaWriteMMIO64
API 48 fpgaReadMMIO64
API 49 fpgaWriteMMIO64
API 50 fpgaReadMMIO64
API 51 fpgaWriteMMIO64
API 52 fpgaReadMMIO64
INERT_SUBMIT api_next=53 sequence=2
API 53 fpgaWriteMMIO64
API 54 fpgaReadMMIO64
FPGA Test DMA retired and host pages verified sequence=1
FPGA Test DMA submit sequence=2 mode=1 bank=1 bytes=64 ddr=0xffc0
API 55 fpgaReadMMIO64
API 56 fpgaReadMMIO64
API 57 fpgaWriteMMIO64
API 58 fpgaReadMMIO64
API 59 fpgaWriteMMIO64
API 60 fpgaReadMMIO64
API 61 fpgaWriteMMIO64
API 62 fpgaReadMMIO64
INERT_SUBMIT api_next=63 sequence=3
API 63 fpgaWriteMMIO64
API 64 fpgaReadMMIO64
FPGA Test DMA retired and host pages verified sequence=2
FPGA Test DMA submit sequence=3 mode=1 bank=1 bytes=128 ddr=0x10000
API 65 fpgaReadMMIO64
API 66 fpgaReadMMIO64
API 67 fpgaWriteMMIO64
API 68 fpgaReadMMIO64
API 69 fpgaWriteMMIO64
API 70 fpgaReadMMIO64
API 71 fpgaWriteMMIO64
API 72 fpgaReadMMIO64
INERT_SUBMIT api_next=73 sequence=4
API 73 fpgaWriteMMIO64
API 74 fpgaReadMMIO64
FPGA Test DMA retired and host pages verified sequence=3
API 75 fpgaWriteMMIO64
API 76 fpgaWriteMMIO64
API 77 fpgaWriteMMIO64
API 78 fpgaWriteMMIO64
API 79 fpgaReadMMIO64
INERT_KERNEL_SUBMIT api_next=80
API 80 fpgaWriteMMIO64
API 81 fpgaReadMMIO64
API 82 fpgaReadMMIO64
API 83 fpgaReadMMIO64
API 84 fpgaReadMMIO64
API 85 fpgaReadMMIO64
API 86 fpgaReadMMIO64
API 87 fpgaReadMMIO64
API 88 fpgaReadMMIO64
API 89 fpgaReadMMIO64
API 90 fpgaReadMMIO64
API 91 fpgaReadMMIO64
API 92 fpgaReadMMIO64
API 93 fpgaReadMMIO64
API 94 fpgaReadMMIO64
API 95 fpgaReadMMIO64
API 96 fpgaReadMMIO64
API 97 fpgaReadMMIO64
API 98 fpgaReadMMIO64
API 99 fpgaReadMMIO64
API 100 fpgaReadMMIO64
API 101 fpgaReadMMIO64
API 102 fpgaReadMMIO64
API 103 fpgaReadMMIO64
API 104 fpgaReadMMIO64
API 105 fpgaReadMMIO64
API 106 fpgaReadMMIO64
API 107 fpgaReadMMIO64
API 108 fpgaReadMMIO64
API 109 fpgaReadMMIO64
API 110 fpgaReadMMIO64
API 111 fpgaReadMMIO64
API 112 fpgaReadMMIO64
API 113 fpgaReadMMIO64
API 114 fpgaReadMMIO64
API 115 fpgaReadMMIO64
API 116 fpgaReadMMIO64
API 117 fpgaReadMMIO64
API 118 fpgaReadMMIO64
API 119 fpgaReadMMIO64
API 120 fpgaReadMMIO64
API 121 fpgaReadMMIO64
API 122 fpgaReadMMIO64
API 123 fpgaReadMMIO64
API 124 fpgaReadMMIO64
API 125 fpgaReadMMIO64
API 126 fpgaReadMMIO64
API 127 fpgaReadMMIO64
API 128 fpgaReadMMIO64
API 129 fpgaReadMMIO64
API 130 fpgaReadMMIO64
API 131 fpgaReadMMIO64
API 132 fpgaReadMMIO64
API 133 fpgaReadMMIO64
API 134 fpgaReadMMIO64
API 135 fpgaReadMMIO64
API 136 fpgaReadMMIO64
API 137 fpgaReadMMIO64
API 138 fpgaReadMMIO64
API 139 fpgaReadMMIO64
API 140 fpgaReadMMIO64
API 141 fpgaReadMMIO64
API 142 fpgaReadMMIO64
API 143 fpgaReadMMIO64
API 144 fpgaReadMMIO64
API 145 fpgaReadMMIO64
API 146 fpgaReadMMIO64
API 147 fpgaReadMMIO64
API 148 fpgaReadMMIO64
API 149 fpgaReadMMIO64
API 150 fpgaReadMMIO64
API 151 fpgaReadMMIO64
API 152 fpgaReadMMIO64
API 153 fpgaReadMMIO64
API 154 fpgaReadMMIO64
API 155 fpgaReadMMIO64
API 156 fpgaReadMMIO64
API 157 fpgaReadMMIO64
API 158 fpgaReadMMIO64
API 159 fpgaReadMMIO64
API 160 fpgaReadMMIO64
API 161 fpgaReadMMIO64
API 162 fpgaReadMMIO64
API 163 fpgaReadMMIO64
API 164 fpgaReadMMIO64
API 165 fpgaReadMMIO64
API 166 fpgaReadMMIO64
API 167 fpgaReadMMIO64
API 168 fpgaReadMMIO64
API 169 fpgaReadMMIO64
API 170 fpgaReadMMIO64
API 171 fpgaReadMMIO64
API 172 fpgaReadMMIO64
API 173 fpgaReadMMIO64
API 174 fpgaReadMMIO64
API 175 fpgaReadMMIO64
API 176 fpgaReadMMIO64
API 177 fpgaReadMMIO64
API 178 fpgaReadMMIO64
API 179 fpgaReadMMIO64
API 180 fpgaReadMMIO64
API 181 fpgaReadMMIO64
API 182 fpgaReadMMIO64
API 183 fpgaReadMMIO64
API 184 fpgaReadMMIO64
API 185 fpgaReadMMIO64
API 186 fpgaReadMMIO64
API 187 fpgaReadMMIO64
API 188 fpgaReadMMIO64
API 189 fpgaReadMMIO64
API 190 fpgaReadMMIO64
API 191 fpgaReadMMIO64
API 192 fpgaReadMMIO64
API 193 fpgaReadMMIO64
API 194 fpgaReadMMIO64
API 195 fpgaReadMMIO64
API 196 fpgaReadMMIO64
API 197 fpgaReadMMIO64
API 198 fpgaReadMMIO64
API 199 fpgaReadMMIO64
API 200 fpgaReadMMIO64
API 201 fpgaReadMMIO64
API 202 fpgaReadMMIO64
API 203 fpgaReadMMIO64
API 204 fpgaReadMMIO64
API 205 fpgaReadMMIO64
API 206 fpgaReadMMIO64
API 207 fpgaReadMMIO64
API 208 fpgaReadMMIO64
API 209 fpgaReadMMIO64
API 210 fpgaReadMMIO64
API 211 fpgaReadMMIO64
API 212 fpgaReadMMIO64
API 213 fpgaReadMMIO64
API 214 fpgaReadMMIO64
API 215 fpgaReadMMIO64
API 216 fpgaReadMMIO64
API 217 fpgaReadMMIO64
API 218 fpgaReadMMIO64
API 219 fpgaReadMMIO64
API 220 fpgaReadMMIO64
API 221 fpgaReadMMIO64
API 222 fpgaReadMMIO64
API 223 fpgaReadMMIO64
API 224 fpgaReadMMIO64
API 225 fpgaReadMMIO64
API 226 fpgaReadMMIO64
API 227 fpgaReadMMIO64
API 228 fpgaReadMMIO64
API 229 fpgaReadMMIO64
API 230 fpgaReadMMIO64
API 231 fpgaReadMMIO64
API 232 fpgaReadMMIO64
API 233 fpgaReadMMIO64
API 234 fpgaReadMMIO64
API 235 fpgaReadMMIO64
API 236 fpgaReadMMIO64
API 237 fpgaReadMMIO64
API 238 fpgaReadMMIO64
API 239 fpgaReadMMIO64
API 240 fpgaReadMMIO64
API 241 fpgaReadMMIO64
API 242 fpgaReadMMIO64
API 243 fpgaReadMMIO64
API 244 fpgaReadMMIO64
API 245 fpgaReadMMIO64
API 246 fpgaReadMMIO64
API 247 fpgaReadMMIO64
API 248 fpgaReadMMIO64
API 249 fpgaReadMMIO64
API 250 fpgaReadMMIO64
API 251 fpgaReadMMIO64
API 252 fpgaReadMMIO64
API 253 fpgaReadMMIO64
API 254 fpgaReadMMIO64
API 255 fpgaReadMMIO64
API 256 fpgaReadMMIO64
API 257 fpgaReadMMIO64
API 258 fpgaReadMMIO64
API 259 fpgaReadMMIO64
API 260 fpgaReadMMIO64
API 261 fpgaReadMMIO64
API 262 fpgaReadMMIO64
API 263 fpgaReadMMIO64
API 264 fpgaReadMMIO64
API 265 fpgaReadMMIO64
API 266 fpgaReadMMIO64
API 267 fpgaReadMMIO64
API 268 fpgaReadMMIO64
API 269 fpgaReadMMIO64
API 270 fpgaReadMMIO64
API 271 fpgaReadMMIO64
API 272 fpgaReadMMIO64
API 273 fpgaReadMMIO64
API 274 fpgaReadMMIO64
API 275 fpgaReadMMIO64
API 276 fpgaReadMMIO64
API 277 fpgaReadMMIO64
API 278 fpgaReadMMIO64
API 279 fpgaReadMMIO64
API 280 fpgaReadMMIO64
API 281 fpgaReadMMIO64
API 282 fpgaReadMMIO64
API 283 fpgaReadMMIO64
API 284 fpgaReadMMIO64
API 285 fpgaReadMMIO64
API 286 fpgaReadMMIO64
API 287 fpgaReadMMIO64
API 288 fpgaReadMMIO64
API 289 fpgaReadMMIO64
API 290 fpgaReadMMIO64
API 291 fpgaReadMMIO64
API 292 fpgaReadMMIO64
API 293 fpgaReadMMIO64
API 294 fpgaReadMMIO64
API 295 fpgaReadMMIO64
API 296 fpgaReadMMIO64
API 297 fpgaReadMMIO64
API 298 fpgaReadMMIO64
API 299 fpgaReadMMIO64
API 300 fpgaReadMMIO64
API 301 fpgaReadMMIO64
API 302 fpgaReadMMIO64
API 303 fpgaReadMMIO64
API 304 fpgaReadMMIO64
API 305 fpgaReadMMIO64
API 306 fpgaReadMMIO64
API 307 fpgaReadMMIO64
API 308 fpgaReadMMIO64
API 309 fpgaReadMMIO64
API 310 fpgaReadMMIO64
API 311 fpgaReadMMIO64
API 312 fpgaReadMMIO64
API 313 fpgaReadMMIO64
API 314 fpgaReadMMIO64
API 315 fpgaReadMMIO64
API 316 fpgaReadMMIO64
API 317 fpgaReadMMIO64
API 318 fpgaReadMMIO64
API 319 fpgaReadMMIO64
API 320 fpgaReadMMIO64
API 321 fpgaReadMMIO64
API 322 fpgaReadMMIO64
API 323 fpgaReadMMIO64
API 324 fpgaReadMMIO64
API 325 fpgaReadMMIO64
API 326 fpgaReadMMIO64
API 327 fpgaReadMMIO64
API 328 fpgaReadMMIO64
API 329 fpgaReadMMIO64
API 330 fpgaReadMMIO64
API 331 fpgaReadMMIO64
API 332 fpgaReadMMIO64
API 333 fpgaReadMMIO64
API 334 fpgaReadMMIO64
API 335 fpgaReadMMIO64
API 336 fpgaReadMMIO64
API 337 fpgaReadMMIO64
API 338 fpgaReadMMIO64
API 339 fpgaReadMMIO64
API 340 fpgaReadMMIO64
API 341 fpgaReadMMIO64
API 342 fpgaReadMMIO64
API 343 fpgaReadMMIO64
API 344 fpgaReadMMIO64
API 345 fpgaReadMMIO64
API 346 fpgaReadMMIO64
API 347 fpgaReadMMIO64
API 348 fpgaReadMMIO64
API 349 fpgaReadMMIO64
API 350 fpgaReadMMIO64
API 351 fpgaReadMMIO64
API 352 fpgaReadMMIO64
API 353 fpgaReadMMIO64
API 354 fpgaReadMMIO64
API 355 fpgaReadMMIO64
API 356 fpgaReadMMIO64
API 357 fpgaReadMMIO64
API 358 fpgaReadMMIO64
API 359 fpgaReadMMIO64
API 360 fpgaReadMMIO64
API 361 fpgaReadMMIO64
API 362 fpgaReadMMIO64
API 363 fpgaReadMMIO64
API 364 fpgaReadMMIO64
API 365 fpgaReadMMIO64
API 366 fpgaReadMMIO64
API 367 fpgaReadMMIO64
API 368 fpgaReadMMIO64
API 369 fpgaReadMMIO64
API 370 fpgaReadMMIO64
API 371 fpgaReadMMIO64
API 372 fpgaReadMMIO64
API 373 fpgaReadMMIO64
API 374 fpgaReadMMIO64
API 375 fpgaReadMMIO64
API 376 fpgaReadMMIO64
API 377 fpgaReadMMIO64
API 378 fpgaReadMMIO64
API 379 fpgaReadMMIO64
API 380 fpgaReadMMIO64
API 381 fpgaReadMMIO64
API 382 fpgaReadMMIO64
API 383 fpgaReadMMIO64
API 384 fpgaReadMMIO64
API 385 fpgaReadMMIO64
API 386 fpgaReadMMIO64
API 387 fpgaReadMMIO64
API 388 fpgaReadMMIO64
API 389 fpgaReadMMIO64
API 390 fpgaReadMMIO64
API 391 fpgaReadMMIO64
API 392 fpgaReadMMIO64
API 393 fpgaReadMMIO64
API 394 fpgaReadMMIO64
API 395 fpgaReadMMIO64
API 396 fpgaReadMMIO64
API 397 fpgaReadMMIO64
API 398 fpgaReadMMIO64
API 399 fpgaReadMMIO64
API 400 fpgaReadMMIO64
API 401 fpgaReadMMIO64
API 402 fpgaReadMMIO64
API 403 fpgaReadMMIO64
API 404 fpgaReadMMIO64
API 405 fpgaReadMMIO64
API 406 fpgaReadMMIO64
API 407 fpgaReadMMIO64
API 408 fpgaReadMMIO64
API 409 fpgaReadMMIO64
API 410 fpgaReadMMIO64
API 411 fpgaReadMMIO64
API 412 fpgaReadMMIO64
API 413 fpgaReadMMIO64
API 414 fpgaReadMMIO64
API 415 fpgaReadMMIO64
API 416 fpgaReadMMIO64
API 417 fpgaReadMMIO64
API 418 fpgaReadMMIO64
API 419 fpgaReadMMIO64
API 420 fpgaReadMMIO64
API 421 fpgaReadMMIO64
API 422 fpgaReadMMIO64
API 423 fpgaReadMMIO64
API 424 fpgaReadMMIO64
API 425 fpgaReadMMIO64
API 426 fpgaReadMMIO64
API 427 fpgaReadMMIO64
API 428 fpgaReadMMIO64
API 429 fpgaReadMMIO64
API 430 fpgaReadMMIO64
API 431 fpgaReadMMIO64
API 432 fpgaReadMMIO64
API 433 fpgaReadMMIO64
API 434 fpgaReadMMIO64
API 435 fpgaReadMMIO64
API 436 fpgaReadMMIO64
API 437 fpgaReadMMIO64
API 438 fpgaReadMMIO64
API 439 fpgaReadMMIO64
API 440 fpgaReadMMIO64
API 441 fpgaReadMMIO64
API 442 fpgaReadMMIO64
API 443 fpgaReadMMIO64
API 444 fpgaReadMMIO64
API 445 fpgaReadMMIO64
API 446 fpgaReadMMIO64
API 447 fpgaReadMMIO64
API 448 fpgaReadMMIO64
API 449 fpgaReadMMIO64
API 450 fpgaReadMMIO64
API 451 fpgaReadMMIO64
API 452 fpgaReadMMIO64
API 453 fpgaReadMMIO64
API 454 fpgaReadMMIO64
API 455 fpgaReadMMIO64
API 456 fpgaReadMMIO64
API 457 fpgaReadMMIO64
API 458 fpgaReadMMIO64
API 459 fpgaReadMMIO64
API 460 fpgaReadMMIO64
API 461 fpgaReadMMIO64
API 462 fpgaReadMMIO64
API 463 fpgaReadMMIO64
API 464 fpgaReadMMIO64
API 465 fpgaReadMMIO64
API 466 fpgaReadMMIO64
API 467 fpgaReadMMIO64
API 468 fpgaReadMMIO64
API 469 fpgaReadMMIO64
API 470 fpgaReadMMIO64
API 471 fpgaReadMMIO64
API 472 fpgaReadMMIO64
API 473 fpgaReadMMIO64
API 474 fpgaReadMMIO64
API 475 fpgaReadMMIO64
API 476 fpgaReadMMIO64
API 477 fpgaReadMMIO64
API 478 fpgaReadMMIO64
API 479 fpgaReadMMIO64
API 480 fpgaReadMMIO64
API 481 fpgaReadMMIO64
API 482 fpgaReadMMIO64
API 483 fpgaReadMMIO64
API 484 fpgaReadMMIO64
API 485 fpgaReadMMIO64
API 486 fpgaReadMMIO64
API 487 fpgaReadMMIO64
API 488 fpgaReadMMIO64
API 489 fpgaReadMMIO64
API 490 fpgaReadMMIO64
API 491 fpgaReadMMIO64
API 492 fpgaReadMMIO64
API 493 fpgaReadMMIO64
API 494 fpgaReadMMIO64
API 495 fpgaReadMMIO64
API 496 fpgaReadMMIO64
API 497 fpgaReadMMIO64
API 498 fpgaReadMMIO64
API 499 fpgaReadMMIO64
API 500 fpgaReadMMIO64
API 501 fpgaReadMMIO64
API 502 fpgaReadMMIO64
API 503 fpgaReadMMIO64
API 504 fpgaReadMMIO64
API 505 fpgaReadMMIO64
API 506 fpgaReadMMIO64
API 507 fpgaReadMMIO64
API 508 fpgaReadMMIO64
API 509 fpgaReadMMIO64
API 510 fpgaReadMMIO64
API 511 fpgaReadMMIO64
API 512 fpgaReadMMIO64
API 513 fpgaReadMMIO64
API 514 fpgaReadMMIO64
API 515 fpgaReadMMIO64
API 516 fpgaReadMMIO64
API 517 fpgaReadMMIO64
API 518 fpgaReadMMIO64
API 519 fpgaReadMMIO64
API 520 fpgaReadMMIO64
API 521 fpgaReadMMIO64
API 522 fpgaReadMMIO64
API 523 fpgaReadMMIO64
API 524 fpgaReadMMIO64
API 525 fpgaReadMMIO64
API 526 fpgaReadMMIO64
API 527 fpgaReadMMIO64
API 528 fpgaReadMMIO64
API 529 fpgaReadMMIO64
API 530 fpgaReadMMIO64
API 531 fpgaReadMMIO64
API 532 fpgaReadMMIO64
API 533 fpgaReadMMIO64
API 534 fpgaReadMMIO64
API 535 fpgaReadMMIO64
API 536 fpgaReadMMIO64
API 537 fpgaReadMMIO64
API 538 fpgaReadMMIO64
API 539 fpgaReadMMIO64
API 540 fpgaReadMMIO64
API 541 fpgaReadMMIO64
API 542 fpgaReadMMIO64
API 543 fpgaReadMMIO64
API 544 fpgaReadMMIO64
API 545 fpgaReadMMIO64
API 546 fpgaReadMMIO64
API 547 fpgaReadMMIO64
API 548 fpgaReadMMIO64
API 549 fpgaReadMMIO64
API 550 fpgaReadMMIO64
API 551 fpgaReadMMIO64
API 552 fpgaReadMMIO64
API 553 fpgaReadMMIO64
API 554 fpgaReadMMIO64
API 555 fpgaReadMMIO64
API 556 fpgaReadMMIO64
API 557 fpgaReadMMIO64
API 558 fpgaReadMMIO64
API 559 fpgaReadMMIO64
API 560 fpgaReadMMIO64
API 561 fpgaReadMMIO64
API 562 fpgaReadMMIO64
API 563 fpgaReadMMIO64
API 564 fpgaReadMMIO64
API 565 fpgaReadMMIO64
API 566 fpgaReadMMIO64
API 567 fpgaReadMMIO64
API 568 fpgaReadMMIO64
API 569 fpgaReadMMIO64
API 570 fpgaReadMMIO64
API 571 fpgaReadMMIO64
API 572 fpgaReadMMIO64
API 573 fpgaReadMMIO64
API 574 fpgaReadMMIO64
API 575 fpgaReadMMIO64
API 576 fpgaReadMMIO64
API 577 fpgaReadMMIO64
API 578 fpgaReadMMIO64
API 579 fpgaReadMMIO64
API 580 fpgaReadMMIO64
API 581 fpgaReadMMIO64
API 582 fpgaReadMMIO64
API 583 fpgaReadMMIO64
API 584 fpgaReadMMIO64
API 585 fpgaReadMMIO64
API 586 fpgaReadMMIO64
API 587 fpgaReadMMIO64
API 588 fpgaReadMMIO64
API 589 fpgaReadMMIO64
API 590 fpgaReadMMIO64
API 591 fpgaReadMMIO64
API 592 fpgaReadMMIO64
API 593 fpgaReadMMIO64
API 594 fpgaReadMMIO64
API 595 fpgaReadMMIO64
API 596 fpgaReadMMIO64
API 597 fpgaReadMMIO64
API 598 fpgaReadMMIO64
API 599 fpgaReadMMIO64
API 600 fpgaReadMMIO64
API 601 fpgaReadMMIO64
API 602 fpgaReadMMIO64
API 603 fpgaReadMMIO64
API 604 fpgaReadMMIO64
API 605 fpgaReadMMIO64
API 606 fpgaReadMMIO64
API 607 fpgaReadMMIO64
API 608 fpgaReadMMIO64
API 609 fpgaReadMMIO64
API 610 fpgaReadMMIO64
API 611 fpgaReadMMIO64
API 612 fpgaReadMMIO64
API 613 fpgaReadMMIO64
API 614 fpgaReadMMIO64
API 615 fpgaReadMMIO64
API 616 fpgaReadMMIO64
API 617 fpgaReadMMIO64
API 618 fpgaReadMMIO64
API 619 fpgaReadMMIO64
API 620 fpgaReadMMIO64
API 621 fpgaReadMMIO64
API 622 fpgaReadMMIO64
API 623 fpgaReadMMIO64
API 624 fpgaReadMMIO64
API 625 fpgaReadMMIO64
API 626 fpgaReadMMIO64
API 627 fpgaReadMMIO64
API 628 fpgaReadMMIO64
API 629 fpgaReadMMIO64
API 630 fpgaReadMMIO64
API 631 fpgaReadMMIO64
API 632 fpgaReadMMIO64
API 633 fpgaReadMMIO64
API 634 fpgaReadMMIO64
API 635 fpgaReadMMIO64
API 636 fpgaReadMMIO64
API 637 fpgaReadMMIO64
API 638 fpgaReadMMIO64
API 639 fpgaReadMMIO64
API 640 fpgaReadMMIO64
API 641 fpgaReadMMIO64
API 642 fpgaReadMMIO64
API 643 fpgaReadMMIO64
API 644 fpgaReadMMIO64
API 645 fpgaReadMMIO64
API 646 fpgaReadMMIO64
API 647 fpgaReadMMIO64
API 648 fpgaReadMMIO64
API 649 fpgaReadMMIO64
API 650 fpgaReadMMIO64
API 651 fpgaReadMMIO64
API 652 fpgaReadMMIO64
API 653 fpgaReadMMIO64
API 654 fpgaReadMMIO64
API 655 fpgaReadMMIO64
API 656 fpgaReadMMIO64
API 657 fpgaReadMMIO64
API 658 fpgaReadMMIO64
API 659 fpgaReadMMIO64
API 660 fpgaReadMMIO64
API 661 fpgaReadMMIO64
API 662 fpgaReadMMIO64
API 663 fpgaReadMMIO64
API 664 fpgaReadMMIO64
API 665 fpgaReadMMIO64
API 666 fpgaReadMMIO64
API 667 fpgaReadMMIO64
API 668 fpgaReadMMIO64
API 669 fpgaReadMMIO64
API 670 fpgaReadMMIO64
API 671 fpgaReadMMIO64
API 672 fpgaReadMMIO64
API 673 fpgaReadMMIO64
API 674 fpgaReadMMIO64
API 675 fpgaReadMMIO64
API 676 fpgaReadMMIO64
API 677 fpgaReadMMIO64
API 678 fpgaReadMMIO64
API 679 fpgaReadMMIO64
API 680 fpgaReadMMIO64
API 681 fpgaReadMMIO64
API 682 fpgaReadMMIO64
API 683 fpgaReadMMIO64
API 684 fpgaReadMMIO64
API 685 fpgaReadMMIO64
API 686 fpgaReadMMIO64
API 687 fpgaReadMMIO64
API 688 fpgaReadMMIO64
API 689 fpgaReadMMIO64
API 690 fpgaReadMMIO64
API 691 fpgaReadMMIO64
API 692 fpgaReadMMIO64
API 693 fpgaReadMMIO64
API 694 fpgaReadMMIO64
API 695 fpgaReadMMIO64
API 696 fpgaReadMMIO64
API 697 fpgaReadMMIO64
API 698 fpgaReadMMIO64
API 699 fpgaReadMMIO64
API 700 fpgaReadMMIO64
API 701 fpgaReadMMIO64
API 702 fpgaReadMMIO64
API 703 fpgaReadMMIO64
API 704 fpgaReadMMIO64
API 705 fpgaReadMMIO64
API 706 fpgaReadMMIO64
API 707 fpgaReadMMIO64
API 708 fpgaReadMMIO64
API 709 fpgaReadMMIO64
API 710 fpgaReadMMIO64
API 711 fpgaReadMMIO64
API 712 fpgaReadMMIO64
API 713 fpgaReadMMIO64
API 714 fpgaReadMMIO64
API 715 fpgaReadMMIO64
API 716 fpgaReadMMIO64
API 717 fpgaReadMMIO64
API 718 fpgaReadMMIO64
API 719 fpgaReadMMIO64
API 720 fpgaReadMMIO64
API 721 fpgaReadMMIO64
API 722 fpgaReadMMIO64
API 723 fpgaReadMMIO64
API 724 fpgaReadMMIO64
API 725 fpgaReadMMIO64
API 726 fpgaReadMMIO64
API 727 fpgaReadMMIO64
API 728 fpgaReadMMIO64
API 729 fpgaReadMMIO64
API 730 fpgaReadMMIO64
API 731 fpgaReadMMIO64
API 732 fpgaReadMMIO64
API 733 fpgaReadMMIO64
API 734 fpgaReadMMIO64
API 735 fpgaReadMMIO64
API 736 fpgaReadMMIO64
API 737 fpgaReadMMIO64
API 738 fpgaReadMMIO64
API 739 fpgaReadMMIO64
API 740 fpgaReadMMIO64
API 741 fpgaReadMMIO64
API 742 fpgaReadMMIO64
API 743 fpgaReadMMIO64
API 744 fpgaReadMMIO64
API 745 fpgaReadMMIO64
API 746 fpgaReadMMIO64
API 747 fpgaReadMMIO64
API 748 fpgaReadMMIO64
API 749 fpgaReadMMIO64
API 750 fpgaReadMMIO64
API 751 fpgaReadMMIO64
API 752 fpgaReadMMIO64
API 753 fpgaReadMMIO64
API 754 fpgaReadMMIO64
API 755 fpgaReadMMIO64
API 756 fpgaReadMMIO64
API 757 fpgaReadMMIO64
API 758 fpgaReadMMIO64
API 759 fpgaReadMMIO64
API 760 fpgaReadMMIO64
API 761 fpgaReadMMIO64
API 762 fpgaReadMMIO64
API 763 fpgaReadMMIO64
API 764 fpgaReadMMIO64
API 765 fpgaReadMMIO64
API 766 fpgaReadMMIO64
API 767 fpgaReadMMIO64
API 768 fpgaReadMMIO64
API 769 fpgaReadMMIO64
API 770 fpgaReadMMIO64
API 771 fpgaReadMMIO64
API 772 fpgaReadMMIO64
API 773 fpgaReadMMIO64
API 774 fpgaReadMMIO64
API 775 fpgaReadMMIO64
API 776 fpgaReadMMIO64
API 777 fpgaReadMMIO64
API 778 fpgaReadMMIO64
API 779 fpgaReadMMIO64
API 780 fpgaReadMMIO64
API 781 fpgaReadMMIO64
API 782 fpgaReadMMIO64
API 783 fpgaReadMMIO64
API 784 fpgaReadMMIO64
API 785 fpgaReadMMIO64
API 786 fpgaReadMMIO64
API 787 fpgaReadMMIO64
API 788 fpgaReadMMIO64
API 789 fpgaReadMMIO64
API 790 fpgaReadMMIO64
API 791 fpgaReadMMIO64
API 792 fpgaReadMMIO64
API 793 fpgaReadMMIO64
API 794 fpgaReadMMIO64
API 795 fpgaReadMMIO64
API 796 fpgaReadMMIO64
API 797 fpgaReadMMIO64
API 798 fpgaReadMMIO64
API 799 fpgaReadMMIO64
API 800 fpgaReadMMIO64
API 801 fpgaReadMMIO64
API 802 fpgaReadMMIO64
API 803 fpgaReadMMIO64
API 804 fpgaReadMMIO64
API 805 fpgaReadMMIO64
API 806 fpgaReadMMIO64
API 807 fpgaReadMMIO64
API 808 fpgaReadMMIO64
API 809 fpgaReadMMIO64
API 810 fpgaReadMMIO64
API 811 fpgaReadMMIO64
API 812 fpgaReadMMIO64
API 813 fpgaReadMMIO64
API 814 fpgaReadMMIO64
API 815 fpgaReadMMIO64
API 816 fpgaReadMMIO64
API 817 fpgaReadMMIO64
API 818 fpgaReadMMIO64
API 819 fpgaReadMMIO64
API 820 fpgaReadMMIO64
API 821 fpgaReadMMIO64
API 822 fpgaReadMMIO64
API 823 fpgaReadMMIO64
API 824 fpgaReadMMIO64
API 825 fpgaReadMMIO64
API 826 fpgaReadMMIO64
API 827 fpgaReadMMIO64
API 828 fpgaReadMMIO64
API 829 fpgaReadMMIO64
API 830 fpgaReadMMIO64
API 831 fpgaReadMMIO64
API 832 fpgaReadMMIO64
API 833 fpgaReadMMIO64
API 834 fpgaReadMMIO64
API 835 fpgaReadMMIO64
API 836 fpgaReadMMIO64
API 837 fpgaReadMMIO64
API 838 fpgaReadMMIO64
API 839 fpgaReadMMIO64
API 840 fpgaReadMMIO64
API 841 fpgaReadMMIO64
API 842 fpgaReadMMIO64
API 843 fpgaReadMMIO64
API 844 fpgaReadMMIO64
API 845 fpgaReadMMIO64
API 846 fpgaReadMMIO64
API 847 fpgaReadMMIO64
API 848 fpgaReadMMIO64
API 849 fpgaReadMMIO64
API 850 fpgaReadMMIO64
API 851 fpgaReadMMIO64
API 852 fpgaReadMMIO64
API 853 fpgaReadMMIO64
API 854 fpgaReadMMIO64
API 855 fpgaReadMMIO64
API 856 fpgaReadMMIO64
API 857 fpgaReadMMIO64
API 858 fpgaReadMMIO64
API 859 fpgaReadMMIO64
API 860 fpgaReadMMIO64
API 861 fpgaReadMMIO64
API 862 fpgaReadMMIO64
API 863 fpgaReadMMIO64
API 864 fpgaReadMMIO64
API 865 fpgaReadMMIO64
API 866 fpgaReadMMIO64
API 867 fpgaReadMMIO64
API 868 fpgaReadMMIO64
API 869 fpgaReadMMIO64
API 870 fpgaReadMMIO64
API 871 fpgaReadMMIO64
API 872 fpgaReadMMIO64
API 873 fpgaReadMMIO64
API 874 fpgaReadMMIO64
API 875 fpgaReadMMIO64
API 876 fpgaReadMMIO64
API 877 fpgaReadMMIO64
API 878 fpgaReadMMIO64
API 879 fpgaReadMMIO64
API 880 fpgaReadMMIO64
API 881 fpgaReadMMIO64
API 882 fpgaReadMMIO64
API 883 fpgaReadMMIO64
API 884 fpgaReadMMIO64
API 885 fpgaReadMMIO64
API 886 fpgaReadMMIO64
API 887 fpgaReadMMIO64
API 888 fpgaReadMMIO64
API 889 fpgaReadMMIO64
API 890 fpgaReadMMIO64
API 891 fpgaReadMMIO64
API 892 fpgaReadMMIO64
API 893 fpgaReadMMIO64
API 894 fpgaReadMMIO64
API 895 fpgaReadMMIO64
API 896 fpgaReadMMIO64
API 897 fpgaReadMMIO64
API 898 fpgaReadMMIO64
API 899 fpgaReadMMIO64
API 900 fpgaReadMMIO64
API 901 fpgaReadMMIO64
API 902 fpgaReadMMIO64
API 903 fpgaReadMMIO64
API 904 fpgaReadMMIO64
API 905 fpgaReadMMIO64
API 906 fpgaReadMMIO64
API 907 fpgaReadMMIO64
API 908 fpgaReadMMIO64
API 909 fpgaReadMMIO64
API 910 fpgaReadMMIO64
API 911 fpgaReadMMIO64
API 912 fpgaReadMMIO64
API 913 fpgaReadMMIO64
API 914 fpgaReadMMIO64
API 915 fpgaReadMMIO64
API 916 fpgaReadMMIO64
API 917 fpgaReadMMIO64
API 918 fpgaReadMMIO64
API 919 fpgaReadMMIO64
API 920 fpgaReadMMIO64
API 921 fpgaReadMMIO64
API 922 fpgaReadMMIO64
API 923 fpgaReadMMIO64
API 924 fpgaReadMMIO64
API 925 fpgaReadMMIO64
API 926 fpgaReadMMIO64
API 927 fpgaReadMMIO64
API 928 fpgaReadMMIO64
API 929 fpgaReadMMIO64
API 930 fpgaReadMMIO64
API 931 fpgaReadMMIO64
API 932 fpgaReadMMIO64
API 933 fpgaReadMMIO64
API 934 fpgaReadMMIO64
API 935 fpgaReadMMIO64
API 936 fpgaReadMMIO64
API 937 fpgaReadMMIO64
API 938 fpgaReadMMIO64
API 939 fpgaReadMMIO64
API 940 fpgaReadMMIO64
API 941 fpgaReadMMIO64
API 942 fpgaReadMMIO64
API 943 fpgaReadMMIO64
API 944 fpgaReadMMIO64
API 945 fpgaReadMMIO64
API 946 fpgaReadMMIO64
API 947 fpgaReadMMIO64
API 948 fpgaReadMMIO64
API 949 fpgaReadMMIO64
API 950 fpgaReadMMIO64
API 951 fpgaReadMMIO64
API 952 fpgaReadMMIO64
API 953 fpgaReadMMIO64
API 954 fpgaReadMMIO64
API 955 fpgaReadMMIO64
API 956 fpgaReadMMIO64
API 957 fpgaReadMMIO64
API 958 fpgaReadMMIO64
API 959 fpgaReadMMIO64
API 960 fpgaReadMMIO64
API 961 fpgaReadMMIO64
API 962 fpgaReadMMIO64
API 963 fpgaReadMMIO64
API 964 fpgaReadMMIO64
API 965 fpgaReadMMIO64
API 966 fpgaReadMMIO64
API 967 fpgaReadMMIO64
API 968 fpgaReadMMIO64
API 969 fpgaReadMMIO64
API 970 fpgaReadMMIO64
API 971 fpgaReadMMIO64
API 972 fpgaReadMMIO64
API 973 fpgaReadMMIO64
API 974 fpgaReadMMIO64
API 975 fpgaReadMMIO64
API 976 fpgaReadMMIO64
API 977 fpgaReadMMIO64
API 978 fpgaReadMMIO64
API 979 fpgaReadMMIO64
API 980 fpgaReadMMIO64
API 981 fpgaReadMMIO64
API 982 fpgaReadMMIO64
API 983 fpgaReadMMIO64
API 984 fpgaReadMMIO64
API 985 fpgaReadMMIO64
API 986 fpgaReadMMIO64
API 987 fpgaReadMMIO64
API 988 fpgaReadMMIO64
API 989 fpgaReadMMIO64
API 990 fpgaReadMMIO64
API 991 fpgaReadMMIO64
API 992 fpgaReadMMIO64
API 993 fpgaReadMMIO64
API 994 fpgaReadMMIO64
API 995 fpgaReadMMIO64
API 996 fpgaReadMMIO64
API 997 fpgaReadMMIO64
API 998 fpgaReadMMIO64
API 999 fpgaReadMMIO64
API 1000 fpgaReadMMIO64
API 1001 fpgaReadMMIO64
API 1002 fpgaReadMMIO64
API 1003 fpgaReadMMIO64
API 1004 fpgaReadMMIO64
API 1005 fpgaReadMMIO64
API 1006 fpgaReadMMIO64
API 1007 fpgaReadMMIO64
API 1008 fpgaReadMMIO64
API 1009 fpgaReadMMIO64
API 1010 fpgaReadMMIO64
API 1011 fpgaReadMMIO64
API 1012 fpgaReadMMIO64
API 1013 fpgaReadMMIO64
API 1014 fpgaReadMMIO64
API 1015 fpgaReadMMIO64
API 1016 fpgaReadMMIO64
API 1017 fpgaReadMMIO64
API 1018 fpgaReadMMIO64
API 1019 fpgaReadMMIO64
API 1020 fpgaReadMMIO64
API 1021 fpgaReadMMIO64
API 1022 fpgaReadMMIO64
API 1023 fpgaReadMMIO64
API 1024 fpgaReadMMIO64
API 1025 fpgaReadMMIO64
API 1026 fpgaReadMMIO64
API 1027 fpgaReadMMIO64
API 1028 fpgaReadMMIO64
API 1029 fpgaReadMMIO64
API 1030 fpgaReadMMIO64
API 1031 fpgaReadMMIO64
API 1032 fpgaReadMMIO64
API 1033 fpgaReadMMIO64
API 1034 fpgaReadMMIO64
API 1035 fpgaReadMMIO64
API 1036 fpgaReadMMIO64
API 1037 fpgaReadMMIO64
API 1038 fpgaReadMMIO64
API 1039 fpgaReadMMIO64
API 1040 fpgaReadMMIO64
API 1041 fpgaReadMMIO64
API 1042 fpgaReadMMIO64
API 1043 fpgaReadMMIO64
API 1044 fpgaReadMMIO64
API 1045 fpgaReadMMIO64
API 1046 fpgaReadMMIO64
API 1047 fpgaReadMMIO64
API 1048 fpgaReadMMIO64
API 1049 fpgaReadMMIO64
API 1050 fpgaReadMMIO64
API 1051 fpgaReadMMIO64
API 1052 fpgaReadMMIO64
API 1053 fpgaReadMMIO64
API 1054 fpgaReadMMIO64
API 1055 fpgaReadMMIO64
API 1056 fpgaReadMMIO64
API 1057 fpgaReadMMIO64
API 1058 fpgaReadMMIO64
API 1059 fpgaReadMMIO64
API 1060 fpgaReadMMIO64
API 1061 fpgaReadMMIO64
API 1062 fpgaReadMMIO64
API 1063 fpgaReadMMIO64
API 1064 fpgaReadMMIO64
API 1065 fpgaReadMMIO64
API 1066 fpgaReadMMIO64
API 1067 fpgaReadMMIO64
API 1068 fpgaReadMMIO64
API 1069 fpgaReadMMIO64
API 1070 fpgaReadMMIO64
API 1071 fpgaReadMMIO64
API 1072 fpgaReadMMIO64
API 1073 fpgaReadMMIO64
API 1074 fpgaReadMMIO64
API 1075 fpgaReadMMIO64
API 1076 fpgaReadMMIO64
API 1077 fpgaReadMMIO64
API 1078 fpgaReadMMIO64
API 1079 fpgaReadMMIO64
API 1080 fpgaReadMMIO64
INERT_HOLD reason=kernel outcome uncertain or post-start verification failed go=4 kernel=1 polls=1
INERT_DMA buffers=2 releases=0 go=4 held=1 kernel=1 producer=0 ticket=0 completed=0
INERT_MEMORY_SUMMARY calls=1080 filters=10 reads=1041 opens=1 maps=1 failed=0 remaining=63 allowed_remaining=0
