Info: Generated by version: 26.1.1 build 130
Info: Starting: Create simulation model
Info: qsys-generate /home/uwb_student00/ahls/new_BSP/work_ia840f_fim_05/syn/board/ia840f/syn_top/../../../../ipss/ia840f/bwbmc/bmc_spi_sub.qsys --simulation=VERILOG --allow-mixed-language-simulation --simulator=MODELSIM --output-directory=/home/uwb_student00/ahls/new_BSP/work_ia840f_fim_05/ipss/ia840f/bwbmc/bmc_spi_sub --family="Agilex 7" --part=AGFB027R25A2E2V
Progress: Loading bwbmc/bmc_spi_sub.qsys
Progress: Reading input file
Progress: Parameterizing module bmc_spi_cardtest_pipe
Progress: Parameterizing module bmc_spi_pipe0
Progress: Parameterizing module bmc_spi_sdm_pipe
Progress: Parameterizing module bmc_spi_support_pipe
Progress: Parameterizing module bmc_spi_to_avmm
Progress: Parameterizing module bmc_spi_xcvr_pipe
Progress: Parameterizing module bmc_to_pcie_irq_gen
Progress: Parameterizing module host_sdm_pipe
Progress: Parameterizing module host_support_pipe
Progress: Parameterizing module ocmem
Progress: Parameterizing module pci_to_bmc_irq_gen
Progress: Parameterizing module sdm_mailbox
Progress: Parameterizing module sdm_pipeline
Progress: Parameterizing module sdm_reset
Progress: Parameterizing module system_arbiter
Progress: Parameterizing module system_clk_bridge
Progress: Parameterizing module system_rst_bridge
Progress: Building connections
Progress: Parameterizing connections
Progress: Validating
Progress: Done reading input file
Warning: bmc_spi_sub.bmc_to_pcie_irq_gen: bmc_to_pcie_irq_gen.Ext_irq_interface must be exported, or connected to a matching conduit as it has unconnected inputs.
Warning: bmc_spi_sub.pci_to_bmc_irq_gen: pci_to_bmc_irq_gen.Ext_irq_interface must be exported, or connected to a matching conduit as it has unconnected inputs.
Warning: bmc_spi_sub.system_arbiter: system_arbiter.hps_gp_if must be exported, or connected to a matching conduit as it has unconnected inputs.
Info: bmc_spi_sub: "Transforming system: bmc_spi_sub"
Info: Interconnect is inserted between master sdm_pipeline.m0 and slave sdm_mailbox.avmm because the master has burstcount signal 1 bit wide, but the slave is 0 bit wide.
Info: Interconnect is inserted between master sdm_pipeline.m0 and slave sdm_mailbox.avmm because the master has address signal 6 bit wide, but the slave is 4 bit wide.
Info: Interconnect is inserted between master sdm_pipeline.m0 and slave sdm_mailbox.avmm because the master has byteenable signal 4 bit wide, but the slave is 0 bit wide.
Info: Interconnect is inserted between master sdm_pipeline.m0 and slave sdm_mailbox.avmm because the master has debugaccess signal 1 bit wide, but the slave is 0 bit wide.
Info: bmc_spi_sub: "Naming system components in system: bmc_spi_sub"
Info: bmc_spi_sub: "Processing generation queue"
Info: bmc_spi_sub: "Generating: bmc_spi_sub"
Info: bmc_spi_sub: "Generating: bmc_spi_cardtest_pipe"
Info: bmc_spi_sub: "Generating: bmc_spi_pipe0"
Info: bmc_spi_sub: "Generating: bmc_spi_sdm_pipe"
Info: bmc_spi_sub: "Generating: bmc_spi_support_pipe"
Info: bmc_spi_sub: "Generating: bmc_spi_to_avmm"
Info: bmc_spi_sub: "Generating: bmc_spi_xcvr_pipe"
Info: bmc_spi_sub: "Generating: bmc_to_pcie_irq_gen"
Info: bmc_spi_sub: "Generating: host_sdm_pipe"
Info: bmc_spi_sub: "Generating: host_support_pipe"
Info: bmc_spi_sub: "Generating: ocmem"
Info: bmc_spi_sub: "Generating: pci_to_bmc_irq_gen"
Info: bmc_spi_sub: "Generating: sdm_mailbox"
Info: bmc_spi_sub: "Generating: sdm_pipeline"
Info: bmc_spi_sub: "Generating: sdm_reset"
Info: bmc_spi_sub: "Generating: system_arbiter"
Info: bmc_spi_sub: "Generating: system_clk_bridge"
Info: bmc_spi_sub: "Generating: system_rst_bridge"
Info: bmc_spi_sub: "Generating: bmc_spi_sub_altera_mm_interconnect_1920_t2s2m4y"
Info: bmc_spi_sub: "Generating: bmc_spi_sub_altera_mm_interconnect_1920_jkceaca"
Info: bmc_spi_sub: "Generating: bmc_spi_sub_altera_mm_interconnect_1920_wynu5pi"
Info: bmc_spi_sub: "Generating: bmc_spi_sub_altera_mm_interconnect_1920_imtoyma"
Info: bmc_spi_sub: "Generating: bmc_spi_sub_altera_mm_interconnect_1920_auyelui"
Info: bmc_spi_sub: "Generating: altera_reset_controller"
Info: bmc_spi_sub: "Generating: bmc_spi_sub_altera_merlin_master_translator_193_lgcew2q"
Info: bmc_spi_sub: "Generating: bmc_spi_sub_altera_merlin_slave_translator_191_xg7rzxi"
Info: bmc_spi_sub: "Generating: bmc_spi_sub_altera_merlin_master_agent_1951_lshmwnq"
Info: bmc_spi_sub: "Generating: bmc_spi_sub_altera_merlin_slave_agent_1940_yiunjgi"
Info: bmc_spi_sub: "Generating: bmc_spi_sub_altera_avalon_sc_fifo_1932_22gxxgi"
Info: bmc_spi_sub: "Generating: bmc_spi_sub_altera_merlin_router_1921_eab4r5y"
Info: bmc_spi_sub: "Generating: bmc_spi_sub_altera_merlin_router_1921_szbofgq"
Info: bmc_spi_sub: "Generating: bmc_spi_sub_altera_merlin_router_1921_ntke3fy"
Info: bmc_spi_sub: "Generating: bmc_spi_sub_altera_merlin_router_1921_6ndpcfa"
Info: bmc_spi_sub: "Generating: bmc_spi_sub_altera_merlin_router_1921_y2ymd7y"
Info: bmc_spi_sub: "Generating: bmc_spi_sub_altera_merlin_traffic_limiter_1922_y23fybq"
Info: my_altera_avalon_sc_fifo_dest_id_fifo: "Generating: my_altera_avalon_sc_fifo_dest_id_fifo"
Info: bmc_spi_sub: "Generating: bmc_spi_sub_altera_merlin_demultiplexer_1921_h7ufncy"
Info: bmc_spi_sub: "Generating: bmc_spi_sub_altera_merlin_multiplexer_1922_ljc72sy"
Info: bmc_spi_sub: "Generating: bmc_spi_sub_altera_merlin_multiplexer_1922_a663yjy"
Info: bmc_spi_sub: "Generating: bmc_spi_sub_altera_merlin_demultiplexer_1921_eeja75q"
Info: bmc_spi_sub: "Generating: bmc_spi_sub_altera_merlin_demultiplexer_1921_oj3sdrq"
Info: bmc_spi_sub: "Generating: bmc_spi_sub_altera_merlin_multiplexer_1922_w2f26ky"
Info: bmc_spi_sub: "Generating: bmc_spi_sub_altera_merlin_router_1921_avv4cga"
Info: bmc_spi_sub: "Generating: bmc_spi_sub_altera_merlin_router_1921_izs7iia"
Info: bmc_spi_sub: "Generating: bmc_spi_sub_altera_merlin_traffic_limiter_1922_kosmtpq"
Info: my_altera_avalon_sc_fifo_dest_id_fifo: "Generating: my_altera_avalon_sc_fifo_dest_id_fifo"
Info: bmc_spi_sub: "Generating: bmc_spi_sub_altera_merlin_demultiplexer_1921_vmtu25q"
Info: bmc_spi_sub: "Generating: bmc_spi_sub_altera_merlin_multiplexer_1922_xwcldcq"
Info: bmc_spi_sub: "Generating: bmc_spi_sub_altera_merlin_demultiplexer_1921_5um7e5q"
Info: bmc_spi_sub: "Generating: bmc_spi_sub_altera_merlin_multiplexer_1922_bszkfbq"
Info: bmc_spi_sub: "Generating: bmc_spi_sub_altera_merlin_router_1921_ak47eyy"
Info: bmc_spi_sub: "Generating: bmc_spi_sub_altera_merlin_router_1921_fhgaeva"
Info: bmc_spi_sub: "Generating: bmc_spi_sub_altera_merlin_demultiplexer_1921_iiwowqq"
Info: bmc_spi_sub: "Generating: bmc_spi_sub_altera_merlin_multiplexer_1922_5iarcky"
Info: bmc_spi_sub: "Generating: bmc_spi_sub_altera_merlin_demultiplexer_1921_cfe4k4q"
Info: bmc_spi_sub: "Generating: bmc_spi_sub_altera_merlin_multiplexer_1922_o6xua3a"
Info: bmc_spi_sub: "Generating: bmc_spi_sub_altera_merlin_traffic_limiter_altera_avalon_sc_fifo_1922_25262sa"
Info: bmc_spi_sub: "Generating: bmc_spi_sub_altera_merlin_traffic_limiter_altera_avalon_sc_fifo_1922_je2zh7a"
Info: bmc_spi_sub: Done "bmc_spi_sub" with 56 modules, 53 files
Info: Generating the following file(s) for MODELSIM simulator in /home/uwb_student00/ahls/new_BSP/work_ia840f_fim_05/ipss/ia840f/bwbmc/bmc_spi_sub/sim/ directory:
Info: 	common/modelsim_files.tcl
Info: For information on how to simulate your IP, see the explanatory comments in the simulator-specific subdirectories under /home/uwb_student00/ahls/new_BSP/work_ia840f_fim_05/ipss/ia840f/bwbmc/bmc_spi_sub/sim/.
Info: Regenerate these scripts whenever you make any change to any Quartus-generated IP in your project.
Info: Finished: Create simulation model
Info: Starting: Create simulation script
Info: sim-script-gen --system-file=/home/uwb_student00/ahls/new_BSP/work_ia840f_fim_05/syn/board/ia840f/syn_top/../../../../ipss/ia840f/bwbmc/bmc_spi_sub.qsys --simulator=MODELSIM --output-directory=/home/uwb_student00/ahls/new_BSP/work_ia840f_fim_05/ipss/ia840f/bwbmc/bmc_spi_sub/sim/ --use-relative-paths=true --modelsim-flow=traditional
Info: Generating the following file(s) for MODELSIM simulator in /home/uwb_student00/ahls/new_BSP/work_ia840f_fim_05/ipss/ia840f/bwbmc/bmc_spi_sub/sim/ directory:
Info: 	mentor/msim_setup.tcl
Info: 	mentor/run_msim_setup.tcl
Info: For information on how to simulate your IP, see the explanatory comments in the simulator-specific subdirectories under /home/uwb_student00/ahls/new_BSP/work_ia840f_fim_05/ipss/ia840f/bwbmc/bmc_spi_sub/sim/.
Info: Regenerate these scripts whenever you make any change to any Quartus-generated IP in your project.
Info: Finished: Create simulation script
Info: 
Info: Starting: Create HDL design files for synthesis
Info: qsys-generate /home/uwb_student00/ahls/new_BSP/work_ia840f_fim_05/syn/board/ia840f/syn_top/../../../../ipss/ia840f/bwbmc/bmc_spi_sub.qsys --synthesis=VERILOG --output-directory=/home/uwb_student00/ahls/new_BSP/work_ia840f_fim_05/ipss/ia840f/bwbmc/bmc_spi_sub --family="Agilex 7" --part=AGFB027R25A2E2V
Progress: Loading bwbmc/bmc_spi_sub.qsys
Progress: Reading input file
Progress: Parameterizing module bmc_spi_cardtest_pipe
Progress: Parameterizing module bmc_spi_pipe0
Progress: Parameterizing module bmc_spi_sdm_pipe
Progress: Parameterizing module bmc_spi_support_pipe
Progress: Parameterizing module bmc_spi_to_avmm
Progress: Parameterizing module bmc_spi_xcvr_pipe
Progress: Parameterizing module bmc_to_pcie_irq_gen
Progress: Parameterizing module host_sdm_pipe
Progress: Parameterizing module host_support_pipe
Progress: Parameterizing module ocmem
Progress: Parameterizing module pci_to_bmc_irq_gen
Progress: Parameterizing module sdm_mailbox
Progress: Parameterizing module sdm_pipeline
Progress: Parameterizing module sdm_reset
Progress: Parameterizing module system_arbiter
Progress: Parameterizing module system_clk_bridge
Progress: Parameterizing module system_rst_bridge
Progress: Building connections
Progress: Parameterizing connections
Progress: Validating
Progress: Done reading input file
Warning: bmc_spi_sub.bmc_to_pcie_irq_gen: bmc_to_pcie_irq_gen.Ext_irq_interface must be exported, or connected to a matching conduit as it has unconnected inputs.
Warning: bmc_spi_sub.pci_to_bmc_irq_gen: pci_to_bmc_irq_gen.Ext_irq_interface must be exported, or connected to a matching conduit as it has unconnected inputs.
Warning: bmc_spi_sub.system_arbiter: system_arbiter.hps_gp_if must be exported, or connected to a matching conduit as it has unconnected inputs.
Info: bmc_spi_sub: "Transforming system: bmc_spi_sub"
Info: Interconnect is inserted between master sdm_pipeline.m0 and slave sdm_mailbox.avmm because the master has burstcount signal 1 bit wide, but the slave is 0 bit wide.
Info: Interconnect is inserted between master sdm_pipeline.m0 and slave sdm_mailbox.avmm because the master has address signal 6 bit wide, but the slave is 4 bit wide.
Info: Interconnect is inserted between master sdm_pipeline.m0 and slave sdm_mailbox.avmm because the master has byteenable signal 4 bit wide, but the slave is 0 bit wide.
Info: Interconnect is inserted between master sdm_pipeline.m0 and slave sdm_mailbox.avmm because the master has debugaccess signal 1 bit wide, but the slave is 0 bit wide.
Info: bmc_spi_sub: "Naming system components in system: bmc_spi_sub"
Info: bmc_spi_sub: "Processing generation queue"
Info: bmc_spi_sub: "Generating: bmc_spi_sub"
Info: bmc_spi_sub: "Generating: bmc_spi_cardtest_pipe"
Info: bmc_spi_sub: "Generating: bmc_spi_pipe0"
Info: bmc_spi_sub: "Generating: bmc_spi_sdm_pipe"
Info: bmc_spi_sub: "Generating: bmc_spi_support_pipe"
Info: bmc_spi_sub: "Generating: bmc_spi_to_avmm"
Info: bmc_spi_sub: "Generating: bmc_spi_xcvr_pipe"
Info: bmc_spi_sub: "Generating: bmc_to_pcie_irq_gen"
Info: bmc_spi_sub: "Generating: host_sdm_pipe"
Info: bmc_spi_sub: "Generating: host_support_pipe"
Info: bmc_spi_sub: "Generating: ocmem"
Info: bmc_spi_sub: "Generating: pci_to_bmc_irq_gen"
Info: bmc_spi_sub: "Generating: sdm_mailbox"
Info: bmc_spi_sub: "Generating: sdm_pipeline"
Info: bmc_spi_sub: "Generating: sdm_reset"
Info: bmc_spi_sub: "Generating: system_arbiter"
Info: bmc_spi_sub: "Generating: system_clk_bridge"
Info: bmc_spi_sub: "Generating: system_rst_bridge"
Info: bmc_spi_sub: "Generating: bmc_spi_sub_altera_mm_interconnect_1920_t2s2m4y"
Info: bmc_spi_sub: "Generating: bmc_spi_sub_altera_mm_interconnect_1920_jkceaca"
Info: bmc_spi_sub: "Generating: bmc_spi_sub_altera_mm_interconnect_1920_wynu5pi"
Info: bmc_spi_sub: "Generating: bmc_spi_sub_altera_mm_interconnect_1920_imtoyma"
Info: bmc_spi_sub: "Generating: bmc_spi_sub_altera_mm_interconnect_1920_auyelui"
Info: bmc_spi_sub: "Generating: altera_reset_controller"
Info: bmc_spi_sub: "Generating: bmc_spi_sub_altera_merlin_master_translator_193_lgcew2q"
Info: bmc_spi_sub: "Generating: bmc_spi_sub_altera_merlin_slave_translator_191_xg7rzxi"
Info: bmc_spi_sub: "Generating: bmc_spi_sub_altera_merlin_master_agent_1951_lshmwnq"
Info: bmc_spi_sub: "Generating: bmc_spi_sub_altera_merlin_slave_agent_1940_yiunjgi"
Info: bmc_spi_sub: "Generating: bmc_spi_sub_altera_avalon_sc_fifo_1932_22gxxgi"
Info: bmc_spi_sub: "Generating: bmc_spi_sub_altera_merlin_router_1921_eab4r5y"
Info: bmc_spi_sub: "Generating: bmc_spi_sub_altera_merlin_router_1921_szbofgq"
Info: bmc_spi_sub: "Generating: bmc_spi_sub_altera_merlin_router_1921_ntke3fy"
Info: bmc_spi_sub: "Generating: bmc_spi_sub_altera_merlin_router_1921_6ndpcfa"
Info: bmc_spi_sub: "Generating: bmc_spi_sub_altera_merlin_router_1921_y2ymd7y"
Info: bmc_spi_sub: "Generating: bmc_spi_sub_altera_merlin_traffic_limiter_1922_y23fybq"
Info: my_altera_avalon_sc_fifo_dest_id_fifo: "Generating: my_altera_avalon_sc_fifo_dest_id_fifo"
Info: bmc_spi_sub: "Generating: bmc_spi_sub_altera_merlin_demultiplexer_1921_h7ufncy"
Info: bmc_spi_sub: "Generating: bmc_spi_sub_altera_merlin_multiplexer_1922_ljc72sy"
Info: bmc_spi_sub: "Generating: bmc_spi_sub_altera_merlin_multiplexer_1922_a663yjy"
Info: bmc_spi_sub: "Generating: bmc_spi_sub_altera_merlin_demultiplexer_1921_eeja75q"
Info: bmc_spi_sub: "Generating: bmc_spi_sub_altera_merlin_demultiplexer_1921_oj3sdrq"
Info: bmc_spi_sub: "Generating: bmc_spi_sub_altera_merlin_multiplexer_1922_w2f26ky"
Info: bmc_spi_sub: "Generating: bmc_spi_sub_altera_merlin_router_1921_avv4cga"
Info: bmc_spi_sub: "Generating: bmc_spi_sub_altera_merlin_router_1921_izs7iia"
Info: bmc_spi_sub: "Generating: bmc_spi_sub_altera_merlin_traffic_limiter_1922_kosmtpq"
Info: my_altera_avalon_sc_fifo_dest_id_fifo: "Generating: my_altera_avalon_sc_fifo_dest_id_fifo"
Info: bmc_spi_sub: "Generating: bmc_spi_sub_altera_merlin_demultiplexer_1921_vmtu25q"
Info: bmc_spi_sub: "Generating: bmc_spi_sub_altera_merlin_multiplexer_1922_xwcldcq"
Info: bmc_spi_sub: "Generating: bmc_spi_sub_altera_merlin_demultiplexer_1921_5um7e5q"
Info: bmc_spi_sub: "Generating: bmc_spi_sub_altera_merlin_multiplexer_1922_bszkfbq"
Info: bmc_spi_sub: "Generating: bmc_spi_sub_altera_merlin_router_1921_ak47eyy"
Info: bmc_spi_sub: "Generating: bmc_spi_sub_altera_merlin_router_1921_fhgaeva"
Info: bmc_spi_sub: "Generating: bmc_spi_sub_altera_merlin_demultiplexer_1921_iiwowqq"
Info: bmc_spi_sub: "Generating: bmc_spi_sub_altera_merlin_multiplexer_1922_5iarcky"
Info: bmc_spi_sub: "Generating: bmc_spi_sub_altera_merlin_demultiplexer_1921_cfe4k4q"
Info: bmc_spi_sub: "Generating: bmc_spi_sub_altera_merlin_multiplexer_1922_o6xua3a"
Info: bmc_spi_sub: "Generating: bmc_spi_sub_altera_merlin_traffic_limiter_altera_avalon_sc_fifo_1922_25262sa"
Info: bmc_spi_sub: "Generating: bmc_spi_sub_altera_merlin_traffic_limiter_altera_avalon_sc_fifo_1922_je2zh7a"
Info: bmc_spi_sub: Done "bmc_spi_sub" with 56 modules, 53 files
Info: Finished: Create HDL design files for synthesis
