{
  "corners": [
    "Fast vid2 100C Model",
    "Fast vid2a 0C Model",
    "Fast vid2a 100C Model",
    "Slow vid2 100C Model",
    "Slow vid2b 100C Model"
  ],
  "all_corner_worst_case_row_count": 34,
  "comparison": [
    {
      "type": "Setup",
      "clock": "local_mem_wrapper|mem_ss_top|mem_ss_sv|mem_ss|mem_ss|emif_0|emif_0_core_usr_clk",
      "work09": {
        "line": 2749,
        "clock": "local_mem_wrapper|mem_ss_top|mem_ss_sv|mem_ss|mem_ss|emif_0|emif_0_core_usr_clk",
        "wns": "-0.435",
        "tns": "-152.255",
        "endpoints": 580,
        "corner": "Slow vid2 100C Model"
      },
      "work10": {
        "line": 2749,
        "clock": "local_mem_wrapper|mem_ss_top|mem_ss_sv|mem_ss|mem_ss|emif_0|emif_0_core_usr_clk",
        "wns": "-0.508",
        "tns": "-185.081",
        "endpoints": 711,
        "corner": "Slow vid2 100C Model"
      },
      "wns_delta": "-0.073",
      "tns_delta": "-32.826",
      "endpoints_delta": 131
    },
    {
      "type": "Setup",
      "clock": "local_mem_wrapper|mem_ss_top|mem_ss_sv|mem_ss|mem_ss|emif_1|emif_1_core_usr_clk",
      "work09": {
        "line": 2750,
        "clock": "local_mem_wrapper|mem_ss_top|mem_ss_sv|mem_ss|mem_ss|emif_1|emif_1_core_usr_clk",
        "wns": "-0.313",
        "tns": "-86.055",
        "endpoints": 545,
        "corner": "Slow vid2 100C Model"
      },
      "work10": {
        "line": 2750,
        "clock": "local_mem_wrapper|mem_ss_top|mem_ss_sv|mem_ss|mem_ss|emif_1|emif_1_core_usr_clk",
        "wns": "-0.170",
        "tns": "-29.340",
        "endpoints": 403,
        "corner": "Slow vid2 100C Model"
      },
      "wns_delta": "0.143",
      "tns_delta": "56.715",
      "endpoints_delta": -142
    },
    {
      "type": "Hold",
      "clock": "local_mem_wrapper|mem_ss_top|mem_ss_sv|mem_ss|mem_ss|emif_1|emif_1_phy_clk_l_0",
      "work09": {
        "line": 2780,
        "clock": "local_mem_wrapper|mem_ss_top|mem_ss_sv|mem_ss|mem_ss|emif_1|emif_1_phy_clk_l_0",
        "wns": "-0.004",
        "tns": "-0.004",
        "endpoints": 1,
        "corner": "Fast vid2 100C Model"
      },
      "work10": {
        "line": 2780,
        "clock": "local_mem_wrapper|mem_ss_top|mem_ss_sv|mem_ss|mem_ss|emif_1|emif_1_phy_clk_l_0",
        "wns": "-0.004",
        "tns": "-0.004",
        "endpoints": 1,
        "corner": "Fast vid2 100C Model"
      },
      "wns_delta": "0.000",
      "tns_delta": "0.000",
      "endpoints_delta": 0
    }
  ],
  "unconstrained": [
    {
      "line": 207661,
      "cells": [
        "Property",
        "Setup",
        "Hold"
      ]
    },
    {
      "line": 207663,
      "cells": [
        "Illegal Clocks",
        "0",
        "0"
      ]
    },
    {
      "line": 207664,
      "cells": [
        "Unconstrained Clocks",
        "1",
        "1"
      ]
    },
    {
      "line": 207665,
      "cells": [
        "Unconstrained Input Ports",
        "2",
        "2"
      ]
    },
    {
      "line": 207666,
      "cells": [
        "Paths from Unconstrained Input Ports (Pairs-Only)",
        "78",
        "78"
      ]
    },
    {
      "line": 207667,
      "cells": [
        "Unconstrained Output Ports",
        "2",
        "2"
      ]
    },
    {
      "line": 207668,
      "cells": [
        "Paths to Unconstrained Output Ports (Pairs-Only)",
        "10",
        "10"
      ]
    }
  ],
  "ports": {
    "Unconstrained Input Ports": [
      {
        "line": 207764,
        "cells": [
          "Input Port",
          "Comment"
        ]
      },
      {
        "line": 207766,
        "cells": [
          "altera_reserved_tdi",
          "No input delay, min/max delays, false-path exceptions, or max skew assignments found"
        ]
      },
      {
        "line": 207767,
        "cells": [
          "altera_reserved_tms",
          "No input delay, min/max delays, false-path exceptions, or max skew assignments found"
        ]
      },
      {
        "line": 207784,
        "cells": [
          "Input Port",
          "Comment"
        ]
      },
      {
        "line": 207786,
        "cells": [
          "altera_reserved_tdi",
          "No input delay, min/max delays, false-path exceptions, or max skew assignments found"
        ]
      },
      {
        "line": 207787,
        "cells": [
          "altera_reserved_tms",
          "No input delay, min/max delays, false-path exceptions, or max skew assignments found"
        ]
      }
    ],
    "Unconstrained Output Ports": [
      {
        "line": 207774,
        "cells": [
          "Output Port",
          "Comment"
        ]
      },
      {
        "line": 207776,
        "cells": [
          "altera_reserved_tdo",
          "No output delay, min/max delays, false-path exceptions, or max skew assignments found"
        ]
      },
      {
        "line": 207777,
        "cells": [
          "bwbmc_bmc_irq",
          "No output delay, min/max delays, false-path exceptions, or max skew assignments found"
        ]
      },
      {
        "line": 207794,
        "cells": [
          "Output Port",
          "Comment"
        ]
      },
      {
        "line": 207796,
        "cells": [
          "altera_reserved_tdo",
          "No output delay, min/max delays, false-path exceptions, or max skew assignments found"
        ]
      },
      {
        "line": 207797,
        "cells": [
          "bwbmc_bmc_irq",
          "No output delay, min/max delays, false-path exceptions, or max skew assignments found"
        ]
      }
    ]
  },
  "worst_paths": {
    "Setup: local_mem_wrapper|mem_ss_top|mem_ss_sv|mem_ss|mem_ss|emif_0|emif_0_core_usr_clk": [
      {
        "line": 156129,
        "cells": [
          "-0.508",
          "local_mem_wrapper|mem_ss_top|mem_ss_sv|mem_ss|mem_ss|msa_0|msa_0|msa_adapter|wrreq_bank_spreading|bank_fifos_dataout_out_valid[6]",
          "local_mem_wrapper|mem_ss_top|mem_ss_sv|mem_ss|mem_ss|msa_0|msa_0|msa_adapter|wrreq_bank_spreading|wrreq_select_bank_fifo_read[1]~SynDup_8DUPLICATE",
          "local_mem_wrapper|mem_ss_top|mem_ss_sv|mem_ss|mem_ss|emif_0|emif_0_core_usr_clk",
          "local_mem_wrapper|mem_ss_top|mem_ss_sv|mem_ss|mem_ss|emif_0|emif_0_core_usr_clk",
          "3.000",
          "-0.034",
          "3.466",
          "Slow vid2 100C Model"
        ]
      },
      {
        "line": 156130,
        "cells": [
          "-0.508",
          "local_mem_wrapper|mem_ss_top|mem_ss_sv|mem_ss|mem_ss|msa_0|msa_0|msa_adapter|wrreq_bank_spreading|bank_fifos_dataout_out_valid[6]",
          "local_mem_wrapper|mem_ss_top|mem_ss_sv|mem_ss|mem_ss|msa_0|msa_0|msa_adapter|wrreq_bank_spreading|wrreq_select_bank_fifo_read[1]~SynDup_8DUPLICATE",
          "local_mem_wrapper|mem_ss_top|mem_ss_sv|mem_ss|mem_ss|emif_0|emif_0_core_usr_clk",
          "local_mem_wrapper|mem_ss_top|mem_ss_sv|mem_ss|mem_ss|emif_0|emif_0_core_usr_clk",
          "3.000",
          "-0.034",
          "3.466",
          "Slow vid2 100C Model"
        ]
      }
    ],
    "Setup: local_mem_wrapper|mem_ss_top|mem_ss_sv|mem_ss|mem_ss|emif_1|emif_1_core_usr_clk": [
      {
        "line": 157591,
        "cells": [
          "-0.170",
          "local_mem_wrapper|mem_ss_top|mem_ss_sv|mem_ss|mem_ss|msa_1|msa_1|msa_adapter|rdreq_bank_spreading|bank_fifos_dataout_out_valid[5]~RTM",
          "local_mem_wrapper|mem_ss_top|mem_ss_sv|mem_ss|mem_ss|msa_1|msa_1|msa_adapter|rdreq_bank_spreading|bank_fifos_dataout_out_valid[2]~RTM",
          "local_mem_wrapper|mem_ss_top|mem_ss_sv|mem_ss|mem_ss|emif_1|emif_1_core_usr_clk",
          "local_mem_wrapper|mem_ss_top|mem_ss_sv|mem_ss|mem_ss|emif_1|emif_1_core_usr_clk",
          "3.000",
          "-0.051",
          "3.242",
          "Slow vid2 100C Model"
        ]
      },
      {
        "line": 157592,
        "cells": [
          "-0.170",
          "local_mem_wrapper|mem_ss_top|mem_ss_sv|mem_ss|mem_ss|msa_1|msa_1|msa_adapter|rdreq_bank_spreading|bank_fifos_dataout_out_valid[5]~RTM",
          "local_mem_wrapper|mem_ss_top|mem_ss_sv|mem_ss|mem_ss|msa_1|msa_1|msa_adapter|rdreq_bank_spreading|bank_fifos_dataout_out_valid[2]~RTM",
          "local_mem_wrapper|mem_ss_top|mem_ss_sv|mem_ss|mem_ss|emif_1|emif_1_core_usr_clk",
          "local_mem_wrapper|mem_ss_top|mem_ss_sv|mem_ss|mem_ss|emif_1|emif_1_core_usr_clk",
          "3.000",
          "-0.051",
          "3.242",
          "Slow vid2 100C Model"
        ]
      }
    ],
    "Hold: local_mem_wrapper|mem_ss_top|mem_ss_sv|mem_ss|mem_ss|emif_1|emif_1_phy_clk_l_0": [
      {
        "line": 142587,
        "cells": [
          "-0.004",
          "local_mem_wrapper|mem_ss_top|mem_ss_sv|mem_ss|mem_ss|emif_1|emif_1|arch|arch_inst|hmc.amm.amm.data_if_inst|amm_writedata_0_r[0][243]",
          "local_mem_wrapper|mem_ss_top|mem_ss_sv|mem_ss|mem_ss|emif_1|emif_1|arch|arch_inst|io_tiles_wrap_inst|io_tiles_inst|tile_gen[2].lane_gen[1].lane_inst|lane_inst~phy_reg1",
          "local_mem_wrapper|mem_ss_top|mem_ss_sv|mem_ss|mem_ss|emif_1|emif_1_core_usr_clk",
          "local_mem_wrapper|mem_ss_top|mem_ss_sv|mem_ss|mem_ss|emif_1|emif_1_phy_clk_l_0",
          "0.000",
          "-0.080",
          "0.288"
        ]
      },
      {
        "line": 172441,
        "cells": [
          "-0.004",
          "local_mem_wrapper|mem_ss_top|mem_ss_sv|mem_ss|mem_ss|emif_1|emif_1|arch|arch_inst|hmc.amm.amm.data_if_inst|amm_writedata_0_r[0][243]",
          "local_mem_wrapper|mem_ss_top|mem_ss_sv|mem_ss|mem_ss|emif_1|emif_1|arch|arch_inst|io_tiles_wrap_inst|io_tiles_inst|tile_gen[2].lane_gen[1].lane_inst|lane_inst~phy_reg1",
          "local_mem_wrapper|mem_ss_top|mem_ss_sv|mem_ss|mem_ss|emif_1|emif_1_core_usr_clk",
          "local_mem_wrapper|mem_ss_top|mem_ss_sv|mem_ss|mem_ss|emif_1|emif_1_phy_clk_l_0",
          "0.000",
          "-0.080",
          "0.288",
          "Fast vid2 100C Model"
        ]
      }
    ]
  }
}
