Info: *******************************************************************
Info: Running Quartus Prime Timing Analyzer
    Info: Version 25.1.0 Build 129 03/26/2025 SC Pro Edition
    Info: Copyright (C) 2025  Altera Corporation. All rights reserved.
    Info: Your use of Altera Corporation's design tools, logic functions 
    Info: and other software and tools, and any partner logic 
    Info: functions, and any output files from any of the foregoing 
    Info: (including device programming or simulation files), and any 
    Info: associated documentation or information are expressly subject 
    Info: to the terms and conditions of the Altera Program License 
    Info: Subscription Agreement, the Altera Quartus Prime License Agreement,
    Info: the Altera IP License Agreement, or other applicable license
    Info: agreement, including, without limitation, that your use is for
    Info: the sole purpose of programming logic devices manufactured by
    Info: Altera and sold by Altera or its authorized distributors.  Please
    Info: refer to the Altera Software License Subscription Agreements 
    Info: on the Quartus Prime software download page.
    Info: Processing started: Wed Sep 23 12:53:39 2026
    Info: System process ID: 135217
Info: Command: quartus_sta -t /home/uwb_student00/ahls/new_BSP/work_ahls_persona_work21_csr02/csr-help02/help.tcl
BEGIN_HELP get_pins
---------------------------------------------------------------------------

Usage: get_pins [-h] [-help] [-long_help] [-compatibility_mode] [-hierarchical] [-no_duplicates] [-nocase] [-nowarn] [<filter>]

        -h: Quick usage
        -help: Short help
        -long_help: Long help with examples and possible return values

        -compatibility_mode: Use simple Tcl matching
        -hierarchical: Specifies use of a hierarchical searching method
        -no_duplicates: Do not match duplicated pin names
        -nocase: Specifies case-insensitive node name matching
        -nowarn: Do not issue warning messages about unmatched patterns
        <filter>: Valid destinations (string patterns are matched using Tcl string matching)

------------------------
Tcl Package and Version:
------------------------

Belongs to ::quartus::sdc 1.5

------------
Description:
------------

Returns a collection of pins in the design. All pin names in the
collection match the specified pattern. Wildcards can be used to
select multiple pins at once.

There are three Tcl string matching schemes available with this
command: the default method, the -hierarchical option, and the
-compatibility_mode option.

By default, pipe characters are used to separate one hierarchy level
from the next. They are treated as special characters and are taken
into account when string matching with wildcards is performed. When
the default matching scheme is enabled, the specified pattern is
matched against absolute pin names: the names that include the entire
hierarchical path. All hierarchy levels in the pattern are matched
level by level. Pin names of the form <absolute full cell name>|<pin
suffix> are used for matching. Note that a full cell name can contain
multiple pipe characters in it to reflect the hierarchy. Any included
wildcards refer to only one hierarchical level. For example, "*|*" and
"*|*|*" produce different collections since they refer to the highest
hierarchical level and second highest hierarchical level respectively.

When using the -hierarchical matching scheme, pipe characters are
treated as special characters and are taken into account when string
matching with wildcards is performed. This matching scheme forces the
search to proceed recursively through the hierarchy. The specified
pattern is matched against the relative pin names: the immediate names
that do not include any of the hierarchy information.  Pin names of
the form <relative short cell name>|<pin suffix> are used for
matching. Note that a short cell name cannot contain pipe
characters. Any included wildcards are expanded to match the relative
pin names.  For example, "*" and "*|*" match exactly the same pins
since the former is expanded into the latter.

The -compatibility_mode matching scheme uses simple Tcl string matching
on full, absolute cell names. Pipe characters are not treated as special
characters when used with wildcards.

The default matching scheme returns not only pins whose names match
the specified filter, but also pins duplicated from these pins (refers
to pins are automatically generated by Quartus from the pins).  Use
-no_duplicates option to not include duplicated pins.

The filter for the collection is a Tcl list of wildcards, and must
follow standard Tcl or Timing Analyzer-extension substitution rules. See 
help for the use_timing_analyzer_style_escaping command for details.

--------------
Example Usage:
--------------

# Get regout pin of "reg" cell
get_pins -nocase reg|regout
# Create a collection of all pins of "reg" cell
get_pins reg|*
# Create a collection of all pins on the highest hierarachical level
set mycollection [get_pins *]
# Output pin names.
foreach_in_collection pin $mycollection {
    puts [get_pin_info -name $pin]
}
# Create a collection of all pins in the design
set fullcollection [get_pins -hierarchical *]
# Output pin IDs and names.
foreach_in_collection pin $fullcollection {
    puts -nonewline $pin
    puts -nonewline ": "
    puts [get_pin_info -name $pin]
}

-------------
Return Value:
-------------

Code Name	Code	String Return
---------	----	-------------
TCL_OK   	0   	INFO: Operation successful
TCL_ERROR	1   	ERROR: Timing netlist does not exist. Use "create_timing_netlist" to create a timing netlist.

---------------------------------------------------------------------------

END_HELP get_pins
BEGIN_HELP get_cells
---------------------------------------------------------------------------

Usage: get_cells [-h] [-help] [-long_help] [-compatibility_mode] [-hierarchical] [-no_duplicates] [-nocase] [-nowarn] [<filter>]

        -h: Quick usage
        -help: Short help
        -long_help: Long help with examples and possible return values

        -compatibility_mode: Use simple Tcl matching 
        -hierarchical: Specifies use of a hierarchical searching method
        -no_duplicates: Do not match duplicated cell names
        -nocase: Specifies case insensitive node name matching
        -nowarn: Do not issue warning messages about unmatched patterns
        <filter>: Valid destinations (string patterns are matched using Tcl string matching)

------------------------
Tcl Package and Version:
------------------------

Belongs to ::quartus::sdc 1.5

------------
Description:
------------

Returns a collection of cells in the design. All cell names in the
collection match the specified pattern. Wildcards can be used to
select multiple cells at once.

There are three Tcl string matching schemes available with this
command: the default method, the -hierarchical option, and the
-compatibility_mode option.

When you use the default matching scheme, use pipe characters to
separate one hierarchy level from the next. They are treated as
special characters and are taken into account when string matching
with wildcards is performed. When this matching scheme is enabled, the
specified pattern is matched against absolute cell names: the names
that include the entire hierarchical path. A full cell name can
contain multiple pipe characters in it to reflect the hierarchy. All
hierarchy levels in the pattern are matched level by level. Any
included wildcards refer to only one hierarchical level. For example,
"*" and "*|*" produce different collections since they refer to the
highest hierarchical level and second highest hierarchical level
respectively.

When using the -hierarchical matching scheme, pipe characters are
treated as special characters and are taken into account when string
matching with wildcards is performed. This matching scheme forces the
search to proceed recursively down the hierarchy. The specified
pattern is matched against the relative cell names: the immediate
names that do not include any of the hierarchy information. Note that
a short cell name cannot contain pipe characters in it. Any included
wildcards are expanded to match the relative cell names.

The -compatibility_mode matching scheme uses simple Tcl string matching
on full, absolute cell names. Pipe characters are not treated as special
characters when used with wildcards.

The default matching scheme returns cells whose names match the
specified filter and also cells automatically generated by the Quartus
II software from these cells). Use -no_duplicates option to not
include duplicated cells.

The filter for the collection is a Tcl list of wildcards, and must
follow standard Tcl or Timing Analyzer-extension substitution rules. See 
help for the use_timing_analyzer_style_escaping command for details.

--------------
Example Usage:
--------------

# Find a cell called "reg" using case insensitive search
get_cells -nocase reg
# Create a collection of all cells whose names start with "reg"
get_cells reg*
# Create a collection of all cells on the highest hierarachical level
set mycollection [get_cells *]
# Create a collection of all cells in the design
# Output cell names.
foreach_in_collection cell $mycollection {
    puts [get_cell_info -name $cell]
}
set fullcollection [get_cells -hierarchical *]
# Output cell IDs and names.
foreach_in_collection cell $fullcollection {
    puts -nonewline $cell
    puts -nonewline ": "
    puts [get_cell_info -name $cell]
}

-------------
Return Value:
-------------

Code Name	Code	String Return
---------	----	-------------
TCL_OK   	0   	INFO: Operation successful
TCL_ERROR	1   	ERROR: Timing netlist does not exist. Use "create_timing_netlist" to create a timing netlist.

---------------------------------------------------------------------------

END_HELP get_cells
BEGIN_HELP get_cell_info
---------------------------------------------------------------------------

Usage: get_cell_info [-h] [-help] [-long_help] [-buried_nodes] [-buried_regs] [-in_pin_names] [-in_pins] [-location] [-name] [-out_pin_names] [-out_pins] [-pin_names] [-pins] [-type] [-wysiwyg_type] <cell_object>

        -h: Quick usage
        -help: Short help
        -long_help: Long help with examples and possible return values

        -buried_nodes: Return a collection of buried node IDs
        -buried_regs: Return a collection of buried register IDs
        -in_pin_names: Return a list of input pin names
        -in_pins: Return a collection of input pin IDs
        -location: Return the atom location in device
        -name: Return the cell name
        -out_pin_names: Return a list of output pin names
        -out_pins: Return a collection of output pin IDs
        -pin_names: Return a list of input and output pin names
        -pins: Return a collection of input and output pin IDs
        -type: Return the cell type
        -wysiwyg_type: Return the WYSIWYG type of the cell
        <cell_object>: Cell object

------------------------
Tcl Package and Version:
------------------------

Belongs to ::quartus::sta 1.0

------------
Description:
------------

Gets information about the specified cell (referenced by cell ID).
You can obtain cell using the get_cells Tcl command.

The "-type" option returns "cell".

Options "-name", "-type", "-pin_name", "-in_pin_names",
"-out_pin_names", "-pins", "-clock_pins", "-in_pins", "-out_pins",
"-buried_nodes", "-buried_regs", "-location", and "-wysiwyg_type" are
mutually exclusive.

--------------
Example Usage:
--------------

project_open chiptrip
create_timing_netlist
set cells [get_cells]
foreach_in_collection cell $cells {
    puts "[get_cell_info $cell -name]: [get_cell_info $cell -type]"
}
delete_timing_netlist
project_close

-------------
Return Value:
-------------

Code Name	Code	String Return
---------	----	-------------
TCL_OK   	0   	INFO: Operation successful
TCL_ERROR	1   	ERROR: Options are mutually exclusive: <string>. Specify only one of the these options.
TCL_ERROR	1   	ERROR: Object with ID "<string>" is not an object of type <string>. Specify the ID of an object with the correct type.
TCL_ERROR	1   	ERROR: Cannot find object of ID "<string>". Specify an existing object ID.
TCL_ERROR	1   	ERROR: Unsupported object type: <string>. Specify a supported object type.

---------------------------------------------------------------------------

END_HELP get_cell_info
BEGIN_HELP get_register_info
---------------------------------------------------------------------------

Usage: get_register_info [-h] [-help] [-long_help] [-asynch_edges] [-clock_edges] [-delay_type <max_rise|max_fall|min_rise|min_fall>] [-fanout_edges] [-is_latch] [-is_synchronizer] [-name] [-related_pin <related_pin_value>] [-synch_edges] [-tch] [-tcl] [-tco] [-th] [-tmin] [-tsu] [-type] <reg_object>

        -h: Quick usage
        -help: Short help
        -long_help: Long help with examples and possible return values

        -asynch_edges: Return a list of asynchronous edge IDs
        -clock_edges: Return a list of clock edge IDs
        -delay_type <max_rise|max_fall|min_rise|min_fall>: Specify which type of micro delay to query
        -fanout_edges: Return a list of fanout edge IDs
        -is_latch: Return "1" if this is a latch node, or "0" otherwise
        -is_synchronizer: Return which stage of a synchronizer chain this register is part of, or "0" if it is not part of a synchronizer chain
        -name: Return the object name
        -related_pin <related_pin_value>: Specify which register port you want the tsu/th/tco for
        -synch_edges: Return a list of synchronous edge IDs
        -tch: Return the Tch value
        -tcl: Return the Tcl value
        -tco: Return the Tco value
        -th: Return the Th value
        -tmin: Return the Tmin value
        -tsu: Return the Tsu value
        -type: Return the object type
        <reg_object>: Register object

------------------------
Tcl Package and Version:
------------------------

Belongs to ::quartus::sta 1.0

------------
Description:
------------

Gets information about the specified register (referenced by register
ID). Register IDs can be obtained by Tcl commands such as
get_registers.

The -type option returns "reg". The -name, -type, -tco, -tsu, -th,
-tch, -tcl, -tmin, -clock_edges, -synch_edges, -asynch_edges, -fanout_edges
and -is_latch options are mutually exclusive.

--------------
Example Usage:
--------------

project_open chiptrip
create_timing_netlist
set registers [get_registers]
foreach_in_collection reg $registers {
    set name [get_register_info $reg -name]
    set tco [get_register_info $reg -tco]
    puts "Tco of $name is $tco"
}
delete_timing_netlist
project_close

-------------
Return Value:
-------------

Code Name	Code	String Return
---------	----	-------------
TCL_OK   	0   	INFO: Operation successful
TCL_ERROR	1   	ERROR: delay_type is used without specifying the related_pin. These two options must be used together.
TCL_ERROR	1   	ERROR: related_pin is used without specifying the delay_type. These two options must be used together.
TCL_ERROR	1   	ERROR: Object with ID "<string>" is not an object of type <string>. Specify the ID of an object with the correct type.
TCL_ERROR	1   	ERROR: Cannot find object of ID "<string>". Specify an existing object ID.
TCL_ERROR	1   	ERROR: Unsupported object type: <string>. Specify a supported object type.

---------------------------------------------------------------------------

END_HELP get_register_info
BEGIN_HELP get_edge_info
---------------------------------------------------------------------------

Usage: get_edge_info [-h] [-help] [-long_help] [-delay] [-delay_type] [-dst] [-ff] [-fr] [-hslp] [-is_disabled] [-max] [-min] [-name] [-rf] [-rr] [-src] [-type] [-unateness] <edge_object>

        -h: Quick usage
        -help: Short help
        -long_help: Long help with examples and possible return values

        -delay: Return the delay.
        -delay_type: Return the type of the delay (ic/cell/loop/user).
        -dst: Return the destination node ID.
        -ff: Return the fall-to-fall delay
        -fr: Return the fall-to-rise delay
        -hslp: Return the HS/LP setting
        -is_disabled: Return whether the edge has been disabled, so should not be traversed through
        -max: Max delay
        -min: Min delay
        -name: Return the edge name
        -rf: Return the rise-to-fall delay
        -rr: Return the rise-to-rise delay
        -src: Return the source node ID
        -type: Return the edge type.
        -unateness: Return the unateness.
        <edge_object>: Edge object

------------------------
Tcl Package and Version:
------------------------

Belongs to ::quartus::sta 1.0

------------
Description:
------------

Returns information about the specified edge (referenced by edge ID).
Edge IDs can be obtained by Tcl commands such as get_node_info <node_id>
-synch_edges.

The "-type" and "-name" options exist only to keep the interface compliant
with the get_object_info command. The "-type" option returns specific edge
type as "synchronous", "asynchronous", "clock", or "combinational",
while the "-name" option always returns an empty string.

The "-delay" option returns the delay associated to the edge. Use
-max, -min and -rr, -rf, -fr, -ff options to specify the type of returned
delay. One of the -max, -min options must be specified. One of the
-rr, -rf, -fr, -ff options must be specified. As well, you must restrict
reporting to only one operating condition at a time with -delay.

The -hslp option returns the HS/LP setting associated to the edge.

The -unateness option returns the unateness associated to the edge.

The -is_disabled option returns 1 if the edge should not be traversed
through, and 0 if the edge can be traversed through. Disabled edges include
edges in SCC loops and edges that the user has manually cut with the
set_disable_timing command.

--------------
Example Usage:
--------------

project_open chiptrip
create_timing_netlist
set nodes [get_pins]
foreach_in_collection node $nodes {
    set node_name [get_node_info -name $node]
    set edges [get_node_info $node -fanout_edges]
    foreach edge $edges {
        # Traverse to the fanout node
        set dst_node [get_edge_info -dst $edge]
        set dst_name [get_node_info -name $dst_node]
        set delay_type [get_edge_info -delay_type $edge]

        foreach op [get_available_operating_conditions] {
            set_operating_conditions $op
            set rr_delay [get_edge_info $edge -max -delay -rr]
            set rf_delay [get_edge_info $edge -max -delay -rf]
            set fr_delay [get_edge_info $edge -max -delay -fr]
            set ff_delay [get_edge_info $edge -max -delay -ff]
            puts "operating_condition: $op Max $delay_type delay of edge $edge, from $node_name to $dst_name: (RR:$rr_delay RF:$rf_delay FR:$fr_delay FF:$ff_delay)"
        }
    }
}
delete_timing_netlist
project_close

-------------
Return Value:
-------------

Code Name	Code	String Return
---------	----	-------------
TCL_OK   	0   	INFO: Operation successful
TCL_ERROR	1   	ERROR: Option <string> is not allowed to be specified with option -<string>. Remove the disallowed option.
TCL_ERROR	1   	ERROR: Options <string> are exclusively allowed to be specified with option -<string>. Specify one of the allowed options.
TCL_ERROR	1   	ERROR: Options are mutually exclusive: <string>. Specify only one of the these options.
TCL_ERROR	1   	ERROR: Object with ID "<string>" is not an object of type <string>. Specify the ID of an object with the correct type.
TCL_ERROR	1   	ERROR: Cannot find object of ID "<string>". Specify an existing object ID.
TCL_ERROR	1   	ERROR: Option <string> is required to be specified with option -<string>. Specify a required option.
TCL_ERROR	1   	ERROR: Unsupported object type: <string>. Specify a supported object type.

---------------------------------------------------------------------------

END_HELP get_edge_info
BEGIN_HELP get_fanins
---------------------------------------------------------------------------

Usage: get_fanins [-h] [-help] [-long_help] [-asynch] [-clock] [-inverting_paths] [-no_logic] [-non_inverting_paths] [-stop_at_clocks] [-synch] [-through <names>] <filter>

        -h: Quick usage
        -help: Short help
        -long_help: Long help with examples and possible return values

        -asynch: Traverse through asynch edges
        -clock: Traverse through clock edges
        -inverting_paths: Only follow inverting combinational paths
        -no_logic: Do not follow combinational paths
        -non_inverting_paths: Only follow non-inverting combinational paths
        -stop_at_clocks: Return clock targets as fanin/fanouts rather than traversing through them
        -synch: Traverse through synch edges
        -through <names>: Valid through nodes (string patterns are matched using Tcl string matching)
        <filter>: Valid starting nodes (string patterns are matched using Tcl string matching or collection)

------------------------
Tcl Package and Version:
------------------------

Belongs to ::quartus::sdc_ext 2.0

------------
Description:
------------

Returns a collection of fanin ports, registers (and 
optionally clock targets) reachable from the
<filter> in the design. When you supply the -no_logic
option, get_fanins ignores paths that pass through
combinational logic elements other than buffers and
inverters.

NOTE: the -no_logic option does not consider
logic absorbed into the cells of the <filter> nor the
cells of fanin registers, ports or clock targets.

When you use -synch, -asynch, or -clock options,
get_fanins traverses the netlist through corresponding
edges. You can specify more than one of these options.
If you do not specify any of these three
options, the command does not ignore any paths.

When the -non_inverting_paths option is used, no_logic
does not follow any paths that includes odd number of
inverters. Similarly, when the -inverting_paths option
is used, no_logic does not follow any paths that
includes even number of inverters. Both the
-non_inverting_paths and -inverting_paths options
require the -no_logic option and are mutually
exclusive.

When the -through option is used, only the fanins that
can be reached by going through those nodes are
returned.

When -stop_at_clocks is used, combinational clock targets may 
be returned (in addition to clock or non-clock registers 
and ports), and registers or ports that can only be reached 
by traversing through a clock target will not be returned.

The filter for the collection is a Tcl list of
wildcards, and must follow standard Tcl or
Timing Analyzer-extension substitution rules.  See the help
for the use_timing_analyzer_style_escaping command for
details.


--------------
Example Usage:
--------------

set fanins [get_fanins $item -synch -clock]
foreach_in_collection fanin_keeper $fanins {
	lappend fanin_keeper_list [get_node_info $fanin_keeper -name]
}

set fanins_no_logic [get_fanins $item -no_logic -asynch]
foreach_in_collection fanin_keeper $fanins_no_logic {
	lappend fanin_keeper_list_no_logic [get_node_info $fanin_keeper -name]
}

#-through example
get_fanins inst18 -through inst11

-------------
Return Value:
-------------

Code Name	Code	String Return
---------	----	-------------
TCL_OK   	0   	INFO: Operation successful

---------------------------------------------------------------------------

END_HELP get_fanins
BEGIN_HELP get_fanouts
---------------------------------------------------------------------------

Usage: get_fanouts [-h] [-help] [-long_help] [-asynch] [-clock] [-inverting_paths] [-no_logic] [-non_inverting_paths] [-stop_at_clocks] [-synch] [-through <names>] <filter>

        -h: Quick usage
        -help: Short help
        -long_help: Long help with examples and possible return values

        -asynch: Traverse through asynchronous edges
        -clock: Traverse through clock edges
        -inverting_paths: Only follow inverting combinational paths
        -no_logic: Do not follow combinational paths
        -non_inverting_paths: Only follow non-inverting combinational paths
        -stop_at_clocks: Return clock targets as fanin/fanouts rather than traversing through them
        -synch: Traverse through synchronous edges
        -through <names>: Valid through nodes (string patterns are matched using Tcl string matching)
        <filter>: Valid starting nodes (string patterns are matched using Tcl string matching or collection)

------------------------
Tcl Package and Version:
------------------------

Belongs to ::quartus::sdc_ext 2.0

------------
Description:
------------

Returns a collection of fanout ports, registers (and 
optionally clock targets) reachable from the
<filter> in the design. When the -no_logic option is
used, get_fanouts ignores the paths that pass through
combinational logic elements other than buffers and
inverters.

When you use the -synch, -asynch, or -clock options,
get_fanouts traverses the netlist through corresponding
edges. You can specify more than one of these options.
If you do not specify any of these three
options, the command does not ignore any paths.

When the -non_inverting_paths option is used in
conjunction with the -no_logic option, get_fanouts
does not follow paths that include an odd number
of inverters. Similarly, when the -inverting_paths
option is used in conjunction with the -no_logic
option, get_fanouts does not follow any paths that
include an even number of inverters. Both the
-non_inverting_paths and -inverting_paths options
require the -no_logic option and are mutually
exclusive.

NOTE:
The -no_logic option does not consider logic absorbed
into the cells of the <filter> nor the cells of fanout
registers, ports or clock targets.
The -no_inversion option does not consider inversions
absorbed into synchronous inputs of fanout registers,
as the Intel Quartus Prime software register timing
model always considers these edges as being positive
unate.

When the -through option is used, only the fanouts
that can be reached by going through those nodes are
returned.

When -stop_at_clocks is used, combinational clock targets may 
be returned (in addition to clock or non-clock registers 
and ports), and registers or ports that can only be reached 
by traversing through a clock target will not be returned.

The filter for the collection is a Tcl list of
wildcards, and must follow standard Tcl or
Timing Analyzer-extension substitution rules. See the help
for use_timing_analyzer_style_escaping for details.


--------------
Example Usage:
--------------

set fanouts [get_fanouts $item]
foreach_in_collection fanout_keeper $fanouts {
	lappend fanout_keeper_list [get_node_info $fanout_keeper -name]
}

set fanouts_no_logic [get_fanouts $item -no_logic]
foreach_in_collection fanout_keeper $fanouts_no_logic {
	lappend fanout_keeper_list_no_logic [get_node_info $fanout_keeper -name]
}

# Using through option to find the fanout registers whose enable input is 
# connected to the signal while ignoring the inverting paths.
get_fanouts inst1 -no_logic -non_inverting_paths -through [get_pins -hierarchical *|ena]

-------------
Return Value:
-------------

Code Name	Code	String Return
---------	----	-------------
TCL_OK   	0   	INFO: Operation successful

---------------------------------------------------------------------------

END_HELP get_fanouts
BEGIN_HELP get_nodes
---------------------------------------------------------------------------

Usage: get_nodes [-h] [-help] [-long_help] [-include_generated_clocks] [-no_duplicates] [-nocase] [-nowarn] [-of_clocks] [<filter>]

        -h: Quick usage
        -help: Short help
        -long_help: Long help with examples and possible return values

        -include_generated_clocks: Includes generated clocks derived from the matched clocks. This option can only be used in conjunction with the -of_clocks option.
        -no_duplicates: Do not match duplicated node names
        -nocase: Specifies the matching of node names (or clock names if the -of_clocks option is used) to be case-insensitive
        -nowarn: Do not issue warning messages about unmatched patterns
        -of_clocks: Returns nodes that are on the clock domains of the specified clock names
        <filter>: Valid destinations (string patterns are matched using Tcl string matching)

------------------------
Tcl Package and Version:
------------------------

Belongs to ::quartus::sdc_ext 2.0

------------
Description:
------------

Returns a collection of nodes in the design.

The default matching scheme returns not only nodes
whose names match the specified filter, but also nodes
duplicated from these nodes (refers to cells are
automatically generated by Quartus from these
nodes). Use the -no_duplicates option to not include
duplicated nodes. If the -of_clocks option is used, the
nodes returned are limited to those on the clock domains
of clocks whose names match the specified filter.

The filter for the collection is a Tcl list of
wildcards, and must follow standard Tcl or
Timing Analyzer-extension substitution rules. See help for
the use_timing_analyzer_style_escaping command for details.


--------------
Example Usage:
--------------

project_open chiptrip
create_timimg_netlist

set nodes [get_nodes *name*]
foreach_in_collection node $nodes {
    puts [get_object_info -name $node]
}

delete_timing_netlist
project_close

-------------
Return Value:
-------------

Code Name	Code	String Return
---------	----	-------------
TCL_OK   	0   	INFO: Operation successful
TCL_ERROR	1   	ERROR: The -include_generated_clocks option can only be used when the -of_clocks option is used as well
TCL_ERROR	1   	ERROR: Timing netlist does not exist. Use "create_timing_netlist" to create a timing netlist.

---------------------------------------------------------------------------

END_HELP get_nodes
BEGIN_HELP use_timing_analyzer_style_escaping
---------------------------------------------------------------------------

Usage: use_timing_analyzer_style_escaping [-h] [-help] [-long_help] [-off] [-on]

        -h: Quick usage
        -help: Short help
        -long_help: Long help with examples and possible return values

        -off: Disable this setting.
        -on: Enable this setting.

------------------------
Tcl Package and Version:
------------------------

Belongs to ::quartus::sta 1.0

------------
Description:
------------

Use Timing Analyzer-style escaping.  (Timing Analyzer-style escaping is enabled by
default.

The values used to create a collection, whether explicitly using a
collection command or implicitly as a value specified as a "-from",
"-to", or similar option to various SDC and report commands, are a Tcl
list of wildcards.  This includes a single name with an exact match.
The value must follow standard Tcl substitution rules for Tcl lists
and "string match" as described below, unless using Timing Analyzer-style
escaping (default).

For special characters such as '$', the character must be escaped
using a single '\' character to prevent Tcl from interpreting the word
after '$' as a Tcl variable, such as: Clk\$Signal.

A '\' character itself must be escaped with another '\' as in the '$'
case, must be escaped again for the Tcl list, and must be escaped yet
again for Tcl "string match."  The final result is eight '\'
characters, such as: Clk\\\\\\\\Signal.

Using Tcl "list" eliminates one level of escaping, since it
escapes any '\' characters automatically for the Tcl list, such as:
[list Clk\\\\Signal]

Using '{' and '}' characters also eliminates the need for one or two
levels of escaping, since '{' and '}' prevent string substitution in
the contents, such as:
	[List {Clk\\Signal}]
	{{Clk\\Signal}}

The use_timing_analyzer_style_escaping option, which is on by default,
allows the user to specify a name containing '\' characters with only
two '\' characters in all cases, such as: Clk\\Signal.  The extra '\'
characters required for Tcl list string substitution and "string
match" are added automatically by the Timing Analyzer.

To disable Timing Analyzer style string escaping, call
"use_timing_analyzer_style_escaping -off" before adding any timing
constraints or exceptions.

--------------
Example Usage:
--------------

project_open top
use_timing_analyzer_style_escaping -on
create_timing_netlist
set res [get_cells my_test|special_\\reg]
query_collection $res -all

delete_timing_netlist
project_close

-------------
Return Value:
-------------

Code Name	Code	String Return
---------	----	-------------
TCL_OK   	0   	INFO: Operation successful
TCL_ERROR	1   	ERROR: Timing netlist does not exist. Use "create_timing_netlist" to create a timing netlist.

---------------------------------------------------------------------------

END_HELP use_timing_analyzer_style_escaping
Info (23030): Evaluation of Tcl script /home/uwb_student00/ahls/new_BSP/work_ahls_persona_work21_csr02/csr-help02/help.tcl was successful
Info: Quartus Prime Timing Analyzer was successful. 0 errors, 0 warnings
    Info: Peak virtual memory: 1310 megabytes
    Info: Processing ended: Wed Sep 23 12:53:40 2026
    Info: Elapsed time: 00:00:01
    Info: System process ID: 135217
