//
// Generated by ip_gen_sv_wrapper.tcl
//

locked is not part of a group. Using sys_pll_locked_if.
outclk_0 is id0 of a potential group. Using sys_pll_outclk_if.
  Map key: sys_pll_outclk0
  Pattern: ^(outclk_)([0-9]+)()$
outclk_1 matches sys_pll_outclk_if.
  Map key: sys_pll_outclk1
  Base key: sys_pll_outclk0
  Pattern: ^(outclk_)([0-9]+)()$
outclk_2 matches sys_pll_outclk_if.
  Map key: sys_pll_outclk2
  Base key: sys_pll_outclk0
  Pattern: ^(outclk_)([0-9]+)()$
outclk_3 matches sys_pll_outclk_if.
  Map key: sys_pll_outclk3
  Base key: sys_pll_outclk0
  Pattern: ^(outclk_)([0-9]+)()$
outclk_4 matches sys_pll_outclk_if.
  Map key: sys_pll_outclk4
  Base key: sys_pll_outclk0
  Pattern: ^(outclk_)([0-9]+)()$
outclk_5 matches sys_pll_outclk_if.
  Map key: sys_pll_outclk5
  Base key: sys_pll_outclk0
  Pattern: ^(outclk_)([0-9]+)()$
outclk_6 matches sys_pll_outclk_if.
  Map key: sys_pll_outclk6
  Base key: sys_pll_outclk0
  Pattern: ^(outclk_)([0-9]+)()$
refclk is not part of a group. Using sys_pll_refclk_if.
reset is not part of a group. Using sys_pll_rst_if.
sys_pll: coalescing group outclk_0 outclk_1 outclk_2 outclk_3 outclk_4 outclk_5 outclk_6
sys_pll: coalescing interfaces into vectors of 7 ports
