Info: Generated by version: 25.1 build 129
Info: Starting: Create simulation model
Info: qsys-generate /home/uwb_student00/ahls/new_BSP/work_ahls_getting_started_fix01/runs/template-sim/tmp/fpga_template-73e88b-cc7103/ip/mpsim/mpsim_ki.ip --simulation=VERILOG --allow-mixed-language-simulation --output-directory=/home/uwb_student00/ahls/new_BSP/work_ahls_getting_started_fix01/runs/template-sim/tmp/fpga_template-73e88b-cc7103/ip/mpsim/mpsim_ki --family="Agilex 7" --part=AGFA006R16A2E1V
Warning: mpsim_ki.ki: add_instance: Component altera_avalon_mm_bridge version 13.1 is not installed - loaded latest installed version 20.1.0 instead.  Please check for parameter mismatches 
Warning: mpsim_ki.ki: add_instance: Component altera_address_span_extender version 15.0 is not installed - loaded latest installed version 19.2.0 instead.  Please check for parameter mismatches 
Warning: mpsim_ki.ki: add_instance: Component altera_avalon_mm_bridge version 13.1 is not installed - loaded latest installed version 20.1.0 instead.  Please check for parameter mismatches 
Warning: mpsim_ki.ki: add_instance: Component clock_source version 13.1 is not installed - loaded latest installed version 25.1 instead.  Please check for parameter mismatches 
Warning: mpsim_ki.ki: add_instance: Component altera_irq_bridge version 13.1 is not installed - loaded latest installed version 20.0.0 instead.  Please check for parameter mismatches 
Warning: mpsim_ki.ki: add_instance: Component altera_reset_bridge version 13.1 is not installed - loaded latest installed version 19.2.0 instead.  Please check for parameter mismatches 
Warning: mpsim_ki.ki: add_instance: Component altera_reset_controller version 13.1 is not installed - loaded latest installed version 19.2.4 instead.  Please check for parameter mismatches 
Warning: mpsim_ki.ki: add_instance: Component altera_clock_bridge version 13.1 is not installed - loaded latest installed version 19.2.0 instead.  Please check for parameter mismatches 
Warning: mpsim_ki.ki: add_instance: Component altera_reset_bridge version 13.1 is not installed - loaded latest installed version 19.2.0 instead.  Please check for parameter mismatches 
Warning: mpsim_ki.ki: add_instance: Component altera_reset_bridge version 13.1 is not installed - loaded latest installed version 19.2.0 instead.  Please check for parameter mismatches 
Info: mpsim_ki.ki.reset_controller_sw: Deassert with RESET_REQUEST_PRESENT will have Minimum of 4 cycles difference between assertion of reset_req to reset_out
Info: mpsim_ki: "Transforming system: mpsim_ki"
Info: Interconnect is inserted between master address_span_extender_0.expanded_master and slave kernel_cra.s0 because they have different clock source.
Info: Inserting clock-crossing logic between cmd_demux.src0 and cmd_mux.sink0
Info: Inserting clock-crossing logic between rsp_demux.src0 and rsp_mux.sink0
Info: mpsim_ki: "Naming system components in system: mpsim_ki"
Info: mpsim_ki: "Processing generation queue"
Info: mpsim_ki: "Generating: mpsim_ki"
Info: mpsim_ki: "Generating: mpsim_ki_kernel_interface_151_yqsw7ei"
Info: mpsim_ki: "Generating: mpsim_ki_altera_avalon_mm_bridge_2010_tex5a4i"
Info: mpsim_ki: "Generating: mpsim_ki_altera_address_span_extender_1920_vz4724i"
Info: mpsim_ki: "Generating: sw_reset"
Info: mpsim_ki: "Generating: global_routing"
Info: mpsim_ki: "Generating: mem_org_mode"
Info: mpsim_ki: "Generating: mpsim_ki_altera_irq_bridge_2000_mzhkeuq"
Info: irq_bridge_0: 1
Info: irq_bridge_0: irq_width
Info: mpsim_ki: "Generating: version_id"
Info: mpsim_ki: "Generating: altera_reset_controller"
Info: mpsim_ki: "Generating: mpsim_ki_altera_mm_interconnect_1920_jcc3hxy"
Info: mpsim_ki: "Generating: mpsim_ki_altera_mm_interconnect_1920_darfi3q"
Info: mpsim_ki: "Generating: mpsim_ki_altera_merlin_master_translator_193_lgcew2q"
Info: mpsim_ki: "Generating: mpsim_ki_altera_merlin_slave_translator_191_xg7rzxi"
Info: mpsim_ki: "Generating: mpsim_ki_altera_merlin_master_agent_1931_g4xxafa"
Info: mpsim_ki: "Generating: mpsim_ki_altera_merlin_slave_agent_1930_jxauz3i"
Info: mpsim_ki: "Generating: mpsim_ki_altera_avalon_sc_fifo_1932_onpcouq"
Info: mpsim_ki: "Generating: mpsim_ki_altera_merlin_router_1921_462bhxq"
Info: mpsim_ki: "Generating: mpsim_ki_altera_merlin_router_1921_qo376wy"
Info: mpsim_ki: "Generating: mpsim_ki_altera_merlin_demultiplexer_1921_p6jr2wa"
Info: mpsim_ki: "Generating: mpsim_ki_altera_merlin_multiplexer_1922_kqpdb4a"
Info: mpsim_ki: "Generating: mpsim_ki_altera_merlin_multiplexer_1922_zl6mqja"
Info: mpsim_ki: "Generating: mpsim_ki_hs_clk_xer_1941_ufej3ri"
Info: mpsim_ki: "Generating: mpsim_ki_altera_merlin_master_agent_1931_jtx3eyy"
Info: mpsim_ki: "Generating: mpsim_ki_altera_merlin_router_1921_h3b4hlq"
Info: mpsim_ki: "Generating: mpsim_ki_altera_merlin_router_1921_mndf7xa"
Info: mpsim_ki: "Generating: mpsim_ki_altera_merlin_router_1921_7r3h3sq"
Info: mpsim_ki: "Generating: mpsim_ki_altera_merlin_traffic_limiter_1921_3mmasty"
Info: my_altera_avalon_sc_fifo_dest_id_fifo: "Generating: my_altera_avalon_sc_fifo_dest_id_fifo"
Info: mpsim_ki: "Generating: mpsim_ki_altera_merlin_demultiplexer_1921_vnl2yiy"
Info: mpsim_ki: "Generating: mpsim_ki_altera_merlin_multiplexer_1922_ia6emmq"
Info: mpsim_ki: "Generating: mpsim_ki_altera_merlin_demultiplexer_1921_pgmvl6a"
Info: mpsim_ki: "Generating: mpsim_ki_altera_merlin_multiplexer_1922_76stkzq"
Info: mpsim_ki: "Generating: mpsim_ki_altera_merlin_width_adapter_1950_45pnevq"
Info: mpsim_ki: "Generating: mpsim_ki_altera_merlin_width_adapter_1950_hbzf6ha"
Info: mpsim_ki: "Generating: mpsim_ki_altera_merlin_traffic_limiter_altera_avalon_sc_fifo_1921_xk7jela"
Info: mpsim_ki: Done "mpsim_ki" with 35 modules, 55 files
Info: Generating the following file(s) for VCSMX simulator in /home/uwb_student00/ahls/new_BSP/work_ahls_getting_started_fix01/runs/template-sim/tmp/fpga_template-73e88b-cc7103/ip/mpsim/mpsim_ki/sim/ directory:
Info: 	common/vcsmx_files.tcl
Info: Generating the following file(s) for MODELSIM simulator in /home/uwb_student00/ahls/new_BSP/work_ahls_getting_started_fix01/runs/template-sim/tmp/fpga_template-73e88b-cc7103/ip/mpsim/mpsim_ki/sim/ directory:
Info: 	common/modelsim_files.tcl
Info: Generating the following file(s) for VCS simulator in /home/uwb_student00/ahls/new_BSP/work_ahls_getting_started_fix01/runs/template-sim/tmp/fpga_template-73e88b-cc7103/ip/mpsim/mpsim_ki/sim/ directory:
Info: 	common/vcs_files.tcl
Info: Generating the following file(s) for RIVIERA simulator in /home/uwb_student00/ahls/new_BSP/work_ahls_getting_started_fix01/runs/template-sim/tmp/fpga_template-73e88b-cc7103/ip/mpsim/mpsim_ki/sim/ directory:
Info: 	common/riviera_files.tcl
Info: Generating the following file(s) for XCELIUM simulator in /home/uwb_student00/ahls/new_BSP/work_ahls_getting_started_fix01/runs/template-sim/tmp/fpga_template-73e88b-cc7103/ip/mpsim/mpsim_ki/sim/ directory:
Info: 	common/xcelium_files.tcl
Info: For information on how to simulate your IP, see the explanatory comments in the simulator-specific subdirectories under /home/uwb_student00/ahls/new_BSP/work_ahls_getting_started_fix01/runs/template-sim/tmp/fpga_template-73e88b-cc7103/ip/mpsim/mpsim_ki/sim/.
Info: Regenerate these scripts whenever you make any change to any Quartus-generated IP in your project.
Info: Finished: Create simulation model
Info: Starting: Create simulation script
Info: sim-script-gen --system-file=/home/uwb_student00/ahls/new_BSP/work_ahls_getting_started_fix01/runs/template-sim/tmp/fpga_template-73e88b-cc7103/ip/mpsim/mpsim_ki.ip --output-directory=/home/uwb_student00/ahls/new_BSP/work_ahls_getting_started_fix01/runs/template-sim/tmp/fpga_template-73e88b-cc7103/ip/mpsim/mpsim_ki/sim/ --use-relative-paths=true
Info: Generating the following file(s) for VCSMX simulator in /home/uwb_student00/ahls/new_BSP/work_ahls_getting_started_fix01/runs/template-sim/tmp/fpga_template-73e88b-cc7103/ip/mpsim/mpsim_ki/sim/ directory:
Info: 	synopsys/vcsmx/_device_synopsys_sim.setup
Info: 	synopsys/vcsmx/synopsys_sim.setup
Info: 	synopsys/vcsmx/vcsmx_setup.sh
Info: Generating the following file(s) for MODELSIM simulator in /home/uwb_student00/ahls/new_BSP/work_ahls_getting_started_fix01/runs/template-sim/tmp/fpga_template-73e88b-cc7103/ip/mpsim/mpsim_ki/sim/ directory:
Info: 	mentor/msim_setup.tcl
Info: 	mentor/run_msim_setup.tcl
Info: Generating the following file(s) for VCS simulator in /home/uwb_student00/ahls/new_BSP/work_ahls_getting_started_fix01/runs/template-sim/tmp/fpga_template-73e88b-cc7103/ip/mpsim/mpsim_ki/sim/ directory:
Info: 	synopsys/vcs/vcs_setup.sh
Info: Generating the following file(s) for RIVIERA simulator in /home/uwb_student00/ahls/new_BSP/work_ahls_getting_started_fix01/runs/template-sim/tmp/fpga_template-73e88b-cc7103/ip/mpsim/mpsim_ki/sim/ directory:
Info: 	aldec/rivierapro_setup.tcl
Info: 	aldec/run_rivierapro_setup.tcl
Info: Generating the following file(s) for XCELIUM simulator in /home/uwb_student00/ahls/new_BSP/work_ahls_getting_started_fix01/runs/template-sim/tmp/fpga_template-73e88b-cc7103/ip/mpsim/mpsim_ki/sim/ directory:
Info: 	xcelium/cds.lib
Info: 	xcelium/hdl.var
Info: 	xcelium/xcelium_setup.sh
Info: 	23 .cds.lib files in xcelium/cds_libs/ directory
Info: For information on how to simulate your IP, see the explanatory comments in the simulator-specific subdirectories under /home/uwb_student00/ahls/new_BSP/work_ahls_getting_started_fix01/runs/template-sim/tmp/fpga_template-73e88b-cc7103/ip/mpsim/mpsim_ki/sim/.
Info: Regenerate these scripts whenever you make any change to any Quartus-generated IP in your project.
Info: Finished: Create simulation script
