Reading pref.tcl

# 2025.3

# ** Note: (vsim-220) '/home/uwb_student00/ahls/new_BSP/qualification/ddr-smoke-02/run-02/modelsim.ini' is used as the ini file.
# ** Note: (vsim-223) The environment variable MODELSIM will be deprecated in future releases. Please use QSIM_INI instead.
# vsim -c -onfinish exit -t 1ps -L work -L lpm_ver -L sgate_ver -L altera_ver -L altera_mf_ver -L altera_lnsim_ver -L tennm_ver -L tennm_hssi_ver -L tennm_fm_hps_ver -L tennm_hssi_e0_ver -L tennm_hssi_p0_ver -L lpm -L sgate -L altera -L altera_mf -L altera_lnsim -L tennm -L tennm_hssi -L tennm_fm_hps -L tennm_hssi_e0 -L tennm_hssi_p0 -L altera_common_sv_packages -L altera_emif_arch_fm_191 -L altera_emif_fm_280 -L mem_ss_mem_ss_501_qm5zaka_emif_0 -L mem_ss_mem_ss_501_qm5zaka_emif_1_reset_bridge -L mem_ss_mem_ss_501_qm5zaka_emif_0_clk_bridge -L mem_ss_mem_ss_501_qm5zaka_emif_1 -L mem_ss_reset_ctrl_201 -L mem_ss_mem_ss_501_qm5zaka_mem_reset_ctrl -L mem_ss_mem_ss_501_qm5zaka_emif_1_clk_bridge -L mem_ss_msa_105 -L mem_ss_mem_ss_501_qm5zaka_msa_1 -L mem_ss_mem_ss_501_qm5zaka_msa_0 -L mem_ss_mem_ss_501_qm5zaka_emif_0_reset_bridge -L altera_emif_cal_iossm_280 -L altera_emif_cal_280 -L mem_ss_mem_ss_501_qm5zaka_emif_cal_bot -L altera_merlin_master_translator_193 -L altera_merlin_slave_translator_191 -L altera_mm_interconnect_1920 -L altera_reset_controller_1924 -L mem_ss_mem_ss_501_qm5zaka -L mem_ss -L altera_emif_mem_model_core_ddr4_191 -L altera_emif_mem_model_191 -L ed_sim_mem -L ed_sim_mem_group1 work.tb_mem_ss_smoke -do "run.do" 
# Start time: 12:20:13 on Sep 18,2026
# ** Note: (vsim-3812) Design is being optimized...
# ** Note: (vopt-220) '/home/uwb_student00/ahls/new_BSP/qualification/ddr-smoke-02/run-02/modelsim.ini' is used as the ini file.
# ** Note: (vopt-223) The environment variable MODELSIM will be deprecated in future releases. Please use QSIM_INI instead.
# ** Error (suppressible): $MODEL_TECH/../intel/verilog/src/tennm_atoms.sv(6196): (vopt-2732) Module parameter 'a_iossm_is_calib_master' not found for override.
# ** Error (suppressible): $MODEL_TECH/../intel/verilog/src/tennm_atoms.sv(6199): (vopt-2732) Module parameter 'mem_contents_0' not found for override.
# ** Error (suppressible): $MODEL_TECH/../intel/verilog/src/tennm_atoms.sv(6200): (vopt-2732) Module parameter 'mem_contents_1' not found for override.
# ** Error (suppressible): $MODEL_TECH/../intel/verilog/src/tennm_atoms.sv(6201): (vopt-2732) Module parameter 'mem_contents_2' not found for override.
# ** Error (suppressible): $MODEL_TECH/../intel/verilog/src/tennm_atoms.sv(6202): (vopt-2732) Module parameter 'mem_contents_3' not found for override.
# ** Error (suppressible): $MODEL_TECH/../intel/verilog/src/tennm_atoms.sv(6213): (vopt-2732) Module parameter 'calbus0_interface_id' not found for override.
# ** Error (suppressible): $MODEL_TECH/../intel/verilog/src/tennm_atoms.sv(6214): (vopt-2732) Module parameter 'calbus1_interface_id' not found for override.
# ** Error (suppressible): $MODEL_TECH/../intel/verilog/src/tennm_atoms.sv(6215): (vopt-2732) Module parameter 'calbus2_interface_id' not found for override.
# ** Error (suppressible): $MODEL_TECH/../intel/verilog/src/tennm_atoms.sv(6216): (vopt-2732) Module parameter 'calbus3_interface_id' not found for override.
# ** Error (suppressible): $MODEL_TECH/../intel/verilog/src/tennm_atoms.sv(6217): (vopt-2732) Module parameter 'calbus4_interface_id' not found for override.
# ** Error (suppressible): $MODEL_TECH/../intel/verilog/src/tennm_atoms.sv(6218): (vopt-2732) Module parameter 'calbus5_interface_id' not found for override.
# ** Error (suppressible): $MODEL_TECH/../intel/verilog/src/tennm_atoms.sv(6219): (vopt-2732) Module parameter 'calbus6_interface_id' not found for override.
# ** Error (suppressible): $MODEL_TECH/../intel/verilog/src/tennm_atoms.sv(6220): (vopt-2732) Module parameter 'calbus7_interface_id' not found for override.
# ** Error (suppressible): $MODEL_TECH/../intel/verilog/src/tennm_atoms.sv(6221): (vopt-2732) Module parameter 'calbus8_interface_id' not found for override.
# ** Error (suppressible): $MODEL_TECH/../intel/verilog/src/tennm_atoms.sv(6222): (vopt-2732) Module parameter 'calbus9_interface_id' not found for override.
# ** Error (suppressible): $MODEL_TECH/../intel/verilog/src/tennm_atoms.sv(6223): (vopt-2732) Module parameter 'calbus10_interface_id' not found for override.
# ** Error (suppressible): $MODEL_TECH/../intel/verilog/src/tennm_atoms.sv(6224): (vopt-2732) Module parameter 'calbus11_interface_id' not found for override.
# ** Error (suppressible): $MODEL_TECH/../intel/verilog/src/tennm_atoms.sv(6225): (vopt-2732) Module parameter 'calbus12_interface_id' not found for override.
# ** Error (suppressible): $MODEL_TECH/../intel/verilog/src/tennm_atoms.sv(6226): (vopt-2732) Module parameter 'calbus13_interface_id' not found for override.
# ** Error (suppressible): $MODEL_TECH/../intel/verilog/src/tennm_atoms.sv(6227): (vopt-2732) Module parameter 'calbus14_interface_id' not found for override.
# ** Error (suppressible): $MODEL_TECH/../intel/verilog/src/tennm_atoms.sv(6228): (vopt-2732) Module parameter 'calbus15_interface_id' not found for override.
# ** Error (suppressible): $MODEL_TECH/../intel/verilog/src/tennm_atoms.sv(6230): (vopt-2732) Module parameter 'mem_contents_valid' not found for override.
# ** Error (suppressible): $MODEL_TECH/../intel/verilog/src/tennm_atoms.sv(6231): (vopt-2732) Module parameter 'mem_contents_updated' not found for override.
# ** Error (suppressible): $MODEL_TECH/../intel/verilog/src/tennm_atoms.sv(6234): (vopt-2732) Module parameter 'nios_fw_file' not found for override.
# Optimization failed
# ** Note: (vsim-12126) Error and warning message counts have been restored: Errors=24, Warnings=0.
# Error loading design
Error loading design
# End time: 12:20:17 on Sep 18,2026, Elapsed time: 0:00:04
# Errors: 24, Warnings: 0
