Info: Generated by version: 26.1.1 build 130
Info: Starting: Create simulation model
Info: qsys-generate /home/uwb_student00/ahls/new_BSP/work_ia840f_fim_05/syn/board/ia840f/syn_top/../../../../ofs-common/src/fpga_family/agilex/mem_ss/qip/axilite_ic/emif_csr_ic.qsys --simulation=VERILOG --allow-mixed-language-simulation --simulator=MODELSIM --output-directory=/home/uwb_student00/ahls/new_BSP/work_ia840f_fim_05/ofs-common/src/fpga_family/agilex/mem_ss/qip/axilite_ic/emif_csr_ic --family="Agilex 7" --part=AGFB027R25A2E2V
Progress: Loading axilite_ic/emif_csr_ic.qsys
Progress: Reading input file
Progress: Parameterizing module clock_in
Progress: Parameterizing module emif_csr_slv
Progress: Parameterizing module emif_dfh_mst
Progress: Parameterizing module mem_ss_csr_mst
Progress: Parameterizing module reset_in
Progress: Building connections
Progress: Parameterizing connections
Progress: Validating
Progress: Done reading input file
Component Instantiation Warning: emif_csr_ic.clock_in: Project Setting information doesn't match IP Variant file. Double-click to open System Info tab.
Component Instantiation Warning: emif_csr_ic.emif_csr_slv: Project Setting information doesn't match IP Variant file. Double-click to open System Info tab.
Component Instantiation Warning: emif_csr_ic.emif_dfh_mst: Project Setting information doesn't match IP Variant file. Double-click to open System Info tab.
Component Instantiation Warning: emif_csr_ic.mem_ss_csr_mst: Project Setting information doesn't match IP Variant file. Double-click to open System Info tab.
Component Instantiation Warning: emif_csr_ic.reset_in: Project Setting information doesn't match IP Variant file. Double-click to open System Info tab.
Info: emif_csr_ic: "Transforming system: emif_csr_ic"
Info: emif_csr_ic: "Naming system components in system: emif_csr_ic"
Info: emif_csr_ic: "Processing generation queue"
Info: emif_csr_ic: "Generating: emif_csr_ic"
Info: emif_csr_ic: "Generating: emif_csr_ic_clock_in"
Info: emif_csr_ic: "Generating: emif_csr_slv"
Info: emif_csr_ic: "Generating: emif_dfh_mst"
Info: emif_csr_ic: "Generating: mem_ss_csr_mst"
Info: emif_csr_ic: "Generating: emif_csr_ic_reset_in"
Info: emif_csr_ic: "Generating: emif_csr_ic_altera_mm_interconnect_1920_tfx2dwq"
Info: emif_csr_ic: "Generating: altera_reset_controller"
Info: emif_csr_ic: "Generating: emif_csr_ic_altera_merlin_axi_translator_1988_n73csba"
Info: emif_csr_ic: "Generating: emif_csr_ic_altera_merlin_axi_master_ni_19121_jqy4kmq"
Info: emif_csr_ic: "Generating: emif_csr_ic_altera_merlin_axi_slave_ni_19134_tybs3ty"
Info: my_altera_avalon_sc_fifo_wr: "Generating: my_altera_avalon_sc_fifo_wr"
Info: my_altera_avalon_sc_fifo_rd: "Generating: my_altera_avalon_sc_fifo_rd"
Info: my_altera_avalon_st_pipeline_stage_rd: "Generating: my_altera_avalon_st_pipeline_stage_rd"
Info: my_altera_avalon_st_pipeline_stage_wr: "Generating: my_altera_avalon_st_pipeline_stage_wr"
Info: my_altera_avalon_st_pipeline_stage_rp: "Generating: my_altera_avalon_st_pipeline_stage_rp"
Info: emif_csr_ic: "Generating: emif_csr_ic_altera_merlin_axi_slave_ni_19134_yweilei"
Info: my_altera_avalon_sc_fifo_wr: "Generating: my_altera_avalon_sc_fifo_wr"
Info: my_altera_avalon_sc_fifo_rd: "Generating: my_altera_avalon_sc_fifo_rd"
Info: my_altera_avalon_st_pipeline_stage_rd: "Generating: my_altera_avalon_st_pipeline_stage_rd"
Info: my_altera_avalon_st_pipeline_stage_wr: "Generating: my_altera_avalon_st_pipeline_stage_wr"
Info: my_altera_avalon_st_pipeline_stage_rp: "Generating: my_altera_avalon_st_pipeline_stage_rp"
Info: emif_csr_ic: "Generating: emif_csr_ic_altera_merlin_router_1921_32mgmey"
Info: emif_csr_ic: "Generating: emif_csr_ic_altera_merlin_router_1921_ccpi2ua"
Info: emif_csr_ic: "Generating: emif_csr_ic_altera_merlin_router_1921_vstre5q"
Info: emif_csr_ic: "Generating: emif_csr_ic_altera_merlin_router_1921_2i6o7ca"
Info: emif_csr_ic: "Generating: emif_csr_ic_altera_merlin_router_1921_gri2bmi"
Info: emif_csr_ic: "Generating: emif_csr_ic_altera_merlin_router_1921_kalktfy"
Info: emif_csr_ic: "Generating: emif_csr_ic_altera_merlin_burst_adapter_1950_p77qhai"
Info: my_altera_avalon_st_pipeline_stage: "Generating: my_altera_avalon_st_pipeline_stage"
Info: emif_csr_ic: "Generating: emif_csr_ic_altera_merlin_demultiplexer_1921_7qmcnwq"
Info: emif_csr_ic: "Generating: emif_csr_ic_altera_merlin_multiplexer_1922_rmjladq"
Info: emif_csr_ic: "Generating: emif_csr_ic_altera_merlin_demultiplexer_1921_v56qr2q"
Info: emif_csr_ic: "Generating: emif_csr_ic_altera_merlin_multiplexer_1922_q6vequy"
Info: emif_csr_ic: "Generating: emif_csr_ic_altera_merlin_width_adapter_1970_d3nxdni"
Info: emif_csr_ic: "Generating: emif_csr_ic_altera_merlin_width_adapter_1970_cvpgrai"
Info: emif_csr_ic: "Generating: emif_csr_ic_altera_merlin_axi_slave_ni_altera_avalon_sc_fifo_19134_hgrceaq"
Info: emif_csr_ic: "Generating: emif_csr_ic_altera_merlin_axi_slave_ni_altera_avalon_st_pipeline_stage_19134_ollrhji"
Info: emif_csr_ic: "Generating: emif_csr_ic_altera_merlin_axi_slave_ni_altera_avalon_st_pipeline_stage_19134_cip4j6y"
Info: emif_csr_ic: "Generating: emif_csr_ic_altera_merlin_axi_slave_ni_altera_avalon_st_pipeline_stage_19134_kbnfw6a"
Info: emif_csr_ic: "Generating: emif_csr_ic_altera_merlin_axi_slave_ni_altera_avalon_sc_fifo_19134_o3wmn5i"
Info: emif_csr_ic: "Generating: emif_csr_ic_altera_merlin_axi_slave_ni_altera_avalon_st_pipeline_stage_19134_eoccaii"
Info: emif_csr_ic: "Generating: emif_csr_ic_altera_merlin_axi_slave_ni_altera_avalon_st_pipeline_stage_19134_jnzop3i"
Info: emif_csr_ic: "Generating: emif_csr_ic_altera_merlin_axi_slave_ni_altera_avalon_st_pipeline_stage_19134_x5ybrka"
Info: emif_csr_ic: "Generating: emif_csr_ic_altera_merlin_burst_adapter_altera_avalon_st_pipeline_stage_1950_uldcwcy"
Info: emif_csr_ic: "Generating: emif_csr_ic_altera_avalon_sc_fifo_1932_22gxxgi"
Info: emif_csr_ic: "Generating: emif_csr_ic_altera_avalon_st_pipeline_stage_1930_oiupeiq"
Info: emif_csr_ic: Done "emif_csr_ic" with 36 modules, 70 files
Info: Generating the following file(s) for MODELSIM simulator in /home/uwb_student00/ahls/new_BSP/work_ia840f_fim_05/ofs-common/src/fpga_family/agilex/mem_ss/qip/axilite_ic/emif_csr_ic/sim/ directory:
Info: 	common/modelsim_files.tcl
Info: For information on how to simulate your IP, see the explanatory comments in the simulator-specific subdirectories under /home/uwb_student00/ahls/new_BSP/work_ia840f_fim_05/ofs-common/src/fpga_family/agilex/mem_ss/qip/axilite_ic/emif_csr_ic/sim/.
Info: Regenerate these scripts whenever you make any change to any Quartus-generated IP in your project.
Info: Finished: Create simulation model
Info: Starting: Create simulation script
Info: sim-script-gen --system-file=/home/uwb_student00/ahls/new_BSP/work_ia840f_fim_05/syn/board/ia840f/syn_top/../../../../ofs-common/src/fpga_family/agilex/mem_ss/qip/axilite_ic/emif_csr_ic.qsys --simulator=MODELSIM --output-directory=/home/uwb_student00/ahls/new_BSP/work_ia840f_fim_05/ofs-common/src/fpga_family/agilex/mem_ss/qip/axilite_ic/emif_csr_ic/sim/ --use-relative-paths=true --modelsim-flow=traditional
Info: Generating the following file(s) for MODELSIM simulator in /home/uwb_student00/ahls/new_BSP/work_ia840f_fim_05/ofs-common/src/fpga_family/agilex/mem_ss/qip/axilite_ic/emif_csr_ic/sim/ directory:
Info: 	mentor/msim_setup.tcl
Info: 	mentor/run_msim_setup.tcl
Info: For information on how to simulate your IP, see the explanatory comments in the simulator-specific subdirectories under /home/uwb_student00/ahls/new_BSP/work_ia840f_fim_05/ofs-common/src/fpga_family/agilex/mem_ss/qip/axilite_ic/emif_csr_ic/sim/.
Info: Regenerate these scripts whenever you make any change to any Quartus-generated IP in your project.
Info: Finished: Create simulation script
Info: 
Info: Starting: Create HDL design files for synthesis
Info: qsys-generate /home/uwb_student00/ahls/new_BSP/work_ia840f_fim_05/syn/board/ia840f/syn_top/../../../../ofs-common/src/fpga_family/agilex/mem_ss/qip/axilite_ic/emif_csr_ic.qsys --synthesis=VERILOG --output-directory=/home/uwb_student00/ahls/new_BSP/work_ia840f_fim_05/ofs-common/src/fpga_family/agilex/mem_ss/qip/axilite_ic/emif_csr_ic --family="Agilex 7" --part=AGFB027R25A2E2V
Progress: Loading axilite_ic/emif_csr_ic.qsys
Progress: Reading input file
Progress: Parameterizing module clock_in
Progress: Parameterizing module emif_csr_slv
Progress: Parameterizing module emif_dfh_mst
Progress: Parameterizing module mem_ss_csr_mst
Progress: Parameterizing module reset_in
Progress: Building connections
Progress: Parameterizing connections
Progress: Validating
Progress: Done reading input file
Component Instantiation Warning: emif_csr_ic.clock_in: Project Setting information doesn't match IP Variant file. Double-click to open System Info tab.
Component Instantiation Warning: emif_csr_ic.emif_csr_slv: Project Setting information doesn't match IP Variant file. Double-click to open System Info tab.
Component Instantiation Warning: emif_csr_ic.emif_dfh_mst: Project Setting information doesn't match IP Variant file. Double-click to open System Info tab.
Component Instantiation Warning: emif_csr_ic.mem_ss_csr_mst: Project Setting information doesn't match IP Variant file. Double-click to open System Info tab.
Component Instantiation Warning: emif_csr_ic.reset_in: Project Setting information doesn't match IP Variant file. Double-click to open System Info tab.
Info: emif_csr_ic: "Transforming system: emif_csr_ic"
Info: emif_csr_ic: "Naming system components in system: emif_csr_ic"
Info: emif_csr_ic: "Processing generation queue"
Info: emif_csr_ic: "Generating: emif_csr_ic"
Info: emif_csr_ic: "Generating: emif_csr_ic_clock_in"
Info: emif_csr_ic: "Generating: emif_csr_slv"
Info: emif_csr_ic: "Generating: emif_dfh_mst"
Info: emif_csr_ic: "Generating: mem_ss_csr_mst"
Info: emif_csr_ic: "Generating: emif_csr_ic_reset_in"
Info: emif_csr_ic: "Generating: emif_csr_ic_altera_mm_interconnect_1920_tfx2dwq"
Info: emif_csr_ic: "Generating: altera_reset_controller"
Info: emif_csr_ic: "Generating: emif_csr_ic_altera_merlin_axi_translator_1988_n73csba"
Info: emif_csr_ic: "Generating: emif_csr_ic_altera_merlin_axi_master_ni_19121_jqy4kmq"
Info: emif_csr_ic: "Generating: emif_csr_ic_altera_merlin_axi_slave_ni_19134_tybs3ty"
Info: my_altera_avalon_sc_fifo_wr: "Generating: my_altera_avalon_sc_fifo_wr"
Info: my_altera_avalon_sc_fifo_rd: "Generating: my_altera_avalon_sc_fifo_rd"
Info: my_altera_avalon_st_pipeline_stage_rd: "Generating: my_altera_avalon_st_pipeline_stage_rd"
Info: my_altera_avalon_st_pipeline_stage_wr: "Generating: my_altera_avalon_st_pipeline_stage_wr"
Info: my_altera_avalon_st_pipeline_stage_rp: "Generating: my_altera_avalon_st_pipeline_stage_rp"
Info: emif_csr_ic: "Generating: emif_csr_ic_altera_merlin_axi_slave_ni_19134_yweilei"
Info: my_altera_avalon_sc_fifo_wr: "Generating: my_altera_avalon_sc_fifo_wr"
Info: my_altera_avalon_sc_fifo_rd: "Generating: my_altera_avalon_sc_fifo_rd"
Info: my_altera_avalon_st_pipeline_stage_rd: "Generating: my_altera_avalon_st_pipeline_stage_rd"
Info: my_altera_avalon_st_pipeline_stage_wr: "Generating: my_altera_avalon_st_pipeline_stage_wr"
Info: my_altera_avalon_st_pipeline_stage_rp: "Generating: my_altera_avalon_st_pipeline_stage_rp"
Info: emif_csr_ic: "Generating: emif_csr_ic_altera_merlin_router_1921_32mgmey"
Info: emif_csr_ic: "Generating: emif_csr_ic_altera_merlin_router_1921_ccpi2ua"
Info: emif_csr_ic: "Generating: emif_csr_ic_altera_merlin_router_1921_vstre5q"
Info: emif_csr_ic: "Generating: emif_csr_ic_altera_merlin_router_1921_2i6o7ca"
Info: emif_csr_ic: "Generating: emif_csr_ic_altera_merlin_router_1921_gri2bmi"
Info: emif_csr_ic: "Generating: emif_csr_ic_altera_merlin_router_1921_kalktfy"
Info: emif_csr_ic: "Generating: emif_csr_ic_altera_merlin_burst_adapter_1950_p77qhai"
Info: my_altera_avalon_st_pipeline_stage: "Generating: my_altera_avalon_st_pipeline_stage"
Info: emif_csr_ic: "Generating: emif_csr_ic_altera_merlin_demultiplexer_1921_7qmcnwq"
Info: emif_csr_ic: "Generating: emif_csr_ic_altera_merlin_multiplexer_1922_rmjladq"
Info: emif_csr_ic: "Generating: emif_csr_ic_altera_merlin_demultiplexer_1921_v56qr2q"
Info: emif_csr_ic: "Generating: emif_csr_ic_altera_merlin_multiplexer_1922_q6vequy"
Info: emif_csr_ic: "Generating: emif_csr_ic_altera_merlin_width_adapter_1970_d3nxdni"
Info: emif_csr_ic: "Generating: emif_csr_ic_altera_merlin_width_adapter_1970_cvpgrai"
Info: emif_csr_ic: "Generating: emif_csr_ic_altera_merlin_axi_slave_ni_altera_avalon_sc_fifo_19134_hgrceaq"
Info: emif_csr_ic: "Generating: emif_csr_ic_altera_merlin_axi_slave_ni_altera_avalon_st_pipeline_stage_19134_ollrhji"
Info: emif_csr_ic: "Generating: emif_csr_ic_altera_merlin_axi_slave_ni_altera_avalon_st_pipeline_stage_19134_cip4j6y"
Info: emif_csr_ic: "Generating: emif_csr_ic_altera_merlin_axi_slave_ni_altera_avalon_st_pipeline_stage_19134_kbnfw6a"
Info: emif_csr_ic: "Generating: emif_csr_ic_altera_merlin_axi_slave_ni_altera_avalon_sc_fifo_19134_o3wmn5i"
Info: emif_csr_ic: "Generating: emif_csr_ic_altera_merlin_axi_slave_ni_altera_avalon_st_pipeline_stage_19134_eoccaii"
Info: emif_csr_ic: "Generating: emif_csr_ic_altera_merlin_axi_slave_ni_altera_avalon_st_pipeline_stage_19134_jnzop3i"
Info: emif_csr_ic: "Generating: emif_csr_ic_altera_merlin_axi_slave_ni_altera_avalon_st_pipeline_stage_19134_x5ybrka"
Info: emif_csr_ic: "Generating: emif_csr_ic_altera_merlin_burst_adapter_altera_avalon_st_pipeline_stage_1950_uldcwcy"
Info: emif_csr_ic: "Generating: emif_csr_ic_altera_avalon_sc_fifo_1932_22gxxgi"
Info: emif_csr_ic: "Generating: emif_csr_ic_altera_avalon_st_pipeline_stage_1930_oiupeiq"
Info: emif_csr_ic: Done "emif_csr_ic" with 36 modules, 70 files
Info: Finished: Create HDL design files for synthesis
