***************************************************************
Quartus is a registered trademark of Intel Corporation in the
US and other countries.  Portions of the Quartus Prime software
code, and other portions of the code included in this download
or on this DVD, are licensed to Intel Corporation and are the
copyrighted property of third parties. For license details,
refer to the End User License Agreement at
http://fpgasoftware.intel.com/eula.
***************************************************************

2026.09.22.23:56:04 Info: ahls_memory_import: All Generic Component instances match their respective ip files.
2026.09.22.23:56:04 Info: Saving generation log to /home/uwb_student00/ahls/new_BSP/work_ahls_memory_pd25_import01/import02/ip/ahls_memory_import/ahls_memory_import_clk_1x/ahls_memory_import_clk_1x_generation.rpt
2026.09.22.23:56:04 Info: Generated by version: 25.1 build 129
2026.09.22.23:56:04 Info: Starting: Create HDL design files for synthesis
2026.09.22.23:56:04 Info: qsys-generate /home/uwb_student00/ahls/new_BSP/work_ahls_memory_pd25_import01/import02/ip/ahls_memory_import/ahls_memory_import_clk_1x.ip --synthesis=VERILOG --output-directory=/home/uwb_student00/ahls/new_BSP/work_ahls_memory_pd25_import01/import02/ip/ahls_memory_import/ahls_memory_import_clk_1x --family="Agilex 7" --part=AGFB027R25A2E2V
2026.09.22.23:56:04 Info: ahls_memory_import_clk_1x: "Transforming system: ahls_memory_import_clk_1x"
2026.09.22.23:56:04 Info: ahls_memory_import_clk_1x: "Naming system components in system: ahls_memory_import_clk_1x"
2026.09.22.23:56:04 Info: ahls_memory_import_clk_1x: "Processing generation queue"
2026.09.22.23:56:04 Info: ahls_memory_import_clk_1x: "Generating: ahls_memory_import_clk_1x"
2026.09.22.23:56:04 Info: ahls_memory_import_clk_1x: Done "ahls_memory_import_clk_1x" with 1 modules, 1 files
2026.09.22.23:56:04 Info: Finished: Create HDL design files for synthesis
2026.09.22.23:56:04 Info: Generation of /home/uwb_student00/ahls/new_BSP/work_ahls_memory_pd25_import01/import02/ip/ahls_memory_import/ahls_memory_import_clk_1x.ip (ahls_memory_import_clk_1x) took 279 ms
2026.09.22.23:56:04 Info: 
2026.09.22.23:56:04 Info: Saving generation log to /home/uwb_student00/ahls/new_BSP/work_ahls_memory_pd25_import01/import02/ip/ahls_memory_import/ahls_memory_import_rst/ahls_memory_import_rst_generation.rpt
2026.09.22.23:56:04 Info: Generated by version: 25.1 build 129
2026.09.22.23:56:04 Info: Starting: Create HDL design files for synthesis
2026.09.22.23:56:04 Info: qsys-generate /home/uwb_student00/ahls/new_BSP/work_ahls_memory_pd25_import01/import02/ip/ahls_memory_import/ahls_memory_import_rst.ip --synthesis=VERILOG --output-directory=/home/uwb_student00/ahls/new_BSP/work_ahls_memory_pd25_import01/import02/ip/ahls_memory_import/ahls_memory_import_rst --family="Agilex 7" --part=AGFB027R25A2E2V
2026.09.22.23:56:04 Info: ahls_memory_import_rst: "Transforming system: ahls_memory_import_rst"
2026.09.22.23:56:04 Info: ahls_memory_import_rst: "Naming system components in system: ahls_memory_import_rst"
2026.09.22.23:56:04 Info: ahls_memory_import_rst: "Processing generation queue"
2026.09.22.23:56:04 Info: ahls_memory_import_rst: "Generating: ahls_memory_import_rst"
2026.09.22.23:56:04 Info: ahls_memory_import_rst: Done "ahls_memory_import_rst" with 1 modules, 1 files
2026.09.22.23:56:04 Info: Finished: Create HDL design files for synthesis
2026.09.22.23:56:04 Info: Generation of /home/uwb_student00/ahls/new_BSP/work_ahls_memory_pd25_import01/import02/ip/ahls_memory_import/ahls_memory_import_rst.ip (ahls_memory_import_rst) took 79 ms
2026.09.22.23:56:04 Info: 
2026.09.22.23:56:04 Info: Saving generation log to /home/uwb_student00/ahls/new_BSP/work_ahls_memory_pd25_import01/import02/ip/ahls_memory_import/ahls_memory_import_k0/ahls_memory_import_k0_generation.rpt
2026.09.22.23:56:04 Info: Generated by version: 25.1 build 129
2026.09.22.23:56:04 Info: Starting: Create HDL design files for synthesis
2026.09.22.23:56:04 Info: qsys-generate /home/uwb_student00/ahls/new_BSP/work_ahls_memory_pd25_import01/import02/ip/ahls_memory_import/ahls_memory_import_k0.ip --synthesis=VERILOG --output-directory=/home/uwb_student00/ahls/new_BSP/work_ahls_memory_pd25_import01/import02/ip/ahls_memory_import/ahls_memory_import_k0 --family="Agilex 7" --part=AGFB027R25A2E2V
2026.09.22.23:56:04 Info: ahls_memory_import_k0: "Transforming system: ahls_memory_import_k0"
2026.09.22.23:56:04 Info: ahls_memory_import_k0: "Naming system components in system: ahls_memory_import_k0"
2026.09.22.23:56:04 Info: ahls_memory_import_k0: "Processing generation queue"
2026.09.22.23:56:04 Info: ahls_memory_import_k0: "Generating: ahls_memory_import_k0"
2026.09.22.23:56:04 Info: ahls_memory_import_k0: "Generating: mmhost_ia840f_report_di"
2026.09.22.23:56:05 Info: ahls_memory_import_k0: Done "ahls_memory_import_k0" with 2 modules, 156 files
2026.09.22.23:56:05 Info: Finished: Create HDL design files for synthesis
2026.09.22.23:56:05 Info: Generation of /home/uwb_student00/ahls/new_BSP/work_ahls_memory_pd25_import01/import02/ip/ahls_memory_import/ahls_memory_import_k0.ip (ahls_memory_import_k0) took 190 ms
2026.09.22.23:56:05 Info: 
2026.09.22.23:56:05 Info: Saving generation log to /home/uwb_student00/ahls/new_BSP/work_ahls_memory_pd25_import01/import02/ahls_memory_import/ahls_memory_import_generation.rpt
2026.09.22.23:56:05 Info: Generated by version: 25.1 build 129
2026.09.22.23:56:05 Info: Starting: Create HDL design files for synthesis
2026.09.22.23:56:05 Info: qsys-generate /home/uwb_student00/ahls/new_BSP/work_ahls_memory_pd25_import01/import02/ahls_memory_import.qsys --synthesis=VERILOG --output-directory=/home/uwb_student00/ahls/new_BSP/work_ahls_memory_pd25_import01/import02/ahls_memory_import --family="Agilex 7" --part=AGFB027R25A2E2V
2026.09.22.23:56:05 Info: Loading import02/ahls_memory_import.qsys
2026.09.22.23:56:05 Info: Reading input file
2026.09.22.23:56:05 Info: Parameterizing module clk_1x
2026.09.22.23:56:05 Info: Parameterizing module k0
2026.09.22.23:56:05 Info: Parameterizing module rst
2026.09.22.23:56:05 Info: Building connections
2026.09.22.23:56:05 Info: Parameterizing connections
2026.09.22.23:56:05 Info: Validating
2026.09.22.23:56:05 Info: Done reading input file
2026.09.22.23:56:05 Info: ahls_memory_import: "Transforming system: ahls_memory_import"
2026.09.22.23:56:05 Info: ahls_memory_import: "Naming system components in system: ahls_memory_import"
2026.09.22.23:56:05 Info: ahls_memory_import: "Processing generation queue"
2026.09.22.23:56:05 Info: ahls_memory_import: "Generating: ahls_memory_import"
2026.09.22.23:56:05 Info: ahls_memory_import: "Generating: ahls_memory_import_clk_1x"
2026.09.22.23:56:05 Info: ahls_memory_import: "Generating: ahls_memory_import_k0"
2026.09.22.23:56:05 Info: ahls_memory_import: "Generating: ahls_memory_import_rst"
2026.09.22.23:56:05 Info: ahls_memory_import: "Generating: altera_reset_controller"
2026.09.22.23:56:05 Info: ahls_memory_import: Done "ahls_memory_import" with 5 modules, 4 files
2026.09.22.23:56:05 Info: Finished: Create HDL design files for synthesis
2026.09.22.23:56:05 Info: Generation of /home/uwb_student00/ahls/new_BSP/work_ahls_memory_pd25_import01/import02/ahls_memory_import.qsys (ahls_memory_import) took 1281 ms
