Info: Setting ::env(BUILD_ROOT_REL)=../../../..
Info: Setting ::env(BITSTREAM_ID)=05010202599ac052
Info: Setting ::env(BITSTREAM_MD)=0000000002609181
Info: Setting ::env(BITSTREAM_INFO)=0000000000000001
Info: Setting ::env(Q_REVISION)=ofs_top
Info: Setting ::env(Q_PR_REVISION)=ofs_pr_afu
Info: Setting ::env(Q_PR_PARTITION_NAME)=green_region
Info: Setting ::env(FME_IFC_ID)=fd2baeed-3092-5735-90c9-52ef20542b75
Info: BUILD_ROOT_REL is ../../../..
Info: Loading PIM-based AFU...
Info: Compiling PR Base revision...
Info (20030): Parallel compilation is enabled and will use 18 of the 18 processors detected
Info: *******************************************************************
Info: Running Quartus Prime Fitter
    Info: Version 26.1.1 Build 130 08/06/2026 SC Pro Edition
    Info: Copyright (C) 2026  Altera Corporation. All rights reserved.
    Info: Your use of Altera Corporation's design tools, logic functions 
    Info: and other software and tools, and any partner logic 
    Info: functions, and any output files from any of the foregoing 
    Info: (including device programming or simulation files), and any 
    Info: associated documentation or information are expressly subject 
    Info: to the terms and conditions of the Altera Program License 
    Info: Subscription Agreement, the Altera Quartus Prime License Agreement,
    Info: the Altera IP License Agreement, or other applicable license
    Info: agreement, including, without limitation, that your use is for
    Info: the sole purpose of programming logic devices manufactured by
    Info: Altera and sold by Altera or its authorized distributors.  Please
    Info: refer to the Altera Software License Subscription Agreements 
    Info: on the Quartus Prime software download page.
    Info: Processing started: Tue Sep 22 12:52:56 2026
    Info: System process ID: 37561
Info: Command: quartus_fit --plan --read_settings_files=on --write_settings_files=off ofs_top -c ofs_top
Info: Using INI file /home/uwb_student00/ahls/new_BSP/qualification/emif-hold-objective-01/plan-diagnostic02/scratch/syn/board/ia840f/syn_top/quartus.ini
Info: qfit2_default_script.tcl version: #1
Info: Project  = ofs_top
Info: Revision = ofs_top
Info (16677): Loading synthesized database.
Info (16734): Loading "synthesized" snapshot for partition "root_partition".
Info (16734): Loading "synthesized" snapshot for partition "green_region".
Info (16734): Loading "synthesized" snapshot for partition "auto_fab_1".
Info (16734): Loading "synthesized" snapshot for partition "auto_fab_0".
Critical Warning (20727): The design contains Partial Reconfiguration or Reserved Core partitions with unused input ports. Altera recommends to assign unused inputs within the partition to registers with the synthesis noprune attribute.
    Info (20728): The input port afu_top|pg_afu.port_gasket|pr_slot|afu_main|ext_mem_if[1].bid[0] is dangling on partition green_region.
    Info (20728): The input port afu_top|pg_afu.port_gasket|pr_slot|afu_main|ext_mem_if[1].bid[1] is dangling on partition green_region.
    Info (20728): The input port afu_top|pg_afu.port_gasket|pr_slot|afu_main|ext_mem_if[1].bid[2] is dangling on partition green_region.
    Info (20728): The input port afu_top|pg_afu.port_gasket|pr_slot|afu_main|ext_mem_if[1].bid[3] is dangling on partition green_region.
    Info (20728): The input port afu_top|pg_afu.port_gasket|pr_slot|afu_main|ext_mem_if[1].bid[4] is dangling on partition green_region.
    Info (20728): The input port afu_top|pg_afu.port_gasket|pr_slot|afu_main|ext_mem_if[1].bid[5] is dangling on partition green_region.
    Info (20728): The input port afu_top|pg_afu.port_gasket|pr_slot|afu_main|ext_mem_if[1].bid[6] is dangling on partition green_region.
    Info (20728): The input port afu_top|pg_afu.port_gasket|pr_slot|afu_main|ext_mem_if[1].bid[7] is dangling on partition green_region.
    Info (20728): The input port afu_top|pg_afu.port_gasket|pr_slot|afu_main|ext_mem_if[1].bid[8] is dangling on partition green_region.
    Info (20728): The input port afu_top|pg_afu.port_gasket|pr_slot|afu_main|ext_mem_if[1].bresp[0] is dangling on partition green_region.
    Info (20186): ....
Info (16678): Successfully loaded synthesized database: elapsed time is 00:00:13.
Info (16303): High Performance Effort optimization mode selected -- timing performance will be prioritized at the potential cost of increased compilation time
Info (119006): Selected device AGFB027R25A2E2V for design "ofs_top"
Info (21077): Low junction temperature is 0 degrees C
Info (21077): High junction temperature is 100 degrees C
Warning (18410): WYSIWYG RAM primitive "afu_top|st2mm|axis_tx_msix_bridge|msix_fifo|auto_generated|dpfifo|FIFOram|altera_syncram_impl1|ram_block2a4" "eccstatus" port is not connected File: /home/uwb_student00/ahls/new_BSP/qualification/emif-hold-objective-01/plan-diagnostic02/scratch/syn/board/ia840f/syn_top/tmp-clearbox/ofs_top/24839/altera_syncram_impl_tomd.tdf Line: 186
Warning (18410): WYSIWYG RAM primitive "afu_top|st2mm|axis_tx_msix_bridge|msix_fifo|auto_generated|dpfifo|FIFOram|altera_syncram_impl1|ram_block2a5" "eccstatus" port is not connected File: /home/uwb_student00/ahls/new_BSP/qualification/emif-hold-objective-01/plan-diagnostic02/scratch/syn/board/ia840f/syn_top/tmp-clearbox/ofs_top/24839/altera_syncram_impl_tomd.tdf Line: 219
Warning (18410): WYSIWYG RAM primitive "afu_top|st2mm|axis_tx_msix_bridge|msix_fifo|auto_generated|dpfifo|FIFOram|altera_syncram_impl1|ram_block2a6" "eccstatus" port is not connected File: /home/uwb_student00/ahls/new_BSP/qualification/emif-hold-objective-01/plan-diagnostic02/scratch/syn/board/ia840f/syn_top/tmp-clearbox/ofs_top/24839/altera_syncram_impl_tomd.tdf Line: 252
Warning (18410): WYSIWYG RAM primitive "afu_top|st2mm|axis_tx_msix_bridge|msix_fifo|auto_generated|dpfifo|FIFOram|altera_syncram_impl1|ram_block2a7" "eccstatus" port is not connected File: /home/uwb_student00/ahls/new_BSP/qualification/emif-hold-objective-01/plan-diagnostic02/scratch/syn/board/ia840f/syn_top/tmp-clearbox/ofs_top/24839/altera_syncram_impl_tomd.tdf Line: 285
Warning (18410): WYSIWYG RAM primitive "afu_top|st2mm|axis_tx_msix_bridge|msix_fifo|auto_generated|dpfifo|FIFOram|altera_syncram_impl1|ram_block2a0" "eccstatus" port is not connected File: /home/uwb_student00/ahls/new_BSP/qualification/emif-hold-objective-01/plan-diagnostic02/scratch/syn/board/ia840f/syn_top/tmp-clearbox/ofs_top/24839/altera_syncram_impl_tomd.tdf Line: 54
Warning (18410): WYSIWYG RAM primitive "afu_top|st2mm|axis_tx_msix_bridge|msix_fifo|auto_generated|dpfifo|FIFOram|altera_syncram_impl1|ram_block2a1" "eccstatus" port is not connected File: /home/uwb_student00/ahls/new_BSP/qualification/emif-hold-objective-01/plan-diagnostic02/scratch/syn/board/ia840f/syn_top/tmp-clearbox/ofs_top/24839/altera_syncram_impl_tomd.tdf Line: 87
Warning (18410): WYSIWYG RAM primitive "afu_top|st2mm|axis_tx_msix_bridge|msix_fifo|auto_generated|dpfifo|FIFOram|altera_syncram_impl1|ram_block2a2" "eccstatus" port is not connected File: /home/uwb_student00/ahls/new_BSP/qualification/emif-hold-objective-01/plan-diagnostic02/scratch/syn/board/ia840f/syn_top/tmp-clearbox/ofs_top/24839/altera_syncram_impl_tomd.tdf Line: 120
Warning (18410): WYSIWYG RAM primitive "afu_top|st2mm|axis_tx_msix_bridge|msix_fifo|auto_generated|dpfifo|FIFOram|altera_syncram_impl1|ram_block2a3" "eccstatus" port is not connected File: /home/uwb_student00/ahls/new_BSP/qualification/emif-hold-objective-01/plan-diagnostic02/scratch/syn/board/ia840f/syn_top/tmp-clearbox/ofs_top/24839/altera_syncram_impl_tomd.tdf Line: 153
Info (171004): Fitter is performing a Standard Fit compilation using maximum Fitter effort to optimize design performance
Info (21077): Low junction temperature is 0 degrees C
Info (21077): High junction temperature is 100 degrees C
Info (12262): Starting Fitter periphery placement operations
Info (12290): Loading the periphery placement data.
Info (12291): Periphery placement data loaded: elapsed time is 00:00:35
Info (12627): Pin ~ALTERA_OSC_CLK_1~ is reserved at location HB55
Info (12627): Pin ~INIT_DONE~ is reserved at location HA58
Info (12627): Pin ~ALTERA_AS_DATA1~ is reserved at location HA62
Info (12627): Pin ~ALTERA_AS_nCSO0,ALTERA_MSEL0~ is reserved at location GN59
Info (12627): Pin ~ALTERA_AS_DATA2~ is reserved at location GV59
Info (12627): Pin ~ALTERA_AS_DATA0~ is reserved at location GN61
Info (12627): Pin ~ALTERA_AS_CLK~ is reserved at location HG61
Info (12627): Pin ~ALTERA_AS_nCSO2,ALTERA_MSEL1~ is reserved at location HF57
Info (12627): Pin ~PWRMGT_SDA~ is reserved at location GU57
Info (12627): Pin ~CONF_DONE~ is reserved at location HC61
Info (12627): Pin ~LOADFACTORY~ is reserved at location GW56
Info (12627): Pin ~ALTERA_AS_nCSO1,ALTERA_MSEL2~ is reserved at location HG59
Info (12627): Pin ~ALTERA_AS_DATA3~ is reserved at location GV61
Info (12627): Pin ~ALTERA_AS_nCSO3~ is reserved at location HH54
Info (12627): Pin ~PWRMGT_ALERT~ is reserved at location GW54
Info (12627): Pin ~ALTERA_AS_nRST~ is reserved at location HH56
Info (12627): Pin ~PWRMGT_SCL~ is reserved at location HB57
Info (25732): 6 differential I/O pins do not have complementary pins. As a result, the Fitter automatically creates the complementary pins
    Info (25733): Differential I/O pin "qsfp_ref_clk" does not have a complementary pin. As a result, the Fitter automatically creates the complementary pin "qsfp_ref_clk(n)" File: /home/uwb_student00/ahls/new_BSP/work_ia840f_fim_15/src/board/ia840f/top.sv Line: 45
    Info (25733): Differential I/O pin "SYS_REFCLK" does not have a complementary pin. As a result, the Fitter automatically creates the complementary pin "SYS_REFCLK(n)" File: /home/uwb_student00/ahls/new_BSP/work_ia840f_fim_15/src/board/ia840f/top.sv Line: 42
    Info (25733): Differential I/O pin "PCIE_REFCLK0" does not have a complementary pin. As a result, the Fitter automatically creates the complementary pin "PCIE_REFCLK0(n)" File: /home/uwb_student00/ahls/new_BSP/work_ia840f_fim_15/src/board/ia840f/top.sv Line: 92
    Info (25733): Differential I/O pin "PCIE_REFCLK1" does not have a complementary pin. As a result, the Fitter automatically creates the complementary pin "PCIE_REFCLK1(n)" File: /home/uwb_student00/ahls/new_BSP/work_ia840f_fim_15/src/board/ia840f/top.sv Line: 93
    Info (25733): Differential I/O pin "ddr4_mem_ref_clk[1].clk" does not have a complementary pin. As a result, the Fitter automatically creates the complementary pin "ddr4_mem_ref_clk[1].clk(n)"
    Info (25733): Differential I/O pin "ddr4_mem_ref_clk[0].clk" does not have a complementary pin. As a result, the Fitter automatically creates the complementary pin "ddr4_mem_ref_clk[0].clk(n)"
Warning (25315): Some pins are missing drive strength (current strength), termination and/or slew rate assignments. Refer to the I/O Assignment Warnings report for details.
Warning (18553): Requested global signal at "SYS_REFCLK~input" will route locally to 1 destination(s). Example(s) listed below:
    Info (18554): Node "sys_pll|iopll_0|tennm_pll.REFCLK" will be routed locally because it is not a valid global destination.
Warning (21752): Signal bwbmc_fpga_max_sclk will not be considered for automatic promotion to the global clock network because it is placed at a non-dedicated clock pin location.
Warning (21752): Signal bwbmc_fpga_max_sclk will not be considered for automatic promotion to the global clock network because it is placed at a non-dedicated clock pin location.
Info (20587):  HSSI clock port "O_PLD_PCS_TX_CLK_OUT2_DCM[0]" of these nodes  "pcie_wrapper|pcie_ss.top|host_pcie.pcie_ss|pcie_ss|gen_ptile.u_ptile|intel_pcie_ptile_ast_qhip|inst|inst|maib_and_tile|hdpldadapt_tx_chnl_23, pcie_wrapper|pcie_ss.top|host_pcie.pcie_ss|pcie_ss|gen_ptile.u_ptile|intel_pcie_ptile_ast_qhip|inst|inst|maib_and_tile|hdpldadapt_tx_chnl_17, pcie_wrapper|pcie_ss.top|host_pcie.pcie_ss|pcie_ss|gen_ptile.u_ptile|intel_pcie_ptile_ast_qhip|inst|inst|maib_and_tile|hdpldadapt_tx_chnl_11, pcie_wrapper|pcie_ss.top|host_pcie.pcie_ss|pcie_ss|gen_ptile.u_ptile|intel_pcie_ptile_ast_qhip|inst|inst|maib_and_tile|hdpldadapt_tx_chnl_5, pcie_wrapper|pcie_ss.top|host_pcie.pcie_ss|pcie_ss|gen_ptile.u_ptile|intel_pcie_ptile_ast_qhip|inst|inst|maib_and_tile|hdpldadapt_tx_chnl_7, pcie_wrapper|pcie_ss.top|host_pcie.pcie_ss|pcie_ss|gen_ptile.u_ptile|intel_pcie_ptile_ast_qhip|inst|inst|maib_and_tile|hdpldadapt_tx_chnl_1, pcie_wrapper|pcie_ss.top|host_pcie.pcie_ss|pcie_ss|gen_ptile.u_ptile|intel_pcie_ptile_ast_qhip|inst|inst|maib_and_tile|hdpldadapt_tx_chnl_18, pcie_wrapper|pcie_ss.top|host_pcie.pcie_ss|pcie_ss|gen_ptile.u_ptile|intel_pcie_ptile_ast_qhip|inst|inst|maib_and_tile|hdpldadapt_tx_chnl_12, pcie_wrapper|pcie_ss.top|host_pcie.pcie_ss|pcie_ss|gen_ptile.u_ptile|intel_pcie_ptile_ast_qhip|inst|inst|maib_and_tile|hdpldadapt_tx_chnl_6, pcie_wrapper|pcie_ss.top|host_pcie.pcie_ss|pcie_ss|gen_ptile.u_ptile|intel_pcie_ptile_ast_qhip|inst|inst|maib_and_tile|hdpldadapt_tx_chnl_0, pcie_wrapper|pcie_ss.top|host_pcie.pcie_ss|pcie_ss|gen_ptile.u_ptile|intel_pcie_ptile_ast_qhip|inst|inst|maib_and_tile|hdpldadapt_tx_chnl_9, pcie_wrapper|pcie_ss.top|host_pcie.pcie_ss|pcie_ss|gen_ptile.u_ptile|intel_pcie_ptile_ast_qhip|inst|inst|maib_and_tile|hdpldadapt_tx_chnl_3, pcie_wrapper|pcie_ss.top|host_pcie.pcie_ss|pcie_ss|gen_ptile.u_ptile|intel_pcie_ptile_ast_qhip|inst|inst|maib_and_tile|hdpldadapt_tx_chnl_20, pcie_wrapper|pcie_ss.top|host_pcie.pcie_ss|pcie_ss|gen_ptile.u_ptile|intel_pcie_ptile_ast_qhip|inst|inst|maib_and_tile|hdpldadapt_tx_chnl_14, pcie_wrapper|pcie_ss.top|host_pcie.pcie_ss|pcie_ss|gen_ptile.u_ptile|intel_pcie_ptile_ast_qhip|inst|inst|maib_and_tile|hdpldadapt_tx_chnl_8, pcie_wrapper|pcie_ss.top|host_pcie.pcie_ss|pcie_ss|gen_ptile.u_ptile|intel_pcie_ptile_ast_qhip|inst|inst|maib_and_tile|hdpldadapt_tx_chnl_2, pcie_wrapper|pcie_ss.top|host_pcie.pcie_ss|pcie_ss|gen_ptile.u_ptile|intel_pcie_ptile_ast_qhip|inst|inst|maib_and_tile|hdpldadapt_tx_chnl_19, pcie_wrapper|pcie_ss.top|host_pcie.pcie_ss|pcie_ss|gen_ptile.u_ptile|intel_pcie_ptile_ast_qhip|inst|inst|maib_and_tile|hdpldadapt_tx_chnl_13, pcie_wrapper|pcie_ss.top|host_pcie.pcie_ss|pcie_ss|gen_ptile.u_ptile|intel_pcie_ptile_ast_qhip|inst|inst|maib_and_tile|hdpldadapt_tx_chnl_22, pcie_wrapper|pcie_ss.top|host_pcie.pcie_ss|pcie_ss|gen_ptile.u_ptile|intel_pcie_ptile_ast_qhip|inst|inst|maib_and_tile|hdpldadapt_tx_chnl_16, pcie_wrapper|pcie_ss.top|host_pcie.pcie_ss|pcie_ss|gen_ptile.u_ptile|intel_pcie_ptile_ast_qhip|inst|inst|maib_and_tile|hdpldadapt_tx_chnl_10, pcie_wrapper|pcie_ss.top|host_pcie.pcie_ss|pcie_ss|gen_ptile.u_ptile|intel_pcie_ptile_ast_qhip|inst|inst|maib_and_tile|hdpldadapt_tx_chnl_4, pcie_wrapper|pcie_ss.top|host_pcie.pcie_ss|pcie_ss|gen_ptile.u_ptile|intel_pcie_ptile_ast_qhip|inst|inst|maib_and_tile|hdpldadapt_tx_chnl_21, pcie_wrapper|pcie_ss.top|host_pcie.pcie_ss|pcie_ss|gen_ptile.u_ptile|intel_pcie_ptile_ast_qhip|inst|inst|maib_and_tile|hdpldadapt_tx_chnl_15, " can be shared to reduce clock congestion.
Info (20587):  HSSI clock port "O_PLD_PCS_TX_CLK_OUT2_DCM[0]" of these nodes  "pcie_wrapper|pcie_ss.top|host_pcie.pcie_ss|pcie_ss|gen_ptile.u_ptile|intel_pcie_ptile_ast_qhip|inst|inst|maib_and_tile|hdpldadapt_tx_chnl_23, pcie_wrapper|pcie_ss.top|host_pcie.pcie_ss|pcie_ss|gen_ptile.u_ptile|intel_pcie_ptile_ast_qhip|inst|inst|maib_and_tile|hdpldadapt_tx_chnl_17, pcie_wrapper|pcie_ss.top|host_pcie.pcie_ss|pcie_ss|gen_ptile.u_ptile|intel_pcie_ptile_ast_qhip|inst|inst|maib_and_tile|hdpldadapt_tx_chnl_11, pcie_wrapper|pcie_ss.top|host_pcie.pcie_ss|pcie_ss|gen_ptile.u_ptile|intel_pcie_ptile_ast_qhip|inst|inst|maib_and_tile|hdpldadapt_tx_chnl_5, pcie_wrapper|pcie_ss.top|host_pcie.pcie_ss|pcie_ss|gen_ptile.u_ptile|intel_pcie_ptile_ast_qhip|inst|inst|maib_and_tile|hdpldadapt_tx_chnl_7, pcie_wrapper|pcie_ss.top|host_pcie.pcie_ss|pcie_ss|gen_ptile.u_ptile|intel_pcie_ptile_ast_qhip|inst|inst|maib_and_tile|hdpldadapt_tx_chnl_1, pcie_wrapper|pcie_ss.top|host_pcie.pcie_ss|pcie_ss|gen_ptile.u_ptile|intel_pcie_ptile_ast_qhip|inst|inst|maib_and_tile|hdpldadapt_tx_chnl_18, pcie_wrapper|pcie_ss.top|host_pcie.pcie_ss|pcie_ss|gen_ptile.u_ptile|intel_pcie_ptile_ast_qhip|inst|inst|maib_and_tile|hdpldadapt_tx_chnl_12, pcie_wrapper|pcie_ss.top|host_pcie.pcie_ss|pcie_ss|gen_ptile.u_ptile|intel_pcie_ptile_ast_qhip|inst|inst|maib_and_tile|hdpldadapt_tx_chnl_6, pcie_wrapper|pcie_ss.top|host_pcie.pcie_ss|pcie_ss|gen_ptile.u_ptile|intel_pcie_ptile_ast_qhip|inst|inst|maib_and_tile|hdpldadapt_tx_chnl_0, pcie_wrapper|pcie_ss.top|host_pcie.pcie_ss|pcie_ss|gen_ptile.u_ptile|intel_pcie_ptile_ast_qhip|inst|inst|maib_and_tile|hdpldadapt_tx_chnl_9, pcie_wrapper|pcie_ss.top|host_pcie.pcie_ss|pcie_ss|gen_ptile.u_ptile|intel_pcie_ptile_ast_qhip|inst|inst|maib_and_tile|hdpldadapt_tx_chnl_3, pcie_wrapper|pcie_ss.top|host_pcie.pcie_ss|pcie_ss|gen_ptile.u_ptile|intel_pcie_ptile_ast_qhip|inst|inst|maib_and_tile|hdpldadapt_tx_chnl_20, pcie_wrapper|pcie_ss.top|host_pcie.pcie_ss|pcie_ss|gen_ptile.u_ptile|intel_pcie_ptile_ast_qhip|inst|inst|maib_and_tile|hdpldadapt_tx_chnl_14, pcie_wrapper|pcie_ss.top|host_pcie.pcie_ss|pcie_ss|gen_ptile.u_ptile|intel_pcie_ptile_ast_qhip|inst|inst|maib_and_tile|hdpldadapt_tx_chnl_8, pcie_wrapper|pcie_ss.top|host_pcie.pcie_ss|pcie_ss|gen_ptile.u_ptile|intel_pcie_ptile_ast_qhip|inst|inst|maib_and_tile|hdpldadapt_tx_chnl_2, pcie_wrapper|pcie_ss.top|host_pcie.pcie_ss|pcie_ss|gen_ptile.u_ptile|intel_pcie_ptile_ast_qhip|inst|inst|maib_and_tile|hdpldadapt_tx_chnl_19, pcie_wrapper|pcie_ss.top|host_pcie.pcie_ss|pcie_ss|gen_ptile.u_ptile|intel_pcie_ptile_ast_qhip|inst|inst|maib_and_tile|hdpldadapt_tx_chnl_13, pcie_wrapper|pcie_ss.top|host_pcie.pcie_ss|pcie_ss|gen_ptile.u_ptile|intel_pcie_ptile_ast_qhip|inst|inst|maib_and_tile|hdpldadapt_tx_chnl_22, pcie_wrapper|pcie_ss.top|host_pcie.pcie_ss|pcie_ss|gen_ptile.u_ptile|intel_pcie_ptile_ast_qhip|inst|inst|maib_and_tile|hdpldadapt_tx_chnl_16, pcie_wrapper|pcie_ss.top|host_pcie.pcie_ss|pcie_ss|gen_ptile.u_ptile|intel_pcie_ptile_ast_qhip|inst|inst|maib_and_tile|hdpldadapt_tx_chnl_10, pcie_wrapper|pcie_ss.top|host_pcie.pcie_ss|pcie_ss|gen_ptile.u_ptile|intel_pcie_ptile_ast_qhip|inst|inst|maib_and_tile|hdpldadapt_tx_chnl_4, pcie_wrapper|pcie_ss.top|host_pcie.pcie_ss|pcie_ss|gen_ptile.u_ptile|intel_pcie_ptile_ast_qhip|inst|inst|maib_and_tile|hdpldadapt_tx_chnl_21, pcie_wrapper|pcie_ss.top|host_pcie.pcie_ss|pcie_ss|gen_ptile.u_ptile|intel_pcie_ptile_ast_qhip|inst|inst|maib_and_tile|hdpldadapt_tx_chnl_15, " can be shared to reduce clock congestion.
Info (16210): Plan updated with currently enabled project assignments.
Info (12295): Periphery placement of all unplaced cells complete: elapsed time is 00:00:08
Info (21650): REFCLK qsfp_ref_clk at location CC19 is used to preserve unused channels
               Please ensure that this is a stable running clock and not dynamically changing.
               See E-Tile Transceiver PHY User Guide for more information.
Info (11711): ===========================HSSI DESIGN INFO===========================
Info (11711): Reference Clocks: PCIE_REFCLK1~pad PCIE_REFCLK0~pad 
Info (11711):    Transceiver Group : type: rx unbonded, reference clk: PCIE_REFCLK1~pad PCIE_REFCLK0~pad , 0 pll(id):
Info (11711):     pma_aux_ibuf:none(-1), avmm_id: 0
Info (11711):       Channel PCIE_TX_P[9](4225)
Info (11711):    Transceiver Group : type: rx unbonded, reference clk: PCIE_REFCLK1~pad PCIE_REFCLK0~pad , 0 pll(id):
Info (11711):     pma_aux_ibuf:none(-1), avmm_id: 0
Info (11711):       Channel PCIE_TX_P[9](4225)
Info (11711): ===========================HSSI DESIGN INFO===========================
Info (11711): Reference Clocks: PCIE_REFCLK1~pad PCIE_REFCLK0~pad 
Info (11711):    Transceiver Group : type: rx unbonded, reference clk: PCIE_REFCLK1~pad PCIE_REFCLK0~pad , 0 pll(id):
Info (11711):     pma_aux_ibuf:none(-1), avmm_id: 0
Info (11711):       Channel PCIE_TX_P[9](4225)
Info (11711):    Transceiver Group : type: rx unbonded, reference clk: PCIE_REFCLK1~pad PCIE_REFCLK0~pad , 0 pll(id):
Info (11711):     pma_aux_ibuf:none(-1), avmm_id: 0
Info (11711):       Channel PCIE_TX_P[9](4225)
Info (11711): ===========================HSSI DESIGN INFO===========================
Info (11711): Reference Clocks: PCIE_REFCLK1~pad PCIE_REFCLK0~pad 
Info (11711):    Transceiver Group : type: rx unbonded, reference clk: PCIE_REFCLK1~pad PCIE_REFCLK0~pad , 0 pll(id):
Info (11711):     pma_aux_ibuf:none(-1), avmm_id: 0
Info (11711):       Channel PCIE_TX_P[9](4043)
Info (11711):    Transceiver Group : type: rx unbonded, reference clk: PCIE_REFCLK1~pad PCIE_REFCLK0~pad , 0 pll(id):
Info (11711):     pma_aux_ibuf:none(-1), avmm_id: 0
Info (11711):       Channel PCIE_TX_P[9](4043)
Info (11711): ===========================HSSI DESIGN INFO===========================
Info (11711): Reference Clocks: PCIE_REFCLK1~pad PCIE_REFCLK0~pad 
Info (11711):    Transceiver Group : type: rx unbonded, reference clk: PCIE_REFCLK1~pad PCIE_REFCLK0~pad , 0 pll(id):
Info (11711):     pma_aux_ibuf:none(-1), avmm_id: 0
Info (11711):       Channel PCIE_TX_P[9](4043)
Info (11711):    Transceiver Group : type: rx unbonded, reference clk: PCIE_REFCLK1~pad PCIE_REFCLK0~pad , 0 pll(id):
Info (11711):     pma_aux_ibuf:none(-1), avmm_id: 0
Info (11711):       Channel PCIE_TX_P[9](4043)
Info (19755): Automatically applied size constraint on clock trees for periphery interfaces
    Info (19756): Due to HSSI, height constrained fanout of clock pcie_wrapper|pcie_ss.top|host_pcie.pcie_ss|pcie_ss|gen_ptile.u_ptile|intel_pcie_ptile_ast_qhip|inst|inst|maib_and_tile|m3_155_1__hssi_dcm__pld_pcs_tx_clk_out2_dcm
        Info (25387): Fanout will be constrained to (11, 126) to (333, 166)
    Info (19756): Due to HSSI, height constrained fanout of clock pcie_wrapper|pcie_ss.top|host_pcie.pcie_ss|pcie_ss|gen_ptile.u_ptile|intel_pcie_ptile_ast_qhip|inst|inst|maib_and_tile|m3_115_1__hssi_dcm__pld_pcs_tx_clk_out2_dcm
        Info (25387): Fanout will be constrained to (11, 85) to (333, 125)
    Info (19756): Due to HSSI, height constrained fanout of clock pcie_wrapper|pcie_ss.top|host_pcie.pcie_ss|pcie_ss|gen_ptile.u_ptile|intel_pcie_ptile_ast_qhip|inst|inst|maib_and_tile|m3_75_1__hssi_dcm__pld_pcs_tx_clk_out2_dcm
        Info (25387): Fanout will be constrained to (11, 44) to (333, 84)
    Info (19756): Due to HSSI, height constrained fanout of clock pcie_wrapper|pcie_ss.top|host_pcie.pcie_ss|pcie_ss|gen_ptile.u_ptile|intel_pcie_ptile_ast_qhip|inst|inst|maib_and_tile|m3_35_1__hssi_dcm__pld_pcs_tx_clk_out2_dcm
        Info (25387): Fanout will be constrained to (11, 3) to (333, 43)
    Info (19756): Due to HSSI, height constrained fanout of clock pcie_wrapper|pcie_ss.top|host_pcie.pcie_ss|pcie_ss|gen_ptile.u_ptile|intel_pcie_ptile_ast_qhip|inst|inst|maib_and_tile|m3_149_1__hssi_dcm__pld_pcs_tx_clk_out2_dcm
        Info (25387): Fanout will be constrained to (11, 126) to (333, 166)
    Info (19756): Due to HSSI, height constrained fanout of clock pcie_wrapper|pcie_ss.top|host_pcie.pcie_ss|pcie_ss|gen_ptile.u_ptile|intel_pcie_ptile_ast_qhip|inst|inst|maib_and_tile|m3_109_1__hssi_dcm__pld_pcs_tx_clk_out2_dcm
        Info (25387): Fanout will be constrained to (11, 85) to (333, 125)
    Info (19756): Due to HSSI, height constrained fanout of clock pcie_wrapper|pcie_ss.top|host_pcie.pcie_ss|pcie_ss|gen_ptile.u_ptile|intel_pcie_ptile_ast_qhip|inst|inst|maib_and_tile|m3_69_1__hssi_dcm__pld_pcs_tx_clk_out2_dcm
        Info (25387): Fanout will be constrained to (11, 44) to (333, 84)
    Info (19756): Due to HSSI, height constrained fanout of clock pcie_wrapper|pcie_ss.top|host_pcie.pcie_ss|pcie_ss|gen_ptile.u_ptile|intel_pcie_ptile_ast_qhip|inst|inst|maib_and_tile|m3_29_1__hssi_dcm__pld_pcs_tx_clk_out2_dcm
        Info (25387): Fanout will be constrained to (11, 3) to (333, 43)
    Info (19756): Due to HSSI, height constrained fanout of clock pcie_wrapper|pcie_ss.top|host_pcie.pcie_ss|pcie_ss|gen_ptile.u_ptile|intel_pcie_ptile_ast_qhip|inst|inst|maib_and_tile|m3_143_1__hssi_dcm__pld_pcs_tx_clk_out2_dcm
        Info (25387): Fanout will be constrained to (11, 126) to (333, 166)
    Info (19756): Due to HSSI, height constrained fanout of clock pcie_wrapper|pcie_ss.top|host_pcie.pcie_ss|pcie_ss|gen_ptile.u_ptile|intel_pcie_ptile_ast_qhip|inst|inst|maib_and_tile|m3_103_1__hssi_dcm__pld_pcs_tx_clk_out2_dcm
        Info (25387): Fanout will be constrained to (11, 85) to (333, 125)
    Info (19756): Due to HSSI, height constrained fanout of clock pcie_wrapper|pcie_ss.top|host_pcie.pcie_ss|pcie_ss|gen_ptile.u_ptile|intel_pcie_ptile_ast_qhip|inst|inst|maib_and_tile|m3_63_1__hssi_dcm__pld_pcs_tx_clk_out2_dcm
        Info (25387): Fanout will be constrained to (11, 44) to (333, 84)
    Info (19756): Due to HSSI, height constrained fanout of clock pcie_wrapper|pcie_ss.top|host_pcie.pcie_ss|pcie_ss|gen_ptile.u_ptile|intel_pcie_ptile_ast_qhip|inst|inst|maib_and_tile|m3_23_1__hssi_dcm__pld_pcs_tx_clk_out2_dcm
        Info (25387): Fanout will be constrained to (11, 3) to (333, 43)
    Info (19756): Due to HSSI, height constrained fanout of clock pcie_wrapper|pcie_ss.top|host_pcie.pcie_ss|pcie_ss|gen_ptile.u_ptile|intel_pcie_ptile_ast_qhip|inst|inst|maib_and_tile|m3_136_1__hssi_dcm__pld_pcs_tx_clk_out2_dcm
        Info (25387): Fanout will be constrained to (11, 126) to (333, 166)
    Info (19756): Due to HSSI, height constrained fanout of clock pcie_wrapper|pcie_ss.top|host_pcie.pcie_ss|pcie_ss|gen_ptile.u_ptile|intel_pcie_ptile_ast_qhip|inst|inst|maib_and_tile|m3_96_1__hssi_dcm__pld_pcs_tx_clk_out2_dcm
        Info (25387): Fanout will be constrained to (11, 85) to (333, 125)
    Info (19756): Due to HSSI, height constrained fanout of clock pcie_wrapper|pcie_ss.top|host_pcie.pcie_ss|pcie_ss|gen_ptile.u_ptile|intel_pcie_ptile_ast_qhip|inst|inst|maib_and_tile|m3_56_1__hssi_dcm__pld_pcs_tx_clk_out2_dcm
        Info (25387): Fanout will be constrained to (11, 44) to (333, 84)
    Info (19756): Due to HSSI, height constrained fanout of clock pcie_wrapper|pcie_ss.top|host_pcie.pcie_ss|pcie_ss|gen_ptile.u_ptile|intel_pcie_ptile_ast_qhip|inst|inst|maib_and_tile|m3_16_1__hssi_dcm__pld_pcs_tx_clk_out2_dcm
        Info (25387): Fanout will be constrained to (11, 3) to (333, 43)
    Info (19756): Due to HSSI, height constrained fanout of clock pcie_wrapper|pcie_ss.top|host_pcie.pcie_ss|pcie_ss|gen_ptile.u_ptile|intel_pcie_ptile_ast_qhip|inst|inst|maib_and_tile|m3_130_1__hssi_dcm__pld_pcs_tx_clk_out2_dcm
        Info (25387): Fanout will be constrained to (11, 126) to (333, 166)
    Info (19756): Due to HSSI, height constrained fanout of clock pcie_wrapper|pcie_ss.top|host_pcie.pcie_ss|pcie_ss|gen_ptile.u_ptile|intel_pcie_ptile_ast_qhip|inst|inst|maib_and_tile|m3_90_1__hssi_dcm__pld_pcs_tx_clk_out2_dcm
        Info (25387): Fanout will be constrained to (11, 85) to (333, 125)
    Info (19756): Due to HSSI, height constrained fanout of clock pcie_wrapper|pcie_ss.top|host_pcie.pcie_ss|pcie_ss|gen_ptile.u_ptile|intel_pcie_ptile_ast_qhip|inst|inst|maib_and_tile|m3_50_1__hssi_dcm__pld_pcs_tx_clk_out2_dcm
        Info (25387): Fanout will be constrained to (11, 44) to (333, 84)
    Info (19756): Due to HSSI, height constrained fanout of clock pcie_wrapper|pcie_ss.top|host_pcie.pcie_ss|pcie_ss|gen_ptile.u_ptile|intel_pcie_ptile_ast_qhip|inst|inst|maib_and_tile|m3_10_1__hssi_dcm__pld_pcs_tx_clk_out2_dcm
        Info (25387): Fanout will be constrained to (11, 3) to (333, 43)
    Info (19756): Due to HSSI, height constrained fanout of clock pcie_wrapper|pcie_ss.top|host_pcie.pcie_ss|pcie_ss|gen_ptile.u_ptile|intel_pcie_ptile_ast_qhip|inst|inst|maib_and_tile|m3_124_1__hssi_dcm__pld_pcs_tx_clk_out2_dcm
        Info (25387): Fanout will be constrained to (11, 126) to (333, 166)
    Info (19756): Due to HSSI, height constrained fanout of clock pcie_wrapper|pcie_ss.top|host_pcie.pcie_ss|pcie_ss|gen_ptile.u_ptile|intel_pcie_ptile_ast_qhip|inst|inst|maib_and_tile|m3_84_1__hssi_dcm__pld_pcs_tx_clk_out2_dcm
        Info (25387): Fanout will be constrained to (11, 85) to (333, 125)
    Info (19756): Due to HSSI, height constrained fanout of clock pcie_wrapper|pcie_ss.top|host_pcie.pcie_ss|pcie_ss|gen_ptile.u_ptile|intel_pcie_ptile_ast_qhip|inst|inst|maib_and_tile|m3_44_1__hssi_dcm__pld_pcs_tx_clk_out2_dcm
        Info (25387): Fanout will be constrained to (11, 44) to (333, 84)
    Info (19756): Due to HSSI, height constrained fanout of clock pcie_wrapper|pcie_ss.top|host_pcie.pcie_ss|pcie_ss|gen_ptile.u_ptile|intel_pcie_ptile_ast_qhip|inst|inst|maib_and_tile|m3_4_1__hssi_dcm__pld_pcs_tx_clk_out2_dcm
        Info (25387): Fanout will be constrained to (11, 3) to (333, 43)
Info (24604): Global preservation of unused transceiver channels is enabled. All unused transceiver channels will be preserved.
Info (24608): Preserved 44 unused RX channel(s).
Info (24609): Preserved 44 unused TX channel(s).
Info (332164): Evaluating HDL-embedded SDC commands
    Info (332165): Entity dcfifo_0v671
        Info (332166): set_false_path -from *rdptr_g* -to *ws_dgrp|dffpipe_17932:dffpipe10|dffe11a* 
        Info (332166): set_false_path -from *delayed_wrptr_g* -to *rs_dgwp|dffpipe_07932:dffpipe7|dffe8a* 
    Info (332165): Entity dcfifo_8h98
        Info (332166): set_false_path -from *rdptr_g* -to *ws_dgrp|dffpipe_evi72:dffpipe10|dffe11a* 
        Info (332166): set_false_path -from *delayed_wrptr_g* -to *rs_dgwp|dffpipe_dvi72:dffpipe7|dffe8a* 
    Info (332165): Entity dcfifo_ao19
        Info (332166): set_false_path -from *rdptr_g* -to *ws_dgrp|dffpipe_gvi72:dffpipe10|dffe11a* 
        Info (332166): set_false_path -from *delayed_wrptr_g* -to *rs_dgwp|dffpipe_fvi72:dffpipe7|dffe8a* 
    Info (332165): Entity dcfifo_hll7
        Info (332166): set_false_path -from *delayed_wrptr_g* -to *rs_dgwp|dffpipe_u6932:dffpipe5|dffe6a* 
    Info (332165): Entity dcfifo_pl852
        Info (332166): set_false_path -from *delayed_wrptr_g* -to *rs_dgwp|dffpipe_v6932:dffpipe5|dffe6a* 
    Info (332165): Entity sld_synchronizer_no_reset
        Info (332166): set_false_path -to [get_keepers {*sld_synchronizer_no_reset:*|din_s1}]
    Info (332165): Entity altera_std_synchronizer
        Info (332166): set_false_path -to [get_keepers {*altera_std_synchronizer:*|din_s1}]
Info (19539): Reading the HDL-embedded SDC files elapsed 00:00:00.
Info (332104): Reading SDC File: '../../../shared_config/signaltap_clock_crossing.sdc'
Info (18794): Reading SDC File: '../../../../ofs-common/src/common/fme_id_rom/fme_id_rom/intel_mce_104/synth/intel_mce_adapter.sdc' for instance: 'fme_top|fme_csr|fme_id_rom|rom_1port_0|intel_mce_component|intel_mce_inst'
Info (18794): Reading SDC File: '../../../../ofs-common/src/common/fme_id_rom/fme_id_rom/intel_mce_104/synth/intel_mce_adapter.sdc' for instance: 'afu_top|pg_afu.port_gasket|pg_csr|fme_id_rom|rom_1port_0|intel_mce_component|intel_mce_inst'
Info (332104): Reading SDC File: '../../../../ofs-common/src/common/port_gasket/user_clock/user_clock.sdc'
Info (332104): Reading SDC File: '../../../../ofs-common/src/fpga_family/agilex/cfg_mon/cfg_mon/altera_s10_user_rst_clkgate_1949/synth/altera_s10_user_rst_clkgate_fm.sdc'
Info (332104): Reading SDC File: '../../../../ofs-common/src/fpga_family/agilex/remote_stp/ip/remote_debug_jtag_only/jop_blaster/sld_hub_ctrl_core_100/synth/sld_hub_ctrl.sdc'
Info (18794): Reading SDC File: '../../../../ofs-common/src/fpga_family/agilex/remote_stp/ip/remote_debug_jtag_only/jop_blaster/altera_reset_controller_1924/synth/altera_reset_controller.sdc' for instance: 'afu_top|sr_afu.fim_afu_instances|afu_gen[0].bwbmc_gen.bwbmc_wrapper|bw_840_support|bmc_spi_sub_0|rst_controller'
Info (18794): Reading SDC File: '../../../../ofs-common/src/fpga_family/agilex/remote_stp/ip/remote_debug_jtag_only/jop_blaster/altera_reset_controller_1924/synth/altera_reset_controller.sdc' for instance: 'afu_top|sr_afu.fim_afu_instances|afu_gen[0].bwbmc_gen.bwbmc_wrapper|bw_840_support|bmc_spi_sub_0|rst_controller_001'
Info (18794): Reading SDC File: '../../../../ofs-common/src/fpga_family/agilex/remote_stp/ip/remote_debug_jtag_only/jop_blaster/altera_reset_controller_1924/synth/altera_reset_controller.sdc' for instance: 'afu_top|sr_afu.fim_afu_instances|afu_gen[0].bwbmc_gen.bwbmc_wrapper|bw_840_support|bmc_spi_sub_0|rst_controller_002'
Info (18794): Reading SDC File: '../../../../ofs-common/src/fpga_family/agilex/remote_stp/ip/remote_debug_jtag_only/jop_blaster/altera_reset_controller_1924/synth/altera_reset_controller.sdc' for instance: 'afu_top|sr_afu.fim_afu_instances|afu_gen[0].bwbmc_gen.bwbmc_wrapper|bw_840_support|rst_controller'
Info (18794): Reading SDC File: '../../../../ofs-common/src/fpga_family/agilex/remote_stp/ip/remote_debug_jtag_only/jop_blaster/altera_reset_controller_1924/synth/altera_reset_controller.sdc' for instance: 'afu_top|pg_afu.port_gasket|remote_stp_top|do_stp.remote_debug_jtag_only|jop_blaster|jop_blaster|rst_controller'
Info (18794): Reading SDC File: '../../../../ofs-common/src/fpga_family/agilex/remote_stp/ip/remote_debug_jtag_only/jop_blaster/altera_reset_controller_1924/synth/altera_reset_controller.sdc' for instance: 'afu_top|pg_afu.port_gasket|remote_stp_top|do_stp.remote_debug_jtag_only|jop_blaster|jop_blaster|rst_controller_001'
Info (18794): Reading SDC File: '../../../../ofs-common/src/fpga_family/agilex/remote_stp/ip/remote_debug_jtag_only/jop_blaster/altera_reset_controller_1924/synth/altera_reset_controller.sdc' for instance: 'afu_top|pg_afu.port_gasket|remote_stp_top|do_stp.remote_debug_jtag_only|jop_blaster|jop_blaster|rst_controller_002'
Info (18794): Reading SDC File: '../../../../ofs-common/src/fpga_family/agilex/remote_stp/ip/remote_debug_jtag_only/jop_blaster/altera_reset_controller_1924/synth/altera_reset_controller.sdc' for instance: 'afu_top|pg_afu.port_gasket|remote_stp_top|do_stp.remote_debug_jtag_only|rst_controller'
Info (18794): Reading SDC File: '../../../../ofs-common/src/fpga_family/agilex/remote_stp/ip/remote_debug_jtag_only/jop_blaster/altera_reset_controller_1924/synth/altera_reset_controller.sdc' for instance: 'afu_top|pg_afu.port_gasket|remote_stp_top|do_stp.remote_debug_jtag_only|rst_controller_001'
Info (18794): Reading SDC File: '../../../../ofs-common/src/fpga_family/agilex/remote_stp/ip/remote_debug_jtag_only/jop_blaster/altera_reset_controller_1924/synth/altera_reset_controller.sdc' for instance: 'afu_top|pg_afu.port_gasket|remote_stp_top|do_stp.remote_debug_jtag_only|rst_controller_002'
Info (18794): Reading SDC File: '../../../../ofs-common/src/fpga_family/agilex/remote_stp/ip/remote_debug_jtag_only/jop_blaster/altera_reset_controller_1924/synth/altera_reset_controller.sdc' for instance: 'local_mem_wrapper|mem_ss_top|mem_ss_sv|mem_ss|mem_ss|rst_controller'
Info (18794): Reading SDC File: '../../../../ofs-common/src/fpga_family/agilex/remote_stp/ip/remote_debug_jtag_only/jop_blaster/altera_reset_controller_1924/synth/altera_reset_controller.sdc' for instance: 'local_mem_wrapper|mem_ss_top|mem_ss_sv|mem_ss|mem_ss|rst_controller_001'
Info (332104): Reading SDC File: '../../../../ofs-common/src/fpga_family/agilex/remote_stp/remote_debug_jtag_only/hs_clk_xer_1941/synth/alt_hiconnect_handshake_clock_crosser.sdc'
Info (18794): Reading SDC File: '../../../../ofs-common/src/fpga_family/agilex/remote_stp/remote_debug_jtag_only/altera_reset_controller_1924/synth/altera_reset_controller.sdc' for instance: 'afu_top|sr_afu.fim_afu_instances|afu_gen[0].bwbmc_gen.bwbmc_wrapper|bw_840_support|bmc_spi_sub_0|rst_controller'
Info (18794): Reading SDC File: '../../../../ofs-common/src/fpga_family/agilex/remote_stp/remote_debug_jtag_only/altera_reset_controller_1924/synth/altera_reset_controller.sdc' for instance: 'afu_top|sr_afu.fim_afu_instances|afu_gen[0].bwbmc_gen.bwbmc_wrapper|bw_840_support|bmc_spi_sub_0|rst_controller_001'
Info (18794): Reading SDC File: '../../../../ofs-common/src/fpga_family/agilex/remote_stp/remote_debug_jtag_only/altera_reset_controller_1924/synth/altera_reset_controller.sdc' for instance: 'afu_top|sr_afu.fim_afu_instances|afu_gen[0].bwbmc_gen.bwbmc_wrapper|bw_840_support|bmc_spi_sub_0|rst_controller_002'
Info (18794): Reading SDC File: '../../../../ofs-common/src/fpga_family/agilex/remote_stp/remote_debug_jtag_only/altera_reset_controller_1924/synth/altera_reset_controller.sdc' for instance: 'afu_top|sr_afu.fim_afu_instances|afu_gen[0].bwbmc_gen.bwbmc_wrapper|bw_840_support|rst_controller'
Info (18794): Reading SDC File: '../../../../ofs-common/src/fpga_family/agilex/remote_stp/remote_debug_jtag_only/altera_reset_controller_1924/synth/altera_reset_controller.sdc' for instance: 'afu_top|pg_afu.port_gasket|remote_stp_top|do_stp.remote_debug_jtag_only|jop_blaster|jop_blaster|rst_controller'
Info (18794): Reading SDC File: '../../../../ofs-common/src/fpga_family/agilex/remote_stp/remote_debug_jtag_only/altera_reset_controller_1924/synth/altera_reset_controller.sdc' for instance: 'afu_top|pg_afu.port_gasket|remote_stp_top|do_stp.remote_debug_jtag_only|jop_blaster|jop_blaster|rst_controller_001'
Info (18794): Reading SDC File: '../../../../ofs-common/src/fpga_family/agilex/remote_stp/remote_debug_jtag_only/altera_reset_controller_1924/synth/altera_reset_controller.sdc' for instance: 'afu_top|pg_afu.port_gasket|remote_stp_top|do_stp.remote_debug_jtag_only|jop_blaster|jop_blaster|rst_controller_002'
Info (18794): Reading SDC File: '../../../../ofs-common/src/fpga_family/agilex/remote_stp/remote_debug_jtag_only/altera_reset_controller_1924/synth/altera_reset_controller.sdc' for instance: 'afu_top|pg_afu.port_gasket|remote_stp_top|do_stp.remote_debug_jtag_only|rst_controller'
Info (18794): Reading SDC File: '../../../../ofs-common/src/fpga_family/agilex/remote_stp/remote_debug_jtag_only/altera_reset_controller_1924/synth/altera_reset_controller.sdc' for instance: 'afu_top|pg_afu.port_gasket|remote_stp_top|do_stp.remote_debug_jtag_only|rst_controller_001'
Info (18794): Reading SDC File: '../../../../ofs-common/src/fpga_family/agilex/remote_stp/remote_debug_jtag_only/altera_reset_controller_1924/synth/altera_reset_controller.sdc' for instance: 'afu_top|pg_afu.port_gasket|remote_stp_top|do_stp.remote_debug_jtag_only|rst_controller_002'
Info (18794): Reading SDC File: '../../../../ofs-common/src/fpga_family/agilex/remote_stp/remote_debug_jtag_only/altera_reset_controller_1924/synth/altera_reset_controller.sdc' for instance: 'local_mem_wrapper|mem_ss_top|mem_ss_sv|mem_ss|mem_ss|rst_controller'
Info (18794): Reading SDC File: '../../../../ofs-common/src/fpga_family/agilex/remote_stp/remote_debug_jtag_only/altera_reset_controller_1924/synth/altera_reset_controller.sdc' for instance: 'local_mem_wrapper|mem_ss_top|mem_ss_sv|mem_ss|mem_ss|rst_controller_001'
Info (332104): Reading SDC File: '../../../../ofs-common/src/fpga_family/agilex/sys_pll/sys_pll/altera_iopll_2110/synth/sys_pll_altera_iopll_2110_3lkpvti.sdc'
Info (332151): Clock uncertainty is not calculated until you update the timing netlist.
Info (332104): Reading SDC File: '../../../../ofs-common/src/fpga_family/agilex/sys_pll/sys_pll.sdc'
Info: Adding extra slack to base iopll clock crossings...
Warning (332174): Ignored filter at sys_pll.sdc(33): sys_pll|iopll_0_clk_50m could not be matched with a clock File: /home/uwb_student00/ahls/new_BSP/qualification/emif-hold-objective-01/plan-diagnostic02/scratch/ofs-common/src/fpga_family/agilex/sys_pll/sys_pll.sdc Line: 33
Warning (332049): Ignored set_clock_uncertainty at sys_pll.sdc(33): The -to collection with value { [get_clocks {sys_pll|iopll_0_clk_50m}] } contains zero objects. File: /home/uwb_student00/ahls/new_BSP/qualification/emif-hold-objective-01/plan-diagnostic02/scratch/ofs-common/src/fpga_family/agilex/sys_pll/sys_pll.sdc Line: 33
    Info (332050): set_clock_uncertainty -from [get_clocks {sys_pll|iopll_0_clk_100m}] -to [get_clocks {sys_pll|iopll_0_clk_50m}]  -add 0.008 File: /home/uwb_student00/ahls/new_BSP/qualification/emif-hold-objective-01/plan-diagnostic02/scratch/ofs-common/src/fpga_family/agilex/sys_pll/sys_pll.sdc Line: 33
Warning (332049): Ignored set_clock_uncertainty at sys_pll.sdc(34): The -from collection with value { [get_clocks {sys_pll|iopll_0_clk_50m}] } contains zero objects. File: /home/uwb_student00/ahls/new_BSP/qualification/emif-hold-objective-01/plan-diagnostic02/scratch/ofs-common/src/fpga_family/agilex/sys_pll/sys_pll.sdc Line: 34
    Info (332050): set_clock_uncertainty -from [get_clocks {sys_pll|iopll_0_clk_50m}]  -to [get_clocks {sys_pll|iopll_0_clk_100m}] -add 0.008 File: /home/uwb_student00/ahls/new_BSP/qualification/emif-hold-objective-01/plan-diagnostic02/scratch/ofs-common/src/fpga_family/agilex/sys_pll/sys_pll.sdc Line: 34
Info (332104): Reading SDC File: '../../../../ofs-common/src/fpga_family/agilex/user_clock/qph_user_clk_iopll_RF100M/altera_iopll_2110/synth/qph_user_clk_iopll_RF100M_altera_iopll_2110_6uqudeq.sdc'
Info (332151): Clock uncertainty is not calculated until you update the timing netlist.
Info (18794): Reading SDC File: '../../../../ofs-common/src/fpga_family/agilex/mem_ss/qip/axilite_ic/emif_csr_ic/altera_reset_controller_1924/synth/altera_reset_controller.sdc' for instance: 'afu_top|sr_afu.fim_afu_instances|afu_gen[0].bwbmc_gen.bwbmc_wrapper|bw_840_support|bmc_spi_sub_0|rst_controller'
Info (18794): Reading SDC File: '../../../../ofs-common/src/fpga_family/agilex/mem_ss/qip/axilite_ic/emif_csr_ic/altera_reset_controller_1924/synth/altera_reset_controller.sdc' for instance: 'afu_top|sr_afu.fim_afu_instances|afu_gen[0].bwbmc_gen.bwbmc_wrapper|bw_840_support|bmc_spi_sub_0|rst_controller_001'
Info (18794): Reading SDC File: '../../../../ofs-common/src/fpga_family/agilex/mem_ss/qip/axilite_ic/emif_csr_ic/altera_reset_controller_1924/synth/altera_reset_controller.sdc' for instance: 'afu_top|sr_afu.fim_afu_instances|afu_gen[0].bwbmc_gen.bwbmc_wrapper|bw_840_support|bmc_spi_sub_0|rst_controller_002'
Info (18794): Reading SDC File: '../../../../ofs-common/src/fpga_family/agilex/mem_ss/qip/axilite_ic/emif_csr_ic/altera_reset_controller_1924/synth/altera_reset_controller.sdc' for instance: 'afu_top|sr_afu.fim_afu_instances|afu_gen[0].bwbmc_gen.bwbmc_wrapper|bw_840_support|rst_controller'
Info (18794): Reading SDC File: '../../../../ofs-common/src/fpga_family/agilex/mem_ss/qip/axilite_ic/emif_csr_ic/altera_reset_controller_1924/synth/altera_reset_controller.sdc' for instance: 'afu_top|pg_afu.port_gasket|remote_stp_top|do_stp.remote_debug_jtag_only|jop_blaster|jop_blaster|rst_controller'
Info (18794): Reading SDC File: '../../../../ofs-common/src/fpga_family/agilex/mem_ss/qip/axilite_ic/emif_csr_ic/altera_reset_controller_1924/synth/altera_reset_controller.sdc' for instance: 'afu_top|pg_afu.port_gasket|remote_stp_top|do_stp.remote_debug_jtag_only|jop_blaster|jop_blaster|rst_controller_001'
Info (18794): Reading SDC File: '../../../../ofs-common/src/fpga_family/agilex/mem_ss/qip/axilite_ic/emif_csr_ic/altera_reset_controller_1924/synth/altera_reset_controller.sdc' for instance: 'afu_top|pg_afu.port_gasket|remote_stp_top|do_stp.remote_debug_jtag_only|jop_blaster|jop_blaster|rst_controller_002'
Info (18794): Reading SDC File: '../../../../ofs-common/src/fpga_family/agilex/mem_ss/qip/axilite_ic/emif_csr_ic/altera_reset_controller_1924/synth/altera_reset_controller.sdc' for instance: 'afu_top|pg_afu.port_gasket|remote_stp_top|do_stp.remote_debug_jtag_only|rst_controller'
Info (18794): Reading SDC File: '../../../../ofs-common/src/fpga_family/agilex/mem_ss/qip/axilite_ic/emif_csr_ic/altera_reset_controller_1924/synth/altera_reset_controller.sdc' for instance: 'afu_top|pg_afu.port_gasket|remote_stp_top|do_stp.remote_debug_jtag_only|rst_controller_001'
Info (18794): Reading SDC File: '../../../../ofs-common/src/fpga_family/agilex/mem_ss/qip/axilite_ic/emif_csr_ic/altera_reset_controller_1924/synth/altera_reset_controller.sdc' for instance: 'afu_top|pg_afu.port_gasket|remote_stp_top|do_stp.remote_debug_jtag_only|rst_controller_002'
Info (18794): Reading SDC File: '../../../../ofs-common/src/fpga_family/agilex/mem_ss/qip/axilite_ic/emif_csr_ic/altera_reset_controller_1924/synth/altera_reset_controller.sdc' for instance: 'local_mem_wrapper|mem_ss_top|mem_ss_sv|mem_ss|mem_ss|rst_controller'
Info (18794): Reading SDC File: '../../../../ofs-common/src/fpga_family/agilex/mem_ss/qip/axilite_ic/emif_csr_ic/altera_reset_controller_1924/synth/altera_reset_controller.sdc' for instance: 'local_mem_wrapper|mem_ss_top|mem_ss_sv|mem_ss|mem_ss|rst_controller_001'
Info (18794): Reading SDC File: '../../../../ipss/pcie/qip/pcie_ss/intel_pcie_ptile_ast_1100/synth/intel_ptile_pcie.sdc' for instance: 'pcie_wrapper|pcie_ss.top|host_pcie.pcie_ss|pcie_ss|gen_ptile.u_ptile|intel_pcie_ptile_ast_qhip'
Warning (332049): Ignored set_false_path at intel_ptile_pcie.sdc(691): The -to collection with value { [get_registers {pcie_wrapper|pcie_ss.top|host_pcie.pcie_ss|pcie_ss|gen_ptile.u_ptile|intel_pcie_ptile_ast_qhip*|soft_logics|g_p1_cplto_avmm_reset_status_n_sync.p1_avmm_reset_status_n_sync_inst|din_s1}] } contains zero objects. File: /home/uwb_student00/ahls/new_BSP/qualification/emif-hold-objective-01/plan-diagnostic02/scratch/ipss/pcie/qip/pcie_ss/intel_pcie_ptile_ast_1100/synth/intel_ptile_pcie.sdc Line: 691
    Info (332050): set_false_path -to [get_registers -nowarn ${inst}*|soft_logics|g_p1_cplto_avmm_reset_status_n_sync.p1_avmm_reset_status_n_sync_inst|din_s1] File: /home/uwb_student00/ahls/new_BSP/qualification/emif-hold-objective-01/plan-diagnostic02/scratch/ipss/pcie/qip/pcie_ss/intel_pcie_ptile_ast_1100/synth/intel_ptile_pcie.sdc Line: 691
Warning (332049): Ignored set_false_path at intel_ptile_pcie.sdc(692): The -to collection with value { [get_registers {pcie_wrapper|pcie_ss.top|host_pcie.pcie_ss|pcie_ss|gen_ptile.u_ptile|intel_pcie_ptile_ast_qhip*|soft_logics|g_p1_cplto_avmm_reset_status_n_sync.p1_avmm_reset_status_n_sync_inst|dreg[*]}] } contains zero objects. File: /home/uwb_student00/ahls/new_BSP/qualification/emif-hold-objective-01/plan-diagnostic02/scratch/ipss/pcie/qip/pcie_ss/intel_pcie_ptile_ast_1100/synth/intel_ptile_pcie.sdc Line: 692
    Info (332050): set_false_path -through [get_pins -nowarn ${inst}*|soft_logics|g_p1_cplto_avmm_reset_status_n_sync.p1_avmm_reset_status_n_sync_inst|dreg[*]|clrn] -to [get_registers -nowarn ${inst}*|soft_logics|g_p1_cplto_avmm_reset_status_n_sync.p1_avmm_reset_status_n_sync_inst|dreg[*]] File: /home/uwb_student00/ahls/new_BSP/qualification/emif-hold-objective-01/plan-diagnostic02/scratch/ipss/pcie/qip/pcie_ss/intel_pcie_ptile_ast_1100/synth/intel_ptile_pcie.sdc Line: 692
Warning (332049): Ignored set_false_path at intel_ptile_pcie.sdc(692): The -through collection with value { [get_pins {pcie_wrapper|pcie_ss.top|host_pcie.pcie_ss|pcie_ss|gen_ptile.u_ptile|intel_pcie_ptile_ast_qhip*|soft_logics|g_p1_cplto_avmm_reset_status_n_sync.p1_avmm_reset_status_n_sync_inst|dreg[*]|clrn}] } contains zero objects. File: /home/uwb_student00/ahls/new_BSP/qualification/emif-hold-objective-01/plan-diagnostic02/scratch/ipss/pcie/qip/pcie_ss/intel_pcie_ptile_ast_1100/synth/intel_ptile_pcie.sdc Line: 692
Warning (332049): Ignored set_false_path at intel_ptile_pcie.sdc(695): The -to collection with value { [get_registers {pcie_wrapper|pcie_ss.top|host_pcie.pcie_ss|pcie_ss|gen_ptile.u_ptile|intel_pcie_ptile_ast_qhip*|soft_logics|pcie1_cpl_to_avmm_adpt|p0_link_req_rst_sync|din_s1}] } contains zero objects. File: /home/uwb_student00/ahls/new_BSP/qualification/emif-hold-objective-01/plan-diagnostic02/scratch/ipss/pcie/qip/pcie_ss/intel_pcie_ptile_ast_1100/synth/intel_ptile_pcie.sdc Line: 695
    Info (332050): set_false_path -to [get_registers -nowarn ${inst}*|soft_logics|pcie1_cpl_to_avmm_adpt|p0_link_req_rst_sync|din_s1] File: /home/uwb_student00/ahls/new_BSP/qualification/emif-hold-objective-01/plan-diagnostic02/scratch/ipss/pcie/qip/pcie_ss/intel_pcie_ptile_ast_1100/synth/intel_ptile_pcie.sdc Line: 695
Warning (332049): Ignored set_false_path at intel_ptile_pcie.sdc(696): The -to collection with value { [get_registers {pcie_wrapper|pcie_ss.top|host_pcie.pcie_ss|pcie_ss|gen_ptile.u_ptile|intel_pcie_ptile_ast_qhip*|soft_logics|pcie1_cpl_to_avmm_adpt|p0_link_req_rst_sync|dreg[*]}] } contains zero objects. File: /home/uwb_student00/ahls/new_BSP/qualification/emif-hold-objective-01/plan-diagnostic02/scratch/ipss/pcie/qip/pcie_ss/intel_pcie_ptile_ast_1100/synth/intel_ptile_pcie.sdc Line: 696
    Info (332050): set_false_path -through [get_pins -nowarn ${inst}*|soft_logics|pcie1_cpl_to_avmm_adpt|p0_link_req_rst_sync|dreg[*]|clrn] -to [get_registers -nowarn ${inst}*|soft_logics|pcie1_cpl_to_avmm_adpt|p0_link_req_rst_sync|dreg[*]] File: /home/uwb_student00/ahls/new_BSP/qualification/emif-hold-objective-01/plan-diagnostic02/scratch/ipss/pcie/qip/pcie_ss/intel_pcie_ptile_ast_1100/synth/intel_ptile_pcie.sdc Line: 696
Warning (332049): Ignored set_false_path at intel_ptile_pcie.sdc(696): The -through collection with value { [get_pins {pcie_wrapper|pcie_ss.top|host_pcie.pcie_ss|pcie_ss|gen_ptile.u_ptile|intel_pcie_ptile_ast_qhip*|soft_logics|pcie1_cpl_to_avmm_adpt|p0_link_req_rst_sync|dreg[*]|clrn}] } contains zero objects. File: /home/uwb_student00/ahls/new_BSP/qualification/emif-hold-objective-01/plan-diagnostic02/scratch/ipss/pcie/qip/pcie_ss/intel_pcie_ptile_ast_1100/synth/intel_ptile_pcie.sdc Line: 696
Warning (332049): Ignored set_false_path at intel_ptile_pcie.sdc(700): The -to collection with value { [get_registers {pcie_wrapper|pcie_ss.top|host_pcie.pcie_ss|pcie_ss|gen_ptile.u_ptile|intel_pcie_ptile_ast_qhip*|soft_logics|g_p2_cplto_avmm_reset_status_n_sync.p2_avmm_reset_status_n_sync_inst|din_s1}] } contains zero objects. File: /home/uwb_student00/ahls/new_BSP/qualification/emif-hold-objective-01/plan-diagnostic02/scratch/ipss/pcie/qip/pcie_ss/intel_pcie_ptile_ast_1100/synth/intel_ptile_pcie.sdc Line: 700
    Info (332050): set_false_path -to [get_registers -nowarn ${inst}*|soft_logics|g_p2_cplto_avmm_reset_status_n_sync.p2_avmm_reset_status_n_sync_inst|din_s1] File: /home/uwb_student00/ahls/new_BSP/qualification/emif-hold-objective-01/plan-diagnostic02/scratch/ipss/pcie/qip/pcie_ss/intel_pcie_ptile_ast_1100/synth/intel_ptile_pcie.sdc Line: 700
Warning (332049): Ignored set_false_path at intel_ptile_pcie.sdc(701): The -to collection with value { [get_registers {pcie_wrapper|pcie_ss.top|host_pcie.pcie_ss|pcie_ss|gen_ptile.u_ptile|intel_pcie_ptile_ast_qhip*|soft_logics|g_p2_cplto_avmm_reset_status_n_sync.p2_avmm_reset_status_n_sync_inst|dreg[*]}] } contains zero objects. File: /home/uwb_student00/ahls/new_BSP/qualification/emif-hold-objective-01/plan-diagnostic02/scratch/ipss/pcie/qip/pcie_ss/intel_pcie_ptile_ast_1100/synth/intel_ptile_pcie.sdc Line: 701
    Info (332050): set_false_path -through [get_pins -nowarn ${inst}*|soft_logics|g_p2_cplto_avmm_reset_status_n_sync.p2_avmm_reset_status_n_sync_inst|dreg[*]|clrn] -to [get_registers -nowarn ${inst}*|soft_logics|g_p2_cplto_avmm_reset_status_n_sync.p2_avmm_reset_status_n_sync_inst|dreg[*]] File: /home/uwb_student00/ahls/new_BSP/qualification/emif-hold-objective-01/plan-diagnostic02/scratch/ipss/pcie/qip/pcie_ss/intel_pcie_ptile_ast_1100/synth/intel_ptile_pcie.sdc Line: 701
Warning (332049): Ignored set_false_path at intel_ptile_pcie.sdc(701): The -through collection with value { [get_pins {pcie_wrapper|pcie_ss.top|host_pcie.pcie_ss|pcie_ss|gen_ptile.u_ptile|intel_pcie_ptile_ast_qhip*|soft_logics|g_p2_cplto_avmm_reset_status_n_sync.p2_avmm_reset_status_n_sync_inst|dreg[*]|clrn}] } contains zero objects. File: /home/uwb_student00/ahls/new_BSP/qualification/emif-hold-objective-01/plan-diagnostic02/scratch/ipss/pcie/qip/pcie_ss/intel_pcie_ptile_ast_1100/synth/intel_ptile_pcie.sdc Line: 701
Warning (332049): Ignored set_false_path at intel_ptile_pcie.sdc(704): The -to collection with value { [get_registers {pcie_wrapper|pcie_ss.top|host_pcie.pcie_ss|pcie_ss|gen_ptile.u_ptile|intel_pcie_ptile_ast_qhip*|soft_logics|pcie2_cpl_to_avmm_adpt|p0_link_req_rst_sync|din_s1}] } contains zero objects. File: /home/uwb_student00/ahls/new_BSP/qualification/emif-hold-objective-01/plan-diagnostic02/scratch/ipss/pcie/qip/pcie_ss/intel_pcie_ptile_ast_1100/synth/intel_ptile_pcie.sdc Line: 704
    Info (332050): set_false_path -to [get_registers -nowarn ${inst}*|soft_logics|pcie2_cpl_to_avmm_adpt|p0_link_req_rst_sync|din_s1] File: /home/uwb_student00/ahls/new_BSP/qualification/emif-hold-objective-01/plan-diagnostic02/scratch/ipss/pcie/qip/pcie_ss/intel_pcie_ptile_ast_1100/synth/intel_ptile_pcie.sdc Line: 704
Warning (332049): Ignored set_false_path at intel_ptile_pcie.sdc(705): The -to collection with value { [get_registers {pcie_wrapper|pcie_ss.top|host_pcie.pcie_ss|pcie_ss|gen_ptile.u_ptile|intel_pcie_ptile_ast_qhip*|soft_logics|pcie2_cpl_to_avmm_adpt|p0_link_req_rst_sync|dreg[*]}] } contains zero objects. File: /home/uwb_student00/ahls/new_BSP/qualification/emif-hold-objective-01/plan-diagnostic02/scratch/ipss/pcie/qip/pcie_ss/intel_pcie_ptile_ast_1100/synth/intel_ptile_pcie.sdc Line: 705
    Info (332050): set_false_path -through [get_pins -nowarn ${inst}*|soft_logics|pcie2_cpl_to_avmm_adpt|p0_link_req_rst_sync|dreg[*]|clrn] -to [get_registers -nowarn ${inst}*|soft_logics|pcie2_cpl_to_avmm_adpt|p0_link_req_rst_sync|dreg[*]] File: /home/uwb_student00/ahls/new_BSP/qualification/emif-hold-objective-01/plan-diagnostic02/scratch/ipss/pcie/qip/pcie_ss/intel_pcie_ptile_ast_1100/synth/intel_ptile_pcie.sdc Line: 705
Warning (332049): Ignored set_false_path at intel_ptile_pcie.sdc(705): The -through collection with value { [get_pins {pcie_wrapper|pcie_ss.top|host_pcie.pcie_ss|pcie_ss|gen_ptile.u_ptile|intel_pcie_ptile_ast_qhip*|soft_logics|pcie2_cpl_to_avmm_adpt|p0_link_req_rst_sync|dreg[*]|clrn}] } contains zero objects. File: /home/uwb_student00/ahls/new_BSP/qualification/emif-hold-objective-01/plan-diagnostic02/scratch/ipss/pcie/qip/pcie_ss/intel_pcie_ptile_ast_1100/synth/intel_ptile_pcie.sdc Line: 705
Warning (332049): Ignored set_false_path at intel_ptile_pcie.sdc(709): The -to collection with value { [get_registers {pcie_wrapper|pcie_ss.top|host_pcie.pcie_ss|pcie_ss|gen_ptile.u_ptile|intel_pcie_ptile_ast_qhip*|soft_logics|g_p3_cplto_avmm_reset_status_n_sync.p3_avmm_reset_status_n_sync_inst|din_s1}] } contains zero objects. File: /home/uwb_student00/ahls/new_BSP/qualification/emif-hold-objective-01/plan-diagnostic02/scratch/ipss/pcie/qip/pcie_ss/intel_pcie_ptile_ast_1100/synth/intel_ptile_pcie.sdc Line: 709
    Info (332050): set_false_path -to [get_registers -nowarn ${inst}*|soft_logics|g_p3_cplto_avmm_reset_status_n_sync.p3_avmm_reset_status_n_sync_inst|din_s1] File: /home/uwb_student00/ahls/new_BSP/qualification/emif-hold-objective-01/plan-diagnostic02/scratch/ipss/pcie/qip/pcie_ss/intel_pcie_ptile_ast_1100/synth/intel_ptile_pcie.sdc Line: 709
Warning (332049): Ignored set_false_path at intel_ptile_pcie.sdc(710): The -to collection with value { [get_registers {pcie_wrapper|pcie_ss.top|host_pcie.pcie_ss|pcie_ss|gen_ptile.u_ptile|intel_pcie_ptile_ast_qhip*|soft_logics|g_p3_cplto_avmm_reset_status_n_sync.p3_avmm_reset_status_n_sync_inst|dreg[*]}] } contains zero objects. File: /home/uwb_student00/ahls/new_BSP/qualification/emif-hold-objective-01/plan-diagnostic02/scratch/ipss/pcie/qip/pcie_ss/intel_pcie_ptile_ast_1100/synth/intel_ptile_pcie.sdc Line: 710
    Info (332050): set_false_path -through [get_pins -nowarn ${inst}*|soft_logics|g_p3_cplto_avmm_reset_status_n_sync.p3_avmm_reset_status_n_sync_inst|dreg[*]|clrn] -to [get_registers -nowarn ${inst}*|soft_logics|g_p3_cplto_avmm_reset_status_n_sync.p3_avmm_reset_status_n_sync_inst|dreg[*]] File: /home/uwb_student00/ahls/new_BSP/qualification/emif-hold-objective-01/plan-diagnostic02/scratch/ipss/pcie/qip/pcie_ss/intel_pcie_ptile_ast_1100/synth/intel_ptile_pcie.sdc Line: 710
Warning (332049): Ignored set_false_path at intel_ptile_pcie.sdc(710): The -through collection with value { [get_pins {pcie_wrapper|pcie_ss.top|host_pcie.pcie_ss|pcie_ss|gen_ptile.u_ptile|intel_pcie_ptile_ast_qhip*|soft_logics|g_p3_cplto_avmm_reset_status_n_sync.p3_avmm_reset_status_n_sync_inst|dreg[*]|clrn}] } contains zero objects. File: /home/uwb_student00/ahls/new_BSP/qualification/emif-hold-objective-01/plan-diagnostic02/scratch/ipss/pcie/qip/pcie_ss/intel_pcie_ptile_ast_1100/synth/intel_ptile_pcie.sdc Line: 710
Warning (332049): Ignored set_false_path at intel_ptile_pcie.sdc(713): The -to collection with value { [get_registers {pcie_wrapper|pcie_ss.top|host_pcie.pcie_ss|pcie_ss|gen_ptile.u_ptile|intel_pcie_ptile_ast_qhip*|soft_logics|pcie3_cpl_to_avmm_adpt|p0_link_req_rst_sync|din_s1}] } contains zero objects. File: /home/uwb_student00/ahls/new_BSP/qualification/emif-hold-objective-01/plan-diagnostic02/scratch/ipss/pcie/qip/pcie_ss/intel_pcie_ptile_ast_1100/synth/intel_ptile_pcie.sdc Line: 713
    Info (332050): set_false_path -to [get_registers -nowarn ${inst}*|soft_logics|pcie3_cpl_to_avmm_adpt|p0_link_req_rst_sync|din_s1] File: /home/uwb_student00/ahls/new_BSP/qualification/emif-hold-objective-01/plan-diagnostic02/scratch/ipss/pcie/qip/pcie_ss/intel_pcie_ptile_ast_1100/synth/intel_ptile_pcie.sdc Line: 713
Warning (332049): Ignored set_false_path at intel_ptile_pcie.sdc(714): The -to collection with value { [get_registers {pcie_wrapper|pcie_ss.top|host_pcie.pcie_ss|pcie_ss|gen_ptile.u_ptile|intel_pcie_ptile_ast_qhip*|soft_logics|pcie3_cpl_to_avmm_adpt|p0_link_req_rst_sync|dreg[*]}] } contains zero objects. File: /home/uwb_student00/ahls/new_BSP/qualification/emif-hold-objective-01/plan-diagnostic02/scratch/ipss/pcie/qip/pcie_ss/intel_pcie_ptile_ast_1100/synth/intel_ptile_pcie.sdc Line: 714
    Info (332050): set_false_path -through [get_pins -nowarn ${inst}*|soft_logics|pcie3_cpl_to_avmm_adpt|p0_link_req_rst_sync|dreg[*]|clrn] -to [get_registers -nowarn ${inst}*|soft_logics|pcie3_cpl_to_avmm_adpt|p0_link_req_rst_sync|dreg[*]] File: /home/uwb_student00/ahls/new_BSP/qualification/emif-hold-objective-01/plan-diagnostic02/scratch/ipss/pcie/qip/pcie_ss/intel_pcie_ptile_ast_1100/synth/intel_ptile_pcie.sdc Line: 714
Warning (332049): Ignored set_false_path at intel_ptile_pcie.sdc(714): The -through collection with value { [get_pins {pcie_wrapper|pcie_ss.top|host_pcie.pcie_ss|pcie_ss|gen_ptile.u_ptile|intel_pcie_ptile_ast_qhip*|soft_logics|pcie3_cpl_to_avmm_adpt|p0_link_req_rst_sync|dreg[*]|clrn}] } contains zero objects. File: /home/uwb_student00/ahls/new_BSP/qualification/emif-hold-objective-01/plan-diagnostic02/scratch/ipss/pcie/qip/pcie_ss/intel_pcie_ptile_ast_1100/synth/intel_ptile_pcie.sdc Line: 714
Info (18794): Reading SDC File: '../../../../ipss/pcie/qip/pcie_ss/intel_pcie_ss_axi_500/synth/pcie_ss.sdc' for instance: 'pcie_wrapper|pcie_ss.top|host_pcie.pcie_ss|pcie_ss'
PCIE SS SDC INSTANCE: pcie_wrapper|pcie_ss.top|host_pcie.pcie_ss|pcie_ss
Warning (332049): Ignored set_false_path at pcie_ss.sdc(589): The -to collection with value { pcie_wrapper|pcie_ss.top|host_pcie.pcie_ss|pcie_ss|EP_PFTILE_WRAPPER.gen_pciess.u_pciess_p0|u_pciess|gen_sub.u_hipif|u_pciess_cfg_if|u_pm_dstate_sync|req_wr_clk } could not match any objects of the following types: ( clk kpr reg port pin cell partition ). File: /home/uwb_student00/ahls/new_BSP/qualification/emif-hold-objective-01/plan-diagnostic02/scratch/ipss/pcie/qip/pcie_ss/intel_pcie_ss_axi_500/synth/pcie_ss.sdc Line: 589
    Info (332050): set_false_path -through ${pcie_ss_inst}|gen_ptile.u_ptile|intel_pcie_ptile_ast_qhip|inst|inst|maib_and_tile|hdpldadapt_tx_chnl_4|rx_pld_rate[*] -to ${pcie_ss_inst}|EP_PFTILE_WRAPPER.gen_pciess.u_pciess_p0|u_pciess|gen_sub.u_hipif|u_pciess_cfg_if|u_pm_dstate_sync|req_wr_clk File: /home/uwb_student00/ahls/new_BSP/qualification/emif-hold-objective-01/plan-diagnostic02/scratch/ipss/pcie/qip/pcie_ss/intel_pcie_ss_axi_500/synth/pcie_ss.sdc Line: 589
Warning (332049): Ignored set_false_path at pcie_ss.sdc(589): Argument -to is not an object ID. File: /home/uwb_student00/ahls/new_BSP/qualification/emif-hold-objective-01/plan-diagnostic02/scratch/ipss/pcie/qip/pcie_ss/intel_pcie_ss_axi_500/synth/pcie_ss.sdc Line: 589
Warning (332049): Ignored set_false_path at pcie_ss.sdc(590): The -to collection with value { pcie_wrapper|pcie_ss.top|host_pcie.pcie_ss|pcie_ss|EP_PFTILE_WRAPPER.gen_pciess.u_pciess_p0|u_pciess|gen_sub.u_hipif|u_pciess_cfg_if|u_pm_dstate_sync|data_in_d1[*] } could not match any objects of the following types: ( clk kpr reg port pin cell partition ). File: /home/uwb_student00/ahls/new_BSP/qualification/emif-hold-objective-01/plan-diagnostic02/scratch/ipss/pcie/qip/pcie_ss/intel_pcie_ss_axi_500/synth/pcie_ss.sdc Line: 590
    Info (332050): set_false_path -through ${pcie_ss_inst}|gen_ptile.u_ptile|intel_pcie_ptile_ast_qhip|inst|inst|maib_and_tile|hdpldadapt_tx_chnl_4|rx_pld_rate[*] -to ${pcie_ss_inst}|EP_PFTILE_WRAPPER.gen_pciess.u_pciess_p0|u_pciess|gen_sub.u_hipif|u_pciess_cfg_if|u_pm_dstate_sync|data_in_d1[*]  File: /home/uwb_student00/ahls/new_BSP/qualification/emif-hold-objective-01/plan-diagnostic02/scratch/ipss/pcie/qip/pcie_ss/intel_pcie_ss_axi_500/synth/pcie_ss.sdc Line: 590
Warning (332049): Ignored set_false_path at pcie_ss.sdc(590): Argument -to is not an object ID. File: /home/uwb_student00/ahls/new_BSP/qualification/emif-hold-objective-01/plan-diagnostic02/scratch/ipss/pcie/qip/pcie_ss/intel_pcie_ss_axi_500/synth/pcie_ss.sdc Line: 590
Warning (332049): Ignored set_false_path at pcie_ss.sdc(591): The -to collection with value { pcie_wrapper|pcie_ss.top|host_pcie.pcie_ss|pcie_ss|EP_PFTILE_WRAPPER.gen_pciess.u_pciess_p0|u_pciess|gen_sub.u_hipif|u_pciess_cfg_if|u_pm_dstate_sync|req_wr_clk } could not match any objects of the following types: ( clk kpr reg port pin cell partition ). File: /home/uwb_student00/ahls/new_BSP/qualification/emif-hold-objective-01/plan-diagnostic02/scratch/ipss/pcie/qip/pcie_ss/intel_pcie_ss_axi_500/synth/pcie_ss.sdc Line: 591
    Info (332050): set_false_path -from ${pcie_ss_inst}|gen_ptile.u_ptile|intel_pcie_ptile_ast_qhip|inst|inst|maib_and_tile|hdpldadapt_tx_chnl_4~pld_tx_clk1_dcm.reg -to ${pcie_ss_inst}|EP_PFTILE_WRAPPER.gen_pciess.u_pciess_p0|u_pciess|gen_sub.u_hipif|u_pciess_cfg_if|u_pm_dstate_sync|req_wr_clk File: /home/uwb_student00/ahls/new_BSP/qualification/emif-hold-objective-01/plan-diagnostic02/scratch/ipss/pcie/qip/pcie_ss/intel_pcie_ss_axi_500/synth/pcie_ss.sdc Line: 591
Warning (332049): Ignored set_false_path at pcie_ss.sdc(591): Argument -to is not an object ID. File: /home/uwb_student00/ahls/new_BSP/qualification/emif-hold-objective-01/plan-diagnostic02/scratch/ipss/pcie/qip/pcie_ss/intel_pcie_ss_axi_500/synth/pcie_ss.sdc Line: 591
Warning (332049): Ignored set_false_path at pcie_ss.sdc(593): The -to collection with value { pcie_wrapper|pcie_ss.top|host_pcie.pcie_ss|pcie_ss|EP_PFTILE_WRAPPER.gen_pciess.u_pciess_p0|u_pciess|gen_sub.u_hipif|u_pciess_cfg_if|u_pm_dstate_sync|req_wr_clk } could not match any objects of the following types: ( clk kpr reg port pin cell partition ). File: /home/uwb_student00/ahls/new_BSP/qualification/emif-hold-objective-01/plan-diagnostic02/scratch/ipss/pcie/qip/pcie_ss/intel_pcie_ss_axi_500/synth/pcie_ss.sdc Line: 593
    Info (332050): set_false_path -from ${pcie_ss_inst}|gen_ptile.u_ptile|intel_pcie_ptile_ast_qhip|inst|inst|maib_and_tile|hdpldadapt_tx_chnl_8~pld_tx_clk1_dcm.reg -to ${pcie_ss_inst}|EP_PFTILE_WRAPPER.gen_pciess.u_pciess_p0|u_pciess|gen_sub.u_hipif|u_pciess_cfg_if|u_pm_dstate_sync|req_wr_clk File: /home/uwb_student00/ahls/new_BSP/qualification/emif-hold-objective-01/plan-diagnostic02/scratch/ipss/pcie/qip/pcie_ss/intel_pcie_ss_axi_500/synth/pcie_ss.sdc Line: 593
Warning (332049): Ignored set_false_path at pcie_ss.sdc(593): Argument -to is not an object ID. File: /home/uwb_student00/ahls/new_BSP/qualification/emif-hold-objective-01/plan-diagnostic02/scratch/ipss/pcie/qip/pcie_ss/intel_pcie_ss_axi_500/synth/pcie_ss.sdc Line: 593
Warning (332049): Ignored set_multicycle_path at pcie_ss.sdc(604): The -to collection with value { pcie_wrapper|pcie_ss.top|host_pcie.pcie_ss|pcie_ss|EP_PFTILE_WRAPPER.gen_pciess.u_pciess_p0|u_pciess|gen_sub.u_hipif|u_pciess_cfg_if|u_pm_dstate_sync|req_wr_clk } could not match any objects of the following types: ( clk kpr reg port pin cell partition ). File: /home/uwb_student00/ahls/new_BSP/qualification/emif-hold-objective-01/plan-diagnostic02/scratch/ipss/pcie/qip/pcie_ss/intel_pcie_ss_axi_500/synth/pcie_ss.sdc Line: 604
    Info (332050): set_multicycle_path -setup 2  -from ${pcie_ss_inst}|gen_ptile.u_ptile|intel_pcie_ptile_ast_qhip|inst|inst|maib_and_tile|hdpldadapt_rx_chnl_4~pld_rx_clk1_dcm.reg -to ${pcie_ss_inst}|EP_PFTILE_WRAPPER.gen_pciess.u_pciess_p0|u_pciess|gen_sub.u_hipif|u_pciess_cfg_if|u_pm_dstate_sync|req_wr_clk File: /home/uwb_student00/ahls/new_BSP/qualification/emif-hold-objective-01/plan-diagnostic02/scratch/ipss/pcie/qip/pcie_ss/intel_pcie_ss_axi_500/synth/pcie_ss.sdc Line: 604
Warning (332049): Ignored set_multicycle_path at pcie_ss.sdc(604): Argument -to is not an object ID. File: /home/uwb_student00/ahls/new_BSP/qualification/emif-hold-objective-01/plan-diagnostic02/scratch/ipss/pcie/qip/pcie_ss/intel_pcie_ss_axi_500/synth/pcie_ss.sdc Line: 604
Warning (332049): Ignored set_multicycle_path at pcie_ss.sdc(605): The -to collection with value { pcie_wrapper|pcie_ss.top|host_pcie.pcie_ss|pcie_ss|EP_PFTILE_WRAPPER.gen_pciess.u_pciess_p0|u_pciess|gen_sub.u_hipif|u_pciess_cfg_if|u_pm_dstate_sync|req_wr_clk } could not match any objects of the following types: ( clk kpr reg port pin cell partition ). File: /home/uwb_student00/ahls/new_BSP/qualification/emif-hold-objective-01/plan-diagnostic02/scratch/ipss/pcie/qip/pcie_ss/intel_pcie_ss_axi_500/synth/pcie_ss.sdc Line: 605
    Info (332050): set_multicycle_path -hold 1  -from ${pcie_ss_inst}|gen_ptile.u_ptile|intel_pcie_ptile_ast_qhip|inst|inst|maib_and_tile|hdpldadapt_rx_chnl_4~pld_rx_clk1_dcm.reg -to ${pcie_ss_inst}|EP_PFTILE_WRAPPER.gen_pciess.u_pciess_p0|u_pciess|gen_sub.u_hipif|u_pciess_cfg_if|u_pm_dstate_sync|req_wr_clk File: /home/uwb_student00/ahls/new_BSP/qualification/emif-hold-objective-01/plan-diagnostic02/scratch/ipss/pcie/qip/pcie_ss/intel_pcie_ss_axi_500/synth/pcie_ss.sdc Line: 605
Warning (332049): Ignored set_multicycle_path at pcie_ss.sdc(605): Argument -to is not an object ID. File: /home/uwb_student00/ahls/new_BSP/qualification/emif-hold-objective-01/plan-diagnostic02/scratch/ipss/pcie/qip/pcie_ss/intel_pcie_ss_axi_500/synth/pcie_ss.sdc Line: 605
Warning (332049): Ignored set_multicycle_path at pcie_ss.sdc(607): The -to collection with value { pcie_wrapper|pcie_ss.top|host_pcie.pcie_ss|pcie_ss|EP_PFTILE_WRAPPER.gen_pciess.u_pciess_p0|u_pciess|gen_sub.u_hipif|u_pciess_cfg_if|u_pm_dstate_sync|req_wr_clk } could not match any objects of the following types: ( clk kpr reg port pin cell partition ). File: /home/uwb_student00/ahls/new_BSP/qualification/emif-hold-objective-01/plan-diagnostic02/scratch/ipss/pcie/qip/pcie_ss/intel_pcie_ss_axi_500/synth/pcie_ss.sdc Line: 607
    Info (332050): set_multicycle_path -setup 2 -from ${pcie_ss_inst}|gen_ptile.u_ptile|intel_pcie_ptile_ast_qhip|inst|inst|maib_and_tile|hdpldadapt_rx_chnl_8~pld_rx_clk1_dcm.reg -to ${pcie_ss_inst}|EP_PFTILE_WRAPPER.gen_pciess.u_pciess_p0|u_pciess|gen_sub.u_hipif|u_pciess_cfg_if|u_pm_dstate_sync|req_wr_clk File: /home/uwb_student00/ahls/new_BSP/qualification/emif-hold-objective-01/plan-diagnostic02/scratch/ipss/pcie/qip/pcie_ss/intel_pcie_ss_axi_500/synth/pcie_ss.sdc Line: 607
Warning (332049): Ignored set_multicycle_path at pcie_ss.sdc(607): Argument -to is not an object ID. File: /home/uwb_student00/ahls/new_BSP/qualification/emif-hold-objective-01/plan-diagnostic02/scratch/ipss/pcie/qip/pcie_ss/intel_pcie_ss_axi_500/synth/pcie_ss.sdc Line: 607
Warning (332049): Ignored set_multicycle_path at pcie_ss.sdc(608): The -to collection with value { pcie_wrapper|pcie_ss.top|host_pcie.pcie_ss|pcie_ss|EP_PFTILE_WRAPPER.gen_pciess.u_pciess_p0|u_pciess|gen_sub.u_hipif|u_pciess_cfg_if|u_pm_dstate_sync|req_wr_clk } could not match any objects of the following types: ( clk kpr reg port pin cell partition ). File: /home/uwb_student00/ahls/new_BSP/qualification/emif-hold-objective-01/plan-diagnostic02/scratch/ipss/pcie/qip/pcie_ss/intel_pcie_ss_axi_500/synth/pcie_ss.sdc Line: 608
    Info (332050): set_multicycle_path -hold 1 -from ${pcie_ss_inst}|gen_ptile.u_ptile|intel_pcie_ptile_ast_qhip|inst|inst|maib_and_tile|hdpldadapt_rx_chnl_8~pld_rx_clk1_dcm.reg -to ${pcie_ss_inst}|EP_PFTILE_WRAPPER.gen_pciess.u_pciess_p0|u_pciess|gen_sub.u_hipif|u_pciess_cfg_if|u_pm_dstate_sync|req_wr_clk File: /home/uwb_student00/ahls/new_BSP/qualification/emif-hold-objective-01/plan-diagnostic02/scratch/ipss/pcie/qip/pcie_ss/intel_pcie_ss_axi_500/synth/pcie_ss.sdc Line: 608
Warning (332049): Ignored set_multicycle_path at pcie_ss.sdc(608): Argument -to is not an object ID. File: /home/uwb_student00/ahls/new_BSP/qualification/emif-hold-objective-01/plan-diagnostic02/scratch/ipss/pcie/qip/pcie_ss/intel_pcie_ss_axi_500/synth/pcie_ss.sdc Line: 608
Info (18794): Reading SDC File: '../../../../ipss/ia840f/bwbmc/bw_840_support/altera_reset_controller_1924/synth/altera_reset_controller.sdc' for instance: 'afu_top|sr_afu.fim_afu_instances|afu_gen[0].bwbmc_gen.bwbmc_wrapper|bw_840_support|bmc_spi_sub_0|rst_controller'
Info (18794): Reading SDC File: '../../../../ipss/ia840f/bwbmc/bw_840_support/altera_reset_controller_1924/synth/altera_reset_controller.sdc' for instance: 'afu_top|sr_afu.fim_afu_instances|afu_gen[0].bwbmc_gen.bwbmc_wrapper|bw_840_support|bmc_spi_sub_0|rst_controller_001'
Info (18794): Reading SDC File: '../../../../ipss/ia840f/bwbmc/bw_840_support/altera_reset_controller_1924/synth/altera_reset_controller.sdc' for instance: 'afu_top|sr_afu.fim_afu_instances|afu_gen[0].bwbmc_gen.bwbmc_wrapper|bw_840_support|bmc_spi_sub_0|rst_controller_002'
Info (18794): Reading SDC File: '../../../../ipss/ia840f/bwbmc/bw_840_support/altera_reset_controller_1924/synth/altera_reset_controller.sdc' for instance: 'afu_top|sr_afu.fim_afu_instances|afu_gen[0].bwbmc_gen.bwbmc_wrapper|bw_840_support|rst_controller'
Info (18794): Reading SDC File: '../../../../ipss/ia840f/bwbmc/bw_840_support/altera_reset_controller_1924/synth/altera_reset_controller.sdc' for instance: 'afu_top|pg_afu.port_gasket|remote_stp_top|do_stp.remote_debug_jtag_only|jop_blaster|jop_blaster|rst_controller'
Info (18794): Reading SDC File: '../../../../ipss/ia840f/bwbmc/bw_840_support/altera_reset_controller_1924/synth/altera_reset_controller.sdc' for instance: 'afu_top|pg_afu.port_gasket|remote_stp_top|do_stp.remote_debug_jtag_only|jop_blaster|jop_blaster|rst_controller_001'
Info (18794): Reading SDC File: '../../../../ipss/ia840f/bwbmc/bw_840_support/altera_reset_controller_1924/synth/altera_reset_controller.sdc' for instance: 'afu_top|pg_afu.port_gasket|remote_stp_top|do_stp.remote_debug_jtag_only|jop_blaster|jop_blaster|rst_controller_002'
Info (18794): Reading SDC File: '../../../../ipss/ia840f/bwbmc/bw_840_support/altera_reset_controller_1924/synth/altera_reset_controller.sdc' for instance: 'afu_top|pg_afu.port_gasket|remote_stp_top|do_stp.remote_debug_jtag_only|rst_controller'
Info (18794): Reading SDC File: '../../../../ipss/ia840f/bwbmc/bw_840_support/altera_reset_controller_1924/synth/altera_reset_controller.sdc' for instance: 'afu_top|pg_afu.port_gasket|remote_stp_top|do_stp.remote_debug_jtag_only|rst_controller_001'
Info (18794): Reading SDC File: '../../../../ipss/ia840f/bwbmc/bw_840_support/altera_reset_controller_1924/synth/altera_reset_controller.sdc' for instance: 'afu_top|pg_afu.port_gasket|remote_stp_top|do_stp.remote_debug_jtag_only|rst_controller_002'
Info (18794): Reading SDC File: '../../../../ipss/ia840f/bwbmc/bw_840_support/altera_reset_controller_1924/synth/altera_reset_controller.sdc' for instance: 'local_mem_wrapper|mem_ss_top|mem_ss_sv|mem_ss|mem_ss|rst_controller'
Info (18794): Reading SDC File: '../../../../ipss/ia840f/bwbmc/bw_840_support/altera_reset_controller_1924/synth/altera_reset_controller.sdc' for instance: 'local_mem_wrapper|mem_ss_top|mem_ss_sv|mem_ss|mem_ss|rst_controller_001'
Info (18794): Reading SDC File: '../../../../ipss/ia840f/bwbmc/bmc_spi_sub/altera_reset_controller_1924/synth/altera_reset_controller.sdc' for instance: 'afu_top|sr_afu.fim_afu_instances|afu_gen[0].bwbmc_gen.bwbmc_wrapper|bw_840_support|bmc_spi_sub_0|rst_controller'
Info (18794): Reading SDC File: '../../../../ipss/ia840f/bwbmc/bmc_spi_sub/altera_reset_controller_1924/synth/altera_reset_controller.sdc' for instance: 'afu_top|sr_afu.fim_afu_instances|afu_gen[0].bwbmc_gen.bwbmc_wrapper|bw_840_support|bmc_spi_sub_0|rst_controller_001'
Info (18794): Reading SDC File: '../../../../ipss/ia840f/bwbmc/bmc_spi_sub/altera_reset_controller_1924/synth/altera_reset_controller.sdc' for instance: 'afu_top|sr_afu.fim_afu_instances|afu_gen[0].bwbmc_gen.bwbmc_wrapper|bw_840_support|bmc_spi_sub_0|rst_controller_002'
Info (18794): Reading SDC File: '../../../../ipss/ia840f/bwbmc/bmc_spi_sub/altera_reset_controller_1924/synth/altera_reset_controller.sdc' for instance: 'afu_top|sr_afu.fim_afu_instances|afu_gen[0].bwbmc_gen.bwbmc_wrapper|bw_840_support|rst_controller'
Info (18794): Reading SDC File: '../../../../ipss/ia840f/bwbmc/bmc_spi_sub/altera_reset_controller_1924/synth/altera_reset_controller.sdc' for instance: 'afu_top|pg_afu.port_gasket|remote_stp_top|do_stp.remote_debug_jtag_only|jop_blaster|jop_blaster|rst_controller'
Info (18794): Reading SDC File: '../../../../ipss/ia840f/bwbmc/bmc_spi_sub/altera_reset_controller_1924/synth/altera_reset_controller.sdc' for instance: 'afu_top|pg_afu.port_gasket|remote_stp_top|do_stp.remote_debug_jtag_only|jop_blaster|jop_blaster|rst_controller_001'
Info (18794): Reading SDC File: '../../../../ipss/ia840f/bwbmc/bmc_spi_sub/altera_reset_controller_1924/synth/altera_reset_controller.sdc' for instance: 'afu_top|pg_afu.port_gasket|remote_stp_top|do_stp.remote_debug_jtag_only|jop_blaster|jop_blaster|rst_controller_002'
Info (18794): Reading SDC File: '../../../../ipss/ia840f/bwbmc/bmc_spi_sub/altera_reset_controller_1924/synth/altera_reset_controller.sdc' for instance: 'afu_top|pg_afu.port_gasket|remote_stp_top|do_stp.remote_debug_jtag_only|rst_controller'
Info (18794): Reading SDC File: '../../../../ipss/ia840f/bwbmc/bmc_spi_sub/altera_reset_controller_1924/synth/altera_reset_controller.sdc' for instance: 'afu_top|pg_afu.port_gasket|remote_stp_top|do_stp.remote_debug_jtag_only|rst_controller_001'
Info (18794): Reading SDC File: '../../../../ipss/ia840f/bwbmc/bmc_spi_sub/altera_reset_controller_1924/synth/altera_reset_controller.sdc' for instance: 'afu_top|pg_afu.port_gasket|remote_stp_top|do_stp.remote_debug_jtag_only|rst_controller_002'
Info (18794): Reading SDC File: '../../../../ipss/ia840f/bwbmc/bmc_spi_sub/altera_reset_controller_1924/synth/altera_reset_controller.sdc' for instance: 'local_mem_wrapper|mem_ss_top|mem_ss_sv|mem_ss|mem_ss|rst_controller'
Info (18794): Reading SDC File: '../../../../ipss/ia840f/bwbmc/bmc_spi_sub/altera_reset_controller_1924/synth/altera_reset_controller.sdc' for instance: 'local_mem_wrapper|mem_ss_top|mem_ss_sv|mem_ss|mem_ss|rst_controller_001'
Info (332104): Reading SDC File: '../../../../ipss/ia840f/bwbmc/ip/bmc_spi_sub/bmc_spi_to_avmm/spi_slave_to_avalon_mm_master_bridge_2000/synth/spiphyslave.sdc'
Info (332104): Reading SDC File: '../../../../ofs-common/src/common/mem_tg/tg_axi_mem/mem_ss_tg/mem_ss_tg_axi_100/src/mem_ss_tg_axi.sdc'
Info (332104): Reading SDC File: '../../../shared_config/setup_user_clock_for_pr.sdc'
Info: Applying high frequency constraint to FIM user clock during quartus_fit.
Warning (332054): Assignment create_generated_clock is accepted but has some problems at user_clock_defs.tcl(29): Overwriting existing clock: afu_top|pg_afu.port_gasket|user_clock|qph_user_clk|pll.qph_user_clk_iopll|iopll_0_outclk0 File: /home/uwb_student00/ahls/new_BSP/qualification/emif-hold-objective-01/plan-diagnostic02/scratch/syn/board/ia840f/syn_top/ofs_partial_reconfig/user_clock_defs.tcl Line: 29
    Info (332050): create_generated_clock -name {afu_top|pg_afu.port_gasket|user_clock|qph_user_clk|pll.qph_user_clk_iopll|iopll_0_outclk0} -source [get_registers {afu_top|pg_afu.port_gasket|user_clock|qph_user_clk|pll.qph_user_clk_iopll|iopll_0|tennm_pll~ncntr_reg}] -multiply_by ${mult_high} -divide_by 1000 -master_clock {afu_top|pg_afu.port_gasket|user_clock|qph_user_clk|pll.qph_user_clk_iopll|iopll_0_n_cnt_clk} [get_pins {afu_top|pg_afu.port_gasket|user_clock|qph_user_clk|pll.qph_user_clk_iopll|iopll_0|tennm_pll|outclk[1]}] File: /home/uwb_student00/ahls/new_BSP/qualification/emif-hold-objective-01/plan-diagnostic02/scratch/syn/board/ia840f/syn_top/ofs_partial_reconfig/user_clock_defs.tcl Line: 29
Warning (332054): Assignment create_generated_clock is accepted but has some problems at user_clock_defs.tcl(35): Overwriting existing clock: afu_top|pg_afu.port_gasket|user_clock|qph_user_clk|pll.qph_user_clk_iopll|iopll_0_outclk1 File: /home/uwb_student00/ahls/new_BSP/qualification/emif-hold-objective-01/plan-diagnostic02/scratch/syn/board/ia840f/syn_top/ofs_partial_reconfig/user_clock_defs.tcl Line: 35
    Info (332050): create_generated_clock -name {afu_top|pg_afu.port_gasket|user_clock|qph_user_clk|pll.qph_user_clk_iopll|iopll_0_outclk1} -source [get_registers {afu_top|pg_afu.port_gasket|user_clock|qph_user_clk|pll.qph_user_clk_iopll|iopll_0|tennm_pll~ncntr_reg}] -multiply_by ${mult_low} -divide_by 1000 -master_clock {afu_top|pg_afu.port_gasket|user_clock|qph_user_clk|pll.qph_user_clk_iopll|iopll_0_n_cnt_clk} [get_pins {afu_top|pg_afu.port_gasket|user_clock|qph_user_clk|pll.qph_user_clk_iopll|iopll_0|tennm_pll|outclk[2]}] File: /home/uwb_student00/ahls/new_BSP/qualification/emif-hold-objective-01/plan-diagnostic02/scratch/syn/board/ia840f/syn_top/ofs_partial_reconfig/user_clock_defs.tcl Line: 35
Info (18794): Reading SDC File: '../../../../ipss/mem/qip/mem_ss/mem_ss/mem_ss_mem_ss_501_qm5zaka/synth/mem_ss_mem_ss_501_qm5zaka/altera_reset_controller_1924/synth/altera_reset_controller.sdc' for instance: 'afu_top|sr_afu.fim_afu_instances|afu_gen[0].bwbmc_gen.bwbmc_wrapper|bw_840_support|bmc_spi_sub_0|rst_controller'
Info (18794): Reading SDC File: '../../../../ipss/mem/qip/mem_ss/mem_ss/mem_ss_mem_ss_501_qm5zaka/synth/mem_ss_mem_ss_501_qm5zaka/altera_reset_controller_1924/synth/altera_reset_controller.sdc' for instance: 'afu_top|sr_afu.fim_afu_instances|afu_gen[0].bwbmc_gen.bwbmc_wrapper|bw_840_support|bmc_spi_sub_0|rst_controller_001'
Info (18794): Reading SDC File: '../../../../ipss/mem/qip/mem_ss/mem_ss/mem_ss_mem_ss_501_qm5zaka/synth/mem_ss_mem_ss_501_qm5zaka/altera_reset_controller_1924/synth/altera_reset_controller.sdc' for instance: 'afu_top|sr_afu.fim_afu_instances|afu_gen[0].bwbmc_gen.bwbmc_wrapper|bw_840_support|bmc_spi_sub_0|rst_controller_002'
Info (18794): Reading SDC File: '../../../../ipss/mem/qip/mem_ss/mem_ss/mem_ss_mem_ss_501_qm5zaka/synth/mem_ss_mem_ss_501_qm5zaka/altera_reset_controller_1924/synth/altera_reset_controller.sdc' for instance: 'afu_top|sr_afu.fim_afu_instances|afu_gen[0].bwbmc_gen.bwbmc_wrapper|bw_840_support|rst_controller'
Info (18794): Reading SDC File: '../../../../ipss/mem/qip/mem_ss/mem_ss/mem_ss_mem_ss_501_qm5zaka/synth/mem_ss_mem_ss_501_qm5zaka/altera_reset_controller_1924/synth/altera_reset_controller.sdc' for instance: 'afu_top|pg_afu.port_gasket|remote_stp_top|do_stp.remote_debug_jtag_only|jop_blaster|jop_blaster|rst_controller'
Info (18794): Reading SDC File: '../../../../ipss/mem/qip/mem_ss/mem_ss/mem_ss_mem_ss_501_qm5zaka/synth/mem_ss_mem_ss_501_qm5zaka/altera_reset_controller_1924/synth/altera_reset_controller.sdc' for instance: 'afu_top|pg_afu.port_gasket|remote_stp_top|do_stp.remote_debug_jtag_only|jop_blaster|jop_blaster|rst_controller_001'
Info (18794): Reading SDC File: '../../../../ipss/mem/qip/mem_ss/mem_ss/mem_ss_mem_ss_501_qm5zaka/synth/mem_ss_mem_ss_501_qm5zaka/altera_reset_controller_1924/synth/altera_reset_controller.sdc' for instance: 'afu_top|pg_afu.port_gasket|remote_stp_top|do_stp.remote_debug_jtag_only|jop_blaster|jop_blaster|rst_controller_002'
Info (18794): Reading SDC File: '../../../../ipss/mem/qip/mem_ss/mem_ss/mem_ss_mem_ss_501_qm5zaka/synth/mem_ss_mem_ss_501_qm5zaka/altera_reset_controller_1924/synth/altera_reset_controller.sdc' for instance: 'afu_top|pg_afu.port_gasket|remote_stp_top|do_stp.remote_debug_jtag_only|rst_controller'
Info (18794): Reading SDC File: '../../../../ipss/mem/qip/mem_ss/mem_ss/mem_ss_mem_ss_501_qm5zaka/synth/mem_ss_mem_ss_501_qm5zaka/altera_reset_controller_1924/synth/altera_reset_controller.sdc' for instance: 'afu_top|pg_afu.port_gasket|remote_stp_top|do_stp.remote_debug_jtag_only|rst_controller_001'
Info (18794): Reading SDC File: '../../../../ipss/mem/qip/mem_ss/mem_ss/mem_ss_mem_ss_501_qm5zaka/synth/mem_ss_mem_ss_501_qm5zaka/altera_reset_controller_1924/synth/altera_reset_controller.sdc' for instance: 'afu_top|pg_afu.port_gasket|remote_stp_top|do_stp.remote_debug_jtag_only|rst_controller_002'
Info (18794): Reading SDC File: '../../../../ipss/mem/qip/mem_ss/mem_ss/mem_ss_mem_ss_501_qm5zaka/synth/mem_ss_mem_ss_501_qm5zaka/altera_reset_controller_1924/synth/altera_reset_controller.sdc' for instance: 'local_mem_wrapper|mem_ss_top|mem_ss_sv|mem_ss|mem_ss|rst_controller'
Info (18794): Reading SDC File: '../../../../ipss/mem/qip/mem_ss/mem_ss/mem_ss_mem_ss_501_qm5zaka/synth/mem_ss_mem_ss_501_qm5zaka/altera_reset_controller_1924/synth/altera_reset_controller.sdc' for instance: 'local_mem_wrapper|mem_ss_top|mem_ss_sv|mem_ss|mem_ss|rst_controller_001'
Info (18794): Reading SDC File: '../../../../ipss/mem/qip/mem_ss/mem_ss/mem_ss_mem_ss_501_qm5zaka/synth/ip/mem_ss_mem_ss_501_qm5zaka/mem_ss_mem_ss_501_qm5zaka_msa_1/mem_ss_msa_105/synth/mem_ss_msa.sdc' for instance: 'local_mem_wrapper|mem_ss_top|mem_ss_sv|mem_ss|mem_ss|msa_0|msa_0'
Info (18794): Reading SDC File: '../../../../ipss/mem/qip/mem_ss/mem_ss/mem_ss_mem_ss_501_qm5zaka/synth/ip/mem_ss_mem_ss_501_qm5zaka/mem_ss_mem_ss_501_qm5zaka_msa_1/mem_ss_msa_105/synth/mem_ss_msa.sdc' for instance: 'local_mem_wrapper|mem_ss_top|mem_ss_sv|mem_ss|mem_ss|msa_1|msa_1'
Info (18794): Reading SDC File: '../../../../ipss/mem/qip/mem_ss/mem_ss/mem_ss_mem_ss_501_qm5zaka/synth/ip/mem_ss_mem_ss_501_qm5zaka/mem_ss_mem_ss_501_qm5zaka_msa_0/mem_ss_msa_105/synth/mem_ss_msa.sdc' for instance: 'local_mem_wrapper|mem_ss_top|mem_ss_sv|mem_ss|mem_ss|msa_0|msa_0'
Info (18794): Reading SDC File: '../../../../ipss/mem/qip/mem_ss/mem_ss/mem_ss_mem_ss_501_qm5zaka/synth/ip/mem_ss_mem_ss_501_qm5zaka/mem_ss_mem_ss_501_qm5zaka_msa_0/mem_ss_msa_105/synth/mem_ss_msa.sdc' for instance: 'local_mem_wrapper|mem_ss_top|mem_ss_sv|mem_ss|mem_ss|msa_1|msa_1'
Info (18794): Reading SDC File: '../../../../ipss/mem/qip/mem_ss/mem_ss/mem_ss_mem_ss_501_qm5zaka/synth/ip/mem_ss_mem_ss_501_qm5zaka/mem_ss_mem_ss_501_qm5zaka_mem_reset_ctrl/mem_ss_reset_ctrl_201/synth/mem_ss_reset_ctrl.sdc' for instance: 'local_mem_wrapper|mem_ss_top|mem_ss_sv|mem_ss|mem_ss|mem_reset_ctrl|mem_reset_ctrl'
Info (332104): Reading SDC File: '../../../../ipss/mem/qip/mem_ss/mem_ss/mem_ss_mem_ss_501_qm5zaka/synth/ip/mem_ss_mem_ss_501_qm5zaka/mem_ss_mem_ss_501_qm5zaka_emif_1/altera_emif_arch_fm_191/synth/mem_ss_mem_ss_501_qm5zaka_emif_1_altera_emif_arch_fm_191_ym4dzra.sdc'
Info (332151): Clock uncertainty is not calculated until you update the timing netlist.
Info: EMIF1_HOLD_ISSUED app quartus_fit from local_mem_wrapper|mem_ss_top|mem_ss_sv|mem_ss|mem_ss|emif_1|emif_1_core_usr_clk to local_mem_wrapper|mem_ss_top|mem_ss_sv|mem_ss|mem_ss|emif_1|emif_1_phy_clk_l_0 phy_index 0 same_tile_index 0 add_mode -add C2P_HOLD_OC_NS 0.000 issued_ns 0.0 multi_tile_base 0.366 periphery_uncertainty {0.0 0.0 0.0 0.0} overconstraints_st {0.000 0.000 0.000 0.000} overconstraints_mt {0.0 0.0 0.0 0.0} from_count 1 to_count 1
Error (19104): "/home/uwb_student00/ahls/new_BSP/qualification/emif-hold-objective-01/plan-diagnostic02/diagnostic.tcl" cannot be found in the Quartus Prime project database files. Ensure that the missing source file is listed as an SDC_ENTITY_FILE or TCL_ENTITY_FILE assignment in the Quartus Settings File (.qsf).
Error (332000): couldn't read file "/home/uwb_student00/ahls/new_BSP/qualification/emif-hold-objective-01/plan-diagnostic02/diagnostic.tcl": invalid argument
    while executing
"source {/home/uwb_student00/ahls/new_BSP/qualification/emif-hold-objective-01/plan-diagnostic02/diagnostic.tcl}"
    ("foreach" body line 34)
    invoked from within
"foreach { phy_clock } $pins(pll_phy_clock_l) {
               
               if {$i_phy_clock != $same_tile_index} {
                  # C2P/P2C wher..."
    ("foreach" body line 13)
    invoked from within
"foreach core_clock $core_clocks {
         if {$core_clock != ""} {

            set local_core_clock [lindex $core_clocks_local $i_core_clock]
      ..."
    ("foreach" body line 743)
    invoked from within
"foreach { inst } $instances {
   if { [ info exists pins ] } {
      unset pins
   }
   array set pins $mem_ss_mem_ss_501_qm5zaka_emif_1_altera_emif_a..."
    (file "../../../../ipss/mem/qip/mem_ss/mem_ss/mem_ss_mem_ss_501_qm5zaka/synth/ip/mem_ss_mem_ss_501_qm5zaka/mem_ss_mem_ss_501_qm5zaka_emif_1/altera_emif_arch_..." line 140)
Critical Warning (332008): Read_sdc failed due to errors in the SDC file
Info (19449): Reading SDC files elapsed 00:00:02.
Warning (332060): Node: ddr4_mem_ref_clk[0].clk was determined to be a clock but was found without an associated clock assignment.
    Info (13166): Register local_mem_wrapper|mem_ss_top|mem_ss_sv|mem_ss|mem_ss|emif_0|emif_0|arch|arch_inst|oct_inst|term_inst~fifo_ptr_reg8_0__nff is being clocked by ddr4_mem_ref_clk[0].clk
Warning (332060): Node: local_mem_wrapper|mem_ss_top|mem_ss_sv|mem_ss|mem_ss|emif_0|emif_0|arch|arch_inst|pll_inst|pll_inst~c1cntr_reg was determined to be a clock but was found without an associated clock assignment.
    Info (13166): Register local_mem_wrapper|mem_ss_top|mem_ss_sv|mem_ss|mem_ss|emif_0|emif_0|arch|arch_inst|io_tiles_wrap_inst|io_tiles_inst|tile_gen[1].tile_ctrl_inst~hmc_reg0 is being clocked by local_mem_wrapper|mem_ss_top|mem_ss_sv|mem_ss|mem_ss|emif_0|emif_0|arch|arch_inst|pll_inst|pll_inst~c1cntr_reg
Warning (332060): Node: local_mem_wrapper|mem_ss_top|mem_ss_sv|mem_ss|mem_ss|emif_0|emif_0|arch|arch_inst|pll_inst|pll_inst~c0cntr_reg was determined to be a clock but was found without an associated clock assignment.
    Info (13166): Register local_mem_wrapper|mem_ss_top|mem_ss_sv|mem_ss|mem_ss|emif_0|emif_0|arch|arch_inst|io_tiles_wrap_inst|io_tiles_inst|tile_gen[1].tile_ctrl_inst~hmc_reg1 is being clocked by local_mem_wrapper|mem_ss_top|mem_ss_sv|mem_ss|mem_ss|emif_0|emif_0|arch|arch_inst|pll_inst|pll_inst~c0cntr_reg
Warning (332060): Node: local_mem_wrapper|mem_ss_top|mem_ss_sv|mem_ss|mem_ss|emif_0|emif_0|arch|arch_inst|pll_inst|pll_inst~_Duplicate~c1cntr_reg was determined to be a clock but was found without an associated clock assignment.
    Info (13166): Register local_mem_wrapper|mem_ss_top|mem_ss_sv|mem_ss|mem_ss|emif_0|emif_0|arch|arch_inst|io_tiles_wrap_inst|io_tiles_inst|tile_gen[1].lane_gen[3].lane_inst|lane_inst~min_pulse3 is being clocked by local_mem_wrapper|mem_ss_top|mem_ss_sv|mem_ss|mem_ss|emif_0|emif_0|arch|arch_inst|pll_inst|pll_inst~_Duplicate~c1cntr_reg
Warning (332060): Node: ddr4_mem[0].dqs[4] was determined to be a clock but was found without an associated clock assignment.
    Info (13166): Register local_mem_wrapper|mem_ss_top|mem_ss_sv|mem_ss|mem_ss|emif_0|emif_0|arch|arch_inst|io_tiles_wrap_inst|io_tiles_inst|tile_gen[1].lane_gen[3].lane_inst|lane_inst~low_dff_a is being clocked by ddr4_mem[0].dqs[4]
Warning (332060): Node: local_mem_wrapper|mem_ss_top|mem_ss_sv|mem_ss|mem_ss|emif_0|emif_0|arch|arch_inst|pll_inst|pll_inst~_Duplicate_1~c1cntr_reg was determined to be a clock but was found without an associated clock assignment.
    Info (13166): Register local_mem_wrapper|mem_ss_top|mem_ss_sv|mem_ss|mem_ss|emif_0|emif_0|arch|arch_inst|io_tiles_wrap_inst|io_tiles_inst|tile_gen[0].lane_gen[3].lane_inst|lane_inst~min_pulse2 is being clocked by local_mem_wrapper|mem_ss_top|mem_ss_sv|mem_ss|mem_ss|emif_0|emif_0|arch|arch_inst|pll_inst|pll_inst~_Duplicate_1~c1cntr_reg
Warning (332060): Node: ddr4_mem[0].dqs[3] was determined to be a clock but was found without an associated clock assignment.
    Info (13166): Register local_mem_wrapper|mem_ss_top|mem_ss_sv|mem_ss|mem_ss|emif_0|emif_0|arch|arch_inst|io_tiles_wrap_inst|io_tiles_inst|tile_gen[0].lane_gen[3].lane_inst|lane_inst~low_dff_a is being clocked by ddr4_mem[0].dqs[3]
Warning (332060): Node: pcie_wrapper|pcie_ss.top|host_pcie.pcie_ss|pcie_ss|EP_PFTILE_WRAPPER.gen_pciess.u_pciess_p0|u_pciess|gen_sub.u_hipif|u_pciess_clock_divider|clkdiv_inst~div_reg was determined to be a clock but was found without an associated clock assignment.
    Info (13166): Register pcie_wrapper|pcie_ss.top|host_pcie.pcie_ss|pcie_ss|gen_ptile.u_ptile|intel_pcie_ptile_ast_qhip|inst|inst|maib_and_tile|avmm2_3~maib_ss_lib/x0/u5_2/pld_avmm2_clk_rowclk.reg is being clocked by pcie_wrapper|pcie_ss.top|host_pcie.pcie_ss|pcie_ss|EP_PFTILE_WRAPPER.gen_pciess.u_pciess_p0|u_pciess|gen_sub.u_hipif|u_pciess_clock_divider|clkdiv_inst~div_reg
Warning (332060): Node: ddr4_mem[0].dqs[1] was determined to be a clock but was found without an associated clock assignment.
    Info (13166): Register local_mem_wrapper|mem_ss_top|mem_ss_sv|mem_ss|mem_ss|emif_0|emif_0|arch|arch_inst|io_tiles_wrap_inst|io_tiles_inst|tile_gen[0].lane_gen[1].lane_inst|lane_inst~low_dff_a is being clocked by ddr4_mem[0].dqs[1]
Warning (332060): Node: ddr4_mem[0].dqs[2] was determined to be a clock but was found without an associated clock assignment.
    Info (13166): Register local_mem_wrapper|mem_ss_top|mem_ss_sv|mem_ss|mem_ss|emif_0|emif_0|arch|arch_inst|io_tiles_wrap_inst|io_tiles_inst|tile_gen[0].lane_gen[2].lane_inst|lane_inst~low_dff_a is being clocked by ddr4_mem[0].dqs[2]
Warning (332060): Node: ddr4_mem[0].dqs[6] was determined to be a clock but was found without an associated clock assignment.
    Info (13166): Register local_mem_wrapper|mem_ss_top|mem_ss_sv|mem_ss|mem_ss|emif_0|emif_0|arch|arch_inst|io_tiles_wrap_inst|io_tiles_inst|tile_gen[2].lane_gen[1].lane_inst|lane_inst~low_dff_a is being clocked by ddr4_mem[0].dqs[6]
Warning (332060): Node: ddr4_mem[0].dqs[7] was determined to be a clock but was found without an associated clock assignment.
    Info (13166): Register local_mem_wrapper|mem_ss_top|mem_ss_sv|mem_ss|mem_ss|emif_0|emif_0|arch|arch_inst|io_tiles_wrap_inst|io_tiles_inst|tile_gen[2].lane_gen[2].lane_inst|lane_inst~low_dff_a is being clocked by ddr4_mem[0].dqs[7]
Warning (332060): Node: ddr4_mem[0].dqs[0] was determined to be a clock but was found without an associated clock assignment.
    Info (13166): Register local_mem_wrapper|mem_ss_top|mem_ss_sv|mem_ss|mem_ss|emif_0|emif_0|arch|arch_inst|io_tiles_wrap_inst|io_tiles_inst|tile_gen[0].lane_gen[0].lane_inst|lane_inst~low_dff_a is being clocked by ddr4_mem[0].dqs[0]
Warning (332060): Node: ddr4_mem[0].dqs[5] was determined to be a clock but was found without an associated clock assignment.
    Info (13166): Register local_mem_wrapper|mem_ss_top|mem_ss_sv|mem_ss|mem_ss|emif_0|emif_0|arch|arch_inst|io_tiles_wrap_inst|io_tiles_inst|tile_gen[2].lane_gen[0].lane_inst|lane_inst~low_dff_a is being clocked by ddr4_mem[0].dqs[5]
Warning (332060): Node: altera_reserved_tck was determined to be a clock but was found without an associated clock assignment.
    Info (13166): Register fme_top|fme_csr|fme_id_rom|rom_1port_0|intel_mce_component|intel_mce_inst|sld_mod_ram_rom_inst|adapter_for_s10_and_beyond.sld_adapter|dc_fifo_out|auto_generated|fifo_altera_syncram|altera_syncram_impl5|ram_block6a0~reg1 is being clocked by altera_reserved_tck
Warning (332060): Node: bwbmc_fpga_max_sclk was determined to be a clock but was found without an associated clock assignment.
    Info (13166): Register afu_top|sr_afu.fim_afu_instances|afu_gen[0].bwbmc_gen.bwbmc_wrapper|bw_840_support|bmc_spi_sub_0|bmc_spi_to_avmm|bmc_spi_to_avmm|the_spislave_inst_for_spichain|the_SPIPhy|SPIPhy_MISOctl|rdshiftreg[7] is being clocked by bwbmc_fpga_max_sclk
Info (332123): Deriving Clock Uncertainty. Please refer to report_sdc in the Timing Analyzer to see clock uncertainties.
Info (332129): Detected timing requirements -- optimizing circuit to achieve only the specified requirements
Info (332111): Found 44 clocks
    Info (332111):   Period   Clock Name
    Info (332111): ======== ============
    Info (332111):  500.000 afu_top|pg_afu.port_gasket|user_clock|qph_user_clk|pll.qph_user_clk_iopll|iopll_0_m_cnt_clk
    Info (332111):   20.000 afu_top|pg_afu.port_gasket|user_clock|qph_user_clk|pll.qph_user_clk_iopll|iopll_0_n_cnt_clk
    Info (332111):    1.250 afu_top|pg_afu.port_gasket|user_clock|qph_user_clk|pll.qph_user_clk_iopll|iopll_0_outclk0
    Info (332111):    1.250 afu_top|pg_afu.port_gasket|user_clock|qph_user_clk|pll.qph_user_clk_iopll|iopll_0_outclk1
    Info (332111):    0.750 ddr4_mem[1].dqs[0]_IN
    Info (332111):    0.750 ddr4_mem[1].dqs[1]_IN
    Info (332111):    0.750 ddr4_mem[1].dqs[2]_IN
    Info (332111):    0.750 ddr4_mem[1].dqs[3]_IN
    Info (332111):    0.750 ddr4_mem[1].dqs[4]_IN
    Info (332111):    0.750 ddr4_mem[1].dqs[5]_IN
    Info (332111):    0.750 ddr4_mem[1].dqs[6]_IN
    Info (332111):    0.750 ddr4_mem[1].dqs[7]_IN
    Info (332111):    3.000 local_mem_wrapper|mem_ss_top|mem_ss_sv|mem_ss|mem_ss|emif_1|emif_1_core_usr_clk
    Info (332111):    1.500 local_mem_wrapper|mem_ss_top|mem_ss_sv|mem_ss|mem_ss|emif_1|emif_1_phy_clk_0
    Info (332111):    1.500 local_mem_wrapper|mem_ss_top|mem_ss_sv|mem_ss|mem_ss|emif_1|emif_1_phy_clk_1
    Info (332111):    1.500 local_mem_wrapper|mem_ss_top|mem_ss_sv|mem_ss|mem_ss|emif_1|emif_1_phy_clk_2
    Info (332111):    3.000 local_mem_wrapper|mem_ss_top|mem_ss_sv|mem_ss|mem_ss|emif_1|emif_1_phy_clk_l_0
    Info (332111):    3.000 local_mem_wrapper|mem_ss_top|mem_ss_sv|mem_ss|mem_ss|emif_1|emif_1_phy_clk_l_1
    Info (332111):    3.000 local_mem_wrapper|mem_ss_top|mem_ss_sv|mem_ss|mem_ss|emif_1|emif_1_phy_clk_l_2
    Info (332111):   30.000 local_mem_wrapper|mem_ss_top|mem_ss_sv|mem_ss|mem_ss|emif_1|emif_1_ref_clock
    Info (332111):    0.750 local_mem_wrapper|mem_ss_top|mem_ss_sv|mem_ss|mem_ss|emif_1|emif_1_vco_clk
    Info (332111):    0.750 local_mem_wrapper|mem_ss_top|mem_ss_sv|mem_ss|mem_ss|emif_1|emif_1_vco_clk_1
    Info (332111):    0.750 local_mem_wrapper|mem_ss_top|mem_ss_sv|mem_ss|mem_ss|emif_1|emif_1_vco_clk_2
    Info (332111):    0.750 local_mem_wrapper|mem_ss_top|mem_ss_sv|mem_ss|mem_ss|emif_1|emif_1_wf_clk_0
    Info (332111):    0.750 local_mem_wrapper|mem_ss_top|mem_ss_sv|mem_ss|mem_ss|emif_1|emif_1_wf_clk_1
    Info (332111):    0.750 local_mem_wrapper|mem_ss_top|mem_ss_sv|mem_ss|mem_ss|emif_1|emif_1_wf_clk_2
    Info (332111):    0.750 local_mem_wrapper|mem_ss_top|mem_ss_sv|mem_ss|mem_ss|emif_1|emif_1_wf_clk_3
    Info (332111):    0.750 local_mem_wrapper|mem_ss_top|mem_ss_sv|mem_ss|mem_ss|emif_1|emif_1_wf_clk_4
    Info (332111):    0.750 local_mem_wrapper|mem_ss_top|mem_ss_sv|mem_ss|mem_ss|emif_1|emif_1_wf_clk_5
    Info (332111):    0.750 local_mem_wrapper|mem_ss_top|mem_ss_sv|mem_ss|mem_ss|emif_1|emif_1_wf_clk_6
    Info (332111):    0.750 local_mem_wrapper|mem_ss_top|mem_ss_sv|mem_ss|mem_ss|emif_1|emif_1_wf_clk_7
    Info (332111):    0.750 local_mem_wrapper|mem_ss_top|mem_ss_sv|mem_ss|mem_ss|emif_1|emif_1_wf_clk_8
    Info (332111):    0.750 local_mem_wrapper|mem_ss_top|mem_ss_sv|mem_ss|mem_ss|emif_1|emif_1_wf_clk_9
    Info (332111):    0.750 local_mem_wrapper|mem_ss_top|mem_ss_sv|mem_ss|mem_ss|emif_1|emif_1_wf_clk_10
    Info (332111):    2.000 pcie_wrapper|pcie_ss.top|host_pcie.pcie_ss|pcie_ss|gen_ptile.u_ptile|intel_pcie_ptile_ast_qhip|inst|inst|maib_and_tile|rx_pcs_x2_clk|ch15
    Info (332111):    1.000 pcie_wrapper|pcie_ss.top|host_pcie.pcie_ss|pcie_ss|gen_ptile.u_ptile|intel_pcie_ptile_ast_qhip|inst|inst|maib_and_tile|rx_pma_parallel_clk|ch15
    Info (332111):    2.000 pcie_wrapper|pcie_ss.top|host_pcie.pcie_ss|pcie_ss|gen_ptile.u_ptile|intel_pcie_ptile_ast_qhip|inst|inst|maib_and_tile|xcvr_hip_native|rx_ch15
    Info (332111):    9.929 sys_pll|iopll_0_clk_100m
    Info (332111):    2.127 sys_pll|iopll_0_clk_sys
    Info (332111):    4.255 sys_pll|iopll_0_clk_sys_div2
    Info (332111):    8.510 sys_pll|iopll_0_clk_sys_div4
    Info (332111): 14100.000 sys_pll|iopll_0_m_cnt_clk
    Info (332111):  100.000 sys_pll|iopll_0_n_cnt_clk
    Info (332111):   10.000 sys_pll|iopll_0_refclk
Info (20274): Successfully committed planned database.
Error: ERROR: An error occurred during automatic periphery placement

Error: Quartus Prime Fitter was unsuccessful. 3 errors, 69 warnings
    Error: Peak virtual memory: 13274 megabytes
    Error: Processing ended: Tue Sep 22 13:01:25 2026
    Error: Elapsed time: 00:08:29
    Error: System process ID: 37561
Info (19538): Reading SDC files took 00:00:02 cumulatively in this process.
CONSTRAINT_SUPERVISION {"abort_reason": null, "final_live_pids": [], "native_rc": 3, "native_started": true, "supervision_errors": [], "termination_confirmed": true}
