Info: Generated by version: 26.1.1 build 130
Info: Starting: Create simulation model
Info: qsys-generate /home/uwb_student00/ahls/new_BSP/work_ia840f_fim_06/syn/board/ia840f/syn_top/../../../../ofs-common/src/fpga_family/agilex/sys_pll/sys_pll.ip --simulation=VERILOG --allow-mixed-language-simulation --simulator=MODELSIM --output-directory=/home/uwb_student00/ahls/new_BSP/work_ia840f_fim_06/ofs-common/src/fpga_family/agilex/sys_pll/sys_pll --family="Agilex 7" --part=AGFB027R25A2E2V
Warning: sys_pll.iopll_0: Able to implement PLL - Actual outclk frequency 1 differs from requested setting
Warning: sys_pll.iopll_0: Able to implement PLL - Actual outclk frequency 3 differs from requested setting
Warning: sys_pll.iopll_0: Able to implement PLL - Actual outclk frequency 4 differs from requested setting
Warning: sys_pll.iopll_0: Able to implement PLL - Actual outclk frequency 6 differs from requested setting
Info: sys_pll: "Transforming system: sys_pll"
Info: sys_pll: "Naming system components in system: sys_pll"
Info: sys_pll: "Processing generation queue"
Info: sys_pll: "Generating: sys_pll"
Info: sys_pll: "Generating: sys_pll_altera_iopll_2110_3lkpvti"
Info: sys_pll: Done "sys_pll" with 2 modules, 2 files
Info: Generating the following file(s) for MODELSIM simulator in /home/uwb_student00/ahls/new_BSP/work_ia840f_fim_06/ofs-common/src/fpga_family/agilex/sys_pll/sys_pll/sim/ directory:
Info: 	common/modelsim_files.tcl
Info: For information on how to simulate your IP, see the explanatory comments in the simulator-specific subdirectories under /home/uwb_student00/ahls/new_BSP/work_ia840f_fim_06/ofs-common/src/fpga_family/agilex/sys_pll/sys_pll/sim/.
Info: Regenerate these scripts whenever you make any change to any Quartus-generated IP in your project.
Info: Finished: Create simulation model
Info: Starting: Create simulation script
Info: sim-script-gen --system-file=/home/uwb_student00/ahls/new_BSP/work_ia840f_fim_06/syn/board/ia840f/syn_top/../../../../ofs-common/src/fpga_family/agilex/sys_pll/sys_pll.ip --simulator=MODELSIM --output-directory=/home/uwb_student00/ahls/new_BSP/work_ia840f_fim_06/ofs-common/src/fpga_family/agilex/sys_pll/sys_pll/sim/ --use-relative-paths=true --modelsim-flow=traditional
Info: Generating the following file(s) for MODELSIM simulator in /home/uwb_student00/ahls/new_BSP/work_ia840f_fim_06/ofs-common/src/fpga_family/agilex/sys_pll/sys_pll/sim/ directory:
Info: 	mentor/msim_setup.tcl
Info: 	mentor/run_msim_setup.tcl
Info: For information on how to simulate your IP, see the explanatory comments in the simulator-specific subdirectories under /home/uwb_student00/ahls/new_BSP/work_ia840f_fim_06/ofs-common/src/fpga_family/agilex/sys_pll/sys_pll/sim/.
Info: Regenerate these scripts whenever you make any change to any Quartus-generated IP in your project.
Info: Finished: Create simulation script
Info: 
Info: Starting: Create HDL design files for synthesis
Info: qsys-generate /home/uwb_student00/ahls/new_BSP/work_ia840f_fim_06/syn/board/ia840f/syn_top/../../../../ofs-common/src/fpga_family/agilex/sys_pll/sys_pll.ip --synthesis=VERILOG --output-directory=/home/uwb_student00/ahls/new_BSP/work_ia840f_fim_06/ofs-common/src/fpga_family/agilex/sys_pll/sys_pll --family="Agilex 7" --part=AGFB027R25A2E2V
Warning: sys_pll.iopll_0: Able to implement PLL - Actual outclk frequency 1 differs from requested setting
Warning: sys_pll.iopll_0: Able to implement PLL - Actual outclk frequency 3 differs from requested setting
Warning: sys_pll.iopll_0: Able to implement PLL - Actual outclk frequency 4 differs from requested setting
Warning: sys_pll.iopll_0: Able to implement PLL - Actual outclk frequency 6 differs from requested setting
Info: sys_pll: "Transforming system: sys_pll"
Info: sys_pll: "Naming system components in system: sys_pll"
Info: sys_pll: "Processing generation queue"
Info: sys_pll: "Generating: sys_pll"
Info: sys_pll: "Generating: sys_pll_altera_iopll_2110_3lkpvti"
Info: sys_pll: Done "sys_pll" with 2 modules, 7 files
Info: Finished: Create HDL design files for synthesis
