FILE syn/board/ia840f/syn_top/build_env_db.txt
# Build configuration written by build_fim.sh. This file is loaded
# into the Quartus project by config_env.tcl.

BUILD_ROOT_REL=../../../..
BITSTREAM_ID=05010202599ac052
BITSTREAM_MD=0000000002609181
BITSTREAM_INFO=0000000000000001
Q_REVISION=ofs_top
Q_PR_REVISION=ofs_pr_afu
Q_PR_PARTITION_NAME=green_region

FILE syn/board/ia840f/syn_top/ofs_ip_cfg_db/ip_gen_sv_wrapper_inc.tcl
##
## Generated by OFS script ofs_ip_cfg_db.tcl
##

# Search paths for include files generated by ip_gen_sv_wrapper.tcl
set_global_assignment -name SEARCH_PATH "../../../../ipss/pcie/qip/sv_wrapper"
set_global_assignment -name SYSTEMVERILOG_FILE "../../../../ipss/pcie/qip/sv_wrapper/pcie_ss_param_pkg.sv"
set_global_assignment -name SYSTEMVERILOG_FILE "../../../../ipss/pcie/qip/sv_wrapper/pcie_ss_sv.sv"
set_global_assignment -name SEARCH_PATH "../../../../ofs-common/src/fpga_family/agilex/sys_pll/sv_wrapper"
set_global_assignment -name SYSTEMVERILOG_FILE "../../../../ofs-common/src/fpga_family/agilex/sys_pll/sv_wrapper/sys_pll_param_pkg.sv"
set_global_assignment -name SYSTEMVERILOG_FILE "../../../../ofs-common/src/fpga_family/agilex/sys_pll/sv_wrapper/sys_pll_sv.sv"
set_global_assignment -name SEARCH_PATH "../../../../ipss/mem/qip/mem_ss/sv_wrapper"
set_global_assignment -name SYSTEMVERILOG_FILE "../../../../ipss/mem/qip/mem_ss/sv_wrapper/mem_ss_param_pkg.sv"
set_global_assignment -name SYSTEMVERILOG_FILE "../../../../ipss/mem/qip/mem_ss/sv_wrapper/mem_ss_sv.sv"

quartus_proj_dir /home/uwb_student00/ahls/new_BSP/work_ia840f_ipgen_04/syn/board/ia840f/syn_top
