Info: Generated by version: 26.1.1 build 130
Info: Starting: Create simulation model
Info: qsys-generate /home/uwb_student00/ahls/new_BSP/work_ia840f_fim_05/ofs-common/src/fpga_family/agilex/remote_stp/remote_debug_jtag_only.qsys --simulation=VERILOG --allow-mixed-language-simulation --simulator=MODELSIM --output-directory=/home/uwb_student00/ahls/new_BSP/work_ia840f_fim_05/ofs-common/src/fpga_family/agilex/remote_stp/remote_debug_jtag_only --family="Agilex 7" --part=AGFB027R25A2E2V
Progress: Loading remote_stp/remote_debug_jtag_only.qsys
Progress: Reading input file
Progress: Parameterizing module clock_in
Progress: Parameterizing module host_if
Progress: Parameterizing module jop_blaster
Progress: Parameterizing module reset_in
Progress: Parameterizing module sys_clk
Progress: Building connections
Progress: Parameterizing connections
Progress: Validating
Progress: Done reading input file
Component Instantiation Warning: remote_debug_jtag_only.clock_in: Project Setting information doesn't match IP Variant file. Double-click to open System Info tab.
Component Instantiation Warning: remote_debug_jtag_only.host_if: Project Setting information doesn't match IP Variant file. Double-click to open System Info tab.
Component Instantiation Warning: remote_debug_jtag_only.jop_blaster: Project Setting information doesn't match IP Variant file. Double-click to open System Info tab.
Component Instantiation Warning: remote_debug_jtag_only.jop_blaster: Warnings found in IP parameterization.
Component Instantiation Warning: remote_debug_jtag_only.reset_in: Project Setting information doesn't match IP Variant file. Double-click to open System Info tab.
Component Instantiation Warning: remote_debug_jtag_only.sys_clk: Project Setting information doesn't match IP Variant file. Double-click to open System Info tab.
Info: remote_debug_jtag_only: "Transforming system: remote_debug_jtag_only"
Info: Interconnect is inserted between master host_if.m0 and slave jop_blaster.avmm_s because the master is of type axi4 and the slave is of type avalon.
Info: Interconnect is inserted between master host_if.m0 and slave jop_blaster.avmm_s because they have different clock source.
Info: Inserting clock-crossing logic between cmd_demux.src0 and cmd_mux.sink0
Info: Inserting clock-crossing logic between cmd_demux_001.src0 and cmd_mux.sink1
Info: Inserting clock-crossing logic between rsp_demux.src0 and rsp_mux.sink0
Info: Inserting clock-crossing logic between rsp_demux.src1 and rsp_mux_001.sink0
Info: remote_debug_jtag_only: "Naming system components in system: remote_debug_jtag_only"
Info: remote_debug_jtag_only: "Processing generation queue"
Info: remote_debug_jtag_only: "Generating: remote_debug_jtag_only"
Info: remote_debug_jtag_only: "Generating: remote_debug_jtag_only_clock_in"
Info: remote_debug_jtag_only: "Generating: host_if"
Info: remote_debug_jtag_only: "Generating: jop_blaster"
Info: remote_debug_jtag_only: "Generating: remote_debug_jtag_only_reset_in"
Info: remote_debug_jtag_only: "Generating: sys_clk"
Info: remote_debug_jtag_only: "Generating: remote_debug_jtag_only_altera_mm_interconnect_1920_q72zq7a"
Info: remote_debug_jtag_only: "Generating: altera_reset_controller"
Info: remote_debug_jtag_only: "Generating: remote_debug_jtag_only_altera_merlin_axi_translator_1988_paug7vq"
Info: remote_debug_jtag_only: "Generating: remote_debug_jtag_only_altera_merlin_slave_translator_191_xg7rzxi"
Info: remote_debug_jtag_only: "Generating: remote_debug_jtag_only_altera_merlin_axi_master_ni_19121_xtaadti"
Info: remote_debug_jtag_only: "Generating: remote_debug_jtag_only_altera_merlin_slave_agent_1940_yiunjgi"
Info: remote_debug_jtag_only: "Generating: remote_debug_jtag_only_altera_avalon_sc_fifo_1932_22gxxgi"
Info: remote_debug_jtag_only: "Generating: remote_debug_jtag_only_altera_merlin_router_1921_32oo6ei"
Info: remote_debug_jtag_only: "Generating: remote_debug_jtag_only_altera_merlin_router_1921_bl7bwji"
Info: remote_debug_jtag_only: "Generating: remote_debug_jtag_only_altera_merlin_burst_adapter_1950_axayqyi"
Info: my_altera_avalon_st_pipeline_stage: "Generating: my_altera_avalon_st_pipeline_stage"
Info: remote_debug_jtag_only: "Generating: remote_debug_jtag_only_altera_merlin_demultiplexer_1921_qgsgkbq"
Info: remote_debug_jtag_only: "Generating: remote_debug_jtag_only_altera_merlin_multiplexer_1922_b26s6qy"
Info: remote_debug_jtag_only: "Generating: remote_debug_jtag_only_altera_merlin_demultiplexer_1921_2lauwnq"
Info: remote_debug_jtag_only: "Generating: remote_debug_jtag_only_altera_merlin_multiplexer_1922_hngpxfa"
Info: remote_debug_jtag_only: "Generating: remote_debug_jtag_only_hs_clk_xer_1941_6hwtrxy"
Info: remote_debug_jtag_only: "Generating: remote_debug_jtag_only_altera_merlin_burst_adapter_altera_avalon_st_pipeline_stage_1950_kfzpzni"
Info: remote_debug_jtag_only: "Generating: remote_debug_jtag_only_altera_avalon_st_pipeline_stage_1930_oiupeiq"
Info: remote_debug_jtag_only: Done "remote_debug_jtag_only" with 23 modules, 37 files
Info: Generating the following file(s) for MODELSIM simulator in /home/uwb_student00/ahls/new_BSP/work_ia840f_fim_05/ofs-common/src/fpga_family/agilex/remote_stp/remote_debug_jtag_only/sim/ directory:
Info: 	common/modelsim_files.tcl
Info: For information on how to simulate your IP, see the explanatory comments in the simulator-specific subdirectories under /home/uwb_student00/ahls/new_BSP/work_ia840f_fim_05/ofs-common/src/fpga_family/agilex/remote_stp/remote_debug_jtag_only/sim/.
Info: Regenerate these scripts whenever you make any change to any Quartus-generated IP in your project.
Info: Finished: Create simulation model
Info: Starting: Create simulation script
Info: sim-script-gen --system-file=/home/uwb_student00/ahls/new_BSP/work_ia840f_fim_05/ofs-common/src/fpga_family/agilex/remote_stp/remote_debug_jtag_only.qsys --simulator=MODELSIM --output-directory=/home/uwb_student00/ahls/new_BSP/work_ia840f_fim_05/ofs-common/src/fpga_family/agilex/remote_stp/remote_debug_jtag_only/sim/ --use-relative-paths=true --modelsim-flow=traditional
Info: Generating the following file(s) for MODELSIM simulator in /home/uwb_student00/ahls/new_BSP/work_ia840f_fim_05/ofs-common/src/fpga_family/agilex/remote_stp/remote_debug_jtag_only/sim/ directory:
Info: 	mentor/msim_setup.tcl
Info: 	mentor/run_msim_setup.tcl
Info: For information on how to simulate your IP, see the explanatory comments in the simulator-specific subdirectories under /home/uwb_student00/ahls/new_BSP/work_ia840f_fim_05/ofs-common/src/fpga_family/agilex/remote_stp/remote_debug_jtag_only/sim/.
Info: Regenerate these scripts whenever you make any change to any Quartus-generated IP in your project.
Info: Finished: Create simulation script
Info: 
Info: Starting: Create HDL design files for synthesis
Info: qsys-generate /home/uwb_student00/ahls/new_BSP/work_ia840f_fim_05/ofs-common/src/fpga_family/agilex/remote_stp/remote_debug_jtag_only.qsys --synthesis=VERILOG --output-directory=/home/uwb_student00/ahls/new_BSP/work_ia840f_fim_05/ofs-common/src/fpga_family/agilex/remote_stp/remote_debug_jtag_only --family="Agilex 7" --part=AGFB027R25A2E2V
Progress: Loading remote_stp/remote_debug_jtag_only.qsys
Progress: Reading input file
Progress: Parameterizing module clock_in
Progress: Parameterizing module host_if
Progress: Parameterizing module jop_blaster
Progress: Parameterizing module reset_in
Progress: Parameterizing module sys_clk
Progress: Building connections
Progress: Parameterizing connections
Progress: Validating
Progress: Done reading input file
Component Instantiation Warning: remote_debug_jtag_only.clock_in: Project Setting information doesn't match IP Variant file. Double-click to open System Info tab.
Component Instantiation Warning: remote_debug_jtag_only.host_if: Project Setting information doesn't match IP Variant file. Double-click to open System Info tab.
Component Instantiation Warning: remote_debug_jtag_only.jop_blaster: Project Setting information doesn't match IP Variant file. Double-click to open System Info tab.
Component Instantiation Warning: remote_debug_jtag_only.jop_blaster: Warnings found in IP parameterization.
Component Instantiation Warning: remote_debug_jtag_only.reset_in: Project Setting information doesn't match IP Variant file. Double-click to open System Info tab.
Component Instantiation Warning: remote_debug_jtag_only.sys_clk: Project Setting information doesn't match IP Variant file. Double-click to open System Info tab.
Info: remote_debug_jtag_only: "Transforming system: remote_debug_jtag_only"
Info: Interconnect is inserted between master host_if.m0 and slave jop_blaster.avmm_s because the master is of type axi4 and the slave is of type avalon.
Info: Interconnect is inserted between master host_if.m0 and slave jop_blaster.avmm_s because they have different clock source.
Info: Inserting clock-crossing logic between cmd_demux.src0 and cmd_mux.sink0
Info: Inserting clock-crossing logic between cmd_demux_001.src0 and cmd_mux.sink1
Info: Inserting clock-crossing logic between rsp_demux.src0 and rsp_mux.sink0
Info: Inserting clock-crossing logic between rsp_demux.src1 and rsp_mux_001.sink0
Info: remote_debug_jtag_only: "Naming system components in system: remote_debug_jtag_only"
Info: remote_debug_jtag_only: "Processing generation queue"
Info: remote_debug_jtag_only: "Generating: remote_debug_jtag_only"
Info: remote_debug_jtag_only: "Generating: remote_debug_jtag_only_clock_in"
Info: remote_debug_jtag_only: "Generating: host_if"
Info: remote_debug_jtag_only: "Generating: jop_blaster"
Info: remote_debug_jtag_only: "Generating: remote_debug_jtag_only_reset_in"
Info: remote_debug_jtag_only: "Generating: sys_clk"
Info: remote_debug_jtag_only: "Generating: remote_debug_jtag_only_altera_mm_interconnect_1920_q72zq7a"
Info: remote_debug_jtag_only: "Generating: altera_reset_controller"
Info: remote_debug_jtag_only: "Generating: remote_debug_jtag_only_altera_merlin_axi_translator_1988_paug7vq"
Info: remote_debug_jtag_only: "Generating: remote_debug_jtag_only_altera_merlin_slave_translator_191_xg7rzxi"
Info: remote_debug_jtag_only: "Generating: remote_debug_jtag_only_altera_merlin_axi_master_ni_19121_xtaadti"
Info: remote_debug_jtag_only: "Generating: remote_debug_jtag_only_altera_merlin_slave_agent_1940_yiunjgi"
Info: remote_debug_jtag_only: "Generating: remote_debug_jtag_only_altera_avalon_sc_fifo_1932_22gxxgi"
Info: remote_debug_jtag_only: "Generating: remote_debug_jtag_only_altera_merlin_router_1921_32oo6ei"
Info: remote_debug_jtag_only: "Generating: remote_debug_jtag_only_altera_merlin_router_1921_bl7bwji"
Info: remote_debug_jtag_only: "Generating: remote_debug_jtag_only_altera_merlin_burst_adapter_1950_axayqyi"
Info: my_altera_avalon_st_pipeline_stage: "Generating: my_altera_avalon_st_pipeline_stage"
Info: remote_debug_jtag_only: "Generating: remote_debug_jtag_only_altera_merlin_demultiplexer_1921_qgsgkbq"
Info: remote_debug_jtag_only: "Generating: remote_debug_jtag_only_altera_merlin_multiplexer_1922_b26s6qy"
Info: remote_debug_jtag_only: "Generating: remote_debug_jtag_only_altera_merlin_demultiplexer_1921_2lauwnq"
Info: remote_debug_jtag_only: "Generating: remote_debug_jtag_only_altera_merlin_multiplexer_1922_hngpxfa"
Info: remote_debug_jtag_only: "Generating: remote_debug_jtag_only_hs_clk_xer_1941_6hwtrxy"
Info: remote_debug_jtag_only: "Generating: remote_debug_jtag_only_altera_merlin_burst_adapter_altera_avalon_st_pipeline_stage_1950_kfzpzni"
Info: remote_debug_jtag_only: "Generating: remote_debug_jtag_only_altera_avalon_st_pipeline_stage_1930_oiupeiq"
Info: remote_debug_jtag_only: Done "remote_debug_jtag_only" with 23 modules, 37 files
Info: Finished: Create HDL design files for synthesis
