
Dynamic section at offset 0x3ce0 contains 28 entries:
  Tag        Type                         Name/Value
 0x0000000000000001 (NEEDED)             Shared library: [libopae-c.so.2]
 0x0000000000000001 (NEEDED)             Shared library: [libc.so.6]
 0x000000000000000c (INIT)               0x1000
 0x000000000000000d (FINI)               0x22a4
 0x0000000000000019 (INIT_ARRAY)         0x4cd0
 0x000000000000001b (INIT_ARRAYSZ)       8 (bytes)
 0x000000000000001a (FINI_ARRAY)         0x4cd8
 0x000000000000001c (FINI_ARRAYSZ)       8 (bytes)
 0x000000006ffffef5 (GNU_HASH)           0x3b0
 0x0000000000000005 (STRTAB)             0x740
 0x0000000000000006 (SYMTAB)             0x3e0
 0x000000000000000a (STRSZ)              712 (bytes)
 0x000000000000000b (SYMENT)             24 (bytes)
 0x0000000000000015 (DEBUG)              0x0
 0x0000000000000003 (PLTGOT)             0x4ee0
 0x0000000000000002 (PLTRELSZ)           672 (bytes)
 0x0000000000000014 (PLTREL)             RELA
 0x0000000000000017 (JMPREL)             0xbb0
 0x0000000000000007 (RELA)               0xac0
 0x0000000000000008 (RELASZ)             240 (bytes)
 0x0000000000000009 (RELAENT)            24 (bytes)
 0x000000000000001e (FLAGS)              BIND_NOW
 0x000000006ffffffb (FLAGS_1)            Flags: NOW PIE
 0x000000006ffffffe (VERNEED)            0xa50
 0x000000006fffffff (VERNEEDNUM)         1
 0x000000006ffffff0 (VERSYM)             0xa08
 0x000000006ffffff9 (RELACOUNT)          3
 0x0000000000000000 (NULL)               0x0

Symbol table '.dynsym' contains 36 entries:
   Num:    Value          Size Type    Bind   Vis      Ndx Name
     0: 0000000000000000     0 NOTYPE  LOCAL  DEFAULT  UND 
     1: 0000000000000000     0 FUNC    GLOBAL DEFAULT  UND fpgaPropertiesSetSubsystemDeviceID
     2: 0000000000000000     0 FUNC    GLOBAL DEFAULT  UND fpgaPropertiesSetBus
     3: 0000000000000000     0 FUNC    GLOBAL DEFAULT  UND __libc_start_main@GLIBC_2.34 (2)
     4: 0000000000000000     0 NOTYPE  WEAK   DEFAULT  UND _ITM_deregisterTMCloneTable
     5: 0000000000000000     0 FUNC    GLOBAL DEFAULT  UND fpgaEnumerate
     6: 0000000000000000     0 FUNC    GLOBAL DEFAULT  UND fpgaPropertiesSetObjectType
     7: 0000000000000000     0 FUNC    GLOBAL DEFAULT  UND fpgaPropertiesSetGUID
     8: 0000000000000000     0 FUNC    GLOBAL DEFAULT  UND strlen@GLIBC_2.2.5 (3)
     9: 0000000000000000     0 FUNC    GLOBAL DEFAULT  UND fpgaReadMMIO64
    10: 0000000000000000     0 FUNC    GLOBAL DEFAULT  UND __stack_chk_fail@GLIBC_2.4 (4)
    11: 0000000000000000     0 FUNC    GLOBAL DEFAULT  UND fpgaPropertiesSetVendorID
    12: 0000000000000000     0 FUNC    GLOBAL DEFAULT  UND fpgaPropertiesSetDevice
    13: 0000000000000000     0 FUNC    GLOBAL DEFAULT  UND fpgaPropertiesSetSegment
    14: 0000000000000000     0 FUNC    GLOBAL DEFAULT  UND strcmp@GLIBC_2.2.5 (3)
    15: 0000000000000000     0 NOTYPE  WEAK   DEFAULT  UND __gmon_start__
    16: 0000000000000000     0 FUNC    GLOBAL DEFAULT  UND fpgaClose
    17: 0000000000000000     0 FUNC    GLOBAL DEFAULT  UND fflush@GLIBC_2.2.5 (3)
    18: 0000000000000000     0 FUNC    GLOBAL DEFAULT  UND __isoc99_sscanf@GLIBC_2.7 (5)
    19: 0000000000000000     0 FUNC    GLOBAL DEFAULT  UND fpgaGetProperties
    20: 0000000000000000     0 FUNC    GLOBAL DEFAULT  UND __printf_chk@GLIBC_2.3.4 (6)
    21: 0000000000000000     0 FUNC    GLOBAL DEFAULT  UND fpgaPropertiesSetSubsystemVendorID
    22: 0000000000000000     0 FUNC    GLOBAL DEFAULT  UND fpgaDestroyToken
    23: 0000000000000000     0 FUNC    GLOBAL DEFAULT  UND fpgaPropertiesSetDeviceID
    24: 0000000000000000     0 FUNC    GLOBAL DEFAULT  UND fpgaDestroyProperties
    25: 0000000000000000     0 FUNC    GLOBAL DEFAULT  UND fpgaMapMMIO
    26: 0000000000000000     0 FUNC    GLOBAL DEFAULT  UND fpgaUnmapMMIO
    27: 0000000000000000     0 FUNC    GLOBAL DEFAULT  UND __fprintf_chk@GLIBC_2.3.4 (6)
    28: 0000000000000000     0 FUNC    GLOBAL DEFAULT  UND fpgaOpen
    29: 0000000000000000     0 FUNC    GLOBAL DEFAULT  UND fpgaErrStr
    30: 0000000000000000     0 NOTYPE  WEAK   DEFAULT  UND _ITM_registerTMCloneTable
    31: 0000000000000000     0 FUNC    GLOBAL DEFAULT  UND fpgaPropertiesSetFunction
    32: 0000000000000000     0 FUNC    GLOBAL DEFAULT  UND __ctype_b_loc@GLIBC_2.3 (7)
    33: 0000000000005020     8 OBJECT  GLOBAL DEFAULT   26 stdout@GLIBC_2.2.5 (3)
    34: 0000000000000000     0 FUNC    WEAK   DEFAULT  UND __cxa_finalize@GLIBC_2.2.5 (3)
    35: 0000000000005040     8 OBJECT  GLOBAL DEFAULT   26 stderr@GLIBC_2.2.5 (3)
