/usr/bin/cmake -S/work/frontend -B/work/frontend-build --check-build-system CMakeFiles/Makefile.cmake 0
/usr/bin/gmake  -f CMakeFiles/Makefile2 ahls_memory_inspect
gmake[1]: Entering directory '/work/frontend-build'
/usr/bin/cmake -S/work/frontend -B/work/frontend-build --check-build-system CMakeFiles/Makefile.cmake 0
/usr/bin/cmake -E cmake_progress_start /work/frontend-build/CMakeFiles 3
/usr/bin/gmake  -f CMakeFiles/Makefile2 CMakeFiles/ahls_memory_inspect.dir/all
gmake[2]: Entering directory '/work/frontend-build'
/usr/bin/gmake  -f CMakeFiles/ahls_memory_inspect.dir/build.make CMakeFiles/ahls_memory_inspect.dir/depend
gmake[3]: Entering directory '/work/frontend-build'
cd /work/frontend-build && /usr/bin/cmake -E cmake_depends "Unix Makefiles" /work/frontend /work/frontend /work/frontend-build /work/frontend-build /work/frontend-build/CMakeFiles/ahls_memory_inspect.dir/DependInfo.cmake --color=
gmake[3]: Leaving directory '/work/frontend-build'
/usr/bin/gmake  -f CMakeFiles/ahls_memory_inspect.dir/build.make CMakeFiles/ahls_memory_inspect.dir/build
gmake[3]: Entering directory '/work/frontend-build'
[ 33%] Building C object CMakeFiles/ahls_memory_inspect.dir/ahls_memory_inspect.c.o
[ 66%] Building C object CMakeFiles/ahls_memory_inspect.dir/ahls_qualification_core.c.o
/usr/bin/cc  -I/sdk/include -g -O2 -Wall -Wextra -Werror -pedantic -std=c11 -MD -MT CMakeFiles/ahls_memory_inspect.dir/ahls_memory_inspect.c.o -MF CMakeFiles/ahls_memory_inspect.dir/ahls_memory_inspect.c.o.d -o CMakeFiles/ahls_memory_inspect.dir/ahls_memory_inspect.c.o -c /work/frontend/ahls_memory_inspect.c
/usr/bin/cc  -I/sdk/include -g -O2 -Wall -Wextra -Werror -pedantic -std=c11 -MD -MT CMakeFiles/ahls_memory_inspect.dir/ahls_qualification_core.c.o -MF CMakeFiles/ahls_memory_inspect.dir/ahls_qualification_core.c.o.d -o CMakeFiles/ahls_memory_inspect.dir/ahls_qualification_core.c.o -c /work/frontend/ahls_qualification_core.c
[100%] Linking C executable ahls_memory_inspect
/usr/bin/cmake -E cmake_link_script CMakeFiles/ahls_memory_inspect.dir/link.txt --verbose=1
/usr/bin/cc -g -Wl,-rpath-link,/work/prefix/usr/lib/x86_64-linux-gnu,-rpath-link,/work/prefix/usr/lib/x86_64-linux-gnu CMakeFiles/ahls_memory_inspect.dir/ahls_memory_inspect.c.o CMakeFiles/ahls_memory_inspect.dir/ahls_qualification_core.c.o -o ahls_memory_inspect  /work/sdk-build/lib/libopae-c.so 
gmake[3]: Leaving directory '/work/frontend-build'
[100%] Built target ahls_memory_inspect
gmake[2]: Leaving directory '/work/frontend-build'
/usr/bin/cmake -E cmake_progress_start /work/frontend-build/CMakeFiles 0
gmake[1]: Leaving directory '/work/frontend-build'
