/usr/bin/cmake -S/sdk -B/work/sdk-build --check-build-system CMakeFiles/Makefile.cmake 0
/usr/bin/gmake  -f CMakeFiles/Makefile2 opae-c
gmake[1]: Entering directory '/work/sdk-build'
/usr/bin/cmake -S/sdk -B/work/sdk-build --check-build-system CMakeFiles/Makefile.cmake 0
/usr/bin/cmake -E cmake_progress_start /work/sdk-build/CMakeFiles 8
/usr/bin/gmake  -f CMakeFiles/Makefile2 libraries/libopae-c/CMakeFiles/opae-c.dir/all
gmake[2]: Entering directory '/work/sdk-build'
/usr/bin/gmake  -f libraries/libopae-c/CMakeFiles/opae-c.dir/build.make libraries/libopae-c/CMakeFiles/opae-c.dir/depend
gmake[3]: Entering directory '/work/sdk-build'
cd /work/sdk-build && /usr/bin/cmake -E cmake_depends "Unix Makefiles" /sdk /sdk/libraries/libopae-c /work/sdk-build /work/sdk-build/libraries/libopae-c /work/sdk-build/libraries/libopae-c/CMakeFiles/opae-c.dir/DependInfo.cmake --color=
gmake[3]: Leaving directory '/work/sdk-build'
/usr/bin/gmake  -f libraries/libopae-c/CMakeFiles/opae-c.dir/build.make libraries/libopae-c/CMakeFiles/opae-c.dir/build
gmake[3]: Entering directory '/work/sdk-build'
[  0%] Building C object libraries/libopae-c/CMakeFiles/opae-c.dir/init.c.o
[ 12%] Building C object libraries/libopae-c/CMakeFiles/opae-c.dir/pluginmgr.c.o
[ 25%] Building C object libraries/libopae-c/CMakeFiles/opae-c.dir/api-shell.c.o
cd /work/sdk-build/libraries/libopae-c && /usr/bin/cc -DHAVE_CONFIG_H=1 -Dopae_c_EXPORTS -I/sdk/include -I/sdk/libraries -I/work/sdk-build/include -I/sdk/libraries/libopae-c -I/sdk/tests/framework -I/work/prefix/usr/include -Wformat -Wformat-security -fPIC -D_FORTIFY_SOURCE=2 -fstack-protector-all -g -O2 -Wall -Wextra -Werror -pthread -fPIC -std=gnu99 -MD -MT libraries/libopae-c/CMakeFiles/opae-c.dir/init.c.o -MF CMakeFiles/opae-c.dir/init.c.o.d -o CMakeFiles/opae-c.dir/init.c.o -c /sdk/libraries/libopae-c/init.c
[ 37%] Building C object libraries/libopae-c/CMakeFiles/opae-c.dir/props.c.o
[ 62%] Building C object libraries/libopae-c/CMakeFiles/opae-c.dir/fpgad-cfg.c.o
[ 62%] Building C object libraries/libopae-c/CMakeFiles/opae-c.dir/cfg-file.c.o
[ 62%] Building C object libraries/libopae-c/CMakeFiles/opae-c.dir/multi-port-afu.c.o
cd /work/sdk-build/libraries/libopae-c && /usr/bin/cc -DHAVE_CONFIG_H=1 -Dopae_c_EXPORTS -I/sdk/include -I/sdk/libraries -I/work/sdk-build/include -I/sdk/libraries/libopae-c -I/sdk/tests/framework -I/work/prefix/usr/include -Wformat -Wformat-security -fPIC -D_FORTIFY_SOURCE=2 -fstack-protector-all -g -O2 -Wall -Wextra -Werror -pthread -fPIC -std=gnu99 -MD -MT libraries/libopae-c/CMakeFiles/opae-c.dir/pluginmgr.c.o -MF CMakeFiles/opae-c.dir/pluginmgr.c.o.d -o CMakeFiles/opae-c.dir/pluginmgr.c.o -c /sdk/libraries/libopae-c/pluginmgr.c
cd /work/sdk-build/libraries/libopae-c && /usr/bin/cc -DHAVE_CONFIG_H=1 -Dopae_c_EXPORTS -I/sdk/include -I/sdk/libraries -I/work/sdk-build/include -I/sdk/libraries/libopae-c -I/sdk/tests/framework -I/work/prefix/usr/include -Wformat -Wformat-security -fPIC -D_FORTIFY_SOURCE=2 -fstack-protector-all -g -O2 -Wall -Wextra -Werror -pthread -fPIC -std=gnu99 -MD -MT libraries/libopae-c/CMakeFiles/opae-c.dir/api-shell.c.o -MF CMakeFiles/opae-c.dir/api-shell.c.o.d -o CMakeFiles/opae-c.dir/api-shell.c.o -c /sdk/libraries/libopae-c/api-shell.c
[ 75%] Building C object libraries/libopae-c/CMakeFiles/opae-c.dir/fpgainfo-cfg.c.o
cd /work/sdk-build/libraries/libopae-c && /usr/bin/cc -DHAVE_CONFIG_H=1 -Dopae_c_EXPORTS -I/sdk/include -I/sdk/libraries -I/work/sdk-build/include -I/sdk/libraries/libopae-c -I/sdk/tests/framework -I/work/prefix/usr/include -Wformat -Wformat-security -fPIC -D_FORTIFY_SOURCE=2 -fstack-protector-all -g -O2 -Wall -Wextra -Werror -pthread -fPIC -std=gnu99 -MD -MT libraries/libopae-c/CMakeFiles/opae-c.dir/props.c.o -MF CMakeFiles/opae-c.dir/props.c.o.d -o CMakeFiles/opae-c.dir/props.c.o -c /sdk/libraries/libopae-c/props.c
[ 87%] Building C object libraries/libopae-c/CMakeFiles/opae-c.dir/opae-cfg.c.o
cd /work/sdk-build/libraries/libopae-c && /usr/bin/cc -DHAVE_CONFIG_H=1 -Dopae_c_EXPORTS -I/sdk/include -I/sdk/libraries -I/work/sdk-build/include -I/sdk/libraries/libopae-c -I/sdk/tests/framework -I/work/prefix/usr/include -Wformat -Wformat-security -fPIC -D_FORTIFY_SOURCE=2 -fstack-protector-all -g -O2 -Wall -Wextra -Werror -pthread -fPIC -std=gnu99 -MD -MT libraries/libopae-c/CMakeFiles/opae-c.dir/multi-port-afu.c.o -MF CMakeFiles/opae-c.dir/multi-port-afu.c.o.d -o CMakeFiles/opae-c.dir/multi-port-afu.c.o -c /sdk/libraries/libopae-c/multi-port-afu.c
[ 87%] Building C object libraries/libopae-c/CMakeFiles/opae-c.dir/__/__/tests/framework/mock/opae_std.c.o
cd /work/sdk-build/libraries/libopae-c && /usr/bin/cc -DHAVE_CONFIG_H=1 -Dopae_c_EXPORTS -I/sdk/include -I/sdk/libraries -I/work/sdk-build/include -I/sdk/libraries/libopae-c -I/sdk/tests/framework -I/work/prefix/usr/include -Wformat -Wformat-security -fPIC -D_FORTIFY_SOURCE=2 -fstack-protector-all -g -O2 -Wall -Wextra -Werror -pthread -fPIC -std=gnu99 -MD -MT libraries/libopae-c/CMakeFiles/opae-c.dir/cfg-file.c.o -MF CMakeFiles/opae-c.dir/cfg-file.c.o.d -o CMakeFiles/opae-c.dir/cfg-file.c.o -c /sdk/libraries/libopae-c/cfg-file.c
cd /work/sdk-build/libraries/libopae-c && /usr/bin/cc -DHAVE_CONFIG_H=1 -Dopae_c_EXPORTS -I/sdk/include -I/sdk/libraries -I/work/sdk-build/include -I/sdk/libraries/libopae-c -I/sdk/tests/framework -I/work/prefix/usr/include -Wformat -Wformat-security -fPIC -D_FORTIFY_SOURCE=2 -fstack-protector-all -g -O2 -Wall -Wextra -Werror -pthread -fPIC -std=gnu99 -MD -MT libraries/libopae-c/CMakeFiles/opae-c.dir/fpgad-cfg.c.o -MF CMakeFiles/opae-c.dir/fpgad-cfg.c.o.d -o CMakeFiles/opae-c.dir/fpgad-cfg.c.o -c /sdk/libraries/libopae-c/fpgad-cfg.c
cd /work/sdk-build/libraries/libopae-c && /usr/bin/cc -DHAVE_CONFIG_H=1 -Dopae_c_EXPORTS -I/sdk/include -I/sdk/libraries -I/work/sdk-build/include -I/sdk/libraries/libopae-c -I/sdk/tests/framework -I/work/prefix/usr/include -Wformat -Wformat-security -fPIC -D_FORTIFY_SOURCE=2 -fstack-protector-all -g -O2 -Wall -Wextra -Werror -pthread -fPIC -std=gnu99 -MD -MT libraries/libopae-c/CMakeFiles/opae-c.dir/fpgainfo-cfg.c.o -MF CMakeFiles/opae-c.dir/fpgainfo-cfg.c.o.d -o CMakeFiles/opae-c.dir/fpgainfo-cfg.c.o -c /sdk/libraries/libopae-c/fpgainfo-cfg.c
cd /work/sdk-build/libraries/libopae-c && /usr/bin/cc -DHAVE_CONFIG_H=1 -Dopae_c_EXPORTS -I/sdk/include -I/sdk/libraries -I/work/sdk-build/include -I/sdk/libraries/libopae-c -I/sdk/tests/framework -I/work/prefix/usr/include -Wformat -Wformat-security -fPIC -D_FORTIFY_SOURCE=2 -fstack-protector-all -g -O2 -Wall -Wextra -Werror -pthread -fPIC -std=gnu99 -MD -MT libraries/libopae-c/CMakeFiles/opae-c.dir/opae-cfg.c.o -MF CMakeFiles/opae-c.dir/opae-cfg.c.o.d -o CMakeFiles/opae-c.dir/opae-cfg.c.o -c /sdk/libraries/libopae-c/opae-cfg.c
cd /work/sdk-build/libraries/libopae-c && /usr/bin/cc -DHAVE_CONFIG_H=1 -Dopae_c_EXPORTS -I/sdk/include -I/sdk/libraries -I/work/sdk-build/include -I/sdk/libraries/libopae-c -I/sdk/tests/framework -I/work/prefix/usr/include -Wformat -Wformat-security -fPIC -D_FORTIFY_SOURCE=2 -fstack-protector-all -g -O2 -Wall -Wextra -Werror -pthread -fPIC -std=gnu99 -MD -MT libraries/libopae-c/CMakeFiles/opae-c.dir/__/__/tests/framework/mock/opae_std.c.o -MF CMakeFiles/opae-c.dir/__/__/tests/framework/mock/opae_std.c.o.d -o CMakeFiles/opae-c.dir/__/__/tests/framework/mock/opae_std.c.o -c /sdk/tests/framework/mock/opae_std.c
[100%] Linking C shared library ../../lib/libopae-c.so
cd /work/sdk-build/libraries/libopae-c && /usr/bin/cmake -E cmake_link_script CMakeFiles/opae-c.dir/link.txt --verbose=1
/usr/bin/cc -fPIC  -Wformat -Wformat-security -fPIC -D_FORTIFY_SOURCE=2 -fstack-protector-all -g -O2 -Wall -Wextra -Werror -pthread  -pie -shared -Wl,-soname,libopae-c.so.2 -o ../../lib/libopae-c.so.2.13.0 CMakeFiles/opae-c.dir/pluginmgr.c.o CMakeFiles/opae-c.dir/api-shell.c.o CMakeFiles/opae-c.dir/init.c.o CMakeFiles/opae-c.dir/props.c.o CMakeFiles/opae-c.dir/multi-port-afu.c.o CMakeFiles/opae-c.dir/cfg-file.c.o CMakeFiles/opae-c.dir/fpgad-cfg.c.o CMakeFiles/opae-c.dir/fpgainfo-cfg.c.o CMakeFiles/opae-c.dir/opae-cfg.c.o CMakeFiles/opae-c.dir/__/__/tests/framework/mock/opae_std.c.o  -Wl,-rpath,/work/prefix/usr/lib/x86_64-linux-gnu: -ldl /work/prefix/usr/lib/x86_64-linux-gnu/libjson-c.so.5.1.0 /work/prefix/usr/lib/x86_64-linux-gnu/libuuid.so.1.3.0 
cd /work/sdk-build/libraries/libopae-c && /usr/bin/cmake -E cmake_symlink_library ../../lib/libopae-c.so.2.13.0 ../../lib/libopae-c.so.2 ../../lib/libopae-c.so
gmake[3]: Leaving directory '/work/sdk-build'
[100%] Built target opae-c
gmake[2]: Leaving directory '/work/sdk-build'
/usr/bin/cmake -E cmake_progress_start /work/sdk-build/CMakeFiles 0
gmake[1]: Leaving directory '/work/sdk-build'
