-- The C compiler identification is GNU 11.4.0
-- The CXX compiler identification is GNU 11.4.0
-- Detecting C compiler ABI info
-- Detecting C compiler ABI info - done
-- Check for working C compiler: /usr/bin/cc - skipped
-- Detecting C compile features
-- Detecting C compile features - done
-- Detecting CXX compiler ABI info
-- Detecting CXX compiler ABI info - done
-- Check for working CXX compiler: /usr/bin/c++ - skipped
-- Detecting CXX compile features
-- Detecting CXX compile features - done
-- Could NOT find Python3 (missing: Python3_INCLUDE_DIRS Python3_LIBRARIES Development Development.Module Development.Embed) (found version "3.10.12")
-- Could NOT find PkgConfig (missing: PKG_CONFIG_EXECUTABLE) 
-- Found uuid: /work/prefix/usr  
-- uuid_ROOT /work/prefix/usr
-- uuid_INCLUDE_DIRS /work/prefix/usr/include
-- uuid_LIBRARIES /work/prefix/usr/lib/x86_64-linux-gnu/libuuid.so.1.3.0
-- uuid_DEFINITIONS 
-- Could NOT find PkgConfig (missing: PKG_CONFIG_EXECUTABLE) 
-- Found json-c: /work/prefix/usr  
-- json-c_ROOT /work/prefix/usr
-- json-c_INCLUDE_DIRS /work/prefix/usr/include
-- json-c_LIBRARIES /work/prefix/usr/lib/x86_64-linux-gnu/libjson-c.so.5.1.0
-- json-c_DEFINITIONS 
-- Looking for pthread.h
-- Looking for pthread.h - found
-- Performing Test CMAKE_HAVE_LIBC_PTHREAD
-- Performing Test CMAKE_HAVE_LIBC_PTHREAD - Success
-- Found Threads: TRUE  
-- Performing Test COMPILER_SUPPORTS_CXX14
-- Performing Test COMPILER_SUPPORTS_CXX14 - Success
-- Performing Test COMPILER_SUPPORTS_CXX11
-- Performing Test COMPILER_SUPPORTS_CXX11 - Success
-- Performing Test COMPILER_SUPPORTS_CXX0X
-- Performing Test COMPILER_SUPPORTS_CXX0X - Success
-- Performing Test CXX_SUPPORTS_NO_SIGN_COMPARE
-- Performing Test CXX_SUPPORTS_NO_SIGN_COMPARE - Success
-- Detecting distribution - Ubuntu 22.04
-- Compatible VFIO headers found
-- Documentation cannot be built without doxygen
-- Configuring done
-- Generating done
CMake Warning:
  Manually-specified variables were not used by the project:

    RUN_LDCONFIG


-- Build files have been written to: /work/sdk-build
