Running Test
AFU DFH REG = 1000010000000000
AFU ID LO = 93d56f8c60db361c
AFU ID HI = 35f9452b25c2434c
AFU NEXT = 00000000
AFU RESERVED = 00000000
NUM_LOCAL_MEM_BANKS = 2
Reading Scratch Register (Byte Offset=00000080) = 00000000
MMIO Write to Scratch Register (Byte Offset=00000080) = baddcafedeadbeef
Reading Scratch Register (Byte Offset=00000080) = baddcafedeadbeef
Setting Scratch Register (Byte Offset=00000080) = 00000000
Reading Scratch Register (Byte Offset=00000080) = 00000000
Testing memory bank 0
No memory errors. Test passed.
No memory errors. Test passed.
No memory errors. Test passed.
No memory errors. Test passed.
No memory errors. Test passed.
No memory errors. Test passed.
No memory errors. Test passed.
No memory errors. Test passed.
No memory errors. Test passed.
No memory errors. Test passed.
No memory errors. Test passed.
Done Running Test
