Info: Generated by version: 26.1.1 build 130
Info: Starting: Create simulation model
Info: qsys-generate /home/uwb_student00/ahls/new_BSP/work_ia840f_fim_06/syn/board/ia840f/syn_top/../../../../ofs-common/src/fpga_family/agilex/avst_pipeline/avst_pipeline_st_pipeline_stage_0.ip --simulation=VERILOG --allow-mixed-language-simulation --simulator=MODELSIM --output-directory=/home/uwb_student00/ahls/new_BSP/work_ia840f_fim_06/ofs-common/src/fpga_family/agilex/avst_pipeline/avst_pipeline_st_pipeline_stage_0 --family="Agilex 7" --part=AGFB027R25A2E2V
Info: avst_pipeline_st_pipeline_stage_0: "Transforming system: avst_pipeline_st_pipeline_stage_0"
Info: avst_pipeline_st_pipeline_stage_0: "Naming system components in system: avst_pipeline_st_pipeline_stage_0"
Info: avst_pipeline_st_pipeline_stage_0: "Processing generation queue"
Info: avst_pipeline_st_pipeline_stage_0: "Generating: avst_pipeline_st_pipeline_stage_0"
Info: avst_pipeline_st_pipeline_stage_0: "Generating: avst_pipeline_st_pipeline_stage_0_altera_avalon_st_pipeline_stage_1930_oiupeiq"
Info: avst_pipeline_st_pipeline_stage_0: Done "avst_pipeline_st_pipeline_stage_0" with 2 modules, 3 files
Info: Generating the following file(s) for MODELSIM simulator in /home/uwb_student00/ahls/new_BSP/work_ia840f_fim_06/ofs-common/src/fpga_family/agilex/avst_pipeline/avst_pipeline_st_pipeline_stage_0/sim/ directory:
Info: 	common/modelsim_files.tcl
Info: For information on how to simulate your IP, see the explanatory comments in the simulator-specific subdirectories under /home/uwb_student00/ahls/new_BSP/work_ia840f_fim_06/ofs-common/src/fpga_family/agilex/avst_pipeline/avst_pipeline_st_pipeline_stage_0/sim/.
Info: Regenerate these scripts whenever you make any change to any Quartus-generated IP in your project.
Info: Finished: Create simulation model
Info: Starting: Create simulation script
Info: sim-script-gen --system-file=/home/uwb_student00/ahls/new_BSP/work_ia840f_fim_06/syn/board/ia840f/syn_top/../../../../ofs-common/src/fpga_family/agilex/avst_pipeline/avst_pipeline_st_pipeline_stage_0.ip --simulator=MODELSIM --output-directory=/home/uwb_student00/ahls/new_BSP/work_ia840f_fim_06/ofs-common/src/fpga_family/agilex/avst_pipeline/avst_pipeline_st_pipeline_stage_0/sim/ --use-relative-paths=true --modelsim-flow=traditional
Info: Generating the following file(s) for MODELSIM simulator in /home/uwb_student00/ahls/new_BSP/work_ia840f_fim_06/ofs-common/src/fpga_family/agilex/avst_pipeline/avst_pipeline_st_pipeline_stage_0/sim/ directory:
Info: 	mentor/msim_setup.tcl
Info: 	mentor/run_msim_setup.tcl
Info: For information on how to simulate your IP, see the explanatory comments in the simulator-specific subdirectories under /home/uwb_student00/ahls/new_BSP/work_ia840f_fim_06/ofs-common/src/fpga_family/agilex/avst_pipeline/avst_pipeline_st_pipeline_stage_0/sim/.
Info: Regenerate these scripts whenever you make any change to any Quartus-generated IP in your project.
Info: Finished: Create simulation script
Info: 
Info: Starting: Create HDL design files for synthesis
Info: qsys-generate /home/uwb_student00/ahls/new_BSP/work_ia840f_fim_06/syn/board/ia840f/syn_top/../../../../ofs-common/src/fpga_family/agilex/avst_pipeline/avst_pipeline_st_pipeline_stage_0.ip --synthesis=VERILOG --output-directory=/home/uwb_student00/ahls/new_BSP/work_ia840f_fim_06/ofs-common/src/fpga_family/agilex/avst_pipeline/avst_pipeline_st_pipeline_stage_0 --family="Agilex 7" --part=AGFB027R25A2E2V
Info: avst_pipeline_st_pipeline_stage_0: "Transforming system: avst_pipeline_st_pipeline_stage_0"
Info: avst_pipeline_st_pipeline_stage_0: "Naming system components in system: avst_pipeline_st_pipeline_stage_0"
Info: avst_pipeline_st_pipeline_stage_0: "Processing generation queue"
Info: avst_pipeline_st_pipeline_stage_0: "Generating: avst_pipeline_st_pipeline_stage_0"
Info: avst_pipeline_st_pipeline_stage_0: "Generating: avst_pipeline_st_pipeline_stage_0_altera_avalon_st_pipeline_stage_1930_oiupeiq"
Info: avst_pipeline_st_pipeline_stage_0: Done "avst_pipeline_st_pipeline_stage_0" with 2 modules, 3 files
Info: Finished: Create HDL design files for synthesis
