00000000000090dc r __abi_tag
000000000000d020 B __bss_start
                 U calloc@GLIBC_2.2.5
000000000000d028 b completed.0
                 w __cxa_finalize@GLIBC_2.2.5
000000000000bac0 d default_libopae_config_table
00000000000045f0 t deregister_tm_clones
0000000000004660 t __do_global_dtors_aux
000000000000ada8 d __do_global_dtors_aux_fini_array_entry
000000000000b100 D __dso_handle
000000000000adb0 d _DYNAMIC
000000000000d008 D _edata
000000000000d030 B _end
                 U fclose@GLIBC_2.2.5
0000000000007af0 T _fini
                 U fopen@GLIBC_2.2.5
00000000000046a0 t frame_dummy
000000000000ada0 d __frame_dummy_init_array_entry
00000000000090d8 r __FRAME_END__
                 U fread@GLIBC_2.2.5
                 U free@GLIBC_2.2.5
                 U fseek@GLIBC_2.2.5
                 U ftell@GLIBC_2.2.5
0000000000008ce8 r __func__.0
0000000000008cd0 r __func__.0
0000000000008d00 r __func__.1
0000000000008d20 r __func__.2
000000000000afe8 d _GLOBAL_OFFSET_TABLE_
                 w __gmon_start__
0000000000008d38 r __GNU_EH_FRAME_HDR
0000000000004000 T _init
                 U __isoc23_strtoul@GLIBC_2.38
                 w _ITM_deregisterTMCloneTable
                 w _ITM_registerTMCloneTable
                 U json_object_array_get_idx@JSONC_0.14
                 U json_object_array_length@JSONC_0.14
                 U json_object_get_boolean@JSONC_0.14
                 U json_object_get_string@JSONC_0.14
                 U json_object_is_type@JSONC_0.14
                 U json_object_object_get_ex@JSONC_0.14
                 U json_object_put@JSONC_0.14
                 U json_object_to_json_string_ext@JSONC_0.14
                 U json_tokener_error_desc@JSONC_0.14
                 U json_tokener_parse_verbose@JSONC_0.14
                 U __libc_start_main@GLIBC_2.34
0000000000004280 T main
0000000000004248 t main.cold
                 U malloc@GLIBC_2.2.5
0000000000007ac0 T opae_calloc
0000000000007ad0 T opae_free
00000000000054c0 T opae_free_libopae_config
0000000000004760 T opae_parse_device_id
0000000000005480 T opae_parse_libopae_config
0000000000005610 T opae_parse_libopae_json
0000000000004254 t opae_parse_libopae_json.cold
00000000000046b0 T opae_print
0000000000004230 t opae_print.cold
0000000000007ae0 T opae_strdup
000000000000426c t opae_strdup.cold
                 U printf@GLIBC_2.2.5
0000000000004620 t register_tm_clones
00000000000045c0 T _start
000000000000d020 B stderr@GLIBC_2.2.5
                 U strcmp@GLIBC_2.2.5
                 U strdup@GLIBC_2.2.5
                 U strlen@GLIBC_2.2.5
                 U strncmp@GLIBC_2.2.5
000000000000d008 D __TMC_END__
                 U __ubsan_handle_add_overflow_abort
                 U __ubsan_handle_nonnull_arg_abort
                 U __ubsan_handle_out_of_bounds_abort
                 U __ubsan_handle_pointer_overflow_abort
                 U __ubsan_handle_sub_overflow_abort
                 U __ubsan_handle_type_mismatch_v1_abort
                 U vfprintf@GLIBC_2.2.5
