DMA test bank0 bytes=256 source_iova=0x0 destination_iova=0x1000
DMA_SNAPSHOT phase=immediate status=0x000000022041000a monotonic_sec=2815 monotonic_nsec=427465731
DMA_WORD phase=immediate index=0 expected=0x0000000000000000 source=0x0000000000000000 actual=0x0000000000000000
DMA_WORD phase=immediate index=1 expected=0x0000000000000001 source=0x0000000000000001 actual=0x0000000000000001
DMA_WORD phase=immediate index=2 expected=0x0000000000000002 source=0x0000000000000002 actual=0x0000000000000002
DMA_WORD phase=immediate index=3 expected=0x0000000000000003 source=0x0000000000000003 actual=0x0000000000000003
DMA_WORD phase=immediate index=4 expected=0x0000000000000004 source=0x0000000000000004 actual=0x0000000000000004
DMA_WORD phase=immediate index=5 expected=0x0000000000000005 source=0x0000000000000005 actual=0x0000000000000005
DMA_WORD phase=immediate index=6 expected=0x0000000000000006 source=0x0000000000000006 actual=0x0000000000000006
DMA_WORD phase=immediate index=7 expected=0x0000000000000007 source=0x0000000000000007 actual=0x0000000000000007
DMA_WORD phase=immediate index=8 expected=0x0000000000000008 source=0x0000000000000008 actual=0x0000000000000008
DMA_WORD phase=immediate index=9 expected=0x0000000000000009 source=0x0000000000000009 actual=0x0000000000000009
DMA_WORD phase=immediate index=10 expected=0x000000000000000a source=0x000000000000000a actual=0x000000000000000a
DMA_WORD phase=immediate index=11 expected=0x000000000000000b source=0x000000000000000b actual=0x000000000000000b
DMA_WORD phase=immediate index=12 expected=0x000000000000000c source=0x000000000000000c actual=0x000000000000000c
DMA_WORD phase=immediate index=13 expected=0x000000000000000d source=0x000000000000000d actual=0x000000000000000d
DMA_WORD phase=immediate index=14 expected=0x000000000000000e source=0x000000000000000e actual=0x000000000000000e
DMA_WORD phase=immediate index=15 expected=0x000000000000000f source=0x000000000000000f actual=0x000000000000000f
DMA_WORD phase=immediate index=16 expected=0x0000000000000010 source=0x0000000000000010 actual=0x0000000000000010
DMA_WORD phase=immediate index=17 expected=0x0000000000000011 source=0x0000000000000011 actual=0x0000000000000011
DMA_WORD phase=immediate index=18 expected=0x0000000000000012 source=0x0000000000000012 actual=0x0000000000000012
DMA_WORD phase=immediate index=19 expected=0x0000000000000013 source=0x0000000000000013 actual=0x0000000000000013
DMA_WORD phase=immediate index=20 expected=0x0000000000000014 source=0x0000000000000014 actual=0x0000000000000014
DMA_WORD phase=immediate index=21 expected=0x0000000000000015 source=0x0000000000000015 actual=0x0000000000000015
DMA_WORD phase=immediate index=22 expected=0x0000000000000016 source=0x0000000000000016 actual=0x0000000000000016
DMA_WORD phase=immediate index=23 expected=0x0000000000000017 source=0x0000000000000017 actual=0x0000000000000017
DMA_WORD phase=immediate index=24 expected=0x0000000000000018 source=0x0000000000000018 actual=0x0000000000000018
DMA_WORD phase=immediate index=25 expected=0x0000000000000019 source=0x0000000000000019 actual=0x0000000000000019
DMA_WORD phase=immediate index=26 expected=0x000000000000001a source=0x000000000000001a actual=0x000000000000001a
DMA_WORD phase=immediate index=27 expected=0x000000000000001b source=0x000000000000001b actual=0x000000000000001b
DMA_WORD phase=immediate index=28 expected=0x000000000000001c source=0x000000000000001c actual=0x000000000000001c
DMA_WORD phase=immediate index=29 expected=0x000000000000001d source=0x000000000000001d actual=0x000000000000001d
DMA_WORD phase=immediate index=30 expected=0x000000000000001e source=0x000000000000001e actual=0x000000000000001e
DMA_WORD phase=immediate index=31 expected=0x000000000000001f source=0x000000000000001f actual=0x000000000000001f
DMA_SNAPSHOT phase=delayed status=0x000000022041000a monotonic_sec=2815 monotonic_nsec=527595316
DMA_WORD phase=delayed index=0 expected=0x0000000000000000 source=0x0000000000000000 actual=0x0000000000000000
DMA_WORD phase=delayed index=1 expected=0x0000000000000001 source=0x0000000000000001 actual=0x0000000000000001
DMA_WORD phase=delayed index=2 expected=0x0000000000000002 source=0x0000000000000002 actual=0x0000000000000002
DMA_WORD phase=delayed index=3 expected=0x0000000000000003 source=0x0000000000000003 actual=0x0000000000000003
DMA_WORD phase=delayed index=4 expected=0x0000000000000004 source=0x0000000000000004 actual=0x0000000000000004
DMA_WORD phase=delayed index=5 expected=0x0000000000000005 source=0x0000000000000005 actual=0x0000000000000005
DMA_WORD phase=delayed index=6 expected=0x0000000000000006 source=0x0000000000000006 actual=0x0000000000000006
DMA_WORD phase=delayed index=7 expected=0x0000000000000007 source=0x0000000000000007 actual=0x0000000000000007
DMA_WORD phase=delayed index=8 expected=0x0000000000000008 source=0x0000000000000008 actual=0x0000000000000008
DMA_WORD phase=delayed index=9 expected=0x0000000000000009 source=0x0000000000000009 actual=0x0000000000000009
DMA_WORD phase=delayed index=10 expected=0x000000000000000a source=0x000000000000000a actual=0x000000000000000a
DMA_WORD phase=delayed index=11 expected=0x000000000000000b source=0x000000000000000b actual=0x000000000000000b
DMA_WORD phase=delayed index=12 expected=0x000000000000000c source=0x000000000000000c actual=0x000000000000000c
DMA_WORD phase=delayed index=13 expected=0x000000000000000d source=0x000000000000000d actual=0x000000000000000d
DMA_WORD phase=delayed index=14 expected=0x000000000000000e source=0x000000000000000e actual=0x000000000000000e
DMA_WORD phase=delayed index=15 expected=0x000000000000000f source=0x000000000000000f actual=0x000000000000000f
DMA_WORD phase=delayed index=16 expected=0x0000000000000010 source=0x0000000000000010 actual=0x0000000000000010
DMA_WORD phase=delayed index=17 expected=0x0000000000000011 source=0x0000000000000011 actual=0x0000000000000011
DMA_WORD phase=delayed index=18 expected=0x0000000000000012 source=0x0000000000000012 actual=0x0000000000000012
DMA_WORD phase=delayed index=19 expected=0x0000000000000013 source=0x0000000000000013 actual=0x0000000000000013
DMA_WORD phase=delayed index=20 expected=0x0000000000000014 source=0x0000000000000014 actual=0x0000000000000014
DMA_WORD phase=delayed index=21 expected=0x0000000000000015 source=0x0000000000000015 actual=0x0000000000000015
DMA_WORD phase=delayed index=22 expected=0x0000000000000016 source=0x0000000000000016 actual=0x0000000000000016
DMA_WORD phase=delayed index=23 expected=0x0000000000000017 source=0x0000000000000017 actual=0x0000000000000017
DMA_WORD phase=delayed index=24 expected=0x0000000000000018 source=0x0000000000000018 actual=0x0000000000000018
DMA_WORD phase=delayed index=25 expected=0x0000000000000019 source=0x0000000000000019 actual=0x0000000000000019
DMA_WORD phase=delayed index=26 expected=0x000000000000001a source=0x000000000000001a actual=0x000000000000001a
DMA_WORD phase=delayed index=27 expected=0x000000000000001b source=0x000000000000001b actual=0x000000000000001b
DMA_WORD phase=delayed index=28 expected=0x000000000000001c source=0x000000000000001c actual=0x000000000000001c
DMA_WORD phase=delayed index=29 expected=0x000000000000001d source=0x000000000000001d actual=0x000000000000001d
DMA_WORD phase=delayed index=30 expected=0x000000000000001e source=0x000000000000001e actual=0x000000000000001e
DMA_WORD phase=delayed index=31 expected=0x000000000000001f source=0x000000000000001f actual=0x000000000000001f
CHECK DMA diagnostic bank=0 bytes=256 words=32 immediate_errors=0 delayed_errors=0 source_errors=0 PASS
