
Dynamic section at offset 0x2de0 contains 26 entries:
  Tag        Type                         Name/Value
 0x0000000000000001 (NEEDED)             Shared library: [libubsan.so.1]
 0x0000000000000001 (NEEDED)             Shared library: [libc.so.6]
 0x000000000000000e (SONAME)             Library soname: [libmissing_entry_inert.so]
 0x000000000000000c (INIT)               0x1000
 0x000000000000000d (FINI)               0x1654
 0x0000000000000019 (INIT_ARRAY)         0x3dc8
 0x000000000000001b (INIT_ARRAYSZ)       16 (bytes)
 0x000000000000001a (FINI_ARRAY)         0x3dd8
 0x000000000000001c (FINI_ARRAYSZ)       8 (bytes)
 0x000000006ffffef5 (GNU_HASH)           0x260
 0x0000000000000005 (STRTAB)             0x4f8
 0x0000000000000006 (SYMTAB)             0x288
 0x000000000000000a (STRSZ)              405 (bytes)
 0x000000000000000b (SYMENT)             24 (bytes)
 0x0000000000000003 (PLTGOT)             0x3fe8
 0x0000000000000002 (PLTRELSZ)           432 (bytes)
 0x0000000000000014 (PLTREL)             RELA
 0x0000000000000017 (JMPREL)             0x868
 0x0000000000000007 (RELA)               0x6e8
 0x0000000000000008 (RELASZ)             384 (bytes)
 0x0000000000000009 (RELAENT)            24 (bytes)
 0x000000006ffffffe (VERNEED)            0x6c8
 0x000000006fffffff (VERNEEDNUM)         1
 0x000000006ffffff0 (VERSYM)             0x68e
 0x000000006ffffff9 (RELACOUNT)          11
 0x0000000000000000 (NULL)               0x0
