
Dynamic section at offset 0x7dd8 contains 26 entries:
  Tag        Type                         Name/Value
 0x0000000000000001 (NEEDED)             Shared library: [libubsan.so.1]
 0x0000000000000001 (NEEDED)             Shared library: [libc.so.6]
 0x000000000000000e (SONAME)             Library soname: [libmemory_entry_inert.so]
 0x000000000000000c (INIT)               0x3000
 0x000000000000000d (FINI)               0x5f50
 0x0000000000000019 (INIT_ARRAY)         0x8dc0
 0x000000000000001b (INIT_ARRAYSZ)       16 (bytes)
 0x000000000000001a (FINI_ARRAY)         0x8dd0
 0x000000000000001c (FINI_ARRAYSZ)       8 (bytes)
 0x000000006ffffef5 (GNU_HASH)           0x260
 0x0000000000000005 (STRTAB)             0x990
 0x0000000000000006 (SYMTAB)             0x360
 0x000000000000000a (STRSZ)              1126 (bytes)
 0x000000000000000b (SYMENT)             24 (bytes)
 0x0000000000000003 (PLTGOT)             0x8fe8
 0x0000000000000002 (PLTRELSZ)           1224 (bytes)
 0x0000000000000014 (PLTREL)             RELA
 0x0000000000000017 (JMPREL)             0x1ce8
 0x0000000000000007 (RELA)               0xec0
 0x0000000000000008 (RELASZ)             3624 (bytes)
 0x0000000000000009 (RELAENT)            24 (bytes)
 0x000000006ffffffe (VERNEED)            0xe80
 0x000000006fffffff (VERNEEDNUM)         1
 0x000000006ffffff0 (VERSYM)             0xdf6
 0x000000006ffffff9 (RELACOUNT)          145
 0x0000000000000000 (NULL)               0x0
