[ 10%] Building C object CMakeFiles/direct_inert.dir/home/joe/Projects/Thesis/AHLS/new_bsp/new/src/host/ahls_memory_inspect.c.o
[ 10%] Building C object CMakeFiles/frontend_object.dir/home/joe/Projects/Thesis/AHLS/new_bsp/new/src/host/ahls_memory_inspect.c.o
[ 15%] Building C object CMakeFiles/direct_inert.dir/home/joe/Projects/Thesis/AHLS/new_bsp/new/src/host/ahls_qualification_core.c.o
[ 15%] Built target frontend_object
[ 21%] Building C object CMakeFiles/memory_startup.dir/home/joe/Projects/Thesis/AHLS/new_bsp/new/src/host/ahls_memory_startup.c.o
[ 26%] Building C object CMakeFiles/direct_inert.dir/home/joe/Projects/Thesis/AHLS/new_bsp/new/tests/ia840f/memory_host/mock_memory_opae.c.o
[ 31%] Building C object CMakeFiles/memory_startup.dir/home/joe/Projects/Thesis/AHLS/new_bsp/new/src/host/ahls_qualification_core.c.o
[ 36%] Building C object CMakeFiles/direct_inert.dir/inert_startup.c.o
[ 42%] Building C object CMakeFiles/memory_startup.dir/home/joe/Projects/Thesis/AHLS/new_bsp/new/qualification/ahls-opae-runtime01/sdk/libraries/libopae-c/cfg-file.c.o
[ 47%] Linking C executable direct_inert
[ 47%] Built target direct_inert
[ 52%] Building C object CMakeFiles/missing_entry_inert.dir/inert_startup.c.o
[ 57%] Linking C shared library libmissing_entry_inert.so
[ 63%] Building C object CMakeFiles/memory_startup.dir/home/joe/Projects/Thesis/AHLS/new_bsp/new/qualification/ahls-opae-runtime01/sdk/libraries/libopae-c/opae-cfg.c.o
[ 63%] Built target missing_entry_inert
[ 68%] Building C object CMakeFiles/memory_entry_inert.dir/home/joe/Projects/Thesis/AHLS/new_bsp/new/src/host/ahls_memory_entry.c.o
[ 73%] Building C object CMakeFiles/memory_entry_inert.dir/home/joe/Projects/Thesis/AHLS/new_bsp/new/src/host/ahls_qualification_core.c.o
[ 78%] Building C object CMakeFiles/memory_entry_inert.dir/home/joe/Projects/Thesis/AHLS/new_bsp/new/tests/ia840f/memory_host/mock_memory_opae.c.o
[ 84%] Building C object CMakeFiles/memory_entry_inert.dir/inert_startup.c.o
[ 89%] Building C object CMakeFiles/memory_startup.dir/home/joe/Projects/Thesis/AHLS/new_bsp/new/qualification/ahls-opae-runtime01/sdk/tests/framework/mock/opae_std.c.o
[ 94%] Linking C shared library libmemory_entry_inert.so
[ 94%] Built target memory_entry_inert
[100%] Linking C executable memory_startup
[100%] Built target memory_startup
