STARTUP_CTOR explicit=1 ase=0 logfile=0
STARTUP_INIT /proc/self/fd/3
STARTUP_CONFIG_SEALED
API 1 fpgaGetProperties
API 2 fpgaPropertiesSetObjectType
API 3 fpgaPropertiesSetGUID
API 4 fpgaPropertiesSetSegment
API 5 fpgaPropertiesSetBus
API 6 fpgaPropertiesSetDevice
API 7 fpgaPropertiesSetFunction
API 8 fpgaPropertiesSetVendorID
API 9 fpgaPropertiesSetDeviceID
API 10 fpgaPropertiesSetSubsystemVendorID
API 11 fpgaPropertiesSetSubsystemDeviceID
API 12 fpgaEnumerate
API 13 fpgaOpen
API 14 fpgaMapMMIO
FPGA Test identity read 0x0
API 15 fpgaReadMMIO64
FPGA Test identity read 0x8
API 16 fpgaReadMMIO64
FPGA Test identity read 0x10
API 17 fpgaReadMMIO64
FPGA Test capability read 0x98
API 18 fpgaReadMMIO64
FPGA Test capability read 0xa0
API 19 fpgaReadMMIO64
FPGA Test capability read 0xa8
API 20 fpgaReadMMIO64
FPGA Test capability read 0xb0
API 21 fpgaReadMMIO64
API 22 fpgaUnmapMMIO
API 23 fpgaClose
API 24 fpgaDestroyToken
API 25 fpgaDestroyProperties
FPGA Test identity/capability PASSED: banks=2 beat_bytes=64 host_address_bits=57 max_descriptor_beats=130816
No DDR data, DMA, kernel execution, reset, PR or durable-boot test performed.
STARTUP_FINALIZE
INERT_MEMORY_SUMMARY calls=25 filters=10 reads=7 opens=1 maps=1 failed=0 remaining=0 allowed_remaining=0
