[  5%] Building C object CMakeFiles/direct_inert.dir/home/joe/Projects/Thesis/AHLS/new_bsp/new/src/host/ahls_memory_inspect.c.o
[ 11%] Building C object CMakeFiles/frontend_object.dir/home/joe/Projects/Thesis/AHLS/new_bsp/new/src/host/ahls_memory_inspect.c.o
[ 17%] Building C object CMakeFiles/direct_inert.dir/home/joe/Projects/Thesis/AHLS/new_bsp/new/src/host/ahls_qualification_core.c.o
[ 17%] Built target frontend_object
[ 23%] Building C object CMakeFiles/memory_startup.dir/home/joe/Projects/Thesis/AHLS/new_bsp/new/src/host/ahls_memory_startup.c.o
[ 29%] Building C object CMakeFiles/direct_inert.dir/home/joe/Projects/Thesis/AHLS/new_bsp/new/tests/ia840f/memory_host/mock_memory_opae.c.o
[ 35%] Building C object CMakeFiles/memory_startup.dir/home/joe/Projects/Thesis/AHLS/new_bsp/new/src/host/ahls_qualification_core.c.o
[ 41%] Building C object CMakeFiles/direct_inert.dir/inert_startup.c.o
[ 47%] Building C object CMakeFiles/memory_startup.dir/home/joe/Projects/Thesis/AHLS/new_bsp/new/qualification/ahls-opae-runtime01/sdk/libraries/libopae-c/cfg-file.c.o
[ 52%] Linking C executable direct_inert
[ 52%] Built target direct_inert
[ 58%] Building C object CMakeFiles/memory_entry_inert.dir/home/joe/Projects/Thesis/AHLS/new_bsp/new/src/host/ahls_memory_entry.c.o
[ 64%] Building C object CMakeFiles/memory_entry_inert.dir/home/joe/Projects/Thesis/AHLS/new_bsp/new/src/host/ahls_qualification_core.c.o
[ 70%] Building C object CMakeFiles/memory_startup.dir/home/joe/Projects/Thesis/AHLS/new_bsp/new/qualification/ahls-opae-runtime01/sdk/libraries/libopae-c/opae-cfg.c.o
[ 76%] Building C object CMakeFiles/memory_entry_inert.dir/home/joe/Projects/Thesis/AHLS/new_bsp/new/tests/ia840f/memory_host/mock_memory_opae.c.o
[ 82%] Building C object CMakeFiles/memory_entry_inert.dir/inert_startup.c.o
[ 88%] Linking C shared library libmemory_entry_inert.so
[ 94%] Building C object CMakeFiles/memory_startup.dir/home/joe/Projects/Thesis/AHLS/new_bsp/new/qualification/ahls-opae-runtime01/sdk/tests/framework/mock/opae_std.c.o
[ 94%] Built target memory_entry_inert
[100%] Linking C executable memory_startup
[100%] Built target memory_startup
