
Dynamic section at offset 0xbdb0 contains 29 entries:
  Tag        Type                         Name/Value
 0x0000000000000001 (NEEDED)             Shared library: [libjson-c.so.5]
 0x0000000000000001 (NEEDED)             Shared library: [libubsan.so.1]
 0x0000000000000001 (NEEDED)             Shared library: [libc.so.6]
 0x000000000000001d (RUNPATH)            Library runpath: [/home/joe/Projects/Thesis/AHLS/new_bsp/new/qualification/ahls-opae-runtime01/json-prefix/usr/lib/x86_64-linux-gnu]
 0x000000000000000c (INIT)               0x5000
 0x000000000000000d (FINI)               0x9620
 0x0000000000000019 (INIT_ARRAY)         0xcda0
 0x000000000000001b (INIT_ARRAYSZ)       8 (bytes)
 0x000000000000001a (FINI_ARRAY)         0xcda8
 0x000000000000001c (FINI_ARRAYSZ)       8 (bytes)
 0x000000006ffffef5 (GNU_HASH)           0x3b0
 0x0000000000000005 (STRTAB)             0x8e8
 0x0000000000000006 (SYMTAB)             0x3d8
 0x000000000000000a (STRSZ)              1027 (bytes)
 0x000000000000000b (SYMENT)             24 (bytes)
 0x0000000000000015 (DEBUG)              0x0
 0x0000000000000003 (PLTGOT)             0xcfe8
 0x0000000000000002 (PLTRELSZ)           1128 (bytes)
 0x0000000000000014 (PLTREL)             RELA
 0x0000000000000017 (JMPREL)             0x3d98
 0x0000000000000007 (RELA)               0xdf8
 0x0000000000000008 (RELASZ)             12192 (bytes)
 0x0000000000000009 (RELAENT)            24 (bytes)
 0x000000006ffffffb (FLAGS_1)            Flags: PIE
 0x000000006ffffffe (VERNEED)            0xd58
 0x000000006fffffff (VERNEEDNUM)         2
 0x000000006ffffff0 (VERSYM)             0xcec
 0x000000006ffffff9 (RELACOUNT)          502
 0x0000000000000000 (NULL)               0x0
