{
  "work": "/home/uwb_student00/ahls/new_BSP/work_ia840f_fim_11",
  "work04_unchanged": true,
  "maintained_source_unchanged": true,
  "overlay_count": 12,
  "relocation_count": 170,
  "generated_cache": "retained synthesis HDL/XML; no inherited QDB/output databa
se reused",
  "ready_for_build": false,
  "accepted_execution": false,
  "source_review_consumed": false,
  "gate_review_consumed": false,
  "quartus_started": false,
  "ddr_simulation": "SKIPPED BY USER",
  "work04_inventory_sha256": "57dd48021ff22c165796b522cb1695625cfadcd0be0e425577
86a774b9200cd7",
  "staged_inventory_sha256": "d5a148a93fb4c06d37bf30f038ad8e23d6dd372f1d9db2f316
4cfd67772be5a2"
}
{
  "draft_sha256": "10fa545ac9be6b79b75e26619ad3361939c30383ef8dafbb584c08a865d44
300",
  "overlay_sha256": {
    "syn/board/ia840f/setup/emif_loc.tcl": "a48a84b89fd6c5d5fd36c87cfe5c7d03264f
3dea08ea6a447151351a21b523c3",
    "syn/board/ia840f/source_manifest.json": "82d5dabdc760bb24128ab0c9a5c96650da
2d72f6d16f88f2d0d1780e4e745b0e",
    "ofs-common/src/fpga_family/agilex/mem_ss/mem_ss_top.sv": "b9b0deb0582d554cb
2178ed4ee090c088d9841951b19d1223cd4ca96bd9498a1",
    "ofs-common/tools/ofss_config/ia840f_experimental_gate.py": "4bd00f70a301b6e
c66592544a4b637e75ab396f907afdf40e0facfcf707de9f8",
    "ofs-common/tools/ofss_config/ia840f_compile_gate.py": "6492a6b5d1a1b347d1fe
9f6f077d3e9f09bee2744590592a615f3ba03174bf64",
    "ofs-common/tools/ofss_config/test_ia840f_compile_gate.py": "d53dd05b86fbb93
393033b6aef170e31ab7fbd517a0fb00259ffc603268e26e2",
    "ofs-common/scripts/common/syn/build_fim_compile.sh": "0514c9be94702a7ec87e1
6d6e90d844e37a48d097aecc73a0a731331650c7c07",
    "src/board/ia840f/top.sv": "6061a38dd44ed4ae935f3b0ee89a664139205446b94a441e
a384e921b7be0a9d",
    "syn/board/ia840f/setup/top_loc.tcl": "07a08b895a30f12c9553647073ec6a8d7243f
2ca92ce70fd0b1ae5bd698a5be2",
    "syn/board/ia840f/syn_top/ofs_top_sources.tcl": "2056aeb757e8e27eff0aa2589f6
e997a52595b095ca18802ecad1819665ba2aa",
    "syn/board/ia840f/setup/bti_refclk.sdc": "01b76a80f664c4ec0bf553874c68c7f718
78642f205080e29727e50ce71c3cac",
    "syn/board/ia840f/syn_top/ofs_top.qsf": "ad68b5bf4666731449b2ae326a0f307065d
112fb6bb0a9a0a072a0cd6cb1516c"
  },
  "contexts": 135,
  "runtime_tools": 10,
  "work_inventory_entries": 5564,
  "dependency_pins": 106,
  "work04_readback_unchanged": true,
  "maintained_source_readback_unchanged": true,
  "stage_rejection_rc": 1,
  "rejection": "[Errno 2] No such file or directory: '/home/uwb_student00/ahls/n
ew_BSP/qualification/fim-build-11/compile-authorization.json'",
  "native_log_absent": true,
  "claim_absent": true,
  "ready_for_build": false,
  "accepted_execution": false,
  "quartus_started": false
}
WORK11 PREPARATION PASS; NOT ISSUED; NOT LAUNCHED
[uwb_student00@Agilex7Workstation ~]$
