{
  "exported_files_verified": 44,
  "overlay_files": 12,
  "changed_files": [
    "ofs-common/tools/ofss_config/ia840f_experimental_gate.py",
    "ofs-common/tools/ofss_config/ia840f_compile_gate.py",
    "syn/board/ia840f/syn_top/ofs_top.qsf"
  ],
  "contexts": 135,
  "work_inventory_entries": 5564,
  "dependency_pins": 106,
  "dispatch_invocations": 40,
  "dispatch_positive": 12,
  "dispatch_negative": 28,
  "missing_record_cases": 3,
  "patch_sha256": "f6c8092099e83429f63004818e162d853d1b32e2c89cd8864bc14092d258f4ce",
  "qsf_sha256": "ad68b5bf4666731449b2ae326a0f307065d112fb6bb0a9a0a072a0cd6cb1516c",
  "issuer_sha256": "e773fb2d445da6b92c0cddbc9c6b707faf31184364700cf6df9470a43a00c07a",
  "runner_sha256": "f4d41bf2c0a5ab48912ce669a86b0c0d91fa5b18affdf4a8d62d992fbeb57389",
  "draft_sha256": "10fa545ac9be6b79b75e26619ad3361939c30383ef8dafbb584c08a865d44300",
  "ready_for_build": false,
  "authorized": false,
  "launched": false
}
