Info: Generated by version: 26.1.1 build 130
Info: Starting: Create simulation model
Info: qsys-generate /home/uwb_student00/ahls/new_BSP/work_ia840f_fim_06/syn/board/ia840f/syn_top/../../../../ipss/mem/qip/ed_sim/ed_sim_mem_group1.ip --simulation=VERILOG --allow-mixed-language-simulation --simulator=MODELSIM --output-directory=/home/uwb_student00/ahls/new_BSP/work_ia840f_fim_06/ipss/mem/qip/ed_sim/ed_sim_mem_group1 --family="Agilex 7" --part=AGFB027R25A2E2V
Warning: ed_sim_mem_group1.ed_sim_mem_group1: This module has no ports or interfaces
Info: ed_sim_mem_group1: "Transforming system: ed_sim_mem_group1"
Info: ed_sim_mem_group1: "Naming system components in system: ed_sim_mem_group1"
Info: ed_sim_mem_group1: "Processing generation queue"
Info: ed_sim_mem_group1: "Generating: ed_sim_mem_group1"
Info: ed_sim_mem_group1: "Generating: ed_sim_mem_group1_altera_emif_mem_model_191_gbuniiy"
Info: ed_sim_mem_group1: Done "ed_sim_mem_group1" with 2 modules, 2 files
Info: Generating the following file(s) for MODELSIM simulator in /home/uwb_student00/ahls/new_BSP/work_ia840f_fim_06/ipss/mem/qip/ed_sim/ed_sim_mem_group1/sim/ directory:
Info: 	common/modelsim_files.tcl
Info: For information on how to simulate your IP, see the explanatory comments in the simulator-specific subdirectories under /home/uwb_student00/ahls/new_BSP/work_ia840f_fim_06/ipss/mem/qip/ed_sim/ed_sim_mem_group1/sim/.
Info: Regenerate these scripts whenever you make any change to any Quartus-generated IP in your project.
Info: Finished: Create simulation model
Info: Starting: Create simulation script
Info: sim-script-gen --system-file=/home/uwb_student00/ahls/new_BSP/work_ia840f_fim_06/syn/board/ia840f/syn_top/../../../../ipss/mem/qip/ed_sim/ed_sim_mem_group1.ip --simulator=MODELSIM --output-directory=/home/uwb_student00/ahls/new_BSP/work_ia840f_fim_06/ipss/mem/qip/ed_sim/ed_sim_mem_group1/sim/ --use-relative-paths=true --modelsim-flow=traditional
Info: Generating the following file(s) for MODELSIM simulator in /home/uwb_student00/ahls/new_BSP/work_ia840f_fim_06/ipss/mem/qip/ed_sim/ed_sim_mem_group1/sim/ directory:
Info: 	mentor/msim_setup.tcl
Info: 	mentor/run_msim_setup.tcl
Info: For information on how to simulate your IP, see the explanatory comments in the simulator-specific subdirectories under /home/uwb_student00/ahls/new_BSP/work_ia840f_fim_06/ipss/mem/qip/ed_sim/ed_sim_mem_group1/sim/.
Info: Regenerate these scripts whenever you make any change to any Quartus-generated IP in your project.
Info: Finished: Create simulation script
Info: 
Info: Starting: Create HDL design files for synthesis
Info: qsys-generate /home/uwb_student00/ahls/new_BSP/work_ia840f_fim_06/syn/board/ia840f/syn_top/../../../../ipss/mem/qip/ed_sim/ed_sim_mem_group1.ip --synthesis=VERILOG --output-directory=/home/uwb_student00/ahls/new_BSP/work_ia840f_fim_06/ipss/mem/qip/ed_sim/ed_sim_mem_group1 --family="Agilex 7" --part=AGFB027R25A2E2V
Warning: ed_sim_mem_group1.ed_sim_mem_group1: This module has no ports or interfaces
Info: ed_sim_mem_group1: "Transforming system: ed_sim_mem_group1"
Info: ed_sim_mem_group1: "Naming system components in system: ed_sim_mem_group1"
Info: ed_sim_mem_group1: "Processing generation queue"
Info: ed_sim_mem_group1: "Generating: ed_sim_mem_group1"
Info: ed_sim_mem_group1: "Generating: ed_sim_mem_group1_altera_emif_mem_model_191_gbuniiy"
Info: ed_sim_mem_group1: Done "ed_sim_mem_group1" with 2 modules, 2 files
Info: Finished: Create HDL design files for synthesis
