Info: Setting ::env(BITSTREAM_ID)=05010202599ac052
Info: Setting ::env(BITSTREAM_MD)=0000000002609181
Info: Setting ::env(BITSTREAM_INFO)=0000000000000001
Info: Setting ::env(Q_REVISION)=ofs_top
Info: Setting ::env(Q_PR_REVISION)=ofs_pr_afu
Info: Setting ::env(Q_PR_PARTITION_NAME)=green_region
Info: Setting ::env(FME_IFC_ID)=fc4bf1c1-760f-5cd7-8040-b3e86fa0d31e
Info: BUILD_ROOT_REL is ../../../..
Info: Loading PIM-based AFU...
Info: *******************************************************************
Info: Running Quartus Prime Assembler
    Info: Version 25.1.0 Build 129 03/26/2025 SC Pro Edition
    Info: Copyright (C) 2025  Altera Corporation. All rights reserved.
    Info: Your use of Altera Corporation's design tools, logic functions 
    Info: and other software and tools, and any partner logic 
    Info: functions, and any output files from any of the foregoing 
    Info: (including device programming or simulation files), and any 
    Info: associated documentation or information are expressly subject 
    Info: to the terms and conditions of the Altera Program License 
    Info: Subscription Agreement, the Altera Quartus Prime License Agreement,
    Info: the Altera IP License Agreement, or other applicable license
    Info: agreement, including, without limitation, that your use is for
    Info: the sole purpose of programming logic devices manufactured by
    Info: Altera and sold by Altera or its authorized distributors.  Please
    Info: refer to the Altera Software License Subscription Agreements 
    Info: on the Quartus Prime software download page.
    Info: Processing started: Fri Sep 25 18:44:25 2026
    Info: System process ID: 60560
Info: Command: quartus_asm --read_settings_files=on ofs_top -c ofs_pr_afu
Info: Using INI file /home/uwb_student00/ahls/new_BSP/work_caps03_completion01/asm01/persona/build/syn/board/ia840f/syn_top/quartus.ini
Info (16677): Loading final database.
Info (16734): Loading "final" snapshot for partition "root_partition".
Info (16734): Loading "final" snapshot for partition "green_region".
Info (16734): Loading "final" snapshot for partition "auto_fab_1".
Info (16734): Loading "final" snapshot for partition "auto_fab_0".
Critical Warning (20727): The design contains Partial Reconfiguration or Reserved Core partitions with unused input ports. Intel recommends to assign unused inputs within the partition to registers with the synthesis noprune attribute.
    Info (20728): The input port afu_top|pg_afu.port_gasket|pr_slot|afu_main|clk_div2 is dangling on partition green_region.
    Info (20728): The input port afu_top|pg_afu.port_gasket|pr_slot|afu_main|clk_div4 is dangling on partition green_region.
    Info (20728): The input port afu_top|pg_afu.port_gasket|pr_slot|afu_main|uclk_usr is dangling on partition green_region.
    Info (20728): The input port afu_top|pg_afu.port_gasket|pr_slot|afu_main|uclk_usr_div2 is dangling on partition green_region.
Warning (18502): The SDC_FILE assignment in the current design does not match the base design (assignment in current design contains file: "ofs_top.out.sdc", assignment in base design does not contain file).  Check that the assignment in the current design is correct.
Warning (18502): The SDC_FILE assignment in the current design does not match the base design (assignment in current design contains file: "../../../../platform/ofs_plat_if/rtl/utils/prims/ofs_plat_prim.sdc", assignment in base design does not contain file).  Check that the assignment in the current design is correct.
Warning (18502): The SDC_FILE assignment in the current design does not match the base design (assignment in current design contains file: "../../../../platform/ofs_plat_if/rtl/utils/quartus_ip/ofs_plat_utils_avalon_dc_fifo.sdc", assignment in base design does not contain file).  Check that the assignment in the current design is correct.
Warning (18502): The SDC_FILE assignment in the current design does not match the base design (assignment in current design contains file: "../../../../platform/ofs_plat_if/rtl/utils/quartus_ip/ofs_plat_utils_mf_dcfifo.sdc", assignment in base design does not contain file).  Check that the assignment in the current design is correct.
Warning (18502): The SDC_FILE assignment in the current design does not match the base design (assignment in current design contains file: "ofs_partial_reconfig/user_clocks.sdc", assignment in base design does not contain file).  Check that the assignment in the current design is correct.
Warning (18502): The SDC_FILE assignment in the current design does not match the base design (assignment in current design does not contain file, assignment in base design contains file: "../../../../ofs-common/src/common/port_gasket/user_clock/user_clock.sdc").  Check that the assignment in the current design is correct.
Warning (18502): The SDC_FILE assignment in the current design does not match the base design (assignment in current design does not contain file, assignment in base design contains file: "../../../../ofs-common/src/fpga_family/agilex/sys_pll/sys_pll.sdc").  Check that the assignment in the current design is correct.
Warning (18502): The SDC_FILE assignment in the current design does not match the base design (assignment in current design does not contain file, assignment in base design contains file: "../../../../ofs-common/src/common/mem_tg/tg_axi_mem/mem_ss_tg/mem_ss_tg_axi_100/src/mem_ss_tg_axi.sdc").  Check that the assignment in the current design is correct.
Warning (18502): The SDC_FILE assignment in the current design does not match the base design (assignment in current design does not contain file, assignment in base design contains file: "../../../shared_config/setup_user_clock_for_pr.sdc").  Check that the assignment in the current design is correct.
Warning (18502): The SDC_FILE assignment in the current design does not match the base design (assignment in current design does not contain file, assignment in base design contains file: "afu_with_pim/afu/build/platform/ofs_plat_if/rtl/utils/prims/ofs_plat_prim.sdc").  Check that the assignment in the current design is correct.
Warning (18502): The SDC_FILE assignment in the current design does not match the base design (assignment in current design does not contain file, assignment in base design contains file: "afu_with_pim/afu/build/platform/ofs_plat_if/rtl/utils/quartus_ip/ofs_plat_utils_avalon_dc_fifo.sdc").  Check that the assignment in the current design is correct.
Warning (18502): The SDC_FILE assignment in the current design does not match the base design (assignment in current design does not contain file, assignment in base design contains file: "afu_with_pim/afu/build/platform/ofs_plat_if/rtl/utils/quartus_ip/ofs_plat_utils_mf_dcfifo.sdc").  Check that the assignment in the current design is correct.
Warning (18502): The SDC_FILE assignment in the current design does not match the base design (assignment in current design does not contain file, assignment in base design contains file: "../../../shared_config/fim_dcfifo.sdc").  Check that the assignment in the current design is correct.
Warning (18502): The SDC_FILE assignment in the current design does not match the base design (assignment in current design does not contain file, assignment in base design contains file: "../../../shared_config/top.sdc").  Check that the assignment in the current design is correct.
Warning (18502): The SDC_FILE assignment in the current design does not match the base design (assignment in current design does not contain file, assignment in base design contains file: "../setup/bti_refclk.sdc").  Check that the assignment in the current design is correct.
Warning (18502): The SDC_FILE assignment in the current design does not match the base design (assignment in current design does not contain file, assignment in base design contains file: "../../../shared_config/pmci_top.sdc").  Check that the assignment in the current design is correct.
Warning (18502): The SDC_FILE assignment in the current design does not match the base design (assignment in current design does not contain file, assignment in base design contains file: "../setup/bwbmc.sdc").  Check that the assignment in the current design is correct.
Info (16678): Successfully loaded final database: elapsed time is 00:00:18.
Info (18936): Using revision output_files/ofs_top.green_region.pmsf as a baseline for ofs_pr_afu.green_region mask verification
Info (18938): Using revision output_files/ofs_top.static.msf as a baseline for static mask verification
Info (18937): Using revision output_files/ofs_top.sof as a baseline for root region logic preservation verification
Info (20553): Using PR Region: ofs_pr_afu.green_region Hash D05545DB01E41575F9B2C24FE52426F644B846158C3F4B97267AD7D412A5E05186D9F7ACBDA92CD9D279310098916F24
Info (20553): Using CVP Hash 0123456789ABCDEF001122334455667788889999AAAABBBBCCCCDDDDEEEEFFFF
Warning (20536): Programming file generation feature has been removed from the compilation flow and the corresponding legacy settings in the Intel Quartus Prime Setting File (.qsf) have been ignored: GENERATE_RBF_FILE. Use Programmer File Generator or Convert Programming File tool to generate a programming file.
Info (19848): Design hash is 96C9C906D34457F77E6BF11850AB4110E9C6FA60172196FE89DC79928688F8DD
Info (19848): Keyed hash is EEC44B2CAA8975C0039A88F5613C06E16F39051076BDB2F31DE57EDF942342DC
Info: Quartus Prime Assembler was successful. 0 errors, 19 warnings
    Info: Peak virtual memory: 19394 megabytes
    Info: Processing ended: Fri Sep 25 18:50:36 2026
    Info: Elapsed time: 00:06:11
    Info: System process ID: 60560
Built target assembly
