/usr/bin/cmake -S/work/source -B/work/build --check-build-system CMakeFiles/Makefile.cmake 0
/usr/bin/cmake -E cmake_progress_start /work/build/CMakeFiles /work/build//CMakeFiles/progress.marks
/usr/bin/gmake  -f CMakeFiles/Makefile2 all
gmake[1]: Entering directory '/work/build'
/usr/bin/gmake  -f CMakeFiles/frontend_object.dir/build.make CMakeFiles/frontend_object.dir/depend
/usr/bin/gmake  -f CMakeFiles/ahls_memory_startup.dir/build.make CMakeFiles/ahls_memory_startup.dir/depend
gmake[2]: Entering directory '/work/build'
cd /work/build && /usr/bin/cmake -E cmake_depends "Unix Makefiles" /work/source /work/source /work/build /work/build /work/build/CMakeFiles/frontend_object.dir/DependInfo.cmake --color=
gmake[2]: Entering directory '/work/build'
cd /work/build && /usr/bin/cmake -E cmake_depends "Unix Makefiles" /work/source /work/source /work/build /work/build /work/build/CMakeFiles/ahls_memory_startup.dir/DependInfo.cmake --color=
gmake[2]: Leaving directory '/work/build'
/usr/bin/gmake  -f CMakeFiles/frontend_object.dir/build.make CMakeFiles/frontend_object.dir/build
gmake[2]: Leaving directory '/work/build'
/usr/bin/gmake  -f CMakeFiles/ahls_memory_startup.dir/build.make CMakeFiles/ahls_memory_startup.dir/build
gmake[2]: Entering directory '/work/build'
gmake[2]: Entering directory '/work/build'
[ 10%] Building C object CMakeFiles/frontend_object.dir/ahls_memory_inspect.c.o
[ 20%] Building C object CMakeFiles/ahls_memory_startup.dir/ahls_memory_startup.c.o
[ 30%] Building C object CMakeFiles/ahls_memory_startup.dir/sdk/libraries/libopae-c/cfg-file.c.o
/usr/bin/cc -Dmain=ahls_memory_frontend_main -I/work/source/. -I/sdk/include -O3 -DNDEBUG -fPIC -O2 -Wall -Wextra -Werror -UNDEBUG -std=gnu11 -MD -MT CMakeFiles/frontend_object.dir/ahls_memory_inspect.c.o -MF CMakeFiles/frontend_object.dir/ahls_memory_inspect.c.o.d -o CMakeFiles/frontend_object.dir/ahls_memory_inspect.c.o -c /work/source/ahls_memory_inspect.c
[ 40%] Building C object CMakeFiles/ahls_memory_startup.dir/ahls_qualification_core.c.o
[ 50%] Building C object CMakeFiles/ahls_memory_startup.dir/sdk/libraries/libopae-c/opae-cfg.c.o
[ 60%] Building C object CMakeFiles/ahls_memory_startup.dir/sdk/tests/framework/mock/opae_std.c.o
/usr/bin/cc -DSTATIC=static -I/work/source/. -I/sdk/include -I/sdk/libraries/libopae-c -I/sdk/tests/framework -I/work/prefix/usr/include -O3 -DNDEBUG -ffunction-sections -fdata-sections -O2 -Wall -Wextra -Werror -UNDEBUG -std=gnu11 -MD -MT CMakeFiles/ahls_memory_startup.dir/ahls_memory_startup.c.o -MF CMakeFiles/ahls_memory_startup.dir/ahls_memory_startup.c.o.d -o CMakeFiles/ahls_memory_startup.dir/ahls_memory_startup.c.o -c /work/source/ahls_memory_startup.c
/usr/bin/cc -DSTATIC=static -I/work/source/. -I/sdk/include -I/sdk/libraries/libopae-c -I/sdk/tests/framework -I/work/prefix/usr/include -O3 -DNDEBUG -ffunction-sections -fdata-sections -O2 -Wall -Wextra -Werror -UNDEBUG -std=gnu11 -MD -MT CMakeFiles/ahls_memory_startup.dir/ahls_qualification_core.c.o -MF CMakeFiles/ahls_memory_startup.dir/ahls_qualification_core.c.o.d -o CMakeFiles/ahls_memory_startup.dir/ahls_qualification_core.c.o -c /work/source/ahls_qualification_core.c
/usr/bin/cc -DSTATIC=static -D_GNU_SOURCE -I/work/source/. -I/sdk/include -I/sdk/libraries/libopae-c -I/sdk/tests/framework -I/work/prefix/usr/include -O3 -DNDEBUG -ffunction-sections -fdata-sections -O2 -Wall -Wextra -Werror -UNDEBUG -std=gnu11 -MD -MT CMakeFiles/ahls_memory_startup.dir/sdk/libraries/libopae-c/cfg-file.c.o -MF CMakeFiles/ahls_memory_startup.dir/sdk/libraries/libopae-c/cfg-file.c.o.d -o CMakeFiles/ahls_memory_startup.dir/sdk/libraries/libopae-c/cfg-file.c.o -c /sdk/libraries/libopae-c/cfg-file.c
/usr/bin/cc -DSTATIC=static -D_GNU_SOURCE -I/work/source/. -I/sdk/include -I/sdk/libraries/libopae-c -I/sdk/tests/framework -I/work/prefix/usr/include -O3 -DNDEBUG -ffunction-sections -fdata-sections -O2 -Wall -Wextra -Werror -UNDEBUG -std=gnu11 -MD -MT CMakeFiles/ahls_memory_startup.dir/sdk/libraries/libopae-c/opae-cfg.c.o -MF CMakeFiles/ahls_memory_startup.dir/sdk/libraries/libopae-c/opae-cfg.c.o.d -o CMakeFiles/ahls_memory_startup.dir/sdk/libraries/libopae-c/opae-cfg.c.o -c /sdk/libraries/libopae-c/opae-cfg.c
/usr/bin/cc -DSTATIC=static -D_GNU_SOURCE -I/work/source/. -I/sdk/include -I/sdk/libraries/libopae-c -I/sdk/tests/framework -I/work/prefix/usr/include -O3 -DNDEBUG -ffunction-sections -fdata-sections -O2 -Wall -Wextra -Werror -UNDEBUG -std=gnu11 -MD -MT CMakeFiles/ahls_memory_startup.dir/sdk/tests/framework/mock/opae_std.c.o -MF CMakeFiles/ahls_memory_startup.dir/sdk/tests/framework/mock/opae_std.c.o.d -o CMakeFiles/ahls_memory_startup.dir/sdk/tests/framework/mock/opae_std.c.o -c /sdk/tests/framework/mock/opae_std.c
gmake[2]: Leaving directory '/work/build'
[ 60%] Built target frontend_object
/usr/bin/gmake  -f CMakeFiles/ahls_memory_entry_strict.dir/build.make CMakeFiles/ahls_memory_entry_strict.dir/depend
gmake[2]: Entering directory '/work/build'
cd /work/build && /usr/bin/cmake -E cmake_depends "Unix Makefiles" /work/source /work/source /work/build /work/build /work/build/CMakeFiles/ahls_memory_entry_strict.dir/DependInfo.cmake --color=
gmake[2]: Leaving directory '/work/build'
/usr/bin/gmake  -f CMakeFiles/ahls_memory_entry_strict.dir/build.make CMakeFiles/ahls_memory_entry_strict.dir/build
gmake[2]: Entering directory '/work/build'
[ 70%] Building C object CMakeFiles/ahls_memory_entry_strict.dir/ahls_memory_entry_strict.c.o
[ 80%] Building C object CMakeFiles/ahls_memory_entry_strict.dir/ahls_qualification_core.c.o
/usr/bin/cc -Dahls_memory_entry_strict_EXPORTS -I/work/source/. -I/sdk/include -O3 -DNDEBUG -fPIC -O2 -Wall -Wextra -Werror -UNDEBUG -std=gnu11 -MD -MT CMakeFiles/ahls_memory_entry_strict.dir/ahls_memory_entry_strict.c.o -MF CMakeFiles/ahls_memory_entry_strict.dir/ahls_memory_entry_strict.c.o.d -o CMakeFiles/ahls_memory_entry_strict.dir/ahls_memory_entry_strict.c.o -c /work/source/ahls_memory_entry_strict.c
/usr/bin/cc -Dahls_memory_entry_strict_EXPORTS -I/work/source/. -I/sdk/include -O3 -DNDEBUG -fPIC -O2 -Wall -Wextra -Werror -UNDEBUG -std=gnu11 -MD -MT CMakeFiles/ahls_memory_entry_strict.dir/ahls_qualification_core.c.o -MF CMakeFiles/ahls_memory_entry_strict.dir/ahls_qualification_core.c.o.d -o CMakeFiles/ahls_memory_entry_strict.dir/ahls_qualification_core.c.o -c /work/source/ahls_qualification_core.c
[ 90%] Linking C executable ahls_memory_startup
/usr/bin/cmake -E cmake_link_script CMakeFiles/ahls_memory_startup.dir/link.txt --verbose=1
/usr/bin/cc -O3 -DNDEBUG -Wl,--gc-sections -Wl,-z,defs -Wl,-Map=/work/build/startup.map CMakeFiles/ahls_memory_startup.dir/ahls_memory_startup.c.o CMakeFiles/ahls_memory_startup.dir/ahls_qualification_core.c.o CMakeFiles/ahls_memory_startup.dir/sdk/libraries/libopae-c/cfg-file.c.o CMakeFiles/ahls_memory_startup.dir/sdk/libraries/libopae-c/opae-cfg.c.o CMakeFiles/ahls_memory_startup.dir/sdk/tests/framework/mock/opae_std.c.o -o ahls_memory_startup  -Wl,-rpath,/work/prefix/usr/lib/x86_64-linux-gnu /work/prefix/usr/lib/x86_64-linux-gnu/libjson-c.so -ldl 
gmake[2]: Leaving directory '/work/build'
[100%] Linking C shared library libahls_memory_entry_strict.so
/usr/bin/cmake -E cmake_link_script CMakeFiles/ahls_memory_entry_strict.dir/link.txt --verbose=1
[100%] Built target ahls_memory_startup
/usr/bin/cc -fPIC -O3 -DNDEBUG -Wl,-z,defs -Wl,-Map=/work/build/entry.map -shared -Wl,-soname,libahls_memory_entry_strict.so -o libahls_memory_entry_strict.so CMakeFiles/ahls_memory_entry_strict.dir/ahls_memory_entry_strict.c.o CMakeFiles/ahls_memory_entry_strict.dir/ahls_qualification_core.c.o CMakeFiles/frontend_object.dir/ahls_memory_inspect.c.o  -Wl,-rpath,/work/sdk-build/lib:/work/prefix/usr/lib/x86_64-linux-gnu /work/sdk-build/lib/libopae-c.so 
gmake[2]: Leaving directory '/work/build'
[100%] Built target ahls_memory_entry_strict
gmake[1]: Leaving directory '/work/build'
/usr/bin/cmake -E cmake_progress_start /work/build/CMakeFiles 0
