
Dynamic section at offset 0x2adc8 contains 28 entries:
  Tag        Type                         Name/Value
 0x0000000000000001 (NEEDED)             Shared library: [libjson-c.so.5]
 0x0000000000000001 (NEEDED)             Shared library: [libuuid.so.1]
 0x0000000000000001 (NEEDED)             Shared library: [libc.so.6]
 0x000000000000000e (SONAME)             Library soname: [libopae-c.so.2]
 0x000000000000001d (RUNPATH)            Library runpath: [/work/prefix/usr/lib/x86_64-linux-gnu:]
 0x000000000000000c (INIT)               0x5000
 0x000000000000000d (FINI)               0x22b98
 0x0000000000000019 (INIT_ARRAY)         0x2bda8
 0x000000000000001b (INIT_ARRAYSZ)       16 (bytes)
 0x000000000000001a (FINI_ARRAY)         0x2bdb8
 0x000000000000001c (FINI_ARRAYSZ)       16 (bytes)
 0x000000006ffffef5 (GNU_HASH)           0x2f0
 0x0000000000000005 (STRTAB)             0x1fc0
 0x0000000000000006 (SYMTAB)             0x838
 0x000000000000000a (STRSZ)              4603 (bytes)
 0x000000000000000b (SYMENT)             24 (bytes)
 0x0000000000000003 (PLTGOT)             0x2c000
 0x0000000000000002 (PLTRELSZ)           2856 (bytes)
 0x0000000000000014 (PLTREL)             RELA
 0x0000000000000017 (JMPREL)             0x4380
 0x0000000000000007 (RELA)               0x3498
 0x0000000000000008 (RELASZ)             3816 (bytes)
 0x0000000000000009 (RELAENT)            24 (bytes)
 0x000000006ffffffe (VERNEED)            0x33b8
 0x000000006fffffff (VERNEEDNUM)         3
 0x000000006ffffff0 (VERSYM)             0x31bc
 0x000000006ffffff9 (RELACOUNT)          152
 0x0000000000000000 (NULL)               0x0
