
Symbol table '.dynsym' contains 251 entries:
   Num:    Value          Size Type    Bind   Vis      Ndx Name
     0: 0000000000000000     0 NOTYPE  LOCAL  DEFAULT  UND 
     1: 0000000000000000     0 FUNC    GLOBAL DEFAULT  UND getenv@GLIBC_2.2.5 (2)
     2: 0000000000000000     0 FUNC    GLOBAL DEFAULT  UND globfree@GLIBC_2.2.5 (2)
     3: 0000000000000000     0 FUNC    GLOBAL DEFAULT  UND __snprintf_chk@GLIBC_2.3.4 (3)
     4: 0000000000000000     0 FUNC    GLOBAL DEFAULT  UND dlerror@GLIBC_2.34 (4)
     5: 0000000000000000     0 FUNC    GLOBAL DEFAULT  UND free@GLIBC_2.2.5 (2)
     6: 0000000000000000     0 FUNC    GLOBAL DEFAULT  UND json_object_is_type@JSONC_0.14 (5)
     7: 0000000000000000     0 FUNC    GLOBAL DEFAULT  UND json_object_get_boolean@JSONC_0.14 (5)
     8: 0000000000000000     0 FUNC    GLOBAL DEFAULT  UND __vfprintf_chk@GLIBC_2.3.4 (3)
     9: 0000000000000000     0 FUNC    GLOBAL DEFAULT  UND __errno_location@GLIBC_2.2.5 (2)
    10: 0000000000000000     0 FUNC    GLOBAL DEFAULT  UND uuid_unparse@UUID_1.0 (6)
    11: 0000000000000000     0 FUNC    GLOBAL DEFAULT  UND strncmp@GLIBC_2.2.5 (2)
    12: 0000000000000000     0 NOTYPE  WEAK   DEFAULT  UND _ITM_deregisterTMCloneTable
    13: 0000000000000000     0 OBJECT  GLOBAL DEFAULT  UND stdout@GLIBC_2.2.5 (2)
    14: 0000000000000000     0 FUNC    GLOBAL DEFAULT  UND json_object_array_get_idx@JSONC_0.14 (5)
    15: 0000000000000000     0 FUNC    GLOBAL DEFAULT  UND __isoc99_fscanf@GLIBC_2.7 (7)
    16: 0000000000000000     0 FUNC    GLOBAL DEFAULT  UND ferror@GLIBC_2.2.5 (2)
    17: 0000000000000000     0 FUNC    GLOBAL DEFAULT  UND fread@GLIBC_2.2.5 (2)
    18: 0000000000000000     0 FUNC    GLOBAL DEFAULT  UND json_object_to_json_string_ext@JSONC_0.14 (5)
    19: 0000000000000000     0 FUNC    GLOBAL DEFAULT  UND readlink@GLIBC_2.2.5 (2)
    20: 0000000000000000     0 FUNC    GLOBAL DEFAULT  UND __open_2@GLIBC_2.7 (7)
    21: 0000000000000000     0 FUNC    GLOBAL DEFAULT  UND fclose@GLIBC_2.2.5 (2)
    22: 0000000000000000     0 FUNC    GLOBAL DEFAULT  UND opendir@GLIBC_2.2.5 (2)
    23: 0000000000000000     0 FUNC    GLOBAL DEFAULT  UND getpwuid@GLIBC_2.2.5 (2)
    24: 0000000000000000     0 FUNC    GLOBAL DEFAULT  UND json_tokener_error_desc@JSONC_0.14 (5)
    25: 0000000000000000     0 FUNC    GLOBAL DEFAULT  UND strlen@GLIBC_2.2.5 (2)
    26: 0000000000000000     0 FUNC    GLOBAL DEFAULT  UND __stack_chk_fail@GLIBC_2.4 (8)
    27: 0000000000000000     0 FUNC    GLOBAL DEFAULT  UND getuid@GLIBC_2.2.5 (2)
    28: 0000000000000000     0 FUNC    GLOBAL DEFAULT  UND pthread_mutex_destroy@GLIBC_2.2.5 (2)
    29: 0000000000000000     0 FUNC    GLOBAL DEFAULT  UND pclose@GLIBC_2.2.5 (2)
    30: 0000000000000000     0 FUNC    GLOBAL DEFAULT  UND snprintf@GLIBC_2.2.5 (2)
    31: 0000000000000000     0 FUNC    GLOBAL DEFAULT  UND pthread_mutexattr_settype@GLIBC_2.34 (4)
    32: 0000000000000000     0 FUNC    GLOBAL DEFAULT  UND ioctl@GLIBC_2.2.5 (2)
    33: 0000000000000000     0 FUNC    GLOBAL DEFAULT  UND strnlen@GLIBC_2.2.5 (2)
    34: 0000000000000000     0 FUNC    GLOBAL DEFAULT  UND scandir@GLIBC_2.2.5 (2)
    35: 0000000000000000     0 FUNC    GLOBAL DEFAULT  UND canonicalize_file_name@GLIBC_2.2.5 (2)
    36: 0000000000000000     0 FUNC    GLOBAL DEFAULT  UND close@GLIBC_2.2.5 (2)
    37: 0000000000000000     0 FUNC    GLOBAL DEFAULT  UND json_object_get_string@JSONC_0.14 (5)
    38: 0000000000000000     0 FUNC    GLOBAL DEFAULT  UND sched_setaffinity@GLIBC_2.3.4 (3)
    39: 0000000000000000     0 FUNC    GLOBAL DEFAULT  UND closedir@GLIBC_2.2.5 (2)
    40: 0000000000000000     0 FUNC    GLOBAL DEFAULT  UND read@GLIBC_2.2.5 (2)
    41: 0000000000000000     0 FUNC    GLOBAL DEFAULT  UND lstat@GLIBC_2.33 (9)
    42: 0000000000000000     0 FUNC    GLOBAL DEFAULT  UND calloc@GLIBC_2.2.5 (2)
    43: 0000000000000000     0 FUNC    GLOBAL DEFAULT  UND json_tokener_parse_verbose@JSONC_0.14 (5)
    44: 0000000000000000     0 FUNC    GLOBAL DEFAULT  UND strcmp@GLIBC_2.2.5 (2)
    45: 0000000000000000     0 FUNC    GLOBAL DEFAULT  UND dlopen@GLIBC_2.34 (4)
    46: 0000000000000000     0 FUNC    GLOBAL DEFAULT  UND __memcpy_chk@GLIBC_2.3.4 (3)
    47: 0000000000000000     0 FUNC    GLOBAL DEFAULT  UND ftell@GLIBC_2.2.5 (2)
    48: 0000000000000000     0 NOTYPE  WEAK   DEFAULT  UND __gmon_start__
    49: 0000000000000000     0 FUNC    GLOBAL DEFAULT  UND stat@GLIBC_2.33 (9)
    50: 0000000000000000     0 FUNC    GLOBAL DEFAULT  UND strtol@GLIBC_2.2.5 (2)
    51: 0000000000000000     0 FUNC    GLOBAL DEFAULT  UND realpath@GLIBC_2.3 (10)
    52: 0000000000000000     0 FUNC    GLOBAL DEFAULT  UND memcpy@GLIBC_2.14 (11)
    53: 0000000000000000     0 FUNC    GLOBAL DEFAULT  UND readdir@GLIBC_2.2.5 (2)
    54: 0000000000000000     0 FUNC    GLOBAL DEFAULT  UND pthread_mutex_unlock@GLIBC_2.2.5 (2)
    55: 0000000000000000     0 FUNC    GLOBAL DEFAULT  UND malloc@GLIBC_2.2.5 (2)
    56: 0000000000000000     0 FUNC    GLOBAL DEFAULT  UND json_object_put@JSONC_0.14 (5)
    57: 0000000000000000     0 FUNC    GLOBAL DEFAULT  UND fseek@GLIBC_2.2.5 (2)
    58: 0000000000000000     0 FUNC    GLOBAL DEFAULT  UND open@GLIBC_2.2.5 (2)
    59: 0000000000000000     0 FUNC    GLOBAL DEFAULT  UND access@GLIBC_2.2.5 (2)
    60: 0000000000000000     0 FUNC    GLOBAL DEFAULT  UND popen@GLIBC_2.2.5 (2)
    61: 0000000000000000     0 FUNC    GLOBAL DEFAULT  UND fopen@GLIBC_2.2.5 (2)
    62: 0000000000000000     0 FUNC    GLOBAL DEFAULT  UND dlsym@GLIBC_2.34 (4)
    63: 0000000000000000     0 FUNC    GLOBAL DEFAULT  UND strtoul@GLIBC_2.2.5 (2)
    64: 0000000000000000     0 FUNC    GLOBAL DEFAULT  UND glob@GLIBC_2.27 (12)
    65: 0000000000000000     0 FUNC    GLOBAL DEFAULT  UND fwrite@GLIBC_2.2.5 (2)
    66: 0000000000000000     0 FUNC    GLOBAL DEFAULT  UND __fprintf_chk@GLIBC_2.3.4 (3)
    67: 0000000000000000     0 NOTYPE  WEAK   DEFAULT  UND _ITM_registerTMCloneTable
    68: 0000000000000000     0 FUNC    GLOBAL DEFAULT  UND json_object_object_get_ex@JSONC_0.14 (5)
    69: 0000000000000000     0 FUNC    GLOBAL DEFAULT  UND pthread_mutexattr_init@GLIBC_2.34 (4)
    70: 0000000000000000     0 FUNC    GLOBAL DEFAULT  UND strdup@GLIBC_2.2.5 (2)
    71: 0000000000000000     0 FUNC    GLOBAL DEFAULT  UND strerror@GLIBC_2.2.5 (2)
    72: 0000000000000000     0 FUNC    GLOBAL DEFAULT  UND dlclose@GLIBC_2.34 (4)
    73: 0000000000000000     0 FUNC    GLOBAL DEFAULT  UND pthread_mutex_init@GLIBC_2.2.5 (2)
    74: 0000000000000000     0 FUNC    WEAK   DEFAULT  UND __cxa_finalize@GLIBC_2.2.5 (2)
    75: 0000000000000000     0 FUNC    GLOBAL DEFAULT  UND pthread_mutexattr_destroy@GLIBC_2.34 (4)
    76: 0000000000000000     0 FUNC    GLOBAL DEFAULT  UND fstatat@GLIBC_2.33 (9)
    77: 0000000000000000     0 FUNC    GLOBAL DEFAULT  UND pthread_mutex_lock@GLIBC_2.2.5 (2)
    78: 0000000000000000     0 FUNC    GLOBAL DEFAULT  UND json_object_array_length@JSONC_0.14 (5)
    79: 0000000000000000     0 OBJECT  GLOBAL DEFAULT  UND stderr@GLIBC_2.2.5 (2)
    80: 000000000001cd60   687 FUNC    GLOBAL DEFAULT   14 fpgaPropertiesSetSubsystemVendorID
    81: 000000000000d4e0   492 FUNC    GLOBAL DEFAULT   14 fpgaReadError
    82: 00000000000095c0    89 FUNC    GLOBAL DEFAULT   14 opae_allocate_wrapped_object
    83: 000000000000fe80   492 FUNC    GLOBAL DEFAULT   14 fpgaReconfigureSlot
    84: 00000000000225a0    54 FUNC    GLOBAL DEFAULT   14 opae_read
    85: 0000000000014d60   687 FUNC    GLOBAL DEFAULT   14 fpgaPropertiesSetSegment
    86: 00000000000117a0   492 FUNC    GLOBAL DEFAULT   14 fpgaObjectRead64
    87: 000000000000af40   348 FUNC    GLOBAL DEFAULT   14 fpgaWriteMMIO64
    88: 00000000000225e0    54 FUNC    GLOBAL DEFAULT   14 opae_fopen
    89: 000000000000f930   356 FUNC    GLOBAL DEFAULT   14 fpgaAssignPortToInterface
    90: 000000000001a1b0   895 FUNC    GLOBAL DEFAULT   14 fpgaPropertiesSetNumMMIO
    91: 0000000000022b60    54 FUNC    GLOBAL DEFAULT   14 opae_strdup
    92: 000000000000fc90   490 FUNC    GLOBAL DEFAULT   14 fpgaReleaseFromInterface
    93: 000000000000e430  1610 FUNC    GLOBAL DEFAULT   14 fpgaGetOSObjectFromEventHandle
    94: 000000000000b8e0  2896 FUNC    GLOBAL DEFAULT   14 fpgaEnumerate
    95: 0000000000010070  1013 FUNC    GLOBAL DEFAULT   14 fpgaTokenGetObject
    96: 0000000000022740    54 FUNC    GLOBAL DEFAULT   14 opae_opendir
    97: 0000000000010fd0   501 FUNC    GLOBAL DEFAULT   14 fpgaDestroyObject
    98: 0000000000011990   356 FUNC    GLOBAL DEFAULT   14 fpgaObjectWrite64
    99: 0000000000007970   919 FUNC    GLOBAL DEFAULT   14 opae_plugin_mgr_finalize_all
   100: 0000000000021310  4559 FUNC    GLOBAL DEFAULT   14 opae_parse_libopae_json
   101: 0000000000022980    54 FUNC    GLOBAL DEFAULT   14 opae_glob
   102: 0000000000012380   652 FUNC    GLOBAL DEFAULT   14 fpgaGetMetricsByIndex
   103: 00000000000092d0   134 FUNC    GLOBAL DEFAULT   14 opae_allocate_wrapped_handle
   104: 000000000001c950  1039 FUNC    GLOBAL DEFAULT   14 fpgaPropertiesGetSubsystemVendorID
   105: 000000000000b360   348 FUNC    GLOBAL DEFAULT   14 fpgaReadMMIO32
   106: 000000000000faa0   490 FUNC    GLOBAL DEFAULT   14 fpgaAssignToInterface
   107: 0000000000015010  1039 FUNC    GLOBAL DEFAULT   14 fpgaPropertiesGetBus
   108: 000000000000b4c0   348 FUNC    GLOBAL DEFAULT   14 fpgaWriteMMIO512
   109: 00000000000146a0   687 FUNC    GLOBAL DEFAULT   14 fpgaPropertiesSetObjectType
   110: 0000000000016fb0   687 FUNC    GLOBAL DEFAULT   14 fpgaPropertiesSetDeviceID
   111: 000000000001df90   605 FUNC    GLOBAL DEFAULT   14 opae_find_cfg_file
   112: 00000000000194d0   170 FUNC    GLOBAL DEFAULT   14 fpgaPropertiesGetCapabilities
   113: 0000000000022800    54 FUNC    GLOBAL DEFAULT   14 opae_stat
   114: 00000000000156d0  1039 FUNC    GLOBAL DEFAULT   14 fpgaPropertiesGetDevice
   115: 000000000001eca0    50 FUNC    GLOBAL DEFAULT   14 opae_print_fpgainfo_config
   116: 0000000000022ae0    54 FUNC    GLOBAL DEFAULT   14 opae_free
   117: 000000000001d6d0  1009 FUNC    GLOBAL DEFAULT   14 afu_open_children
   118: 000000000000c790   231 FUNC    GLOBAL DEFAULT   14 fpgaDestroyToken
   119: 0000000000008080   629 FUNC    GLOBAL DEFAULT   14 opae_plugin_mgr_for_each_adapter
   120: 0000000000008c90   130 FUNC    GLOBAL DEFAULT   14 opae_allocate_wrapped_token
   121: 000000000000b780   348 FUNC    GLOBAL DEFAULT   14 fpgaUnmapMMIO
   122: 000000000001a9d0   895 FUNC    GLOBAL DEFAULT   14 fpgaPropertiesSetNumInterrupts
   123: 000000000000cd40   372 FUNC    GLOBAL DEFAULT   14 fpgaReleaseBuffer
   124: 0000000000016ba0  1039 FUNC    GLOBAL DEFAULT   14 fpgaPropertiesGetDeviceID
   125: 000000000000a4c0  1429 FUNC    GLOBAL DEFAULT   14 fpgaGetProperties
   126: 000000000000d200   194 FUNC    GLOBAL DEFAULT   14 fpgaGetOPAECVersion
   127: 0000000000019210   170 FUNC    GLOBAL DEFAULT   14 fpgaPropertiesGetModel
   128: 00000000000226e0    89 FUNC    GLOBAL DEFAULT   14 opae_ioctl
   129: 0000000000008620   886 FUNC    GLOBAL DEFAULT   14 ia840f_opae_initialize_strict
   130: 000000000000f2d0  1626 FUNC    GLOBAL DEFAULT   14 fpgaUnregisterEvent
   131: 000000000001ebb0   156 FUNC    GLOBAL DEFAULT   14 opae_free_libopae_config
   132: 000000000000c880    55 FUNC    GLOBAL DEFAULT   14 fpgaGetNumUmsg
   133: 000000000001ec50    78 FUNC    GLOBAL DEFAULT   14 opae_parse_fpgainfo_config
   134: 000000000001c040   687 FUNC    GLOBAL DEFAULT   14 fpgaPropertiesSetNumErrors
   135: 000000000000b200   348 FUNC    GLOBAL DEFAULT   14 fpgaWriteMMIO32
   136: 00000000000161a0   831 FUNC    GLOBAL DEFAULT   14 fpgaPropertiesSetFunction
   137: 000000000001dde0   426 FUNC    GLOBAL DEFAULT   14 afu_unpin_buffer
   138: 0000000000008300   786 FUNC    GLOBAL DEFAULT   14 opae_plugin_mgr_register_plugin
   139: 0000000000009d40   381 FUNC    GLOBAL DEFAULT   14 fpgaClose
   140: 00000000000192c0   170 FUNC    GLOBAL DEFAULT   14 fpgaPropertiesSetModel
   141: 000000000001eb20    78 FUNC    GLOBAL DEFAULT   14 opae_parse_libopae_config
   142: 0000000000019420   170 FUNC    GLOBAL DEFAULT   14 fpgaPropertiesSetLocalMemorySize
   143: 0000000000022880    54 FUNC    GLOBAL DEFAULT   14 opae_fstatat
   144: 0000000000009ec0   348 FUNC    GLOBAL DEFAULT   14 fpgaReset
   145: 00000000000096a0  1112 FUNC    GLOBAL DEFAULT   14 fpgaOpen
   146: 0000000000022b20    54 FUNC    GLOBAL DEFAULT   14 opae_canonicalize_file_name
   147: 0000000000015d90  1039 FUNC    GLOBAL DEFAULT   14 fpgaPropertiesGetFunction
   148: 0000000000022900    54 FUNC    GLOBAL DEFAULT   14 opae_scandir
   149: 0000000000022660    54 FUNC    GLOBAL DEFAULT   14 opae_popen
   150: 000000000001eeb0  4295 FUNC    GLOBAL DEFAULT   14 opae_parse_fpgad_json
   151: 0000000000019370   170 FUNC    GLOBAL DEFAULT   14 fpgaPropertiesGetLocalMemorySize
   152: 00000000000089a0   269 FUNC    GLOBAL DEFAULT   14 fpgaErrStr
   153: 0000000000011b00   356 FUNC    GLOBAL DEFAULT   14 fpgaSetUserClock
   154: 000000000001ee10   156 FUNC    GLOBAL DEFAULT   14 opae_free_fpgad_config
   155: 000000000001dad0   242 FUNC    GLOBAL DEFAULT   14 afu_close_children
   156: 00000000000226a0    54 FUNC    GLOBAL DEFAULT   14 opae_pclose
   157: 0000000000022a60    54 FUNC    GLOBAL DEFAULT   14 opae_malloc
   158: 0000000000022a20    54 FUNC    GLOBAL DEFAULT   14 opae_realpath
   159: 000000000001e550  1481 FUNC    GLOBAL DEFAULT   14 opae_parse_device_id
   160: 0000000000011f00   492 FUNC    GLOBAL DEFAULT   14 fpgaGetNumMetrics
   161: 000000000000d3c0   274 FUNC    GLOBAL DEFAULT   14 fpgaGetOPAECBuildString
   162: 0000000000018300  1207 FUNC    GLOBAL DEFAULT   14 fpgaPropertiesGetBBSVersion
   163: 00000000000227c0    54 FUNC    GLOBAL DEFAULT   14 opae_readlink
   164: 0000000000012a90   404 FUNC    GLOBAL DEFAULT   14 opae_print
   165: 000000000000d9b0   492 FUNC    GLOBAL DEFAULT   14 fpgaGetErrorInfo
   166: 000000000001a530  1175 FUNC    GLOBAL DEFAULT   14 fpgaPropertiesGetNumInterrupts
   167: 0000000000018f60   687 FUNC    GLOBAL DEFAULT   14 fpgaPropertiesSetVendorID
   168: 000000000002e508     4 OBJECT  GLOBAL DEFAULT   25 initialized
   169: 000000000001c6a0   687 FUNC    GLOBAL DEFAULT   14 fpgaPropertiesSetInterface
   170: 0000000000022520    56 FUNC    GLOBAL DEFAULT   14 opae_open_create
   171: 0000000000015ae0   687 FUNC    GLOBAL DEFAULT   14 fpgaPropertiesSetDevice
   172: 00000000000168f0   687 FUNC    GLOBAL DEFAULT   14 fpgaPropertiesSetSocketID
   173: 0000000000009360   597 FUNC    GLOBAL DEFAULT   14 opae_allocate_wrapped_event_handle
   174: 000000000000aa60  1239 FUNC    GLOBAL DEFAULT   14 fpgaUpdateProperties
   175: 000000000000c900    55 FUNC    GLOBAL DEFAULT   14 fpgaTriggerUmsg
   176: 0000000000018b50  1039 FUNC    GLOBAL DEFAULT   14 fpgaPropertiesGetVendorID
   177: 0000000000022940    54 FUNC    GLOBAL DEFAULT   14 opae_sched_setaffinity
   178: 00000000000229c0    90 FUNC    GLOBAL DEFAULT   14 opae_globfree
   179: 00000000000228c0    54 FUNC    GLOBAL DEFAULT   14 opae_access
   180: 00000000000224e0    54 FUNC    GLOBAL DEFAULT   14 opae_open
   181: 0000000000010bd0  1013 FUNC    GLOBAL DEFAULT   14 fpgaObjectGetObject
   182: 000000000001ad50  1175 FUNC    GLOBAL DEFAULT   14 fpgaPropertiesGetAcceleratorState
   183: 000000000000dd00  1837 FUNC    GLOBAL DEFAULT   14 fpgaDestroyEventHandle
   184: 00000000000164e0  1039 FUNC    GLOBAL DEFAULT   14 fpgaPropertiesGetSocketID
   185: 0000000000019a50   703 FUNC    GLOBAL DEFAULT   14 fpgaPropertiesSetGUID
   186: 000000000000ea80  2124 FUNC    GLOBAL DEFAULT   14 fpgaRegisterEvent
   187: 0000000000015420   687 FUNC    GLOBAL DEFAULT   14 fpgaPropertiesSetBus
   188: 0000000000017ab0  1207 FUNC    GLOBAL DEFAULT   14 fpgaPropertiesGetBBSID
   189: 0000000000022840    54 FUNC    GLOBAL DEFAULT   14 opae_lstat
   190: 000000000000d840   356 FUNC    GLOBAL DEFAULT   14 fpgaClearAllErrors
   191: 00000000000115b0   492 FUNC    GLOBAL DEFAULT   14 fpgaObjectGetType
   192: 0000000000013b30   943 FUNC    GLOBAL DEFAULT   14 fpgaPropertiesGetParent
   193: 0000000000012610   644 FUNC    GLOBAL DEFAULT   14 fpgaGetMetricsByName
   194: 000000000001d420   687 FUNC    GLOBAL DEFAULT   14 fpgaPropertiesSetSubsystemDeviceID
   195: 000000000001bc30  1039 FUNC    GLOBAL DEFAULT   14 fpgaPropertiesGetNumErrors
   196: 000000000000c8c0    55 FUNC    GLOBAL DEFAULT   14 fpgaSetUmsgAttributes
   197: 0000000000014290  1039 FUNC    GLOBAL DEFAULT   14 fpgaPropertiesGetObjectType
   198: 0000000000017f70   903 FUNC    GLOBAL DEFAULT   14 fpgaPropertiesSetBBSID
   199: 0000000000022780    54 FUNC    GLOBAL DEFAULT   14 opae_closedir
   200: 0000000000013850   735 FUNC    GLOBAL DEFAULT   14 fpgaClearProperties
   201: 0000000000022560    54 FUNC    GLOBAL DEFAULT   14 opae_close
   202: 000000000001ece0   156 FUNC    GLOBAL DEFAULT   14 opae_free_fpgainfo_config
   203: 0000000000009660    62 FUNC    GLOBAL DEFAULT   14 fpgaFinalize
   204: 000000000000b620   348 FUNC    GLOBAL DEFAULT   14 fpgaMapMMIO
   205: 000000000000a020  1171 FUNC    GLOBAL DEFAULT   14 fpgaGetPropertiesFromHandle
   206: 000000000000d6d0   356 FUNC    GLOBAL DEFAULT   14 fpgaClearError
   207: 0000000000017720   903 FUNC    GLOBAL DEFAULT   14 fpgaPropertiesSetNumSlots
   208: 000000000000d0b0   325 FUNC    GLOBAL DEFAULT   14 fpgaBindSVA
   209: 0000000000010870   861 FUNC    GLOBAL DEFAULT   14 fpgaObjectGetObjectAt
   210: 000000000001ff80  4997 FUNC    GLOBAL DEFAULT   14 opae_parse_fpgainfo_json
   211: 0000000000008ab0   474 FUNC    GLOBAL DEFAULT   14 opae_upref_wrapped_token
   212: 000000000000d2d0   234 FUNC    GLOBAL DEFAULT   14 fpgaGetOPAECVersionString
   213: 0000000000019580   170 FUNC    GLOBAL DEFAULT   14 fpgaPropertiesSetCapabilities
   214: 000000000000c940    55 FUNC    GLOBAL DEFAULT   14 fpgaGetUmsgPtr
   215: 0000000000009b00   562 FUNC    GLOBAL DEFAULT   14 fpgaGetChildren
   216: 00000000000111d0   492 FUNC    GLOBAL DEFAULT   14 fpgaObjectRead
   217: 000000000001b980   687 FUNC    GLOBAL DEFAULT   14 fpgaPropertiesSetObjectID
   218: 0000000000007d10   869 FUNC    GLOBAL DEFAULT   14 opae_plugin_mgr_initialize
   219: 000000000001c2f0   943 FUNC    GLOBAL DEFAULT   14 fpgaPropertiesGetInterface
   220: 00000000000128a0   492 FUNC    GLOBAL DEFAULT   14 fpgaGetMetricsThresholdInfo
   221: 0000000000011c70   644 FUNC    GLOBAL DEFAULT   14 fpgaGetUserClock
   222: 0000000000017260  1207 FUNC    GLOBAL DEFAULT   14 fpgaPropertiesGetNumSlots
   223: 0000000000019630  1047 FUNC    GLOBAL DEFAULT   14 fpgaPropertiesGetGUID
   224: 0000000000013370  1246 FUNC    GLOBAL DEFAULT   14 fpgaCloneProperties
   225: 000000000000c430   861 FUNC    GLOBAL DEFAULT   14 fpgaCloneToken
   226: 00000000000187c0   903 FUNC    GLOBAL DEFAULT   14 fpgaPropertiesSetBBSVersion
   227: 000000000001e1f0   858 FUNC    GLOBAL DEFAULT   14 opae_read_cfg_file
   228: 000000000001dbd0   522 FUNC    GLOBAL DEFAULT   14 afu_pin_buffer
   229: 0000000000022620    54 FUNC    GLOBAL DEFAULT   14 opae_fclose
   230: 0000000000022aa0    54 FUNC    GLOBAL DEFAULT   14 opae_calloc
   231: 000000000001ed80    78 FUNC    GLOBAL DEFAULT   14 opae_parse_fpgad_config
   232: 00000000000113c0   492 FUNC    GLOBAL DEFAULT   14 fpgaObjectGetSize
   233: 000000000001b1f0   895 FUNC    GLOBAL DEFAULT   14 fpgaPropertiesSetAcceleratorState
   234: 000000000001b570  1039 FUNC    GLOBAL DEFAULT   14 fpgaPropertiesGetObjectID
   235: 0000000000009620    62 FUNC    GLOBAL DEFAULT   14 fpgaInitialize
   236: 000000000000c980   954 FUNC    GLOBAL DEFAULT   14 fpgaPrepareBuffer
   237: 0000000000014950  1039 FUNC    GLOBAL DEFAULT   14 fpgaPropertiesGetSegment
   238: 000000000001edd0    50 FUNC    GLOBAL DEFAULT   14 opae_print_fpgad_config
   239: 0000000000019d10  1175 FUNC    GLOBAL DEFAULT   14 fpgaPropertiesGetNumMMIO
   240: 000000000001d010  1039 FUNC    GLOBAL DEFAULT   14 fpgaPropertiesGetSubsystemDeviceID
   241: 000000000000b0a0   348 FUNC    GLOBAL DEFAULT   14 fpgaReadMMIO64
   242: 000000000000dba0   340 FUNC    GLOBAL DEFAULT   14 fpgaCreateEventHandle
   243: 0000000000008f00   474 FUNC    GLOBAL DEFAULT   14 opae_downref_wrapped_token
   244: 000000000001eb70    50 FUNC    GLOBAL DEFAULT   14 opae_print_libopae_config
   245: 0000000000012c30   722 FUNC    GLOBAL DEFAULT   14 opae_properties_create
   246: 00000000000120f0   644 FUNC    GLOBAL DEFAULT   14 fpgaGetMetricsInfo
   247: 0000000000012f10  1119 FUNC    GLOBAL DEFAULT   14 fpgaDestroyProperties
   248: 000000000000cec0   492 FUNC    GLOBAL DEFAULT   14 fpgaGetIOAddress
   249: 0000000000010470  1013 FUNC    GLOBAL DEFAULT   14 fpgaHandleGetObject
   250: 0000000000013ee0   943 FUNC    GLOBAL DEFAULT   14 fpgaPropertiesSetParent
