
Elf file type is DYN (Position-Independent Executable file)
Entry point 0x2c20
There are 13 program headers, starting at offset 64

Program Headers:
  Type           Offset   VirtAddr           PhysAddr           FileSiz  MemSiz   Flg Align
  PHDR           0x000040 0x0000000000000040 0x0000000000000040 0x0002d8 0x0002d8 R   0x8
  INTERP         0x000318 0x0000000000000318 0x0000000000000318 0x00001c 0x00001c R   0x1
      [Requesting program interpreter: /lib64/ld-linux-x86-64.so.2]
  LOAD           0x000000 0x0000000000000000 0x0000000000000000 0x001b10 0x001b10 R   0x1000
  LOAD           0x002000 0x0000000000002000 0x0000000000002000 0x002779 0x002779 R E 0x1000
  LOAD           0x005000 0x0000000000005000 0x0000000000005000 0x000df8 0x000df8 R   0x1000
  LOAD           0x006c50 0x0000000000007c50 0x0000000000007c50 0x000a70 0x000a80 RW  0x1000
  DYNAMIC        0x006c60 0x0000000000007c60 0x0000000000007c60 0x000210 0x000210 RW  0x8
  NOTE           0x000338 0x0000000000000338 0x0000000000000338 0x000030 0x000030 R   0x8
  NOTE           0x000368 0x0000000000000368 0x0000000000000368 0x000044 0x000044 R   0x4
  GNU_PROPERTY   0x000338 0x0000000000000338 0x0000000000000338 0x000030 0x000030 R   0x8
  GNU_EH_FRAME   0x005af8 0x0000000000005af8 0x0000000000005af8 0x000074 0x000074 R   0x4
  GNU_STACK      0x000000 0x0000000000000000 0x0000000000000000 0x000000 0x000000 RW  0x10
  GNU_RELRO      0x006c50 0x0000000000007c50 0x0000000000007c50 0x0003b0 0x0003b0 R   0x1

 Section to Segment mapping:
  Segment Sections...
   00     
   01     .interp 
   02     .interp .note.gnu.property .note.gnu.build-id .note.ABI-tag .gnu.hash .dynsym .dynstr .gnu.version .gnu.version_r .rela.dyn .rela.plt 
   03     .init .plt .plt.got .plt.sec .text .fini 
   04     .rodata .eh_frame_hdr .eh_frame 
   05     .init_array .fini_array .dynamic .got .data .bss 
   06     .dynamic 
   07     .note.gnu.property 
   08     .note.gnu.build-id .note.ABI-tag 
   09     .note.gnu.property 
   10     .eh_frame_hdr 
   11     
   12     .init_array .fini_array .dynamic .got 
