
Symbol table '.dynsym' contains 49 entries:
   Num:    Value          Size Type    Bind   Vis      Ndx Name
     0: 0000000000000000     0 NOTYPE  LOCAL  DEFAULT  UND 
     1: 0000000000000000     0 FUNC    GLOBAL DEFAULT  UND __snprintf_chk@GLIBC_2.3.4 (2)
     2: 0000000000000000     0 FUNC    GLOBAL DEFAULT  UND dlerror@GLIBC_2.34 (3)
     3: 0000000000000000     0 FUNC    GLOBAL DEFAULT  UND free@GLIBC_2.2.5 (4)
     4: 0000000000000000     0 FUNC    GLOBAL DEFAULT  UND json_object_is_type@JSONC_0.14 (5)
     5: 0000000000000000     0 FUNC    GLOBAL DEFAULT  UND json_object_get_boolean@JSONC_0.14 (5)
     6: 0000000000000000     0 FUNC    GLOBAL DEFAULT  UND __vfprintf_chk@GLIBC_2.3.4 (2)
     7: 0000000000000000     0 FUNC    GLOBAL DEFAULT  UND __libc_start_main@GLIBC_2.34 (3)
     8: 0000000000000000     0 FUNC    GLOBAL DEFAULT  UND __errno_location@GLIBC_2.2.5 (4)
     9: 0000000000000000     0 FUNC    GLOBAL DEFAULT  UND memfd_create@GLIBC_2.27 (6)
    10: 0000000000000000     0 FUNC    GLOBAL DEFAULT  UND strncmp@GLIBC_2.2.5 (4)
    11: 0000000000000000     0 NOTYPE  WEAK   DEFAULT  UND _ITM_deregisterTMCloneTable
    12: 0000000000000000     0 FUNC    GLOBAL DEFAULT  UND json_object_array_get_idx@JSONC_0.14 (5)
    13: 0000000000000000     0 FUNC    GLOBAL DEFAULT  UND json_object_to_json_string_ext@JSONC_0.14 (5)
    14: 0000000000000000     0 FUNC    GLOBAL DEFAULT  UND fcntl@GLIBC_2.2.5 (4)
    15: 0000000000000000     0 FUNC    GLOBAL DEFAULT  UND setenv@GLIBC_2.2.5 (4)
    16: 0000000000000000     0 FUNC    GLOBAL DEFAULT  UND write@GLIBC_2.2.5 (4)
    17: 0000000000000000     0 FUNC    GLOBAL DEFAULT  UND json_tokener_error_desc@JSONC_0.14 (5)
    18: 0000000000000000     0 FUNC    GLOBAL DEFAULT  UND strlen@GLIBC_2.2.5 (4)
    19: 0000000000000000     0 FUNC    GLOBAL DEFAULT  UND __stack_chk_fail@GLIBC_2.4 (7)
    20: 0000000000000000     0 FUNC    GLOBAL DEFAULT  UND lseek@GLIBC_2.2.5 (4)
    21: 0000000000000000     0 FUNC    GLOBAL DEFAULT  UND close@GLIBC_2.2.5 (4)
    22: 0000000000000000     0 FUNC    GLOBAL DEFAULT  UND json_object_get_string@JSONC_0.14 (5)
    23: 0000000000000000     0 FUNC    GLOBAL DEFAULT  UND memchr@GLIBC_2.2.5 (4)
    24: 0000000000000000     0 FUNC    GLOBAL DEFAULT  UND read@GLIBC_2.2.5 (4)
    25: 0000000000000000     0 FUNC    GLOBAL DEFAULT  UND calloc@GLIBC_2.2.5 (4)
    26: 0000000000000000     0 FUNC    GLOBAL DEFAULT  UND json_tokener_parse_verbose@JSONC_0.14 (5)
    27: 0000000000000000     0 FUNC    GLOBAL DEFAULT  UND strcmp@GLIBC_2.2.5 (4)
    28: 0000000000000000     0 FUNC    GLOBAL DEFAULT  UND dlopen@GLIBC_2.34 (3)
    29: 0000000000000000     0 NOTYPE  WEAK   DEFAULT  UND __gmon_start__
    30: 0000000000000000     0 FUNC    GLOBAL DEFAULT  UND stat@GLIBC_2.33 (8)
    31: 0000000000000000     0 FUNC    GLOBAL DEFAULT  UND malloc@GLIBC_2.2.5 (4)
    32: 0000000000000000     0 FUNC    GLOBAL DEFAULT  UND __isoc99_sscanf@GLIBC_2.7 (9)
    33: 0000000000000000     0 FUNC    GLOBAL DEFAULT  UND json_object_put@JSONC_0.14 (5)
    34: 0000000000000000     0 FUNC    GLOBAL DEFAULT  UND open@GLIBC_2.2.5 (4)
    35: 0000000000000000     0 FUNC    GLOBAL DEFAULT  UND perror@GLIBC_2.2.5 (4)
    36: 0000000000000000     0 FUNC    GLOBAL DEFAULT  UND unsetenv@GLIBC_2.2.5 (4)
    37: 0000000000000000     0 FUNC    GLOBAL DEFAULT  UND dlsym@GLIBC_2.34 (3)
    38: 0000000000000000     0 FUNC    GLOBAL DEFAULT  UND strtoul@GLIBC_2.2.5 (4)
    39: 0000000000000000     0 FUNC    GLOBAL DEFAULT  UND fwrite@GLIBC_2.2.5 (4)
    40: 0000000000000000     0 FUNC    GLOBAL DEFAULT  UND __fprintf_chk@GLIBC_2.3.4 (2)
    41: 0000000000000000     0 NOTYPE  WEAK   DEFAULT  UND _ITM_registerTMCloneTable
    42: 0000000000000000     0 FUNC    GLOBAL DEFAULT  UND json_object_object_get_ex@JSONC_0.14 (5)
    43: 0000000000000000     0 FUNC    GLOBAL DEFAULT  UND strdup@GLIBC_2.2.5 (4)
    44: 0000000000000000     0 FUNC    GLOBAL DEFAULT  UND fstat@GLIBC_2.33 (8)
    45: 0000000000000000     0 FUNC    GLOBAL DEFAULT  UND json_object_array_length@JSONC_0.14 (5)
    46: 0000000000000000     0 FUNC    GLOBAL DEFAULT  UND __ctype_b_loc@GLIBC_2.3 (10)
    47: 0000000000000000     0 FUNC    WEAK   DEFAULT  UND __cxa_finalize@GLIBC_2.2.5 (4)
    48: 00000000000086c0     8 OBJECT  GLOBAL DEFAULT   26 stderr@GLIBC_2.2.5 (4)
