DMA test bank0 bytes=512 source_iova=0x0 destination_iova=0x1000
DMA_SNAPSHOT phase=immediate status=0x000000023041000a monotonic_sec=2985 monotonic_nsec=372564842
DMA_WORD phase=immediate index=0 expected=0x0000000000000000 source=0x0000000000000000 actual=0x0000000000000000
DMA_WORD phase=immediate index=1 expected=0x0000000000000001 source=0x0000000000000001 actual=0x0000000000000001
DMA_WORD phase=immediate index=2 expected=0x0000000000000002 source=0x0000000000000002 actual=0x0000000000000002
DMA_WORD phase=immediate index=3 expected=0x0000000000000003 source=0x0000000000000003 actual=0x0000000000000003
DMA_WORD phase=immediate index=4 expected=0x0000000000000004 source=0x0000000000000004 actual=0x0000000000000004
DMA_WORD phase=immediate index=5 expected=0x0000000000000005 source=0x0000000000000005 actual=0x0000000000000005
DMA_WORD phase=immediate index=6 expected=0x0000000000000006 source=0x0000000000000006 actual=0x0000000000000006
DMA_WORD phase=immediate index=7 expected=0x0000000000000007 source=0x0000000000000007 actual=0x0000000000000007
DMA_WORD phase=immediate index=8 expected=0x0000000000000008 source=0x0000000000000008 actual=0x0000000000000008
DMA_WORD phase=immediate index=9 expected=0x0000000000000009 source=0x0000000000000009 actual=0x0000000000000009
DMA_WORD phase=immediate index=10 expected=0x000000000000000a source=0x000000000000000a actual=0x000000000000000a
DMA_WORD phase=immediate index=11 expected=0x000000000000000b source=0x000000000000000b actual=0x000000000000000b
DMA_WORD phase=immediate index=12 expected=0x000000000000000c source=0x000000000000000c actual=0x000000000000000c
DMA_WORD phase=immediate index=13 expected=0x000000000000000d source=0x000000000000000d actual=0x000000000000000d
DMA_WORD phase=immediate index=14 expected=0x000000000000000e source=0x000000000000000e actual=0x000000000000000e
DMA_WORD phase=immediate index=15 expected=0x000000000000000f source=0x000000000000000f actual=0x000000000000000f
DMA_WORD phase=immediate index=16 expected=0x0000000000000010 source=0x0000000000000010 actual=0x0000000000000010
DMA_WORD phase=immediate index=17 expected=0x0000000000000011 source=0x0000000000000011 actual=0x0000000000000011
DMA_WORD phase=immediate index=18 expected=0x0000000000000012 source=0x0000000000000012 actual=0x0000000000000012
DMA_WORD phase=immediate index=19 expected=0x0000000000000013 source=0x0000000000000013 actual=0x0000000000000013
DMA_WORD phase=immediate index=20 expected=0x0000000000000014 source=0x0000000000000014 actual=0x0000000000000014
DMA_WORD phase=immediate index=21 expected=0x0000000000000015 source=0x0000000000000015 actual=0x0000000000000015
DMA_WORD phase=immediate index=22 expected=0x0000000000000016 source=0x0000000000000016 actual=0x0000000000000016
DMA_WORD phase=immediate index=23 expected=0x0000000000000017 source=0x0000000000000017 actual=0x0000000000000017
DMA_WORD phase=immediate index=24 expected=0x0000000000000018 source=0x0000000000000018 actual=0x0000000000000018
DMA_WORD phase=immediate index=25 expected=0x0000000000000019 source=0x0000000000000019 actual=0x0000000000000019
DMA_WORD phase=immediate index=26 expected=0x000000000000001a source=0x000000000000001a actual=0x000000000000001a
DMA_WORD phase=immediate index=27 expected=0x000000000000001b source=0x000000000000001b actual=0x000000000000001b
DMA_WORD phase=immediate index=28 expected=0x000000000000001c source=0x000000000000001c actual=0x000000000000001c
DMA_WORD phase=immediate index=29 expected=0x000000000000001d source=0x000000000000001d actual=0x000000000000001d
DMA_WORD phase=immediate index=30 expected=0x000000000000001e source=0x000000000000001e actual=0x000000000000001e
DMA_WORD phase=immediate index=31 expected=0x000000000000001f source=0x000000000000001f actual=0x000000000000001f
DMA_WORD phase=immediate index=32 expected=0x0000000000000020 source=0x0000000000000020 actual=0x0000000000000020
DMA_WORD phase=immediate index=33 expected=0x0000000000000021 source=0x0000000000000021 actual=0x0000000000000021
DMA_WORD phase=immediate index=34 expected=0x0000000000000022 source=0x0000000000000022 actual=0x0000000000000022
DMA_WORD phase=immediate index=35 expected=0x0000000000000023 source=0x0000000000000023 actual=0x0000000000000023
DMA_WORD phase=immediate index=36 expected=0x0000000000000024 source=0x0000000000000024 actual=0x0000000000000024
DMA_WORD phase=immediate index=37 expected=0x0000000000000025 source=0x0000000000000025 actual=0x0000000000000025
DMA_WORD phase=immediate index=38 expected=0x0000000000000026 source=0x0000000000000026 actual=0x0000000000000026
DMA_WORD phase=immediate index=39 expected=0x0000000000000027 source=0x0000000000000027 actual=0x0000000000000027
DMA_WORD phase=immediate index=40 expected=0x0000000000000028 source=0x0000000000000028 actual=0x0000000000000028
DMA_WORD phase=immediate index=41 expected=0x0000000000000029 source=0x0000000000000029 actual=0x0000000000000029
DMA_WORD phase=immediate index=42 expected=0x000000000000002a source=0x000000000000002a actual=0x000000000000002a
DMA_WORD phase=immediate index=43 expected=0x000000000000002b source=0x000000000000002b actual=0x000000000000002b
DMA_WORD phase=immediate index=44 expected=0x000000000000002c source=0x000000000000002c actual=0x000000000000002c
DMA_WORD phase=immediate index=45 expected=0x000000000000002d source=0x000000000000002d actual=0x000000000000002d
DMA_WORD phase=immediate index=46 expected=0x000000000000002e source=0x000000000000002e actual=0x000000000000002e
DMA_WORD phase=immediate index=47 expected=0x000000000000002f source=0x000000000000002f actual=0x000000000000002f
DMA_WORD phase=immediate index=48 expected=0x0000000000000030 source=0x0000000000000030 actual=0x0000000000000030
DMA_WORD phase=immediate index=49 expected=0x0000000000000031 source=0x0000000000000031 actual=0x0000000000000031
DMA_WORD phase=immediate index=50 expected=0x0000000000000032 source=0x0000000000000032 actual=0x0000000000000032
DMA_WORD phase=immediate index=51 expected=0x0000000000000033 source=0x0000000000000033 actual=0x0000000000000033
DMA_WORD phase=immediate index=52 expected=0x0000000000000034 source=0x0000000000000034 actual=0x0000000000000034
DMA_WORD phase=immediate index=53 expected=0x0000000000000035 source=0x0000000000000035 actual=0x0000000000000035
DMA_WORD phase=immediate index=54 expected=0x0000000000000036 source=0x0000000000000036 actual=0x0000000000000036
DMA_WORD phase=immediate index=55 expected=0x0000000000000037 source=0x0000000000000037 actual=0x0000000000000037
DMA_WORD phase=immediate index=56 expected=0x0000000000000038 source=0x0000000000000038 actual=0x0000000000000038
DMA_WORD phase=immediate index=57 expected=0x0000000000000039 source=0x0000000000000039 actual=0x0000000000000039
DMA_WORD phase=immediate index=58 expected=0x000000000000003a source=0x000000000000003a actual=0x000000000000003a
DMA_WORD phase=immediate index=59 expected=0x000000000000003b source=0x000000000000003b actual=0x000000000000003b
DMA_WORD phase=immediate index=60 expected=0x000000000000003c source=0x000000000000003c actual=0x000000000000003c
DMA_WORD phase=immediate index=61 expected=0x000000000000003d source=0x000000000000003d actual=0x000000000000003d
DMA_WORD phase=immediate index=62 expected=0x000000000000003e source=0x000000000000003e actual=0x000000000000003e
DMA_WORD phase=immediate index=63 expected=0x000000000000003f source=0x000000000000003f actual=0x000000000000003f
DMA_SNAPSHOT phase=delayed status=0x000000023041000a monotonic_sec=2985 monotonic_nsec=472730066
DMA_WORD phase=delayed index=0 expected=0x0000000000000000 source=0x0000000000000000 actual=0x0000000000000000
DMA_WORD phase=delayed index=1 expected=0x0000000000000001 source=0x0000000000000001 actual=0x0000000000000001
DMA_WORD phase=delayed index=2 expected=0x0000000000000002 source=0x0000000000000002 actual=0x0000000000000002
DMA_WORD phase=delayed index=3 expected=0x0000000000000003 source=0x0000000000000003 actual=0x0000000000000003
DMA_WORD phase=delayed index=4 expected=0x0000000000000004 source=0x0000000000000004 actual=0x0000000000000004
DMA_WORD phase=delayed index=5 expected=0x0000000000000005 source=0x0000000000000005 actual=0x0000000000000005
DMA_WORD phase=delayed index=6 expected=0x0000000000000006 source=0x0000000000000006 actual=0x0000000000000006
DMA_WORD phase=delayed index=7 expected=0x0000000000000007 source=0x0000000000000007 actual=0x0000000000000007
DMA_WORD phase=delayed index=8 expected=0x0000000000000008 source=0x0000000000000008 actual=0x0000000000000008
DMA_WORD phase=delayed index=9 expected=0x0000000000000009 source=0x0000000000000009 actual=0x0000000000000009
DMA_WORD phase=delayed index=10 expected=0x000000000000000a source=0x000000000000000a actual=0x000000000000000a
DMA_WORD phase=delayed index=11 expected=0x000000000000000b source=0x000000000000000b actual=0x000000000000000b
DMA_WORD phase=delayed index=12 expected=0x000000000000000c source=0x000000000000000c actual=0x000000000000000c
DMA_WORD phase=delayed index=13 expected=0x000000000000000d source=0x000000000000000d actual=0x000000000000000d
DMA_WORD phase=delayed index=14 expected=0x000000000000000e source=0x000000000000000e actual=0x000000000000000e
DMA_WORD phase=delayed index=15 expected=0x000000000000000f source=0x000000000000000f actual=0x000000000000000f
DMA_WORD phase=delayed index=16 expected=0x0000000000000010 source=0x0000000000000010 actual=0x0000000000000010
DMA_WORD phase=delayed index=17 expected=0x0000000000000011 source=0x0000000000000011 actual=0x0000000000000011
DMA_WORD phase=delayed index=18 expected=0x0000000000000012 source=0x0000000000000012 actual=0x0000000000000012
DMA_WORD phase=delayed index=19 expected=0x0000000000000013 source=0x0000000000000013 actual=0x0000000000000013
DMA_WORD phase=delayed index=20 expected=0x0000000000000014 source=0x0000000000000014 actual=0x0000000000000014
DMA_WORD phase=delayed index=21 expected=0x0000000000000015 source=0x0000000000000015 actual=0x0000000000000015
DMA_WORD phase=delayed index=22 expected=0x0000000000000016 source=0x0000000000000016 actual=0x0000000000000016
DMA_WORD phase=delayed index=23 expected=0x0000000000000017 source=0x0000000000000017 actual=0x0000000000000017
DMA_WORD phase=delayed index=24 expected=0x0000000000000018 source=0x0000000000000018 actual=0x0000000000000018
DMA_WORD phase=delayed index=25 expected=0x0000000000000019 source=0x0000000000000019 actual=0x0000000000000019
DMA_WORD phase=delayed index=26 expected=0x000000000000001a source=0x000000000000001a actual=0x000000000000001a
DMA_WORD phase=delayed index=27 expected=0x000000000000001b source=0x000000000000001b actual=0x000000000000001b
DMA_WORD phase=delayed index=28 expected=0x000000000000001c source=0x000000000000001c actual=0x000000000000001c
DMA_WORD phase=delayed index=29 expected=0x000000000000001d source=0x000000000000001d actual=0x000000000000001d
DMA_WORD phase=delayed index=30 expected=0x000000000000001e source=0x000000000000001e actual=0x000000000000001e
DMA_WORD phase=delayed index=31 expected=0x000000000000001f source=0x000000000000001f actual=0x000000000000001f
DMA_WORD phase=delayed index=32 expected=0x0000000000000020 source=0x0000000000000020 actual=0x0000000000000020
DMA_WORD phase=delayed index=33 expected=0x0000000000000021 source=0x0000000000000021 actual=0x0000000000000021
DMA_WORD phase=delayed index=34 expected=0x0000000000000022 source=0x0000000000000022 actual=0x0000000000000022
DMA_WORD phase=delayed index=35 expected=0x0000000000000023 source=0x0000000000000023 actual=0x0000000000000023
DMA_WORD phase=delayed index=36 expected=0x0000000000000024 source=0x0000000000000024 actual=0x0000000000000024
DMA_WORD phase=delayed index=37 expected=0x0000000000000025 source=0x0000000000000025 actual=0x0000000000000025
DMA_WORD phase=delayed index=38 expected=0x0000000000000026 source=0x0000000000000026 actual=0x0000000000000026
DMA_WORD phase=delayed index=39 expected=0x0000000000000027 source=0x0000000000000027 actual=0x0000000000000027
DMA_WORD phase=delayed index=40 expected=0x0000000000000028 source=0x0000000000000028 actual=0x0000000000000028
DMA_WORD phase=delayed index=41 expected=0x0000000000000029 source=0x0000000000000029 actual=0x0000000000000029
DMA_WORD phase=delayed index=42 expected=0x000000000000002a source=0x000000000000002a actual=0x000000000000002a
DMA_WORD phase=delayed index=43 expected=0x000000000000002b source=0x000000000000002b actual=0x000000000000002b
DMA_WORD phase=delayed index=44 expected=0x000000000000002c source=0x000000000000002c actual=0x000000000000002c
DMA_WORD phase=delayed index=45 expected=0x000000000000002d source=0x000000000000002d actual=0x000000000000002d
DMA_WORD phase=delayed index=46 expected=0x000000000000002e source=0x000000000000002e actual=0x000000000000002e
DMA_WORD phase=delayed index=47 expected=0x000000000000002f source=0x000000000000002f actual=0x000000000000002f
DMA_WORD phase=delayed index=48 expected=0x0000000000000030 source=0x0000000000000030 actual=0x0000000000000030
DMA_WORD phase=delayed index=49 expected=0x0000000000000031 source=0x0000000000000031 actual=0x0000000000000031
DMA_WORD phase=delayed index=50 expected=0x0000000000000032 source=0x0000000000000032 actual=0x0000000000000032
DMA_WORD phase=delayed index=51 expected=0x0000000000000033 source=0x0000000000000033 actual=0x0000000000000033
DMA_WORD phase=delayed index=52 expected=0x0000000000000034 source=0x0000000000000034 actual=0x0000000000000034
DMA_WORD phase=delayed index=53 expected=0x0000000000000035 source=0x0000000000000035 actual=0x0000000000000035
DMA_WORD phase=delayed index=54 expected=0x0000000000000036 source=0x0000000000000036 actual=0x0000000000000036
DMA_WORD phase=delayed index=55 expected=0x0000000000000037 source=0x0000000000000037 actual=0x0000000000000037
DMA_WORD phase=delayed index=56 expected=0x0000000000000038 source=0x0000000000000038 actual=0x0000000000000038
DMA_WORD phase=delayed index=57 expected=0x0000000000000039 source=0x0000000000000039 actual=0x0000000000000039
DMA_WORD phase=delayed index=58 expected=0x000000000000003a source=0x000000000000003a actual=0x000000000000003a
DMA_WORD phase=delayed index=59 expected=0x000000000000003b source=0x000000000000003b actual=0x000000000000003b
DMA_WORD phase=delayed index=60 expected=0x000000000000003c source=0x000000000000003c actual=0x000000000000003c
DMA_WORD phase=delayed index=61 expected=0x000000000000003d source=0x000000000000003d actual=0x000000000000003d
DMA_WORD phase=delayed index=62 expected=0x000000000000003e source=0x000000000000003e actual=0x000000000000003e
DMA_WORD phase=delayed index=63 expected=0x000000000000003f source=0x000000000000003f actual=0x000000000000003f
CHECK DMA diagnostic bank=0 bytes=512 words=64 immediate_errors=0 delayed_errors=0 source_errors=0 PASS
