Info: Generated by version: 26.1.1 build 130
Info: Starting: Create simulation model
Info: qsys-generate /home/uwb_student00/ahls/new_BSP/work_ia840f_fim_06/syn/board/ia840f/syn_top/../../../../ofs-common/src/fpga_family/agilex/user_clock/qph_user_clk_iopll_reconfig.ip --simulation=VERILOG --allow-mixed-language-simulation --simulator=MODELSIM --output-directory=/home/uwb_student00/ahls/new_BSP/work_ia840f_fim_06/ofs-common/src/fpga_family/agilex/user_clock/qph_user_clk_iopll_reconfig --family="Agilex 7" --part=AGFB027R25A2E2V
Info: qph_user_clk_iopll_reconfig.iopll_reconfig_0: Using the MIF file recalibration.mif for recalibration.
Warning: qph_user_clk_iopll_reconfig.iopll_reconfig_0: Advanced Reconfiguration has been enabled. It is strongly recommended to use a MIF file instead of Advanced Reconfiguration, as Advanced Reconfiguration is error prone and could result in an IOPLL with an illegal configuration if done incorrectly.
Info: qph_user_clk_iopll_reconfig.iopll_reconfig_0: MIF file found: /opt/altera/26.1.1/ip/altera/altera_iopll_reconfig/recalibration.mif
Info: qph_user_clk_iopll_reconfig.iopll_reconfig_0: Validating MIF file: In order for validation to be meaningful, the original configuration of the IOPLL must be included in the MIF file.
Info: qph_user_clk_iopll_reconfig.iopll_reconfig_0: MIF_ADDRESS_0: 0
Info: qph_user_clk_iopll_reconfig.iopll_reconfig_0: Validating MIF file: The MIF file is valid.
Info: qph_user_clk_iopll_reconfig: "Transforming system: qph_user_clk_iopll_reconfig"
Info: qph_user_clk_iopll_reconfig: "Naming system components in system: qph_user_clk_iopll_reconfig"
Info: qph_user_clk_iopll_reconfig: "Processing generation queue"
Info: qph_user_clk_iopll_reconfig: "Generating: qph_user_clk_iopll_reconfig"
Info: qph_user_clk_iopll_reconfig: "Generating: altera_iopll_reconfig_top"
Info: qph_user_clk_iopll_reconfig: Done "qph_user_clk_iopll_reconfig" with 2 modules, 6 files
Info: Generating the following file(s) for MODELSIM simulator in /home/uwb_student00/ahls/new_BSP/work_ia840f_fim_06/ofs-common/src/fpga_family/agilex/user_clock/qph_user_clk_iopll_reconfig/sim/ directory:
Info: 	common/modelsim_files.tcl
Info: For information on how to simulate your IP, see the explanatory comments in the simulator-specific subdirectories under /home/uwb_student00/ahls/new_BSP/work_ia840f_fim_06/ofs-common/src/fpga_family/agilex/user_clock/qph_user_clk_iopll_reconfig/sim/.
Info: Regenerate these scripts whenever you make any change to any Quartus-generated IP in your project.
Info: Finished: Create simulation model
Info: Starting: Create simulation script
Info: sim-script-gen --system-file=/home/uwb_student00/ahls/new_BSP/work_ia840f_fim_06/syn/board/ia840f/syn_top/../../../../ofs-common/src/fpga_family/agilex/user_clock/qph_user_clk_iopll_reconfig.ip --simulator=MODELSIM --output-directory=/home/uwb_student00/ahls/new_BSP/work_ia840f_fim_06/ofs-common/src/fpga_family/agilex/user_clock/qph_user_clk_iopll_reconfig/sim/ --use-relative-paths=true --modelsim-flow=traditional
Info: Generating the following file(s) for MODELSIM simulator in /home/uwb_student00/ahls/new_BSP/work_ia840f_fim_06/ofs-common/src/fpga_family/agilex/user_clock/qph_user_clk_iopll_reconfig/sim/ directory:
Info: 	mentor/msim_setup.tcl
Info: 	mentor/run_msim_setup.tcl
Info: For information on how to simulate your IP, see the explanatory comments in the simulator-specific subdirectories under /home/uwb_student00/ahls/new_BSP/work_ia840f_fim_06/ofs-common/src/fpga_family/agilex/user_clock/qph_user_clk_iopll_reconfig/sim/.
Info: Regenerate these scripts whenever you make any change to any Quartus-generated IP in your project.
Info: Finished: Create simulation script
Info: 
Info: Starting: Create HDL design files for synthesis
Info: qsys-generate /home/uwb_student00/ahls/new_BSP/work_ia840f_fim_06/syn/board/ia840f/syn_top/../../../../ofs-common/src/fpga_family/agilex/user_clock/qph_user_clk_iopll_reconfig.ip --synthesis=VERILOG --output-directory=/home/uwb_student00/ahls/new_BSP/work_ia840f_fim_06/ofs-common/src/fpga_family/agilex/user_clock/qph_user_clk_iopll_reconfig --family="Agilex 7" --part=AGFB027R25A2E2V
Info: qph_user_clk_iopll_reconfig.iopll_reconfig_0: Using the MIF file recalibration.mif for recalibration.
Warning: qph_user_clk_iopll_reconfig.iopll_reconfig_0: Advanced Reconfiguration has been enabled. It is strongly recommended to use a MIF file instead of Advanced Reconfiguration, as Advanced Reconfiguration is error prone and could result in an IOPLL with an illegal configuration if done incorrectly.
Info: qph_user_clk_iopll_reconfig.iopll_reconfig_0: MIF file found: /opt/altera/26.1.1/ip/altera/altera_iopll_reconfig/recalibration.mif
Info: qph_user_clk_iopll_reconfig.iopll_reconfig_0: Validating MIF file: In order for validation to be meaningful, the original configuration of the IOPLL must be included in the MIF file.
Info: qph_user_clk_iopll_reconfig.iopll_reconfig_0: MIF_ADDRESS_0: 0
Info: qph_user_clk_iopll_reconfig.iopll_reconfig_0: Validating MIF file: The MIF file is valid.
Info: qph_user_clk_iopll_reconfig: "Transforming system: qph_user_clk_iopll_reconfig"
Info: qph_user_clk_iopll_reconfig: "Naming system components in system: qph_user_clk_iopll_reconfig"
Info: qph_user_clk_iopll_reconfig: "Processing generation queue"
Info: qph_user_clk_iopll_reconfig: "Generating: qph_user_clk_iopll_reconfig"
Info: qph_user_clk_iopll_reconfig: "Generating: altera_iopll_reconfig_top"
Info: qph_user_clk_iopll_reconfig: Done "qph_user_clk_iopll_reconfig" with 2 modules, 6 files
Info: Finished: Create HDL design files for synthesis
