Info: Generated by version: 26.1.1 build 130
Info: Starting: Create simulation model
Info: qsys-generate /home/uwb_student00/ahls/new_BSP/work_ia840f_fim_06/syn/board/ia840f/syn_top/../../../../ipss/ia840f/bwbmc/ip/bmc_spi_sub/sdm_mailbox.ip --simulation=VERILOG --allow-mixed-language-simulation --simulator=MODELSIM --output-directory=/home/uwb_student00/ahls/new_BSP/work_ia840f_fim_06/ipss/ia840f/bwbmc/ip/bmc_spi_sub/sdm_mailbox --family="Agilex 7" --part=AGFB027R25A2E2V
Info: sdm_mailbox: "Transforming system: sdm_mailbox"
Info: sdm_mailbox: "Naming system components in system: sdm_mailbox"
Info: sdm_mailbox: "Processing generation queue"
Info: sdm_mailbox: "Generating: sdm_mailbox"
Info: sdm_mailbox: "Generating: sdm_mailbox_altera_s10_mailbox_client_2300_liqzikq"
Info: sdm_mailbox: "Generating: altera_s10_mailbox_client_core"
Info: sdm_mailbox: "Generating: altera_config_stream_endpoint_wrapper"
Info: sdm_mailbox: Done "sdm_mailbox" with 4 modules, 5 files
Info: Generating the following file(s) for MODELSIM simulator in /home/uwb_student00/ahls/new_BSP/work_ia840f_fim_06/ipss/ia840f/bwbmc/ip/bmc_spi_sub/sdm_mailbox/sim/ directory:
Info: 	common/modelsim_files.tcl
Info: For information on how to simulate your IP, see the explanatory comments in the simulator-specific subdirectories under /home/uwb_student00/ahls/new_BSP/work_ia840f_fim_06/ipss/ia840f/bwbmc/ip/bmc_spi_sub/sdm_mailbox/sim/.
Info: Regenerate these scripts whenever you make any change to any Quartus-generated IP in your project.
Info: Finished: Create simulation model
Info: Starting: Create simulation script
Info: sim-script-gen --system-file=/home/uwb_student00/ahls/new_BSP/work_ia840f_fim_06/syn/board/ia840f/syn_top/../../../../ipss/ia840f/bwbmc/ip/bmc_spi_sub/sdm_mailbox.ip --simulator=MODELSIM --output-directory=/home/uwb_student00/ahls/new_BSP/work_ia840f_fim_06/ipss/ia840f/bwbmc/ip/bmc_spi_sub/sdm_mailbox/sim/ --use-relative-paths=true --modelsim-flow=traditional
Info: Generating the following file(s) for MODELSIM simulator in /home/uwb_student00/ahls/new_BSP/work_ia840f_fim_06/ipss/ia840f/bwbmc/ip/bmc_spi_sub/sdm_mailbox/sim/ directory:
Info: 	mentor/msim_setup.tcl
Info: 	mentor/run_msim_setup.tcl
Info: For information on how to simulate your IP, see the explanatory comments in the simulator-specific subdirectories under /home/uwb_student00/ahls/new_BSP/work_ia840f_fim_06/ipss/ia840f/bwbmc/ip/bmc_spi_sub/sdm_mailbox/sim/.
Info: Regenerate these scripts whenever you make any change to any Quartus-generated IP in your project.
Info: Finished: Create simulation script
Info: 
Info: Starting: Create HDL design files for synthesis
Info: qsys-generate /home/uwb_student00/ahls/new_BSP/work_ia840f_fim_06/syn/board/ia840f/syn_top/../../../../ipss/ia840f/bwbmc/ip/bmc_spi_sub/sdm_mailbox.ip --synthesis=VERILOG --output-directory=/home/uwb_student00/ahls/new_BSP/work_ia840f_fim_06/ipss/ia840f/bwbmc/ip/bmc_spi_sub/sdm_mailbox --family="Agilex 7" --part=AGFB027R25A2E2V
Info: sdm_mailbox: "Transforming system: sdm_mailbox"
Info: sdm_mailbox: "Naming system components in system: sdm_mailbox"
Info: sdm_mailbox: "Processing generation queue"
Info: sdm_mailbox: "Generating: sdm_mailbox"
Info: sdm_mailbox: "Generating: sdm_mailbox_altera_s10_mailbox_client_2300_liqzikq"
Info: sdm_mailbox: "Generating: altera_s10_mailbox_client_core"
Info: sdm_mailbox: "Generating: altera_config_stream_endpoint_wrapper"
Info: sdm_mailbox: Done "sdm_mailbox" with 4 modules, 5 files
Info: Finished: Create HDL design files for synthesis
