=== ahls-afu-fim-01 assembly + static verification ===
Sat Sep 19 08:27:37 PM UTC 2026
extracted:
total 40
drwxr-xr-x.  3 uwb_student00 uwb_student00   136 Sep 19 13:27 .
drwxr-xr-x. 25 uwb_student00 uwb_student00  4096 Sep 19 13:27 ..
-rw-r--r--.  1 uwb_student00 uwb_student00  5930 Sep 19 13:14 afu.tcl
-rw-r--r--.  1 uwb_student00 uwb_student00   419 Sep 19 13:14 ahls_qual_vec_op.json
-rw-r--r--.  1 uwb_student00 uwb_student00  3313 Sep 19 13:22 gen_ahls_filelist.py
drwxr-xr-x.  2 uwb_student00 uwb_student00    44 Sep 19 13:27 logs
-rw-r--r--.  1 uwb_student00 uwb_student00 12746 Sep 19 13:24 ofs_plat_afu.sv
-rw-r--r--.  1 uwb_student00 uwb_student00   461 Sep 19 13:15 ofs_pr_afu.json
=== awp tree assembled ===
/home/uwb_student00/ahls/new_BSP/work_ahls_afu_fim_01/awp/afu_with_pim
/home/uwb_student00/ahls/new_BSP/work_ahls_afu_fim_01/awp/afu_with_pim/afu
/home/uwb_student00/ahls/new_BSP/work_ahls_afu_fim_01/awp/afu_with_pim/afu/build
/home/uwb_student00/ahls/new_BSP/work_ahls_afu_fim_01/awp/afu_with_pim/afu/build/platform
/home/uwb_student00/ahls/new_BSP/work_ahls_afu_fim_01/awp/afu_with_pim/afu/hw
/home/uwb_student00/ahls/new_BSP/work_ahls_afu_fim_01/awp/afu_with_pim/afu/hw/ahls_binding
/home/uwb_student00/ahls/new_BSP/work_ahls_afu_fim_01/awp/afu_with_pim/afu/hw/ahls_ip
/home/uwb_student00/ahls/new_BSP/work_ahls_afu_fim_01/awp/afu_with_pim/pim_template
/home/uwb_student00/ahls/new_BSP/work_ahls_afu_fim_01/awp/afu_with_pim/pim_template/hw
/home/uwb_student00/ahls/new_BSP/work_ahls_afu_fim_01/awp/afu_with_pim/pim_template/hw/lib
Traceback (most recent call last):
  File "<stdin>", line 8, in <module>
ValueError: not enough values to unpack (expected 3, got 2)
prj copy verify rc=1
BINDING_OK ahls_ofs_board_services 823aa941b8f7dc2addba78d0f9748cf3d22b2429e2e2835d6567099f235294a9
BINDING_OK ahls_avmm_byte_to_line d47c8d45e8bd4643d1d990aba65ebd27a773971f15ae834130f8a82c88586645
BINDING_OK ahls_mmio_aperture b9e424d95714c883eb8db19d4be96ffec4215f9f84683a80fe161b8d0c5294ad
BINDING_OK ahls_mmio_to_avmm 4fa60523f3b227faca5b0b232d7aa0f29e1b13eea7c62bfb4fd510367b4100f2
BINDING_OK ahls_board_binding dfdc163d67cb26a0f6757a699eedd5655584df09b9f29fbe0e31a083c1384d93
--- stage: afu_json_mgr ---
Writing /home/uwb_student00/ahls/new_BSP/work_ahls_afu_fim_01/awp/afu_with_pim/afu/hw/afu_json_info.vh
--- stage afu_json_mgr rc=0 ---
--- afu_json_info.vh ---
//
// Generated by afu_json_mgr from /home/uwb_student00/ahls/new_BSP/work_ahls_afu_fim_01/awp/afu_with_pim/afu/hw/ahls_qual_vec_op.json
//

`ifndef __AFU_JSON_INFO__
`define __AFU_JSON_INFO__

`define AFU_ACCEL_NAME "ahls_qual_vec_op"
`define AFU_ACCEL_NAME0 "ahls_qual_vec_op"
`define AFU_ACCEL_UUID 128'h67bc266a_56f7_440a_bb75_12b5f446d842
`define AFU_ACCEL_UUID0 128'h67bc266a_56f7_440a_bb75_12b5f446d842
`define AFU_IMAGE_POWER 0
`define AFU_TOP_IFC "ofs_plat_afu"

`endif // __AFU_JSON_INFO__
--- stage: gen_filelist ---
OK entries=81 (parsed 88) out=/home/uwb_student00/ahls/new_BSP/work_ahls_afu_fim_01/awp/afu_with_pim/afu/hw/ahls_ip/qual_vec_op.report.prj/ahls_filelist.tcl
hw_tcl_sha256=1e64990babc858d83a9d3df5c0df246666cf98fde7df3523b32089e4618131c5
--- stage gen_filelist rc=0 ---
# AHLS component synthesis filelist — MECHANICALLY DERIVED, DO NOT EDIT BY HAND.
# Source: /home/uwb_student00/ahls/new_BSP/work_ahls_afu_fim_01/awp/afu_with_pim/afu/hw/ahls_ip/qual_vec_op.report.prj/qual_vec_op_report_di_hw.tcl
# Source SHA-256: 1e64990babc858d83a9d3df5c0df246666cf98fde7df3523b32089e4618131c5
# Translation rule: add_fileset_file <n> SYSTEM_VERILOG PATH <rel>
#   -> set_global_assignment -name SYSTEMVERILOG_FILE <abs>
# Entries: 88 (deduplicated, order preserved)

set_global_assignment -name SYSTEMVERILOG_FILE "/home/uwb_student00/ahls/new_BSP/work_ahls_afu_fim_01/awp/afu_with_pim/afu/hw/ahls_ip/qual_vec_op.report.prj/qual_vec_op_report_di.sv"
entries:
82
--- stage: tcl_syntax ---
AFU_TCL_SYNTAX: COMPLETE (info complete)
--- stage tcl_syntax rc=0 ---
=== quartus_map --analyze_elab (read-only A&E of AFU closure) ===
--- stage: quartus_map_ae ---
Internal Error: Sub-system: QSYN, File: /quartus/synth/qsyn/qsyn_cmd.cpp, Line: 845
Command quartus_map is no longer supported. Please use quartus_syn.
Stack Trace:
  Quartus         0x405806: qsyn_main(int, char const**) + 0x7f6 (quartus_map)
  Quartus          0x44e4e: msg_main_thread(void*) + 0x10 (ccl_msg)
  Quartus          0x468fb: msg_thread_wrapper(void* (*)(void*), void*) + 0x8c (ccl_msg)
  Quartus          0x1375d: mem_thread_wrapper(void* (*)(void*), void*) + 0x9d (ccl_mem)
  Quartus           0xe2c8: err_thread_wrapper(void* (*)(void*), void*) + 0x1e (ccl_err)
  Quartus          0x45648: msg_exe_main(int, char const**, int (*)(int, char const**)) + 0xc2 (ccl_msg)
  System           0x2a610: __libc_start_call_main + 0x80 (c)
  System           0x2a6c0: __libc_start_main + 0x80 (c)
  Quartus         0x40437a: _start + 0x2a (quartus_map)

End-trace

--- stage quartus_map_ae rc=2 ---
quartus_map A&E final rc=tcl_syntax:0
