Sat Sep 19 08:31:22 PM UTC 2026
quartus_syn in use: /opt/altera/26.1.1/quartus/bin/quartus_syn
Quartus Prime Synthesis
Version 26.1.1 Build 130 08/06/2026 SC Pro Edition
PRJ_VERIFY ok=150 missing=0 bad=0 total=150
prj verify rc=0
=== quartus_syn --analysis_and_elaboration (26.1.1) ===
--- stage: quartus_syn_ae ---
Info (22747): Value AUTO_DISCOVERY for QSF Assignment PWRMGT_VOLTAGE_OUTPUT_FORMAT is not supported. Hence changing the value to LINEAR_FORMAT
Warning (125092): Tcl Script file afu_with_pim/afu/build/platform/platform_if_addenda.qsf not found.
    Info (125063): set_global_assignment -name SOURCE_TCL_SCRIPT_FILE afu_with_pim/afu/build/platform/platform_if_addenda.qsf
Info: *******************************************************************
Info: Running Quartus Prime Synthesis
    Info: Version 26.1.1 Build 130 08/06/2026 SC Pro Edition
    Info: Copyright (C) 2026  Altera Corporation. All rights reserved.
    Info: Your use of Altera Corporation's design tools, logic functions 
    Info: and other software and tools, and any partner logic 
    Info: functions, and any output files from any of the foregoing 
    Info: (including device programming or simulation files), and any 
    Info: associated documentation or information are expressly subject 
    Info: to the terms and conditions of the Altera Program License 
    Info: Subscription Agreement, the Altera Quartus Prime License Agreement,
    Info: the Altera IP License Agreement, or other applicable license
    Info: agreement, including, without limitation, that your use is for
    Info: the sole purpose of programming logic devices manufactured by
    Info: Altera and sold by Altera or its authorized distributors.  Please
    Info: refer to the Altera Software License Subscription Agreements 
    Info: on the Quartus Prime software download page.
    Info: Processing started: Sat Sep 19 13:31:24 2026
    Info: System process ID: 200301
Info: Command: quartus_syn ahls_afu -c ahls_afu --analysis_and_elaboration
Info: qis_default_flow_script.tcl version: #1
Info: Initializing Synthesis...
Info: Project = "ahls_afu"
Info: Revision = "ahls_afu"
Info (21958): Initialized Quartus Message Database
Info: Analyzing source files
Error (16827): Verilog HDL error at ahls_ofs_board_services.sv(5): cannot open include file ofs_plat_if.vh File: /home/uwb_student00/ahls/new_BSP/work_ahls_afu_fim_01/awp/afu_with_pim/afu/hw/ahls_binding/rtl/ahls_ofs_board_services.sv Line: 5
Error (13406): Verilog HDL error at ahls_ofs_board_services.sv(10): object "local_mem_cfg_pkg" is not declared File: /home/uwb_student00/ahls/new_BSP/work_ahls_afu_fim_01/awp/afu_with_pim/afu/hw/ahls_binding/rtl/ahls_ofs_board_services.sv Line: 10
Critical Warning (13432): Verilog HDL Compiler Directive warning at ahls_ofs_board_services.sv(22): text macro "HOST_CHAN_AVALON_MEM_RDWR_PARAMS" is undefined File: /home/uwb_student00/ahls/new_BSP/work_ahls_afu_fim_01/awp/afu_with_pim/afu/hw/ahls_binding/rtl/ahls_ofs_board_services.sv Line: 22
Error (13406): Verilog HDL error at ahls_ofs_board_services.sv(25): object "ofs_plat_log_pkg" is not declared File: /home/uwb_student00/ahls/new_BSP/work_ahls_afu_fim_01/awp/afu_with_pim/afu/hw/ahls_binding/rtl/ahls_ofs_board_services.sv Line: 25
Error (13406): Verilog HDL error at ahls_ofs_board_services.sv(73): object "local_mem_cfg_pkg" is not declared File: /home/uwb_student00/ahls/new_BSP/work_ahls_afu_fim_01/awp/afu_with_pim/afu/hw/ahls_binding/rtl/ahls_ofs_board_services.sv Line: 73
Error (13406): Verilog HDL error at ahls_ofs_board_services.sv(81): object "ofs_plat_host_chan_avalon_mem_pkg" is not declared File: /home/uwb_student00/ahls/new_BSP/work_ahls_afu_fim_01/awp/afu_with_pim/afu/hw/ahls_binding/rtl/ahls_ofs_board_services.sv Line: 81
Error (17405): Verilog HDL error at ahls_ofs_board_services.sv(21): empty parameter assignment not allowed File: /home/uwb_student00/ahls/new_BSP/work_ahls_afu_fim_01/awp/afu_with_pim/afu/hw/ahls_binding/rtl/ahls_ofs_board_services.sv Line: 21
Error (13363): Verilog HDL error at ahls_ofs_board_services.sv(84): module "ahls_ofs_board_services" ignored due to previous errors File: /home/uwb_student00/ahls/new_BSP/work_ahls_afu_fim_01/awp/afu_with_pim/afu/hw/ahls_binding/rtl/ahls_ofs_board_services.sv Line: 84
Error (16827): Verilog HDL error at ahls_avmm_byte_to_line.sv(5): cannot open include file ofs_plat_if.vh File: /home/uwb_student00/ahls/new_BSP/work_ahls_afu_fim_01/awp/afu_with_pim/afu/hw/ahls_binding/rtl/ahls_avmm_byte_to_line.sv Line: 5
Error (13363): Verilog HDL error at ahls_avmm_byte_to_line.sv(54): module "ahls_avmm_byte_to_line" ignored due to previous errors File: /home/uwb_student00/ahls/new_BSP/work_ahls_afu_fim_01/awp/afu_with_pim/afu/hw/ahls_binding/rtl/ahls_avmm_byte_to_line.sv Line: 54
Error (16827): Verilog HDL error at ahls_mmio_aperture.sv(5): cannot open include file ofs_plat_if.vh File: /home/uwb_student00/ahls/new_BSP/work_ahls_afu_fim_01/awp/afu_with_pim/afu/hw/ahls_binding/rtl/ahls_mmio_aperture.sv Line: 5
Error (13363): Verilog HDL error at ahls_mmio_aperture.sv(112): module "ahls_mmio_aperture" ignored due to previous errors File: /home/uwb_student00/ahls/new_BSP/work_ahls_afu_fim_01/awp/afu_with_pim/afu/hw/ahls_binding/rtl/ahls_mmio_aperture.sv Line: 112
Error (16827): Verilog HDL error at ahls_mmio_to_avmm.sv(6): cannot open include file ofs_plat_if.vh File: /home/uwb_student00/ahls/new_BSP/work_ahls_afu_fim_01/awp/afu_with_pim/afu/hw/ahls_binding/rtl/ahls_mmio_to_avmm.sv Line: 6
Error (13363): Verilog HDL error at ahls_mmio_to_avmm.sv(80): module "ahls_mmio_to_avmm" ignored due to previous errors File: /home/uwb_student00/ahls/new_BSP/work_ahls_afu_fim_01/awp/afu_with_pim/afu/hw/ahls_binding/rtl/ahls_mmio_to_avmm.sv Line: 80
Error (16827): Verilog HDL error at ahls_board_binding.sv(4): cannot open include file ofs_plat_if.vh File: /home/uwb_student00/ahls/new_BSP/work_ahls_afu_fim_01/awp/afu_with_pim/afu/hw/ahls_binding/rtl/ahls_board_binding.sv Line: 4
Error (13406): Verilog HDL error at ahls_board_binding.sv(10): object "local_mem_cfg_pkg" is not declared File: /home/uwb_student00/ahls/new_BSP/work_ahls_afu_fim_01/awp/afu_with_pim/afu/hw/ahls_binding/rtl/ahls_board_binding.sv Line: 10
Error (13406): Verilog HDL error at ahls_board_binding.sv(11): object "ofs_plat_host_chan_pkg" is not declared File: /home/uwb_student00/ahls/new_BSP/work_ahls_afu_fim_01/awp/afu_with_pim/afu/hw/ahls_binding/rtl/ahls_board_binding.sv Line: 11
Critical Warning (13432): Verilog HDL Compiler Directive warning at ahls_board_binding.sv(33): text macro "HOST_CHAN_AVALON_MMIO_PARAMS" is undefined File: /home/uwb_student00/ahls/new_BSP/work_ahls_afu_fim_01/awp/afu_with_pim/afu/hw/ahls_binding/rtl/ahls_board_binding.sv Line: 33
Critical Warning (13432): Verilog HDL Compiler Directive warning at ahls_board_binding.sv(36): text macro "HOST_CHAN_AVALON_MEM_RDWR_PARAMS" is undefined File: /home/uwb_student00/ahls/new_BSP/work_ahls_afu_fim_01/awp/afu_with_pim/afu/hw/ahls_binding/rtl/ahls_board_binding.sv Line: 36
Critical Warning (13432): Verilog HDL Compiler Directive warning at ahls_board_binding.sv(41): text macro "LOCAL_MEM_AVALON_MEM_PARAMS" is undefined File: /home/uwb_student00/ahls/new_BSP/work_ahls_afu_fim_01/awp/afu_with_pim/afu/hw/ahls_binding/rtl/ahls_board_binding.sv Line: 41
Error (17405): Verilog HDL error at ahls_board_binding.sv(35): empty parameter assignment not allowed File: /home/uwb_student00/ahls/new_BSP/work_ahls_afu_fim_01/awp/afu_with_pim/afu/hw/ahls_binding/rtl/ahls_board_binding.sv Line: 35
Error (17405): Verilog HDL error at ahls_board_binding.sv(40): empty parameter assignment not allowed File: /home/uwb_student00/ahls/new_BSP/work_ahls_afu_fim_01/awp/afu_with_pim/afu/hw/ahls_binding/rtl/ahls_board_binding.sv Line: 40
Error (13363): Verilog HDL error at ahls_board_binding.sv(75): module "ahls_board_binding" ignored due to previous errors File: /home/uwb_student00/ahls/new_BSP/work_ahls_afu_fim_01/awp/afu_with_pim/afu/hw/ahls_binding/rtl/ahls_board_binding.sv Line: 75
Info (16884): Verilog HDL info at hld_fifo.sv(146): analyzing included file /home/uwb_student00/ahls/new_BSP/work_ahls_afu_fim_01/awp/afu_with_pim/afu/hw/ahls_ip/qual_vec_op.report.prj/ip/acl_parameter_assert.svh File: /home/uwb_student00/ahls/new_BSP/work_ahls_afu_fim_01/awp/afu_with_pim/afu/hw/ahls_ip/qual_vec_op.report.prj/ip/hld_fifo.sv Line: 146
Info (19624): Verilog HDL info at hld_fifo.sv(146): back to file '/home/uwb_student00/ahls/new_BSP/work_ahls_afu_fim_01/awp/afu_with_pim/afu/hw/ahls_ip/qual_vec_op.report.prj/ip/hld_fifo.sv' File: /home/uwb_student00/ahls/new_BSP/work_ahls_afu_fim_01/awp/afu_with_pim/afu/hw/ahls_ip/qual_vec_op.report.prj/ip/hld_fifo.sv Line: 146
Info (16884): Verilog HDL info at acl_mid_speed_fifo.sv(85): analyzing included file /home/uwb_student00/ahls/new_BSP/work_ahls_afu_fim_01/awp/afu_with_pim/afu/hw/ahls_ip/qual_vec_op.report.prj/ip/acl_parameter_assert.svh File: /home/uwb_student00/ahls/new_BSP/work_ahls_afu_fim_01/awp/afu_with_pim/afu/hw/ahls_ip/qual_vec_op.report.prj/ip/acl_mid_speed_fifo.sv Line: 85
Info (19624): Verilog HDL info at acl_mid_speed_fifo.sv(85): back to file '/home/uwb_student00/ahls/new_BSP/work_ahls_afu_fim_01/awp/afu_with_pim/afu/hw/ahls_ip/qual_vec_op.report.prj/ip/acl_mid_speed_fifo.sv' File: /home/uwb_student00/ahls/new_BSP/work_ahls_afu_fim_01/awp/afu_with_pim/afu/hw/ahls_ip/qual_vec_op.report.prj/ip/acl_mid_speed_fifo.sv Line: 85
Info (16884): Verilog HDL info at acl_mlab_fifo.sv(32): analyzing included file /home/uwb_student00/ahls/new_BSP/work_ahls_afu_fim_01/awp/afu_with_pim/afu/hw/ahls_ip/qual_vec_op.report.prj/ip/acl_parameter_assert.svh File: /home/uwb_student00/ahls/new_BSP/work_ahls_afu_fim_01/awp/afu_with_pim/afu/hw/ahls_ip/qual_vec_op.report.prj/ip/acl_mlab_fifo.sv Line: 32
Info (19624): Verilog HDL info at acl_mlab_fifo.sv(32): back to file '/home/uwb_student00/ahls/new_BSP/work_ahls_afu_fim_01/awp/afu_with_pim/afu/hw/ahls_ip/qual_vec_op.report.prj/ip/acl_mlab_fifo.sv' File: /home/uwb_student00/ahls/new_BSP/work_ahls_afu_fim_01/awp/afu_with_pim/afu/hw/ahls_ip/qual_vec_op.report.prj/ip/acl_mlab_fifo.sv Line: 32
Info (16884): Verilog HDL info at hld_iowr.sv(32): analyzing included file /home/uwb_student00/ahls/new_BSP/work_ahls_afu_fim_01/awp/afu_with_pim/afu/hw/ahls_ip/qual_vec_op.report.prj/ip/acl_parameter_assert.svh File: /home/uwb_student00/ahls/new_BSP/work_ahls_afu_fim_01/awp/afu_with_pim/afu/hw/ahls_ip/qual_vec_op.report.prj/ip/hld_iowr.sv Line: 32
Info (19624): Verilog HDL info at hld_iowr.sv(32): back to file '/home/uwb_student00/ahls/new_BSP/work_ahls_afu_fim_01/awp/afu_with_pim/afu/hw/ahls_ip/qual_vec_op.report.prj/ip/hld_iowr.sv' File: /home/uwb_student00/ahls/new_BSP/work_ahls_afu_fim_01/awp/afu_with_pim/afu/hw/ahls_ip/qual_vec_op.report.prj/ip/hld_iowr.sv Line: 32
Error (16827): Verilog HDL error at ofs_plat_afu.sv(43): cannot open include file ofs_plat_if.vh File: /home/uwb_student00/ahls/new_BSP/work_ahls_afu_fim_01/awp/afu_with_pim/afu/hw/ofs_plat_afu.sv Line: 43
Info (16884): Verilog HDL info at ofs_plat_afu.sv(44): analyzing included file /home/uwb_student00/ahls/new_BSP/work_ahls_afu_fim_01/awp/afu_with_pim/afu/hw/afu_json_info.vh File: /home/uwb_student00/ahls/new_BSP/work_ahls_afu_fim_01/awp/afu_with_pim/afu/hw/ofs_plat_afu.sv Line: 44
Info (19624): Verilog HDL info at ofs_plat_afu.sv(44): back to file '/home/uwb_student00/ahls/new_BSP/work_ahls_afu_fim_01/awp/afu_with_pim/afu/hw/ofs_plat_afu.sv' File: /home/uwb_student00/ahls/new_BSP/work_ahls_afu_fim_01/awp/afu_with_pim/afu/hw/ofs_plat_afu.sv Line: 44
Error (13406): Verilog HDL error at ofs_plat_afu.sv(77): object "local_mem_cfg_pkg" is not declared File: /home/uwb_student00/ahls/new_BSP/work_ahls_afu_fim_01/awp/afu_with_pim/afu/hw/ofs_plat_afu.sv Line: 77
Error (13406): Verilog HDL error at ofs_plat_afu.sv(82): object "ofs_plat_host_chan_pkg" is not declared File: /home/uwb_student00/ahls/new_BSP/work_ahls_afu_fim_01/awp/afu_with_pim/afu/hw/ofs_plat_afu.sv Line: 82
Error (13406): Verilog HDL error at ofs_plat_afu.sv(118): object "ofs_plat_host_chan_pkg" is not declared File: /home/uwb_student00/ahls/new_BSP/work_ahls_afu_fim_01/awp/afu_with_pim/afu/hw/ofs_plat_afu.sv Line: 118
Error (13406): Verilog HDL error at ofs_plat_afu.sv(119): object "ofs_plat_host_chan_pkg" is not declared File: /home/uwb_student00/ahls/new_BSP/work_ahls_afu_fim_01/awp/afu_with_pim/afu/hw/ofs_plat_afu.sv Line: 119
Error (13406): Verilog HDL error at ofs_plat_afu.sv(120): object "ofs_plat_host_chan_avalon_mem_pkg" is not declared File: /home/uwb_student00/ahls/new_BSP/work_ahls_afu_fim_01/awp/afu_with_pim/afu/hw/ofs_plat_afu.sv Line: 120
Error (13406): Verilog HDL error at ofs_plat_afu.sv(121): object "ofs_plat_log_pkg" is not declared File: /home/uwb_student00/ahls/new_BSP/work_ahls_afu_fim_01/awp/afu_with_pim/afu/hw/ofs_plat_afu.sv Line: 121
Error (13406): Verilog HDL error at ofs_plat_afu.sv(125): object "local_mem_cfg_pkg" is not declared File: /home/uwb_student00/ahls/new_BSP/work_ahls_afu_fim_01/awp/afu_with_pim/afu/hw/ofs_plat_afu.sv Line: 125
Error (13406): Verilog HDL error at ofs_plat_afu.sv(126): object "local_mem_cfg_pkg" is not declared File: /home/uwb_student00/ahls/new_BSP/work_ahls_afu_fim_01/awp/afu_with_pim/afu/hw/ofs_plat_afu.sv Line: 126
Error (13406): Verilog HDL error at ofs_plat_afu.sv(127): object "local_mem_cfg_pkg" is not declared File: /home/uwb_student00/ahls/new_BSP/work_ahls_afu_fim_01/awp/afu_with_pim/afu/hw/ofs_plat_afu.sv Line: 127
Error (13406): Verilog HDL error at ofs_plat_afu.sv(128): object "local_mem_cfg_pkg" is not declared File: /home/uwb_student00/ahls/new_BSP/work_ahls_afu_fim_01/awp/afu_with_pim/afu/hw/ofs_plat_afu.sv Line: 128
Error (13406): Verilog HDL error at ofs_plat_afu.sv(129): object "ofs_plat_log_pkg" is not declared File: /home/uwb_student00/ahls/new_BSP/work_ahls_afu_fim_01/awp/afu_with_pim/afu/hw/ofs_plat_afu.sv Line: 129
Error (13406): Verilog HDL error at ofs_plat_afu.sv(238): object "ofs_plat_host_chan_pkg" is not declared File: /home/uwb_student00/ahls/new_BSP/work_ahls_afu_fim_01/awp/afu_with_pim/afu/hw/ofs_plat_afu.sv Line: 238
Error (13406): Verilog HDL error at ofs_plat_afu.sv(240): object "local_mem_cfg_pkg" is not declared File: /home/uwb_student00/ahls/new_BSP/work_ahls_afu_fim_01/awp/afu_with_pim/afu/hw/ofs_plat_afu.sv Line: 240
Error (13363): Verilog HDL error at ofs_plat_afu.sv(244): module "ofs_plat_afu" ignored due to previous errors File: /home/uwb_student00/ahls/new_BSP/work_ahls_afu_fim_01/awp/afu_with_pim/afu/hw/ofs_plat_afu.sv Line: 244
Info (16884): Verilog HDL info at ofs_fim_cfg_pkg.sv(17): analyzing included file /home/uwb_student00/ahls/new_BSP/work_ia840f_fim_12/syn/board/ia840f/syn_top/ofs_ip_cfg_db/ofs_ip_cfg_db.vh File: /home/uwb_student00/ahls/new_BSP/work_ia840f_fim_12/src/includes/ofs_fim_cfg_pkg.sv Line: 17
Error (16827): Verilog HDL error at ofs_ip_cfg_db.vh(6): cannot open include file pcie_ss_if_info.vh File: /home/uwb_student00/ahls/new_BSP/work_ia840f_fim_12/syn/board/ia840f/syn_top/ofs_ip_cfg_db/ofs_ip_cfg_db.vh Line: 6
Error (16827): Verilog HDL error at ofs_ip_cfg_db.vh(7): cannot open include file pcie_ss_ip_params.vh File: /home/uwb_student00/ahls/new_BSP/work_ia840f_fim_12/syn/board/ia840f/syn_top/ofs_ip_cfg_db/ofs_ip_cfg_db.vh Line: 7
Info (16884): Verilog HDL info at ofs_ip_cfg_db.vh(8): analyzing included file /home/uwb_student00/ahls/new_BSP/work_ia840f_fim_12/syn/board/ia840f/syn_top/ofs_ip_cfg_db/ofs_ip_cfg_pcie_ss.vh File: /home/uwb_student00/ahls/new_BSP/work_ia840f_fim_12/syn/board/ia840f/syn_top/ofs_ip_cfg_db/ofs_ip_cfg_db.vh Line: 8
Info (19624): Verilog HDL info at ofs_ip_cfg_db.vh(8): back to file '/home/uwb_student00/ahls/new_BSP/work_ia840f_fim_12/syn/board/ia840f/syn_top/ofs_ip_cfg_db/ofs_ip_cfg_db.vh' File: /home/uwb_student00/ahls/new_BSP/work_ia840f_fim_12/syn/board/ia840f/syn_top/ofs_ip_cfg_db/ofs_ip_cfg_db.vh Line: 8
Error (16827): Verilog HDL error at ofs_ip_cfg_db.vh(9): cannot open include file sys_pll_if_info.vh File: /home/uwb_student00/ahls/new_BSP/work_ia840f_fim_12/syn/board/ia840f/syn_top/ofs_ip_cfg_db/ofs_ip_cfg_db.vh Line: 9
Error (16827): Verilog HDL error at ofs_ip_cfg_db.vh(10): cannot open include file sys_pll_ip_params.vh File: /home/uwb_student00/ahls/new_BSP/work_ia840f_fim_12/syn/board/ia840f/syn_top/ofs_ip_cfg_db/ofs_ip_cfg_db.vh Line: 10
Error (16827): Verilog HDL error at ofs_ip_cfg_db.vh(11): cannot open include file mem_ss_if_info.vh File: /home/uwb_student00/ahls/new_BSP/work_ia840f_fim_12/syn/board/ia840f/syn_top/ofs_ip_cfg_db/ofs_ip_cfg_db.vh Line: 11
Error (16827): Verilog HDL error at ofs_ip_cfg_db.vh(12): cannot open include file mem_ss_ip_params.vh File: /home/uwb_student00/ahls/new_BSP/work_ia840f_fim_12/syn/board/ia840f/syn_top/ofs_ip_cfg_db/ofs_ip_cfg_db.vh Line: 12
Info (16884): Verilog HDL info at ofs_ip_cfg_db.vh(13): analyzing included file /home/uwb_student00/ahls/new_BSP/work_ia840f_fim_12/syn/board/ia840f/syn_top/ofs_ip_cfg_db/ofs_ip_cfg_local_mem.vh File: /home/uwb_student00/ahls/new_BSP/work_ia840f_fim_12/syn/board/ia840f/syn_top/ofs_ip_cfg_db/ofs_ip_cfg_db.vh Line: 13
Info (19624): Verilog HDL info at ofs_ip_cfg_db.vh(13): back to file '/home/uwb_student00/ahls/new_BSP/work_ia840f_fim_12/syn/board/ia840f/syn_top/ofs_ip_cfg_db/ofs_ip_cfg_db.vh' File: /home/uwb_student00/ahls/new_BSP/work_ia840f_fim_12/syn/board/ia840f/syn_top/ofs_ip_cfg_db/ofs_ip_cfg_db.vh Line: 13
Info (19624): Verilog HDL info at ofs_fim_cfg_pkg.sv(17): back to file '/home/uwb_student00/ahls/new_BSP/work_ia840f_fim_12/src/includes/ofs_fim_cfg_pkg.sv' File: /home/uwb_student00/ahls/new_BSP/work_ia840f_fim_12/src/includes/ofs_fim_cfg_pkg.sv Line: 17
Error (13406): Verilog HDL error at ofs_fim_cfg_pkg.sv(21): object "sys_pll_pkg" is not declared File: /home/uwb_student00/ahls/new_BSP/work_ia840f_fim_12/src/includes/ofs_fim_cfg_pkg.sv Line: 21
Error (13363): Verilog HDL error at ofs_fim_cfg_pkg.sv(98): package "ofs_fim_cfg_pkg" ignored due to previous errors File: /home/uwb_student00/ahls/new_BSP/work_ia840f_fim_12/src/includes/ofs_fim_cfg_pkg.sv Line: 98
Info (16884): Verilog HDL info at ofs_fim_mem_if_pkg.sv(17): analyzing included file /home/uwb_student00/ahls/new_BSP/work_ia840f_fim_12/syn/board/ia840f/syn_top/ofs_ip_cfg_db/ofs_ip_cfg_db.vh File: /home/uwb_student00/ahls/new_BSP/work_ia840f_fim_12/ofs-common/src/fpga_family/agilex/mem_ss/includes/ofs_fim_mem_if_pkg.sv Line: 17
Error (16827): Verilog HDL error at ofs_ip_cfg_db.vh(6): cannot open include file pcie_ss_if_info.vh File: /home/uwb_student00/ahls/new_BSP/work_ia840f_fim_12/syn/board/ia840f/syn_top/ofs_ip_cfg_db/ofs_ip_cfg_db.vh Line: 6
Error (16827): Verilog HDL error at ofs_ip_cfg_db.vh(7): cannot open include file pcie_ss_ip_params.vh File: /home/uwb_student00/ahls/new_BSP/work_ia840f_fim_12/syn/board/ia840f/syn_top/ofs_ip_cfg_db/ofs_ip_cfg_db.vh Line: 7
Info (16884): Verilog HDL info at ofs_ip_cfg_db.vh(8): analyzing included file /home/uwb_student00/ahls/new_BSP/work_ia840f_fim_12/syn/board/ia840f/syn_top/ofs_ip_cfg_db/ofs_ip_cfg_pcie_ss.vh File: /home/uwb_student00/ahls/new_BSP/work_ia840f_fim_12/syn/board/ia840f/syn_top/ofs_ip_cfg_db/ofs_ip_cfg_db.vh Line: 8
Info (19624): Verilog HDL info at ofs_ip_cfg_db.vh(8): back to file '/home/uwb_student00/ahls/new_BSP/work_ia840f_fim_12/syn/board/ia840f/syn_top/ofs_ip_cfg_db/ofs_ip_cfg_db.vh' File: /home/uwb_student00/ahls/new_BSP/work_ia840f_fim_12/syn/board/ia840f/syn_top/ofs_ip_cfg_db/ofs_ip_cfg_db.vh Line: 8
Error (16827): Verilog HDL error at ofs_ip_cfg_db.vh(9): cannot open include file sys_pll_if_info.vh File: /home/uwb_student00/ahls/new_BSP/work_ia840f_fim_12/syn/board/ia840f/syn_top/ofs_ip_cfg_db/ofs_ip_cfg_db.vh Line: 9
Error (16827): Verilog HDL error at ofs_ip_cfg_db.vh(10): cannot open include file sys_pll_ip_params.vh File: /home/uwb_student00/ahls/new_BSP/work_ia840f_fim_12/syn/board/ia840f/syn_top/ofs_ip_cfg_db/ofs_ip_cfg_db.vh Line: 10
Error (16827): Verilog HDL error at ofs_ip_cfg_db.vh(11): cannot open include file mem_ss_if_info.vh File: /home/uwb_student00/ahls/new_BSP/work_ia840f_fim_12/syn/board/ia840f/syn_top/ofs_ip_cfg_db/ofs_ip_cfg_db.vh Line: 11
Error (16827): Verilog HDL error at ofs_ip_cfg_db.vh(12): cannot open include file mem_ss_ip_params.vh File: /home/uwb_student00/ahls/new_BSP/work_ia840f_fim_12/syn/board/ia840f/syn_top/ofs_ip_cfg_db/ofs_ip_cfg_db.vh Line: 12
Info (16884): Verilog HDL info at ofs_ip_cfg_db.vh(13): analyzing included file /home/uwb_student00/ahls/new_BSP/work_ia840f_fim_12/syn/board/ia840f/syn_top/ofs_ip_cfg_db/ofs_ip_cfg_local_mem.vh File: /home/uwb_student00/ahls/new_BSP/work_ia840f_fim_12/syn/board/ia840f/syn_top/ofs_ip_cfg_db/ofs_ip_cfg_db.vh Line: 13
Info (19624): Verilog HDL info at ofs_ip_cfg_db.vh(13): back to file '/home/uwb_student00/ahls/new_BSP/work_ia840f_fim_12/syn/board/ia840f/syn_top/ofs_ip_cfg_db/ofs_ip_cfg_db.vh' File: /home/uwb_student00/ahls/new_BSP/work_ia840f_fim_12/syn/board/ia840f/syn_top/ofs_ip_cfg_db/ofs_ip_cfg_db.vh Line: 13
Info (19624): Verilog HDL info at ofs_fim_mem_if_pkg.sv(17): back to file '/home/uwb_student00/ahls/new_BSP/work_ia840f_fim_12/ofs-common/src/fpga_family/agilex/mem_ss/includes/ofs_fim_mem_if_pkg.sv' File: /home/uwb_student00/ahls/new_BSP/work_ia840f_fim_12/ofs-common/src/fpga_family/agilex/mem_ss/includes/ofs_fim_mem_if_pkg.sv Line: 17
Error (13363): Verilog HDL error at ofs_fim_mem_if_pkg.sv(156): package "ofs_fim_mem_if_pkg" ignored due to previous errors File: /home/uwb_student00/ahls/new_BSP/work_ia840f_fim_12/ofs-common/src/fpga_family/agilex/mem_ss/includes/ofs_fim_mem_if_pkg.sv Line: 156
Info (16884): Verilog HDL info at ofs_pcie_ss_plat_cfg_pkg.sv(17): analyzing included file /home/uwb_student00/ahls/new_BSP/work_ia840f_fim_12/src/includes/ofs_pcie_ss_plat_cfg.vh File: /home/uwb_student00/ahls/new_BSP/work_ia840f_fim_12/src/includes/ofs_pcie_ss_plat_cfg_pkg.sv Line: 17
Info (19624): Verilog HDL info at ofs_pcie_ss_plat_cfg_pkg.sv(17): back to file '/home/uwb_student00/ahls/new_BSP/work_ia840f_fim_12/src/includes/ofs_pcie_ss_plat_cfg_pkg.sv' File: /home/uwb_student00/ahls/new_BSP/work_ia840f_fim_12/src/includes/ofs_pcie_ss_plat_cfg_pkg.sv Line: 17
Error (13406): Verilog HDL error at ofs_pcie_ss_plat_cfg_pkg.sv(26): object "ofs_fim_cfg_pkg" is not declared File: /home/uwb_student00/ahls/new_BSP/work_ia840f_fim_12/src/includes/ofs_pcie_ss_plat_cfg_pkg.sv Line: 26
Error (13406): Verilog HDL error at ofs_pcie_ss_plat_cfg_pkg.sv(27): object "ofs_fim_cfg_pkg" is not declared File: /home/uwb_student00/ahls/new_BSP/work_ia840f_fim_12/src/includes/ofs_pcie_ss_plat_cfg_pkg.sv Line: 27
Error (13406): Verilog HDL error at ofs_pcie_ss_plat_cfg_pkg.sv(29): object "ofs_fim_cfg_pkg" is not declared File: /home/uwb_student00/ahls/new_BSP/work_ia840f_fim_12/src/includes/ofs_pcie_ss_plat_cfg_pkg.sv Line: 29
Error (13406): Verilog HDL error at ofs_pcie_ss_plat_cfg_pkg.sv(30): object "ofs_fim_cfg_pkg" is not declared File: /home/uwb_student00/ahls/new_BSP/work_ia840f_fim_12/src/includes/ofs_pcie_ss_plat_cfg_pkg.sv Line: 30
Error (13406): Verilog HDL error at ofs_pcie_ss_plat_cfg_pkg.sv(36): object "ofs_fim_cfg_pkg" is not declared File: /home/uwb_student00/ahls/new_BSP/work_ia840f_fim_12/src/includes/ofs_pcie_ss_plat_cfg_pkg.sv Line: 36
Error (13363): Verilog HDL error at ofs_pcie_ss_plat_cfg_pkg.sv(41): package "ofs_pcie_ss_plat_cfg_pkg" ignored due to previous errors File: /home/uwb_student00/ahls/new_BSP/work_ia840f_fim_12/src/includes/ofs_pcie_ss_plat_cfg_pkg.sv Line: 41
Info (16884): Verilog HDL info at ofs_pcie_ss_cfg_pkg.sv(17): analyzing included file /home/uwb_student00/ahls/new_BSP/work_ia840f_fim_12/ofs-common/src/common/includes/ofs_pcie_ss_cfg.vh File: /home/uwb_student00/ahls/new_BSP/work_ia840f_fim_12/ofs-common/src/common/includes/ofs_pcie_ss_cfg_pkg.sv Line: 17
Info (16884): Verilog HDL info at ofs_pcie_ss_cfg.vh(18): analyzing included file /home/uwb_student00/ahls/new_BSP/work_ia840f_fim_12/src/includes/ofs_pcie_ss_plat_cfg.vh File: /home/uwb_student00/ahls/new_BSP/work_ia840f_fim_12/ofs-common/src/common/includes/ofs_pcie_ss_cfg.vh Line: 18
Info (19624): Verilog HDL info at ofs_pcie_ss_cfg.vh(18): back to file '/home/uwb_student00/ahls/new_BSP/work_ia840f_fim_12/ofs-common/src/common/includes/ofs_pcie_ss_cfg.vh' File: /home/uwb_student00/ahls/new_BSP/work_ia840f_fim_12/ofs-common/src/common/includes/ofs_pcie_ss_cfg.vh Line: 18
Info (19624): Verilog HDL info at ofs_pcie_ss_cfg_pkg.sv(17): back to file '/home/uwb_student00/ahls/new_BSP/work_ia840f_fim_12/ofs-common/src/common/includes/ofs_pcie_ss_cfg_pkg.sv' File: /home/uwb_student00/ahls/new_BSP/work_ia840f_fim_12/ofs-common/src/common/includes/ofs_pcie_ss_cfg_pkg.sv Line: 17
Error (13406): Verilog HDL error at ofs_pcie_ss_cfg_pkg.sv(29): object "ofs_pcie_ss_plat_cfg_pkg" is not declared File: /home/uwb_student00/ahls/new_BSP/work_ia840f_fim_12/ofs-common/src/common/includes/ofs_pcie_ss_cfg_pkg.sv Line: 29
Error (13406): Verilog HDL error at ofs_pcie_ss_cfg_pkg.sv(32): object "ofs_pcie_ss_plat_cfg_pkg" is not declared File: /home/uwb_student00/ahls/new_BSP/work_ia840f_fim_12/ofs-common/src/common/includes/ofs_pcie_ss_cfg_pkg.sv Line: 32
Error (13406): Verilog HDL error at ofs_pcie_ss_cfg_pkg.sv(64): object "ofs_pcie_ss_plat_cfg_pkg" is not declared File: /home/uwb_student00/ahls/new_BSP/work_ia840f_fim_12/ofs-common/src/common/includes/ofs_pcie_ss_cfg_pkg.sv Line: 64
Error (13406): Verilog HDL error at ofs_pcie_ss_cfg_pkg.sv(66): object "ofs_pcie_ss_plat_cfg_pkg" is not declared File: /home/uwb_student00/ahls/new_BSP/work_ia840f_fim_12/ofs-common/src/common/includes/ofs_pcie_ss_cfg_pkg.sv Line: 66
Error (13406): Verilog HDL error at ofs_pcie_ss_cfg_pkg.sv(71): object "ofs_pcie_ss_plat_cfg_pkg" is not declared File: /home/uwb_student00/ahls/new_BSP/work_ia840f_fim_12/ofs-common/src/common/includes/ofs_pcie_ss_cfg_pkg.sv Line: 71
Error (13406): Verilog HDL error at ofs_pcie_ss_cfg_pkg.sv(75): object "ofs_pcie_ss_plat_cfg_pkg" is not declared File: /home/uwb_student00/ahls/new_BSP/work_ia840f_fim_12/ofs-common/src/common/includes/ofs_pcie_ss_cfg_pkg.sv Line: 75
Error (13406): Verilog HDL error at ofs_pcie_ss_cfg_pkg.sv(84): object "ofs_pcie_ss_plat_cfg_pkg" is not declared File: /home/uwb_student00/ahls/new_BSP/work_ia840f_fim_12/ofs-common/src/common/includes/ofs_pcie_ss_cfg_pkg.sv Line: 84
Error (13406): Verilog HDL error at ofs_pcie_ss_cfg_pkg.sv(86): object "ofs_pcie_ss_plat_cfg_pkg" is not declared File: /home/uwb_student00/ahls/new_BSP/work_ia840f_fim_12/ofs-common/src/common/includes/ofs_pcie_ss_cfg_pkg.sv Line: 86
Error (13406): Verilog HDL error at ofs_pcie_ss_cfg_pkg.sv(92): object "ofs_pcie_ss_plat_cfg_pkg" is not declared File: /home/uwb_student00/ahls/new_BSP/work_ia840f_fim_12/ofs-common/src/common/includes/ofs_pcie_ss_cfg_pkg.sv Line: 92
Error (13406): Verilog HDL error at ofs_pcie_ss_cfg_pkg.sv(96): object "ofs_fim_cfg_pkg" is not declared File: /home/uwb_student00/ahls/new_BSP/work_ia840f_fim_12/ofs-common/src/common/includes/ofs_pcie_ss_cfg_pkg.sv Line: 96
Error (13406): Verilog HDL error at ofs_pcie_ss_cfg_pkg.sv(99): object "ofs_fim_cfg_pkg" is not declared File: /home/uwb_student00/ahls/new_BSP/work_ia840f_fim_12/ofs-common/src/common/includes/ofs_pcie_ss_cfg_pkg.sv Line: 99
Error (13406): Verilog HDL error at ofs_pcie_ss_cfg_pkg.sv(111): object "ofs_pcie_ss_plat_cfg_pkg" is not declared File: /home/uwb_student00/ahls/new_BSP/work_ia840f_fim_12/ofs-common/src/common/includes/ofs_pcie_ss_cfg_pkg.sv Line: 111
Error (13363): Verilog HDL error at ofs_pcie_ss_cfg_pkg.sv(113): package "ofs_pcie_ss_cfg_pkg" ignored due to previous errors File: /home/uwb_student00/ahls/new_BSP/work_ia840f_fim_12/ofs-common/src/common/includes/ofs_pcie_ss_cfg_pkg.sv Line: 113
Info (16884): Verilog HDL info at top_cfg_pkg.sv(28): analyzing included file /home/uwb_student00/ahls/new_BSP/work_ia840f_fim_12/syn/board/ia840f/syn_top/ofs_ip_cfg_db/ofs_ip_cfg_db.vh File: /home/uwb_student00/ahls/new_BSP/work_ia840f_fim_12/src/afu_top/mux/top_cfg_pkg.sv Line: 28
Error (16827): Verilog HDL error at ofs_ip_cfg_db.vh(6): cannot open include file pcie_ss_if_info.vh File: /home/uwb_student00/ahls/new_BSP/work_ia840f_fim_12/syn/board/ia840f/syn_top/ofs_ip_cfg_db/ofs_ip_cfg_db.vh Line: 6
Error (16827): Verilog HDL error at ofs_ip_cfg_db.vh(7): cannot open include file pcie_ss_ip_params.vh File: /home/uwb_student00/ahls/new_BSP/work_ia840f_fim_12/syn/board/ia840f/syn_top/ofs_ip_cfg_db/ofs_ip_cfg_db.vh Line: 7
Info (16884): Verilog HDL info at ofs_ip_cfg_db.vh(8): analyzing included file /home/uwb_student00/ahls/new_BSP/work_ia840f_fim_12/syn/board/ia840f/syn_top/ofs_ip_cfg_db/ofs_ip_cfg_pcie_ss.vh File: /home/uwb_student00/ahls/new_BSP/work_ia840f_fim_12/syn/board/ia840f/syn_top/ofs_ip_cfg_db/ofs_ip_cfg_db.vh Line: 8
Info (19624): Verilog HDL info at ofs_ip_cfg_db.vh(8): back to file '/home/uwb_student00/ahls/new_BSP/work_ia840f_fim_12/syn/board/ia840f/syn_top/ofs_ip_cfg_db/ofs_ip_cfg_db.vh' File: /home/uwb_student00/ahls/new_BSP/work_ia840f_fim_12/syn/board/ia840f/syn_top/ofs_ip_cfg_db/ofs_ip_cfg_db.vh Line: 8
Error (16827): Verilog HDL error at ofs_ip_cfg_db.vh(9): cannot open include file sys_pll_if_info.vh File: /home/uwb_student00/ahls/new_BSP/work_ia840f_fim_12/syn/board/ia840f/syn_top/ofs_ip_cfg_db/ofs_ip_cfg_db.vh Line: 9
Error (16827): Verilog HDL error at ofs_ip_cfg_db.vh(10): cannot open include file sys_pll_ip_params.vh File: /home/uwb_student00/ahls/new_BSP/work_ia840f_fim_12/syn/board/ia840f/syn_top/ofs_ip_cfg_db/ofs_ip_cfg_db.vh Line: 10
Error (16827): Verilog HDL error at ofs_ip_cfg_db.vh(11): cannot open include file mem_ss_if_info.vh File: /home/uwb_student00/ahls/new_BSP/work_ia840f_fim_12/syn/board/ia840f/syn_top/ofs_ip_cfg_db/ofs_ip_cfg_db.vh Line: 11
Error (16827): Verilog HDL error at ofs_ip_cfg_db.vh(12): cannot open include file mem_ss_ip_params.vh File: /home/uwb_student00/ahls/new_BSP/work_ia840f_fim_12/syn/board/ia840f/syn_top/ofs_ip_cfg_db/ofs_ip_cfg_db.vh Line: 12
Info (16884): Verilog HDL info at ofs_ip_cfg_db.vh(13): analyzing included file /home/uwb_student00/ahls/new_BSP/work_ia840f_fim_12/syn/board/ia840f/syn_top/ofs_ip_cfg_db/ofs_ip_cfg_local_mem.vh File: /home/uwb_student00/ahls/new_BSP/work_ia840f_fim_12/syn/board/ia840f/syn_top/ofs_ip_cfg_db/ofs_ip_cfg_db.vh Line: 13
Info (19624): Verilog HDL info at ofs_ip_cfg_db.vh(13): back to file '/home/uwb_student00/ahls/new_BSP/work_ia840f_fim_12/syn/board/ia840f/syn_top/ofs_ip_cfg_db/ofs_ip_cfg_db.vh' File: /home/uwb_student00/ahls/new_BSP/work_ia840f_fim_12/syn/board/ia840f/syn_top/ofs_ip_cfg_db/ofs_ip_cfg_db.vh Line: 13
Info (19624): Verilog HDL info at top_cfg_pkg.sv(28): back to file '/home/uwb_student00/ahls/new_BSP/work_ia840f_fim_12/src/afu_top/mux/top_cfg_pkg.sv' File: /home/uwb_student00/ahls/new_BSP/work_ia840f_fim_12/src/afu_top/mux/top_cfg_pkg.sv Line: 28
Info (16884): Verilog HDL info at top_cfg_pkg.sv(97): analyzing included file /home/uwb_student00/ahls/new_BSP/work_ia840f_fim_12/ofs-common/src/common/lib/mux/pf_vf_mux_default_rtable.vh File: /home/uwb_student00/ahls/new_BSP/work_ia840f_fim_12/src/afu_top/mux/top_cfg_pkg.sv Line: 97
Info (19624): Verilog HDL info at top_cfg_pkg.sv(97): back to file '/home/uwb_student00/ahls/new_BSP/work_ia840f_fim_12/src/afu_top/mux/top_cfg_pkg.sv' File: /home/uwb_student00/ahls/new_BSP/work_ia840f_fim_12/src/afu_top/mux/top_cfg_pkg.sv Line: 97
Error (13363): Verilog HDL error at top_cfg_pkg.sv(123): package "top_cfg_pkg" ignored due to previous errors File: /home/uwb_student00/ahls/new_BSP/work_ia840f_fim_12/src/afu_top/mux/top_cfg_pkg.sv Line: 123
Error (13406): Verilog HDL error at pf_vf_mux_default_rtable.vh(64): object "NUM_SR_PORTS" is not declared File: /home/uwb_student00/ahls/new_BSP/work_ia840f_fim_12/ofs-common/src/common/lib/mux/pf_vf_mux_default_rtable.vh Line: 64
Error: Failed to elaborate design: 
Error: Flow failed: Errors generated during elaboration
Error: Quartus Prime Synthesis was unsuccessful. 78 errors, 5 warnings
    Error: Peak virtual memory: 1641 megabytes
    Error: Processing ended: Sat Sep 19 13:31:26 2026
    Error: Elapsed time: 00:00:02
    Error: System process ID: 200301
--- stage quartus_syn_ae rc=3 ---
A&E rc=3
