Info: Generated by version: 25.1 build 129
Info: Starting: Create HDL design files for synthesis
Info: qsys-generate /home/uwb_student00/ahls/new_BSP/work_ahls_memory_dma_core01/fabric01/ip/ahls_memory_dma_fabric/ahls_memory_dma_fabric_fabric.ip --synthesis=VERILOG --output-directory=/home/uwb_student00/ahls/new_BSP/work_ahls_memory_dma_core01/fabric01/ip/ahls_memory_dma_fabric/ahls_memory_dma_fabric_fabric --family="Agilex 7" --part=AGFB027R25A2E2V
Info: ahls_memory_dma_fabric_fabric: "Transforming system: ahls_memory_dma_fabric_fabric"
Info: ahls_memory_dma_fabric_fabric: "Naming system components in system: ahls_memory_dma_fabric_fabric"
Info: ahls_memory_dma_fabric_fabric: "Processing generation queue"
Info: ahls_memory_dma_fabric_fabric: "Generating: ahls_memory_dma_fabric_fabric"
Info: ahls_memory_dma_fabric_fabric: "Generating: ahls_memory_dma_fabric_fabric_ia840f_ahls_memory_fabric_dma_10_bw6p3iy"
Info: ahls_memory_dma_fabric_fabric: "Generating: mmhost_ia840f_report_di"
Info: ahls_memory_dma_fabric_fabric: "Generating: ahls_memory_dma_fabric_fabric_altera_axi_bridge_1993_2ykamhy"
Info: ahls_memory_dma_fabric_fabric: "Generating: ahls_memory_dma_fabric_fabric_altera_axi_bridge_1993_kwvtw4a"
Info: ahls_memory_dma_fabric_fabric: "Generating: ahls_memory_dma_fabric_fabric_altera_axi_bridge_1993_ho77dxi"
Info: ahls_memory_dma_fabric_fabric: "Generating: ahls_memory_dma_fabric_fabric_altera_mm_interconnect_1920_7cfzhiy"
Info: ahls_memory_dma_fabric_fabric: "Generating: ahls_memory_dma_fabric_fabric_altera_mm_interconnect_1920_gtz2awi"
Info: ahls_memory_dma_fabric_fabric: "Generating: ahls_memory_dma_fabric_fabric_altera_mm_interconnect_1920_wgwcdgy"
Info: ahls_memory_dma_fabric_fabric: "Generating: altera_reset_controller"
Info: ahls_memory_dma_fabric_fabric: "Generating: ahls_memory_dma_fabric_fabric_altera_merlin_axi_translator_1974_xfkiwxi"
Info: ahls_memory_dma_fabric_fabric: "Generating: ahls_memory_dma_fabric_fabric_altera_merlin_slave_translator_191_xg7rzxi"
Info: ahls_memory_dma_fabric_fabric: "Generating: ahls_memory_dma_fabric_fabric_altera_merlin_axi_master_ni_19100_y3ctica"
Info: ahls_memory_dma_fabric_fabric: "Generating: ahls_memory_dma_fabric_fabric_altera_merlin_axi_slave_ni_19112_oazrs3y"
Info: my_altera_avalon_sc_fifo_wr: "Generating: my_altera_avalon_sc_fifo_wr"
Info: my_altera_avalon_sc_fifo_rd: "Generating: my_altera_avalon_sc_fifo_rd"
Info: my_altera_avalon_st_pipeline_stage_rd: "Generating: my_altera_avalon_st_pipeline_stage_rd"
Info: my_altera_avalon_st_pipeline_stage_wr: "Generating: my_altera_avalon_st_pipeline_stage_wr"
Info: my_altera_avalon_st_pipeline_stage_rp: "Generating: my_altera_avalon_st_pipeline_stage_rp"
Info: ahls_memory_dma_fabric_fabric: "Generating: ahls_memory_dma_fabric_fabric_altera_merlin_slave_agent_1930_jxauz3i"
Info: ahls_memory_dma_fabric_fabric: "Generating: ahls_memory_dma_fabric_fabric_altera_avalon_sc_fifo_1932_onpcouq"
Info: ahls_memory_dma_fabric_fabric: "Generating: ahls_memory_dma_fabric_fabric_altera_merlin_router_1921_pleb25y"
Info: ahls_memory_dma_fabric_fabric: "Generating: ahls_memory_dma_fabric_fabric_altera_merlin_router_1921_bknbsua"
Info: ahls_memory_dma_fabric_fabric: "Generating: ahls_memory_dma_fabric_fabric_altera_merlin_router_1921_2bcilgi"
Info: ahls_memory_dma_fabric_fabric: "Generating: ahls_memory_dma_fabric_fabric_altera_merlin_router_1921_5wd2p4i"
Info: ahls_memory_dma_fabric_fabric: "Generating: ahls_memory_dma_fabric_fabric_altera_merlin_router_1921_wfloq4q"
Info: ahls_memory_dma_fabric_fabric: "Generating: ahls_memory_dma_fabric_fabric_altera_merlin_burst_adapter_1940_twtirdy"
Info: my_altera_avalon_st_pipeline_stage: "Generating: my_altera_avalon_st_pipeline_stage"
Info: ahls_memory_dma_fabric_fabric: "Generating: ahls_memory_dma_fabric_fabric_altera_merlin_demultiplexer_1921_wfrz5ua"
Info: ahls_memory_dma_fabric_fabric: "Generating: ahls_memory_dma_fabric_fabric_altera_merlin_multiplexer_1922_g6klifq"
Info: ahls_memory_dma_fabric_fabric: "Generating: ahls_memory_dma_fabric_fabric_altera_merlin_multiplexer_1922_njwpk6q"
Info: ahls_memory_dma_fabric_fabric: "Generating: ahls_memory_dma_fabric_fabric_altera_merlin_demultiplexer_1921_4idlbya"
Info: ahls_memory_dma_fabric_fabric: "Generating: ahls_memory_dma_fabric_fabric_altera_merlin_multiplexer_1922_hmweysy"
Info: ahls_memory_dma_fabric_fabric: "Generating: ahls_memory_dma_fabric_fabric_altera_merlin_master_translator_193_lgcew2q"
Info: ahls_memory_dma_fabric_fabric: "Generating: ahls_memory_dma_fabric_fabric_altera_merlin_axi_master_ni_19100_pogz5yy"
Info: ahls_memory_dma_fabric_fabric: "Generating: ahls_memory_dma_fabric_fabric_altera_merlin_master_agent_1931_szfayly"
Info: ahls_memory_dma_fabric_fabric: "Generating: ahls_memory_dma_fabric_fabric_altera_merlin_axi_slave_ni_19112_wdwws5q"
Info: my_altera_avalon_sc_fifo_wr: "Generating: my_altera_avalon_sc_fifo_wr"
Info: my_altera_avalon_sc_fifo_rd: "Generating: my_altera_avalon_sc_fifo_rd"
Info: my_altera_avalon_st_pipeline_stage_rd: "Generating: my_altera_avalon_st_pipeline_stage_rd"
Info: my_altera_avalon_st_pipeline_stage_wr: "Generating: my_altera_avalon_st_pipeline_stage_wr"
Info: my_altera_avalon_st_pipeline_stage_rp: "Generating: my_altera_avalon_st_pipeline_stage_rp"
Info: ahls_memory_dma_fabric_fabric: "Generating: ahls_memory_dma_fabric_fabric_altera_merlin_router_1921_hz233uq"
Info: ahls_memory_dma_fabric_fabric: "Generating: ahls_memory_dma_fabric_fabric_altera_merlin_router_1921_t2ginwa"
Info: ahls_memory_dma_fabric_fabric: "Generating: ahls_memory_dma_fabric_fabric_altera_merlin_router_1921_ixmw7li"
Info: ahls_memory_dma_fabric_fabric: "Generating: ahls_memory_dma_fabric_fabric_altera_merlin_router_1921_3uc74ei"
Info: ahls_memory_dma_fabric_fabric: "Generating: ahls_memory_dma_fabric_fabric_altera_merlin_router_1921_ldbgtgq"
Info: ahls_memory_dma_fabric_fabric: "Generating: ahls_memory_dma_fabric_fabric_altera_merlin_traffic_limiter_1921_dbseoby"
Info: my_altera_avalon_sc_fifo_dest_id_fifo: "Generating: my_altera_avalon_sc_fifo_dest_id_fifo"
Info: ahls_memory_dma_fabric_fabric: "Generating: ahls_memory_dma_fabric_fabric_altera_merlin_demultiplexer_1921_qaae75a"
Info: ahls_memory_dma_fabric_fabric: "Generating: ahls_memory_dma_fabric_fabric_altera_merlin_demultiplexer_1921_2nswdra"
Info: ahls_memory_dma_fabric_fabric: "Generating: ahls_memory_dma_fabric_fabric_altera_merlin_multiplexer_1922_7lcn5ca"
Info: ahls_memory_dma_fabric_fabric: "Generating: ahls_memory_dma_fabric_fabric_altera_merlin_multiplexer_1922_cijvlya"
Info: ahls_memory_dma_fabric_fabric: "Generating: ahls_memory_dma_fabric_fabric_altera_merlin_multiplexer_1922_y3mkexi"
Info: ahls_memory_dma_fabric_fabric: "Generating: ahls_memory_dma_fabric_fabric_altera_merlin_width_adapter_1950_fq674yi"
Info: ahls_memory_dma_fabric_fabric: "Generating: ahls_memory_dma_fabric_fabric_altera_merlin_width_adapter_1950_bvtlyty"
Info: ahls_memory_dma_fabric_fabric: "Generating: ahls_memory_dma_fabric_fabric_altera_avalon_st_pipeline_stage_1930_oiupeiq"
Info: ahls_memory_dma_fabric_fabric: "Generating: ahls_memory_dma_fabric_fabric_altera_merlin_axi_slave_ni_altera_avalon_sc_fifo_19112_jne3kpq"
Info: ahls_memory_dma_fabric_fabric: "Generating: ahls_memory_dma_fabric_fabric_altera_merlin_axi_slave_ni_altera_avalon_st_pipeline_stage_19112_7najzbq"
Info: ahls_memory_dma_fabric_fabric: "Generating: ahls_memory_dma_fabric_fabric_altera_merlin_axi_slave_ni_altera_avalon_st_pipeline_stage_19112_4nxcxpi"
Info: ahls_memory_dma_fabric_fabric: "Generating: ahls_memory_dma_fabric_fabric_altera_merlin_axi_slave_ni_altera_avalon_st_pipeline_stage_19112_gaxsrkq"
Info: ahls_memory_dma_fabric_fabric: "Generating: ahls_memory_dma_fabric_fabric_altera_merlin_burst_adapter_altera_avalon_st_pipeline_stage_1940_hev3h3q"
Info: ahls_memory_dma_fabric_fabric: "Generating: ahls_memory_dma_fabric_fabric_altera_merlin_axi_slave_ni_altera_avalon_sc_fifo_19112_42kli5i"
Info: ahls_memory_dma_fabric_fabric: "Generating: ahls_memory_dma_fabric_fabric_altera_merlin_axi_slave_ni_altera_avalon_st_pipeline_stage_19112_ha2465i"
Info: ahls_memory_dma_fabric_fabric: "Generating: ahls_memory_dma_fabric_fabric_altera_merlin_axi_slave_ni_altera_avalon_st_pipeline_stage_19112_2qk66ia"
Info: ahls_memory_dma_fabric_fabric: "Generating: ahls_memory_dma_fabric_fabric_altera_merlin_axi_slave_ni_altera_avalon_st_pipeline_stage_19112_ldqk53q"
Info: ahls_memory_dma_fabric_fabric: "Generating: ahls_memory_dma_fabric_fabric_altera_merlin_traffic_limiter_altera_avalon_sc_fifo_1921_fmkphni"
Info: ahls_memory_dma_fabric_fabric: Done "ahls_memory_dma_fabric_fabric" with 55 modules, 259 files
Info: Finished: Create HDL design files for synthesis
