Change Dir: '/home/uwb_student00/ahls/new_BSP/work_examples_afu01/hello_world-avalon/host21/build'

Run Build Command(s): /usr/bin/cmake -E env VERBOSE=1 /usr/bin/gmake -f Makefile -j1
/usr/bin/cmake -S/home/uwb_student00/ahls/new_BSP/work_examples_afu01/hello_world-avalon/host21 -B/home/uwb_student00/ahls/new_BSP/work_examples_afu01/hello_world-avalon/host21/build --check-build-system CMakeFiles/Makefile.cmake 0
/usr/bin/cmake -E cmake_progress_start /home/uwb_student00/ahls/new_BSP/work_examples_afu01/hello_world-avalon/host21/build/CMakeFiles /home/uwb_student00/ahls/new_BSP/work_examples_afu01/hello_world-avalon/host21/build//CMakeFiles/progress.marks
/usr/bin/gmake  -f CMakeFiles/Makefile2 all
gmake[1]: Entering directory '/home/uwb_student00/ahls/new_BSP/work_examples_afu01/hello_world-avalon/host21/build'
/usr/bin/gmake  -f CMakeFiles/hello_world_checked.dir/build.make CMakeFiles/hello_world_checked.dir/depend
gmake[2]: Entering directory '/home/uwb_student00/ahls/new_BSP/work_examples_afu01/hello_world-avalon/host21/build'
[ 33%] Generating afu_json_info.h
/usr/bin/afu_json_mgr json-info --afu-json=/home/uwb_student00/ahls/new_BSP/work_examples_afu01/sources/hello_world/hw/rtl/hello_world.json --c-hdr=/home/uwb_student00/ahls/new_BSP/work_examples_afu01/hello_world-avalon/host21/build/afu_json_info.h
Writing /home/uwb_student00/ahls/new_BSP/work_examples_afu01/hello_world-avalon/host21/build/afu_json_info.h
cd /home/uwb_student00/ahls/new_BSP/work_examples_afu01/hello_world-avalon/host21/build && /usr/bin/cmake -E cmake_depends "Unix Makefiles" /home/uwb_student00/ahls/new_BSP/work_examples_afu01/hello_world-avalon/host21 /home/uwb_student00/ahls/new_BSP/work_examples_afu01/hello_world-avalon/host21 /home/uwb_student00/ahls/new_BSP/work_examples_afu01/hello_world-avalon/host21/build /home/uwb_student00/ahls/new_BSP/work_examples_afu01/hello_world-avalon/host21/build /home/uwb_student00/ahls/new_BSP/work_examples_afu01/hello_world-avalon/host21/build/CMakeFiles/hello_world_checked.dir/DependInfo.cmake "--color="
gmake[2]: Leaving directory '/home/uwb_student00/ahls/new_BSP/work_examples_afu01/hello_world-avalon/host21/build'
/usr/bin/gmake  -f CMakeFiles/hello_world_checked.dir/build.make CMakeFiles/hello_world_checked.dir/build
gmake[2]: Entering directory '/home/uwb_student00/ahls/new_BSP/work_examples_afu01/hello_world-avalon/host21/build'
[ 66%] Building C object CMakeFiles/hello_world_checked.dir/hello_world_checked.c.o
/usr/bin/cc  -I/home/uwb_student00/ahls/new_BSP/work_examples_afu01/hello_world-avalon/host21/build -O2 -g -Wall -Wextra -Wformat -Wformat-security -fstack-protector-strong -fPIE -D_FORTIFY_SOURCE=2 -MD -MT CMakeFiles/hello_world_checked.dir/hello_world_checked.c.o -MF CMakeFiles/hello_world_checked.dir/hello_world_checked.c.o.d -o CMakeFiles/hello_world_checked.dir/hello_world_checked.c.o -c /home/uwb_student00/ahls/new_BSP/work_examples_afu01/hello_world-avalon/host21/hello_world_checked.c
[100%] Linking C executable hello_world_checked
/usr/bin/cmake -E cmake_link_script CMakeFiles/hello_world_checked.dir/link.txt --verbose=1
/usr/bin/cc -pie -Wl,-z,noexecstack -Wl,-z,relro -Wl,-z,now CMakeFiles/hello_world_checked.dir/hello_world_checked.c.o -o hello_world_checked  -lopae-c -luuid -lrt
gmake[2]: Leaving directory '/home/uwb_student00/ahls/new_BSP/work_examples_afu01/hello_world-avalon/host21/build'
[100%] Built target hello_world_checked
gmake[1]: Leaving directory '/home/uwb_student00/ahls/new_BSP/work_examples_afu01/hello_world-avalon/host21/build'
/usr/bin/cmake -E cmake_progress_start /home/uwb_student00/ahls/new_BSP/work_examples_afu01/hello_world-avalon/host21/build/CMakeFiles 0

