Change Dir: '/home/uwb_student00/ahls/new_BSP/work_ahls_memory_host01/native01/build'

Run Build Command(s): /usr/bin/cmake -E env VERBOSE=1 /usr/bin/make -f Makefile -j36 ahls_memory_inspect
/usr/bin/cmake -S/home/uwb_student00/ahls/new_BSP/work_ahls_memory_host01/native01/source -B/home/uwb_student00/ahls/new_BSP/work_ahls_memory_host01/native01/build --check-build-system CMakeFiles/Makefile.cmake 0
/usr/bin/make  -f CMakeFiles/Makefile2 ahls_memory_inspect
make[1]: Entering directory '/home/uwb_student00/ahls/new_BSP/work_ahls_memory_host01/native01/build'
/usr/bin/cmake -S/home/uwb_student00/ahls/new_BSP/work_ahls_memory_host01/native01/source -B/home/uwb_student00/ahls/new_BSP/work_ahls_memory_host01/native01/build --check-build-system CMakeFiles/Makefile.cmake 0
/usr/bin/cmake -E cmake_progress_start /home/uwb_student00/ahls/new_BSP/work_ahls_memory_host01/native01/build/CMakeFiles 3
/usr/bin/make  -f CMakeFiles/Makefile2 CMakeFiles/ahls_memory_inspect.dir/all
make[2]: Entering directory '/home/uwb_student00/ahls/new_BSP/work_ahls_memory_host01/native01/build'
/usr/bin/make  -f CMakeFiles/ahls_memory_inspect.dir/build.make CMakeFiles/ahls_memory_inspect.dir/depend
make[3]: Entering directory '/home/uwb_student00/ahls/new_BSP/work_ahls_memory_host01/native01/build'
cd /home/uwb_student00/ahls/new_BSP/work_ahls_memory_host01/native01/build && /usr/bin/cmake -E cmake_depends "Unix Makefiles" /home/uwb_student00/ahls/new_BSP/work_ahls_memory_host01/native01/source /home/uwb_student00/ahls/new_BSP/work_ahls_memory_host01/native01/source /home/uwb_student00/ahls/new_BSP/work_ahls_memory_host01/native01/build /home/uwb_student00/ahls/new_BSP/work_ahls_memory_host01/native01/build /home/uwb_student00/ahls/new_BSP/work_ahls_memory_host01/native01/build/CMakeFiles/ahls_memory_inspect.dir/DependInfo.cmake "--color="
make[3]: Leaving directory '/home/uwb_student00/ahls/new_BSP/work_ahls_memory_host01/native01/build'
/usr/bin/make  -f CMakeFiles/ahls_memory_inspect.dir/build.make CMakeFiles/ahls_memory_inspect.dir/build
make[3]: Entering directory '/home/uwb_student00/ahls/new_BSP/work_ahls_memory_host01/native01/build'
[ 33%] Building C object CMakeFiles/ahls_memory_inspect.dir/ahls_memory_inspect.c.o
[ 66%] Building C object CMakeFiles/ahls_memory_inspect.dir/ahls_qualification_core.c.o
/usr/bin/cc   -g -std=c11 -O2 -Wall -Wextra -Werror -pedantic -MD -MT CMakeFiles/ahls_memory_inspect.dir/ahls_memory_inspect.c.o -MF CMakeFiles/ahls_memory_inspect.dir/ahls_memory_inspect.c.o.d -o CMakeFiles/ahls_memory_inspect.dir/ahls_memory_inspect.c.o -c /home/uwb_student00/ahls/new_BSP/work_ahls_memory_host01/native01/source/ahls_memory_inspect.c
/usr/bin/cc   -g -std=c11 -O2 -Wall -Wextra -Werror -pedantic -MD -MT CMakeFiles/ahls_memory_inspect.dir/ahls_qualification_core.c.o -MF CMakeFiles/ahls_memory_inspect.dir/ahls_qualification_core.c.o.d -o CMakeFiles/ahls_memory_inspect.dir/ahls_qualification_core.c.o -c /home/uwb_student00/ahls/new_BSP/work_ahls_memory_host01/native01/source/ahls_qualification_core.c
[100%] Linking C executable ahls_memory_inspect
/usr/bin/cmake -E cmake_link_script CMakeFiles/ahls_memory_inspect.dir/link.txt --verbose=1
/usr/bin/cc -g CMakeFiles/ahls_memory_inspect.dir/ahls_memory_inspect.c.o CMakeFiles/ahls_memory_inspect.dir/ahls_qualification_core.c.o -o ahls_memory_inspect  /usr/lib64/libopae-c.so
make[3]: Leaving directory '/home/uwb_student00/ahls/new_BSP/work_ahls_memory_host01/native01/build'
[100%] Built target ahls_memory_inspect
make[2]: Leaving directory '/home/uwb_student00/ahls/new_BSP/work_ahls_memory_host01/native01/build'
/usr/bin/cmake -E cmake_progress_start /home/uwb_student00/ahls/new_BSP/work_ahls_memory_host01/native01/build/CMakeFiles 0
make[1]: Leaving directory '/home/uwb_student00/ahls/new_BSP/work_ahls_memory_host01/native01/build'

