
Symbol table '.dynsym' contains 36 entries:
   Num:    Value          Size Type    Bind   Vis      Ndx Name
     0: 0000000000000000     0 NOTYPE  LOCAL  DEFAULT  UND 
     1: 0000000000000000     0 FUNC    GLOBAL DEFAULT  UND fpgaPropertiesSetSubsystemDeviceID
     2: 0000000000000000     0 FUNC    GLOBAL DEFAULT  UND fpgaPropertiesSetBus
     3: 0000000000000000     0 FUNC    GLOBAL DEFAULT  UND __libc_start_main@GLIBC_2.34 (2)
     4: 0000000000000000     0 NOTYPE  WEAK   DEFAULT  UND _ITM_deregisterTMCloneTable
     5: 0000000000000000     0 FUNC    GLOBAL DEFAULT  UND puts@GLIBC_2.2.5 (3)
     6: 0000000000000000     0 FUNC    GLOBAL DEFAULT  UND fpgaEnumerate
     7: 0000000000000000     0 FUNC    GLOBAL DEFAULT  UND fpgaPropertiesSetObjectType
     8: 0000000000000000     0 FUNC    GLOBAL DEFAULT  UND fpgaPropertiesSetGUID
     9: 0000000000000000     0 FUNC    GLOBAL DEFAULT  UND strlen@GLIBC_2.2.5 (3)
    10: 0000000000000000     0 FUNC    GLOBAL DEFAULT  UND fpgaReadMMIO64
    11: 0000000000000000     0 FUNC    GLOBAL DEFAULT  UND printf@GLIBC_2.2.5 (3)
    12: 0000000000000000     0 FUNC    GLOBAL DEFAULT  UND fpgaPropertiesSetVendorID
    13: 0000000000000000     0 FUNC    GLOBAL DEFAULT  UND fpgaPropertiesSetDevice
    14: 0000000000000000     0 FUNC    GLOBAL DEFAULT  UND fpgaPropertiesSetSegment
    15: 0000000000000000     0 FUNC    GLOBAL DEFAULT  UND strcmp@GLIBC_2.2.5 (3)
    16: 0000000000000000     0 FUNC    GLOBAL DEFAULT  UND fprintf@GLIBC_2.2.5 (3)
    17: 0000000000000000     0 NOTYPE  WEAK   DEFAULT  UND __gmon_start__
    18: 0000000000000000     0 FUNC    GLOBAL DEFAULT  UND fpgaClose
    19: 0000000000000000     0 FUNC    GLOBAL DEFAULT  UND fflush@GLIBC_2.2.5 (3)
    20: 0000000000000000     0 FUNC    GLOBAL DEFAULT  UND __isoc99_sscanf@GLIBC_2.7 (4)
    21: 0000000000000000     0 FUNC    GLOBAL DEFAULT  UND fpgaGetProperties
    22: 0000000000000000     0 FUNC    GLOBAL DEFAULT  UND fpgaPropertiesSetSubsystemVendorID
    23: 0000000000000000     0 FUNC    GLOBAL DEFAULT  UND fpgaDestroyToken
    24: 0000000000000000     0 FUNC    GLOBAL DEFAULT  UND fpgaPropertiesSetDeviceID
    25: 0000000000000000     0 FUNC    GLOBAL DEFAULT  UND fpgaDestroyProperties
    26: 0000000000000000     0 FUNC    GLOBAL DEFAULT  UND fpgaMapMMIO
    27: 0000000000000000     0 FUNC    GLOBAL DEFAULT  UND fpgaUnmapMMIO
    28: 0000000000000000     0 FUNC    GLOBAL DEFAULT  UND fwrite@GLIBC_2.2.5 (3)
    29: 0000000000000000     0 FUNC    GLOBAL DEFAULT  UND fpgaOpen
    30: 0000000000000000     0 FUNC    GLOBAL DEFAULT  UND fpgaErrStr
    31: 0000000000000000     0 NOTYPE  WEAK   DEFAULT  UND _ITM_registerTMCloneTable
    32: 0000000000000000     0 FUNC    GLOBAL DEFAULT  UND fpgaPropertiesSetFunction
    33: 0000000000000000     0 FUNC    GLOBAL DEFAULT  UND __ctype_b_loc@GLIBC_2.3 (5)
    34: 0000000000404120     8 OBJECT  GLOBAL DEFAULT   25 stdout@GLIBC_2.2.5 (3)
    35: 0000000000404140     8 OBJECT  GLOBAL DEFAULT   25 stderr@GLIBC_2.2.5 (3)
