
Displaying notes found in: .note.gnu.property
  Owner                Data size 	Description
  GNU                  0x00000010	NT_GNU_PROPERTY_TYPE_0
      Properties: <procesor-specific type 0xc0008002 data: 03 00 00 00 >

Displaying notes found in: .note.gnu.build-id
  Owner                Data size 	Description
  GNU                  0x00000014	NT_GNU_BUILD_ID (unique build ID bitstring)
    Build ID: 556dc9db7e790878c65b06d55e983e7b99e2b2d4

Displaying notes found in: .note.ABI-tag
  Owner                Data size 	Description
  GNU                  0x00000010	NT_GNU_ABI_TAG (ABI version tag)
    OS: Linux, ABI: 3.2.0

Displaying notes found in: .gnu.build.attributes
  Owner                Data size 	Description
  GA$<version>3a1      0x00000010	OPEN
    Applies to region from 0x401930 to 0x401956
  GA$<version>3a1      0x00000010	OPEN
    Applies to region from 0x401965 to 0x401965
  GA$<version>3a1      0x00000010	OPEN
    Applies to region from 0x401000 to 0x401016
  GA$<version>3a1      0x00000010	OPEN
    Applies to region from 0x401fb4 to 0x401fbc
  GA$<version>3a1      0x00000010	OPEN
    Applies to region from 0x401970 to 0x401a16
  GA$<version>3a1      0x00000010	OPEN
    Applies to region from 0x401fb3 to 0x401fb3
  GA$<version>3a1      0x00000010	OPEN
    Applies to region from 0x401fb3 to 0x401fb3
  GA$<version>3a1      0x00000010	OPEN
    Applies to region from 0x401016 to 0x40101b
  GA$<version>3a1      0x00000010	OPEN
    Applies to region from 0x401fbc to 0x401fc1
