{
    "afu-image": {
        "accelerator-clusters": [
            {
                "accelerator-type-uuid": "d48dde9f-f551-578d-8bb0-69483ac95ec6",
                "name": "ia840f_ahls_memory",
                "total-contexts": 1
            }
        ],
        "afu-top-interface": {
            "class": "ofs_plat_afu"
        },
        "clock-frequency-high": 200,
        "clock-frequency-low": 100,
        "power": 0,
        "interface-uuid": "fc603c44-5c8f-5e94-bcbe-a5780030947c",
        "magic-no": 488605312
    },
    "version": 1
}
