{
  "state": "finished",
  "started": "2026-09-19T00:24:04.235212+00:00",
  "runner_pid": 100551,
  "argv": [
    "./ofs-common/scripts/common/syn/build_top.sh",
    "--stage=compile",
    "-k",
    "-p",
    "ia840f",
    "/home/uwb_student00/ahls/new_BSP/work_ia840f_fim_06"
  ],
  "cwd": "/home/uwb_student00/ahls/new_BSP/ofs-agx7-pcie-attach",
  "authorization_sha256": "24f6c03cc2be446ff214a3ed2c6fee3929bed22cd5b993bc002856443425bf41",
  "ready_for_build": false,
  "accepted_execution": true,
  "ddr_simulation": "SKIPPED BY USER",
  "functional_acceptance": false,
  "native_pid": 100553,
  "ended": "2026-09-19T00:27:07.012125+00:00",
  "native_returncode": 1,
  "gate_rejection": true,
  "native_exit_accepted": false,
  "compile_fit_assembly_timing_acceptance": "PENDING REPORT REVIEW"
}
