Info: Generated by version: 26.1.1 build 130
Info: Starting: Create simulation model
Info: qsys-generate /home/uwb_student00/ahls/new_BSP/work_ia840f_fim_05/syn/board/ia840f/syn_top/../../../../ofs-common/src/fpga_family/agilex/remote_stp/ip/remote_debug_jtag_only/host_if.ip --simulation=VERILOG --allow-mixed-language-simulation --simulator=MODELSIM --output-directory=/home/uwb_student00/ahls/new_BSP/work_ia840f_fim_05/ofs-common/src/fpga_family/agilex/remote_stp/ip/remote_debug_jtag_only/host_if --family="Agilex 7" --part=AGFB027R25A2E2V
Warning: host_if: Used altera_axi_bridge 19.10.3 (instead of 19.8.3)
Info: host_if: "Transforming system: host_if"
Info: host_if: "Naming system components in system: host_if"
Info: host_if: "Processing generation queue"
Info: host_if: "Generating: host_if"
Info: host_if: "Generating: host_if_altera_axi_bridge_19103_gpvfify"
Info: host_if: Done "host_if" with 2 modules, 3 files
Info: Generating the following file(s) for MODELSIM simulator in /home/uwb_student00/ahls/new_BSP/work_ia840f_fim_05/ofs-common/src/fpga_family/agilex/remote_stp/ip/remote_debug_jtag_only/host_if/sim/ directory:
Info: 	common/modelsim_files.tcl
Info: For information on how to simulate your IP, see the explanatory comments in the simulator-specific subdirectories under /home/uwb_student00/ahls/new_BSP/work_ia840f_fim_05/ofs-common/src/fpga_family/agilex/remote_stp/ip/remote_debug_jtag_only/host_if/sim/.
Info: Regenerate these scripts whenever you make any change to any Quartus-generated IP in your project.
Info: Finished: Create simulation model
Info: Starting: Create simulation script
Info: sim-script-gen --system-file=/home/uwb_student00/ahls/new_BSP/work_ia840f_fim_05/syn/board/ia840f/syn_top/../../../../ofs-common/src/fpga_family/agilex/remote_stp/ip/remote_debug_jtag_only/host_if.ip --simulator=MODELSIM --output-directory=/home/uwb_student00/ahls/new_BSP/work_ia840f_fim_05/ofs-common/src/fpga_family/agilex/remote_stp/ip/remote_debug_jtag_only/host_if/sim/ --use-relative-paths=true --modelsim-flow=traditional
Info: Generating the following file(s) for MODELSIM simulator in /home/uwb_student00/ahls/new_BSP/work_ia840f_fim_05/ofs-common/src/fpga_family/agilex/remote_stp/ip/remote_debug_jtag_only/host_if/sim/ directory:
Info: 	mentor/msim_setup.tcl
Info: 	mentor/run_msim_setup.tcl
Info: For information on how to simulate your IP, see the explanatory comments in the simulator-specific subdirectories under /home/uwb_student00/ahls/new_BSP/work_ia840f_fim_05/ofs-common/src/fpga_family/agilex/remote_stp/ip/remote_debug_jtag_only/host_if/sim/.
Info: Regenerate these scripts whenever you make any change to any Quartus-generated IP in your project.
Info: Finished: Create simulation script
Info: 
Info: Starting: Create HDL design files for synthesis
Info: qsys-generate /home/uwb_student00/ahls/new_BSP/work_ia840f_fim_05/syn/board/ia840f/syn_top/../../../../ofs-common/src/fpga_family/agilex/remote_stp/ip/remote_debug_jtag_only/host_if.ip --synthesis=VERILOG --output-directory=/home/uwb_student00/ahls/new_BSP/work_ia840f_fim_05/ofs-common/src/fpga_family/agilex/remote_stp/ip/remote_debug_jtag_only/host_if --family="Agilex 7" --part=AGFB027R25A2E2V
Warning: host_if: Used altera_axi_bridge 19.10.3 (instead of 19.8.3)
Info: host_if: "Transforming system: host_if"
Info: host_if: "Naming system components in system: host_if"
Info: host_if: "Processing generation queue"
Info: host_if: "Generating: host_if"
Info: host_if: "Generating: host_if_altera_axi_bridge_19103_gpvfify"
Info: host_if: Done "host_if" with 2 modules, 3 files
Info: Finished: Create HDL design files for synthesis
