/usr/bin/cmake -S/sdk -B/work/sdk-build --check-build-system CMakeFiles/Makefile.cmake 0
/usr/bin/gmake  -f CMakeFiles/Makefile2 opae-v
gmake[1]: Entering directory '/work/sdk-build'
/usr/bin/cmake -S/sdk -B/work/sdk-build --check-build-system CMakeFiles/Makefile.cmake 0
/usr/bin/cmake -E cmake_progress_start /work/sdk-build/CMakeFiles 15
/usr/bin/gmake  -f CMakeFiles/Makefile2 libraries/plugins/vfio/CMakeFiles/opae-v.dir/all
gmake[2]: Entering directory '/work/sdk-build'
/usr/bin/gmake  -f libraries/libopaemem/CMakeFiles/opaemem.dir/build.make libraries/libopaemem/CMakeFiles/opaemem.dir/depend
/usr/bin/gmake  -f libraries/libopae-c/CMakeFiles/opae-c.dir/build.make libraries/libopae-c/CMakeFiles/opae-c.dir/depend
gmake[3]: Entering directory '/work/sdk-build'
cd /work/sdk-build && /usr/bin/cmake -E cmake_depends "Unix Makefiles" /sdk /sdk/libraries/libopaemem /work/sdk-build /work/sdk-build/libraries/libopaemem /work/sdk-build/libraries/libopaemem/CMakeFiles/opaemem.dir/DependInfo.cmake --color=
gmake[3]: Entering directory '/work/sdk-build'
cd /work/sdk-build && /usr/bin/cmake -E cmake_depends "Unix Makefiles" /sdk /sdk/libraries/libopae-c /work/sdk-build /work/sdk-build/libraries/libopae-c /work/sdk-build/libraries/libopae-c/CMakeFiles/opae-c.dir/DependInfo.cmake --color=
Dependencies file "libraries/libopae-c/CMakeFiles/opae-c.dir/__/__/tests/framework/mock/opae_std.c.o.d" is newer than depends file "/work/sdk-build/libraries/libopae-c/CMakeFiles/opae-c.dir/compiler_depend.internal".
Dependencies file "libraries/libopae-c/CMakeFiles/opae-c.dir/api-shell.c.o.d" is newer than depends file "/work/sdk-build/libraries/libopae-c/CMakeFiles/opae-c.dir/compiler_depend.internal".
Dependencies file "libraries/libopae-c/CMakeFiles/opae-c.dir/cfg-file.c.o.d" is newer than depends file "/work/sdk-build/libraries/libopae-c/CMakeFiles/opae-c.dir/compiler_depend.internal".
Dependencies file "libraries/libopae-c/CMakeFiles/opae-c.dir/fpgad-cfg.c.o.d" is newer than depends file "/work/sdk-build/libraries/libopae-c/CMakeFiles/opae-c.dir/compiler_depend.internal".
Dependencies file "libraries/libopae-c/CMakeFiles/opae-c.dir/fpgainfo-cfg.c.o.d" is newer than depends file "/work/sdk-build/libraries/libopae-c/CMakeFiles/opae-c.dir/compiler_depend.internal".
gmake[3]: Leaving directory '/work/sdk-build'
Dependencies file "libraries/libopae-c/CMakeFiles/opae-c.dir/init.c.o.d" is newer than depends file "/work/sdk-build/libraries/libopae-c/CMakeFiles/opae-c.dir/compiler_depend.internal".
Dependencies file "libraries/libopae-c/CMakeFiles/opae-c.dir/multi-port-afu.c.o.d" is newer than depends file "/work/sdk-build/libraries/libopae-c/CMakeFiles/opae-c.dir/compiler_depend.internal".
/usr/bin/gmake  -f libraries/libopaemem/CMakeFiles/opaemem.dir/build.make libraries/libopaemem/CMakeFiles/opaemem.dir/build
Dependencies file "libraries/libopae-c/CMakeFiles/opae-c.dir/opae-cfg.c.o.d" is newer than depends file "/work/sdk-build/libraries/libopae-c/CMakeFiles/opae-c.dir/compiler_depend.internal".
Dependencies file "libraries/libopae-c/CMakeFiles/opae-c.dir/pluginmgr.c.o.d" is newer than depends file "/work/sdk-build/libraries/libopae-c/CMakeFiles/opae-c.dir/compiler_depend.internal".
Dependencies file "libraries/libopae-c/CMakeFiles/opae-c.dir/props.c.o.d" is newer than depends file "/work/sdk-build/libraries/libopae-c/CMakeFiles/opae-c.dir/compiler_depend.internal".
gmake[3]: Entering directory '/work/sdk-build'
Consolidate compiler generated dependencies of target opae-c
gmake[3]: Leaving directory '/work/sdk-build'
/usr/bin/gmake  -f libraries/libopae-c/CMakeFiles/opae-c.dir/build.make libraries/libopae-c/CMakeFiles/opae-c.dir/build
gmake[3]: Entering directory '/work/sdk-build'
gmake[3]: Nothing to be done for 'libraries/libopae-c/CMakeFiles/opae-c.dir/build'.
gmake[3]: Leaving directory '/work/sdk-build'
[  6%] Building C object libraries/libopaemem/CMakeFiles/opaemem.dir/mem_alloc.c.o
[  6%] Building C object libraries/libopaemem/CMakeFiles/opaemem.dir/hash_map.c.o
cd /work/sdk-build/libraries/libopaemem && /usr/bin/cc -DHAVE_CONFIG_H=1 -Dopaemem_EXPORTS -I/sdk/include -I/sdk/libraries -I/work/sdk-build/include -I/sdk/libraries/libopaemem -I/sdk/tests/framework -I/work/prefix/usr/include -Wformat -Wformat-security -fPIC -D_FORTIFY_SOURCE=2 -fstack-protector-all -g -O2 -Wall -Wextra -Werror -pthread -fPIC -std=gnu99 -MD -MT libraries/libopaemem/CMakeFiles/opaemem.dir/mem_alloc.c.o -MF CMakeFiles/opaemem.dir/mem_alloc.c.o.d -o CMakeFiles/opaemem.dir/mem_alloc.c.o -c /sdk/libraries/libopaemem/mem_alloc.c
[ 13%] Building C object libraries/libopaemem/CMakeFiles/opaemem.dir/__/__/tests/framework/mock/opae_std.c.o
cd /work/sdk-build/libraries/libopaemem && /usr/bin/cc -DHAVE_CONFIG_H=1 -Dopaemem_EXPORTS -I/sdk/include -I/sdk/libraries -I/work/sdk-build/include -I/sdk/libraries/libopaemem -I/sdk/tests/framework -I/work/prefix/usr/include -Wformat -Wformat-security -fPIC -D_FORTIFY_SOURCE=2 -fstack-protector-all -g -O2 -Wall -Wextra -Werror -pthread -fPIC -std=gnu99 -MD -MT libraries/libopaemem/CMakeFiles/opaemem.dir/hash_map.c.o -MF CMakeFiles/opaemem.dir/hash_map.c.o.d -o CMakeFiles/opaemem.dir/hash_map.c.o -c /sdk/libraries/libopaemem/hash_map.c
cd /work/sdk-build/libraries/libopaemem && /usr/bin/cc -DHAVE_CONFIG_H=1 -Dopaemem_EXPORTS -I/sdk/include -I/sdk/libraries -I/work/sdk-build/include -I/sdk/libraries/libopaemem -I/sdk/tests/framework -I/work/prefix/usr/include -Wformat -Wformat-security -fPIC -D_FORTIFY_SOURCE=2 -fstack-protector-all -g -O2 -Wall -Wextra -Werror -pthread -fPIC -std=gnu99 -MD -MT libraries/libopaemem/CMakeFiles/opaemem.dir/__/__/tests/framework/mock/opae_std.c.o -MF CMakeFiles/opaemem.dir/__/__/tests/framework/mock/opae_std.c.o.d -o CMakeFiles/opaemem.dir/__/__/tests/framework/mock/opae_std.c.o -c /sdk/tests/framework/mock/opae_std.c
[ 60%] Built target opae-c
[ 66%] Linking C shared library ../../lib/libopaemem.so
cd /work/sdk-build/libraries/libopaemem && /usr/bin/cmake -E cmake_link_script CMakeFiles/opaemem.dir/link.txt --verbose=1
/usr/bin/cc -fPIC  -Wformat -Wformat-security -fPIC -D_FORTIFY_SOURCE=2 -fstack-protector-all -g -O2 -Wall -Wextra -Werror -pthread  -pie -shared -Wl,-soname,libopaemem.so.2 -o ../../lib/libopaemem.so.2.13.0 CMakeFiles/opaemem.dir/mem_alloc.c.o CMakeFiles/opaemem.dir/hash_map.c.o CMakeFiles/opaemem.dir/__/__/tests/framework/mock/opae_std.c.o 
cd /work/sdk-build/libraries/libopaemem && /usr/bin/cmake -E cmake_symlink_library ../../lib/libopaemem.so.2.13.0 ../../lib/libopaemem.so.2 ../../lib/libopaemem.so
gmake[3]: Leaving directory '/work/sdk-build'
[ 66%] Built target opaemem
/usr/bin/gmake  -f libraries/libopaevfio/CMakeFiles/opaevfio.dir/build.make libraries/libopaevfio/CMakeFiles/opaevfio.dir/depend
gmake[3]: Entering directory '/work/sdk-build'
cd /work/sdk-build && /usr/bin/cmake -E cmake_depends "Unix Makefiles" /sdk /sdk/libraries/libopaevfio /work/sdk-build /work/sdk-build/libraries/libopaevfio /work/sdk-build/libraries/libopaevfio/CMakeFiles/opaevfio.dir/DependInfo.cmake --color=
gmake[3]: Leaving directory '/work/sdk-build'
/usr/bin/gmake  -f libraries/libopaevfio/CMakeFiles/opaevfio.dir/build.make libraries/libopaevfio/CMakeFiles/opaevfio.dir/build
gmake[3]: Entering directory '/work/sdk-build'
[ 73%] Building C object libraries/libopaevfio/CMakeFiles/opaevfio.dir/opaevfio.c.o
[ 73%] Building C object libraries/libopaevfio/CMakeFiles/opaevfio.dir/__/__/tests/framework/mock/opae_std.c.o
cd /work/sdk-build/libraries/libopaevfio && /usr/bin/cc -DHAVE_CONFIG_H=1 -Dopaevfio_EXPORTS -I/sdk/include -I/sdk/libraries -I/work/sdk-build/include -I/sdk/libraries/libopaevfio -I/sdk/tests/framework -I/work/prefix/usr/include -Wformat -Wformat-security -fPIC -D_FORTIFY_SOURCE=2 -fstack-protector-all -g -O2 -Wall -Wextra -Werror -pthread -fPIC -std=gnu99 -MD -MT libraries/libopaevfio/CMakeFiles/opaevfio.dir/opaevfio.c.o -MF CMakeFiles/opaevfio.dir/opaevfio.c.o.d -o CMakeFiles/opaevfio.dir/opaevfio.c.o -c /sdk/libraries/libopaevfio/opaevfio.c
cd /work/sdk-build/libraries/libopaevfio && /usr/bin/cc -DHAVE_CONFIG_H=1 -Dopaevfio_EXPORTS -I/sdk/include -I/sdk/libraries -I/work/sdk-build/include -I/sdk/libraries/libopaevfio -I/sdk/tests/framework -I/work/prefix/usr/include -Wformat -Wformat-security -fPIC -D_FORTIFY_SOURCE=2 -fstack-protector-all -g -O2 -Wall -Wextra -Werror -pthread -fPIC -std=gnu99 -MD -MT libraries/libopaevfio/CMakeFiles/opaevfio.dir/__/__/tests/framework/mock/opae_std.c.o -MF CMakeFiles/opaevfio.dir/__/__/tests/framework/mock/opae_std.c.o.d -o CMakeFiles/opaevfio.dir/__/__/tests/framework/mock/opae_std.c.o -c /sdk/tests/framework/mock/opae_std.c
[ 80%] Linking C shared library ../../lib/libopaevfio.so
cd /work/sdk-build/libraries/libopaevfio && /usr/bin/cmake -E cmake_link_script CMakeFiles/opaevfio.dir/link.txt --verbose=1
/usr/bin/cc -fPIC  -Wformat -Wformat-security -fPIC -D_FORTIFY_SOURCE=2 -fstack-protector-all -g -O2 -Wall -Wextra -Werror -pthread  -pie -shared -Wl,-soname,libopaevfio.so.2 -o ../../lib/libopaevfio.so.2.13.0 CMakeFiles/opaevfio.dir/opaevfio.c.o CMakeFiles/opaevfio.dir/__/__/tests/framework/mock/opae_std.c.o  -Wl,-rpath,/work/sdk-build/lib: ../../lib/libopaemem.so.2.13.0 
cd /work/sdk-build/libraries/libopaevfio && /usr/bin/cmake -E cmake_symlink_library ../../lib/libopaevfio.so.2.13.0 ../../lib/libopaevfio.so.2 ../../lib/libopaevfio.so
gmake[3]: Leaving directory '/work/sdk-build'
[ 80%] Built target opaevfio
/usr/bin/gmake  -f libraries/plugins/vfio/CMakeFiles/opae-v.dir/build.make libraries/plugins/vfio/CMakeFiles/opae-v.dir/depend
gmake[3]: Entering directory '/work/sdk-build'
cd /work/sdk-build && /usr/bin/cmake -E cmake_depends "Unix Makefiles" /sdk /sdk/libraries/plugins/vfio /work/sdk-build /work/sdk-build/libraries/plugins/vfio /work/sdk-build/libraries/plugins/vfio/CMakeFiles/opae-v.dir/DependInfo.cmake --color=
gmake[3]: Leaving directory '/work/sdk-build'
/usr/bin/gmake  -f libraries/plugins/vfio/CMakeFiles/opae-v.dir/build.make libraries/plugins/vfio/CMakeFiles/opae-v.dir/build
gmake[3]: Entering directory '/work/sdk-build'
[ 86%] Building C object libraries/plugins/vfio/CMakeFiles/opae-v.dir/plugin.c.o
cd /work/sdk-build/libraries/plugins/vfio && /usr/bin/cc -DHAVE_CONFIG_H=1 -Dopae_v_EXPORTS -I/sdk/include -I/sdk/libraries -I/work/sdk-build/include -I/sdk/libraries/plugins/vfio -I/sdk/tests/framework -I/work/prefix/usr/include -I/sdk/libraries/libopae-c -I/sdk/libraries/plugins/xfpga -std=gnu99  -Wformat -Wformat-security -fPIC -D_FORTIFY_SOURCE=2 -fstack-protector-all -g -O2 -Wall -Wextra -Werror -pthread -fPIC -std=gnu99 -MD -MT libraries/plugins/vfio/CMakeFiles/opae-v.dir/plugin.c.o -MF CMakeFiles/opae-v.dir/plugin.c.o.d -o CMakeFiles/opae-v.dir/plugin.c.o -c /sdk/libraries/plugins/vfio/plugin.c
[ 93%] Building C object libraries/plugins/vfio/CMakeFiles/opae-v.dir/opae_vfio.c.o
[ 93%] Building C object libraries/plugins/vfio/CMakeFiles/opae-v.dir/dfl.c.o
cd /work/sdk-build/libraries/plugins/vfio && /usr/bin/cc -DHAVE_CONFIG_H=1 -Dopae_v_EXPORTS -I/sdk/include -I/sdk/libraries -I/work/sdk-build/include -I/sdk/libraries/plugins/vfio -I/sdk/tests/framework -I/work/prefix/usr/include -I/sdk/libraries/libopae-c -I/sdk/libraries/plugins/xfpga -std=gnu99  -Wformat -Wformat-security -fPIC -D_FORTIFY_SOURCE=2 -fstack-protector-all -g -O2 -Wall -Wextra -Werror -pthread -fPIC -std=gnu99 -MD -MT libraries/plugins/vfio/CMakeFiles/opae-v.dir/opae_vfio.c.o -MF CMakeFiles/opae-v.dir/opae_vfio.c.o.d -o CMakeFiles/opae-v.dir/opae_vfio.c.o -c /sdk/libraries/plugins/vfio/opae_vfio.c
cd /work/sdk-build/libraries/plugins/vfio && /usr/bin/cc -DHAVE_CONFIG_H=1 -Dopae_v_EXPORTS -I/sdk/include -I/sdk/libraries -I/work/sdk-build/include -I/sdk/libraries/plugins/vfio -I/sdk/tests/framework -I/work/prefix/usr/include -I/sdk/libraries/libopae-c -I/sdk/libraries/plugins/xfpga -std=gnu99  -Wformat -Wformat-security -fPIC -D_FORTIFY_SOURCE=2 -fstack-protector-all -g -O2 -Wall -Wextra -Werror -pthread -fPIC -std=gnu99 -MD -MT libraries/plugins/vfio/CMakeFiles/opae-v.dir/dfl.c.o -MF CMakeFiles/opae-v.dir/dfl.c.o.d -o CMakeFiles/opae-v.dir/dfl.c.o -c /sdk/libraries/plugins/vfio/dfl.c
[100%] Linking C shared module ../../../lib/libopae-v.so
cd /work/sdk-build/libraries/plugins/vfio && /usr/bin/cmake -E cmake_link_script CMakeFiles/opae-v.dir/link.txt --verbose=1
/usr/bin/cc -fPIC -std=gnu99  -Wformat -Wformat-security -fPIC -D_FORTIFY_SOURCE=2 -fstack-protector-all -g -O2 -Wall -Wextra -Werror -pthread -shared  -o ../../../lib/libopae-v.so CMakeFiles/opae-v.dir/plugin.c.o CMakeFiles/opae-v.dir/opae_vfio.c.o CMakeFiles/opae-v.dir/dfl.c.o  -Wl,-rpath,/work/sdk-build/lib:/work/prefix/usr/lib/x86_64-linux-gnu: -ldl -lm ../../../lib/libopae-c.so.2.13.0 ../../../lib/libopaevfio.so.2.13.0 /work/prefix/usr/lib/x86_64-linux-gnu/libjson-c.so.5.1.0 /work/prefix/usr/lib/x86_64-linux-gnu/libuuid.so.1.3.0 -ldl /work/prefix/usr/lib/x86_64-linux-gnu/libjson-c.so.5.1.0 /work/prefix/usr/lib/x86_64-linux-gnu/libuuid.so.1.3.0 ../../../lib/libopaemem.so.2.13.0 
gmake[3]: Leaving directory '/work/sdk-build'
[100%] Built target opae-v
gmake[2]: Leaving directory '/work/sdk-build'
/usr/bin/cmake -E cmake_progress_start /work/sdk-build/CMakeFiles 0
gmake[1]: Leaving directory '/work/sdk-build'
/usr/bin/gmake  -f CMakeFiles/Makefile2 xfpga
gmake[1]: Entering directory '/work/sdk-build'
/usr/bin/cmake -S/sdk -B/work/sdk-build --check-build-system CMakeFiles/Makefile.cmake 0
/usr/bin/cmake -E cmake_progress_start /work/sdk-build/CMakeFiles 31
/usr/bin/gmake  -f CMakeFiles/Makefile2 libraries/plugins/xfpga/CMakeFiles/xfpga.dir/all
gmake[2]: Entering directory '/work/sdk-build'
/usr/bin/gmake  -f libraries/libopaeuio/CMakeFiles/opaeuio.dir/build.make libraries/libopaeuio/CMakeFiles/opaeuio.dir/depend
/usr/bin/gmake  -f libraries/libopae-c/CMakeFiles/opae-c.dir/build.make libraries/libopae-c/CMakeFiles/opae-c.dir/depend
gmake[3]: Entering directory '/work/sdk-build'
cd /work/sdk-build && /usr/bin/cmake -E cmake_depends "Unix Makefiles" /sdk /sdk/libraries/libopaeuio /work/sdk-build /work/sdk-build/libraries/libopaeuio /work/sdk-build/libraries/libopaeuio/CMakeFiles/opaeuio.dir/DependInfo.cmake --color=
gmake[3]: Entering directory '/work/sdk-build'
cd /work/sdk-build && /usr/bin/cmake -E cmake_depends "Unix Makefiles" /sdk /sdk/libraries/libopae-c /work/sdk-build /work/sdk-build/libraries/libopae-c /work/sdk-build/libraries/libopae-c/CMakeFiles/opae-c.dir/DependInfo.cmake --color=
gmake[3]: Leaving directory '/work/sdk-build'
/usr/bin/gmake  -f libraries/libopaeuio/CMakeFiles/opaeuio.dir/build.make libraries/libopaeuio/CMakeFiles/opaeuio.dir/build
gmake[3]: Entering directory '/work/sdk-build'
gmake[3]: Leaving directory '/work/sdk-build'
/usr/bin/gmake  -f libraries/libopae-c/CMakeFiles/opae-c.dir/build.make libraries/libopae-c/CMakeFiles/opae-c.dir/build
gmake[3]: Entering directory '/work/sdk-build'
gmake[3]: Nothing to be done for 'libraries/libopae-c/CMakeFiles/opae-c.dir/build'.
gmake[3]: Leaving directory '/work/sdk-build'
[  0%] Building C object libraries/libopaeuio/CMakeFiles/opaeuio.dir/opaeuio.c.o
[  3%] Building C object libraries/libopaeuio/CMakeFiles/opaeuio.dir/__/__/tests/framework/mock/opae_std.c.o
cd /work/sdk-build/libraries/libopaeuio && /usr/bin/cc -DHAVE_CONFIG_H=1 -Dopaeuio_EXPORTS -I/sdk/include -I/sdk/libraries -I/work/sdk-build/include -I/sdk/libraries/libopaeuio -I/sdk/tests/framework -I/work/prefix/usr/include -Wformat -Wformat-security -fPIC -D_FORTIFY_SOURCE=2 -fstack-protector-all -g -O2 -Wall -Wextra -Werror -pthread -fPIC -std=gnu99 -MD -MT libraries/libopaeuio/CMakeFiles/opaeuio.dir/opaeuio.c.o -MF CMakeFiles/opaeuio.dir/opaeuio.c.o.d -o CMakeFiles/opaeuio.dir/opaeuio.c.o -c /sdk/libraries/libopaeuio/opaeuio.c
cd /work/sdk-build/libraries/libopaeuio && /usr/bin/cc -DHAVE_CONFIG_H=1 -Dopaeuio_EXPORTS -I/sdk/include -I/sdk/libraries -I/work/sdk-build/include -I/sdk/libraries/libopaeuio -I/sdk/tests/framework -I/work/prefix/usr/include -Wformat -Wformat-security -fPIC -D_FORTIFY_SOURCE=2 -fstack-protector-all -g -O2 -Wall -Wextra -Werror -pthread -fPIC -std=gnu99 -MD -MT libraries/libopaeuio/CMakeFiles/opaeuio.dir/__/__/tests/framework/mock/opae_std.c.o -MF CMakeFiles/opaeuio.dir/__/__/tests/framework/mock/opae_std.c.o.d -o CMakeFiles/opaeuio.dir/__/__/tests/framework/mock/opae_std.c.o -c /sdk/tests/framework/mock/opae_std.c
[ 25%] Built target opae-c
[ 29%] Linking C shared library ../../lib/libopaeuio.so
cd /work/sdk-build/libraries/libopaeuio && /usr/bin/cmake -E cmake_link_script CMakeFiles/opaeuio.dir/link.txt --verbose=1
/usr/bin/cc -fPIC  -Wformat -Wformat-security -fPIC -D_FORTIFY_SOURCE=2 -fstack-protector-all -g -O2 -Wall -Wextra -Werror -pthread  -pie -shared -Wl,-soname,libopaeuio.so.2 -o ../../lib/libopaeuio.so.2.13.0 CMakeFiles/opaeuio.dir/opaeuio.c.o CMakeFiles/opaeuio.dir/__/__/tests/framework/mock/opae_std.c.o 
cd /work/sdk-build/libraries/libopaeuio && /usr/bin/cmake -E cmake_symlink_library ../../lib/libopaeuio.so.2.13.0 ../../lib/libopaeuio.so.2 ../../lib/libopaeuio.so
gmake[3]: Leaving directory '/work/sdk-build'
[ 29%] Built target opaeuio
/usr/bin/gmake  -f libraries/plugins/xfpga/CMakeFiles/xfpga.dir/build.make libraries/plugins/xfpga/CMakeFiles/xfpga.dir/depend
gmake[3]: Entering directory '/work/sdk-build'
cd /work/sdk-build && /usr/bin/cmake -E cmake_depends "Unix Makefiles" /sdk /sdk/libraries/plugins/xfpga /work/sdk-build /work/sdk-build/libraries/plugins/xfpga /work/sdk-build/libraries/plugins/xfpga/CMakeFiles/xfpga.dir/DependInfo.cmake --color=
gmake[3]: Leaving directory '/work/sdk-build'
/usr/bin/gmake  -f libraries/plugins/xfpga/CMakeFiles/xfpga.dir/build.make libraries/plugins/xfpga/CMakeFiles/xfpga.dir/build
gmake[3]: Entering directory '/work/sdk-build'
[ 32%] Building C object libraries/plugins/xfpga/CMakeFiles/xfpga.dir/umsg.c.o
[ 35%] Building C object libraries/plugins/xfpga/CMakeFiles/xfpga.dir/reconf.c.o
[ 38%] Building C object libraries/plugins/xfpga/CMakeFiles/xfpga.dir/enum.c.o
cd /work/sdk-build/libraries/plugins/xfpga && /usr/bin/cc -DHAVE_CONFIG_H=1 -Dxfpga_EXPORTS -I/sdk/include -I/sdk/libraries -I/work/sdk-build/include -I/sdk/libraries/plugins/xfpga -I/sdk/tests/framework -I/work/prefix/usr/include -I/sdk/libraries/libopae-c -Wformat -Wformat-security -fPIC -D_FORTIFY_SOURCE=2 -fstack-protector-all -g -O2 -Wall -Wextra -Werror -pthread -fPIC -std=gnu99 -MD -MT libraries/plugins/xfpga/CMakeFiles/xfpga.dir/umsg.c.o -MF CMakeFiles/xfpga.dir/umsg.c.o.d -o CMakeFiles/xfpga.dir/umsg.c.o -c /sdk/libraries/plugins/xfpga/umsg.c
[ 41%] Building C object libraries/plugins/xfpga/CMakeFiles/xfpga.dir/common.c.o
[ 41%] Building C object libraries/plugins/xfpga/CMakeFiles/xfpga.dir/error.c.o
cd /work/sdk-build/libraries/plugins/xfpga && /usr/bin/cc -DHAVE_CONFIG_H=1 -Dxfpga_EXPORTS -I/sdk/include -I/sdk/libraries -I/work/sdk-build/include -I/sdk/libraries/plugins/xfpga -I/sdk/tests/framework -I/work/prefix/usr/include -I/sdk/libraries/libopae-c -Wformat -Wformat-security -fPIC -D_FORTIFY_SOURCE=2 -fstack-protector-all -g -O2 -Wall -Wextra -Werror -pthread -fPIC -std=gnu99 -MD -MT libraries/plugins/xfpga/CMakeFiles/xfpga.dir/reconf.c.o -MF CMakeFiles/xfpga.dir/reconf.c.o.d -o CMakeFiles/xfpga.dir/reconf.c.o -c /sdk/libraries/plugins/xfpga/reconf.c
[ 45%] Building C object libraries/plugins/xfpga/CMakeFiles/xfpga.dir/reset.c.o
cd /work/sdk-build/libraries/plugins/xfpga && /usr/bin/cc -DHAVE_CONFIG_H=1 -Dxfpga_EXPORTS -I/sdk/include -I/sdk/libraries -I/work/sdk-build/include -I/sdk/libraries/plugins/xfpga -I/sdk/tests/framework -I/work/prefix/usr/include -I/sdk/libraries/libopae-c -Wformat -Wformat-security -fPIC -D_FORTIFY_SOURCE=2 -fstack-protector-all -g -O2 -Wall -Wextra -Werror -pthread -fPIC -std=gnu99 -MD -MT libraries/plugins/xfpga/CMakeFiles/xfpga.dir/common.c.o -MF CMakeFiles/xfpga.dir/common.c.o.d -o CMakeFiles/xfpga.dir/common.c.o -c /sdk/libraries/plugins/xfpga/common.c
[ 48%] Building C object libraries/plugins/xfpga/CMakeFiles/xfpga.dir/close.c.o
[ 51%] Building C object libraries/plugins/xfpga/CMakeFiles/xfpga.dir/buffer.c.o
[ 51%] Building C object libraries/plugins/xfpga/CMakeFiles/xfpga.dir/open.c.o
cd /work/sdk-build/libraries/plugins/xfpga && /usr/bin/cc -DHAVE_CONFIG_H=1 -Dxfpga_EXPORTS -I/sdk/include -I/sdk/libraries -I/work/sdk-build/include -I/sdk/libraries/plugins/xfpga -I/sdk/tests/framework -I/work/prefix/usr/include -I/sdk/libraries/libopae-c -Wformat -Wformat-security -fPIC -D_FORTIFY_SOURCE=2 -fstack-protector-all -g -O2 -Wall -Wextra -Werror -pthread -fPIC -std=gnu99 -MD -MT libraries/plugins/xfpga/CMakeFiles/xfpga.dir/enum.c.o -MF CMakeFiles/xfpga.dir/enum.c.o.d -o CMakeFiles/xfpga.dir/enum.c.o -c /sdk/libraries/plugins/xfpga/enum.c
[ 51%] Building C object libraries/plugins/xfpga/CMakeFiles/xfpga.dir/mmio.c.o
cd /work/sdk-build/libraries/plugins/xfpga && /usr/bin/cc -DHAVE_CONFIG_H=1 -Dxfpga_EXPORTS -I/sdk/include -I/sdk/libraries -I/work/sdk-build/include -I/sdk/libraries/plugins/xfpga -I/sdk/tests/framework -I/work/prefix/usr/include -I/sdk/libraries/libopae-c -Wformat -Wformat-security -fPIC -D_FORTIFY_SOURCE=2 -fstack-protector-all -g -O2 -Wall -Wextra -Werror -pthread -fPIC -std=gnu99 -MD -MT libraries/plugins/xfpga/CMakeFiles/xfpga.dir/error.c.o -MF CMakeFiles/xfpga.dir/error.c.o.d -o CMakeFiles/xfpga.dir/error.c.o -c /sdk/libraries/plugins/xfpga/error.c
cd /work/sdk-build/libraries/plugins/xfpga && /usr/bin/cc -DHAVE_CONFIG_H=1 -Dxfpga_EXPORTS -I/sdk/include -I/sdk/libraries -I/work/sdk-build/include -I/sdk/libraries/plugins/xfpga -I/sdk/tests/framework -I/work/prefix/usr/include -I/sdk/libraries/libopae-c -Wformat -Wformat-security -fPIC -D_FORTIFY_SOURCE=2 -fstack-protector-all -g -O2 -Wall -Wextra -Werror -pthread -fPIC -std=gnu99 -MD -MT libraries/plugins/xfpga/CMakeFiles/xfpga.dir/open.c.o -MF CMakeFiles/xfpga.dir/open.c.o.d -o CMakeFiles/xfpga.dir/open.c.o -c /sdk/libraries/plugins/xfpga/open.c
[ 51%] Building C object libraries/plugins/xfpga/CMakeFiles/xfpga.dir/hostif.c.o
[ 54%] Building C object libraries/plugins/xfpga/CMakeFiles/xfpga.dir/properties.c.o
cd /work/sdk-build/libraries/plugins/xfpga && /usr/bin/cc -DHAVE_CONFIG_H=1 -Dxfpga_EXPORTS -I/sdk/include -I/sdk/libraries -I/work/sdk-build/include -I/sdk/libraries/plugins/xfpga -I/sdk/tests/framework -I/work/prefix/usr/include -I/sdk/libraries/libopae-c -Wformat -Wformat-security -fPIC -D_FORTIFY_SOURCE=2 -fstack-protector-all -g -O2 -Wall -Wextra -Werror -pthread -fPIC -std=gnu99 -MD -MT libraries/plugins/xfpga/CMakeFiles/xfpga.dir/close.c.o -MF CMakeFiles/xfpga.dir/close.c.o.d -o CMakeFiles/xfpga.dir/close.c.o -c /sdk/libraries/plugins/xfpga/close.c
[ 58%] Building C object libraries/plugins/xfpga/CMakeFiles/xfpga.dir/event.c.o
cd /work/sdk-build/libraries/plugins/xfpga && /usr/bin/cc -DHAVE_CONFIG_H=1 -Dxfpga_EXPORTS -I/sdk/include -I/sdk/libraries -I/work/sdk-build/include -I/sdk/libraries/plugins/xfpga -I/sdk/tests/framework -I/work/prefix/usr/include -I/sdk/libraries/libopae-c -Wformat -Wformat-security -fPIC -D_FORTIFY_SOURCE=2 -fstack-protector-all -g -O2 -Wall -Wextra -Werror -pthread -fPIC -std=gnu99 -MD -MT libraries/plugins/xfpga/CMakeFiles/xfpga.dir/reset.c.o -MF CMakeFiles/xfpga.dir/reset.c.o.d -o CMakeFiles/xfpga.dir/reset.c.o -c /sdk/libraries/plugins/xfpga/reset.c
[ 61%] Building C object libraries/plugins/xfpga/CMakeFiles/xfpga.dir/bitstream.c.o
cd /work/sdk-build/libraries/plugins/xfpga && /usr/bin/cc -DHAVE_CONFIG_H=1 -Dxfpga_EXPORTS -I/sdk/include -I/sdk/libraries -I/work/sdk-build/include -I/sdk/libraries/plugins/xfpga -I/sdk/tests/framework -I/work/prefix/usr/include -I/sdk/libraries/libopae-c -Wformat -Wformat-security -fPIC -D_FORTIFY_SOURCE=2 -fstack-protector-all -g -O2 -Wall -Wextra -Werror -pthread -fPIC -std=gnu99 -MD -MT libraries/plugins/xfpga/CMakeFiles/xfpga.dir/mmio.c.o -MF CMakeFiles/xfpga.dir/mmio.c.o.d -o CMakeFiles/xfpga.dir/mmio.c.o -c /sdk/libraries/plugins/xfpga/mmio.c
cd /work/sdk-build/libraries/plugins/xfpga && /usr/bin/cc -DHAVE_CONFIG_H=1 -Dxfpga_EXPORTS -I/sdk/include -I/sdk/libraries -I/work/sdk-build/include -I/sdk/libraries/plugins/xfpga -I/sdk/tests/framework -I/work/prefix/usr/include -I/sdk/libraries/libopae-c -Wformat -Wformat-security -fPIC -D_FORTIFY_SOURCE=2 -fstack-protector-all -g -O2 -Wall -Wextra -Werror -pthread -fPIC -std=gnu99 -MD -MT libraries/plugins/xfpga/CMakeFiles/xfpga.dir/buffer.c.o -MF CMakeFiles/xfpga.dir/buffer.c.o.d -o CMakeFiles/xfpga.dir/buffer.c.o -c /sdk/libraries/plugins/xfpga/buffer.c
[ 61%] Building C object libraries/plugins/xfpga/CMakeFiles/xfpga.dir/opae_drv.c.o
cd /work/sdk-build/libraries/plugins/xfpga && /usr/bin/cc -DHAVE_CONFIG_H=1 -Dxfpga_EXPORTS -I/sdk/include -I/sdk/libraries -I/work/sdk-build/include -I/sdk/libraries/plugins/xfpga -I/sdk/tests/framework -I/work/prefix/usr/include -I/sdk/libraries/libopae-c -Wformat -Wformat-security -fPIC -D_FORTIFY_SOURCE=2 -fstack-protector-all -g -O2 -Wall -Wextra -Werror -pthread -fPIC -std=gnu99 -MD -MT libraries/plugins/xfpga/CMakeFiles/xfpga.dir/bitstream.c.o -MF CMakeFiles/xfpga.dir/bitstream.c.o.d -o CMakeFiles/xfpga.dir/bitstream.c.o -c /sdk/libraries/plugins/xfpga/bitstream.c
[ 64%] Building C object libraries/plugins/xfpga/CMakeFiles/xfpga.dir/sysfs.c.o
cd /work/sdk-build/libraries/plugins/xfpga && /usr/bin/cc -DHAVE_CONFIG_H=1 -Dxfpga_EXPORTS -I/sdk/include -I/sdk/libraries -I/work/sdk-build/include -I/sdk/libraries/plugins/xfpga -I/sdk/tests/framework -I/work/prefix/usr/include -I/sdk/libraries/libopae-c -Wformat -Wformat-security -fPIC -D_FORTIFY_SOURCE=2 -fstack-protector-all -g -O2 -Wall -Wextra -Werror -pthread -fPIC -std=gnu99 -MD -MT libraries/plugins/xfpga/CMakeFiles/xfpga.dir/hostif.c.o -MF CMakeFiles/xfpga.dir/hostif.c.o.d -o CMakeFiles/xfpga.dir/hostif.c.o -c /sdk/libraries/plugins/xfpga/hostif.c
[ 64%] Building C object libraries/plugins/xfpga/CMakeFiles/xfpga.dir/mmap.c.o
[ 67%] Building C object libraries/plugins/xfpga/CMakeFiles/xfpga.dir/wsid_list.c.o
cd /work/sdk-build/libraries/plugins/xfpga && /usr/bin/cc -DHAVE_CONFIG_H=1 -Dxfpga_EXPORTS -I/sdk/include -I/sdk/libraries -I/work/sdk-build/include -I/sdk/libraries/plugins/xfpga -I/sdk/tests/framework -I/work/prefix/usr/include -I/sdk/libraries/libopae-c -Wformat -Wformat-security -fPIC -D_FORTIFY_SOURCE=2 -fstack-protector-all -g -O2 -Wall -Wextra -Werror -pthread -fPIC -std=gnu99 -MD -MT libraries/plugins/xfpga/CMakeFiles/xfpga.dir/event.c.o -MF CMakeFiles/xfpga.dir/event.c.o.d -o CMakeFiles/xfpga.dir/event.c.o -c /sdk/libraries/plugins/xfpga/event.c
[ 70%] Building C object libraries/plugins/xfpga/CMakeFiles/xfpga.dir/version.c.o
cd /work/sdk-build/libraries/plugins/xfpga && /usr/bin/cc -DHAVE_CONFIG_H=1 -Dxfpga_EXPORTS -I/sdk/include -I/sdk/libraries -I/work/sdk-build/include -I/sdk/libraries/plugins/xfpga -I/sdk/tests/framework -I/work/prefix/usr/include -I/sdk/libraries/libopae-c -Wformat -Wformat-security -fPIC -D_FORTIFY_SOURCE=2 -fstack-protector-all -g -O2 -Wall -Wextra -Werror -pthread -fPIC -std=gnu99 -MD -MT libraries/plugins/xfpga/CMakeFiles/xfpga.dir/properties.c.o -MF CMakeFiles/xfpga.dir/properties.c.o.d -o CMakeFiles/xfpga.dir/properties.c.o -c /sdk/libraries/plugins/xfpga/properties.c
cd /work/sdk-build/libraries/plugins/xfpga && /usr/bin/cc -DHAVE_CONFIG_H=1 -Dxfpga_EXPORTS -I/sdk/include -I/sdk/libraries -I/work/sdk-build/include -I/sdk/libraries/plugins/xfpga -I/sdk/tests/framework -I/work/prefix/usr/include -I/sdk/libraries/libopae-c -Wformat -Wformat-security -fPIC -D_FORTIFY_SOURCE=2 -fstack-protector-all -g -O2 -Wall -Wextra -Werror -pthread -fPIC -std=gnu99 -MD -MT libraries/plugins/xfpga/CMakeFiles/xfpga.dir/opae_drv.c.o -MF CMakeFiles/xfpga.dir/opae_drv.c.o.d -o CMakeFiles/xfpga.dir/opae_drv.c.o -c /sdk/libraries/plugins/xfpga/opae_drv.c
[ 74%] Building C object libraries/plugins/xfpga/CMakeFiles/xfpga.dir/userclk.c.o
[ 74%] Building C object libraries/plugins/xfpga/CMakeFiles/xfpga.dir/usrclk/fpga_user_clk.c.o
cd /work/sdk-build/libraries/plugins/xfpga && /usr/bin/cc -DHAVE_CONFIG_H=1 -Dxfpga_EXPORTS -I/sdk/include -I/sdk/libraries -I/work/sdk-build/include -I/sdk/libraries/plugins/xfpga -I/sdk/tests/framework -I/work/prefix/usr/include -I/sdk/libraries/libopae-c -Wformat -Wformat-security -fPIC -D_FORTIFY_SOURCE=2 -fstack-protector-all -g -O2 -Wall -Wextra -Werror -pthread -fPIC -std=gnu99 -MD -MT libraries/plugins/xfpga/CMakeFiles/xfpga.dir/sysfs.c.o -MF CMakeFiles/xfpga.dir/sysfs.c.o.d -o CMakeFiles/xfpga.dir/sysfs.c.o -c /sdk/libraries/plugins/xfpga/sysfs.c
cd /work/sdk-build/libraries/plugins/xfpga && /usr/bin/cc -DHAVE_CONFIG_H=1 -Dxfpga_EXPORTS -I/sdk/include -I/sdk/libraries -I/work/sdk-build/include -I/sdk/libraries/plugins/xfpga -I/sdk/tests/framework -I/work/prefix/usr/include -I/sdk/libraries/libopae-c -Wformat -Wformat-security -fPIC -D_FORTIFY_SOURCE=2 -fstack-protector-all -g -O2 -Wall -Wextra -Werror -pthread -fPIC -std=gnu99 -MD -MT libraries/plugins/xfpga/CMakeFiles/xfpga.dir/wsid_list.c.o -MF CMakeFiles/xfpga.dir/wsid_list.c.o.d -o CMakeFiles/xfpga.dir/wsid_list.c.o -c /sdk/libraries/plugins/xfpga/wsid_list.c
cd /work/sdk-build/libraries/plugins/xfpga && /usr/bin/cc -DHAVE_CONFIG_H=1 -Dxfpga_EXPORTS -I/sdk/include -I/sdk/libraries -I/work/sdk-build/include -I/sdk/libraries/plugins/xfpga -I/sdk/tests/framework -I/work/prefix/usr/include -I/sdk/libraries/libopae-c -Wformat -Wformat-security -fPIC -D_FORTIFY_SOURCE=2 -fstack-protector-all -g -O2 -Wall -Wextra -Werror -pthread -fPIC -std=gnu99 -MD -MT libraries/plugins/xfpga/CMakeFiles/xfpga.dir/mmap.c.o -MF CMakeFiles/xfpga.dir/mmap.c.o.d -o CMakeFiles/xfpga.dir/mmap.c.o -c /sdk/libraries/plugins/xfpga/mmap.c
cd /work/sdk-build/libraries/plugins/xfpga && /usr/bin/cc -DHAVE_CONFIG_H=1 -Dxfpga_EXPORTS -I/sdk/include -I/sdk/libraries -I/work/sdk-build/include -I/sdk/libraries/plugins/xfpga -I/sdk/tests/framework -I/work/prefix/usr/include -I/sdk/libraries/libopae-c -Wformat -Wformat-security -fPIC -D_FORTIFY_SOURCE=2 -fstack-protector-all -g -O2 -Wall -Wextra -Werror -pthread -fPIC -std=gnu99 -MD -MT libraries/plugins/xfpga/CMakeFiles/xfpga.dir/version.c.o -MF CMakeFiles/xfpga.dir/version.c.o.d -o CMakeFiles/xfpga.dir/version.c.o -c /sdk/libraries/plugins/xfpga/version.c
[ 80%] Building C object libraries/plugins/xfpga/CMakeFiles/xfpga.dir/plugin.c.o
[ 80%] Building C object libraries/plugins/xfpga/CMakeFiles/xfpga.dir/sysobject.c.o
cd /work/sdk-build/libraries/plugins/xfpga && /usr/bin/cc -DHAVE_CONFIG_H=1 -Dxfpga_EXPORTS -I/sdk/include -I/sdk/libraries -I/work/sdk-build/include -I/sdk/libraries/plugins/xfpga -I/sdk/tests/framework -I/work/prefix/usr/include -I/sdk/libraries/libopae-c -Wformat -Wformat-security -fPIC -D_FORTIFY_SOURCE=2 -fstack-protector-all -g -O2 -Wall -Wextra -Werror -pthread -fPIC -std=gnu99 -MD -MT libraries/plugins/xfpga/CMakeFiles/xfpga.dir/userclk.c.o -MF CMakeFiles/xfpga.dir/userclk.c.o.d -o CMakeFiles/xfpga.dir/userclk.c.o -c /sdk/libraries/plugins/xfpga/userclk.c
cd /work/sdk-build/libraries/plugins/xfpga && /usr/bin/cc -DHAVE_CONFIG_H=1 -Dxfpga_EXPORTS -I/sdk/include -I/sdk/libraries -I/work/sdk-build/include -I/sdk/libraries/plugins/xfpga -I/sdk/tests/framework -I/work/prefix/usr/include -I/sdk/libraries/libopae-c -Wformat -Wformat-security -fPIC -D_FORTIFY_SOURCE=2 -fstack-protector-all -g -O2 -Wall -Wextra -Werror -pthread -fPIC -std=gnu99 -MD -MT libraries/plugins/xfpga/CMakeFiles/xfpga.dir/usrclk/fpga_user_clk.c.o -MF CMakeFiles/xfpga.dir/usrclk/fpga_user_clk.c.o.d -o CMakeFiles/xfpga.dir/usrclk/fpga_user_clk.c.o -c /sdk/libraries/plugins/xfpga/usrclk/fpga_user_clk.c
cd /work/sdk-build/libraries/plugins/xfpga && /usr/bin/cc -DHAVE_CONFIG_H=1 -Dxfpga_EXPORTS -I/sdk/include -I/sdk/libraries -I/work/sdk-build/include -I/sdk/libraries/plugins/xfpga -I/sdk/tests/framework -I/work/prefix/usr/include -I/sdk/libraries/libopae-c -Wformat -Wformat-security -fPIC -D_FORTIFY_SOURCE=2 -fstack-protector-all -g -O2 -Wall -Wextra -Werror -pthread -fPIC -std=gnu99 -MD -MT libraries/plugins/xfpga/CMakeFiles/xfpga.dir/plugin.c.o -MF CMakeFiles/xfpga.dir/plugin.c.o.d -o CMakeFiles/xfpga.dir/plugin.c.o -c /sdk/libraries/plugins/xfpga/plugin.c
cd /work/sdk-build/libraries/plugins/xfpga && /usr/bin/cc -DHAVE_CONFIG_H=1 -Dxfpga_EXPORTS -I/sdk/include -I/sdk/libraries -I/work/sdk-build/include -I/sdk/libraries/plugins/xfpga -I/sdk/tests/framework -I/work/prefix/usr/include -I/sdk/libraries/libopae-c -Wformat -Wformat-security -fPIC -D_FORTIFY_SOURCE=2 -fstack-protector-all -g -O2 -Wall -Wextra -Werror -pthread -fPIC -std=gnu99 -MD -MT libraries/plugins/xfpga/CMakeFiles/xfpga.dir/sysobject.c.o -MF CMakeFiles/xfpga.dir/sysobject.c.o.d -o CMakeFiles/xfpga.dir/sysobject.c.o -c /sdk/libraries/plugins/xfpga/sysobject.c
[ 83%] Building C object libraries/plugins/xfpga/CMakeFiles/xfpga.dir/manage.c.o
[ 83%] Building C object libraries/plugins/xfpga/CMakeFiles/xfpga.dir/metrics/metrics.c.o
[ 83%] Building C object libraries/plugins/xfpga/CMakeFiles/xfpga.dir/metrics/afu_metrics.c.o
[ 87%] Building C object libraries/plugins/xfpga/CMakeFiles/xfpga.dir/metrics/metrics_utils.c.o
[ 90%] Building C object libraries/plugins/xfpga/CMakeFiles/xfpga.dir/metrics/vector.c.o
cd /work/sdk-build/libraries/plugins/xfpga && /usr/bin/cc -DHAVE_CONFIG_H=1 -Dxfpga_EXPORTS -I/sdk/include -I/sdk/libraries -I/work/sdk-build/include -I/sdk/libraries/plugins/xfpga -I/sdk/tests/framework -I/work/prefix/usr/include -I/sdk/libraries/libopae-c -Wformat -Wformat-security -fPIC -D_FORTIFY_SOURCE=2 -fstack-protector-all -g -O2 -Wall -Wextra -Werror -pthread -fPIC -std=gnu99 -MD -MT libraries/plugins/xfpga/CMakeFiles/xfpga.dir/metrics/metrics.c.o -MF CMakeFiles/xfpga.dir/metrics/metrics.c.o.d -o CMakeFiles/xfpga.dir/metrics/metrics.c.o -c /sdk/libraries/plugins/xfpga/metrics/metrics.c
[ 93%] Building C object libraries/plugins/xfpga/CMakeFiles/xfpga.dir/metrics/metrics_max10.c.o
cd /work/sdk-build/libraries/plugins/xfpga && /usr/bin/cc -DHAVE_CONFIG_H=1 -Dxfpga_EXPORTS -I/sdk/include -I/sdk/libraries -I/work/sdk-build/include -I/sdk/libraries/plugins/xfpga -I/sdk/tests/framework -I/work/prefix/usr/include -I/sdk/libraries/libopae-c -Wformat -Wformat-security -fPIC -D_FORTIFY_SOURCE=2 -fstack-protector-all -g -O2 -Wall -Wextra -Werror -pthread -fPIC -std=gnu99 -MD -MT libraries/plugins/xfpga/CMakeFiles/xfpga.dir/manage.c.o -MF CMakeFiles/xfpga.dir/manage.c.o.d -o CMakeFiles/xfpga.dir/manage.c.o -c /sdk/libraries/plugins/xfpga/manage.c
[ 93%] Building C object libraries/plugins/xfpga/CMakeFiles/xfpga.dir/metrics/threshold.c.o
cd /work/sdk-build/libraries/plugins/xfpga && /usr/bin/cc -DHAVE_CONFIG_H=1 -Dxfpga_EXPORTS -I/sdk/include -I/sdk/libraries -I/work/sdk-build/include -I/sdk/libraries/plugins/xfpga -I/sdk/tests/framework -I/work/prefix/usr/include -I/sdk/libraries/libopae-c -Wformat -Wformat-security -fPIC -D_FORTIFY_SOURCE=2 -fstack-protector-all -g -O2 -Wall -Wextra -Werror -pthread -fPIC -std=gnu99 -MD -MT libraries/plugins/xfpga/CMakeFiles/xfpga.dir/metrics/metrics_utils.c.o -MF CMakeFiles/xfpga.dir/metrics/metrics_utils.c.o.d -o CMakeFiles/xfpga.dir/metrics/metrics_utils.c.o -c /sdk/libraries/plugins/xfpga/metrics/metrics_utils.c
[ 96%] Building C object libraries/plugins/xfpga/CMakeFiles/xfpga.dir/__/__/__/tests/framework/mock/opae_std.c.o
cd /work/sdk-build/libraries/plugins/xfpga && /usr/bin/cc -DHAVE_CONFIG_H=1 -Dxfpga_EXPORTS -I/sdk/include -I/sdk/libraries -I/work/sdk-build/include -I/sdk/libraries/plugins/xfpga -I/sdk/tests/framework -I/work/prefix/usr/include -I/sdk/libraries/libopae-c -Wformat -Wformat-security -fPIC -D_FORTIFY_SOURCE=2 -fstack-protector-all -g -O2 -Wall -Wextra -Werror -pthread -fPIC -std=gnu99 -MD -MT libraries/plugins/xfpga/CMakeFiles/xfpga.dir/metrics/afu_metrics.c.o -MF CMakeFiles/xfpga.dir/metrics/afu_metrics.c.o.d -o CMakeFiles/xfpga.dir/metrics/afu_metrics.c.o -c /sdk/libraries/plugins/xfpga/metrics/afu_metrics.c
cd /work/sdk-build/libraries/plugins/xfpga && /usr/bin/cc -DHAVE_CONFIG_H=1 -Dxfpga_EXPORTS -I/sdk/include -I/sdk/libraries -I/work/sdk-build/include -I/sdk/libraries/plugins/xfpga -I/sdk/tests/framework -I/work/prefix/usr/include -I/sdk/libraries/libopae-c -Wformat -Wformat-security -fPIC -D_FORTIFY_SOURCE=2 -fstack-protector-all -g -O2 -Wall -Wextra -Werror -pthread -fPIC -std=gnu99 -MD -MT libraries/plugins/xfpga/CMakeFiles/xfpga.dir/metrics/vector.c.o -MF CMakeFiles/xfpga.dir/metrics/vector.c.o.d -o CMakeFiles/xfpga.dir/metrics/vector.c.o -c /sdk/libraries/plugins/xfpga/metrics/vector.c
cd /work/sdk-build/libraries/plugins/xfpga && /usr/bin/cc -DHAVE_CONFIG_H=1 -Dxfpga_EXPORTS -I/sdk/include -I/sdk/libraries -I/work/sdk-build/include -I/sdk/libraries/plugins/xfpga -I/sdk/tests/framework -I/work/prefix/usr/include -I/sdk/libraries/libopae-c -Wformat -Wformat-security -fPIC -D_FORTIFY_SOURCE=2 -fstack-protector-all -g -O2 -Wall -Wextra -Werror -pthread -fPIC -std=gnu99 -MD -MT libraries/plugins/xfpga/CMakeFiles/xfpga.dir/metrics/metrics_max10.c.o -MF CMakeFiles/xfpga.dir/metrics/metrics_max10.c.o.d -o CMakeFiles/xfpga.dir/metrics/metrics_max10.c.o -c /sdk/libraries/plugins/xfpga/metrics/metrics_max10.c
cd /work/sdk-build/libraries/plugins/xfpga && /usr/bin/cc -DHAVE_CONFIG_H=1 -Dxfpga_EXPORTS -I/sdk/include -I/sdk/libraries -I/work/sdk-build/include -I/sdk/libraries/plugins/xfpga -I/sdk/tests/framework -I/work/prefix/usr/include -I/sdk/libraries/libopae-c -Wformat -Wformat-security -fPIC -D_FORTIFY_SOURCE=2 -fstack-protector-all -g -O2 -Wall -Wextra -Werror -pthread -fPIC -std=gnu99 -MD -MT libraries/plugins/xfpga/CMakeFiles/xfpga.dir/metrics/threshold.c.o -MF CMakeFiles/xfpga.dir/metrics/threshold.c.o.d -o CMakeFiles/xfpga.dir/metrics/threshold.c.o -c /sdk/libraries/plugins/xfpga/metrics/threshold.c
cd /work/sdk-build/libraries/plugins/xfpga && /usr/bin/cc -DHAVE_CONFIG_H=1 -Dxfpga_EXPORTS -I/sdk/include -I/sdk/libraries -I/work/sdk-build/include -I/sdk/libraries/plugins/xfpga -I/sdk/tests/framework -I/work/prefix/usr/include -I/sdk/libraries/libopae-c -Wformat -Wformat-security -fPIC -D_FORTIFY_SOURCE=2 -fstack-protector-all -g -O2 -Wall -Wextra -Werror -pthread -fPIC -std=gnu99 -MD -MT libraries/plugins/xfpga/CMakeFiles/xfpga.dir/__/__/__/tests/framework/mock/opae_std.c.o -MF CMakeFiles/xfpga.dir/__/__/__/tests/framework/mock/opae_std.c.o.d -o CMakeFiles/xfpga.dir/__/__/__/tests/framework/mock/opae_std.c.o -c /sdk/tests/framework/mock/opae_std.c
[100%] Linking C shared module ../../../lib/libxfpga.so
cd /work/sdk-build/libraries/plugins/xfpga && /usr/bin/cmake -E cmake_link_script CMakeFiles/xfpga.dir/link.txt --verbose=1
/usr/bin/cc -fPIC  -Wformat -Wformat-security -fPIC -D_FORTIFY_SOURCE=2 -fstack-protector-all -g -O2 -Wall -Wextra -Werror -pthread -shared  -o ../../../lib/libxfpga.so CMakeFiles/xfpga.dir/common.c.o CMakeFiles/xfpga.dir/enum.c.o CMakeFiles/xfpga.dir/error.c.o CMakeFiles/xfpga.dir/umsg.c.o CMakeFiles/xfpga.dir/reconf.c.o CMakeFiles/xfpga.dir/open.c.o CMakeFiles/xfpga.dir/close.c.o CMakeFiles/xfpga.dir/reset.c.o CMakeFiles/xfpga.dir/mmio.c.o CMakeFiles/xfpga.dir/buffer.c.o CMakeFiles/xfpga.dir/bitstream.c.o CMakeFiles/xfpga.dir/hostif.c.o CMakeFiles/xfpga.dir/event.c.o CMakeFiles/xfpga.dir/properties.c.o CMakeFiles/xfpga.dir/opae_drv.c.o CMakeFiles/xfpga.dir/sysfs.c.o CMakeFiles/xfpga.dir/wsid_list.c.o CMakeFiles/xfpga.dir/mmap.c.o CMakeFiles/xfpga.dir/version.c.o CMakeFiles/xfpga.dir/userclk.c.o CMakeFiles/xfpga.dir/usrclk/fpga_user_clk.c.o CMakeFiles/xfpga.dir/plugin.c.o CMakeFiles/xfpga.dir/sysobject.c.o CMakeFiles/xfpga.dir/manage.c.o CMakeFiles/xfpga.dir/metrics/metrics.c.o CMakeFiles/xfpga.dir/metrics/metrics_utils.c.o CMakeFiles/xfpga.dir/metrics/afu_metrics.c.o CMakeFiles/xfpga.dir/metrics/vector.c.o CMakeFiles/xfpga.dir/metrics/metrics_max10.c.o CMakeFiles/xfpga.dir/metrics/threshold.c.o CMakeFiles/xfpga.dir/__/__/__/tests/framework/mock/opae_std.c.o  -Wl,-rpath,/work/sdk-build/lib:/work/prefix/usr/lib/x86_64-linux-gnu: -ldl -lm ../../../lib/libopae-c.so.2.13.0 /work/prefix/usr/lib/x86_64-linux-gnu/libjson-c.so.5.1.0 /work/prefix/usr/lib/x86_64-linux-gnu/libuuid.so.1.3.0 ../../../lib/libopaeuio.so.2.13.0 -ldl /work/prefix/usr/lib/x86_64-linux-gnu/libjson-c.so.5.1.0 /work/prefix/usr/lib/x86_64-linux-gnu/libuuid.so.1.3.0 
gmake[3]: Leaving directory '/work/sdk-build'
[100%] Built target xfpga
gmake[2]: Leaving directory '/work/sdk-build'
/usr/bin/cmake -E cmake_progress_start /work/sdk-build/CMakeFiles 0
gmake[1]: Leaving directory '/work/sdk-build'
