
Dynamic section at offset 0x4dd98 contains 29 entries:
  Tag        Type                         Name/Value
 0x0000000000000001 (NEEDED)             Shared library: [libopae-c.so.2]
 0x0000000000000001 (NEEDED)             Shared library: [libjson-c.so.5]
 0x0000000000000001 (NEEDED)             Shared library: [libuuid.so.1]
 0x0000000000000001 (NEEDED)             Shared library: [libopaeuio.so.2]
 0x0000000000000001 (NEEDED)             Shared library: [libc.so.6]
 0x000000000000001d (RUNPATH)            Library runpath: [/work/sdk-build/lib:/work/prefix/usr/lib/x86_64-linux-gnu:]
 0x000000000000000c (INIT)               0x7000
 0x000000000000000d (FINI)               0x35e50
 0x0000000000000019 (INIT_ARRAY)         0x4ed80
 0x000000000000001b (INIT_ARRAYSZ)       16 (bytes)
 0x000000000000001a (FINI_ARRAY)         0x4ed90
 0x000000000000001c (FINI_ARRAYSZ)       8 (bytes)
 0x000000006ffffef5 (GNU_HASH)           0x2f0
 0x0000000000000005 (STRTAB)             0x30d0
 0x0000000000000006 (SYMTAB)             0xc88
 0x000000000000000a (STRSZ)              6748 (bytes)
 0x000000000000000b (SYMENT)             24 (bytes)
 0x0000000000000003 (PLTGOT)             0x4f000
 0x0000000000000002 (PLTRELSZ)           6336 (bytes)
 0x0000000000000014 (PLTREL)             RELA
 0x0000000000000017 (JMPREL)             0x5728
 0x0000000000000007 (RELA)               0x4f18
 0x0000000000000008 (RELASZ)             2064 (bytes)
 0x0000000000000009 (RELAENT)            24 (bytes)
 0x000000006ffffffe (VERNEED)            0x4e38
 0x000000006fffffff (VERNEEDNUM)         3
 0x000000006ffffff0 (VERSYM)             0x4b2c
 0x000000006ffffff9 (RELACOUNT)          45
 0x0000000000000000 (NULL)               0x0

Symbol table '.dynsym' contains 387 entries:
   Num:    Value          Size Type    Bind   Vis      Ndx Name
     0: 0000000000000000     0 NOTYPE  LOCAL  DEFAULT  UND 
     1: 0000000000000000     0 FUNC    GLOBAL DEFAULT  UND globfree@GLIBC_2.2.5 (2)
     2: 0000000000000000     0 FUNC    GLOBAL DEFAULT  UND __snprintf_chk@GLIBC_2.3.4 (3)
     3: 0000000000000000     0 FUNC    GLOBAL DEFAULT  UND dlerror@GLIBC_2.34 (4)
     4: 0000000000000000     0 FUNC    GLOBAL DEFAULT  UND free@GLIBC_2.2.5 (2)
     5: 0000000000000000     0 FUNC    GLOBAL DEFAULT  UND strcasecmp@GLIBC_2.2.5 (2)
     6: 0000000000000000     0 FUNC    GLOBAL DEFAULT  UND __errno_location@GLIBC_2.2.5 (2)
     7: 0000000000000000     0 FUNC    GLOBAL DEFAULT  UND strncpy@GLIBC_2.2.5 (2)
     8: 0000000000000000     0 NOTYPE  WEAK   DEFAULT  UND _ITM_deregisterTMCloneTable
     9: 0000000000000000     0 FUNC    GLOBAL DEFAULT  UND json_object_array_get_idx@JSONC_0.14 (5)
    10: 0000000000000000     0 FUNC    GLOBAL DEFAULT  UND sendmsg@GLIBC_2.2.5 (2)
    11: 0000000000000000     0 FUNC    GLOBAL DEFAULT  UND json_object_get_double@JSONC_0.14 (5)
    12: 0000000000000000     0 FUNC    GLOBAL DEFAULT  UND puts@GLIBC_2.2.5 (2)
    13: 0000000000000000     0 FUNC    GLOBAL DEFAULT  UND opae_uio_region_get
    14: 0000000000000000     0 FUNC    GLOBAL DEFAULT  UND readlink@GLIBC_2.2.5 (2)
    15: 0000000000000000     0 FUNC    GLOBAL DEFAULT  UND write@GLIBC_2.2.5 (2)
    16: 0000000000000000     0 FUNC    GLOBAL DEFAULT  UND getpid@GLIBC_2.2.5 (2)
    17: 0000000000000000     0 FUNC    GLOBAL DEFAULT  UND __open_2@GLIBC_2.7 (6)
    18: 0000000000000000     0 FUNC    GLOBAL DEFAULT  UND fclose@GLIBC_2.2.5 (2)
    19: 0000000000000000     0 FUNC    GLOBAL DEFAULT  UND opendir@GLIBC_2.2.5 (2)
    20: 0000000000000000     0 FUNC    GLOBAL DEFAULT  UND regfree@GLIBC_2.2.5 (2)
    21: 0000000000000000     0 FUNC    GLOBAL DEFAULT  UND strlen@GLIBC_2.2.5 (2)
    22: 0000000000000000     0 FUNC    GLOBAL DEFAULT  UND __stack_chk_fail@GLIBC_2.4 (7)
    23: 0000000000000000     0 FUNC    GLOBAL DEFAULT  UND mmap@GLIBC_2.2.5 (2)
    24: 0000000000000000     0 FUNC    GLOBAL DEFAULT  UND send@GLIBC_2.2.5 (2)
    25: 0000000000000000     0 FUNC    GLOBAL DEFAULT  UND strchr@GLIBC_2.2.5 (2)
    26: 0000000000000000     0 FUNC    GLOBAL DEFAULT  UND json_object_get_int64@JSONC_0.14 (5)
    27: 0000000000000000     0 FUNC    GLOBAL DEFAULT  UND pthread_mutex_destroy@GLIBC_2.2.5 (2)
    28: 0000000000000000     0 FUNC    GLOBAL DEFAULT  UND pclose@GLIBC_2.2.5 (2)
    29: 0000000000000000     0 FUNC    GLOBAL DEFAULT  UND pthread_mutexattr_settype@GLIBC_2.34 (4)
    30: 0000000000000000     0 FUNC    GLOBAL DEFAULT  UND strrchr@GLIBC_2.2.5 (2)
    31: 0000000000000000     0 FUNC    GLOBAL DEFAULT  UND lseek@GLIBC_2.2.5 (2)
    32: 0000000000000000     0 FUNC    GLOBAL DEFAULT  UND uuid_compare@UUID_1.0 (8)
    33: 0000000000000000     0 FUNC    GLOBAL DEFAULT  UND memset@GLIBC_2.2.5 (2)
    34: 0000000000000000     0 FUNC    GLOBAL DEFAULT  UND ioctl@GLIBC_2.2.5 (2)
    35: 0000000000000000     0 FUNC    GLOBAL DEFAULT  UND strnlen@GLIBC_2.2.5 (2)
    36: 0000000000000000     0 FUNC    GLOBAL DEFAULT  UND scandir@GLIBC_2.2.5 (2)
    37: 0000000000000000     0 FUNC    GLOBAL DEFAULT  UND canonicalize_file_name@GLIBC_2.2.5 (2)
    38: 0000000000000000     0 FUNC    GLOBAL DEFAULT  UND strncat@GLIBC_2.2.5 (2)
    39: 0000000000000000     0 FUNC    GLOBAL DEFAULT  UND close@GLIBC_2.2.5 (2)
    40: 0000000000000000     0 FUNC    GLOBAL DEFAULT  UND json_object_get_string@JSONC_0.14 (5)
    41: 0000000000000000     0 FUNC    GLOBAL DEFAULT  UND json_object_get_int@JSONC_0.14 (5)
    42: 0000000000000000     0 FUNC    GLOBAL DEFAULT  UND sched_setaffinity@GLIBC_2.3.4 (3)
    43: 0000000000000000     0 FUNC    GLOBAL DEFAULT  UND closedir@GLIBC_2.2.5 (2)
    44: 0000000000000000     0 FUNC    GLOBAL DEFAULT  UND regcomp@GLIBC_2.2.5 (2)
    45: 0000000000000000     0 FUNC    GLOBAL DEFAULT  UND alphasort@GLIBC_2.2.5 (2)
    46: 0000000000000000     0 FUNC    GLOBAL DEFAULT  UND read@GLIBC_2.2.5 (2)
    47: 0000000000000000     0 FUNC    GLOBAL DEFAULT  UND lstat@GLIBC_2.33 (9)
    48: 0000000000000000     0 FUNC    GLOBAL DEFAULT  UND strtoull@GLIBC_2.2.5 (2)
    49: 0000000000000000     0 FUNC    GLOBAL DEFAULT  UND calloc@GLIBC_2.2.5 (2)
    50: 0000000000000000     0 FUNC    GLOBAL DEFAULT  UND json_object_get_string_len@JSONC_0.14 (5)
    51: 0000000000000000     0 FUNC    GLOBAL DEFAULT  UND strcmp@GLIBC_2.2.5 (2)
    52: 0000000000000000     0 FUNC    GLOBAL DEFAULT  UND dlopen@GLIBC_2.34 (4)
    53: 0000000000000000     0 FUNC    GLOBAL DEFAULT  UND __memcpy_chk@GLIBC_2.3.4 (3)
    54: 0000000000000000     0 NOTYPE  WEAK   DEFAULT  UND __gmon_start__
    55: 0000000000000000     0 FUNC    GLOBAL DEFAULT  UND stat@GLIBC_2.33 (9)
    56: 0000000000000000     0 FUNC    GLOBAL DEFAULT  UND strtol@GLIBC_2.2.5 (2)
    57: 0000000000000000     0 FUNC    GLOBAL DEFAULT  UND realpath@GLIBC_2.3 (10)
    58: 0000000000000000     0 FUNC    GLOBAL DEFAULT  UND memcpy@GLIBC_2.14 (11)
    59: 0000000000000000     0 FUNC    GLOBAL DEFAULT  UND regerror@GLIBC_2.2.5 (2)
    60: 0000000000000000     0 FUNC    GLOBAL DEFAULT  UND readdir@GLIBC_2.2.5 (2)
    61: 0000000000000000     0 FUNC    GLOBAL DEFAULT  UND pthread_mutex_unlock@GLIBC_2.2.5 (2)
    62: 0000000000000000     0 FUNC    GLOBAL DEFAULT  UND malloc@GLIBC_2.2.5 (2)
    63: 0000000000000000     0 FUNC    GLOBAL DEFAULT  UND __isoc99_sscanf@GLIBC_2.7 (6)
    64: 0000000000000000     0 FUNC    GLOBAL DEFAULT  UND fpgaPropertiesSetParent
    65: 0000000000000000     0 FUNC    GLOBAL DEFAULT  UND fpgaGetProperties
    66: 0000000000000000     0 FUNC    GLOBAL DEFAULT  UND opae_print
    67: 0000000000000000     0 FUNC    GLOBAL DEFAULT  UND json_tokener_parse@JSONC_0.14 (5)
    68: 0000000000000000     0 FUNC    GLOBAL DEFAULT  UND opae_uio_open
    69: 0000000000000000     0 FUNC    GLOBAL DEFAULT  UND regexec@GLIBC_2.3.4 (3)
    70: 0000000000000000     0 FUNC    GLOBAL DEFAULT  UND json_object_put@JSONC_0.14 (5)
    71: 0000000000000000     0 FUNC    GLOBAL DEFAULT  UND __strncpy_chk@GLIBC_2.3.4 (3)
    72: 0000000000000000     0 FUNC    GLOBAL DEFAULT  UND realloc@GLIBC_2.2.5 (2)
    73: 0000000000000000     0 FUNC    GLOBAL DEFAULT  UND munmap@GLIBC_2.2.5 (2)
    74: 0000000000000000     0 FUNC    GLOBAL DEFAULT  UND fpgaPropertiesGetObjectType
    75: 0000000000000000     0 FUNC    GLOBAL DEFAULT  UND fpgaDestroyProperties
    76: 0000000000000000     0 FUNC    GLOBAL DEFAULT  UND open@GLIBC_2.2.5 (2)
    77: 0000000000000000     0 FUNC    GLOBAL DEFAULT  UND access@GLIBC_2.2.5 (2)
    78: 0000000000000000     0 FUNC    GLOBAL DEFAULT  UND popen@GLIBC_2.2.5 (2)
    79: 0000000000000000     0 FUNC    GLOBAL DEFAULT  UND uuid_parse@UUID_1.0 (8)
    80: 0000000000000000     0 FUNC    GLOBAL DEFAULT  UND fopen@GLIBC_2.2.5 (2)
    81: 0000000000000000     0 FUNC    GLOBAL DEFAULT  UND sysconf@GLIBC_2.2.5 (2)
    82: 0000000000000000     0 FUNC    GLOBAL DEFAULT  UND dlsym@GLIBC_2.34 (4)
    83: 0000000000000000     0 FUNC    GLOBAL DEFAULT  UND opae_uio_close
    84: 0000000000000000     0 FUNC    GLOBAL DEFAULT  UND strtoul@GLIBC_2.2.5 (2)
    85: 0000000000000000     0 FUNC    GLOBAL DEFAULT  UND glob@GLIBC_2.27 (12)
    86: 0000000000000000     0 FUNC    GLOBAL DEFAULT  UND connect@GLIBC_2.2.5 (2)
    87: 0000000000000000     0 FUNC    GLOBAL DEFAULT  UND eventfd@GLIBC_2.7 (6)
    88: 0000000000000000     0 FUNC    GLOBAL DEFAULT  UND __strncat_chk@GLIBC_2.3.4 (3)
    89: 0000000000000000     0 NOTYPE  WEAK   DEFAULT  UND _ITM_registerTMCloneTable
    90: 0000000000000000     0 FUNC    GLOBAL DEFAULT  UND json_object_object_get_ex@JSONC_0.14 (5)
    91: 0000000000000000     0 FUNC    GLOBAL DEFAULT  UND pthread_mutexattr_init@GLIBC_2.34 (4)
    92: 0000000000000000     0 FUNC    GLOBAL DEFAULT  UND strdup@GLIBC_2.2.5 (2)
    93: 0000000000000000     0 FUNC    GLOBAL DEFAULT  UND fpgaPropertiesGetObjectID
    94: 0000000000000000     0 FUNC    GLOBAL DEFAULT  UND strerror@GLIBC_2.2.5 (2)
    95: 0000000000000000     0 FUNC    GLOBAL DEFAULT  UND dlclose@GLIBC_2.34 (4)
    96: 0000000000000000     0 FUNC    GLOBAL DEFAULT  UND pthread_mutex_init@GLIBC_2.2.5 (2)
    97: 0000000000000000     0 FUNC    GLOBAL DEFAULT  UND fstat@GLIBC_2.33 (9)
    98: 0000000000000000     0 FUNC    WEAK   DEFAULT  UND __cxa_finalize@GLIBC_2.2.5 (2)
    99: 0000000000000000     0 FUNC    GLOBAL DEFAULT  UND pthread_mutexattr_destroy@GLIBC_2.34 (4)
   100: 0000000000000000     0 FUNC    GLOBAL DEFAULT  UND strstr@GLIBC_2.2.5 (2)
   101: 0000000000000000     0 FUNC    GLOBAL DEFAULT  UND fstatat@GLIBC_2.33 (9)
   102: 0000000000000000     0 FUNC    GLOBAL DEFAULT  UND pthread_mutex_lock@GLIBC_2.2.5 (2)
   103: 0000000000000000     0 FUNC    GLOBAL DEFAULT  UND usleep@GLIBC_2.2.5 (2)
   104: 0000000000000000     0 FUNC    GLOBAL DEFAULT  UND socket@GLIBC_2.2.5 (2)
   105: 000000000001c9c0   362 FUNC    GLOBAL DEFAULT   14 opae_dfl_port_get_user_irq
   106: 000000000001aae0   218 FUNC    GLOBAL DEFAULT   14 dfl_port_get_user_irq
   107: 0000000000024c90   845 FUNC    GLOBAL DEFAULT   14 sysfs_get_port_error_path
   108: 000000000001a7b0    69 FUNC    GLOBAL DEFAULT   14 dfl_fme_port_assign
   109: 000000000001a1a0   208 FUNC    GLOBAL DEFAULT   14 intel_fme_port_release
   110: 00000000000319b0  1008 FUNC    GLOBAL DEFAULT   14 add_afu_metrics_vector
   111: 0000000000020650   202 FUNC    GLOBAL DEFAULT   14 eintr_read
   112: 000000000001b030    60 FUNC    GLOBAL DEFAULT   14 dfl_port_set_err_irq
   113: 00000000000359d0    54 FUNC    GLOBAL DEFAULT   14 opae_opendir
   114: 0000000000035220  1346 FUNC    GLOBAL DEFAULT   14 xfpga_fpgaGetMetricsThresholdInfo
   115: 000000000002b490   717 FUNC    GLOBAL DEFAULT   14 xfpga_fpgaObjectGetObjectAt
   116: 000000000001a850   362 FUNC    GLOBAL DEFAULT   14 dfl_fme_port_pr
   117: 000000000002f2f0   485 FUNC    GLOBAL DEFAULT   14 get_fpga_object_type
   118: 000000000001abc0   218 FUNC    GLOBAL DEFAULT   14 dfl_fme_get_err_irq
   119: 000000000001f780   233 FUNC    GLOBAL DEFAULT   14 sysfs_get_afu_id
   120: 0000000000035770    54 FUNC    GLOBAL DEFAULT   14 opae_open
   121: 0000000000035a10    54 FUNC    GLOBAL DEFAULT   14 opae_closedir
   122: 00000000000116e0   522 FUNC    GLOBAL DEFAULT   14 xfpga_fpgaReset
   123: 0000000000035cb0    54 FUNC    GLOBAL DEFAULT   14 opae_realpath
   124: 000000000002c160   693 FUNC    GLOBAL DEFAULT   14 xfpga_fpgaObjectGetType
   125: 000000000001b5a0   362 FUNC    GLOBAL DEFAULT   14 opae_port_map
   126: 00000000000141e0   212 FUNC    GLOBAL DEFAULT   14 get_bitstream_header_len
   127: 000000000000d580   426 FUNC    GLOBAL DEFAULT   14 xfpga_fpgaClearAllErrors
   128: 0000000000012650   581 FUNC    GLOBAL DEFAULT   14 xfpga_fpgaWriteMMIO512
   129: 00000000000235b0   418 FUNC    GLOBAL DEFAULT   14 sysfs_get_guid
   130: 000000000001ace0    63 FUNC    GLOBAL DEFAULT   14 dfl_fpga_version
   131: 000000000002bd50  1034 FUNC    GLOBAL DEFAULT   14 xfpga_fpgaObjectWrite64
   132: 000000000001ad20   706 FUNC    GLOBAL DEFAULT   14 dfl_set_irq
   133: 00000000000312c0  1106 FUNC    GLOBAL DEFAULT   14 discover_afu_metrics_feature
   134: 000000000002e720   156 FUNC    GLOBAL DEFAULT   14 xfpga_bmcLoadSDRs
   135: 0000000000032a90  3936 FUNC    GLOBAL DEFAULT   14 dfl_enum_max10_metrics_info_pattern
   136: 0000000000019d10   224 FUNC    GLOBAL DEFAULT   14 intel_port_set_err_irq
   137: 0000000000022e60   325 FUNC    GLOBAL DEFAULT   14 opae_glob_path
   138: 0000000000028580   290 FUNC    GLOBAL DEFAULT   14 usrclk_update_bits
   139: 0000000000022930    58 FUNC    GLOBAL DEFAULT   14 cat_handle_sysfs_path
   140: 00000000000295c0  1017 FUNC    GLOBAL DEFAULT   14 get_userclock
   141: 0000000000027230   346 FUNC    GLOBAL DEFAULT   14 xfpga_fpgaGetOPAECBuildString
   142: 0000000000019ae0   208 FUNC    GLOBAL DEFAULT   14 intel_port_umsg_set_base_addr
   143: 0000000000013f70   511 FUNC    GLOBAL DEFAULT   14 check_interface_id
   144: 000000000001bb60   362 FUNC    GLOBAL DEFAULT   14 opae_port_umsg_enable
   145: 0000000000019660   290 FUNC    GLOBAL DEFAULT   14 intel_get_port_info
   146: 00000000000269b0   138 FUNC    GLOBAL DEFAULT   14 wsid_tracker_init
   147: 0000000000028cb0   432 FUNC    GLOBAL DEFAULT   14 usrclk_set_freq
   148: 0000000000024620  1642 FUNC    GLOBAL DEFAULT   14 get_port_sysfs
   149: 00000000000323b0   266 FUNC    GLOBAL DEFAULT   14 fpga_vector_push
   150: 000000000002df80   114 FUNC    GLOBAL DEFAULT   14 metric_sysfs_path_is_dir
   151: 000000000002cc90  1250 FUNC    GLOBAL DEFAULT   14 xfpga_fpgaGetMetricsInfo
   152: 0000000000035b50    54 FUNC    GLOBAL DEFAULT   14 opae_access
   153: 0000000000022790   413 FUNC    GLOBAL DEFAULT   14 cat_sysfs_path
   154: 000000000001d2d0   748 FUNC    GLOBAL DEFAULT   14 sysfs_finalize
   155: 000000000001d130   410 FUNC    GLOBAL DEFAULT   14 sysfs_device_count
   156: 00000000000358b0    54 FUNC    GLOBAL DEFAULT   14 opae_fclose
   157: 000000000001f960   233 FUNC    GLOBAL DEFAULT   14 sysfs_get_slots
   158: 000000000002e980   172 FUNC    GLOBAL DEFAULT   14 xfpga_bmcGetSensorReading
   159: 000000000002baf0   597 FUNC    GLOBAL DEFAULT   14 xfpga_fpgaObjectRead
   160: 0000000000035a50    54 FUNC    GLOBAL DEFAULT   14 opae_readlink
   161: 000000000000f7b0  5153 FUNC    GLOBAL DEFAULT   14 xfpga_fpgaReconfigureSlot
   162: 0000000000013cb0   690 FUNC    GLOBAL DEFAULT   14 get_interface_id
   163: 000000000000d730   730 FUNC    GLOBAL DEFAULT   14 xfpga_fpgaGetErrorInfo
   164: 000000000000bae0  3712 FUNC    GLOBAL DEFAULT   14 xfpga_fpgaEnumerate
   165: 000000000001e550  1066 FUNC    GLOBAL DEFAULT   14 sysfs_read_u64
   166: 0000000000030810   634 FUNC    GLOBAL DEFAULT   14 free_fpga_enum_metrics_vector
   167: 0000000000035970    89 FUNC    GLOBAL DEFAULT   14 opae_ioctl
   168: 0000000000035c50    90 FUNC    GLOBAL DEFAULT   14 opae_globfree
   169: 000000000001be40   362 FUNC    GLOBAL DEFAULT   14 opae_fme_set_err_irq
   170: 0000000000030260   885 FUNC    GLOBAL DEFAULT   14 get_fme_metric_value
   171: 000000000002b760   357 FUNC    GLOBAL DEFAULT   14 xfpga_fpgaDestroyObject
   172: 000000000000f070   701 FUNC    GLOBAL DEFAULT   14 free_umsg_buffer
   173: 0000000000019bf0    63 FUNC    GLOBAL DEFAULT   14 intel_port_umsg_disable
   174: 0000000000026a40   233 FUNC    GLOBAL DEFAULT   14 wsid_add
   175: 0000000000034780  2715 FUNC    GLOBAL DEFAULT   14 get_max10_threshold_info
   176: 000000000000abb0    78 FUNC    GLOBAL DEFAULT   14 wsid_gen
   177: 000000000001b2c0   362 FUNC    GLOBAL DEFAULT   14 opae_get_port_info
   178: 000000000001b0b0   149 FUNC    GLOBAL DEFAULT   14 opae_ioctl_initialize
   179: 0000000000042080 19232 OBJECT  GLOBAL DEFAULT   16 iopll_freq_config
   180: 0000000000019560   250 FUNC    GLOBAL DEFAULT   14 intel_get_fme_info
   181: 000000000001b880   362 FUNC    GLOBAL DEFAULT   14 opae_port_umsg_cfg
   182: 0000000000032260   325 FUNC    GLOBAL DEFAULT   14 fpga_vector_resize
   183: 0000000000019a10   208 FUNC    GLOBAL DEFAULT   14 intel_port_umsg_cfg
   184: 00000000000277b0  1050 FUNC    GLOBAL DEFAULT   14 xfpga_fpgaGetUserClock
   185: 000000000002aa40   586 FUNC    GLOBAL DEFAULT   14 xfpga_fpgaTokenGetObject
   186: 0000000000035cf0    54 FUNC    GLOBAL DEFAULT   14 opae_malloc
   187: 00000000000128a0   274 FUNC    GLOBAL DEFAULT   14 xfpga_fpgaMapMMIO
   188: 0000000000033d70  2574 FUNC    GLOBAL DEFAULT   14 get_bmc_threshold_info
   189: 0000000000033a30   826 FUNC    GLOBAL DEFAULT   14 read_max10_value
   190: 000000000002ac90   586 FUNC    GLOBAL DEFAULT   14 xfpga_fpgaHandleGetObject
   191: 000000000000a7e0   701 FUNC    GLOBAL DEFAULT   14 event_handle_check_and_lock
   192: 0000000000026cc0   120 FUNC    GLOBAL DEFAULT   14 wsid_find
   193: 000000000000e5f0   597 FUNC    GLOBAL DEFAULT   14 xfpga_fpgaGetNumUmsg
   194: 000000000001cf80   362 FUNC    GLOBAL DEFAULT   14 opae_dfl_fme_set_err_irq
   195: 000000000003bc60 25632 OBJECT  GLOBAL DEFAULT   16 iopll_agilex_freq_config
   196: 0000000000035b10    54 FUNC    GLOBAL DEFAULT   14 opae_fstatat
   197: 000000000000e850   381 FUNC    GLOBAL DEFAULT   14 xfpga_fpgaSetUmsgAttributes
   198: 0000000000019df0   725 FUNC    GLOBAL DEFAULT   14 intel_port_set_user_irq
   199: 0000000000028b30   384 FUNC    GLOBAL DEFAULT   14 usrclk_c1_write
   200: 0000000000019bb0    63 FUNC    GLOBAL DEFAULT   14 intel_port_umsg_enable
   201: 0000000000012420   560 FUNC    GLOBAL DEFAULT   14 xfpga_fpgaReadMMIO64
   202: 0000000000019790   274 FUNC    GLOBAL DEFAULT   14 intel_get_port_region_info
   203: 0000000000014170   112 FUNC    GLOBAL DEFAULT   14 check_bitstream_guid
   204: 0000000000035b90    54 FUNC    GLOBAL DEFAULT   14 opae_scandir
   205: 000000000001a430   250 FUNC    GLOBAL DEFAULT   14 dfl_get_port_info
   206: 0000000000022970   645 FUNC    GLOBAL DEFAULT   14 alloc_fpga_object
   207: 000000000001a650   258 FUNC    GLOBAL DEFAULT   14 dfl_port_map
   208: 0000000000035df0    54 FUNC    GLOBAL DEFAULT   14 opae_strdup
   209: 000000000001fe90   869 FUNC    GLOBAL DEFAULT   14 get_fpga_hw_type
   210: 000000000001cca0   362 FUNC    GLOBAL DEFAULT   14 opae_dfl_port_set_err_irq
   211: 00000000000230d0   410 FUNC    GLOBAL DEFAULT   14 sysfs_get_bmc_path
   212: 000000000001c6e0   362 FUNC    GLOBAL DEFAULT   14 opae_fme_port_reset
   213: 000000000001b070    60 FUNC    GLOBAL DEFAULT   14 dfl_port_set_user_irq
   214: 0000000000032190   202 FUNC    GLOBAL DEFAULT   14 fpga_vector_total
   215: 000000000002b8d0   394 FUNC    GLOBAL DEFAULT   14 xfpga_fpgaObjectGetSize
   216: 0000000000026ef0   242 FUNC    GLOBAL DEFAULT   14 free_buffer
   217: 000000000002aee0   810 FUNC    GLOBAL DEFAULT   14 xfpga_fpgaObjectGetObject
   218: 000000000001aa00   218 FUNC    GLOBAL DEFAULT   14 dfl_port_get_err_irq
   219: 000000000000b480  1629 FUNC    GLOBAL DEFAULT   14 token_add
   220: 0000000000017000   226 FUNC    GLOBAL DEFAULT   14 xfpga_fpgaGetOSObjectFromEventHandle
   221: 000000000002d780  2035 FUNC    GLOBAL DEFAULT   14 xfpga_fpgaGetMetricsByName
   222: 00000000000299c0   789 FUNC    GLOBAL DEFAULT   14 get_userclk_revision
   223: 0000000000012d30  2533 FUNC    GLOBAL DEFAULT   14 xfpga_fpgaPrepareBuffer
   224: 0000000000024fe0   845 FUNC    GLOBAL DEFAULT   14 sysfs_get_port_error_clear_path
   225: 00000000000286b0   370 FUNC    GLOBAL DEFAULT   14 usrclk_m_write
   226: 00000000000143a0  1443 FUNC    GLOBAL DEFAULT   14 validate_bitstream_metadata
   227: 000000000000f330   554 FUNC    GLOBAL DEFAULT   14 xfpga_fpgaTriggerUmsg
   228: 0000000000019420   306 FUNC    GLOBAL DEFAULT   14 opae_internal_ioctl
   229: 000000000002c420   709 FUNC    GLOBAL DEFAULT   14 xfpga_fpgaObjectGetName
   230: 0000000000020720   730 FUNC    GLOBAL DEFAULT   14 sysfs_parse_attribute64
   231: 000000000001e980  1084 FUNC    GLOBAL DEFAULT   14 sysfs_write_u64
   232: 000000000001d5c0   581 FUNC    GLOBAL DEFAULT   14 sysfs_get_device
   233: 0000000000035ad0    54 FUNC    GLOBAL DEFAULT   14 opae_lstat
   234: 0000000000026660   842 FUNC    GLOBAL DEFAULT   14 make_sysfs_array
   235: 000000000000da10  2629 FUNC    GLOBAL DEFAULT   14 build_error_list
   236: 00000000000307b0    96 FUNC    GLOBAL DEFAULT   14 clear_cached_values
   237: 000000000002e850   156 FUNC    GLOBAL DEFAULT   14 xfpga_bmcReadSensorValues
   238: 0000000000030a90  2084 FUNC    GLOBAL DEFAULT   14 enum_fpga_metrics
   239: 000000000001a760    76 FUNC    GLOBAL DEFAULT   14 dfl_port_unmap
   240: 000000000000cde0   867 FUNC    GLOBAL DEFAULT   14 xfpga_fpgaReadError
   241: 000000000004f880    40 OBJECT  GLOBAL DEFAULT   24 global_lock
   242: 0000000000026d40   124 FUNC    GLOBAL DEFAULT   14 wsid_find_by_index
   243: 0000000000025ce0  1298 FUNC    GLOBAL DEFAULT   14 make_sysfs_object
   244: 000000000000e4a0   334 FUNC    GLOBAL DEFAULT   14 clone_error_list
   245: 000000000000a520   701 FUNC    GLOBAL DEFAULT   14 handle_check_and_lock
   246: 0000000000011d90   560 FUNC    GLOBAL DEFAULT   14 xfpga_fpgaWriteMMIO32
   247: 0000000000031ff0   108 FUNC    GLOBAL DEFAULT   14 fpga_vector_init
   248: 0000000000035d70    54 FUNC    GLOBAL DEFAULT   14 opae_free
   249: 000000000002b210   640 FUNC    GLOBAL DEFAULT   14 xfpga_fpgaCloneObject
   250: 00000000000257c0  1299 FUNC    GLOBAL DEFAULT   14 find_glob_path
   251: 000000000004f900    32 OBJECT  GLOBAL DEFAULT   24 errors_exclude
   252: 0000000000023ad0   598 FUNC    GLOBAL DEFAULT   14 check_sysfs_path_is_valid
   253: 000000000001ce10   362 FUNC    GLOBAL DEFAULT   14 opae_dfl_port_set_user_irq
   254: 000000000001a530   274 FUNC    GLOBAL DEFAULT   14 dfl_get_port_region_info
   255: 000000000001a270   370 FUNC    GLOBAL DEFAULT   14 intel_fme_port_pr
   256: 0000000000035d30    54 FUNC    GLOBAL DEFAULT   14 opae_calloc
   257: 0000000000035c10    54 FUNC    GLOBAL DEFAULT   14 opae_glob
   258: 0000000000019320   242 FUNC    GLOBAL DEFAULT   14 xfpga_fpgaGetPropertiesFromHandle
   259: 00000000000300c0   410 FUNC    GLOBAL DEFAULT   14 get_pwr_thermal_max10_value
   260: 000000000000e460    56 FUNC    GLOBAL DEFAULT   14 count_error_files
   261: 00000000000339f0    61 FUNC    GLOBAL DEFAULT   14 dfl_enum_max10_metrics_info
   262: 000000000001b430   362 FUNC    GLOBAL DEFAULT   14 opae_get_port_region_info
   263: 00000000000357b0    56 FUNC    GLOBAL DEFAULT   14 opae_open_create
   264: 0000000000019c30   224 FUNC    GLOBAL DEFAULT   14 intel_fme_set_err_irq
   265: 0000000000032060   292 FUNC    GLOBAL DEFAULT   14 fpga_vector_free
   266: 0000000000023760   871 FUNC    GLOBAL DEFAULT   14 sysfs_get_fme_path
   267: 0000000000035870    54 FUNC    GLOBAL DEFAULT   14 opae_fopen
   268: 000000000001f680   256 FUNC    GLOBAL DEFAULT   14 sysfs_get_socket_id
   269: 00000000000270c0   362 FUNC    GLOBAL DEFAULT   14 xfpga_fpgaGetOPAECVersionString
   270: 000000000001fa50   233 FUNC    GLOBAL DEFAULT   14 sysfs_get_bitstream_id
   271: 0000000000026dc0   298 FUNC    GLOBAL DEFAULT   14 alloc_buffer
   272: 0000000000032720   869 FUNC    GLOBAL DEFAULT   14 read_sensor_sysfs_file
   273: 00000000000113c0   797 FUNC    GLOBAL DEFAULT   14 xfpga_fpgaClose
   274: 0000000000013a40   410 FUNC    GLOBAL DEFAULT   14 xfpga_fpgaGetIOAddress
   275: 000000000001bcd0   362 FUNC    GLOBAL DEFAULT   14 opae_port_umsg_disable
   276: 000000000002c7a0   170 FUNC    GLOBAL DEFAULT   14 xfpga_fpgaReleaseFromInterface
   277: 000000000001c290   362 FUNC    GLOBAL DEFAULT   14 opae_fme_port_assign
   278: 00000000000357f0    54 FUNC    GLOBAL DEFAULT   14 opae_close
   279: 000000000002e7c0   132 FUNC    GLOBAL DEFAULT   14 xfpga_bmcDestroySDRs
   280: 0000000000028f80  1586 FUNC    GLOBAL DEFAULT   14 get_usrclk_uio
   281: 0000000000015340   890 FUNC    GLOBAL DEFAULT   14 xfpga_fpgaAssignPortToInterface
   282: 00000000000324c0   386 FUNC    GLOBAL DEFAULT   14 fpga_vector_delete
   283: 000000000001aff0    60 FUNC    GLOBAL DEFAULT   14 dfl_fme_set_err_irq
   284: 0000000000023d30   549 FUNC    GLOBAL DEFAULT   14 sysfs_get_fme_pwr_path
   285: 00000000000358f0    54 FUNC    GLOBAL DEFAULT   14 opae_popen
   286: 0000000000028e60   280 FUNC    GLOBAL DEFAULT   14 usrclk_calibrate
   287: 0000000000016ce0   786 FUNC    GLOBAL DEFAULT   14 xfpga_fpgaDestroyEventHandle
   288: 000000000002d180  1536 FUNC    GLOBAL DEFAULT   14 xfpga_fpgaGetMetricsByIndex
   289: 000000000000d150  1059 FUNC    GLOBAL DEFAULT   14 xfpga_fpgaClearError
   290: 000000000002f5f0  1010 FUNC    GLOBAL DEFAULT   14 add_metric_info
   291: 000000000002e8f0   132 FUNC    GLOBAL DEFAULT   14 xfpga_bmcDestroySensorValues
   292: 0000000000029ce0  1962 FUNC    GLOBAL DEFAULT   14 set_userclock
   293: 0000000000028200   444 FUNC    GLOBAL DEFAULT   14 usrclk_write
   294: 000000000001d0f0    60 FUNC    GLOBAL DEFAULT   14 sysfs_filter
   295: 0000000000025330   413 FUNC    GLOBAL DEFAULT   14 opae_glob_paths
   296: 0000000000035bd0    54 FUNC    GLOBAL DEFAULT   14 opae_sched_setaffinity
   297: 000000000001edc0  1084 FUNC    GLOBAL DEFAULT   14 sysfs_write_u64_decimal
   298: 0000000000020530   285 FUNC    GLOBAL DEFAULT   14 sysfs_objectid_from_path
   299: 000000000002a530  1283 FUNC    GLOBAL DEFAULT   14 opae_plugin_configure
   300: 000000000001b9f0   362 FUNC    GLOBAL DEFAULT   14 opae_port_umsg_set_base_addr
   301: 000000000002c850  1074 FUNC    GLOBAL DEFAULT   14 xfpga_fpgaGetNumMetrics
   302: 0000000000035a90    54 FUNC    GLOBAL DEFAULT   14 opae_stat
   303: 0000000000022fb0   274 FUNC    GLOBAL DEFAULT   14 sysfs_get_interface_id
   304: 0000000000031720   655 FUNC    GLOBAL DEFAULT   14 get_afu_metric_value
   305: 00000000000243c0   598 FUNC    GLOBAL DEFAULT   14 sysfs_path_is_valid
   306: 000000000000aaa0   269 FUNC    GLOBAL DEFAULT   14 xfpga_fpgaErrStr
   307: 00000000000129c0   602 FUNC    GLOBAL DEFAULT   14 xfpga_fpgaUnmapMMIO
   308: 00000000000283c0   444 FUNC    GLOBAL DEFAULT   14 usrclk_read
   309: 000000000001aca0    63 FUNC    GLOBAL DEFAULT   14 intel_fpga_version
   310: 000000000001cb30   362 FUNC    GLOBAL DEFAULT   14 opae_dfl_fme_get_err_irq
   311: 000000000001fb40   840 FUNC    GLOBAL DEFAULT   14 opae_id_to_hw_type
   312: 0000000000019200   285 FUNC    GLOBAL DEFAULT   14 xfpga_fpgaGetProperties
   313: 0000000000026ff0   194 FUNC    GLOBAL DEFAULT   14 xfpga_fpgaGetOPAECVersion
   314: 00000000000254d0   741 FUNC    GLOBAL DEFAULT   14 sync_object
   315: 00000000000305e0   456 FUNC    GLOBAL DEFAULT   14 parse_metric_num_name
   316: 0000000000026200  1115 FUNC    GLOBAL DEFAULT   14 make_sysfs_group
   317: 000000000000b400   113 FUNC    GLOBAL DEFAULT   14 include_afu
   318: 000000000002f9f0  1739 FUNC    GLOBAL DEFAULT   14 get_bmc_metrics_values
   319: 000000000001f870   233 FUNC    GLOBAL DEFAULT   14 sysfs_get_pr_id
   320: 0000000000020a00  6302 FUNC    GLOBAL DEFAULT   14 sysfs_initialize
   321: 0000000000022c00   605 FUNC    GLOBAL DEFAULT   14 destroy_fpga_object
   322: 0000000000020200   810 FUNC    GLOBAL DEFAULT   14 sysfs_sbdf_from_path
   323: 000000000001c400   362 FUNC    GLOBAL DEFAULT   14 opae_fme_port_release
   324: 000000000001c850   362 FUNC    GLOBAL DEFAULT   14 opae_dfl_port_get_err_irq
   325: 000000000001c570   362 FUNC    GLOBAL DEFAULT   14 opae_fme_port_pr
   326: 000000000002ead0  2069 FUNC    GLOBAL DEFAULT   14 enum_bmc_metrics_info
   327: 000000000002a490    94 FUNC    GLOBAL DEFAULT   14 xfpga_plugin_initialize
   328: 000000000000a260   701 FUNC    GLOBAL DEFAULT   14 prop_check_and_lock
   329: 000000000001d810   970 FUNC    GLOBAL DEFAULT   14 sysfs_read_int
   330: 000000000002f4e0   264 FUNC    GLOBAL DEFAULT   14 metrics_load_bmc_lib
   331: 0000000000026bf0   202 FUNC    GLOBAL DEFAULT   14 wsid_tracker_cleanup
   332: 0000000000014950  2540 FUNC    GLOBAL DEFAULT   14 read_gbs_metadata
   333: 00000000000166d0   330 FUNC    GLOBAL DEFAULT   14 send_event_request
   334: 0000000000023f60   549 FUNC    GLOBAL DEFAULT   14 sysfs_get_fme_temp_path
   335: 0000000000026b30   188 FUNC    GLOBAL DEFAULT   14 wsid_del
   336: 000000000001c120   362 FUNC    GLOBAL DEFAULT   14 opae_port_set_user_irq
   337: 0000000000027390  1050 FUNC    GLOBAL DEFAULT   14 xfpga_fpgaSetUserClock
   338: 000000000001a3f0    63 FUNC    GLOBAL DEFAULT   14 intel_fme_port_reset
   339: 0000000000013be0   202 FUNC    GLOBAL DEFAULT   14 string_to_guid
   340: 000000000000f560   578 FUNC    GLOBAL DEFAULT   14 set_afu_userclock
   341: 0000000000018530  3267 FUNC    GLOBAL DEFAULT   14 xfpga_fpgaUpdateProperties
   342: 000000000001dbe0   954 FUNC    GLOBAL DEFAULT   14 sysfs_read_u32
   343: 00000000000222a0   533 FUNC    GLOBAL DEFAULT   14 sysfs_foreach_device
   344: 00000000000199c0    76 FUNC    GLOBAL DEFAULT   14 intel_port_unmap
   345: 0000000000028070   394 FUNC    GLOBAL DEFAULT   14 usrclk_read_freq
   346: 0000000000023270   410 FUNC    GLOBAL DEFAULT   14 sysfs_get_max10_path
   347: 000000000002a4f0    57 FUNC    GLOBAL DEFAULT   14 xfpga_plugin_finalize
   348: 000000000002e080  1694 FUNC    GLOBAL DEFAULT   14 add_metric_vector
   349: 0000000000027ec0   429 FUNC    GLOBAL DEFAULT   14 usrclk_reset
   350: 000000000004fa80    40 OBJECT  GLOBAL DEFAULT   24 _sysfs_device_lock
   351: 0000000000016820  1210 FUNC    GLOBAL DEFAULT   14 xfpga_fpgaCreateEventHandle
   352: 0000000000023410   406 FUNC    GLOBAL DEFAULT   14 sysfs_get_fme_pr_interface_id
   353: 00000000000224c0   163 FUNC    GLOBAL DEFAULT   14 eintr_write
   354: 0000000000035db0    54 FUNC    GLOBAL DEFAULT   14 opae_canonicalize_file_name
   355: 00000000000121f0   560 FUNC    GLOBAL DEFAULT   14 xfpga_fpgaWriteMMIO64
   356: 0000000000035830    54 FUNC    GLOBAL DEFAULT   14 opae_read
   357: 000000000001b150   362 FUNC    GLOBAL DEFAULT   14 opae_get_fme_info
   358: 00000000000289b0   370 FUNC    GLOBAL DEFAULT   14 usrclk_c0_write
   359: 000000000001b710   362 FUNC    GLOBAL DEFAULT   14 opae_port_unmap
   360: 000000000001bfb0   362 FUNC    GLOBAL DEFAULT   14 opae_port_set_err_irq
   361: 0000000000028830   378 FUNC    GLOBAL DEFAULT   14 usrclk_n_write
   362: 0000000000022570   538 FUNC    GLOBAL DEFAULT   14 cat_token_sysfs_path
   363: 000000000001a800    69 FUNC    GLOBAL DEFAULT   14 dfl_fme_port_release
   364: 000000000000c960   695 FUNC    GLOBAL DEFAULT   14 xfpga_fpgaCloneToken
   365: 000000000001f200  1146 FUNC    GLOBAL DEFAULT   14 sysfs_read_guid
   366: 000000000000e9d0  1692 FUNC    GLOBAL DEFAULT   14 xfpga_fpgaGetUmsgPtr
   367: 000000000004f8c0    56 OBJECT  GLOBAL DEFAULT   24 errors_clearable
   368: 0000000000032650   202 FUNC    GLOBAL DEFAULT   14 fpga_vector_get
   369: 0000000000024190   549 FUNC    GLOBAL DEFAULT   14 sysfs_get_fme_perf_path
   370: 000000000001dfa0  1450 FUNC    GLOBAL DEFAULT   14 sysfs_read_u32_pair
   371: 000000000002ea30   156 FUNC    GLOBAL DEFAULT   14 xfpga_bmcGetSDRDetails
   372: 0000000000013720   786 FUNC    GLOBAL DEFAULT   14 xfpga_fpgaReleaseBuffer
   373: 00000000000142c0   212 FUNC    GLOBAL DEFAULT   14 get_bitstream_json_len
   374: 0000000000017b50  2518 FUNC    GLOBAL DEFAULT   14 xfpga_fpgaUnregisterEvent
   375: 000000000001a0d0   208 FUNC    GLOBAL DEFAULT   14 intel_fme_port_assign
   376: 000000000002c6f0   170 FUNC    GLOBAL DEFAULT   14 xfpga_fpgaAssignToInterface
   377: 000000000002e000   114 FUNC    GLOBAL DEFAULT   14 metric_sysfs_path_is_file
   378: 000000000000cc20   437 FUNC    GLOBAL DEFAULT   14 xfpga_fpgaDestroyToken
   379: 000000000001a9c0    63 FUNC    GLOBAL DEFAULT   14 dfl_fme_port_reset
   380: 00000000000170f0  2653 FUNC    GLOBAL DEFAULT   14 xfpga_fpgaRegisterEvent
   381: 0000000000031da0   586 FUNC    GLOBAL DEFAULT   14 enum_afu_metrics
   382: 0000000000010be0  1768 FUNC    GLOBAL DEFAULT   14 xfpga_fpgaOpen
   383: 000000000002ba60   144 FUNC    GLOBAL DEFAULT   14 xfpga_fpgaObjectRead64
   384: 0000000000035930    54 FUNC    GLOBAL DEFAULT   14 opae_pclose
   385: 00000000000198b0   258 FUNC    GLOBAL DEFAULT   14 intel_port_map
   386: 0000000000011fc0   560 FUNC    GLOBAL DEFAULT   14 xfpga_fpgaReadMMIO32
