
Dynamic section at offset 0x5e00 contains 25 entries:
  Tag        Type                         Name/Value
 0x0000000000000001 (NEEDED)             Shared library: [libc.so.6]
 0x000000000000000e (SONAME)             Library soname: [libopaemem.so.2]
 0x000000000000000c (INIT)               0x2000
 0x000000000000000d (FINI)               0x4578
 0x0000000000000019 (INIT_ARRAY)         0x6df0
 0x000000000000001b (INIT_ARRAYSZ)       8 (bytes)
 0x000000000000001a (FINI_ARRAY)         0x6df8
 0x000000000000001c (FINI_ARRAYSZ)       8 (bytes)
 0x000000006ffffef5 (GNU_HASH)           0x2f0
 0x0000000000000005 (STRTAB)             0xb90
 0x0000000000000006 (SYMTAB)             0x458
 0x000000000000000a (STRSZ)              881 (bytes)
 0x000000000000000b (SYMENT)             24 (bytes)
 0x0000000000000003 (PLTGOT)             0x7000
 0x0000000000000002 (PLTRELSZ)           864 (bytes)
 0x0000000000000014 (PLTREL)             RELA
 0x0000000000000017 (JMPREL)             0x10f8
 0x0000000000000007 (RELA)               0x1020
 0x0000000000000008 (RELASZ)             216 (bytes)
 0x0000000000000009 (RELAENT)            24 (bytes)
 0x000000006ffffffe (VERNEED)            0xfa0
 0x000000006fffffff (VERNEEDNUM)         1
 0x000000006ffffff0 (VERSYM)             0xf02
 0x000000006ffffff9 (RELACOUNT)          3
 0x0000000000000000 (NULL)               0x0

Symbol table '.dynsym' contains 77 entries:
   Num:    Value          Size Type    Bind   Vis      Ndx Name
     0: 0000000000000000     0 NOTYPE  LOCAL  DEFAULT  UND 
     1: 0000000000000000     0 FUNC    GLOBAL DEFAULT  UND globfree@GLIBC_2.2.5 (2)
     2: 0000000000000000     0 FUNC    GLOBAL DEFAULT  UND free@GLIBC_2.2.5 (2)
     3: 0000000000000000     0 FUNC    GLOBAL DEFAULT  UND __errno_location@GLIBC_2.2.5 (2)
     4: 0000000000000000     0 NOTYPE  WEAK   DEFAULT  UND _ITM_deregisterTMCloneTable
     5: 0000000000000000     0 FUNC    GLOBAL DEFAULT  UND readlink@GLIBC_2.2.5 (2)
     6: 0000000000000000     0 FUNC    GLOBAL DEFAULT  UND __open_2@GLIBC_2.7 (3)
     7: 0000000000000000     0 FUNC    GLOBAL DEFAULT  UND fclose@GLIBC_2.2.5 (2)
     8: 0000000000000000     0 FUNC    GLOBAL DEFAULT  UND opendir@GLIBC_2.2.5 (2)
     9: 0000000000000000     0 FUNC    GLOBAL DEFAULT  UND __stack_chk_fail@GLIBC_2.4 (4)
    10: 0000000000000000     0 FUNC    GLOBAL DEFAULT  UND pclose@GLIBC_2.2.5 (2)
    11: 0000000000000000     0 FUNC    GLOBAL DEFAULT  UND ioctl@GLIBC_2.2.5 (2)
    12: 0000000000000000     0 FUNC    GLOBAL DEFAULT  UND scandir@GLIBC_2.2.5 (2)
    13: 0000000000000000     0 FUNC    GLOBAL DEFAULT  UND canonicalize_file_name@GLIBC_2.2.5 (2)
    14: 0000000000000000     0 FUNC    GLOBAL DEFAULT  UND close@GLIBC_2.2.5 (2)
    15: 0000000000000000     0 FUNC    GLOBAL DEFAULT  UND sched_setaffinity@GLIBC_2.3.4 (5)
    16: 0000000000000000     0 FUNC    GLOBAL DEFAULT  UND closedir@GLIBC_2.2.5 (2)
    17: 0000000000000000     0 FUNC    GLOBAL DEFAULT  UND read@GLIBC_2.2.5 (2)
    18: 0000000000000000     0 FUNC    GLOBAL DEFAULT  UND lstat@GLIBC_2.33 (6)
    19: 0000000000000000     0 FUNC    GLOBAL DEFAULT  UND calloc@GLIBC_2.2.5 (2)
    20: 0000000000000000     0 NOTYPE  WEAK   DEFAULT  UND __gmon_start__
    21: 0000000000000000     0 FUNC    GLOBAL DEFAULT  UND stat@GLIBC_2.33 (6)
    22: 0000000000000000     0 FUNC    GLOBAL DEFAULT  UND realpath@GLIBC_2.3 (7)
    23: 0000000000000000     0 FUNC    GLOBAL DEFAULT  UND malloc@GLIBC_2.2.5 (2)
    24: 0000000000000000     0 FUNC    GLOBAL DEFAULT  UND __printf_chk@GLIBC_2.3.4 (5)
    25: 0000000000000000     0 FUNC    GLOBAL DEFAULT  UND open@GLIBC_2.2.5 (2)
    26: 0000000000000000     0 FUNC    GLOBAL DEFAULT  UND access@GLIBC_2.2.5 (2)
    27: 0000000000000000     0 FUNC    GLOBAL DEFAULT  UND popen@GLIBC_2.2.5 (2)
    28: 0000000000000000     0 FUNC    GLOBAL DEFAULT  UND fopen@GLIBC_2.2.5 (2)
    29: 0000000000000000     0 FUNC    GLOBAL DEFAULT  UND glob@GLIBC_2.27 (8)
    30: 0000000000000000     0 FUNC    GLOBAL DEFAULT  UND __fprintf_chk@GLIBC_2.3.4 (5)
    31: 0000000000000000     0 NOTYPE  WEAK   DEFAULT  UND _ITM_registerTMCloneTable
    32: 0000000000000000     0 FUNC    GLOBAL DEFAULT  UND strdup@GLIBC_2.2.5 (2)
    33: 0000000000000000     0 FUNC    GLOBAL DEFAULT  UND strerror@GLIBC_2.2.5 (2)
    34: 0000000000000000     0 FUNC    WEAK   DEFAULT  UND __cxa_finalize@GLIBC_2.2.5 (2)
    35: 0000000000000000     0 FUNC    GLOBAL DEFAULT  UND fstatat@GLIBC_2.33 (6)
    36: 0000000000000000     0 OBJECT  GLOBAL DEFAULT  UND stderr@GLIBC_2.2.5 (2)
    37: 0000000000004320    54 FUNC    GLOBAL DEFAULT   14 opae_sched_setaffinity
    38: 0000000000003fc0    54 FUNC    GLOBAL DEFAULT   14 opae_fopen
    39: 00000000000043a0    90 FUNC    GLOBAL DEFAULT   14 opae_globfree
    40: 00000000000044c0    54 FUNC    GLOBAL DEFAULT   14 opae_free
    41: 0000000000003f80    54 FUNC    GLOBAL DEFAULT   14 opae_read
    42: 0000000000004160    54 FUNC    GLOBAL DEFAULT   14 opae_closedir
    43: 0000000000003e80    62 FUNC    GLOBAL DEFAULT   14 opae_u64_key_hash
    44: 0000000000002840   101 FUNC    GLOBAL DEFAULT   14 mem_alloc_init
    45: 00000000000042e0    54 FUNC    GLOBAL DEFAULT   14 opae_scandir
    46: 0000000000003a30   610 FUNC    GLOBAL DEFAULT   14 opae_hash_map_remove
    47: 0000000000003060   312 FUNC    GLOBAL DEFAULT   14 mem_alloc_put
    48: 0000000000004080    54 FUNC    GLOBAL DEFAULT   14 opae_pclose
    49: 00000000000034f0   786 FUNC    GLOBAL DEFAULT   14 opae_hash_map_add
    50: 00000000000041a0    54 FUNC    GLOBAL DEFAULT   14 opae_readlink
    51: 0000000000004040    54 FUNC    GLOBAL DEFAULT   14 opae_popen
    52: 0000000000004480    54 FUNC    GLOBAL DEFAULT   14 opae_calloc
    53: 00000000000041e0    54 FUNC    GLOBAL DEFAULT   14 opae_stat
    54: 0000000000003f40    54 FUNC    GLOBAL DEFAULT   14 opae_close
    55: 0000000000003ca0   366 FUNC    GLOBAL DEFAULT   14 opae_hash_map_destroy
    56: 0000000000003280    66 FUNC    GLOBAL DEFAULT   14 opae_u64_key_compare
    57: 0000000000004120    54 FUNC    GLOBAL DEFAULT   14 opae_opendir
    58: 0000000000003f00    56 FUNC    GLOBAL DEFAULT   14 opae_open_create
    59: 0000000000004400    54 FUNC    GLOBAL DEFAULT   14 opae_realpath
    60: 0000000000004440    54 FUNC    GLOBAL DEFAULT   14 opae_malloc
    61: 0000000000004500    54 FUNC    GLOBAL DEFAULT   14 opae_canonicalize_file_name
    62: 00000000000040c0    89 FUNC    GLOBAL DEFAULT   14 opae_ioctl
    63: 0000000000002940   495 FUNC    GLOBAL DEFAULT   14 mem_alloc_add_free
    64: 0000000000003e10   103 FUNC    GLOBAL DEFAULT   14 opae_hash_map_is_empty
    65: 0000000000004360    54 FUNC    GLOBAL DEFAULT   14 opae_glob
    66: 00000000000031a0   220 FUNC    GLOBAL DEFAULT   14 mem_alloc_apply_constraint
    67: 0000000000004260    54 FUNC    GLOBAL DEFAULT   14 opae_fstatat
    68: 0000000000004540    54 FUNC    GLOBAL DEFAULT   14 opae_strdup
    69: 00000000000032d0   529 FUNC    GLOBAL DEFAULT   14 opae_hash_map_init
    70: 0000000000003810   530 FUNC    GLOBAL DEFAULT   14 opae_hash_map_find
    71: 0000000000003ec0    54 FUNC    GLOBAL DEFAULT   14 opae_open
    72: 0000000000004220    54 FUNC    GLOBAL DEFAULT   14 opae_lstat
    73: 00000000000028b0   134 FUNC    GLOBAL DEFAULT   14 mem_alloc_destroy
    74: 0000000000004000    54 FUNC    GLOBAL DEFAULT   14 opae_fclose
    75: 00000000000042a0    54 FUNC    GLOBAL DEFAULT   14 opae_access
    76: 0000000000002b30  1326 FUNC    GLOBAL DEFAULT   14 mem_alloc_get
