
Dynamic section at offset 0x5de0 contains 27 entries:
  Tag        Type                         Name/Value
 0x0000000000000001 (NEEDED)             Shared library: [libopaemem.so.2]
 0x0000000000000001 (NEEDED)             Shared library: [libc.so.6]
 0x000000000000000e (SONAME)             Library soname: [libopaevfio.so.2]
 0x000000000000001d (RUNPATH)            Library runpath: [/work/sdk-build/lib:]
 0x000000000000000c (INIT)               0x2000
 0x000000000000000d (FINI)               0x4c48
 0x0000000000000019 (INIT_ARRAY)         0x6dd0
 0x000000000000001b (INIT_ARRAYSZ)       8 (bytes)
 0x000000000000001a (FINI_ARRAY)         0x6dd8
 0x000000000000001c (FINI_ARRAYSZ)       8 (bytes)
 0x000000006ffffef5 (GNU_HASH)           0x2f0
 0x0000000000000005 (STRTAB)             0xe80
 0x0000000000000006 (SYMTAB)             0x460
 0x000000000000000a (STRSZ)              1482 (bytes)
 0x000000000000000b (SYMENT)             24 (bytes)
 0x0000000000000003 (PLTGOT)             0x7000
 0x0000000000000002 (PLTRELSZ)           1632 (bytes)
 0x0000000000000014 (PLTREL)             RELA
 0x0000000000000017 (JMPREL)             0x16a0
 0x0000000000000007 (RELA)               0x15c8
 0x0000000000000008 (RELASZ)             216 (bytes)
 0x0000000000000009 (RELAENT)            24 (bytes)
 0x000000006ffffffe (VERNEED)            0x1528
 0x000000006fffffff (VERNEEDNUM)         1
 0x000000006ffffff0 (VERSYM)             0x144a
 0x000000006ffffff9 (RELACOUNT)          3
 0x0000000000000000 (NULL)               0x0

Symbol table '.dynsym' contains 108 entries:
   Num:    Value          Size Type    Bind   Vis      Ndx Name
     0: 0000000000000000     0 NOTYPE  LOCAL  DEFAULT  UND 
     1: 0000000000000000     0 FUNC    GLOBAL DEFAULT  UND globfree@GLIBC_2.2.5 (2)
     2: 0000000000000000     0 FUNC    GLOBAL DEFAULT  UND __snprintf_chk@GLIBC_2.3.4 (3)
     3: 0000000000000000     0 FUNC    GLOBAL DEFAULT  UND free@GLIBC_2.2.5 (2)
     4: 0000000000000000     0 FUNC    GLOBAL DEFAULT  UND opae_hash_map_find
     5: 0000000000000000     0 FUNC    GLOBAL DEFAULT  UND opae_u64_key_hash
     6: 0000000000000000     0 FUNC    GLOBAL DEFAULT  UND mem_alloc_init
     7: 0000000000000000     0 NOTYPE  WEAK   DEFAULT  UND _ITM_deregisterTMCloneTable
     8: 0000000000000000     0 FUNC    GLOBAL DEFAULT  UND readlink@GLIBC_2.2.5 (2)
     9: 0000000000000000     0 FUNC    GLOBAL DEFAULT  UND __open_2@GLIBC_2.7 (4)
    10: 0000000000000000     0 FUNC    GLOBAL DEFAULT  UND fclose@GLIBC_2.2.5 (2)
    11: 0000000000000000     0 FUNC    GLOBAL DEFAULT  UND opendir@GLIBC_2.2.5 (2)
    12: 0000000000000000     0 FUNC    GLOBAL DEFAULT  UND regfree@GLIBC_2.2.5 (2)
    13: 0000000000000000     0 FUNC    GLOBAL DEFAULT  UND strlen@GLIBC_2.2.5 (2)
    14: 0000000000000000     0 FUNC    GLOBAL DEFAULT  UND __stack_chk_fail@GLIBC_2.4 (5)
    15: 0000000000000000     0 FUNC    GLOBAL DEFAULT  UND mmap@GLIBC_2.2.5 (2)
    16: 0000000000000000     0 FUNC    GLOBAL DEFAULT  UND opae_hash_map_add
    17: 0000000000000000     0 FUNC    GLOBAL DEFAULT  UND pthread_mutex_destroy@GLIBC_2.2.5 (2)
    18: 0000000000000000     0 FUNC    GLOBAL DEFAULT  UND pclose@GLIBC_2.2.5 (2)
    19: 0000000000000000     0 FUNC    GLOBAL DEFAULT  UND pthread_mutexattr_settype@GLIBC_2.34 (6)
    20: 0000000000000000     0 FUNC    GLOBAL DEFAULT  UND strrchr@GLIBC_2.2.5 (2)
    21: 0000000000000000     0 FUNC    GLOBAL DEFAULT  UND ioctl@GLIBC_2.2.5 (2)
    22: 0000000000000000     0 FUNC    GLOBAL DEFAULT  UND scandir@GLIBC_2.2.5 (2)
    23: 0000000000000000     0 FUNC    GLOBAL DEFAULT  UND canonicalize_file_name@GLIBC_2.2.5 (2)
    24: 0000000000000000     0 FUNC    GLOBAL DEFAULT  UND close@GLIBC_2.2.5 (2)
    25: 0000000000000000     0 FUNC    GLOBAL DEFAULT  UND sched_setaffinity@GLIBC_2.3.4 (3)
    26: 0000000000000000     0 FUNC    GLOBAL DEFAULT  UND closedir@GLIBC_2.2.5 (2)
    27: 0000000000000000     0 FUNC    GLOBAL DEFAULT  UND regcomp@GLIBC_2.2.5 (2)
    28: 0000000000000000     0 FUNC    GLOBAL DEFAULT  UND read@GLIBC_2.2.5 (2)
    29: 0000000000000000     0 FUNC    GLOBAL DEFAULT  UND lstat@GLIBC_2.33 (7)
    30: 0000000000000000     0 FUNC    GLOBAL DEFAULT  UND calloc@GLIBC_2.2.5 (2)
    31: 0000000000000000     0 FUNC    GLOBAL DEFAULT  UND __memcpy_chk@GLIBC_2.3.4 (3)
    32: 0000000000000000     0 FUNC    GLOBAL DEFAULT  UND mem_alloc_get
    33: 0000000000000000     0 NOTYPE  WEAK   DEFAULT  UND __gmon_start__
    34: 0000000000000000     0 FUNC    GLOBAL DEFAULT  UND stat@GLIBC_2.33 (7)
    35: 0000000000000000     0 FUNC    GLOBAL DEFAULT  UND realpath@GLIBC_2.3 (8)
    36: 0000000000000000     0 FUNC    GLOBAL DEFAULT  UND memcpy@GLIBC_2.14 (9)
    37: 0000000000000000     0 FUNC    GLOBAL DEFAULT  UND regerror@GLIBC_2.2.5 (2)
    38: 0000000000000000     0 FUNC    GLOBAL DEFAULT  UND opae_u64_key_compare
    39: 0000000000000000     0 FUNC    GLOBAL DEFAULT  UND pthread_mutex_unlock@GLIBC_2.2.5 (2)
    40: 0000000000000000     0 FUNC    GLOBAL DEFAULT  UND malloc@GLIBC_2.2.5 (2)
    41: 0000000000000000     0 FUNC    GLOBAL DEFAULT  UND opae_hash_map_init
    42: 0000000000000000     0 FUNC    GLOBAL DEFAULT  UND mem_alloc_destroy
    43: 0000000000000000     0 FUNC    GLOBAL DEFAULT  UND regexec@GLIBC_2.3.4 (3)
    44: 0000000000000000     0 FUNC    GLOBAL DEFAULT  UND munmap@GLIBC_2.2.5 (2)
    45: 0000000000000000     0 FUNC    GLOBAL DEFAULT  UND pwrite@GLIBC_2.2.5 (2)
    46: 0000000000000000     0 FUNC    GLOBAL DEFAULT  UND open@GLIBC_2.2.5 (2)
    47: 0000000000000000     0 FUNC    GLOBAL DEFAULT  UND access@GLIBC_2.2.5 (2)
    48: 0000000000000000     0 FUNC    GLOBAL DEFAULT  UND popen@GLIBC_2.2.5 (2)
    49: 0000000000000000     0 FUNC    GLOBAL DEFAULT  UND fopen@GLIBC_2.2.5 (2)
    50: 0000000000000000     0 FUNC    GLOBAL DEFAULT  UND sysconf@GLIBC_2.2.5 (2)
    51: 0000000000000000     0 FUNC    GLOBAL DEFAULT  UND pread@GLIBC_2.2.5 (2)
    52: 0000000000000000     0 FUNC    GLOBAL DEFAULT  UND mem_alloc_apply_constraint
    53: 0000000000000000     0 FUNC    GLOBAL DEFAULT  UND glob@GLIBC_2.27 (10)
    54: 0000000000000000     0 FUNC    GLOBAL DEFAULT  UND opae_hash_map_destroy
    55: 0000000000000000     0 FUNC    GLOBAL DEFAULT  UND mem_alloc_add_free
    56: 0000000000000000     0 NOTYPE  WEAK   DEFAULT  UND _ITM_registerTMCloneTable
    57: 0000000000000000     0 FUNC    GLOBAL DEFAULT  UND mem_alloc_put
    58: 0000000000000000     0 FUNC    GLOBAL DEFAULT  UND pthread_mutexattr_init@GLIBC_2.34 (6)
    59: 0000000000000000     0 FUNC    GLOBAL DEFAULT  UND opae_hash_map_remove
    60: 0000000000000000     0 FUNC    GLOBAL DEFAULT  UND strdup@GLIBC_2.2.5 (2)
    61: 0000000000000000     0 FUNC    GLOBAL DEFAULT  UND pthread_mutex_init@GLIBC_2.2.5 (2)
    62: 0000000000000000     0 FUNC    WEAK   DEFAULT  UND __cxa_finalize@GLIBC_2.2.5 (2)
    63: 0000000000000000     0 FUNC    GLOBAL DEFAULT  UND pthread_mutexattr_destroy@GLIBC_2.34 (6)
    64: 0000000000000000     0 FUNC    GLOBAL DEFAULT  UND fstatat@GLIBC_2.33 (7)
    65: 0000000000000000     0 FUNC    GLOBAL DEFAULT  UND pthread_mutex_lock@GLIBC_2.2.5 (2)
    66: 0000000000004420   111 FUNC    GLOBAL DEFAULT   14 opae_vfio_apply_group_constraint
    67: 00000000000049f0    54 FUNC    GLOBAL DEFAULT   14 opae_sched_setaffinity
    68: 0000000000004690    54 FUNC    GLOBAL DEFAULT   14 opae_fopen
    69: 0000000000004a70    90 FUNC    GLOBAL DEFAULT   14 opae_globfree
    70: 0000000000004b90    54 FUNC    GLOBAL DEFAULT   14 opae_free
    71: 00000000000042d0   326 FUNC    GLOBAL DEFAULT   14 opae_vfio_secure_open
    72: 0000000000004650    54 FUNC    GLOBAL DEFAULT   14 opae_read
    73: 0000000000004830    54 FUNC    GLOBAL DEFAULT   14 opae_closedir
    74: 0000000000004270    95 FUNC    GLOBAL DEFAULT   14 opae_vfio_open
    75: 00000000000049b0    54 FUNC    GLOBAL DEFAULT   14 opae_scandir
    76: 0000000000004750    54 FUNC    GLOBAL DEFAULT   14 opae_pclose
    77: 0000000000004870    54 FUNC    GLOBAL DEFAULT   14 opae_readlink
    78: 0000000000004710    54 FUNC    GLOBAL DEFAULT   14 opae_popen
    79: 0000000000004b50    54 FUNC    GLOBAL DEFAULT   14 opae_calloc
    80: 00000000000048b0    54 FUNC    GLOBAL DEFAULT   14 opae_stat
    81: 0000000000004610    54 FUNC    GLOBAL DEFAULT   14 opae_close
    82: 00000000000040c0   138 FUNC    GLOBAL DEFAULT   14 opae_vfio_irq_mask
    83: 0000000000003ed0    97 FUNC    GLOBAL DEFAULT   14 opae_vfio_buffer_map
    84: 00000000000047f0    54 FUNC    GLOBAL DEFAULT   14 opae_opendir
    85: 0000000000003e40   141 FUNC    GLOBAL DEFAULT   14 opae_vfio_buffer_free
    86: 0000000000004150   138 FUNC    GLOBAL DEFAULT   14 opae_vfio_irq_disable
    87: 0000000000003e00    57 FUNC    GLOBAL DEFAULT   14 opae_vfio_buffer_allocate
    88: 00000000000045d0    56 FUNC    GLOBAL DEFAULT   14 opae_open_create
    89: 0000000000004ad0    54 FUNC    GLOBAL DEFAULT   14 opae_realpath
    90: 0000000000004b10    54 FUNC    GLOBAL DEFAULT   14 opae_malloc
    91: 0000000000004bd0    54 FUNC    GLOBAL DEFAULT   14 opae_canonicalize_file_name
    92: 0000000000004790    89 FUNC    GLOBAL DEFAULT   14 opae_ioctl
    93: 0000000000003fa0   143 FUNC    GLOBAL DEFAULT   14 opae_vfio_irq_enable
    94: 0000000000004a30    54 FUNC    GLOBAL DEFAULT   14 opae_glob
    95: 0000000000003d80   127 FUNC    GLOBAL DEFAULT   14 opae_vfio_buffer_info
    96: 0000000000004520    98 FUNC    GLOBAL DEFAULT   14 opae_vfio_close
    97: 0000000000004930    54 FUNC    GLOBAL DEFAULT   14 opae_fstatat
    98: 0000000000004c10    54 FUNC    GLOBAL DEFAULT   14 opae_strdup
    99: 0000000000003f40    94 FUNC    GLOBAL DEFAULT   14 opae_vfio_buffer_unmap
   100: 0000000000003980  1022 FUNC    GLOBAL DEFAULT   14 opae_vfio_buffer_allocate_ex
   101: 0000000000004590    54 FUNC    GLOBAL DEFAULT   14 opae_open
   102: 0000000000004490   141 FUNC    GLOBAL DEFAULT   14 opae_vfio_region_get
   103: 0000000000004030   135 FUNC    GLOBAL DEFAULT   14 opae_vfio_irq_unmask
   104: 00000000000048f0    54 FUNC    GLOBAL DEFAULT   14 opae_lstat
   105: 00000000000046d0    54 FUNC    GLOBAL DEFAULT   14 opae_fclose
   106: 0000000000004970    54 FUNC    GLOBAL DEFAULT   14 opae_access
   107: 00000000000041e0   129 FUNC    GLOBAL DEFAULT   14 opae_vfio_dev_busy
