
Dynamic section at offset 0xedc8 contains 28 entries:
  Tag        Type                         Name/Value
 0x0000000000000001 (NEEDED)             Shared library: [libopae-c.so.2]
 0x0000000000000001 (NEEDED)             Shared library: [libopaevfio.so.2]
 0x0000000000000001 (NEEDED)             Shared library: [libuuid.so.1]
 0x0000000000000001 (NEEDED)             Shared library: [libc.so.6]
 0x000000000000001d (RUNPATH)            Library runpath: [/work/sdk-build/lib:/work/prefix/usr/lib/x86_64-linux-gnu:]
 0x000000000000000c (INIT)               0x2000
 0x000000000000000d (FINI)               0xb5e0
 0x0000000000000019 (INIT_ARRAY)         0xfdb0
 0x000000000000001b (INIT_ARRAYSZ)       16 (bytes)
 0x000000000000001a (FINI_ARRAY)         0xfdc0
 0x000000000000001c (FINI_ARRAYSZ)       8 (bytes)
 0x000000006ffffef5 (GNU_HASH)           0x2f0
 0x0000000000000005 (STRTAB)             0xe48
 0x0000000000000006 (SYMTAB)             0x458
 0x000000000000000a (STRSZ)              1970 (bytes)
 0x000000000000000b (SYMENT)             24 (bytes)
 0x0000000000000003 (PLTGOT)             0x10000
 0x0000000000000002 (PLTRELSZ)           1656 (bytes)
 0x0000000000000014 (PLTREL)             RELA
 0x0000000000000017 (JMPREL)             0x1870
 0x0000000000000007 (RELA)               0x1750
 0x0000000000000008 (RELASZ)             288 (bytes)
 0x0000000000000009 (RELAENT)            24 (bytes)
 0x000000006ffffffe (VERNEED)            0x16d0
 0x000000006fffffff (VERNEEDNUM)         2
 0x000000006ffffff0 (VERSYM)             0x15fa
 0x000000006ffffff9 (RELACOUNT)          5
 0x0000000000000000 (NULL)               0x0

Symbol table '.dynsym' contains 106 entries:
   Num:    Value          Size Type    Bind   Vis      Ndx Name
     0: 0000000000000000     0 NOTYPE  LOCAL  DEFAULT  UND 
     1: 0000000000000000     0 FUNC    GLOBAL DEFAULT  UND __snprintf_chk@GLIBC_2.3.4 (2)
     2: 0000000000000000     0 FUNC    GLOBAL DEFAULT  UND opae_vfio_buffer_unmap
     3: 0000000000000000     0 FUNC    GLOBAL DEFAULT  UND __errno_location@GLIBC_2.2.5 (3)
     4: 0000000000000000     0 FUNC    GLOBAL DEFAULT  UND uuid_unparse@UUID_1.0 (4)
     5: 0000000000000000     0 FUNC    GLOBAL DEFAULT  UND strncpy@GLIBC_2.2.5 (3)
     6: 0000000000000000     0 FUNC    GLOBAL DEFAULT  UND strncmp@GLIBC_2.2.5 (3)
     7: 0000000000000000     0 NOTYPE  WEAK   DEFAULT  UND _ITM_deregisterTMCloneTable
     8: 0000000000000000     0 FUNC    GLOBAL DEFAULT  UND opae_parse_libopae_config
     9: 0000000000000000     0 FUNC    GLOBAL DEFAULT  UND opae_vfio_buffer_map
    10: 0000000000000000     0 FUNC    GLOBAL DEFAULT  UND fread@GLIBC_2.2.5 (3)
    11: 0000000000000000     0 FUNC    GLOBAL DEFAULT  UND opae_vfio_close
    12: 0000000000000000     0 FUNC    GLOBAL DEFAULT  UND regfree@GLIBC_2.2.5 (3)
    13: 0000000000000000     0 FUNC    GLOBAL DEFAULT  UND opae_read_cfg_file
    14: 0000000000000000     0 FUNC    GLOBAL DEFAULT  UND __stack_chk_fail@GLIBC_2.4 (5)
    15: 0000000000000000     0 FUNC    GLOBAL DEFAULT  UND opae_glob
    16: 0000000000000000     0 FUNC    GLOBAL DEFAULT  UND pthread_mutex_destroy@GLIBC_2.2.5 (3)
    17: 0000000000000000     0 FUNC    GLOBAL DEFAULT  UND pthread_mutexattr_settype@GLIBC_2.34 (6)
    18: 0000000000000000     0 FUNC    GLOBAL DEFAULT  UND nanosleep@GLIBC_2.2.5 (3)
    19: 0000000000000000     0 FUNC    GLOBAL DEFAULT  UND strrchr@GLIBC_2.2.5 (3)
    20: 0000000000000000     0 FUNC    GLOBAL DEFAULT  UND uuid_compare@UUID_1.0 (4)
    21: 0000000000000000     0 FUNC    GLOBAL DEFAULT  UND strnlen@GLIBC_2.2.5 (3)
    22: 0000000000000000     0 FUNC    GLOBAL DEFAULT  UND close@GLIBC_2.2.5 (3)
    23: 0000000000000000     0 FUNC    GLOBAL DEFAULT  UND __realpath_chk@GLIBC_2.4 (5)
    24: 0000000000000000     0 FUNC    GLOBAL DEFAULT  UND regcomp@GLIBC_2.2.5 (3)
    25: 0000000000000000     0 FUNC    GLOBAL DEFAULT  UND strcmp@GLIBC_2.2.5 (3)
    26: 0000000000000000     0 FUNC    GLOBAL DEFAULT  UND opae_fopen
    27: 0000000000000000     0 NOTYPE  WEAK   DEFAULT  UND __gmon_start__
    28: 0000000000000000     0 FUNC    GLOBAL DEFAULT  UND regerror@GLIBC_2.2.5 (3)
    29: 0000000000000000     0 FUNC    GLOBAL DEFAULT  UND opae_ioctl
    30: 0000000000000000     0 FUNC    GLOBAL DEFAULT  UND opae_vfio_region_get
    31: 0000000000000000     0 FUNC    GLOBAL DEFAULT  UND pthread_mutex_unlock@GLIBC_2.2.5 (3)
    32: 0000000000000000     0 FUNC    GLOBAL DEFAULT  UND opae_globfree
    33: 0000000000000000     0 FUNC    GLOBAL DEFAULT  UND fpgaGetProperties
    34: 0000000000000000     0 FUNC    GLOBAL DEFAULT  UND opae_print
    35: 0000000000000000     0 FUNC    GLOBAL DEFAULT  UND regexec@GLIBC_2.3.4 (2)
    36: 0000000000000000     0 FUNC    GLOBAL DEFAULT  UND opae_vfio_irq_enable
    37: 0000000000000000     0 FUNC    GLOBAL DEFAULT  UND opae_vfio_buffer_free
    38: 0000000000000000     0 FUNC    GLOBAL DEFAULT  UND uuid_generate@UUID_1.0 (4)
    39: 0000000000000000     0 FUNC    GLOBAL DEFAULT  UND opae_fclose
    40: 0000000000000000     0 FUNC    GLOBAL DEFAULT  UND opae_vfio_buffer_allocate_ex
    41: 0000000000000000     0 FUNC    GLOBAL DEFAULT  UND opae_close
    42: 0000000000000000     0 FUNC    GLOBAL DEFAULT  UND opae_vfio_apply_group_constraint
    43: 0000000000000000     0 FUNC    GLOBAL DEFAULT  UND opae_free_libopae_config
    44: 0000000000000000     0 FUNC    GLOBAL DEFAULT  UND opae_free
    45: 0000000000000000     0 FUNC    GLOBAL DEFAULT  UND uuid_parse@UUID_1.0 (4)
    46: 0000000000000000     0 FUNC    GLOBAL DEFAULT  UND dlsym@GLIBC_2.34 (6)
    47: 0000000000000000     0 FUNC    GLOBAL DEFAULT  UND strtoul@GLIBC_2.2.5 (3)
    48: 0000000000000000     0 FUNC    GLOBAL DEFAULT  UND opae_calloc
    49: 0000000000000000     0 FUNC    GLOBAL DEFAULT  UND opae_find_cfg_file
    50: 0000000000000000     0 FUNC    GLOBAL DEFAULT  UND opae_vfio_open
    51: 0000000000000000     0 FUNC    GLOBAL DEFAULT  UND eventfd@GLIBC_2.7 (7)
    52: 0000000000000000     0 FUNC    GLOBAL DEFAULT  UND opae_vfio_irq_disable
    53: 0000000000000000     0 NOTYPE  WEAK   DEFAULT  UND _ITM_registerTMCloneTable
    54: 0000000000000000     0 FUNC    GLOBAL DEFAULT  UND opae_malloc
    55: 0000000000000000     0 FUNC    GLOBAL DEFAULT  UND pthread_mutexattr_init@GLIBC_2.34 (6)
    56: 0000000000000000     0 FUNC    GLOBAL DEFAULT  UND opae_vfio_buffer_info
    57: 0000000000000000     0 FUNC    GLOBAL DEFAULT  UND opae_open
    58: 0000000000000000     0 FUNC    GLOBAL DEFAULT  UND strerror@GLIBC_2.2.5 (3)
    59: 0000000000000000     0 FUNC    GLOBAL DEFAULT  UND opae_vfio_secure_open
    60: 0000000000000000     0 FUNC    GLOBAL DEFAULT  UND pthread_mutex_init@GLIBC_2.2.5 (3)
    61: 0000000000000000     0 FUNC    WEAK   DEFAULT  UND __cxa_finalize@GLIBC_2.2.5 (3)
    62: 0000000000000000     0 FUNC    GLOBAL DEFAULT  UND pthread_mutexattr_destroy@GLIBC_2.34 (6)
    63: 0000000000000000     0 FUNC    GLOBAL DEFAULT  UND strstr@GLIBC_2.2.5 (3)
    64: 0000000000000000     0 FUNC    GLOBAL DEFAULT  UND pthread_mutex_lock@GLIBC_2.2.5 (3)
    65: 0000000000000000     0 FUNC    GLOBAL DEFAULT  UND opae_vfio_dev_busy
    66: 0000000000008f20   522 FUNC    GLOBAL DEFAULT   14 vfio_fpgaReleaseBuffer
    67: 000000000000b0f0   548 FUNC    GLOBAL DEFAULT   14 walk_port
    68: 0000000000007760   442 FUNC    GLOBAL DEFAULT   14 vfio_fpgaReadMMIO32
    69: 00000000000096f0   666 FUNC    GLOBAL DEFAULT   14 vfio_fpgaGetWSInfo
    70: 0000000000009500   242 FUNC    GLOBAL DEFAULT   14 vfio_fpgaPinBuffer
    71: 0000000000010250    16 OBJECT  GLOBAL DEFAULT   24 fme_drivers
    72: 0000000000008aa0  1138 FUNC    GLOBAL DEFAULT   14 vfio_fpgaPrepareBuffer
    73: 00000000000075a0   442 FUNC    GLOBAL DEFAULT   14 vfio_fpgaWriteMMIO32
    74: 0000000000007fd0  1940 FUNC    GLOBAL DEFAULT   14 vfio_fpgaEnumerate
    75: 0000000000007920   589 FUNC    GLOBAL DEFAULT   14 vfio_fpgaWriteMMIO512
    76: 0000000000009130   346 FUNC    GLOBAL DEFAULT   14 vfio_fpgaGetIOAddress
    77: 0000000000009990  1066 FUNC    GLOBAL DEFAULT   14 vfio_fpgaCreateEventHandle
    78: 000000000000aa80  1486 FUNC    GLOBAL DEFAULT   14 vfio_fpgaUnregisterEvent
    79: 0000000000003990   261 FUNC    GLOBAL DEFAULT   14 vfio_plugin_initialize
    80: 0000000000007d10   394 FUNC    GLOBAL DEFAULT   14 vfio_fpgaUnmapMMIO
    81: 0000000000007ea0   295 FUNC    GLOBAL DEFAULT   14 vfio_get_token
    82: 00000000000066f0   442 FUNC    GLOBAL DEFAULT   14 vfio_fpgaReset
    83: 0000000000010278     8 OBJECT  GLOBAL DEFAULT   25 opae_v_supported_devices
    84: 00000000000068b0   210 FUNC    GLOBAL DEFAULT   14 vfio_get_guid
    85: 0000000000009290   624 FUNC    GLOBAL DEFAULT   14 vfio_fpgaBindSVA
    86: 0000000000006ff0   554 FUNC    GLOBAL DEFAULT   14 vfio_fpgaGetPropertiesFromHandle
    87: 000000000000b320   668 FUNC    GLOBAL DEFAULT   14 walk_fme
    88: 0000000000009dc0  1066 FUNC    GLOBAL DEFAULT   14 vfio_fpgaDestroyEventHandle
    89: 0000000000009600   234 FUNC    GLOBAL DEFAULT   14 vfio_fpgaUnpinBuffer
    90: 0000000000006e50   403 FUNC    GLOBAL DEFAULT   14 vfio_fpgaGetProperties
    91: 00000000000089b0   232 FUNC    GLOBAL DEFAULT   14 vfio_fpgaDestroyToken
    92: 00000000000073e0   442 FUNC    GLOBAL DEFAULT   14 vfio_fpgaReadMMIO64
    93: 0000000000003b00   708 FUNC    GLOBAL DEFAULT   14 opae_plugin_configure
    94: 0000000000007b70   410 FUNC    GLOBAL DEFAULT   14 vfio_fpgaMapMMIO
    95: 0000000000006490   602 FUNC    GLOBAL DEFAULT   14 vfio_fpgaClose
    96: 0000000000010260    16 OBJECT  GLOBAL DEFAULT   24 fme_ports
    97: 0000000000005250   140 FUNC    GLOBAL DEFAULT   14 vfio_free_device_list
    98: 0000000000003aa0    81 FUNC    GLOBAL DEFAULT   14 vfio_plugin_finalize
    99: 00000000000052e0  2840 FUNC    GLOBAL DEFAULT   14 vfio_pci_discover
   100: 0000000000007220   442 FUNC    GLOBAL DEFAULT   14 vfio_fpgaWriteMMIO64
   101: 0000000000005e00  1669 FUNC    GLOBAL DEFAULT   14 vfio_fpgaOpen
   102: 0000000000006990  1215 FUNC    GLOBAL DEFAULT   14 vfio_fpgaUpdateProperties
   103: 000000000000a1f0   682 FUNC    GLOBAL DEFAULT   14 vfio_fpgaGetOSObjectFromEventHandle
   104: 0000000000008770   564 FUNC    GLOBAL DEFAULT   14 vfio_fpgaCloneToken
   105: 000000000000a4a0  1489 FUNC    GLOBAL DEFAULT   14 vfio_fpgaRegisterEvent
