
Dynamic section at offset 0x4e10 contains 25 entries:
  Tag        Type                         Name/Value
 0x0000000000000001 (NEEDED)             Shared library: [libc.so.6]
 0x000000000000000e (SONAME)             Library soname: [libopaeuio.so.2]
 0x000000000000000c (INIT)               0x2000
 0x000000000000000d (FINI)               0x3608
 0x0000000000000019 (INIT_ARRAY)         0x5e00
 0x000000000000001b (INIT_ARRAYSZ)       8 (bytes)
 0x000000000000001a (FINI_ARRAY)         0x5e08
 0x000000000000001c (FINI_ARRAYSZ)       8 (bytes)
 0x000000006ffffef5 (GNU_HASH)           0x2f0
 0x0000000000000005 (STRTAB)             0xa98
 0x0000000000000006 (SYMTAB)             0x3d8
 0x000000000000000a (STRSZ)              697 (bytes)
 0x000000000000000b (SYMENT)             24 (bytes)
 0x0000000000000003 (PLTGOT)             0x6000
 0x0000000000000002 (PLTRELSZ)           1152 (bytes)
 0x0000000000000014 (PLTREL)             RELA
 0x0000000000000017 (JMPREL)             0xf10
 0x0000000000000007 (RELA)               0xe68
 0x0000000000000008 (RELASZ)             168 (bytes)
 0x0000000000000009 (RELAENT)            24 (bytes)
 0x000000006ffffffe (VERNEED)            0xde8
 0x000000006fffffff (VERNEEDNUM)         1
 0x000000006ffffff0 (VERSYM)             0xd52
 0x000000006ffffff9 (RELACOUNT)          3
 0x0000000000000000 (NULL)               0x0

Symbol table '.dynsym' contains 72 entries:
   Num:    Value          Size Type    Bind   Vis      Ndx Name
     0: 0000000000000000     0 NOTYPE  LOCAL  DEFAULT  UND 
     1: 0000000000000000     0 FUNC    GLOBAL DEFAULT  UND globfree@GLIBC_2.2.5 (2)
     2: 0000000000000000     0 FUNC    GLOBAL DEFAULT  UND __snprintf_chk@GLIBC_2.3.4 (3)
     3: 0000000000000000     0 FUNC    GLOBAL DEFAULT  UND free@GLIBC_2.2.5 (2)
     4: 0000000000000000     0 NOTYPE  WEAK   DEFAULT  UND _ITM_deregisterTMCloneTable
     5: 0000000000000000     0 FUNC    GLOBAL DEFAULT  UND __isoc99_fscanf@GLIBC_2.7 (4)
     6: 0000000000000000     0 FUNC    GLOBAL DEFAULT  UND readlink@GLIBC_2.2.5 (2)
     7: 0000000000000000     0 FUNC    GLOBAL DEFAULT  UND __open_2@GLIBC_2.7 (4)
     8: 0000000000000000     0 FUNC    GLOBAL DEFAULT  UND fclose@GLIBC_2.2.5 (2)
     9: 0000000000000000     0 FUNC    GLOBAL DEFAULT  UND opendir@GLIBC_2.2.5 (2)
    10: 0000000000000000     0 FUNC    GLOBAL DEFAULT  UND strlen@GLIBC_2.2.5 (2)
    11: 0000000000000000     0 FUNC    GLOBAL DEFAULT  UND __stack_chk_fail@GLIBC_2.4 (5)
    12: 0000000000000000     0 FUNC    GLOBAL DEFAULT  UND mmap@GLIBC_2.2.5 (2)
    13: 0000000000000000     0 FUNC    GLOBAL DEFAULT  UND pclose@GLIBC_2.2.5 (2)
    14: 0000000000000000     0 FUNC    GLOBAL DEFAULT  UND strrchr@GLIBC_2.2.5 (2)
    15: 0000000000000000     0 FUNC    GLOBAL DEFAULT  UND ioctl@GLIBC_2.2.5 (2)
    16: 0000000000000000     0 FUNC    GLOBAL DEFAULT  UND scandir@GLIBC_2.2.5 (2)
    17: 0000000000000000     0 FUNC    GLOBAL DEFAULT  UND canonicalize_file_name@GLIBC_2.2.5 (2)
    18: 0000000000000000     0 FUNC    GLOBAL DEFAULT  UND close@GLIBC_2.2.5 (2)
    19: 0000000000000000     0 FUNC    GLOBAL DEFAULT  UND sched_setaffinity@GLIBC_2.3.4 (3)
    20: 0000000000000000     0 FUNC    GLOBAL DEFAULT  UND closedir@GLIBC_2.2.5 (2)
    21: 0000000000000000     0 FUNC    GLOBAL DEFAULT  UND read@GLIBC_2.2.5 (2)
    22: 0000000000000000     0 FUNC    GLOBAL DEFAULT  UND lstat@GLIBC_2.33 (6)
    23: 0000000000000000     0 FUNC    GLOBAL DEFAULT  UND calloc@GLIBC_2.2.5 (2)
    24: 0000000000000000     0 NOTYPE  WEAK   DEFAULT  UND __gmon_start__
    25: 0000000000000000     0 FUNC    GLOBAL DEFAULT  UND stat@GLIBC_2.33 (6)
    26: 0000000000000000     0 FUNC    GLOBAL DEFAULT  UND realpath@GLIBC_2.3 (7)
    27: 0000000000000000     0 FUNC    GLOBAL DEFAULT  UND readdir@GLIBC_2.2.5 (2)
    28: 0000000000000000     0 FUNC    GLOBAL DEFAULT  UND malloc@GLIBC_2.2.5 (2)
    29: 0000000000000000     0 FUNC    GLOBAL DEFAULT  UND munmap@GLIBC_2.2.5 (2)
    30: 0000000000000000     0 FUNC    GLOBAL DEFAULT  UND open@GLIBC_2.2.5 (2)
    31: 0000000000000000     0 FUNC    GLOBAL DEFAULT  UND access@GLIBC_2.2.5 (2)
    32: 0000000000000000     0 FUNC    GLOBAL DEFAULT  UND popen@GLIBC_2.2.5 (2)
    33: 0000000000000000     0 FUNC    GLOBAL DEFAULT  UND fopen@GLIBC_2.2.5 (2)
    34: 0000000000000000     0 FUNC    GLOBAL DEFAULT  UND sysconf@GLIBC_2.2.5 (2)
    35: 0000000000000000     0 FUNC    GLOBAL DEFAULT  UND strtoul@GLIBC_2.2.5 (2)
    36: 0000000000000000     0 FUNC    GLOBAL DEFAULT  UND flock@GLIBC_2.2.5 (2)
    37: 0000000000000000     0 FUNC    GLOBAL DEFAULT  UND glob@GLIBC_2.27 (8)
    38: 0000000000000000     0 NOTYPE  WEAK   DEFAULT  UND _ITM_registerTMCloneTable
    39: 0000000000000000     0 FUNC    GLOBAL DEFAULT  UND strdup@GLIBC_2.2.5 (2)
    40: 0000000000000000     0 FUNC    WEAK   DEFAULT  UND __cxa_finalize@GLIBC_2.2.5 (2)
    41: 0000000000000000     0 FUNC    GLOBAL DEFAULT  UND strstr@GLIBC_2.2.5 (2)
    42: 0000000000000000     0 FUNC    GLOBAL DEFAULT  UND fstatat@GLIBC_2.33 (6)
    43: 0000000000002f90    56 FUNC    GLOBAL DEFAULT   14 opae_open_create
    44: 00000000000032b0    54 FUNC    GLOBAL DEFAULT   14 opae_lstat
    45: 0000000000003050    54 FUNC    GLOBAL DEFAULT   14 opae_fopen
    46: 0000000000003430    90 FUNC    GLOBAL DEFAULT   14 opae_globfree
    47: 00000000000035d0    54 FUNC    GLOBAL DEFAULT   14 opae_strdup
    48: 0000000000003010    54 FUNC    GLOBAL DEFAULT   14 opae_read
    49: 0000000000003590    54 FUNC    GLOBAL DEFAULT   14 opae_canonicalize_file_name
    50: 00000000000033f0    54 FUNC    GLOBAL DEFAULT   14 opae_glob
    51: 0000000000002e60   141 FUNC    GLOBAL DEFAULT   14 opae_uio_region_get
    52: 0000000000003090    54 FUNC    GLOBAL DEFAULT   14 opae_fclose
    53: 0000000000003510    54 FUNC    GLOBAL DEFAULT   14 opae_calloc
    54: 0000000000002f50    54 FUNC    GLOBAL DEFAULT   14 opae_open
    55: 00000000000032f0    54 FUNC    GLOBAL DEFAULT   14 opae_fstatat
    56: 00000000000031f0    54 FUNC    GLOBAL DEFAULT   14 opae_closedir
    57: 0000000000003330    54 FUNC    GLOBAL DEFAULT   14 opae_access
    58: 0000000000003150    89 FUNC    GLOBAL DEFAULT   14 opae_ioctl
    59: 0000000000003370    54 FUNC    GLOBAL DEFAULT   14 opae_scandir
    60: 0000000000003550    54 FUNC    GLOBAL DEFAULT   14 opae_free
    61: 0000000000003230    54 FUNC    GLOBAL DEFAULT   14 opae_readlink
    62: 0000000000002dd0   140 FUNC    GLOBAL DEFAULT   14 opae_uio_open
    63: 0000000000002fd0    54 FUNC    GLOBAL DEFAULT   14 opae_close
    64: 00000000000030d0    54 FUNC    GLOBAL DEFAULT   14 opae_popen
    65: 0000000000003110    54 FUNC    GLOBAL DEFAULT   14 opae_pclose
    66: 00000000000033b0    54 FUNC    GLOBAL DEFAULT   14 opae_sched_setaffinity
    67: 00000000000031b0    54 FUNC    GLOBAL DEFAULT   14 opae_opendir
    68: 0000000000002ef0    90 FUNC    GLOBAL DEFAULT   14 opae_uio_close
    69: 00000000000034d0    54 FUNC    GLOBAL DEFAULT   14 opae_malloc
    70: 0000000000003490    54 FUNC    GLOBAL DEFAULT   14 opae_realpath
    71: 0000000000003270    54 FUNC    GLOBAL DEFAULT   14 opae_stat
