Info: Generated by version: 26.1.1 build 130
Info: Starting: Create simulation model
Info: qsys-generate /home/uwb_student00/ahls/new_BSP/work_ia840f_fim_05/syn/board/ia840f/syn_top/../../../../ofs-common/src/fpga_family/agilex/remote_stp/ip/remote_debug_jtag_only/jop_blaster.ip --simulation=VERILOG --allow-mixed-language-simulation --simulator=MODELSIM --output-directory=/home/uwb_student00/ahls/new_BSP/work_ia840f_fim_05/ofs-common/src/fpga_family/agilex/remote_stp/ip/remote_debug_jtag_only/jop_blaster --family="Agilex 7" --part=AGFB027R25A2E2V
Warning: jop_blaster: Used intel_jop_blaster 1.2.2 (instead of 1.2.0)
Info: jop_blaster.jop_blaster: Adding instance of intel_st_dbg_if st_dbg_ip
Info: jop_blaster.jop_blaster: Adding instance of altera_avalon_st_endianness_adapter h2t_endianness
Info: jop_blaster.jop_blaster: Adding instance of data_format_adapter h2t_w2n
Info: jop_blaster.jop_blaster: Adding instance of sld_hub_ctrl sld_hub_controller
Info: jop_blaster.jop_blaster: Adding instance of altera_avalon_st_endianness_adapter t2h_endianness
Info: jop_blaster.jop_blaster: Adding instance of data_format_adapter t2h_n2w
Info: jop_blaster.jop_blaster: Adding instance of altera_avalon_mm_bridge avmm_bridge
Info: jop_blaster.jop_blaster: Adding instance of intel_onchip_memory h2t_mem
Info: jop_blaster.jop_blaster: Adding instance of intel_onchip_memory t2h_mem
Warning: jop_blaster.jop_blaster.sld_hub_controller: Note that Enabling use of TCK-ENA will ONLY work for "Signal Tap", "In-System Source and Probe", "JTAG to Avalon Master Bridge", "Debug Master Endpoint", "NIOS-II Debugger", and "In-System Memory Content Editor" IPs.  It will not work for other IPs. The later three IPs continue to require input clock rate to be 2 times faster than the JTAG input clock.
Info: jop_blaster.jop_blaster.sld_hub_controller.source/t2h_n2w.in: The sink has a channel signal of 11 bits, but the source does not. Avalon-ST Adapter will be inserted.
Info: jop_blaster.jop_blaster.t2h_n2w.out/t2h_endianness.snk: Max channel is 0 for source and 2047 for sink. Avalon-ST Adapter will be inserted..
Info: jop_blaster: "Transforming system: jop_blaster"
Info: Interconnect is inserted between master st_dbg_ip.h2t_mem and slave h2t_mem.s2 because the master has address signal 12 bit wide, but the slave is 9 bit wide.
Info: Interconnect is inserted between master st_dbg_ip.h2t_mem and slave h2t_mem.s2 because the master has readdatavalid signal 1 bit wide, but the slave is 0 bit wide.
Info: Interconnect is inserted between master st_dbg_ip.h2t_mem and slave h2t_mem.s2 because the master has waitrequest signal 1 bit wide, but the slave is 0 bit wide.
Info: Interconnect is inserted between master st_dbg_ip.t2h_mem and slave t2h_mem.s2 because the master has address signal 12 bit wide, but the slave is 9 bit wide.
Info: Interconnect is inserted between master st_dbg_ip.t2h_mem and slave t2h_mem.s2 because the master has waitrequest signal 1 bit wide, but the slave is 0 bit wide.
Info: avalon_st_adapter: Inserting channel_adapter: channel_adapter_0
Info: avalon_st_adapter_001: Inserting channel_adapter: channel_adapter_0
Info: jop_blaster: "Naming system components in system: jop_blaster"
Info: jop_blaster: "Processing generation queue"
Info: jop_blaster: "Generating: jop_blaster"
Info: jop_blaster: "Generating: jop_blaster_intel_jop_blaster_122_3ogrmjy"
Info: jop_blaster: "Generating: intel_st_dbg_if_top"
Info: st_dbg_ip: Generating fileset for all simulators
Info: jop_blaster: "Generating: altera_avalon_st_endianness_adapter"
Info: jop_blaster: "Generating: jop_blaster_data_format_adapter_1931_5cjmudi"
Info: jop_blaster: "Generating: jop_blaster_channel_adapter_1922_wigzmjq"
Info: jop_blaster: "Generating: jop_blaster_channel_adapter_1922_st3gacq"
Info: jop_blaster: "Generating: jop_blaster_sld_hub_ctrl_101_o3hlh3q"
Info: jop_blaster: "Generating: jop_blaster_data_format_adapter_1931_nbausli"
Info: jop_blaster: "Generating: jop_blaster_altera_avalon_mm_bridge_2010_tex5a4i"
Info: jop_blaster: "Generating: jop_blaster_intel_onchip_memory_200_52q4scy"
Info: jop_blaster: "Generating: jop_blaster_intel_onchip_memory_200_5b3pi2y"
Info: jop_blaster: "Generating: jop_blaster_altera_mm_interconnect_1920_hxhg56q"
Info: jop_blaster: "Generating: jop_blaster_altera_mm_interconnect_1920_kmx3hsi"
Info: jop_blaster: "Generating: jop_blaster_altera_mm_interconnect_1920_q3hyata"
Info: jop_blaster: "Generating: jop_blaster_altera_avalon_st_adapter_1920_l6e2u5a"
Info: jop_blaster: "Generating: jop_blaster_altera_avalon_st_adapter_1920_7ixuowy"
Info: jop_blaster: "Generating: altera_reset_controller"
Info: jop_blaster: "Generating: sld_hub_ctrl_core"
Info: jop_blaster: "Generating: jop_blaster_altera_merlin_master_translator_193_lgcew2q"
Info: jop_blaster: "Generating: jop_blaster_altera_merlin_slave_translator_191_xg7rzxi"
Info: jop_blaster: "Generating: jop_blaster_altera_merlin_master_agent_1951_e5hasqi"
Info: jop_blaster: "Generating: jop_blaster_altera_merlin_slave_agent_1940_yiunjgi"
Info: jop_blaster: "Generating: jop_blaster_altera_avalon_sc_fifo_1932_onpcouq"
Info: jop_blaster: "Generating: jop_blaster_altera_merlin_router_1921_vzqkjci"
Info: jop_blaster: "Generating: jop_blaster_altera_merlin_router_1921_tc5zwda"
Info: jop_blaster: "Generating: jop_blaster_altera_merlin_router_1921_ym6ihey"
Info: jop_blaster: "Generating: jop_blaster_altera_merlin_traffic_limiter_1922_lrze7ba"
Info: my_altera_avalon_sc_fifo_dest_id_fifo: "Generating: my_altera_avalon_sc_fifo_dest_id_fifo"
Info: jop_blaster: "Generating: jop_blaster_altera_merlin_burst_adapter_1950_la7x55a"
Info: my_altera_avalon_st_pipeline_stage: "Generating: my_altera_avalon_st_pipeline_stage"
Info: jop_blaster: "Generating: jop_blaster_altera_merlin_demultiplexer_1921_bow326q"
Info: jop_blaster: "Generating: jop_blaster_altera_merlin_multiplexer_1922_v4fz2dy"
Info: jop_blaster: "Generating: jop_blaster_altera_merlin_demultiplexer_1921_mjfecfy"
Info: jop_blaster: "Generating: jop_blaster_altera_merlin_multiplexer_1922_hxh22ji"
Info: jop_blaster: "Generating: jop_blaster_altera_merlin_width_adapter_1970_s47bt7a"
Info: jop_blaster: "Generating: jop_blaster_altera_merlin_width_adapter_1970_rywsvbq"
Info: jop_blaster: "Generating: jop_blaster_channel_adapter_1922_3vfet7q"
Info: jop_blaster: "Generating: jop_blaster_channel_adapter_1922_ehepvba"
Info: jop_blaster: "Generating: jop_blaster_altera_merlin_traffic_limiter_altera_avalon_sc_fifo_1922_xwmd3pi"
Info: jop_blaster: "Generating: jop_blaster_altera_merlin_burst_adapter_altera_avalon_st_pipeline_stage_1950_kvxhewy"
Info: jop_blaster: "Generating: jop_blaster_altera_avalon_st_pipeline_stage_1930_oiupeiq"
Info: jop_blaster: Done "jop_blaster" with 40 modules, 113 files
Info: Generating the following file(s) for MODELSIM simulator in /home/uwb_student00/ahls/new_BSP/work_ia840f_fim_05/ofs-common/src/fpga_family/agilex/remote_stp/ip/remote_debug_jtag_only/jop_blaster/sim/ directory:
Info: 	common/modelsim_files.tcl
Info: For information on how to simulate your IP, see the explanatory comments in the simulator-specific subdirectories under /home/uwb_student00/ahls/new_BSP/work_ia840f_fim_05/ofs-common/src/fpga_family/agilex/remote_stp/ip/remote_debug_jtag_only/jop_blaster/sim/.
Info: Regenerate these scripts whenever you make any change to any Quartus-generated IP in your project.
Info: Finished: Create simulation model
Info: Starting: Create simulation script
Info: sim-script-gen --system-file=/home/uwb_student00/ahls/new_BSP/work_ia840f_fim_05/syn/board/ia840f/syn_top/../../../../ofs-common/src/fpga_family/agilex/remote_stp/ip/remote_debug_jtag_only/jop_blaster.ip --simulator=MODELSIM --output-directory=/home/uwb_student00/ahls/new_BSP/work_ia840f_fim_05/ofs-common/src/fpga_family/agilex/remote_stp/ip/remote_debug_jtag_only/jop_blaster/sim/ --use-relative-paths=true --modelsim-flow=traditional
Info: Generating the following file(s) for MODELSIM simulator in /home/uwb_student00/ahls/new_BSP/work_ia840f_fim_05/ofs-common/src/fpga_family/agilex/remote_stp/ip/remote_debug_jtag_only/jop_blaster/sim/ directory:
Info: 	mentor/msim_setup.tcl
Info: 	mentor/run_msim_setup.tcl
Info: For information on how to simulate your IP, see the explanatory comments in the simulator-specific subdirectories under /home/uwb_student00/ahls/new_BSP/work_ia840f_fim_05/ofs-common/src/fpga_family/agilex/remote_stp/ip/remote_debug_jtag_only/jop_blaster/sim/.
Info: Regenerate these scripts whenever you make any change to any Quartus-generated IP in your project.
Info: Finished: Create simulation script
Info: 
Info: Starting: Create HDL design files for synthesis
Info: qsys-generate /home/uwb_student00/ahls/new_BSP/work_ia840f_fim_05/syn/board/ia840f/syn_top/../../../../ofs-common/src/fpga_family/agilex/remote_stp/ip/remote_debug_jtag_only/jop_blaster.ip --synthesis=VERILOG --output-directory=/home/uwb_student00/ahls/new_BSP/work_ia840f_fim_05/ofs-common/src/fpga_family/agilex/remote_stp/ip/remote_debug_jtag_only/jop_blaster --family="Agilex 7" --part=AGFB027R25A2E2V
Warning: jop_blaster: Used intel_jop_blaster 1.2.2 (instead of 1.2.0)
Info: jop_blaster.jop_blaster: Adding instance of intel_st_dbg_if st_dbg_ip
Info: jop_blaster.jop_blaster: Adding instance of altera_avalon_st_endianness_adapter h2t_endianness
Info: jop_blaster.jop_blaster: Adding instance of data_format_adapter h2t_w2n
Info: jop_blaster.jop_blaster: Adding instance of sld_hub_ctrl sld_hub_controller
Info: jop_blaster.jop_blaster: Adding instance of altera_avalon_st_endianness_adapter t2h_endianness
Info: jop_blaster.jop_blaster: Adding instance of data_format_adapter t2h_n2w
Info: jop_blaster.jop_blaster: Adding instance of altera_avalon_mm_bridge avmm_bridge
Info: jop_blaster.jop_blaster: Adding instance of intel_onchip_memory h2t_mem
Info: jop_blaster.jop_blaster: Adding instance of intel_onchip_memory t2h_mem
Warning: jop_blaster.jop_blaster.sld_hub_controller: Note that Enabling use of TCK-ENA will ONLY work for "Signal Tap", "In-System Source and Probe", "JTAG to Avalon Master Bridge", "Debug Master Endpoint", "NIOS-II Debugger", and "In-System Memory Content Editor" IPs.  It will not work for other IPs. The later three IPs continue to require input clock rate to be 2 times faster than the JTAG input clock.
Info: jop_blaster.jop_blaster.sld_hub_controller.source/t2h_n2w.in: The sink has a channel signal of 11 bits, but the source does not. Avalon-ST Adapter will be inserted.
Info: jop_blaster.jop_blaster.t2h_n2w.out/t2h_endianness.snk: Max channel is 0 for source and 2047 for sink. Avalon-ST Adapter will be inserted..
Info: jop_blaster: "Transforming system: jop_blaster"
Info: Interconnect is inserted between master st_dbg_ip.h2t_mem and slave h2t_mem.s2 because the master has address signal 12 bit wide, but the slave is 9 bit wide.
Info: Interconnect is inserted between master st_dbg_ip.h2t_mem and slave h2t_mem.s2 because the master has readdatavalid signal 1 bit wide, but the slave is 0 bit wide.
Info: Interconnect is inserted between master st_dbg_ip.h2t_mem and slave h2t_mem.s2 because the master has waitrequest signal 1 bit wide, but the slave is 0 bit wide.
Info: Interconnect is inserted between master st_dbg_ip.t2h_mem and slave t2h_mem.s2 because the master has address signal 12 bit wide, but the slave is 9 bit wide.
Info: Interconnect is inserted between master st_dbg_ip.t2h_mem and slave t2h_mem.s2 because the master has waitrequest signal 1 bit wide, but the slave is 0 bit wide.
Info: avalon_st_adapter: Inserting channel_adapter: channel_adapter_0
Info: avalon_st_adapter_001: Inserting channel_adapter: channel_adapter_0
Info: jop_blaster: "Naming system components in system: jop_blaster"
Info: jop_blaster: "Processing generation queue"
Info: jop_blaster: "Generating: jop_blaster"
Info: jop_blaster: "Generating: jop_blaster_intel_jop_blaster_122_3ogrmjy"
Info: jop_blaster: "Generating: intel_st_dbg_if_top"
Info: jop_blaster: "Generating: altera_avalon_st_endianness_adapter"
Info: jop_blaster: "Generating: jop_blaster_data_format_adapter_1931_5cjmudi"
Info: jop_blaster: "Generating: jop_blaster_channel_adapter_1922_wigzmjq"
Info: jop_blaster: "Generating: jop_blaster_channel_adapter_1922_st3gacq"
Info: jop_blaster: "Generating: jop_blaster_sld_hub_ctrl_101_o3hlh3q"
Info: jop_blaster: "Generating: jop_blaster_data_format_adapter_1931_nbausli"
Info: jop_blaster: "Generating: jop_blaster_altera_avalon_mm_bridge_2010_tex5a4i"
Info: jop_blaster: "Generating: jop_blaster_intel_onchip_memory_200_52q4scy"
Info: jop_blaster: "Generating: jop_blaster_intel_onchip_memory_200_5b3pi2y"
Info: jop_blaster: "Generating: jop_blaster_altera_mm_interconnect_1920_hxhg56q"
Info: jop_blaster: "Generating: jop_blaster_altera_mm_interconnect_1920_kmx3hsi"
Info: jop_blaster: "Generating: jop_blaster_altera_mm_interconnect_1920_q3hyata"
Info: jop_blaster: "Generating: jop_blaster_altera_avalon_st_adapter_1920_l6e2u5a"
Info: jop_blaster: "Generating: jop_blaster_altera_avalon_st_adapter_1920_7ixuowy"
Info: jop_blaster: "Generating: altera_reset_controller"
Info: jop_blaster: "Generating: sld_hub_ctrl_core"
Info: jop_blaster: "Generating: jop_blaster_altera_merlin_master_translator_193_lgcew2q"
Info: jop_blaster: "Generating: jop_blaster_altera_merlin_slave_translator_191_xg7rzxi"
Info: jop_blaster: "Generating: jop_blaster_altera_merlin_master_agent_1951_e5hasqi"
Info: jop_blaster: "Generating: jop_blaster_altera_merlin_slave_agent_1940_yiunjgi"
Info: jop_blaster: "Generating: jop_blaster_altera_avalon_sc_fifo_1932_onpcouq"
Info: jop_blaster: "Generating: jop_blaster_altera_merlin_router_1921_vzqkjci"
Info: jop_blaster: "Generating: jop_blaster_altera_merlin_router_1921_tc5zwda"
Info: jop_blaster: "Generating: jop_blaster_altera_merlin_router_1921_ym6ihey"
Info: jop_blaster: "Generating: jop_blaster_altera_merlin_traffic_limiter_1922_lrze7ba"
Info: my_altera_avalon_sc_fifo_dest_id_fifo: "Generating: my_altera_avalon_sc_fifo_dest_id_fifo"
Info: jop_blaster: "Generating: jop_blaster_altera_merlin_burst_adapter_1950_la7x55a"
Info: my_altera_avalon_st_pipeline_stage: "Generating: my_altera_avalon_st_pipeline_stage"
Info: jop_blaster: "Generating: jop_blaster_altera_merlin_demultiplexer_1921_bow326q"
Info: jop_blaster: "Generating: jop_blaster_altera_merlin_multiplexer_1922_v4fz2dy"
Info: jop_blaster: "Generating: jop_blaster_altera_merlin_demultiplexer_1921_mjfecfy"
Info: jop_blaster: "Generating: jop_blaster_altera_merlin_multiplexer_1922_hxh22ji"
Info: jop_blaster: "Generating: jop_blaster_altera_merlin_width_adapter_1970_s47bt7a"
Info: jop_blaster: "Generating: jop_blaster_altera_merlin_width_adapter_1970_rywsvbq"
Info: jop_blaster: "Generating: jop_blaster_channel_adapter_1922_3vfet7q"
Info: jop_blaster: "Generating: jop_blaster_channel_adapter_1922_ehepvba"
Info: jop_blaster: "Generating: jop_blaster_altera_merlin_traffic_limiter_altera_avalon_sc_fifo_1922_xwmd3pi"
Info: jop_blaster: "Generating: jop_blaster_altera_merlin_burst_adapter_altera_avalon_st_pipeline_stage_1950_kvxhewy"
Info: jop_blaster: "Generating: jop_blaster_altera_avalon_st_pipeline_stage_1930_oiupeiq"
Info: jop_blaster: Done "jop_blaster" with 40 modules, 90 files
Info: Finished: Create HDL design files for synthesis
