DMA test bank0 bytes=1024 source_iova=0x0 destination_iova=0x1000
DMA_SNAPSHOT phase=immediate status=0x000000022041000a monotonic_sec=2343 monotonic_nsec=108480881
DMA_WORD phase=immediate index=0 expected=0x0000000000000000 source=0x0000000000000000 actual=0xa5a5a5a5a5a5a5a5
DMA_WORD phase=immediate index=1 expected=0x0000000000000001 source=0x0000000000000001 actual=0xa5a5a5a5a5a5a5a5
DMA_WORD phase=immediate index=2 expected=0x0000000000000002 source=0x0000000000000002 actual=0xa5a5a5a5a5a5a5a5
DMA_WORD phase=immediate index=3 expected=0x0000000000000003 source=0x0000000000000003 actual=0xa5a5a5a5a5a5a5a5
DMA_WORD phase=immediate index=4 expected=0x0000000000000004 source=0x0000000000000004 actual=0xa5a5a5a5a5a5a5a5
DMA_WORD phase=immediate index=5 expected=0x0000000000000005 source=0x0000000000000005 actual=0xa5a5a5a5a5a5a5a5
DMA_WORD phase=immediate index=6 expected=0x0000000000000006 source=0x0000000000000006 actual=0xa5a5a5a5a5a5a5a5
DMA_WORD phase=immediate index=7 expected=0x0000000000000007 source=0x0000000000000007 actual=0xa5a5a5a5a5a5a5a5
DMA_WORD phase=immediate index=8 expected=0x0000000000000008 source=0x0000000000000008 actual=0xa5a5a5a5a5a5a5a5
DMA_WORD phase=immediate index=9 expected=0x0000000000000009 source=0x0000000000000009 actual=0xa5a5a5a5a5a5a5a5
DMA_WORD phase=immediate index=10 expected=0x000000000000000a source=0x000000000000000a actual=0xa5a5a5a5a5a5a5a5
DMA_WORD phase=immediate index=11 expected=0x000000000000000b source=0x000000000000000b actual=0xa5a5a5a5a5a5a5a5
DMA_WORD phase=immediate index=12 expected=0x000000000000000c source=0x000000000000000c actual=0xa5a5a5a5a5a5a5a5
DMA_WORD phase=immediate index=13 expected=0x000000000000000d source=0x000000000000000d actual=0xa5a5a5a5a5a5a5a5
DMA_WORD phase=immediate index=14 expected=0x000000000000000e source=0x000000000000000e actual=0xa5a5a5a5a5a5a5a5
DMA_WORD phase=immediate index=15 expected=0x000000000000000f source=0x000000000000000f actual=0xa5a5a5a5a5a5a5a5
DMA_WORD phase=immediate index=16 expected=0x0000000000000010 source=0x0000000000000010 actual=0xa5a5a5a5a5a5a5a5
DMA_WORD phase=immediate index=17 expected=0x0000000000000011 source=0x0000000000000011 actual=0xa5a5a5a5a5a5a5a5
DMA_WORD phase=immediate index=18 expected=0x0000000000000012 source=0x0000000000000012 actual=0xa5a5a5a5a5a5a5a5
DMA_WORD phase=immediate index=19 expected=0x0000000000000013 source=0x0000000000000013 actual=0xa5a5a5a5a5a5a5a5
DMA_WORD phase=immediate index=20 expected=0x0000000000000014 source=0x0000000000000014 actual=0xa5a5a5a5a5a5a5a5
DMA_WORD phase=immediate index=21 expected=0x0000000000000015 source=0x0000000000000015 actual=0xa5a5a5a5a5a5a5a5
DMA_WORD phase=immediate index=22 expected=0x0000000000000016 source=0x0000000000000016 actual=0xa5a5a5a5a5a5a5a5
DMA_WORD phase=immediate index=23 expected=0x0000000000000017 source=0x0000000000000017 actual=0xa5a5a5a5a5a5a5a5
DMA_WORD phase=immediate index=24 expected=0x0000000000000018 source=0x0000000000000018 actual=0xa5a5a5a5a5a5a5a5
DMA_WORD phase=immediate index=25 expected=0x0000000000000019 source=0x0000000000000019 actual=0xa5a5a5a5a5a5a5a5
DMA_WORD phase=immediate index=26 expected=0x000000000000001a source=0x000000000000001a actual=0xa5a5a5a5a5a5a5a5
DMA_WORD phase=immediate index=27 expected=0x000000000000001b source=0x000000000000001b actual=0xa5a5a5a5a5a5a5a5
DMA_WORD phase=immediate index=28 expected=0x000000000000001c source=0x000000000000001c actual=0xa5a5a5a5a5a5a5a5
DMA_WORD phase=immediate index=29 expected=0x000000000000001d source=0x000000000000001d actual=0xa5a5a5a5a5a5a5a5
DMA_WORD phase=immediate index=30 expected=0x000000000000001e source=0x000000000000001e actual=0xa5a5a5a5a5a5a5a5
DMA_WORD phase=immediate index=31 expected=0x000000000000001f source=0x000000000000001f actual=0xa5a5a5a5a5a5a5a5
DMA_WORD phase=immediate index=32 expected=0x0000000000000020 source=0x0000000000000020 actual=0xa5a5a5a5a5a5a5a5
DMA_WORD phase=immediate index=33 expected=0x0000000000000021 source=0x0000000000000021 actual=0xa5a5a5a5a5a5a5a5
DMA_WORD phase=immediate index=34 expected=0x0000000000000022 source=0x0000000000000022 actual=0xa5a5a5a5a5a5a5a5
DMA_WORD phase=immediate index=35 expected=0x0000000000000023 source=0x0000000000000023 actual=0xa5a5a5a5a5a5a5a5
DMA_WORD phase=immediate index=36 expected=0x0000000000000024 source=0x0000000000000024 actual=0xa5a5a5a5a5a5a5a5
DMA_WORD phase=immediate index=37 expected=0x0000000000000025 source=0x0000000000000025 actual=0xa5a5a5a5a5a5a5a5
DMA_WORD phase=immediate index=38 expected=0x0000000000000026 source=0x0000000000000026 actual=0xa5a5a5a5a5a5a5a5
DMA_WORD phase=immediate index=39 expected=0x0000000000000027 source=0x0000000000000027 actual=0xa5a5a5a5a5a5a5a5
DMA_WORD phase=immediate index=40 expected=0x0000000000000028 source=0x0000000000000028 actual=0xa5a5a5a5a5a5a5a5
DMA_WORD phase=immediate index=41 expected=0x0000000000000029 source=0x0000000000000029 actual=0xa5a5a5a5a5a5a5a5
DMA_WORD phase=immediate index=42 expected=0x000000000000002a source=0x000000000000002a actual=0xa5a5a5a5a5a5a5a5
DMA_WORD phase=immediate index=43 expected=0x000000000000002b source=0x000000000000002b actual=0xa5a5a5a5a5a5a5a5
DMA_WORD phase=immediate index=44 expected=0x000000000000002c source=0x000000000000002c actual=0xa5a5a5a5a5a5a5a5
DMA_WORD phase=immediate index=45 expected=0x000000000000002d source=0x000000000000002d actual=0xa5a5a5a5a5a5a5a5
DMA_WORD phase=immediate index=46 expected=0x000000000000002e source=0x000000000000002e actual=0xa5a5a5a5a5a5a5a5
DMA_WORD phase=immediate index=47 expected=0x000000000000002f source=0x000000000000002f actual=0xa5a5a5a5a5a5a5a5
DMA_WORD phase=immediate index=48 expected=0x0000000000000030 source=0x0000000000000030 actual=0xa5a5a5a5a5a5a5a5
DMA_WORD phase=immediate index=49 expected=0x0000000000000031 source=0x0000000000000031 actual=0xa5a5a5a5a5a5a5a5
DMA_WORD phase=immediate index=50 expected=0x0000000000000032 source=0x0000000000000032 actual=0xa5a5a5a5a5a5a5a5
DMA_WORD phase=immediate index=51 expected=0x0000000000000033 source=0x0000000000000033 actual=0xa5a5a5a5a5a5a5a5
DMA_WORD phase=immediate index=52 expected=0x0000000000000034 source=0x0000000000000034 actual=0xa5a5a5a5a5a5a5a5
DMA_WORD phase=immediate index=53 expected=0x0000000000000035 source=0x0000000000000035 actual=0xa5a5a5a5a5a5a5a5
DMA_WORD phase=immediate index=54 expected=0x0000000000000036 source=0x0000000000000036 actual=0xa5a5a5a5a5a5a5a5
DMA_WORD phase=immediate index=55 expected=0x0000000000000037 source=0x0000000000000037 actual=0xa5a5a5a5a5a5a5a5
DMA_WORD phase=immediate index=56 expected=0x0000000000000038 source=0x0000000000000038 actual=0xa5a5a5a5a5a5a5a5
DMA_WORD phase=immediate index=57 expected=0x0000000000000039 source=0x0000000000000039 actual=0xa5a5a5a5a5a5a5a5
DMA_WORD phase=immediate index=58 expected=0x000000000000003a source=0x000000000000003a actual=0xa5a5a5a5a5a5a5a5
DMA_WORD phase=immediate index=59 expected=0x000000000000003b source=0x000000000000003b actual=0xa5a5a5a5a5a5a5a5
DMA_WORD phase=immediate index=60 expected=0x000000000000003c source=0x000000000000003c actual=0xa5a5a5a5a5a5a5a5
DMA_WORD phase=immediate index=61 expected=0x000000000000003d source=0x000000000000003d actual=0xa5a5a5a5a5a5a5a5
DMA_WORD phase=immediate index=62 expected=0x000000000000003e source=0x000000000000003e actual=0xa5a5a5a5a5a5a5a5
DMA_WORD phase=immediate index=63 expected=0x000000000000003f source=0x000000000000003f actual=0xa5a5a5a5a5a5a5a5
DMA_WORD phase=immediate index=64 expected=0x0000000000000040 source=0x0000000000000040 actual=0xa5a5a5a5a5a5a5a5
DMA_WORD phase=immediate index=65 expected=0x0000000000000041 source=0x0000000000000041 actual=0xa5a5a5a5a5a5a5a5
DMA_WORD phase=immediate index=66 expected=0x0000000000000042 source=0x0000000000000042 actual=0xa5a5a5a5a5a5a5a5
DMA_WORD phase=immediate index=67 expected=0x0000000000000043 source=0x0000000000000043 actual=0xa5a5a5a5a5a5a5a5
DMA_WORD phase=immediate index=68 expected=0x0000000000000044 source=0x0000000000000044 actual=0xa5a5a5a5a5a5a5a5
DMA_WORD phase=immediate index=69 expected=0x0000000000000045 source=0x0000000000000045 actual=0xa5a5a5a5a5a5a5a5
DMA_WORD phase=immediate index=70 expected=0x0000000000000046 source=0x0000000000000046 actual=0xa5a5a5a5a5a5a5a5
DMA_WORD phase=immediate index=71 expected=0x0000000000000047 source=0x0000000000000047 actual=0xa5a5a5a5a5a5a5a5
DMA_WORD phase=immediate index=72 expected=0x0000000000000048 source=0x0000000000000048 actual=0xa5a5a5a5a5a5a5a5
DMA_WORD phase=immediate index=73 expected=0x0000000000000049 source=0x0000000000000049 actual=0xa5a5a5a5a5a5a5a5
DMA_WORD phase=immediate index=74 expected=0x000000000000004a source=0x000000000000004a actual=0xa5a5a5a5a5a5a5a5
DMA_WORD phase=immediate index=75 expected=0x000000000000004b source=0x000000000000004b actual=0xa5a5a5a5a5a5a5a5
DMA_WORD phase=immediate index=76 expected=0x000000000000004c source=0x000000000000004c actual=0xa5a5a5a5a5a5a5a5
DMA_WORD phase=immediate index=77 expected=0x000000000000004d source=0x000000000000004d actual=0xa5a5a5a5a5a5a5a5
DMA_WORD phase=immediate index=78 expected=0x000000000000004e source=0x000000000000004e actual=0xa5a5a5a5a5a5a5a5
DMA_WORD phase=immediate index=79 expected=0x000000000000004f source=0x000000000000004f actual=0xa5a5a5a5a5a5a5a5
DMA_WORD phase=immediate index=80 expected=0x0000000000000050 source=0x0000000000000050 actual=0xa5a5a5a5a5a5a5a5
DMA_WORD phase=immediate index=81 expected=0x0000000000000051 source=0x0000000000000051 actual=0xa5a5a5a5a5a5a5a5
DMA_WORD phase=immediate index=82 expected=0x0000000000000052 source=0x0000000000000052 actual=0xa5a5a5a5a5a5a5a5
DMA_WORD phase=immediate index=83 expected=0x0000000000000053 source=0x0000000000000053 actual=0xa5a5a5a5a5a5a5a5
DMA_WORD phase=immediate index=84 expected=0x0000000000000054 source=0x0000000000000054 actual=0xa5a5a5a5a5a5a5a5
DMA_WORD phase=immediate index=85 expected=0x0000000000000055 source=0x0000000000000055 actual=0xa5a5a5a5a5a5a5a5
DMA_WORD phase=immediate index=86 expected=0x0000000000000056 source=0x0000000000000056 actual=0xa5a5a5a5a5a5a5a5
DMA_WORD phase=immediate index=87 expected=0x0000000000000057 source=0x0000000000000057 actual=0xa5a5a5a5a5a5a5a5
DMA_WORD phase=immediate index=88 expected=0x0000000000000058 source=0x0000000000000058 actual=0xa5a5a5a5a5a5a5a5
DMA_WORD phase=immediate index=89 expected=0x0000000000000059 source=0x0000000000000059 actual=0xa5a5a5a5a5a5a5a5
DMA_WORD phase=immediate index=90 expected=0x000000000000005a source=0x000000000000005a actual=0xa5a5a5a5a5a5a5a5
DMA_WORD phase=immediate index=91 expected=0x000000000000005b source=0x000000000000005b actual=0xa5a5a5a5a5a5a5a5
DMA_WORD phase=immediate index=92 expected=0x000000000000005c source=0x000000000000005c actual=0xa5a5a5a5a5a5a5a5
DMA_WORD phase=immediate index=93 expected=0x000000000000005d source=0x000000000000005d actual=0xa5a5a5a5a5a5a5a5
DMA_WORD phase=immediate index=94 expected=0x000000000000005e source=0x000000000000005e actual=0xa5a5a5a5a5a5a5a5
DMA_WORD phase=immediate index=95 expected=0x000000000000005f source=0x000000000000005f actual=0xa5a5a5a5a5a5a5a5
DMA_WORD phase=immediate index=96 expected=0x0000000000000060 source=0x0000000000000060 actual=0xa5a5a5a5a5a5a5a5
DMA_WORD phase=immediate index=97 expected=0x0000000000000061 source=0x0000000000000061 actual=0xa5a5a5a5a5a5a5a5
DMA_WORD phase=immediate index=98 expected=0x0000000000000062 source=0x0000000000000062 actual=0xa5a5a5a5a5a5a5a5
DMA_WORD phase=immediate index=99 expected=0x0000000000000063 source=0x0000000000000063 actual=0xa5a5a5a5a5a5a5a5
DMA_WORD phase=immediate index=100 expected=0x0000000000000064 source=0x0000000000000064 actual=0xa5a5a5a5a5a5a5a5
DMA_WORD phase=immediate index=101 expected=0x0000000000000065 source=0x0000000000000065 actual=0xa5a5a5a5a5a5a5a5
DMA_WORD phase=immediate index=102 expected=0x0000000000000066 source=0x0000000000000066 actual=0xa5a5a5a5a5a5a5a5
DMA_WORD phase=immediate index=103 expected=0x0000000000000067 source=0x0000000000000067 actual=0xa5a5a5a5a5a5a5a5
DMA_WORD phase=immediate index=104 expected=0x0000000000000068 source=0x0000000000000068 actual=0xa5a5a5a5a5a5a5a5
DMA_WORD phase=immediate index=105 expected=0x0000000000000069 source=0x0000000000000069 actual=0xa5a5a5a5a5a5a5a5
DMA_WORD phase=immediate index=106 expected=0x000000000000006a source=0x000000000000006a actual=0xa5a5a5a5a5a5a5a5
DMA_WORD phase=immediate index=107 expected=0x000000000000006b source=0x000000000000006b actual=0xa5a5a5a5a5a5a5a5
DMA_WORD phase=immediate index=108 expected=0x000000000000006c source=0x000000000000006c actual=0xa5a5a5a5a5a5a5a5
DMA_WORD phase=immediate index=109 expected=0x000000000000006d source=0x000000000000006d actual=0xa5a5a5a5a5a5a5a5
DMA_WORD phase=immediate index=110 expected=0x000000000000006e source=0x000000000000006e actual=0xa5a5a5a5a5a5a5a5
DMA_WORD phase=immediate index=111 expected=0x000000000000006f source=0x000000000000006f actual=0xa5a5a5a5a5a5a5a5
DMA_WORD phase=immediate index=112 expected=0x0000000000000070 source=0x0000000000000070 actual=0xa5a5a5a5a5a5a5a5
DMA_WORD phase=immediate index=113 expected=0x0000000000000071 source=0x0000000000000071 actual=0xa5a5a5a5a5a5a5a5
DMA_WORD phase=immediate index=114 expected=0x0000000000000072 source=0x0000000000000072 actual=0xa5a5a5a5a5a5a5a5
DMA_WORD phase=immediate index=115 expected=0x0000000000000073 source=0x0000000000000073 actual=0xa5a5a5a5a5a5a5a5
DMA_WORD phase=immediate index=116 expected=0x0000000000000074 source=0x0000000000000074 actual=0xa5a5a5a5a5a5a5a5
DMA_WORD phase=immediate index=117 expected=0x0000000000000075 source=0x0000000000000075 actual=0xa5a5a5a5a5a5a5a5
DMA_WORD phase=immediate index=118 expected=0x0000000000000076 source=0x0000000000000076 actual=0xa5a5a5a5a5a5a5a5
DMA_WORD phase=immediate index=119 expected=0x0000000000000077 source=0x0000000000000077 actual=0xa5a5a5a5a5a5a5a5
DMA_WORD phase=immediate index=120 expected=0x0000000000000078 source=0x0000000000000078 actual=0xa5a5a5a5a5a5a5a5
DMA_WORD phase=immediate index=121 expected=0x0000000000000079 source=0x0000000000000079 actual=0xa5a5a5a5a5a5a5a5
DMA_WORD phase=immediate index=122 expected=0x000000000000007a source=0x000000000000007a actual=0xa5a5a5a5a5a5a5a5
DMA_WORD phase=immediate index=123 expected=0x000000000000007b source=0x000000000000007b actual=0xa5a5a5a5a5a5a5a5
DMA_WORD phase=immediate index=124 expected=0x000000000000007c source=0x000000000000007c actual=0xa5a5a5a5a5a5a5a5
DMA_WORD phase=immediate index=125 expected=0x000000000000007d source=0x000000000000007d actual=0xa5a5a5a5a5a5a5a5
DMA_WORD phase=immediate index=126 expected=0x000000000000007e source=0x000000000000007e actual=0xa5a5a5a5a5a5a5a5
DMA_WORD phase=immediate index=127 expected=0x000000000000007f source=0x000000000000007f actual=0xa5a5a5a5a5a5a5a5
DMA_SNAPSHOT phase=delayed status=0x000000022041000a monotonic_sec=2343 monotonic_nsec=208702257
DMA_WORD phase=delayed index=0 expected=0x0000000000000000 source=0x0000000000000000 actual=0xa5a5a5a5a5a5a5a5
DMA_WORD phase=delayed index=1 expected=0x0000000000000001 source=0x0000000000000001 actual=0xa5a5a5a5a5a5a5a5
DMA_WORD phase=delayed index=2 expected=0x0000000000000002 source=0x0000000000000002 actual=0xa5a5a5a5a5a5a5a5
DMA_WORD phase=delayed index=3 expected=0x0000000000000003 source=0x0000000000000003 actual=0xa5a5a5a5a5a5a5a5
DMA_WORD phase=delayed index=4 expected=0x0000000000000004 source=0x0000000000000004 actual=0xa5a5a5a5a5a5a5a5
DMA_WORD phase=delayed index=5 expected=0x0000000000000005 source=0x0000000000000005 actual=0xa5a5a5a5a5a5a5a5
DMA_WORD phase=delayed index=6 expected=0x0000000000000006 source=0x0000000000000006 actual=0xa5a5a5a5a5a5a5a5
DMA_WORD phase=delayed index=7 expected=0x0000000000000007 source=0x0000000000000007 actual=0xa5a5a5a5a5a5a5a5
DMA_WORD phase=delayed index=8 expected=0x0000000000000008 source=0x0000000000000008 actual=0xa5a5a5a5a5a5a5a5
DMA_WORD phase=delayed index=9 expected=0x0000000000000009 source=0x0000000000000009 actual=0xa5a5a5a5a5a5a5a5
DMA_WORD phase=delayed index=10 expected=0x000000000000000a source=0x000000000000000a actual=0xa5a5a5a5a5a5a5a5
DMA_WORD phase=delayed index=11 expected=0x000000000000000b source=0x000000000000000b actual=0xa5a5a5a5a5a5a5a5
DMA_WORD phase=delayed index=12 expected=0x000000000000000c source=0x000000000000000c actual=0xa5a5a5a5a5a5a5a5
DMA_WORD phase=delayed index=13 expected=0x000000000000000d source=0x000000000000000d actual=0xa5a5a5a5a5a5a5a5
DMA_WORD phase=delayed index=14 expected=0x000000000000000e source=0x000000000000000e actual=0xa5a5a5a5a5a5a5a5
DMA_WORD phase=delayed index=15 expected=0x000000000000000f source=0x000000000000000f actual=0xa5a5a5a5a5a5a5a5
DMA_WORD phase=delayed index=16 expected=0x0000000000000010 source=0x0000000000000010 actual=0xa5a5a5a5a5a5a5a5
DMA_WORD phase=delayed index=17 expected=0x0000000000000011 source=0x0000000000000011 actual=0xa5a5a5a5a5a5a5a5
DMA_WORD phase=delayed index=18 expected=0x0000000000000012 source=0x0000000000000012 actual=0xa5a5a5a5a5a5a5a5
DMA_WORD phase=delayed index=19 expected=0x0000000000000013 source=0x0000000000000013 actual=0xa5a5a5a5a5a5a5a5
DMA_WORD phase=delayed index=20 expected=0x0000000000000014 source=0x0000000000000014 actual=0xa5a5a5a5a5a5a5a5
DMA_WORD phase=delayed index=21 expected=0x0000000000000015 source=0x0000000000000015 actual=0xa5a5a5a5a5a5a5a5
DMA_WORD phase=delayed index=22 expected=0x0000000000000016 source=0x0000000000000016 actual=0xa5a5a5a5a5a5a5a5
DMA_WORD phase=delayed index=23 expected=0x0000000000000017 source=0x0000000000000017 actual=0xa5a5a5a5a5a5a5a5
DMA_WORD phase=delayed index=24 expected=0x0000000000000018 source=0x0000000000000018 actual=0xa5a5a5a5a5a5a5a5
DMA_WORD phase=delayed index=25 expected=0x0000000000000019 source=0x0000000000000019 actual=0xa5a5a5a5a5a5a5a5
DMA_WORD phase=delayed index=26 expected=0x000000000000001a source=0x000000000000001a actual=0xa5a5a5a5a5a5a5a5
DMA_WORD phase=delayed index=27 expected=0x000000000000001b source=0x000000000000001b actual=0xa5a5a5a5a5a5a5a5
DMA_WORD phase=delayed index=28 expected=0x000000000000001c source=0x000000000000001c actual=0xa5a5a5a5a5a5a5a5
DMA_WORD phase=delayed index=29 expected=0x000000000000001d source=0x000000000000001d actual=0xa5a5a5a5a5a5a5a5
DMA_WORD phase=delayed index=30 expected=0x000000000000001e source=0x000000000000001e actual=0xa5a5a5a5a5a5a5a5
DMA_WORD phase=delayed index=31 expected=0x000000000000001f source=0x000000000000001f actual=0xa5a5a5a5a5a5a5a5
DMA_WORD phase=delayed index=32 expected=0x0000000000000020 source=0x0000000000000020 actual=0xa5a5a5a5a5a5a5a5
DMA_WORD phase=delayed index=33 expected=0x0000000000000021 source=0x0000000000000021 actual=0xa5a5a5a5a5a5a5a5
DMA_WORD phase=delayed index=34 expected=0x0000000000000022 source=0x0000000000000022 actual=0xa5a5a5a5a5a5a5a5
DMA_WORD phase=delayed index=35 expected=0x0000000000000023 source=0x0000000000000023 actual=0xa5a5a5a5a5a5a5a5
DMA_WORD phase=delayed index=36 expected=0x0000000000000024 source=0x0000000000000024 actual=0xa5a5a5a5a5a5a5a5
DMA_WORD phase=delayed index=37 expected=0x0000000000000025 source=0x0000000000000025 actual=0xa5a5a5a5a5a5a5a5
DMA_WORD phase=delayed index=38 expected=0x0000000000000026 source=0x0000000000000026 actual=0xa5a5a5a5a5a5a5a5
DMA_WORD phase=delayed index=39 expected=0x0000000000000027 source=0x0000000000000027 actual=0xa5a5a5a5a5a5a5a5
DMA_WORD phase=delayed index=40 expected=0x0000000000000028 source=0x0000000000000028 actual=0xa5a5a5a5a5a5a5a5
DMA_WORD phase=delayed index=41 expected=0x0000000000000029 source=0x0000000000000029 actual=0xa5a5a5a5a5a5a5a5
DMA_WORD phase=delayed index=42 expected=0x000000000000002a source=0x000000000000002a actual=0xa5a5a5a5a5a5a5a5
DMA_WORD phase=delayed index=43 expected=0x000000000000002b source=0x000000000000002b actual=0xa5a5a5a5a5a5a5a5
DMA_WORD phase=delayed index=44 expected=0x000000000000002c source=0x000000000000002c actual=0xa5a5a5a5a5a5a5a5
DMA_WORD phase=delayed index=45 expected=0x000000000000002d source=0x000000000000002d actual=0xa5a5a5a5a5a5a5a5
DMA_WORD phase=delayed index=46 expected=0x000000000000002e source=0x000000000000002e actual=0xa5a5a5a5a5a5a5a5
DMA_WORD phase=delayed index=47 expected=0x000000000000002f source=0x000000000000002f actual=0xa5a5a5a5a5a5a5a5
DMA_WORD phase=delayed index=48 expected=0x0000000000000030 source=0x0000000000000030 actual=0xa5a5a5a5a5a5a5a5
DMA_WORD phase=delayed index=49 expected=0x0000000000000031 source=0x0000000000000031 actual=0xa5a5a5a5a5a5a5a5
DMA_WORD phase=delayed index=50 expected=0x0000000000000032 source=0x0000000000000032 actual=0xa5a5a5a5a5a5a5a5
DMA_WORD phase=delayed index=51 expected=0x0000000000000033 source=0x0000000000000033 actual=0xa5a5a5a5a5a5a5a5
DMA_WORD phase=delayed index=52 expected=0x0000000000000034 source=0x0000000000000034 actual=0xa5a5a5a5a5a5a5a5
DMA_WORD phase=delayed index=53 expected=0x0000000000000035 source=0x0000000000000035 actual=0xa5a5a5a5a5a5a5a5
DMA_WORD phase=delayed index=54 expected=0x0000000000000036 source=0x0000000000000036 actual=0xa5a5a5a5a5a5a5a5
DMA_WORD phase=delayed index=55 expected=0x0000000000000037 source=0x0000000000000037 actual=0xa5a5a5a5a5a5a5a5
DMA_WORD phase=delayed index=56 expected=0x0000000000000038 source=0x0000000000000038 actual=0xa5a5a5a5a5a5a5a5
DMA_WORD phase=delayed index=57 expected=0x0000000000000039 source=0x0000000000000039 actual=0xa5a5a5a5a5a5a5a5
DMA_WORD phase=delayed index=58 expected=0x000000000000003a source=0x000000000000003a actual=0xa5a5a5a5a5a5a5a5
DMA_WORD phase=delayed index=59 expected=0x000000000000003b source=0x000000000000003b actual=0xa5a5a5a5a5a5a5a5
DMA_WORD phase=delayed index=60 expected=0x000000000000003c source=0x000000000000003c actual=0xa5a5a5a5a5a5a5a5
DMA_WORD phase=delayed index=61 expected=0x000000000000003d source=0x000000000000003d actual=0xa5a5a5a5a5a5a5a5
DMA_WORD phase=delayed index=62 expected=0x000000000000003e source=0x000000000000003e actual=0xa5a5a5a5a5a5a5a5
DMA_WORD phase=delayed index=63 expected=0x000000000000003f source=0x000000000000003f actual=0xa5a5a5a5a5a5a5a5
DMA_WORD phase=delayed index=64 expected=0x0000000000000040 source=0x0000000000000040 actual=0xa5a5a5a5a5a5a5a5
DMA_WORD phase=delayed index=65 expected=0x0000000000000041 source=0x0000000000000041 actual=0xa5a5a5a5a5a5a5a5
DMA_WORD phase=delayed index=66 expected=0x0000000000000042 source=0x0000000000000042 actual=0xa5a5a5a5a5a5a5a5
DMA_WORD phase=delayed index=67 expected=0x0000000000000043 source=0x0000000000000043 actual=0xa5a5a5a5a5a5a5a5
DMA_WORD phase=delayed index=68 expected=0x0000000000000044 source=0x0000000000000044 actual=0xa5a5a5a5a5a5a5a5
DMA_WORD phase=delayed index=69 expected=0x0000000000000045 source=0x0000000000000045 actual=0xa5a5a5a5a5a5a5a5
DMA_WORD phase=delayed index=70 expected=0x0000000000000046 source=0x0000000000000046 actual=0xa5a5a5a5a5a5a5a5
DMA_WORD phase=delayed index=71 expected=0x0000000000000047 source=0x0000000000000047 actual=0xa5a5a5a5a5a5a5a5
DMA_WORD phase=delayed index=72 expected=0x0000000000000048 source=0x0000000000000048 actual=0xa5a5a5a5a5a5a5a5
DMA_WORD phase=delayed index=73 expected=0x0000000000000049 source=0x0000000000000049 actual=0xa5a5a5a5a5a5a5a5
DMA_WORD phase=delayed index=74 expected=0x000000000000004a source=0x000000000000004a actual=0xa5a5a5a5a5a5a5a5
DMA_WORD phase=delayed index=75 expected=0x000000000000004b source=0x000000000000004b actual=0xa5a5a5a5a5a5a5a5
DMA_WORD phase=delayed index=76 expected=0x000000000000004c source=0x000000000000004c actual=0xa5a5a5a5a5a5a5a5
DMA_WORD phase=delayed index=77 expected=0x000000000000004d source=0x000000000000004d actual=0xa5a5a5a5a5a5a5a5
DMA_WORD phase=delayed index=78 expected=0x000000000000004e source=0x000000000000004e actual=0xa5a5a5a5a5a5a5a5
DMA_WORD phase=delayed index=79 expected=0x000000000000004f source=0x000000000000004f actual=0xa5a5a5a5a5a5a5a5
DMA_WORD phase=delayed index=80 expected=0x0000000000000050 source=0x0000000000000050 actual=0xa5a5a5a5a5a5a5a5
DMA_WORD phase=delayed index=81 expected=0x0000000000000051 source=0x0000000000000051 actual=0xa5a5a5a5a5a5a5a5
DMA_WORD phase=delayed index=82 expected=0x0000000000000052 source=0x0000000000000052 actual=0xa5a5a5a5a5a5a5a5
DMA_WORD phase=delayed index=83 expected=0x0000000000000053 source=0x0000000000000053 actual=0xa5a5a5a5a5a5a5a5
DMA_WORD phase=delayed index=84 expected=0x0000000000000054 source=0x0000000000000054 actual=0xa5a5a5a5a5a5a5a5
DMA_WORD phase=delayed index=85 expected=0x0000000000000055 source=0x0000000000000055 actual=0xa5a5a5a5a5a5a5a5
DMA_WORD phase=delayed index=86 expected=0x0000000000000056 source=0x0000000000000056 actual=0xa5a5a5a5a5a5a5a5
DMA_WORD phase=delayed index=87 expected=0x0000000000000057 source=0x0000000000000057 actual=0xa5a5a5a5a5a5a5a5
DMA_WORD phase=delayed index=88 expected=0x0000000000000058 source=0x0000000000000058 actual=0xa5a5a5a5a5a5a5a5
DMA_WORD phase=delayed index=89 expected=0x0000000000000059 source=0x0000000000000059 actual=0xa5a5a5a5a5a5a5a5
DMA_WORD phase=delayed index=90 expected=0x000000000000005a source=0x000000000000005a actual=0xa5a5a5a5a5a5a5a5
DMA_WORD phase=delayed index=91 expected=0x000000000000005b source=0x000000000000005b actual=0xa5a5a5a5a5a5a5a5
DMA_WORD phase=delayed index=92 expected=0x000000000000005c source=0x000000000000005c actual=0xa5a5a5a5a5a5a5a5
DMA_WORD phase=delayed index=93 expected=0x000000000000005d source=0x000000000000005d actual=0xa5a5a5a5a5a5a5a5
DMA_WORD phase=delayed index=94 expected=0x000000000000005e source=0x000000000000005e actual=0xa5a5a5a5a5a5a5a5
DMA_WORD phase=delayed index=95 expected=0x000000000000005f source=0x000000000000005f actual=0xa5a5a5a5a5a5a5a5
DMA_WORD phase=delayed index=96 expected=0x0000000000000060 source=0x0000000000000060 actual=0xa5a5a5a5a5a5a5a5
DMA_WORD phase=delayed index=97 expected=0x0000000000000061 source=0x0000000000000061 actual=0xa5a5a5a5a5a5a5a5
DMA_WORD phase=delayed index=98 expected=0x0000000000000062 source=0x0000000000000062 actual=0xa5a5a5a5a5a5a5a5
DMA_WORD phase=delayed index=99 expected=0x0000000000000063 source=0x0000000000000063 actual=0xa5a5a5a5a5a5a5a5
DMA_WORD phase=delayed index=100 expected=0x0000000000000064 source=0x0000000000000064 actual=0xa5a5a5a5a5a5a5a5
DMA_WORD phase=delayed index=101 expected=0x0000000000000065 source=0x0000000000000065 actual=0xa5a5a5a5a5a5a5a5
DMA_WORD phase=delayed index=102 expected=0x0000000000000066 source=0x0000000000000066 actual=0xa5a5a5a5a5a5a5a5
DMA_WORD phase=delayed index=103 expected=0x0000000000000067 source=0x0000000000000067 actual=0xa5a5a5a5a5a5a5a5
DMA_WORD phase=delayed index=104 expected=0x0000000000000068 source=0x0000000000000068 actual=0xa5a5a5a5a5a5a5a5
DMA_WORD phase=delayed index=105 expected=0x0000000000000069 source=0x0000000000000069 actual=0xa5a5a5a5a5a5a5a5
DMA_WORD phase=delayed index=106 expected=0x000000000000006a source=0x000000000000006a actual=0xa5a5a5a5a5a5a5a5
DMA_WORD phase=delayed index=107 expected=0x000000000000006b source=0x000000000000006b actual=0xa5a5a5a5a5a5a5a5
DMA_WORD phase=delayed index=108 expected=0x000000000000006c source=0x000000000000006c actual=0xa5a5a5a5a5a5a5a5
DMA_WORD phase=delayed index=109 expected=0x000000000000006d source=0x000000000000006d actual=0xa5a5a5a5a5a5a5a5
DMA_WORD phase=delayed index=110 expected=0x000000000000006e source=0x000000000000006e actual=0xa5a5a5a5a5a5a5a5
DMA_WORD phase=delayed index=111 expected=0x000000000000006f source=0x000000000000006f actual=0xa5a5a5a5a5a5a5a5
DMA_WORD phase=delayed index=112 expected=0x0000000000000070 source=0x0000000000000070 actual=0xa5a5a5a5a5a5a5a5
DMA_WORD phase=delayed index=113 expected=0x0000000000000071 source=0x0000000000000071 actual=0xa5a5a5a5a5a5a5a5
DMA_WORD phase=delayed index=114 expected=0x0000000000000072 source=0x0000000000000072 actual=0xa5a5a5a5a5a5a5a5
DMA_WORD phase=delayed index=115 expected=0x0000000000000073 source=0x0000000000000073 actual=0xa5a5a5a5a5a5a5a5
DMA_WORD phase=delayed index=116 expected=0x0000000000000074 source=0x0000000000000074 actual=0xa5a5a5a5a5a5a5a5
DMA_WORD phase=delayed index=117 expected=0x0000000000000075 source=0x0000000000000075 actual=0xa5a5a5a5a5a5a5a5
DMA_WORD phase=delayed index=118 expected=0x0000000000000076 source=0x0000000000000076 actual=0xa5a5a5a5a5a5a5a5
DMA_WORD phase=delayed index=119 expected=0x0000000000000077 source=0x0000000000000077 actual=0xa5a5a5a5a5a5a5a5
DMA_WORD phase=delayed index=120 expected=0x0000000000000078 source=0x0000000000000078 actual=0xa5a5a5a5a5a5a5a5
DMA_WORD phase=delayed index=121 expected=0x0000000000000079 source=0x0000000000000079 actual=0xa5a5a5a5a5a5a5a5
DMA_WORD phase=delayed index=122 expected=0x000000000000007a source=0x000000000000007a actual=0xa5a5a5a5a5a5a5a5
DMA_WORD phase=delayed index=123 expected=0x000000000000007b source=0x000000000000007b actual=0xa5a5a5a5a5a5a5a5
DMA_WORD phase=delayed index=124 expected=0x000000000000007c source=0x000000000000007c actual=0xa5a5a5a5a5a5a5a5
DMA_WORD phase=delayed index=125 expected=0x000000000000007d source=0x000000000000007d actual=0xa5a5a5a5a5a5a5a5
DMA_WORD phase=delayed index=126 expected=0x000000000000007e source=0x000000000000007e actual=0xa5a5a5a5a5a5a5a5
DMA_WORD phase=delayed index=127 expected=0x000000000000007f source=0x000000000000007f actual=0xa5a5a5a5a5a5a5a5
CHECK DMA diagnostic bank=0 bytes=1024 words=128 immediate_errors=128 delayed_errors=128 source_errors=0 FAIL
