Quartus Prime Programmer
Version 26.1.1 Build 130 08/06/2026 SC Pro Edition
Copyright (C) 2026  Altera Corporation. All rights reserved.

Usage:
------

quartus_pgm [-h | --help[=<option|topic>] | -v]
quartus_pgm -c <cable name> filname.cdf  --- If you want to use cdf file
quartus_pgm -c <cable name> -m <programming mode> -o <value> [-o <value>...] --- If you want to use individual programming file(s)
quartus_pgm -l --- to display the list of available hardware
quartus_pgm -c <cable name> -a --- to display the list of devices connected to the cable

Description:
------------


Options:
--------

	-?
	-f <argument file>
	-h
	-a | --auto
	-b | --bgp
	-c <cable name> | --cable=<cable name>
	-i | --initcfg
	-k | --non_volatile_key
	-l | --list
	-m <programming mode> | --mode=<programming mode>
	-o <programming operation> | --operation=<programming operation>
	-u | --ufp
	-z | --haltcc
	--append_id
	--beta_counter=<beta_counter>
	--bkp_options=<BKP options>
	--bkp_prefetch
	--bkp_puf_activate
	--bkp_set_authority
	--ccert_file=<compact certificate file>
	--ccert_type=<compact_certificate_type>
	--cmd_code=<sdm mailbox command code>
	--cmd_param=<sdm mailbox command parameters>
	--custom_db_dir=<custom database directory>
	--debug_trace=<export debug trace log>
	--der_type=<der_type>
	--dev_info
	--device=<device_index>
	--dni
	--enable_ownership_transfer
	--file_system=<file system operation type and option>
	--force
	--force_enrollment
	--fw_source=<firmware_source>
	--help[=<option|topic>]
	--ipcs_urls
	--iv=<initialization vector>
	--lower_priority
	--nios2
	--pem_file=<user private pem file>
	--pr=<partial reconfiguration>
	--pr_pubkey
	--puf_type=<puf type>
	--qek_file=<Quartus Prime encryption key file>
	--qky_file=<qky file>
	--qspi_cs=<qspi_cs>
	--reload_efuse_cache
	--rma_counter=<rma_counter>
	--service_root_key
	--slot_id=<slot_id>
	--status
	--status_type=<device status type>
	--trace=<export trace log>
	--trace_level=<specify debug trace level of the debug trace>

Help Topics:
------------

	arguments
	return_codes

For more information on specific options, use --help=<option|topic>.

