Questa Altera FPGA Edition-64 vlog 2025.3 Compiler 2025.09 Sep 15 2025
Start time: 13:01:57 on Sep 18,2026
vlog -sv /home/uwb_student00/ahls/new_BSP/qualification/ddr-library-import-01/imports/quartus-23.1/mentor/tennm_atoms_ncrypt.sv -work tennm_ver 
** Note: (vlog-220) '/home/uwb_student00/ahls/new_BSP/qualification/ddr-library-rebuild-01/run-06/modelsim.ini' is used as the ini file.
** Note: (vlog-223) The environment variable MODELSIM will be deprecated in future releases. Please use QSIM_INI instead.
** Warning: /home/uwb_student00/ahls/new_BSP/qualification/ddr-library-import-01/imports/quartus-23.1/mentor/tennm_atoms_ncrypt.sv(40): (vlog-13528) Extra Parentheses after time system function.
** Warning: /home/uwb_student00/ahls/new_BSP/qualification/ddr-library-import-01/imports/quartus-23.1/mentor/tennm_atoms_ncrypt.sv(40): (vlog-13528) Extra Parentheses after time system function.
** Warning: /home/uwb_student00/ahls/new_BSP/qualification/ddr-library-import-01/imports/quartus-23.1/mentor/tennm_atoms_ncrypt.sv(40): (vlog-13528) Extra Parentheses after time system function.
** Warning: /home/uwb_student00/ahls/new_BSP/qualification/ddr-library-import-01/imports/quartus-23.1/mentor/tennm_atoms_ncrypt.sv(40): (vlog-13528) Extra Parentheses after time system function.
** Warning: /home/uwb_student00/ahls/new_BSP/qualification/ddr-library-import-01/imports/quartus-23.1/mentor/tennm_atoms_ncrypt.sv(40): (vlog-13528) Extra Parentheses after time system function.
** Warning: /home/uwb_student00/ahls/new_BSP/qualification/ddr-library-import-01/imports/quartus-23.1/mentor/tennm_atoms_ncrypt.sv(40): (vlog-13528) Extra Parentheses after time system function.
** Warning: /home/uwb_student00/ahls/new_BSP/qualification/ddr-library-import-01/imports/quartus-23.1/mentor/tennm_atoms_ncrypt.sv(40): (vlog-13314) Defaulting port '<protected>' kind to 'var' rather than 'wire' due to default compile option setting of -svinputport=relaxed.
** Warning: /home/uwb_student00/ahls/new_BSP/qualification/ddr-library-import-01/imports/quartus-23.1/mentor/tennm_atoms_ncrypt.sv(40): (vlog-13314) Defaulting port '<protected>' kind to 'var' rather than 'wire' due to default compile option setting of -svinputport=relaxed.
** Warning: /home/uwb_student00/ahls/new_BSP/qualification/ddr-library-import-01/imports/quartus-23.1/mentor/tennm_atoms_ncrypt.sv(40): (vlog-13314) Defaulting port '<protected>' kind to 'var' rather than 'wire' due to default compile option setting of -svinputport=relaxed.
** Warning: /home/uwb_student00/ahls/new_BSP/qualification/ddr-library-import-01/imports/quartus-23.1/mentor/tennm_atoms_ncrypt.sv(40): (vlog-13314) Defaulting port '<protected>' kind to 'var' rather than 'wire' due to default compile option setting of -svinputport=relaxed.
** Warning: /home/uwb_student00/ahls/new_BSP/qualification/ddr-library-import-01/imports/quartus-23.1/mentor/tennm_atoms_ncrypt.sv(40): (vlog-13314) Defaulting port '<protected>' kind to 'var' rather than 'wire' due to default compile option setting of -svinputport=relaxed.
** Warning: /home/uwb_student00/ahls/new_BSP/qualification/ddr-library-import-01/imports/quartus-23.1/mentor/tennm_atoms_ncrypt.sv(40): (vlog-13314) Defaulting port '<protected>' kind to 'var' rather than 'wire' due to default compile option setting of -svinputport=relaxed.
** Warning: /home/uwb_student00/ahls/new_BSP/qualification/ddr-library-import-01/imports/quartus-23.1/mentor/tennm_atoms_ncrypt.sv(40): (vlog-13314) Defaulting port '<protected>' kind to 'var' rather than 'wire' due to default compile option setting of -svinputport=relaxed.
** Warning: /home/uwb_student00/ahls/new_BSP/qualification/ddr-library-import-01/imports/quartus-23.1/mentor/tennm_atoms_ncrypt.sv(40): (vlog-13314) Defaulting port '<protected>' kind to 'var' rather than 'wire' due to default compile option setting of -svinputport=relaxed.
** Warning: /home/uwb_student00/ahls/new_BSP/qualification/ddr-library-import-01/imports/quartus-23.1/mentor/tennm_atoms_ncrypt.sv(40): (vlog-13314) Defaulting port '<protected>' kind to 'var' rather than 'wire' due to default compile option setting of -svinputport=relaxed.
** Warning: /home/uwb_student00/ahls/new_BSP/qualification/ddr-library-import-01/imports/quartus-23.1/mentor/tennm_atoms_ncrypt.sv(40): (vlog-13314) Defaulting port '<protected>' kind to 'var' rather than 'wire' due to default compile option setting of -svinputport=relaxed.
** Warning: /home/uwb_student00/ahls/new_BSP/qualification/ddr-library-import-01/imports/quartus-23.1/mentor/tennm_atoms_ncrypt.sv(40): (vlog-13528) Extra Parentheses after time system function.
** Warning: /home/uwb_student00/ahls/new_BSP/qualification/ddr-library-import-01/imports/quartus-23.1/mentor/tennm_atoms_ncrypt.sv(40): (vlog-13528) Extra Parentheses after time system function.
** Warning: /home/uwb_student00/ahls/new_BSP/qualification/ddr-library-import-01/imports/quartus-23.1/mentor/tennm_atoms_ncrypt.sv(40): (vlog-13528) Extra Parentheses after time system function.
** Warning: /home/uwb_student00/ahls/new_BSP/qualification/ddr-library-import-01/imports/quartus-23.1/mentor/tennm_atoms_ncrypt.sv(40): (vlog-2263) Redefinition of macro: <protected>.
** Warning: /home/uwb_student00/ahls/new_BSP/qualification/ddr-library-import-01/imports/quartus-23.1/mentor/tennm_atoms_ncrypt.sv(40): (vlog-2263) Redefinition of macro: <protected>.
** Warning: /home/uwb_student00/ahls/new_BSP/qualification/ddr-library-import-01/imports/quartus-23.1/mentor/tennm_atoms_ncrypt.sv(40): (vlog-2263) Redefinition of macro: <protected>.
** Warning: /home/uwb_student00/ahls/new_BSP/qualification/ddr-library-import-01/imports/quartus-23.1/mentor/tennm_atoms_ncrypt.sv(40): (vlog-2263) Redefinition of macro: <protected>.
** Warning: /home/uwb_student00/ahls/new_BSP/qualification/ddr-library-import-01/imports/quartus-23.1/mentor/tennm_atoms_ncrypt.sv(40): (vlog-2263) Redefinition of macro: <protected>.
** Warning: /home/uwb_student00/ahls/new_BSP/qualification/ddr-library-import-01/imports/quartus-23.1/mentor/tennm_atoms_ncrypt.sv(40): (vlog-2263) Redefinition of macro: <protected>.
** Warning: /home/uwb_student00/ahls/new_BSP/qualification/ddr-library-import-01/imports/quartus-23.1/mentor/tennm_atoms_ncrypt.sv(40): (vlog-2263) Redefinition of macro: <protected>.
** Warning: /home/uwb_student00/ahls/new_BSP/qualification/ddr-library-import-01/imports/quartus-23.1/mentor/tennm_atoms_ncrypt.sv(40): (vlog-2263) Redefinition of macro: <protected>.
** Warning: /home/uwb_student00/ahls/new_BSP/qualification/ddr-library-import-01/imports/quartus-23.1/mentor/tennm_atoms_ncrypt.sv(40): (vlog-2263) Redefinition of macro: <protected>.
** Warning: /home/uwb_student00/ahls/new_BSP/qualification/ddr-library-import-01/imports/quartus-23.1/mentor/tennm_atoms_ncrypt.sv(40): (vlog-2263) Redefinition of macro: <protected>.
** Warning: /home/uwb_student00/ahls/new_BSP/qualification/ddr-library-import-01/imports/quartus-23.1/mentor/tennm_atoms_ncrypt.sv(40): (vlog-2263) Redefinition of macro: <protected>.
** Warning: /home/uwb_student00/ahls/new_BSP/qualification/ddr-library-import-01/imports/quartus-23.1/mentor/tennm_atoms_ncrypt.sv(40): (vlog-2263) Redefinition of macro: <protected>.
** Warning: /home/uwb_student00/ahls/new_BSP/qualification/ddr-library-import-01/imports/quartus-23.1/mentor/tennm_atoms_ncrypt.sv(40): (vlog-2263) Redefinition of macro: <protected>.
** Warning: /home/uwb_student00/ahls/new_BSP/qualification/ddr-library-import-01/imports/quartus-23.1/mentor/tennm_atoms_ncrypt.sv(40): (vlog-2263) Redefinition of macro: <protected>.
** Warning: /home/uwb_student00/ahls/new_BSP/qualification/ddr-library-import-01/imports/quartus-23.1/mentor/tennm_atoms_ncrypt.sv(40): (vlog-2263) Redefinition of macro: <protected>.
** Warning: /home/uwb_student00/ahls/new_BSP/qualification/ddr-library-import-01/imports/quartus-23.1/mentor/tennm_atoms_ncrypt.sv(40): (vlog-2263) Redefinition of macro: <protected>.
** Warning: /home/uwb_student00/ahls/new_BSP/qualification/ddr-library-import-01/imports/quartus-23.1/mentor/tennm_atoms_ncrypt.sv(40): (vlog-2263) Redefinition of macro: <protected>.
** Warning: /home/uwb_student00/ahls/new_BSP/qualification/ddr-library-import-01/imports/quartus-23.1/mentor/tennm_atoms_ncrypt.sv(40): (vlog-2263) Redefinition of macro: <protected>.
** Warning: /home/uwb_student00/ahls/new_BSP/qualification/ddr-library-import-01/imports/quartus-23.1/mentor/tennm_atoms_ncrypt.sv(40): (vlog-2263) Redefinition of macro: <protected>.
** Warning: /home/uwb_student00/ahls/new_BSP/qualification/ddr-library-import-01/imports/quartus-23.1/mentor/tennm_atoms_ncrypt.sv(40): (vlog-2263) Redefinition of macro: <protected>.
** Warning: /home/uwb_student00/ahls/new_BSP/qualification/ddr-library-import-01/imports/quartus-23.1/mentor/tennm_atoms_ncrypt.sv(40): (vlog-2263) Redefinition of macro: <protected>.
** Warning: /home/uwb_student00/ahls/new_BSP/qualification/ddr-library-import-01/imports/quartus-23.1/mentor/tennm_atoms_ncrypt.sv(40): (vlog-2263) Redefinition of macro: <protected>.
** Warning: /home/uwb_student00/ahls/new_BSP/qualification/ddr-library-import-01/imports/quartus-23.1/mentor/tennm_atoms_ncrypt.sv(40): (vlog-2263) Redefinition of macro: <protected>.
** Warning: /home/uwb_student00/ahls/new_BSP/qualification/ddr-library-import-01/imports/quartus-23.1/mentor/tennm_atoms_ncrypt.sv(40): (vlog-2263) Redefinition of macro: <protected>.
** Warning: /home/uwb_student00/ahls/new_BSP/qualification/ddr-library-import-01/imports/quartus-23.1/mentor/tennm_atoms_ncrypt.sv(40): (vlog-2263) Redefinition of macro: <protected>.
** Warning: /home/uwb_student00/ahls/new_BSP/qualification/ddr-library-import-01/imports/quartus-23.1/mentor/tennm_atoms_ncrypt.sv(40): (vlog-2263) Redefinition of macro: <protected>.
** Warning: /home/uwb_student00/ahls/new_BSP/qualification/ddr-library-import-01/imports/quartus-23.1/mentor/tennm_atoms_ncrypt.sv(40): (vlog-2263) Redefinition of macro: <protected>.
** Warning: /home/uwb_student00/ahls/new_BSP/qualification/ddr-library-import-01/imports/quartus-23.1/mentor/tennm_atoms_ncrypt.sv(40): (vlog-2263) Redefinition of macro: <protected>.
** Warning: /home/uwb_student00/ahls/new_BSP/qualification/ddr-library-import-01/imports/quartus-23.1/mentor/tennm_atoms_ncrypt.sv(40): (vlog-2263) Redefinition of macro: <protected>.
** Warning: /home/uwb_student00/ahls/new_BSP/qualification/ddr-library-import-01/imports/quartus-23.1/mentor/tennm_atoms_ncrypt.sv(40): (vlog-2263) Redefinition of macro: <protected>.
** Warning: /home/uwb_student00/ahls/new_BSP/qualification/ddr-library-import-01/imports/quartus-23.1/mentor/tennm_atoms_ncrypt.sv(40): (vlog-13528) Extra Parentheses after time system function.
** Warning: /home/uwb_student00/ahls/new_BSP/qualification/ddr-library-import-01/imports/quartus-23.1/mentor/tennm_atoms_ncrypt.sv(40): (vlog-13528) Extra Parentheses after time system function.
** Warning: /home/uwb_student00/ahls/new_BSP/qualification/ddr-library-import-01/imports/quartus-23.1/mentor/tennm_atoms_ncrypt.sv(40): (vlog-13528) Extra Parentheses after time system function.
** Warning: /home/uwb_student00/ahls/new_BSP/qualification/ddr-library-import-01/imports/quartus-23.1/mentor/tennm_atoms_ncrypt.sv(40): (vlog-13528) Extra Parentheses after time system function.
** Warning: /home/uwb_student00/ahls/new_BSP/qualification/ddr-library-import-01/imports/quartus-23.1/mentor/tennm_atoms_ncrypt.sv(40): (vlog-13528) Extra Parentheses after time system function.
** Warning: /home/uwb_student00/ahls/new_BSP/qualification/ddr-library-import-01/imports/quartus-23.1/mentor/tennm_atoms_ncrypt.sv(40): (vlog-13528) Extra Parentheses after time system function.
** Warning: /home/uwb_student00/ahls/new_BSP/qualification/ddr-library-import-01/imports/quartus-23.1/mentor/tennm_atoms_ncrypt.sv(40): (vlog-13528) Extra Parentheses after time system function.
** Warning: /home/uwb_student00/ahls/new_BSP/qualification/ddr-library-import-01/imports/quartus-23.1/mentor/tennm_atoms_ncrypt.sv(40): (vlog-13314) Defaulting port '<protected>' kind to 'var' rather than 'wire' due to default compile option setting of -svinputport=relaxed.
** Warning: /home/uwb_student00/ahls/new_BSP/qualification/ddr-library-import-01/imports/quartus-23.1/mentor/tennm_atoms_ncrypt.sv(40): (vlog-13314) Defaulting port '<protected>' kind to 'var' rather than 'wire' due to default compile option setting of -svinputport=relaxed.
** Warning: /home/uwb_student00/ahls/new_BSP/qualification/ddr-library-import-01/imports/quartus-23.1/mentor/tennm_atoms_ncrypt.sv(40): (vlog-13314) Defaulting port '<protected>' kind to 'var' rather than 'wire' due to default compile option setting of -svinputport=relaxed.
** Warning: /home/uwb_student00/ahls/new_BSP/qualification/ddr-library-import-01/imports/quartus-23.1/mentor/tennm_atoms_ncrypt.sv(40): (vlog-2263) Redefinition of macro: <protected>.
** Warning: /home/uwb_student00/ahls/new_BSP/qualification/ddr-library-import-01/imports/quartus-23.1/mentor/tennm_atoms_ncrypt.sv(40): (vlog-2263) Redefinition of macro: <protected>.
** Error (suppressible): /home/uwb_student00/ahls/new_BSP/qualification/ddr-library-import-01/imports/quartus-23.1/mentor/tennm_atoms_ncrypt.sv(40): (vlog-13488) Incorrect size constant for integer literal. 
** Error (suppressible): /home/uwb_student00/ahls/new_BSP/qualification/ddr-library-import-01/imports/quartus-23.1/mentor/tennm_atoms_ncrypt.sv(40): (vlog-13488) Incorrect size constant for integer literal. 
** Error (suppressible): /home/uwb_student00/ahls/new_BSP/qualification/ddr-library-import-01/imports/quartus-23.1/mentor/tennm_atoms_ncrypt.sv(40): (vlog-13488) Incorrect size constant for integer literal. 
** Error (suppressible): /home/uwb_student00/ahls/new_BSP/qualification/ddr-library-import-01/imports/quartus-23.1/mentor/tennm_atoms_ncrypt.sv(40): (vlog-13488) Incorrect size constant for integer literal. 
End time: 13:05:14 on Sep 18,2026, Elapsed time: 0:03:17
Errors: 4, Warnings: 61
