Info: Generated by version: 26.1.1 build 130
Info: Starting: Create simulation model
Info: qsys-generate /home/uwb_student00/ahls/new_BSP/work_ia840f_fim_06/syn/board/ia840f/syn_top/../../../../ofs-common/src/fpga_family/agilex/mem_ss/qip/axilite_ic/ip/emif_csr_ic/emif_csr_slv.ip --simulation=VERILOG --allow-mixed-language-simulation --simulator=MODELSIM --output-directory=/home/uwb_student00/ahls/new_BSP/work_ia840f_fim_06/ofs-common/src/fpga_family/agilex/mem_ss/qip/axilite_ic/ip/emif_csr_ic/emif_csr_slv --family="Agilex 7" --part=AGFB027R25A2E2V
Info: emif_csr_slv: "Transforming system: emif_csr_slv"
Info: emif_csr_slv: "Naming system components in system: emif_csr_slv"
Info: emif_csr_slv: "Processing generation queue"
Info: emif_csr_slv: "Generating: emif_csr_slv"
Info: emif_csr_slv: "Generating: axi4lite_shim"
Info: emif_csr_slv: Done "emif_csr_slv" with 2 modules, 2 files
Info: Generating the following file(s) for MODELSIM simulator in /home/uwb_student00/ahls/new_BSP/work_ia840f_fim_06/ofs-common/src/fpga_family/agilex/mem_ss/qip/axilite_ic/ip/emif_csr_ic/emif_csr_slv/sim/ directory:
Info: 	common/modelsim_files.tcl
Info: For information on how to simulate your IP, see the explanatory comments in the simulator-specific subdirectories under /home/uwb_student00/ahls/new_BSP/work_ia840f_fim_06/ofs-common/src/fpga_family/agilex/mem_ss/qip/axilite_ic/ip/emif_csr_ic/emif_csr_slv/sim/.
Info: Regenerate these scripts whenever you make any change to any Quartus-generated IP in your project.
Info: Finished: Create simulation model
Info: Starting: Create simulation script
Info: sim-script-gen --system-file=/home/uwb_student00/ahls/new_BSP/work_ia840f_fim_06/syn/board/ia840f/syn_top/../../../../ofs-common/src/fpga_family/agilex/mem_ss/qip/axilite_ic/ip/emif_csr_ic/emif_csr_slv.ip --simulator=MODELSIM --output-directory=/home/uwb_student00/ahls/new_BSP/work_ia840f_fim_06/ofs-common/src/fpga_family/agilex/mem_ss/qip/axilite_ic/ip/emif_csr_ic/emif_csr_slv/sim/ --use-relative-paths=true --modelsim-flow=traditional
Info: Generating the following file(s) for MODELSIM simulator in /home/uwb_student00/ahls/new_BSP/work_ia840f_fim_06/ofs-common/src/fpga_family/agilex/mem_ss/qip/axilite_ic/ip/emif_csr_ic/emif_csr_slv/sim/ directory:
Info: 	mentor/msim_setup.tcl
Info: 	mentor/run_msim_setup.tcl
Info: For information on how to simulate your IP, see the explanatory comments in the simulator-specific subdirectories under /home/uwb_student00/ahls/new_BSP/work_ia840f_fim_06/ofs-common/src/fpga_family/agilex/mem_ss/qip/axilite_ic/ip/emif_csr_ic/emif_csr_slv/sim/.
Info: Regenerate these scripts whenever you make any change to any Quartus-generated IP in your project.
Info: Finished: Create simulation script
Info: 
Info: Starting: Create HDL design files for synthesis
Info: qsys-generate /home/uwb_student00/ahls/new_BSP/work_ia840f_fim_06/syn/board/ia840f/syn_top/../../../../ofs-common/src/fpga_family/agilex/mem_ss/qip/axilite_ic/ip/emif_csr_ic/emif_csr_slv.ip --synthesis=VERILOG --output-directory=/home/uwb_student00/ahls/new_BSP/work_ia840f_fim_06/ofs-common/src/fpga_family/agilex/mem_ss/qip/axilite_ic/ip/emif_csr_ic/emif_csr_slv --family="Agilex 7" --part=AGFB027R25A2E2V
Info: emif_csr_slv: "Transforming system: emif_csr_slv"
Info: emif_csr_slv: "Naming system components in system: emif_csr_slv"
Info: emif_csr_slv: "Processing generation queue"
Info: emif_csr_slv: "Generating: emif_csr_slv"
Info: emif_csr_slv: "Generating: axi4lite_shim"
Info: emif_csr_slv: Done "emif_csr_slv" with 2 modules, 2 files
Info: Finished: Create HDL design files for synthesis
