{
  "pass": false,
  "ready_for_build": false,
  "hardware_qualified": false,
  "started": 1789761164.1711285,
  "change": "23.1 complete vendor-precompiled tennm_ver imported; current Questa; no other mapping changed",
  "reused_compile_commands": 144,
  "before_inputs_match": true,
  "precompiled_import": {
    "source": "/opt/intelFPGA_pro/23.1/questa_fe/intel/verilog/tennm",
    "copy": "/home/uwb_student00/ahls/new_BSP/qualification/ddr-library-import-01/imports/precompiled-23.1/tennm",
    "files": {
      "_info": {
        "bytes": 11354379,
        "sha256": "d80575dac8b0f8881469494fd6bacad0ebd01eb2a85efde865b803f88d5520a2"
      },
      "_lib.qdb": {
        "bytes": 5087232,
        "sha256": "2b7af066d6297dd94e4231b476f96b5183a6e99d1b219d243f26f6f62aad664d"
      },
      "_lib1_2.qdb": {
        "bytes": 2981888,
        "sha256": "c9f208c70148d20570ee5d396109db06ec277aba6f61993a04a477f6f800632e"
      },
      "_lib1_2.qpg": {
        "bytes": 199933952,
        "sha256": "15a6d6927fcd80089ef171c5e66343a6710733ecad81f53e3d1617f9bed2101a"
      },
      "_lib1_2.qtl": {
        "bytes": 50427950,
        "sha256": "d7569daee771f1974bda8e9d334c693bbd4a49c0bfeb2427735e8bd6233b01c5"
      },
      "_vmake": {
        "bytes": 29,
        "sha256": "d287f8a335408d3f94fea840ad628f2cbed3775952c49131049ef8f60fd337c9"
      },
      "_dpi/dpi.tfdb": {
        "bytes": 47212,
        "sha256": "b4f499c3e0875775dd43da83368aea29638b9283377d80b4da0910924e3d600f"
      }
    },
    "source_version": "23.1.0 Build115 patched0.02iofs,0.10,0.30",
    "wrapper_and_encrypted_source_hashes_match_quartus_donor": true
  },
  "error": "failed elaborate-run rc=12",
  "native_rc": 12,
  "source_libraries_unchanged": true,
  "after_input_mismatches": [],
  "donor_and_import_hashes_unchanged": true,
  "channel_completion_markers": 0,
  "pass_markers": 0,
  "precompiled_donor_and_import_unchanged": true,
  "finished": 1789761177.7779684
}
