Library vendor : Model Technology
Maximum unnamed designs : 3
MODULE tennm_iossm
    specified property for Cell OEM Marking: Intel
    Depends on: X sv_std std 9oUSJO;AeEaW`l:M@^WG92
    Compile time: Fri Mar 31 02:19:32 2023
    Debug Symbol file exists
    DU Coverage Signature: l^3DPLzSXe6_19IdhYWdJ2
    Verilog version: dPKJ9G>PC@cdKVJ7T;77I0
    Source directory: .
    Source file: $MODEL_TECH/../intel/verilog/src/tennm_atoms.sv
    Start location: $MODEL_TECH/../intel/verilog/src/tennm_atoms.sv:5770:560
    Version string: Dg1SIo80bB@j0V0VzS_@n1
    Opcode format: 2022.4; VLOG SE-64 Object version 75
    Optimized Verilog design root: 1
    VHDL language standard: 1
    Compiled in vopt flow
    Compile options: -sv -work /tmp/psgswbuild/nightly/23.1/115/l64/work/questa_fe/libs/intel/verilog/tennm -path {$MODEL_TECH/../intel/verilog/src/tennm_atoms.sv} -L mtiAvm -L mtiRnm -L mtiOvm -L mtiUvm -L mtiUPF -L infact
    Full compile options: -sv +define+EMIF_DISABLE_CAL_OPTIMIZATIONS -work /tmp/psgswbuild/nightly/23.1/115/l64/work/questa_fe/libs/intel/verilog/tennm -path {$MODEL_TECH/../intel/verilog/src/tennm_atoms.sv} -L mtiAvm -L mtiRnm -L mtiOvm -L mtiUvm -L mtiUPF -L infact
    Compile defaults: CvgOpt=0
