Reading pref.tcl

# 2024.3

# vsim -c -onfinish exit -L altera_mf_ver -L altera_lnsim_ver work.page_split_fault_tb -do "run -all; quit -f -code 2" 
# Start time: 14:18:14 on Sep 25,2026
# ** Note: (vsim-3812) Design is being optimized...
# //  Questa Intel FPGA Edition-64
# //  Version 2024.3 linux_x86_64 Sep 10 2024
# //
# // Unpublished work. Copyright 2024 Siemens
# //
# // This material contains trade secrets or otherwise confidential information
# // owned by Siemens Industry Software Inc. or its affiliates (collectively,
# // "SISW"), or its licensors. Access to and use of this information is strictly
# // limited as set forth in the Customer's applicable agreements with SISW.
# //
# // This material may not be copied, distributed, or otherwise disclosed outside
# // of the Customer's facilities without the express written permission of SISW,
# // and may not be used in any way not expressly authorized by SISW.
# //
# Loading sv_std.std
# Loading work.sys_pll_pkg(fast)
# Loading work.ofs_fim_cfg_pkg(fast)
# Loading work.ofs_pcie_ss_plat_cfg_pkg(fast)
# Loading work.ofs_pcie_ss_cfg_pkg(fast)
# Loading work.pf_vf_mux_pkg(fast)
# Loading work.top_cfg_pkg(fast)
# Loading work.ccip_if_pkg(fast)
# Loading work.ofs_plat_axi_mem_if_reg_sv_unit(fast)
# Loading altera_lnsim_ver.ace5_lite_bfm_types_pkg(fast)
# Loading altera_lnsim_ver.ace5_lite_operations_class_pkg(fast)
# Loading altera_lnsim_ver.altera_lnsim_sv_unit(fast)
# Loading work.ofs_plat_prim_fifo_dc_sv_unit(fast)
# Loading work.ofs_plat_axi_mem_if_async_shim_sv_unit(fast)
# Loading work.ofs_plat_axi_mem_if_connect_sv_unit(fast)
# Loading work.mem_ss_param_pkg(fast)
# Loading work.ofs_fim_mem_if_pkg(fast)
# Loading work.ofs_plat_local_mem_as_axi_mem_sv_unit(fast)
# Loading work.ia840f_ahls_memory_bank_completion_shim_sv_unit(fast)
# Loading work.ofs_plat_axi_mem_pkg(fast)
# Loading work.ofs_plat_log_pkg(fast)
# Loading work.ofs_plat_axi_mem_if_sv_unit(fast)
# Loading work.ofs_plat_local_mem_axi_mem_pkg(fast)
# Loading work.page_split_fault_tb_sv_unit(fast)
# Loading work.page_split_fault_tb(fast)
# Loading work.ofs_plat_axi_mem_if_map_bursts_sv_unit(fast)
# Loading work.ofs_plat_axi_mem_if_map_bursts(fast)
# Loading work.ofs_plat_prim_fifo_bram_sv_unit(fast)
# Loading work.ofs_plat_axi_mem_if_user_ext_sv_unit(fast)
# Loading work.ofs_plat_axi_mem_if_user_ext(fast)
# Loading work.ofs_plat_axi_mem_if_connect_sink_clk(fast__1)
# Loading work.ofs_plat_axi_mem_if_connect(fast)
# Loading work.ofs_plat_axi_mem_if_fixup_wlast_sv_unit(fast)
# Loading work.ofs_plat_axi_mem_if_map_bursts(fast__1)
# Loading work.ofs_plat_axi_mem_if_map_bursts_impl(fast)
# run -all
# PAGE_SPLIT_ERROR_PASS native_AW=2 native_W=4 native_B=2 upstream_B=1 observed_split_errors=1
# ** Note: $finish    : tests/page_split_fault_tb.sv(87)
#    Time: 3640 ns  Iteration: 1  Instance: /page_split_fault_tb
# End time: 14:18:15 on Sep 25,2026, Elapsed time: 0:00:01
# Errors: 0, Warnings: 0
