
Dynamic section at offset 0x11db0 contains 29 entries:
  Tag        Type                         Name/Value
 0x0000000000000001 (NEEDED)             Shared library: [libjson-c.so.5]
 0x0000000000000001 (NEEDED)             Shared library: [libubsan.so.1]
 0x0000000000000001 (NEEDED)             Shared library: [libc.so.6]
 0x000000000000001d (RUNPATH)            Library runpath: [/home/joe/Projects/Thesis/AHLS/new_bsp/new/qualification/ahls-opae-runtime01/json-prefix/usr/lib/x86_64-linux-gnu]
 0x000000000000000c (INIT)               0x7000
 0x000000000000000d (FINI)               0xeb48
 0x0000000000000019 (INIT_ARRAY)         0x12d90
 0x000000000000001b (INIT_ARRAYSZ)       8 (bytes)
 0x000000000000001a (FINI_ARRAY)         0x12d98
 0x000000000000001c (FINI_ARRAYSZ)       8 (bytes)
 0x000000006ffffef5 (GNU_HASH)           0x3b0
 0x0000000000000005 (STRTAB)             0x8a0
 0x0000000000000006 (SYMTAB)             0x3d8
 0x000000000000000a (STRSZ)              1023 (bytes)
 0x000000000000000b (SYMENT)             24 (bytes)
 0x0000000000000015 (DEBUG)              0x0
 0x0000000000000003 (PLTGOT)             0x12fe8
 0x0000000000000002 (PLTRELSZ)           1056 (bytes)
 0x0000000000000014 (PLTREL)             RELA
 0x0000000000000017 (JMPREL)             0x5d58
 0x0000000000000007 (RELA)               0xd78
 0x0000000000000008 (RELASZ)             20448 (bytes)
 0x0000000000000009 (RELAENT)            24 (bytes)
 0x000000006ffffffb (FLAGS_1)            Flags: PIE
 0x000000006ffffffe (VERNEED)            0xd08
 0x000000006fffffff (VERNEEDNUM)         2
 0x000000006ffffff0 (VERSYM)             0xca0
 0x000000006ffffff9 (RELACOUNT)          846
 0x0000000000000000 (NULL)               0x0

Symbol table '.dynsym' contains 51 entries:
   Num:    Value          Size Type    Bind   Vis      Ndx Name
     0: 0000000000000000     0 NOTYPE  LOCAL  DEFAULT  UND 
     1: 0000000000000000     0 FUNC    GLOBAL DEFAULT  UND ftell@GLIBC_2.2.5 (2)
     2: 0000000000000000     0 FUNC    GLOBAL DEFAULT  UND __errno_location@GLIBC_2.2.5 (2)
     3: 0000000000000000     0 FUNC    GLOBAL DEFAULT  UND printf@GLIBC_2.2.5 (2)
     4: 0000000000000000     0 FUNC    GLOBAL DEFAULT  UND __ubsan_handle_type_mismatch_v1_abort
     5: 0000000000000000     0 FUNC    GLOBAL DEFAULT  UND strerror@GLIBC_2.2.5 (2)
     6: 0000000000000000     0 FUNC    GLOBAL DEFAULT  UND strchr@GLIBC_2.2.5 (2)
     7: 0000000000000000     0 FUNC    GLOBAL DEFAULT  UND __ubsan_handle_nonnull_arg_abort
     8: 0000000000000000     0 FUNC    GLOBAL DEFAULT  UND strlen@GLIBC_2.2.5 (2)
     9: 0000000000000000     0 FUNC    GLOBAL DEFAULT  UND strncmp@GLIBC_2.2.5 (2)
    10: 0000000000000000     0 FUNC    GLOBAL DEFAULT  UND __isoc23_fscanf@GLIBC_2.38 (3)
    11: 0000000000000000     0 FUNC    GLOBAL DEFAULT  UND __ubsan_handle_sub_overflow_abort
    12: 0000000000000000     0 FUNC    GLOBAL DEFAULT  UND __assert_fail@GLIBC_2.2.5 (2)
    13: 0000000000000000     0 FUNC    GLOBAL DEFAULT  UND calloc@GLIBC_2.2.5 (2)
    14: 0000000000000000     0 FUNC    GLOBAL DEFAULT  UND __libc_start_main@GLIBC_2.34 (4)
    15: 0000000000000000     0 FUNC    GLOBAL DEFAULT  UND pthread_mutex_unlock@GLIBC_2.2.5 (2)
    16: 0000000000000000     0 FUNC    GLOBAL DEFAULT  UND json_object_object_get_ex@JSONC_0.14 (5)
    17: 0000000000000000     0 FUNC    GLOBAL DEFAULT  UND json_tokener_error_desc@JSONC_0.14 (5)
    18: 0000000000000000     0 FUNC    GLOBAL DEFAULT  UND fclose@GLIBC_2.2.5 (2)
    19: 0000000000000000     0 FUNC    GLOBAL DEFAULT  UND strrchr@GLIBC_2.2.5 (2)
    20: 0000000000000000     0 FUNC    GLOBAL DEFAULT  UND fseek@GLIBC_2.2.5 (2)
    21: 0000000000000000     0 FUNC    GLOBAL DEFAULT  UND fopen@GLIBC_2.2.5 (2)
    22: 0000000000000000     0 FUNC    GLOBAL DEFAULT  UND free@GLIBC_2.2.5 (2)
    23: 0000000000000000     0 FUNC    GLOBAL DEFAULT  UND getenv@GLIBC_2.2.5 (2)
    24: 0000000000000000     0 FUNC    GLOBAL DEFAULT  UND __isoc23_strtoul@GLIBC_2.38 (3)
    25: 0000000000000000     0 FUNC    GLOBAL DEFAULT  UND malloc@GLIBC_2.2.5 (2)
    26: 0000000000000000     0 FUNC    GLOBAL DEFAULT  UND vfprintf@GLIBC_2.2.5 (2)
    27: 0000000000000000     0 FUNC    GLOBAL DEFAULT  UND json_tokener_parse_verbose@JSONC_0.14 (5)
    28: 0000000000000000     0 FUNC    GLOBAL DEFAULT  UND unsetenv@GLIBC_2.2.5 (2)
    29: 0000000000000000     0 FUNC    GLOBAL DEFAULT  UND strcmp@GLIBC_2.2.5 (2)
    30: 0000000000000000     0 FUNC    GLOBAL DEFAULT  UND json_object_array_length@JSONC_0.14 (5)
    31: 0000000000000000     0 FUNC    GLOBAL DEFAULT  UND json_object_get_string@JSONC_0.14 (5)
    32: 0000000000000000     0 FUNC    GLOBAL DEFAULT  UND pthread_mutex_lock@GLIBC_2.2.5 (2)
    33: 0000000000000000     0 FUNC    GLOBAL DEFAULT  UND fread@GLIBC_2.2.5 (2)
    34: 0000000000000000     0 FUNC    GLOBAL DEFAULT  UND setenv@GLIBC_2.2.5 (2)
    35: 0000000000000000     0 FUNC    GLOBAL DEFAULT  UND json_object_put@JSONC_0.14 (5)
    36: 0000000000000000     0 FUNC    GLOBAL DEFAULT  UND snprintf@GLIBC_2.2.5 (2)
    37: 0000000000000000     0 FUNC    GLOBAL DEFAULT  UND json_object_array_get_idx@JSONC_0.14 (5)
    38: 0000000000000000     0 FUNC    GLOBAL DEFAULT  UND __ubsan_handle_out_of_bounds_abort
    39: 0000000000000000     0 FUNC    GLOBAL DEFAULT  UND json_object_get_boolean@JSONC_0.14 (5)
    40: 0000000000000000     0 NOTYPE  WEAK   DEFAULT  UND _ITM_deregisterTMCloneTable
    41: 0000000000000000     0 FUNC    GLOBAL DEFAULT  UND strdup@GLIBC_2.2.5 (2)
    42: 0000000000000000     0 FUNC    GLOBAL DEFAULT  UND json_object_to_json_string_ext@JSONC_0.14 (5)
    43: 0000000000000000     0 FUNC    GLOBAL DEFAULT  UND __ubsan_handle_add_overflow_abort
    44: 0000000000000000     0 NOTYPE  WEAK   DEFAULT  UND __gmon_start__
    45: 0000000000000000     0 NOTYPE  WEAK   DEFAULT  UND _ITM_registerTMCloneTable
    46: 0000000000000000     0 FUNC    GLOBAL DEFAULT  UND fmemopen@GLIBC_2.22 (6)
    47: 0000000000000000     0 FUNC    GLOBAL DEFAULT  UND json_object_is_type@JSONC_0.14 (5)
    48: 0000000000000000     0 FUNC    GLOBAL DEFAULT  UND __ubsan_handle_pointer_overflow_abort
    49: 0000000000000000     0 FUNC    WEAK   DEFAULT  UND __cxa_finalize@GLIBC_2.2.5 (2)
    50: 0000000000017000     8 OBJECT  GLOBAL DEFAULT   27 stderr@GLIBC_2.2.5 (2)

Symbol table '.symtab' contains 170 entries:
   Num:    Value          Size Type    Bind   Vis      Ndx Name
     0: 0000000000000000     0 NOTYPE  LOCAL  DEFAULT  UND 
     1: 0000000000000000     0 FILE    LOCAL  DEFAULT  ABS Scrt1.o
     2: 0000000000011200    32 OBJECT  LOCAL  DEFAULT   19 __abi_tag
     3: 0000000000000000     0 FILE    LOCAL  DEFAULT  ABS strict_probe.c
     4: 0000000000007b70    43 FUNC    LOCAL  DEFAULT   14 inert_finalize
     5: 0000000000017148     4 OBJECT  LOCAL  DEFAULT   27 finis
     6: 0000000000007ba0   276 FUNC    LOCAL  DEFAULT   14 opae_plugin_mgr_find_plugin
     7: 0000000000007cc0  1119 FUNC    LOCAL  DEFAULT   14 opae_plugin_mgr_detect_platform
     8: 0000000000017198     8 OBJECT  LOCAL  DEFAULT   27 platform_data_table
     9: 0000000000008120   447 FUNC    LOCAL  DEFAULT   14 opae_plugin_mgr_register_adapter
    10: 0000000000017188     8 OBJECT  LOCAL  DEFAULT   27 adapter_list
    11: 0000000000007300    48 FUNC    LOCAL  DEFAULT   14 opae_plugin_mgr_register_adapter.cold
    12: 00000000000082e0   107 FUNC    LOCAL  DEFAULT   14 inert_initialize
    13: 000000000001714c     4 OBJECT  LOCAL  DEFAULT   27 inits
    14: 0000000000017178     8 OBJECT  LOCAL  DEFAULT   27 mode
    15: 0000000000007330    12 FUNC    LOCAL  DEFAULT   14 inert_initialize.cold
    16: 0000000000008350   221 FUNC    LOCAL  DEFAULT   14 inert_configure
    17: 0000000000017150     4 OBJECT  LOCAL  DEFAULT   27 configs
    18: 000000000000733c    43 FUNC    LOCAL  DEFAULT   14 inert_configure.cold
    19: 0000000000010590    16 OBJECT  LOCAL  DEFAULT   16 __PRETTY_FUNCTION__.2
    20: 0000000000007367    32 FUNC    LOCAL  DEFAULT   14 opae_closedir.part.0
    21: 00000000000105d0    14 OBJECT  LOCAL  DEFAULT   16 __PRETTY_FUNCTION__.6
    22: 0000000000007387    24 FUNC    LOCAL  DEFAULT   14 opae_print.cold
    23: 00000000000084e0   460 FUNC    LOCAL  DEFAULT   14 opae_plugin_mgr_configure_plugin
    24: 0000000000010660    33 OBJECT  LOCAL  DEFAULT   16 __func__.15
    25: 00000000000086b0   521 FUNC    LOCAL  DEFAULT   14 opae_plugin_mgr_initialize_all
    26: 0000000000010640    31 OBJECT  LOCAL  DEFAULT   16 __func__.14
    27: 0000000000015320    40 OBJECT  LOCAL  DEFAULT   26 adapter_list_lock
    28: 00000000000088c0   481 FUNC    LOCAL  DEFAULT   14 opae_plugin_mgr_free_adapter
    29: 0000000000010710    29 OBJECT  LOCAL  DEFAULT   16 __func__.20
    30: 000000000000739f    12 FUNC    LOCAL  DEFAULT   14 opae_plugin_mgr_free_adapter.cold
    31: 0000000000017190     4 OBJECT  LOCAL  DEFAULT   27 finalizing
    32: 0000000000017164     4 OBJECT  LOCAL  DEFAULT   27 discovers
    33: 0000000000017168     4 OBJECT  LOCAL  DEFAULT   27 reads
    34: 0000000000017170     8 OBJECT  LOCAL  DEFAULT   27 json_text
    35: 00000000000073ab    55 FUNC    LOCAL  DEFAULT   14 inert_read_cfg_file.cold
    36: 0000000000010600    20 OBJECT  LOCAL  DEFAULT   16 __PRETTY_FUNCTION__.10
    37: 0000000000017144     4 OBJECT  LOCAL  DEFAULT   27 calloc_calls
    38: 00000000000073e2    12 FUNC    LOCAL  DEFAULT   14 opae_calloc.cold
    39: 0000000000008be0  1270 FUNC    LOCAL  DEFAULT   14 opae_plugin_mgr_alloc_adapter
    40: 0000000000017140     4 OBJECT  LOCAL  DEFAULT   27 strdup_calls
    41: 0000000000010690    30 OBJECT  LOCAL  DEFAULT   16 __func__.16
    42: 00000000000073ee    12 FUNC    LOCAL  DEFAULT   14 opae_plugin_mgr_alloc_adapter.cold
    43: 00000000000090e0  2160 FUNC    LOCAL  DEFAULT   14 opae_plugin_mgr_load_plugins.part.0
    44: 00000000000106f0    29 OBJECT  LOCAL  DEFAULT   16 __func__.18
    45: 00000000000073fa    12 FUNC    LOCAL  DEFAULT   14 opae_strdup.cold
    46: 0000000000017160     4 OBJECT  LOCAL  DEFAULT   27 scans
    47: 000000000001713c     4 OBJECT  LOCAL  DEFAULT   27 entries
    48: 0000000000017138     1 OBJECT  LOCAL  DEFAULT   27 fake_dir
    49: 0000000000007406    55 FUNC    LOCAL  DEFAULT   14 opae_opendir.cold
    50: 00000000000105f0    13 OBJECT  LOCAL  DEFAULT   16 __PRETTY_FUNCTION__.9
    51: 0000000000017020   280 OBJECT  LOCAL  DEFAULT   27 ent.7
    52: 000000000000743d    43 FUNC    LOCAL  DEFAULT   14 __wrap_readdir.cold
    53: 00000000000105e0    15 OBJECT  LOCAL  DEFAULT   16 __PRETTY_FUNCTION__.8
    54: 000000000001715c     4 OBJECT  LOCAL  DEFAULT   27 file_reads
    55: 0000000000007468   129 FUNC    LOCAL  DEFAULT   14 opae_fopen.cold
    56: 00000000000105c0    11 OBJECT  LOCAL  DEFAULT   16 __PRETTY_FUNCTION__.5
    57: 0000000000009c20  5056 FUNC    LOCAL  DEFAULT   14 opae_plugin_mgr_detect_platforms
    58: 00000000000106c0    33 OBJECT  LOCAL  DEFAULT   16 __func__.17
    59: 00000000000074e9     5 FUNC    LOCAL  DEFAULT   14 opae_plugin_mgr_detect_platforms.cold
    60: 0000000000017180     4 OBJECT  LOCAL  DEFAULT   27 ia840f_strict_attempted
    61: 0000000000010620    30 OBJECT  LOCAL  DEFAULT   16 __func__.11
    62: 0000000000017158     4 OBJECT  LOCAL  DEFAULT   27 loads
    63: 00000000000074ee    55 FUNC    LOCAL  DEFAULT   14 __wrap_dlopen.cold
    64: 00000000000105b0    14 OBJECT  LOCAL  DEFAULT   16 __PRETTY_FUNCTION__.4
    65: 0000000000007525    55 FUNC    LOCAL  DEFAULT   14 __wrap_dlsym.cold
    66: 00000000000105a0    13 OBJECT  LOCAL  DEFAULT   16 __PRETTY_FUNCTION__.3
    67: 0000000000017154     4 OBJECT  LOCAL  DEFAULT   27 unloads
    68: 000000000000755c    31 FUNC    LOCAL  DEFAULT   14 __wrap_dlclose.cold
    69: 0000000000010580    15 OBJECT  LOCAL  DEFAULT   16 __PRETTY_FUNCTION__.1
    70: 000000000000757b   303 FUNC    LOCAL  DEFAULT   14 main.cold
    71: 0000000000010578     5 OBJECT  LOCAL  DEFAULT   16 __PRETTY_FUNCTION__.0
    72: 0000000000000000     0 FILE    LOCAL  DEFAULT  ABS opae-cfg.c
    73: 0000000000010780    20 OBJECT  LOCAL  DEFAULT   16 __func__.1
    74: 00000000000107a0    24 OBJECT  LOCAL  DEFAULT   16 __func__.2
    75: 0000000000010768    15 OBJECT  LOCAL  DEFAULT   16 __func__.0
    76: 00000000000076aa    24 FUNC    LOCAL  DEFAULT   14 opae_parse_libopae_json.cold
    77: 0000000000000000     0 FILE    LOCAL  DEFAULT  ABS crtstuff.c
    78: 0000000000007ab0     0 FUNC    LOCAL  DEFAULT   14 deregister_tm_clones
    79: 0000000000007ae0     0 FUNC    LOCAL  DEFAULT   14 register_tm_clones
    80: 0000000000007b20     0 FUNC    LOCAL  DEFAULT   14 __do_global_dtors_aux
    81: 0000000000017008     1 OBJECT  LOCAL  DEFAULT   27 completed.0
    82: 0000000000012d98     0 OBJECT  LOCAL  DEFAULT   21 __do_global_dtors_aux_fini_array_entry
    83: 0000000000007b60     0 FUNC    LOCAL  DEFAULT   14 frame_dummy
    84: 0000000000012d90     0 OBJECT  LOCAL  DEFAULT   20 __frame_dummy_init_array_entry
    85: 0000000000000000     0 FILE    LOCAL  DEFAULT  ABS cfg-file.c
    86: 0000000000010750    21 OBJECT  LOCAL  DEFAULT   16 __func__.0
    87: 0000000000015ae0  1696 OBJECT  LOCAL  DEFAULT   26 default_libopae_config_table
    88: 0000000000000000     0 FILE    LOCAL  DEFAULT  ABS crtstuff.c
    89: 00000000000111fc     0 OBJECT  LOCAL  DEFAULT   18 __FRAME_END__
    90: 0000000000000000     0 FILE    LOCAL  DEFAULT  ABS 
    91: 00000000000107b8     0 NOTYPE  LOCAL  DEFAULT   17 __GNU_EH_FRAME_HDR
    92: 0000000000012db0     0 OBJECT  LOCAL  DEFAULT   23 _DYNAMIC
    93: 0000000000012fe8     0 OBJECT  LOCAL  DEFAULT   25 _GLOBAL_OFFSET_TABLE_
    94: 0000000000000000     0 FUNC    GLOBAL DEFAULT  UND ftell@GLIBC_2.2.5
    95: 0000000000000000     0 FUNC    GLOBAL DEFAULT  UND __errno_location@GLIBC_2.2.5
    96: 0000000000000000     0 FUNC    GLOBAL DEFAULT  UND printf@GLIBC_2.2.5
    97: 0000000000000000     0 FUNC    GLOBAL DEFAULT  UND __ubsan_handle_type_mismatch_v1_abort
    98: 000000000000b6a0   192 FUNC    GLOBAL DEFAULT   14 __wrap_dlopen
    99: 0000000000016fe8     0 NOTYPE  GLOBAL DEFAULT   26 _edata
   100: 000000000000c6a0  9383 FUNC    GLOBAL DEFAULT   14 opae_parse_libopae_json
   101: 0000000000000000     0 FUNC    GLOBAL DEFAULT  UND strerror@GLIBC_2.2.5
   102: 0000000000000000     0 FUNC    GLOBAL DEFAULT  UND strchr@GLIBC_2.2.5
   103: 0000000000000000     0 FUNC    GLOBAL DEFAULT  UND __ubsan_handle_nonnull_arg_abort
   104: 0000000000000000     0 FUNC    WEAK   DEFAULT  UND __cxa_finalize@GLIBC_2.2.5
   105: 0000000000000000     0 FUNC    GLOBAL DEFAULT  UND strlen@GLIBC_2.2.5
   106: 0000000000000000     0 FUNC    GLOBAL DEFAULT  UND strncmp@GLIBC_2.2.5
   107: 0000000000000000     0 FUNC    GLOBAL DEFAULT  UND __isoc23_fscanf@GLIBC_2.38
   108: 00000000000076d0   944 FUNC    GLOBAL DEFAULT   14 main
   109: 0000000000000000     0 FUNC    GLOBAL DEFAULT  UND __ubsan_handle_sub_overflow_abort
   110: 000000000000c550   332 FUNC    GLOBAL DEFAULT   14 opae_free_libopae_config
   111: 000000000000b820     8 FUNC    GLOBAL DEFAULT   14 __wrap_dlerror
   112: 0000000000017194     4 OBJECT  GLOBAL DEFAULT   27 initialized
   113: 0000000000013160     0 OBJECT  GLOBAL HIDDEN    26 __dso_handle
   114: 0000000000000000     0 FUNC    GLOBAL DEFAULT  UND __assert_fail@GLIBC_2.2.5
   115: 0000000000000000     0 FUNC    GLOBAL DEFAULT  UND calloc@GLIBC_2.2.5
   116: 000000000000b830  3351 FUNC    GLOBAL DEFAULT   14 opae_parse_device_id
   117: 000000000000eb48     0 FUNC    GLOBAL HIDDEN    15 _fini
   118: 0000000000000000     0 FUNC    GLOBAL DEFAULT  UND __libc_start_main@GLIBC_2.34
   119: 0000000000000000     0 FUNC    GLOBAL DEFAULT  UND pthread_mutex_unlock@GLIBC_2.2.5
   120: 0000000000000000     0 FUNC    GLOBAL DEFAULT  UND json_object_object_get_ex@JSONC_0.14
   121: 0000000000000000     0 FUNC    GLOBAL DEFAULT  UND json_tokener_error_desc@JSONC_0.14
   122: 0000000000008430   168 FUNC    GLOBAL DEFAULT   14 opae_print
   123: 0000000000007a80    34 FUNC    GLOBAL DEFAULT   14 _start
   124: 0000000000000000     0 FUNC    GLOBAL DEFAULT  UND fclose@GLIBC_2.2.5
   125: 0000000000009990     5 FUNC    GLOBAL DEFAULT   14 opae_free
   126: 0000000000000000     0 FUNC    GLOBAL DEFAULT  UND strrchr@GLIBC_2.2.5
   127: 0000000000000000     0 FUNC    GLOBAL DEFAULT  UND fseek@GLIBC_2.2.5
   128: 0000000000007000     0 FUNC    GLOBAL HIDDEN    11 _init
   129: 0000000000016fe8     0 OBJECT  GLOBAL HIDDEN    26 __TMC_END__
   130: 0000000000000000     0 FUNC    GLOBAL DEFAULT  UND fopen@GLIBC_2.2.5
   131: 0000000000000000     0 FUNC    GLOBAL DEFAULT  UND free@GLIBC_2.2.5
   132: 0000000000000000     0 FUNC    GLOBAL DEFAULT  UND getenv@GLIBC_2.2.5
   133: 0000000000000000     0 FUNC    GLOBAL DEFAULT  UND __isoc23_strtoul@GLIBC_2.38
   134: 0000000000000000     0 FUNC    GLOBAL DEFAULT  UND malloc@GLIBC_2.2.5
   135: 0000000000000000     0 FUNC    GLOBAL DEFAULT  UND vfprintf@GLIBC_2.2.5
   136: 0000000000000000     0 FUNC    GLOBAL DEFAULT  UND json_tokener_parse_verbose@JSONC_0.14
   137: 0000000000017000     8 OBJECT  GLOBAL DEFAULT   27 stderr@GLIBC_2.2.5
   138: 0000000000009ad0   326 FUNC    GLOBAL DEFAULT   14 opae_fopen
   139: 0000000000000000     0 FUNC    GLOBAL DEFAULT  UND unsetenv@GLIBC_2.2.5
   140: 00000000000171a0     0 NOTYPE  GLOBAL DEFAULT   27 _end
   141: 0000000000000000     0 FUNC    GLOBAL DEFAULT  UND strcmp@GLIBC_2.2.5
   142: 0000000000000000     0 FUNC    GLOBAL DEFAULT  UND json_object_array_length@JSONC_0.14
   143: 0000000000000000     0 FUNC    GLOBAL DEFAULT  UND json_object_get_string@JSONC_0.14
   144: 0000000000000000     0 FUNC    GLOBAL DEFAULT  UND pthread_mutex_lock@GLIBC_2.2.5
   145: 0000000000000000     0 FUNC    GLOBAL DEFAULT  UND fread@GLIBC_2.2.5
   146: 0000000000000000     0 FUNC    GLOBAL DEFAULT  UND setenv@GLIBC_2.2.5
   147: 00000000000099a0   133 FUNC    GLOBAL DEFAULT   14 opae_opendir
   148: 0000000000017000     0 NOTYPE  GLOBAL DEFAULT   27 __bss_start
   149: 000000000000afe0  1715 FUNC    GLOBAL DEFAULT   14 ia840f_opae_initialize_strict
   150: 0000000000000000     0 FUNC    GLOBAL DEFAULT  UND json_object_put@JSONC_0.14
   151: 000000000000b7d0    66 FUNC    GLOBAL DEFAULT   14 __wrap_dlclose
   152: 0000000000000000     0 FUNC    GLOBAL DEFAULT  UND snprintf@GLIBC_2.2.5
   153: 0000000000009950    61 FUNC    GLOBAL DEFAULT   14 opae_strdup
   154: 0000000000000000     0 FUNC    GLOBAL DEFAULT  UND json_object_array_get_idx@JSONC_0.14
   155: 0000000000008b30   161 FUNC    GLOBAL DEFAULT   14 opae_calloc
   156: 0000000000009a30   155 FUNC    GLOBAL DEFAULT   14 __wrap_readdir
   157: 0000000000000000     0 FUNC    GLOBAL DEFAULT  UND __ubsan_handle_out_of_bounds_abort
   158: 0000000000000000     0 FUNC    GLOBAL DEFAULT  UND json_object_get_boolean@JSONC_0.14
   159: 0000000000000000     0 NOTYPE  WEAK   DEFAULT  UND _ITM_deregisterTMCloneTable
   160: 0000000000000000     0 FUNC    GLOBAL DEFAULT  UND strdup@GLIBC_2.2.5
   161: 0000000000000000     0 FUNC    GLOBAL DEFAULT  UND json_object_to_json_string_ext@JSONC_0.14
   162: 0000000000000000     0 FUNC    GLOBAL DEFAULT  UND __ubsan_handle_add_overflow_abort
   163: 0000000000000000     0 NOTYPE  WEAK   DEFAULT  UND __gmon_start__
   164: 0000000000008ab0   123 FUNC    GLOBAL DEFAULT   14 inert_read_cfg_file
   165: 0000000000000000     0 NOTYPE  WEAK   DEFAULT  UND _ITM_registerTMCloneTable
   166: 000000000000b760   103 FUNC    GLOBAL DEFAULT   14 __wrap_dlsym
   167: 0000000000000000     0 FUNC    GLOBAL DEFAULT  UND fmemopen@GLIBC_2.22
   168: 0000000000000000     0 FUNC    GLOBAL DEFAULT  UND json_object_is_type@JSONC_0.14
   169: 0000000000000000     0 FUNC    GLOBAL DEFAULT  UND __ubsan_handle_pointer_overflow_abort
