
Dynamic section at offset 0x11db0 contains 29 entries:
  Tag        Type                         Name/Value
 0x0000000000000001 (NEEDED)             Shared library: [libjson-c.so.5]
 0x0000000000000001 (NEEDED)             Shared library: [libubsan.so.1]
 0x0000000000000001 (NEEDED)             Shared library: [libc.so.6]
 0x000000000000001d (RUNPATH)            Library runpath: [/home/joe/Projects/Thesis/AHLS/new_bsp/new/qualification/ahls-opae-runtime01/json-prefix/usr/lib/x86_64-linux-gnu]
 0x000000000000000c (INIT)               0x7000
 0x000000000000000d (FINI)               0xeb08
 0x0000000000000019 (INIT_ARRAY)         0x12d90
 0x000000000000001b (INIT_ARRAYSZ)       8 (bytes)
 0x000000000000001a (FINI_ARRAY)         0x12d98
 0x000000000000001c (FINI_ARRAYSZ)       8 (bytes)
 0x000000006ffffef5 (GNU_HASH)           0x3b0
 0x0000000000000005 (STRTAB)             0x8a0
 0x0000000000000006 (SYMTAB)             0x3d8
 0x000000000000000a (STRSZ)              1023 (bytes)
 0x000000000000000b (SYMENT)             24 (bytes)
 0x0000000000000015 (DEBUG)              0x0
 0x0000000000000003 (PLTGOT)             0x12fe8
 0x0000000000000002 (PLTRELSZ)           1056 (bytes)
 0x0000000000000014 (PLTREL)             RELA
 0x0000000000000017 (JMPREL)             0x5d40
 0x0000000000000007 (RELA)               0xd78
 0x0000000000000008 (RELASZ)             20424 (bytes)
 0x0000000000000009 (RELAENT)            24 (bytes)
 0x000000006ffffffb (FLAGS_1)            Flags: PIE
 0x000000006ffffffe (VERNEED)            0xd08
 0x000000006fffffff (VERNEEDNUM)         2
 0x000000006ffffff0 (VERSYM)             0xca0
 0x000000006ffffff9 (RELACOUNT)          845
 0x0000000000000000 (NULL)               0x0

Symbol table '.dynsym' contains 51 entries:
   Num:    Value          Size Type    Bind   Vis      Ndx Name
     0: 0000000000000000     0 NOTYPE  LOCAL  DEFAULT  UND 
     1: 0000000000000000     0 FUNC    GLOBAL DEFAULT  UND ftell@GLIBC_2.2.5 (2)
     2: 0000000000000000     0 FUNC    GLOBAL DEFAULT  UND __errno_location@GLIBC_2.2.5 (2)
     3: 0000000000000000     0 FUNC    GLOBAL DEFAULT  UND printf@GLIBC_2.2.5 (2)
     4: 0000000000000000     0 FUNC    GLOBAL DEFAULT  UND __ubsan_handle_type_mismatch_v1_abort
     5: 0000000000000000     0 FUNC    GLOBAL DEFAULT  UND strerror@GLIBC_2.2.5 (2)
     6: 0000000000000000     0 FUNC    GLOBAL DEFAULT  UND strchr@GLIBC_2.2.5 (2)
     7: 0000000000000000     0 FUNC    GLOBAL DEFAULT  UND __ubsan_handle_nonnull_arg_abort
     8: 0000000000000000     0 FUNC    GLOBAL DEFAULT  UND strlen@GLIBC_2.2.5 (2)
     9: 0000000000000000     0 FUNC    GLOBAL DEFAULT  UND strncmp@GLIBC_2.2.5 (2)
    10: 0000000000000000     0 FUNC    GLOBAL DEFAULT  UND __isoc23_fscanf@GLIBC_2.38 (3)
    11: 0000000000000000     0 FUNC    GLOBAL DEFAULT  UND __ubsan_handle_sub_overflow_abort
    12: 0000000000000000     0 FUNC    GLOBAL DEFAULT  UND __assert_fail@GLIBC_2.2.5 (2)
    13: 0000000000000000     0 FUNC    GLOBAL DEFAULT  UND calloc@GLIBC_2.2.5 (2)
    14: 0000000000000000     0 FUNC    GLOBAL DEFAULT  UND __libc_start_main@GLIBC_2.34 (4)
    15: 0000000000000000     0 FUNC    GLOBAL DEFAULT  UND pthread_mutex_unlock@GLIBC_2.2.5 (2)
    16: 0000000000000000     0 FUNC    GLOBAL DEFAULT  UND json_object_object_get_ex@JSONC_0.14 (5)
    17: 0000000000000000     0 FUNC    GLOBAL DEFAULT  UND json_tokener_error_desc@JSONC_0.14 (5)
    18: 0000000000000000     0 FUNC    GLOBAL DEFAULT  UND fclose@GLIBC_2.2.5 (2)
    19: 0000000000000000     0 FUNC    GLOBAL DEFAULT  UND strrchr@GLIBC_2.2.5 (2)
    20: 0000000000000000     0 FUNC    GLOBAL DEFAULT  UND fseek@GLIBC_2.2.5 (2)
    21: 0000000000000000     0 FUNC    GLOBAL DEFAULT  UND fopen@GLIBC_2.2.5 (2)
    22: 0000000000000000     0 FUNC    GLOBAL DEFAULT  UND free@GLIBC_2.2.5 (2)
    23: 0000000000000000     0 FUNC    GLOBAL DEFAULT  UND getenv@GLIBC_2.2.5 (2)
    24: 0000000000000000     0 FUNC    GLOBAL DEFAULT  UND __isoc23_strtoul@GLIBC_2.38 (3)
    25: 0000000000000000     0 FUNC    GLOBAL DEFAULT  UND malloc@GLIBC_2.2.5 (2)
    26: 0000000000000000     0 FUNC    GLOBAL DEFAULT  UND vfprintf@GLIBC_2.2.5 (2)
    27: 0000000000000000     0 FUNC    GLOBAL DEFAULT  UND json_tokener_parse_verbose@JSONC_0.14 (5)
    28: 0000000000000000     0 FUNC    GLOBAL DEFAULT  UND unsetenv@GLIBC_2.2.5 (2)
    29: 0000000000000000     0 FUNC    GLOBAL DEFAULT  UND strcmp@GLIBC_2.2.5 (2)
    30: 0000000000000000     0 FUNC    GLOBAL DEFAULT  UND json_object_array_length@JSONC_0.14 (5)
    31: 0000000000000000     0 FUNC    GLOBAL DEFAULT  UND json_object_get_string@JSONC_0.14 (5)
    32: 0000000000000000     0 FUNC    GLOBAL DEFAULT  UND pthread_mutex_lock@GLIBC_2.2.5 (2)
    33: 0000000000000000     0 FUNC    GLOBAL DEFAULT  UND fread@GLIBC_2.2.5 (2)
    34: 0000000000000000     0 FUNC    GLOBAL DEFAULT  UND setenv@GLIBC_2.2.5 (2)
    35: 0000000000000000     0 FUNC    GLOBAL DEFAULT  UND json_object_put@JSONC_0.14 (5)
    36: 0000000000000000     0 FUNC    GLOBAL DEFAULT  UND snprintf@GLIBC_2.2.5 (2)
    37: 0000000000000000     0 FUNC    GLOBAL DEFAULT  UND json_object_array_get_idx@JSONC_0.14 (5)
    38: 0000000000000000     0 FUNC    GLOBAL DEFAULT  UND __ubsan_handle_out_of_bounds_abort
    39: 0000000000000000     0 FUNC    GLOBAL DEFAULT  UND json_object_get_boolean@JSONC_0.14 (5)
    40: 0000000000000000     0 NOTYPE  WEAK   DEFAULT  UND _ITM_deregisterTMCloneTable
    41: 0000000000000000     0 FUNC    GLOBAL DEFAULT  UND strdup@GLIBC_2.2.5 (2)
    42: 0000000000000000     0 FUNC    GLOBAL DEFAULT  UND json_object_to_json_string_ext@JSONC_0.14 (5)
    43: 0000000000000000     0 FUNC    GLOBAL DEFAULT  UND __ubsan_handle_add_overflow_abort
    44: 0000000000000000     0 NOTYPE  WEAK   DEFAULT  UND __gmon_start__
    45: 0000000000000000     0 NOTYPE  WEAK   DEFAULT  UND _ITM_registerTMCloneTable
    46: 0000000000000000     0 FUNC    GLOBAL DEFAULT  UND fmemopen@GLIBC_2.22 (6)
    47: 0000000000000000     0 FUNC    GLOBAL DEFAULT  UND json_object_is_type@JSONC_0.14 (5)
    48: 0000000000000000     0 FUNC    GLOBAL DEFAULT  UND __ubsan_handle_pointer_overflow_abort
    49: 0000000000000000     0 FUNC    WEAK   DEFAULT  UND __cxa_finalize@GLIBC_2.2.5 (2)
    50: 0000000000016fc0     8 OBJECT  GLOBAL DEFAULT   27 stderr@GLIBC_2.2.5 (2)

Symbol table '.symtab' contains 168 entries:
   Num:    Value          Size Type    Bind   Vis      Ndx Name
     0: 0000000000000000     0 NOTYPE  LOCAL  DEFAULT  UND 
     1: 0000000000000000     0 FILE    LOCAL  DEFAULT  ABS Scrt1.o
     2: 0000000000011178    32 OBJECT  LOCAL  DEFAULT   19 __abi_tag
     3: 0000000000000000     0 FILE    LOCAL  DEFAULT  ABS strict_probe.c
     4: 0000000000007b70    43 FUNC    LOCAL  DEFAULT   14 inert_finalize
     5: 0000000000017108     4 OBJECT  LOCAL  DEFAULT   27 finis
     6: 0000000000007ba0   276 FUNC    LOCAL  DEFAULT   14 opae_plugin_mgr_find_plugin
     7: 0000000000007cc0  1119 FUNC    LOCAL  DEFAULT   14 opae_plugin_mgr_detect_platform
     8: 0000000000017150     8 OBJECT  LOCAL  DEFAULT   27 platform_data_table
     9: 0000000000008120   447 FUNC    LOCAL  DEFAULT   14 opae_plugin_mgr_register_adapter
    10: 0000000000017140     8 OBJECT  LOCAL  DEFAULT   27 adapter_list
    11: 0000000000007300    48 FUNC    LOCAL  DEFAULT   14 opae_plugin_mgr_register_adapter.cold
    12: 00000000000082e0   107 FUNC    LOCAL  DEFAULT   14 inert_initialize
    13: 000000000001710c     4 OBJECT  LOCAL  DEFAULT   27 inits
    14: 0000000000017138     8 OBJECT  LOCAL  DEFAULT   27 mode
    15: 0000000000007330    12 FUNC    LOCAL  DEFAULT   14 inert_initialize.cold
    16: 0000000000008350   221 FUNC    LOCAL  DEFAULT   14 inert_configure
    17: 0000000000017110     4 OBJECT  LOCAL  DEFAULT   27 configs
    18: 000000000000733c    43 FUNC    LOCAL  DEFAULT   14 inert_configure.cold
    19: 0000000000010550    16 OBJECT  LOCAL  DEFAULT   16 __PRETTY_FUNCTION__.2
    20: 0000000000007367    32 FUNC    LOCAL  DEFAULT   14 opae_closedir.part.0
    21: 0000000000010590    14 OBJECT  LOCAL  DEFAULT   16 __PRETTY_FUNCTION__.6
    22: 0000000000007387    24 FUNC    LOCAL  DEFAULT   14 opae_print.cold
    23: 00000000000084e0   460 FUNC    LOCAL  DEFAULT   14 opae_plugin_mgr_configure_plugin
    24: 0000000000010600    33 OBJECT  LOCAL  DEFAULT   16 __func__.14
    25: 00000000000152e0    40 OBJECT  LOCAL  DEFAULT   26 adapter_list_lock
    26: 00000000000086b0   481 FUNC    LOCAL  DEFAULT   14 opae_plugin_mgr_free_adapter
    27: 00000000000106d0    29 OBJECT  LOCAL  DEFAULT   16 __func__.19
    28: 000000000000739f    12 FUNC    LOCAL  DEFAULT   14 opae_plugin_mgr_free_adapter.cold
    29: 0000000000017124     4 OBJECT  LOCAL  DEFAULT   27 discovers
    30: 0000000000017128     4 OBJECT  LOCAL  DEFAULT   27 reads
    31: 0000000000017130     8 OBJECT  LOCAL  DEFAULT   27 json_text
    32: 00000000000073ab    55 FUNC    LOCAL  DEFAULT   14 inert_read_cfg_file.cold
    33: 00000000000105c0    20 OBJECT  LOCAL  DEFAULT   16 __PRETTY_FUNCTION__.10
    34: 0000000000017104     4 OBJECT  LOCAL  DEFAULT   27 calloc_calls
    35: 00000000000073e2    12 FUNC    LOCAL  DEFAULT   14 opae_calloc.cold
    36: 00000000000089d0  1270 FUNC    LOCAL  DEFAULT   14 opae_plugin_mgr_alloc_adapter
    37: 0000000000017100     4 OBJECT  LOCAL  DEFAULT   27 strdup_calls
    38: 0000000000010630    30 OBJECT  LOCAL  DEFAULT   16 __func__.15
    39: 00000000000073ee    12 FUNC    LOCAL  DEFAULT   14 opae_plugin_mgr_alloc_adapter.cold
    40: 00000000000073fa    12 FUNC    LOCAL  DEFAULT   14 opae_strdup.cold
    41: 0000000000017120     4 OBJECT  LOCAL  DEFAULT   27 scans
    42: 00000000000170fc     4 OBJECT  LOCAL  DEFAULT   27 entries
    43: 00000000000170f8     1 OBJECT  LOCAL  DEFAULT   27 fake_dir
    44: 0000000000007406    55 FUNC    LOCAL  DEFAULT   14 opae_opendir.cold
    45: 00000000000105b0    13 OBJECT  LOCAL  DEFAULT   16 __PRETTY_FUNCTION__.9
    46: 0000000000016fe0   280 OBJECT  LOCAL  DEFAULT   27 ent.7
    47: 000000000000743d    43 FUNC    LOCAL  DEFAULT   14 __wrap_readdir.cold
    48: 00000000000105a0    15 OBJECT  LOCAL  DEFAULT   16 __PRETTY_FUNCTION__.8
    49: 000000000001711c     4 OBJECT  LOCAL  DEFAULT   27 file_reads
    50: 0000000000007468   129 FUNC    LOCAL  DEFAULT   14 opae_fopen.cold
    51: 0000000000010580    11 OBJECT  LOCAL  DEFAULT   16 __PRETTY_FUNCTION__.5
    52: 00000000000091a0  5056 FUNC    LOCAL  DEFAULT   14 opae_plugin_mgr_detect_platforms
    53: 0000000000010660    33 OBJECT  LOCAL  DEFAULT   16 __func__.16
    54: 00000000000074e9     5 FUNC    LOCAL  DEFAULT   14 opae_plugin_mgr_detect_platforms.cold
    55: 0000000000010690    29 OBJECT  LOCAL  DEFAULT   16 __func__.17
    56: 00000000000105e0    31 OBJECT  LOCAL  DEFAULT   16 __func__.13
    57: 00000000000106b0    27 OBJECT  LOCAL  DEFAULT   16 __func__.18
    58: 0000000000017118     4 OBJECT  LOCAL  DEFAULT   27 loads
    59: 00000000000074ee    55 FUNC    LOCAL  DEFAULT   14 __wrap_dlopen.cold
    60: 0000000000010570    14 OBJECT  LOCAL  DEFAULT   16 __PRETTY_FUNCTION__.4
    61: 0000000000007525    55 FUNC    LOCAL  DEFAULT   14 __wrap_dlsym.cold
    62: 0000000000010560    13 OBJECT  LOCAL  DEFAULT   16 __PRETTY_FUNCTION__.3
    63: 0000000000017114     4 OBJECT  LOCAL  DEFAULT   27 unloads
    64: 000000000000755c    31 FUNC    LOCAL  DEFAULT   14 __wrap_dlclose.cold
    65: 0000000000010538    15 OBJECT  LOCAL  DEFAULT   16 __PRETTY_FUNCTION__.1
    66: 000000000000757b   303 FUNC    LOCAL  DEFAULT   14 main.cold
    67: 0000000000010530     5 OBJECT  LOCAL  DEFAULT   16 __PRETTY_FUNCTION__.0
    68: 0000000000000000     0 FILE    LOCAL  DEFAULT  ABS opae-cfg.c
    69: 0000000000010740    20 OBJECT  LOCAL  DEFAULT   16 __func__.1
    70: 0000000000010760    24 OBJECT  LOCAL  DEFAULT   16 __func__.2
    71: 0000000000010728    15 OBJECT  LOCAL  DEFAULT   16 __func__.0
    72: 00000000000076aa    24 FUNC    LOCAL  DEFAULT   14 opae_parse_libopae_json.cold
    73: 0000000000000000     0 FILE    LOCAL  DEFAULT  ABS crtstuff.c
    74: 0000000000007ab0     0 FUNC    LOCAL  DEFAULT   14 deregister_tm_clones
    75: 0000000000007ae0     0 FUNC    LOCAL  DEFAULT   14 register_tm_clones
    76: 0000000000007b20     0 FUNC    LOCAL  DEFAULT   14 __do_global_dtors_aux
    77: 0000000000016fc8     1 OBJECT  LOCAL  DEFAULT   27 completed.0
    78: 0000000000012d98     0 OBJECT  LOCAL  DEFAULT   21 __do_global_dtors_aux_fini_array_entry
    79: 0000000000007b60     0 FUNC    LOCAL  DEFAULT   14 frame_dummy
    80: 0000000000012d90     0 OBJECT  LOCAL  DEFAULT   20 __frame_dummy_init_array_entry
    81: 0000000000000000     0 FILE    LOCAL  DEFAULT  ABS cfg-file.c
    82: 0000000000010710    21 OBJECT  LOCAL  DEFAULT   16 __func__.0
    83: 0000000000015aa0  1696 OBJECT  LOCAL  DEFAULT   26 default_libopae_config_table
    84: 0000000000000000     0 FILE    LOCAL  DEFAULT  ABS crtstuff.c
    85: 0000000000011174     0 OBJECT  LOCAL  DEFAULT   18 __FRAME_END__
    86: 0000000000000000     0 FILE    LOCAL  DEFAULT  ABS 
    87: 0000000000010778     0 NOTYPE  LOCAL  DEFAULT   17 __GNU_EH_FRAME_HDR
    88: 0000000000012db0     0 OBJECT  LOCAL  DEFAULT   23 _DYNAMIC
    89: 0000000000012fe8     0 OBJECT  LOCAL  DEFAULT   25 _GLOBAL_OFFSET_TABLE_
    90: 0000000000000000     0 FUNC    GLOBAL DEFAULT  UND ftell@GLIBC_2.2.5
    91: 0000000000000000     0 FUNC    GLOBAL DEFAULT  UND __errno_location@GLIBC_2.2.5
    92: 0000000000000000     0 FUNC    GLOBAL DEFAULT  UND printf@GLIBC_2.2.5
    93: 0000000000000000     0 FUNC    GLOBAL DEFAULT  UND __ubsan_handle_type_mismatch_v1_abort
    94: 000000000000b610   192 FUNC    GLOBAL DEFAULT   14 __wrap_dlopen
    95: 0000000000016fa8     0 NOTYPE  GLOBAL DEFAULT   26 _edata
    96: 000000000000c660  9383 FUNC    GLOBAL DEFAULT   14 opae_parse_libopae_json
    97: 0000000000000000     0 FUNC    GLOBAL DEFAULT  UND strerror@GLIBC_2.2.5
    98: 0000000000000000     0 FUNC    GLOBAL DEFAULT  UND strchr@GLIBC_2.2.5
    99: 0000000000000000     0 FUNC    GLOBAL DEFAULT  UND __ubsan_handle_nonnull_arg_abort
   100: 0000000000000000     0 FUNC    WEAK   DEFAULT  UND __cxa_finalize@GLIBC_2.2.5
   101: 0000000000000000     0 FUNC    GLOBAL DEFAULT  UND strlen@GLIBC_2.2.5
   102: 0000000000000000     0 FUNC    GLOBAL DEFAULT  UND strncmp@GLIBC_2.2.5
   103: 0000000000000000     0 FUNC    GLOBAL DEFAULT  UND __isoc23_fscanf@GLIBC_2.38
   104: 00000000000076d0   944 FUNC    GLOBAL DEFAULT   14 main
   105: 0000000000000000     0 FUNC    GLOBAL DEFAULT  UND __ubsan_handle_sub_overflow_abort
   106: 000000000000c510   332 FUNC    GLOBAL DEFAULT   14 opae_free_libopae_config
   107: 000000000000b790     8 FUNC    GLOBAL DEFAULT   14 __wrap_dlerror
   108: 0000000000017148     4 OBJECT  GLOBAL DEFAULT   27 initialized
   109: 0000000000013160     0 OBJECT  GLOBAL HIDDEN    26 __dso_handle
   110: 0000000000000000     0 FUNC    GLOBAL DEFAULT  UND __assert_fail@GLIBC_2.2.5
   111: 0000000000000000     0 FUNC    GLOBAL DEFAULT  UND calloc@GLIBC_2.2.5
   112: 000000000000b7a0  3351 FUNC    GLOBAL DEFAULT   14 opae_parse_device_id
   113: 000000000000eb08     0 FUNC    GLOBAL HIDDEN    15 _fini
   114: 0000000000000000     0 FUNC    GLOBAL DEFAULT  UND __libc_start_main@GLIBC_2.34
   115: 0000000000000000     0 FUNC    GLOBAL DEFAULT  UND pthread_mutex_unlock@GLIBC_2.2.5
   116: 0000000000000000     0 FUNC    GLOBAL DEFAULT  UND json_object_object_get_ex@JSONC_0.14
   117: 000000000000c4c0    56 FUNC    GLOBAL DEFAULT   14 opae_parse_libopae_config
   118: 0000000000000000     0 FUNC    GLOBAL DEFAULT  UND json_tokener_error_desc@JSONC_0.14
   119: 0000000000008430   168 FUNC    GLOBAL DEFAULT   14 opae_print
   120: 0000000000007a80    34 FUNC    GLOBAL DEFAULT   14 _start
   121: 000000000000a560  4259 FUNC    GLOBAL DEFAULT   14 opae_plugin_mgr_initialize
   122: 0000000000000000     0 FUNC    GLOBAL DEFAULT  UND fclose@GLIBC_2.2.5
   123: 0000000000008f10     5 FUNC    GLOBAL DEFAULT   14 opae_free
   124: 0000000000000000     0 FUNC    GLOBAL DEFAULT  UND strrchr@GLIBC_2.2.5
   125: 0000000000000000     0 FUNC    GLOBAL DEFAULT  UND fseek@GLIBC_2.2.5
   126: 0000000000007000     0 FUNC    GLOBAL HIDDEN    11 _init
   127: 0000000000016fa8     0 OBJECT  GLOBAL HIDDEN    26 __TMC_END__
   128: 0000000000000000     0 FUNC    GLOBAL DEFAULT  UND fopen@GLIBC_2.2.5
   129: 0000000000000000     0 FUNC    GLOBAL DEFAULT  UND free@GLIBC_2.2.5
   130: 0000000000000000     0 FUNC    GLOBAL DEFAULT  UND getenv@GLIBC_2.2.5
   131: 0000000000000000     0 FUNC    GLOBAL DEFAULT  UND __isoc23_strtoul@GLIBC_2.38
   132: 0000000000000000     0 FUNC    GLOBAL DEFAULT  UND malloc@GLIBC_2.2.5
   133: 0000000000000000     0 FUNC    GLOBAL DEFAULT  UND vfprintf@GLIBC_2.2.5
   134: 0000000000000000     0 FUNC    GLOBAL DEFAULT  UND json_tokener_parse_verbose@JSONC_0.14
   135: 0000000000016fc0     8 OBJECT  GLOBAL DEFAULT   27 stderr@GLIBC_2.2.5
   136: 0000000000009050   326 FUNC    GLOBAL DEFAULT   14 opae_fopen
   137: 0000000000000000     0 FUNC    GLOBAL DEFAULT  UND unsetenv@GLIBC_2.2.5
   138: 0000000000017158     0 NOTYPE  GLOBAL DEFAULT   27 _end
   139: 0000000000000000     0 FUNC    GLOBAL DEFAULT  UND strcmp@GLIBC_2.2.5
   140: 0000000000000000     0 FUNC    GLOBAL DEFAULT  UND json_object_array_length@JSONC_0.14
   141: 0000000000000000     0 FUNC    GLOBAL DEFAULT  UND json_object_get_string@JSONC_0.14
   142: 0000000000000000     0 FUNC    GLOBAL DEFAULT  UND pthread_mutex_lock@GLIBC_2.2.5
   143: 0000000000000000     0 FUNC    GLOBAL DEFAULT  UND fread@GLIBC_2.2.5
   144: 0000000000000000     0 FUNC    GLOBAL DEFAULT  UND setenv@GLIBC_2.2.5
   145: 0000000000008f20   133 FUNC    GLOBAL DEFAULT   14 opae_opendir
   146: 000000000000c500     1 FUNC    GLOBAL DEFAULT   14 opae_print_libopae_config
   147: 0000000000016fc0     0 NOTYPE  GLOBAL DEFAULT   27 __bss_start
   148: 0000000000000000     0 FUNC    GLOBAL DEFAULT  UND json_object_put@JSONC_0.14
   149: 000000000000b740    66 FUNC    GLOBAL DEFAULT   14 __wrap_dlclose
   150: 0000000000000000     0 FUNC    GLOBAL DEFAULT  UND snprintf@GLIBC_2.2.5
   151: 0000000000008ed0    61 FUNC    GLOBAL DEFAULT   14 opae_strdup
   152: 0000000000000000     0 FUNC    GLOBAL DEFAULT  UND json_object_array_get_idx@JSONC_0.14
   153: 0000000000008920   161 FUNC    GLOBAL DEFAULT   14 opae_calloc
   154: 0000000000008fb0   155 FUNC    GLOBAL DEFAULT   14 __wrap_readdir
   155: 0000000000000000     0 FUNC    GLOBAL DEFAULT  UND __ubsan_handle_out_of_bounds_abort
   156: 0000000000000000     0 FUNC    GLOBAL DEFAULT  UND json_object_get_boolean@JSONC_0.14
   157: 0000000000000000     0 NOTYPE  WEAK   DEFAULT  UND _ITM_deregisterTMCloneTable
   158: 0000000000000000     0 FUNC    GLOBAL DEFAULT  UND strdup@GLIBC_2.2.5
   159: 0000000000000000     0 FUNC    GLOBAL DEFAULT  UND json_object_to_json_string_ext@JSONC_0.14
   160: 0000000000000000     0 FUNC    GLOBAL DEFAULT  UND __ubsan_handle_add_overflow_abort
   161: 0000000000000000     0 NOTYPE  WEAK   DEFAULT  UND __gmon_start__
   162: 00000000000088a0   123 FUNC    GLOBAL DEFAULT   14 inert_read_cfg_file
   163: 0000000000000000     0 NOTYPE  WEAK   DEFAULT  UND _ITM_registerTMCloneTable
   164: 000000000000b6d0   103 FUNC    GLOBAL DEFAULT   14 __wrap_dlsym
   165: 0000000000000000     0 FUNC    GLOBAL DEFAULT  UND fmemopen@GLIBC_2.22
   166: 0000000000000000     0 FUNC    GLOBAL DEFAULT  UND json_object_is_type@JSONC_0.14
   167: 0000000000000000     0 FUNC    GLOBAL DEFAULT  UND __ubsan_handle_pointer_overflow_abort
