                 w _ITM_deregisterTMCloneTable
                 w _ITM_registerTMCloneTable
                 U __assert_fail@GLIBC_2.2.5
                 w __cxa_finalize@GLIBC_2.2.5
                 U __errno_location@GLIBC_2.2.5
                 w __gmon_start__
                 U __isoc23_fscanf@GLIBC_2.38
                 U __isoc23_strtoul@GLIBC_2.38
                 U __libc_start_main@GLIBC_2.34
                 U __ubsan_handle_add_overflow_abort
                 U __ubsan_handle_nonnull_arg_abort
                 U __ubsan_handle_out_of_bounds_abort
                 U __ubsan_handle_pointer_overflow_abort
                 U __ubsan_handle_sub_overflow_abort
                 U __ubsan_handle_type_mismatch_v1_abort
                 U calloc@GLIBC_2.2.5
                 U fclose@GLIBC_2.2.5
                 U fmemopen@GLIBC_2.22
                 U fopen@GLIBC_2.2.5
                 U fread@GLIBC_2.2.5
                 U free@GLIBC_2.2.5
                 U fseek@GLIBC_2.2.5
                 U ftell@GLIBC_2.2.5
                 U getenv@GLIBC_2.2.5
                 U json_object_array_get_idx@JSONC_0.14
                 U json_object_array_length@JSONC_0.14
                 U json_object_get_boolean@JSONC_0.14
                 U json_object_get_string@JSONC_0.14
                 U json_object_is_type@JSONC_0.14
                 U json_object_object_get_ex@JSONC_0.14
                 U json_object_put@JSONC_0.14
                 U json_object_to_json_string_ext@JSONC_0.14
                 U json_tokener_error_desc@JSONC_0.14
                 U json_tokener_parse_verbose@JSONC_0.14
                 U malloc@GLIBC_2.2.5
                 U printf@GLIBC_2.2.5
                 U pthread_mutex_lock@GLIBC_2.2.5
                 U pthread_mutex_unlock@GLIBC_2.2.5
                 U setenv@GLIBC_2.2.5
                 U snprintf@GLIBC_2.2.5
                 U strchr@GLIBC_2.2.5
                 U strcmp@GLIBC_2.2.5
                 U strdup@GLIBC_2.2.5
                 U strerror@GLIBC_2.2.5
                 U strlen@GLIBC_2.2.5
                 U strncmp@GLIBC_2.2.5
                 U strrchr@GLIBC_2.2.5
                 U unsetenv@GLIBC_2.2.5
                 U vfprintf@GLIBC_2.2.5
