Assembler report for ofs_top
Tue Sep 22 11:46:52 2026
Quartus Prime Version 26.1.1 Build 130 08/06/2026 SC Pro Edition


---------------------
; Table of Contents ;
---------------------
  1. Legal Notice
  2. Assembler Summary
  3. Assembler Settings
  4. Assembler Messages
  5. Assembler Encrypted IP Cores Summary
  6. Assembler Generated Files
  7. Assembler Device Options: ofs_top.sof
  8. Assembler Device Options: ofs_top.static.msf
  9. Assembler Device Options: ofs_top.green_region.pmsf



----------------
; Legal Notice ;
----------------
Copyright (C) 2026  Altera Corporation. All rights reserved.
Your use of Altera Corporation's design tools, logic functions 
and other software and tools, and any partner logic 
functions, and any output files from any of the foregoing 
(including device programming or simulation files), and any 
associated documentation or information are expressly subject 
to the terms and conditions of the Altera Program License 
Subscription Agreement, the Altera Quartus Prime License Agreement,
the Altera IP License Agreement, or other applicable license
agreement, including, without limitation, that your use is for
the sole purpose of programming logic devices manufactured by
Altera and sold by Altera or its authorized distributors.  Please
refer to the Altera Software License Subscription Agreements 
on the Quartus Prime software download page.



+---------------------------------------------------------------+
; Assembler Summary                                             ;
+-----------------------+---------------------------------------+
; Assembler Status      ; Successful - Tue Sep 22 11:46:52 2026 ;
; Revision Name         ; ofs_top                               ;
; Top-level Entity Name ; top                                   ;
; Family                ; Agilex 7                              ;
; Device                ; AGFB027R25A2E2V                       ;
; Timing Models         ; Final                                 ;
; Power Models          ; Final                                 ;
; Device Status         ; Final                                 ;
+-----------------------+---------------------------------------+


+------------------------------------------------------------------------------------------------------------+
; Assembler Settings                                                                                         ;
+------------------------------------------------------------------+--------------------+--------------------+
; Option                                                           ; Setting            ; Default Value      ;
+------------------------------------------------------------------+--------------------+--------------------+
; Enable parallel Assembler and Timing Analyzer during compilation ; On                 ; On                 ;
; Enable compact report table                                      ; Off                ; Off                ;
; Enable Design Assistant in the compilation flow                  ; On                 ; On                 ;
; Design Assistant include IP blocks                               ; Off                ; Off                ;
; High fanout net threshold for RAM inference                      ; 15                 ; 15                 ;
; Design Assistant limit on reported violations per rule           ; 5000               ; 5000               ;
; Device address in PMBus Slave mode                               ; 01                 ; 00                 ;
; Voltage output format                                            ; Linear format      ; Auto discovery     ;
; Linear format N                                                  ; -12                ; 0                  ;
; Enable multi-authority                                           ; On                 ; Off                ;
; Generate compressed bitstreams                                   ; On                 ; On                 ;
; Auto user code                                                   ; On                 ; On                 ;
; Configuration device                                             ; Auto               ; Auto               ;
; Voltage stable delay                                             ; 10                 ; 10                 ;
; FPGA release delay                                               ; 10                 ; 10                 ;
; Initial delay                                                    ; 0                  ; 0                  ;
; Bus speed mode                                                   ; 100 KHz            ; 100 KHz            ;
; Slave device type                                                ; LTM4677            ; LTM4677            ;
; PMBus device 0 slave address                                     ; 00                 ; 00                 ;
; PMBus device 1 slave address                                     ; 00                 ; 00                 ;
; PMBus device 2 slave address                                     ; 00                 ; 00                 ;
; PMBus device 3 slave address                                     ; 00                 ; 00                 ;
; PMBus device 4 slave address                                     ; 00                 ; 00                 ;
; PMBus device 5 slave address                                     ; 00                 ; 00                 ;
; PMBus device 6 slave address                                     ; 00                 ; 00                 ;
; PMBus device 7 slave address                                     ; 00                 ; 00                 ;
; Direct format coefficient m                                      ; 0                  ; 0                  ;
; Direct format coefficient b                                      ; 0                  ; 0                  ;
; Direct format coefficient R                                      ; 0                  ; 0                  ;
; Translated voltage value unit                                    ; Volts              ; Volts              ;
; VID format base voltage in mv                                    ; 0                  ; 0                  ;
; VID format step size in mv                                       ; 0                  ; 0                  ;
; obsolete - Data setup time in nanoseconds                        ; 0                  ; 0                  ;
; obsolete - Data hold time in nanoseconds                         ; 0                  ; 0                  ;
; obsolete - Clock/data fall time in nanoseconds                   ; 0                  ; 0                  ;
; obsolete - Clock/data rise time in nanoseconds                   ; 0                  ; 0                  ;
; Enable PAGE command                                              ; Off                ; Off                ;
; VOUT reading error margin index                                  ; 8                  ; 8                  ;
; Configuration device auto user code                              ; Off                ; Off                ;
; Generate Partial Reconfiguration Raw Binary File (.rbf)          ; On                 ; On                 ;
; HPS/FPGA configuration order                                     ; After INIT_DONE    ; After INIT_DONE    ;
; HPS debug access port (DAP)                                      ; Disabled           ; Disabled           ;
; Enable configuration bitstream encryption                        ; Off                ; Off                ;
; Encryption key storage location                                  ; Battery Backup RAM ; Battery Backup RAM ;
; Encryption update ratio                                          ; 0                  ; 0                  ;
; Enable scrambling                                                ; Off                ; Off                ;
; Allow HPS debug without certificate                              ; Off                ; Off                ;
; Remote system update max retry count                             ; 1                  ; 1                  ;
; Disable JTAG                                                     ; Off                ; Off                ;
; Force SDM clock to internal oscillator                           ; Off                ; Off                ;
; Force encryption key update                                      ; Off                ; Off                ;
; Disable virtual eFuses                                           ; Off                ; Off                ;
; Lock security eFuses                                             ; Off                ; Off                ;
; Disable HPS debug                                                ; Off                ; Off                ;
; Disable encryption key in eFuses                                 ; Off                ; Off                ;
; Disable encryption key in BBRAM                                  ; Off                ; Off                ;
; Disable Intrinsic ID PUF-wrapped encryption key in Quad SPI      ; Off                ; Off                ;
; Enable frequency tamper detection                                ; Off                ; Off                ;
; Enable temperature tamper detection                              ; Off                ; Off                ;
; Enable voltage tamper detection                                  ; Off                ; Off                ;
; Anti-tamper response                                             ; Disabled           ; Disabled           ;
; Frequency tamper detection range                                 ; 35                 ; 35                 ;
; Temperature tamper upper bound                                   ; 110                ; 110                ;
; Temperature tamper lower bound                                   ; -40                ; -40                ;
; Enable VCCL voltage tamper detection                             ; Off                ; Off                ;
; Enable VCCL SDM voltage tamper detection                         ; Off                ; Off                ;
; Voltage tamper detection trigger                                 ; 15                 ; 15                 ;
; VCCL voltage difference in percentage                            ; 0                  ; 0                  ;
; VCCL_SDM voltage difference in percentage                        ; 0                  ; 0                  ;
; Run configuration CPU from internal oscillator                   ; Off                ; Off                ;
; Generate compressed sof                                          ; On                 ; On                 ;
; PAGE command payload                                             ; 255                ; 255                ;
; Enable partial reconfiguration bitstream encryption              ; Off                ; Off                ;
; Enable AliasL1 certificate                                       ; Off                ; Off                ;
; Enable device self-kill                                          ; Off                ; Off                ;
; Enable device self-kill                                          ; Off                ; Off                ;
; Enable device self-kill                                          ; Off                ; Off                ;
; Enable device self-kill                                          ; Off                ; Off                ;
; Generate programming files                                       ; Off                ; Off                ;
; Enable status_byte for polling                                   ; On                 ; On                 ;
+------------------------------------------------------------------+--------------------+--------------------+


+--------------------+
; Assembler Messages ;
+--------------------+
Info: Updating ::env(FME_IFC_ID) from "5c04f735-4245-5537-88d6-380f16bcc372" to "fd2baeed-3092-5735-90c9-52ef20542b75"
Info: Loading PIM-based AFU...
Info: Compiling PR Base revision...
Info: *******************************************************************
Info: Running Quartus Prime Assembler
    Info: Version 26.1.1 Build 130 08/06/2026 SC Pro Edition
    Info: Processing started: Tue Sep 22 11:41:17 2026
    Info: System process ID: 28646
Info: Command: quartus_asm --read_settings_files=on --write_settings_files=off ofs_top -c ofs_top
Info: Using INI file /home/uwb_student00/ahls/new_BSP/work_ia840f_fim_15/syn/board/ia840f/syn_top/quartus.ini
Info (16677): Loading final database.
Info (16734): Loading "final" snapshot for partition "root_partition".
Info (16734): Loading "final" snapshot for partition "green_region".
Info (16734): Loading "final" snapshot for partition "auto_fab_1".
Info (16734): Loading "final" snapshot for partition "auto_fab_0".
Info (16678): Successfully loaded final database: elapsed time is 00:00:17.
Info (20553): Using Static Region Mask Hash 0BC9083F5E8409E6733F1E96BB4D24BC928681B7636503A1D3412FF37A255F374899BD5E60904A8D6E10380CD52AC478
Info (20553): Using PR Region: ofs_top.green_region Hash DA4A7A508F2393880622F8E598983C19E0796B9A2DCE51B895A2A7DD8A05F649A510C874AF0463B1368201799A8E6BD1
Info (20553): Using CVP Hash 0123456789ABCDEF001122334455667788889999AAAABBBBCCCCDDDDEEEEFFFF
Info (20553): Using HPS IO Hash 0000111122223333444455556666777788889999AAAABBBBCCCCDDDDEEEEFFFF
Warning (20536): Programming file generation feature has been removed from the compilation flow and the corresponding legacy settings in the Quartus Prime Setting File (.qsf) have been ignored: GENERATE_RBF_FILE. Use Programmer File Generator or Convert Programming File tool to generate a programming file.
Info (19848): Design hash is D3271AD2960C09F47BC69B24362362B116BCED68415B7E23B1366090843AE5F2
Info (19848): Keyed hash is E0AC88FF3A4514008C7338C5047B5A43DA054AAB58BA3E00DDF06AE4C4D9A835
Info: Quartus Prime Assembler was successful. 0 errors, 1 warning
    Info: Peak virtual memory: 18898 megabytes
    Info: Processing ended: Tue Sep 22 11:46:53 2026
    Info: Elapsed time: 00:05:36
    Info: System process ID: 28646


+------------------------------------------------+
; Assembler Encrypted IP Cores Summary           ;
+--------+------------------------+--------------+
; Vendor ; IP Core Name           ; License Type ;
+--------+------------------------+--------------+
; Altera ; Signal Tap (6AF7 BCE1) ; Licensed     ;
; Altera ; Signal Tap (6AF7 BCEC) ; Licensed     ;
; Altera ; Unknown (6AF7 FFFF)    ; Licensed     ;
+--------+------------------------+--------------+


+---------------------------------------------------------------------------------------------------------------------+
; Assembler Generated Files                                                                                           ;
+---------------------------------------------------------------------------------------------------------------------+
; File Name                                                                                                           ;
+---------------------------------------------------------------------------------------------------------------------+
; /home/uwb_student00/ahls/new_BSP/work_ia840f_fim_15/syn/board/ia840f/syn_top/output_files/ofs_top.sof               ;
; /home/uwb_student00/ahls/new_BSP/work_ia840f_fim_15/syn/board/ia840f/syn_top/output_files/ofs_top.static.msf        ;
; /home/uwb_student00/ahls/new_BSP/work_ia840f_fim_15/syn/board/ia840f/syn_top/output_files/ofs_top.green_region.pmsf ;
+---------------------------------------------------------------------------------------------------------------------+


+------------------------------------------------------------------------------------+
; Assembler Device Options: ofs_top.sof                                              ;
+----------------+-------------------------------------------------------------------+
; Option         ; Setting                                                           ;
+----------------+-------------------------------------------------------------------+
; JTAG usercode  ; 0xFFFFFFFF                                                        ;
; Checksum       ; 0x76770803                                                        ;
; Design hash    ; 46F3A29B6A9D4CBD3BD94A97CC6AF7F31C6F4185CED79FCD0A43D149A15E7B94  ;
; HPS IO hash    ; 0000111122223333444455556666777788889999AAAABBBBCCCCDDDDEEEEFFFF  ;
+----------------+-------------------------------------------------------------------+


+----------------------------------------------+
; Assembler Device Options: ofs_top.static.msf ;
+--------+-------------------------------------+
; Option ; Setting                             ;
+--------+-------------------------------------+


+------------------------------------------------------------------------------------------------+
; Assembler Device Options: ofs_top.green_region.pmsf                                            ;
+------------------+-----------------------------------------------------------------------------+
; Option           ; Setting                                                                     ;
+------------------+-----------------------------------------------------------------------------+
; PR bitstream ID  ; 0x01000000:1746270701EEED2F5382F0C282A04221AD0E61A7B54B92080C7CA94A98B51E2A ;
; Design hash      ; D3271AD2960C09F47BC69B24362362B116BCED68415B7E23B1366090843AE5F2            ;
+------------------+-----------------------------------------------------------------------------+


