***************************************************************
Quartus is a registered trademark of Altera Corporation in the
US and other countries.  Portions of the Quartus Prime software
code, and other portions of the code included in this download
or on this DVD, are licensed to Altera Corporation and are the
copyrighted property of third parties. For license details,
refer to the Altera Software License Subscription Agreements 
on the Quartus Prime software download page.
***************************************************************

2026.09.18.11:25:07 Warning: Both --quartus-project and --new-quartus-project switches are not used. A new Quartus project named api will be created using the tcl script filename: /home/uwb_student00/ahls/new_BSP/qualification/ddr-model-repair-01/api.qpf.
2026.09.18.11:25:07 Info: Doing: qsys-script --script=/home/uwb_student00/ahls/new_BSP/qualification/ddr-model-repair-01/api.tcl
API load_component
invalid command name "help"
API save_component
invalid command name "help"
API set_component_parameter_value
invalid command name "help"
API get_component_parameters
invalid command name "help"
API get_component_parameter_value
invalid command name "help"
