***************************************************************
Quartus is a registered trademark of Altera Corporation in the
US and other countries.  Portions of the Quartus Prime software
code, and other portions of the code included in this download
or on this DVD, are licensed to Altera Corporation and are the
copyrighted property of third parties. For license details,
refer to the Altera Software License Subscription Agreements 
on the Quartus Prime software download page.
***************************************************************

2026.09.18.11:36:08 Info: Saving generation log to /home/uwb_student00/ahls/new_BSP/qualification/ddr-model-repair-01/ed_sim_mem_group1/ed_sim_mem_group1_generation.rpt
2026.09.18.11:36:08 Info: Generated by version: 26.1.1 build 130
2026.09.18.11:36:08 Info: Starting: Create simulation model
2026.09.18.11:36:08 Info: qsys-generate /home/uwb_student00/ahls/new_BSP/qualification/ddr-model-repair-01/ed_sim_mem_group1.ip --simulation=VERILOG --allow-mixed-language-simulation --simulator=MODELSIM --output-directory=/home/uwb_student00/ahls/new_BSP/qualification/ddr-model-repair-01/ed_sim_mem_group1 --family="Agilex 7" --part=AGFB027R25A2E2V
2026.09.18.11:36:08 Info: ed_sim_mem_group1: "Transforming system: ed_sim_mem_group1"
2026.09.18.11:36:08 Info: ed_sim_mem_group1: "Naming system components in system: ed_sim_mem_group1"
2026.09.18.11:36:08 Info: ed_sim_mem_group1: "Processing generation queue"
2026.09.18.11:36:08 Info: ed_sim_mem_group1: "Generating: ed_sim_mem_group1"
2026.09.18.11:36:08 Info: ed_sim_mem_group1: "Generating: ed_sim_mem_group1_altera_emif_mem_model_191_kpsc7si"
2026.09.18.11:36:08 Info: ed_sim_mem_group1: "Generating: altera_emif_ddrx_model"
2026.09.18.11:36:09 Info: ed_sim_mem_group1: Done "ed_sim_mem_group1" with 3 modules, 9 files
2026.09.18.11:36:09 Info: Generating the following file(s) for MODELSIM simulator in /home/uwb_student00/ahls/new_BSP/qualification/ddr-model-repair-01/ed_sim_mem_group1/sim/ directory:
2026.09.18.11:36:09 Info: 	common/modelsim_files.tcl
2026.09.18.11:36:09 Info: For information on how to simulate your IP, see the explanatory comments in the simulator-specific subdirectories under /home/uwb_student00/ahls/new_BSP/qualification/ddr-model-repair-01/ed_sim_mem_group1/sim/.
2026.09.18.11:36:09 Info: Regenerate these scripts whenever you make any change to any Quartus-generated IP in your project.
2026.09.18.11:36:09 Info: Finished: Create simulation model
2026.09.18.11:36:09 Info: Starting: Create simulation script
2026.09.18.11:36:09 Info: sim-script-gen --system-file=/home/uwb_student00/ahls/new_BSP/qualification/ddr-model-repair-01/ed_sim_mem_group1.ip --simulator=MODELSIM --output-directory=/home/uwb_student00/ahls/new_BSP/qualification/ddr-model-repair-01/ed_sim_mem_group1/sim/ --use-relative-paths=true --modelsim-flow=traditional
2026.09.18.11:36:10 Info: Generating the following file(s) for MODELSIM simulator in /home/uwb_student00/ahls/new_BSP/qualification/ddr-model-repair-01/ed_sim_mem_group1/sim/ directory:
2026.09.18.11:36:10 Info: 	mentor/msim_setup.tcl
2026.09.18.11:36:10 Info: 	mentor/run_msim_setup.tcl
2026.09.18.11:36:10 Info: For information on how to simulate your IP, see the explanatory comments in the simulator-specific subdirectories under /home/uwb_student00/ahls/new_BSP/qualification/ddr-model-repair-01/ed_sim_mem_group1/sim/.
2026.09.18.11:36:10 Info: Regenerate these scripts whenever you make any change to any Quartus-generated IP in your project.
2026.09.18.11:36:10 Info: Finished: Create simulation script
2026.09.18.11:36:10 Info: Generation of /home/uwb_student00/ahls/new_BSP/qualification/ddr-model-repair-01/ed_sim_mem_group1.ip (ed_sim_mem_group1) took 2108 ms
