***************************************************************
Quartus is a registered trademark of Altera Corporation in the
US and other countries.  Portions of the Quartus Prime software
code, and other portions of the code included in this download
or on this DVD, are licensed to Altera Corporation and are the
copyrighted property of third parties. For license details,
refer to the Altera Software License Subscription Agreements 
on the Quartus Prime software download page.
***************************************************************

2026.09.18.11:30:12 Info: Doing: qsys-script --quartus-project=model_repair.qpf --script=repair.tcl
2026.09.18.11:30:17 Info: create_system model_repair
2026.09.18.11:30:17 Info: set_project_property DEVICE_FAMILY Agilex 7
2026.09.18.11:30:17 Info: set_project_property DEVICE AGFB027R25A2E2V
2026.09.18.11:30:17 Info: add_component ed_sim_mem ed_sim_mem.ip
2026.09.18.11:30:17 Info: ed_sim_mem: Generic Component instance footprint reloaded.
2026.09.18.11:30:17 Info: load_component ed_sim_mem
2026.09.18.11:30:19 Info: get_component_parameter_value SYS_INFO_DEVICE_FAMILY
BEFORE ed_sim_mem 
2026.09.18.11:30:19 Info: set_component_parameter_value SYS_INFO_DEVICE_FAMILY Agilex 7
2026.09.18.11:30:19 Info: save_component 
2026.09.18.11:30:20 Info: get_component_parameter_value SYS_INFO_DEVICE_FAMILY
2026.09.18.11:30:20 Error: get_component_parameter_value SYS_INFO_DEVICE_FAMILY: Component not loaded.
AFTER ed_sim_mem 
2026.09.18.11:30:20 Info: add_component ed_sim_mem_group1 ed_sim_mem_group1.ip
2026.09.18.11:30:20 Info: ed_sim_mem_group1: Generic Component instance footprint reloaded.
2026.09.18.11:30:20 Info: load_component ed_sim_mem_group1
2026.09.18.11:30:20 Info: get_component_parameter_value SYS_INFO_DEVICE_FAMILY
BEFORE ed_sim_mem_group1 
2026.09.18.11:30:20 Info: set_component_parameter_value SYS_INFO_DEVICE_FAMILY Agilex 7
2026.09.18.11:30:20 Info: save_component 
2026.09.18.11:30:21 Info: get_component_parameter_value SYS_INFO_DEVICE_FAMILY
2026.09.18.11:30:21 Error: get_component_parameter_value SYS_INFO_DEVICE_FAMILY: Component not loaded.
AFTER ed_sim_mem_group1 
2026.09.18.11:30:21 Info: save_system model_repair.qsys
2026.09.18.11:30:21 Info: Info: All modules have been converted to Generic Components.
