Info: Generated by version: 26.1.1 build 130
Info: Starting: Create simulation model
Info: qsys-generate /home/uwb_student00/ahls/new_BSP/work_ia840f_fim_05/syn/board/ia840f/syn_top/../../../../ipss/pcie/qip/pcie_ss.ip --simulation=VERILOG --allow-mixed-language-simulation --simulator=MODELSIM --output-directory=/home/uwb_student00/ahls/new_BSP/work_ia840f_fim_05/ipss/pcie/qip/pcie_ss --family="Agilex 7" --part=AGFB027R25A2E2V
Info: pcie_ss.pcie_ss: One x16 PCIe port will be instantiated.
Info: pcie_ss.pcie_ss: PCIe0: Enabling SR-IOV automatically enables FLR.
Info: pcie_ss.pcie_ss: PCIe0 pf0 IDs: Vendor ID is set to 0x8086. Please set proper value according to user application.
Info: pcie_ss.pcie_ss: PCIe0 pf0 IDs: Device ID is set to 0xbcce. Please set proper value according to user application.
Info: pcie_ss.pcie_ss: PCIe0 pf0 IDs: Revision ID is set to 0x1. Please set proper value according to user application.
Info: pcie_ss.pcie_ss: PCIe0 pf0 IDs: Class code is set to 0x120000. Please set proper value according to user application.
Info: pcie_ss.pcie_ss: PCIe0 pf0 VF IDs: Device ID is set to 0xbccf. Please set proper value according to user application.
Info: pcie_ss.pcie_ss: PCIe0 pf1 IDs: Vendor ID is set to 0x12ba. Please set proper value according to user application.
Info: pcie_ss.pcie_ss: PCIe0 pf1 IDs: Device ID is set to 0x70. Please set proper value according to user application.
Info: pcie_ss.pcie_ss: PCIe0 pf1 IDs: Revision ID is set to 0x1. Please set proper value according to user application.
Info: pcie_ss.pcie_ss: PCIe0 pf1 IDs: Class code is set to 0x120000. Please set proper value according to user application.
Info: pcie_ss.pcie_ss: PCIe0 pf1 VF IDs: Device ID is set to 0x0. Please set proper value according to user application.
Info: pcie_ss.intel_pcie_ptile_ast_qhip: PCIe0: Enabling SR-IOV automatically enables FLR.
Info: pcie_ss.intel_pcie_ptile_ast_qhip: PCIe0 pf0 IDs: Vendor ID is set to 0x8086. Please set proper value according to user application.
Info: pcie_ss.intel_pcie_ptile_ast_qhip: PCIe0 pf0 IDs: Device ID is set to 0xbcce. Please set proper value according to user application.
Info: pcie_ss.intel_pcie_ptile_ast_qhip: PCIe0 pf0 IDs: Revision ID is set to 0x1. Please set proper value according to user application.
Info: pcie_ss.intel_pcie_ptile_ast_qhip: PCIe0 pf0 IDs: Class code is set to 0x120000. Please set proper value according to user application.
Info: pcie_ss.intel_pcie_ptile_ast_qhip: PCIe0 pf0 VF IDs: Device ID is set to 0xbccf. Please set proper value according to user application.
Info: pcie_ss.intel_pcie_ptile_ast_qhip: PCIe0 pf1 IDs: Vendor ID is set to 0x12ba. Please set proper value according to user application.
Info: pcie_ss.intel_pcie_ptile_ast_qhip: PCIe0 pf1 IDs: Device ID is set to 0x70. Please set proper value according to user application.
Info: pcie_ss.intel_pcie_ptile_ast_qhip: PCIe0 pf1 IDs: Revision ID is set to 0x1. Please set proper value according to user application.
Info: pcie_ss.intel_pcie_ptile_ast_qhip: PCIe0 pf1 IDs: Class code is set to 0x120000. Please set proper value according to user application.
Info: pcie_ss.intel_pcie_ptile_ast_qhip: PCIe0 pf1 VF IDs: Device ID is set to 0x0. Please set proper value according to user application.
Info: intel_pcie_ptile_ast_qhip.intel_ptile_io_pll_250: Downstream cascaded IOPLLs must have a high-bandwidth setting.
Info: intel_pcie_ptile_ast_qhip.intel_ptile_io_pll_250: Able to implement PLL with user settings
Info: pcie_ss: "Transforming system: pcie_ss"
Info: pcie_ss: "Naming system components in system: pcie_ss"
Info: pcie_ss: "Processing generation queue"
Info: pcie_ss: "Generating: pcie_ss"
Info: pcie_ss: "Generating: pcie_ss_intel_pcie_ss_axi_500_gycdipy"
Info: intel_pcie_ptile_ast_qhip: "Generating: intel_pcie_ptile_ast_qhip"
Info: pcie_ss: "Generating: pcie_ss_intel_pcie_ss_axi_intel_pcie_ptile_ast_500_pxriq3y"
Info: pcie_ss: "Generating: pcie_ss_intel_pcie_ptile_ast_1100_ndgxg4a"
Info: intel_pcie_ptile_ast_qhip: PCIe0: Enabling SR-IOV automatically enables FLR.
Info: intel_pcie_ptile_ast_qhip: PCIe0 pf0 IDs: Vendor ID is set to 0x8086. Please set proper value according to user application.
Info: intel_pcie_ptile_ast_qhip: PCIe0 pf0 IDs: Device ID is set to 0xbcce. Please set proper value according to user application.
Info: intel_pcie_ptile_ast_qhip: PCIe0 pf0 IDs: Revision ID is set to 0x1. Please set proper value according to user application.
Info: intel_pcie_ptile_ast_qhip: PCIe0 pf0 IDs: Class code is set to 0x120000. Please set proper value according to user application.
Info: intel_pcie_ptile_ast_qhip: PCIe0 pf0 VF IDs: Device ID is set to 0xbccf. Please set proper value according to user application.
Info: intel_pcie_ptile_ast_qhip: PCIe0 pf1 IDs: Vendor ID is set to 0x12ba. Please set proper value according to user application.
Info: intel_pcie_ptile_ast_qhip: PCIe0 pf1 IDs: Device ID is set to 0x70. Please set proper value according to user application.
Info: intel_pcie_ptile_ast_qhip: PCIe0 pf1 IDs: Revision ID is set to 0x1. Please set proper value according to user application.
Info: intel_pcie_ptile_ast_qhip: PCIe0 pf1 IDs: Class code is set to 0x120000. Please set proper value according to user application.
Info: intel_pcie_ptile_ast_qhip: PCIe0 pf1 VF IDs: Device ID is set to 0x0. Please set proper value according to user application.
Info: intel_pcie_ptile_ast_qhip: PCIe2 pf0 IDs: Vendor ID is set to 0x1172. Please set proper value according to user application.
Info: intel_pcie_ptile_ast_qhip: PCIe2 pf0 IDs: Revision ID is set to 0x1. Please set proper value according to user application.
Info: intel_pcie_ptile_ast_qhip: PCIe3 pf0 IDs: Vendor ID is set to 0x1172. Please set proper value according to user application.
Info: intel_pcie_ptile_ast_qhip: PCIe3 pf0 IDs: Revision ID is set to 0x1. Please set proper value according to user application.
Info: intel_pcie_ptile_ast_qhip: PCIe0: Enabling SR-IOV automatically enables FLR.
Info: intel_pcie_ptile_ast_qhip: PCIe0 pf0 IDs: Vendor ID is set to 0x8086. Please set proper value according to user application.
Info: intel_pcie_ptile_ast_qhip: PCIe0 pf0 IDs: Device ID is set to 0xbcce. Please set proper value according to user application.
Info: intel_pcie_ptile_ast_qhip: PCIe0 pf0 IDs: Revision ID is set to 0x1. Please set proper value according to user application.
Info: intel_pcie_ptile_ast_qhip: PCIe0 pf0 IDs: Class code is set to 0x120000. Please set proper value according to user application.
Info: intel_pcie_ptile_ast_qhip: PCIe0 pf0 VF IDs: Device ID is set to 0xbccf. Please set proper value according to user application.
Info: intel_pcie_ptile_ast_qhip: PCIe0 pf1 IDs: Vendor ID is set to 0x12ba. Please set proper value according to user application.
Info: intel_pcie_ptile_ast_qhip: PCIe0 pf1 IDs: Device ID is set to 0x70. Please set proper value according to user application.
Info: intel_pcie_ptile_ast_qhip: PCIe0 pf1 IDs: Revision ID is set to 0x1. Please set proper value according to user application.
Info: intel_pcie_ptile_ast_qhip: PCIe0 pf1 IDs: Class code is set to 0x120000. Please set proper value according to user application.
Info: intel_pcie_ptile_ast_qhip: PCIe0 pf1 VF IDs: Device ID is set to 0x0. Please set proper value according to user application.
Info: intel_pcie_ptile_ast_qhip: PCIe2 pf0 IDs: Vendor ID is set to 0x1172. Please set proper value according to user application.
Info: intel_pcie_ptile_ast_qhip: PCIe2 pf0 IDs: Revision ID is set to 0x1. Please set proper value according to user application.
Info: intel_pcie_ptile_ast_qhip: PCIe3 pf0 IDs: Vendor ID is set to 0x1172. Please set proper value according to user application.
Info: intel_pcie_ptile_ast_qhip: PCIe3 pf0 IDs: Revision ID is set to 0x1. Please set proper value according to user application.
Info: intel_ptile_io_pll_250: "Generating: intel_ptile_io_pll_250"
Info: pcie_ss: "Generating: intel_ptile_io_pll_250"
Info: pcie_ss: "Generating: pcie_ss_altera_iopll_2110_5imavpa"
Info: pcie_ss: Done "pcie_ss" with 6 modules, 261 files
Info: Generating the following file(s) for MODELSIM simulator in /home/uwb_student00/ahls/new_BSP/work_ia840f_fim_05/ipss/pcie/qip/pcie_ss/sim/ directory:
Info: 	common/modelsim_files.tcl
Info: For information on how to simulate your IP, see the explanatory comments in the simulator-specific subdirectories under /home/uwb_student00/ahls/new_BSP/work_ia840f_fim_05/ipss/pcie/qip/pcie_ss/sim/.
Info: Regenerate these scripts whenever you make any change to any Quartus-generated IP in your project.
Info: Finished: Create simulation model
Info: Starting: Create simulation script
Info: sim-script-gen --system-file=/home/uwb_student00/ahls/new_BSP/work_ia840f_fim_05/syn/board/ia840f/syn_top/../../../../ipss/pcie/qip/pcie_ss.ip --simulator=MODELSIM --output-directory=/home/uwb_student00/ahls/new_BSP/work_ia840f_fim_05/ipss/pcie/qip/pcie_ss/sim/ --use-relative-paths=true --modelsim-flow=traditional
Info: Generating the following file(s) for MODELSIM simulator in /home/uwb_student00/ahls/new_BSP/work_ia840f_fim_05/ipss/pcie/qip/pcie_ss/sim/ directory:
Info: 	mentor/msim_setup.tcl
Info: 	mentor/run_msim_setup.tcl
Info: For information on how to simulate your IP, see the explanatory comments in the simulator-specific subdirectories under /home/uwb_student00/ahls/new_BSP/work_ia840f_fim_05/ipss/pcie/qip/pcie_ss/sim/.
Info: Regenerate these scripts whenever you make any change to any Quartus-generated IP in your project.
Info: Finished: Create simulation script
Info: 
Info: Starting: Create HDL design files for synthesis
Info: qsys-generate /home/uwb_student00/ahls/new_BSP/work_ia840f_fim_05/syn/board/ia840f/syn_top/../../../../ipss/pcie/qip/pcie_ss.ip --synthesis=VERILOG --output-directory=/home/uwb_student00/ahls/new_BSP/work_ia840f_fim_05/ipss/pcie/qip/pcie_ss --family="Agilex 7" --part=AGFB027R25A2E2V
Info: pcie_ss.pcie_ss: One x16 PCIe port will be instantiated.
Info: pcie_ss.pcie_ss: PCIe0: Enabling SR-IOV automatically enables FLR.
Info: pcie_ss.pcie_ss: PCIe0 pf0 IDs: Vendor ID is set to 0x8086. Please set proper value according to user application.
Info: pcie_ss.pcie_ss: PCIe0 pf0 IDs: Device ID is set to 0xbcce. Please set proper value according to user application.
Info: pcie_ss.pcie_ss: PCIe0 pf0 IDs: Revision ID is set to 0x1. Please set proper value according to user application.
Info: pcie_ss.pcie_ss: PCIe0 pf0 IDs: Class code is set to 0x120000. Please set proper value according to user application.
Info: pcie_ss.pcie_ss: PCIe0 pf0 VF IDs: Device ID is set to 0xbccf. Please set proper value according to user application.
Info: pcie_ss.pcie_ss: PCIe0 pf1 IDs: Vendor ID is set to 0x12ba. Please set proper value according to user application.
Info: pcie_ss.pcie_ss: PCIe0 pf1 IDs: Device ID is set to 0x70. Please set proper value according to user application.
Info: pcie_ss.pcie_ss: PCIe0 pf1 IDs: Revision ID is set to 0x1. Please set proper value according to user application.
Info: pcie_ss.pcie_ss: PCIe0 pf1 IDs: Class code is set to 0x120000. Please set proper value according to user application.
Info: pcie_ss.pcie_ss: PCIe0 pf1 VF IDs: Device ID is set to 0x0. Please set proper value according to user application.
Info: pcie_ss.intel_pcie_ptile_ast_qhip: PCIe0: Enabling SR-IOV automatically enables FLR.
Info: pcie_ss.intel_pcie_ptile_ast_qhip: PCIe0 pf0 IDs: Vendor ID is set to 0x8086. Please set proper value according to user application.
Info: pcie_ss.intel_pcie_ptile_ast_qhip: PCIe0 pf0 IDs: Device ID is set to 0xbcce. Please set proper value according to user application.
Info: pcie_ss.intel_pcie_ptile_ast_qhip: PCIe0 pf0 IDs: Revision ID is set to 0x1. Please set proper value according to user application.
Info: pcie_ss.intel_pcie_ptile_ast_qhip: PCIe0 pf0 IDs: Class code is set to 0x120000. Please set proper value according to user application.
Info: pcie_ss.intel_pcie_ptile_ast_qhip: PCIe0 pf0 VF IDs: Device ID is set to 0xbccf. Please set proper value according to user application.
Info: pcie_ss.intel_pcie_ptile_ast_qhip: PCIe0 pf1 IDs: Vendor ID is set to 0x12ba. Please set proper value according to user application.
Info: pcie_ss.intel_pcie_ptile_ast_qhip: PCIe0 pf1 IDs: Device ID is set to 0x70. Please set proper value according to user application.
Info: pcie_ss.intel_pcie_ptile_ast_qhip: PCIe0 pf1 IDs: Revision ID is set to 0x1. Please set proper value according to user application.
Info: pcie_ss.intel_pcie_ptile_ast_qhip: PCIe0 pf1 IDs: Class code is set to 0x120000. Please set proper value according to user application.
Info: pcie_ss.intel_pcie_ptile_ast_qhip: PCIe0 pf1 VF IDs: Device ID is set to 0x0. Please set proper value according to user application.
Info: intel_pcie_ptile_ast_qhip.intel_ptile_io_pll_250: Downstream cascaded IOPLLs must have a high-bandwidth setting.
Info: intel_pcie_ptile_ast_qhip.intel_ptile_io_pll_250: Able to implement PLL with user settings
Info: pcie_ss: "Transforming system: pcie_ss"
Info: pcie_ss: "Naming system components in system: pcie_ss"
Info: pcie_ss: "Processing generation queue"
Info: pcie_ss: "Generating: pcie_ss"
Info: pcie_ss: "Generating: pcie_ss_intel_pcie_ss_axi_500_gycdipy"
Info: intel_pcie_ptile_ast_qhip: "Generating: intel_pcie_ptile_ast_qhip"
Info: pcie_ss: "Generating: pcie_ss_intel_pcie_ss_axi_intel_pcie_ptile_ast_500_pxriq3y"
Info: pcie_ss: "Generating: pcie_ss_intel_pcie_ptile_ast_1100_ndgxg4a"
Info: intel_pcie_ptile_ast_qhip: PCIe0: Enabling SR-IOV automatically enables FLR.
Info: intel_pcie_ptile_ast_qhip: PCIe0 pf0 IDs: Vendor ID is set to 0x8086. Please set proper value according to user application.
Info: intel_pcie_ptile_ast_qhip: PCIe0 pf0 IDs: Device ID is set to 0xbcce. Please set proper value according to user application.
Info: intel_pcie_ptile_ast_qhip: PCIe0 pf0 IDs: Revision ID is set to 0x1. Please set proper value according to user application.
Info: intel_pcie_ptile_ast_qhip: PCIe0 pf0 IDs: Class code is set to 0x120000. Please set proper value according to user application.
Info: intel_pcie_ptile_ast_qhip: PCIe0 pf0 VF IDs: Device ID is set to 0xbccf. Please set proper value according to user application.
Info: intel_pcie_ptile_ast_qhip: PCIe0 pf1 IDs: Vendor ID is set to 0x12ba. Please set proper value according to user application.
Info: intel_pcie_ptile_ast_qhip: PCIe0 pf1 IDs: Device ID is set to 0x70. Please set proper value according to user application.
Info: intel_pcie_ptile_ast_qhip: PCIe0 pf1 IDs: Revision ID is set to 0x1. Please set proper value according to user application.
Info: intel_pcie_ptile_ast_qhip: PCIe0 pf1 IDs: Class code is set to 0x120000. Please set proper value according to user application.
Info: intel_pcie_ptile_ast_qhip: PCIe0 pf1 VF IDs: Device ID is set to 0x0. Please set proper value according to user application.
Info: intel_pcie_ptile_ast_qhip: PCIe2 pf0 IDs: Vendor ID is set to 0x1172. Please set proper value according to user application.
Info: intel_pcie_ptile_ast_qhip: PCIe2 pf0 IDs: Revision ID is set to 0x1. Please set proper value according to user application.
Info: intel_pcie_ptile_ast_qhip: PCIe3 pf0 IDs: Vendor ID is set to 0x1172. Please set proper value according to user application.
Info: intel_pcie_ptile_ast_qhip: PCIe3 pf0 IDs: Revision ID is set to 0x1. Please set proper value according to user application.
Info: intel_pcie_ptile_ast_qhip: PCIe0: Enabling SR-IOV automatically enables FLR.
Info: intel_pcie_ptile_ast_qhip: PCIe0 pf0 IDs: Vendor ID is set to 0x8086. Please set proper value according to user application.
Info: intel_pcie_ptile_ast_qhip: PCIe0 pf0 IDs: Device ID is set to 0xbcce. Please set proper value according to user application.
Info: intel_pcie_ptile_ast_qhip: PCIe0 pf0 IDs: Revision ID is set to 0x1. Please set proper value according to user application.
Info: intel_pcie_ptile_ast_qhip: PCIe0 pf0 IDs: Class code is set to 0x120000. Please set proper value according to user application.
Info: intel_pcie_ptile_ast_qhip: PCIe0 pf0 VF IDs: Device ID is set to 0xbccf. Please set proper value according to user application.
Info: intel_pcie_ptile_ast_qhip: PCIe0 pf1 IDs: Vendor ID is set to 0x12ba. Please set proper value according to user application.
Info: intel_pcie_ptile_ast_qhip: PCIe0 pf1 IDs: Device ID is set to 0x70. Please set proper value according to user application.
Info: intel_pcie_ptile_ast_qhip: PCIe0 pf1 IDs: Revision ID is set to 0x1. Please set proper value according to user application.
Info: intel_pcie_ptile_ast_qhip: PCIe0 pf1 IDs: Class code is set to 0x120000. Please set proper value according to user application.
Info: intel_pcie_ptile_ast_qhip: PCIe0 pf1 VF IDs: Device ID is set to 0x0. Please set proper value according to user application.
Info: intel_pcie_ptile_ast_qhip: PCIe2 pf0 IDs: Vendor ID is set to 0x1172. Please set proper value according to user application.
Info: intel_pcie_ptile_ast_qhip: PCIe2 pf0 IDs: Revision ID is set to 0x1. Please set proper value according to user application.
Info: intel_pcie_ptile_ast_qhip: PCIe3 pf0 IDs: Vendor ID is set to 0x1172. Please set proper value according to user application.
Info: intel_pcie_ptile_ast_qhip: PCIe3 pf0 IDs: Revision ID is set to 0x1. Please set proper value according to user application.
Info: intel_ptile_io_pll_250: "Generating: intel_ptile_io_pll_250"
Info: pcie_ss: "Generating: intel_ptile_io_pll_250"
Info: pcie_ss: "Generating: pcie_ss_altera_iopll_2110_5imavpa"
Info: pcie_ss: Done "pcie_ss" with 6 modules, 268 files
Info: Finished: Create HDL design files for synthesis
