//
// Generated by ip_gen_sv_wrapper.tcl
//

i0_axi_mm is id0 of a potential group. Using mem_ss_i_axi_mm_if.
  Map key: mem_ss_i0_axi_mm
  Pattern: ^(i)([0-9]+)(_axi_mm)$
i1_axi_mm matches mem_ss_i_axi_mm_if.
  Map key: mem_ss_i1_axi_mm
  Base key: mem_ss_i0_axi_mm
  Pattern: ^(i)([0-9]+)(_axi_mm)$
mem_ss mem0_ddr4 removing common prefix: mem_
mem0_ddr4 is id0 of a potential group. Using mem_ss_mem_ddr4_if.
  Map key: mem_ss_mem0_ddr4
  Pattern: ^(mem)([0-9]+)(_ddr4)$
mem0_oct_rzqin is id0 of a potential group. Using mem_ss_mem_oct_rzqin_if.
  Map key: mem_ss_mem0_oct
  Pattern: ^(mem)([0-9]+)(_oct_rzqin)$
mem0_pll_ref_clk is id0 of a potential group. Using mem_ss_mem_pll_ref_clk_if.
  Map key: mem_ss_mem0_pll_ref_clk
  Pattern: ^(mem)([0-9]+)(_pll_ref_clk)$
mem_ss mem0_status removing common prefix: local_cal_
mem0_status is id0 of a potential group. Using mem_ss_mem_status_if.
  Map key: mem_ss_mem0_status
  Pattern: ^(mem)([0-9]+)(_status)$
mem0_ss_app_usr_clk is id0 of a potential group. Using mem_ss_mem_ss_app_usr_clk_if.
  Map key: mem_ss_mem0_usr_clk
  Pattern: ^(mem)([0-9]+)(_ss_app_usr_clk)$
mem0_ss_app_usr_reset_n is id0 of a potential group. Using mem_ss_mem_ss_app_usr_reset_n_if.
  Map key: mem_ss_mem0_usr_reset_n
  Pattern: ^(mem)([0-9]+)(_ss_app_usr_reset_n)$
mem_ss mem1_ddr4 removing common prefix: mem_
mem1_ddr4 matches mem_ss_mem_ddr4_if.
  Map key: mem_ss_mem1_ddr4
  Base key: mem_ss_mem0_ddr4
  Pattern: ^(mem)([0-9]+)(_ddr4)$
mem1_oct_rzqin matches mem_ss_mem_oct_rzqin_if.
  Map key: mem_ss_mem1_oct
  Base key: mem_ss_mem0_oct
  Pattern: ^(mem)([0-9]+)(_oct_rzqin)$
mem1_pll_ref_clk matches mem_ss_mem_pll_ref_clk_if.
  Map key: mem_ss_mem1_pll_ref_clk
  Base key: mem_ss_mem0_pll_ref_clk
  Pattern: ^(mem)([0-9]+)(_pll_ref_clk)$
mem_ss mem1_status removing common prefix: local_cal_
mem1_status matches mem_ss_mem_status_if.
  Map key: mem_ss_mem1_status
  Base key: mem_ss_mem0_status
  Pattern: ^(mem)([0-9]+)(_status)$
mem1_ss_app_usr_clk matches mem_ss_mem_ss_app_usr_clk_if.
  Map key: mem_ss_mem1_usr_clk
  Base key: mem_ss_mem0_usr_clk
  Pattern: ^(mem)([0-9]+)(_ss_app_usr_clk)$
mem1_ss_app_usr_reset_n matches mem_ss_mem_ss_app_usr_reset_n_if.
  Map key: mem_ss_mem1_usr_reset_n
  Base key: mem_ss_mem0_usr_reset_n
  Pattern: ^(mem)([0-9]+)(_ss_app_usr_reset_n)$
subsystem_reset is not part of a group. Using mem_ss_subsystem_reset_if.
mem_ss: coalescing group i0_axi_mm i1_axi_mm
mem_ss: coalescing group mem0_ddr4 mem1_ddr4
mem_ss: coalescing group mem0_oct_rzqin mem1_oct_rzqin
mem_ss: coalescing group mem0_pll_ref_clk mem1_pll_ref_clk
mem_ss: coalescing group mem0_status mem1_status
mem_ss: coalescing group mem0_ss_app_usr_clk mem1_ss_app_usr_clk
mem_ss: coalescing group mem0_ss_app_usr_reset_n mem1_ss_app_usr_reset_n
mem_ss: coalescing interfaces into vectors of 2 ports
