Info: Generated by version: 26.1.1 build 130
Info: Starting: Create HDL design files for synthesis
Info: qsys-generate /tmp/alt0714_4635608479207182425.dir/0351_packageGeneration/mem_ss_mem_ss_501_qm5zaka.qsys --synthesis=VERILOG --output-directory=/tmp/alt0714_4635608479207182425.dir/0351_packageGeneration/mem_ss_mem_ss_501_qm5zaka --family="Agilex 7" --part=AGFB027R25A2E2V
Progress: Loading 0351_packageGeneration/mem_ss_mem_ss_501_qm5zaka.qsys
Progress: Reading input file
Progress: Parameterizing module cam_0
Progress: Parameterizing module cam_1
Progress: Parameterizing module cam_2
Progress: Parameterizing module cam_3
Progress: Parameterizing module cam_4
Progress: Parameterizing module cam_5
Progress: Parameterizing module cam_6
Progress: Parameterizing module cam_7
Progress: Parameterizing module csr_cdc_0
Progress: Parameterizing module csr_cdc_1
Progress: Parameterizing module csr_cdc_2
Progress: Parameterizing module csr_cdc_3
Progress: Parameterizing module csr_cdc_4
Progress: Parameterizing module csr_cdc_5
Progress: Parameterizing module csr_cdc_6
Progress: Parameterizing module csr_cdc_7
Progress: Parameterizing module csr_clk_bridge
Progress: Parameterizing module csr_pipe_0
Progress: Parameterizing module csr_pipe_1
Progress: Parameterizing module csr_pipe_2
Progress: Parameterizing module csr_pipe_3
Progress: Parameterizing module csr_pipe_4
Progress: Parameterizing module csr_pipe_5
Progress: Parameterizing module csr_pipe_6
Progress: Parameterizing module csr_pipe_7
Progress: Parameterizing module csr_reset_bridge
Progress: Parameterizing module csr_reset_ctrl
Progress: Parameterizing module emif_0
Progress: Parameterizing module emif_0_clk_bridge
Progress: Parameterizing module emif_0_reset_bridge
Progress: Parameterizing module emif_1
Progress: Parameterizing module emif_1_clk_bridge
Progress: Parameterizing module emif_1_reset_bridge
Progress: Parameterizing module emif_2
Progress: Parameterizing module emif_2_clk_bridge
Progress: Parameterizing module emif_2_reset_bridge
Progress: Parameterizing module emif_3
Progress: Parameterizing module emif_3_clk_bridge
Progress: Parameterizing module emif_3_reset_bridge
Progress: Parameterizing module emif_4
Progress: Parameterizing module emif_4_clk_bridge
Progress: Parameterizing module emif_4_reset_bridge
Progress: Parameterizing module emif_5
Progress: Parameterizing module emif_5_clk_bridge
Progress: Parameterizing module emif_5_reset_bridge
Progress: Parameterizing module emif_6
Progress: Parameterizing module emif_6_clk_bridge
Progress: Parameterizing module emif_6_reset_bridge
Progress: Parameterizing module emif_7
Progress: Parameterizing module emif_7_clk_bridge
Progress: Parameterizing module emif_7_reset_bridge
Progress: Parameterizing module emif_cal_bot
Progress: Parameterizing module emif_cal_top
Progress: Parameterizing module global_csr
Progress: Parameterizing module hps_emif
Progress: Parameterizing module mem_reset_ctrl
Progress: Parameterizing module msa_0
Progress: Parameterizing module msa_1
Progress: Parameterizing module msa_2
Progress: Parameterizing module msa_3
Progress: Parameterizing module msa_4
Progress: Parameterizing module msa_5
Progress: Parameterizing module msa_6
Progress: Parameterizing module msa_7
Progress: Building connections
Progress: Parameterizing connections
Progress: Validating
Progress: Done reading input file
Info: mem_ss_mem_ss_501_qm5zaka: "Transforming system: mem_ss_mem_ss_501_qm5zaka"
Info: Interconnect is inserted between master msa_0.m_avmm and slave emif_0.ctrl_amm_0 because the master has address signal 34 bit wide, but the slave is 28 bit wide.
Info: Interconnect is inserted between master msa_1.m_avmm and slave emif_1.ctrl_amm_0 because the master has address signal 34 bit wide, but the slave is 28 bit wide.
Info: mem_ss_mem_ss_501_qm5zaka: "Naming system components in system: mem_ss_mem_ss_501_qm5zaka"
Info: mem_ss_mem_ss_501_qm5zaka: "Processing generation queue"
Info: mem_ss_mem_ss_501_qm5zaka: "Generating: mem_ss_mem_ss_501_qm5zaka"
Info: mem_ss_mem_ss_501_qm5zaka: "Generating: mem_ss_mem_ss_501_qm5zaka_emif_0"
Info: mem_ss_mem_ss_501_qm5zaka: "Generating: mem_ss_mem_ss_501_qm5zaka_emif_0_clk_bridge"
Info: mem_ss_mem_ss_501_qm5zaka: "Generating: mem_ss_mem_ss_501_qm5zaka_emif_0_reset_bridge"
Info: mem_ss_mem_ss_501_qm5zaka: "Generating: mem_ss_mem_ss_501_qm5zaka_emif_1"
Info: mem_ss_mem_ss_501_qm5zaka: "Generating: mem_ss_mem_ss_501_qm5zaka_emif_1_clk_bridge"
Info: mem_ss_mem_ss_501_qm5zaka: "Generating: mem_ss_mem_ss_501_qm5zaka_emif_1_reset_bridge"
Info: mem_ss_mem_ss_501_qm5zaka: "Generating: mem_ss_mem_ss_501_qm5zaka_emif_cal_bot"
Info: mem_ss_mem_ss_501_qm5zaka: "Generating: mem_ss_mem_ss_501_qm5zaka_mem_reset_ctrl"
Info: mem_ss_mem_ss_501_qm5zaka: "Generating: mem_ss_mem_ss_501_qm5zaka_msa_0"
Info: mem_ss_mem_ss_501_qm5zaka: "Generating: mem_ss_mem_ss_501_qm5zaka_msa_1"
Info: mem_ss_mem_ss_501_qm5zaka: "Generating: mem_ss_mem_ss_501_qm5zaka_altera_mm_interconnect_1920_hzxas2a"
Info: mem_ss_mem_ss_501_qm5zaka: "Generating: mem_ss_mem_ss_501_qm5zaka_altera_mm_interconnect_1920_ahgugxq"
Info: mem_ss_mem_ss_501_qm5zaka: "Generating: altera_reset_controller"
Info: mem_ss_mem_ss_501_qm5zaka: "Generating: mem_ss_mem_ss_501_qm5zaka_altera_merlin_master_translator_193_lgcew2q"
Info: mem_ss_mem_ss_501_qm5zaka: "Generating: mem_ss_mem_ss_501_qm5zaka_altera_merlin_slave_translator_191_xg7rzxi"
Info: mem_ss_mem_ss_501_qm5zaka: Done "mem_ss_mem_ss_501_qm5zaka" with 16 modules, 8 files
Info: Finished: Create HDL design files for synthesis
