Info: Generated by version: 26.1.1 build 130
Info: Starting: Create simulation model
Info: qsys-generate /home/uwb_student00/ahls/new_BSP/work_ia840f_fim_05/syn/board/ia840f/syn_top/../../../../ipss/ia840f/bwbmc/ip/bmc_spi_sub/system_arbiter.ip --simulation=VERILOG --allow-mixed-language-simulation --simulator=MODELSIM --output-directory=/home/uwb_student00/ahls/new_BSP/work_ia840f_fim_05/ipss/ia840f/bwbmc/ip/bmc_spi_sub/system_arbiter --family="Agilex 7" --part=AGFB027R25A2E2V
Info: system_arbiter: "Transforming system: system_arbiter"
Info: system_arbiter: "Naming system components in system: system_arbiter"
Info: system_arbiter: "Processing generation queue"
Info: system_arbiter: "Generating: system_arbiter"
Info: system_arbiter: "Generating: arbiter"
Info: system_arbiter: Done "system_arbiter" with 2 modules, 4 files
Info: Generating the following file(s) for MODELSIM simulator in /home/uwb_student00/ahls/new_BSP/work_ia840f_fim_05/ipss/ia840f/bwbmc/ip/bmc_spi_sub/system_arbiter/sim/ directory:
Info: 	common/modelsim_files.tcl
Info: For information on how to simulate your IP, see the explanatory comments in the simulator-specific subdirectories under /home/uwb_student00/ahls/new_BSP/work_ia840f_fim_05/ipss/ia840f/bwbmc/ip/bmc_spi_sub/system_arbiter/sim/.
Info: Regenerate these scripts whenever you make any change to any Quartus-generated IP in your project.
Info: Finished: Create simulation model
Info: Starting: Create simulation script
Info: sim-script-gen --system-file=/home/uwb_student00/ahls/new_BSP/work_ia840f_fim_05/syn/board/ia840f/syn_top/../../../../ipss/ia840f/bwbmc/ip/bmc_spi_sub/system_arbiter.ip --simulator=MODELSIM --output-directory=/home/uwb_student00/ahls/new_BSP/work_ia840f_fim_05/ipss/ia840f/bwbmc/ip/bmc_spi_sub/system_arbiter/sim/ --use-relative-paths=true --modelsim-flow=traditional
Info: Generating the following file(s) for MODELSIM simulator in /home/uwb_student00/ahls/new_BSP/work_ia840f_fim_05/ipss/ia840f/bwbmc/ip/bmc_spi_sub/system_arbiter/sim/ directory:
Info: 	mentor/msim_setup.tcl
Info: 	mentor/run_msim_setup.tcl
Info: For information on how to simulate your IP, see the explanatory comments in the simulator-specific subdirectories under /home/uwb_student00/ahls/new_BSP/work_ia840f_fim_05/ipss/ia840f/bwbmc/ip/bmc_spi_sub/system_arbiter/sim/.
Info: Regenerate these scripts whenever you make any change to any Quartus-generated IP in your project.
Info: Finished: Create simulation script
Info: 
Info: Starting: Create HDL design files for synthesis
Info: qsys-generate /home/uwb_student00/ahls/new_BSP/work_ia840f_fim_05/syn/board/ia840f/syn_top/../../../../ipss/ia840f/bwbmc/ip/bmc_spi_sub/system_arbiter.ip --synthesis=VERILOG --output-directory=/home/uwb_student00/ahls/new_BSP/work_ia840f_fim_05/ipss/ia840f/bwbmc/ip/bmc_spi_sub/system_arbiter --family="Agilex 7" --part=AGFB027R25A2E2V
Info: system_arbiter: "Transforming system: system_arbiter"
Info: system_arbiter: "Naming system components in system: system_arbiter"
Info: system_arbiter: "Processing generation queue"
Info: system_arbiter: "Generating: system_arbiter"
Info: system_arbiter: "Generating: arbiter"
Info: system_arbiter: Done "system_arbiter" with 2 modules, 4 files
Info: Finished: Create HDL design files for synthesis
