# Quartus Pro 26.1.1 and Questa FPGA Edition

## Installation and license

- Installation: `/opt/altera/26.1.1`
- Quartus: **26.1.1 Build 130, Pro Edition**
- Simulator: **Questa Altera FPGA Edition 2025.3** (`questa_fe`)
- Installed device family: **Agilex 7**
- License: `/home/uwb_student00/quartus_26/LR-191011_License.dat`
- License expiration: **December 16, 2026**
- License type: node-locked evaluation, tied to this workstation's NIC MAC address `00:be:43:b7:3a:b3`.

The license includes Quartus Standard/Pro and Questa FPGA Edition. Renew or replace the license before it expires.

## 1. Configure your terminal

Run this before using the tools:

```bash
export QUARTUS_ROOTDIR_OVERRIDE=/opt/altera/26.1.1/quartus
export PATH="/opt/altera/26.1.1/quartus/bin:/opt/altera/26.1.1/questa_fe/bin:$PATH"

export LM_LICENSE_FILE="$HOME/quartus_26/LR-191011_License.dat"
export MGLS_LICENSE_FILE="$LM_LICENSE_FILE"
export SALT_LICENSE_SERVER="$LM_LICENSE_FILE"
```

**Important:** This Questa release requires `SALT_LICENSE_SERVER`. During verification, simulation failed with only `LM_LICENSE_FILE` and `MGLS_LICENSE_FILE`, then passed after setting `SALT_LICENSE_SERVER` to the license file.

### Make the settings persistent

Edit `~/.bashrc` and replace the old Quartus/license exports with the block above. At verification time, the old settings referenced:

- `/opt/intelFPGA_pro/23.1/quartus`
- `/opt/intelFPGA_pro/23.1/questa_fe`
- `/home/uwb_student00/IA-840f/LR-157262_License.dat`

In particular, an old `QUARTUS_ROOTDIR_OVERRIDE` redirects even an explicitly invoked new Quartus launcher to the old installation.

After saving, open a new terminal or run:

```bash
source ~/.bashrc
hash -r
```

Verify tool selection:

```bash
command -v quartus_sh
quartus_sh --version
command -v vsim
vsim -version
```

Expected versions: Quartus **26.1.1 Build 130** and Questa FPGA Edition **2025.3**. Run development tools as your normal user; root is not needed for license checkout, compilation, or simulation.

## 2. Use Quartus

### Graphical interface

From a desktop terminal with a working display:

```bash
quartus
```

Open your project's `.qpf` file. GUI operation was not verified in the headless SSH session.

### Command-line compilation

From the directory containing your project, substitute its actual name for `my_project`:

```bash
quartus_sh --flow compile my_project
```

For a specific revision:

```bash
quartus_sh --flow compile my_project -c my_revision
```

Check the compilation reports and timing results in the project's configured output directory, commonly `output_files/`. Before programming a real board, use its correct FPGA part, pin assignments, timing constraints, Reset Release IP, and power-management settings.

## 3. Use Questa FPGA Edition

From your simulation working directory, compile your design and testbench. Replace the example filenames and top-level testbench name with your own:

```bash
vlib work
vlog -sv design.sv testbench.sv
vsim -c work.tb -do 'run -all; quit -f'
```

Create `work` only if it does not already exist. For VHDL, compile sources using `vcom` instead of `vlog`.

The testbench should terminate or otherwise stop the simulation after checking its results. Inspect the transcript for errors and assertion failures; for automated testing, make the testbench/script return a nonzero exit code on failure.

For interactive graphical simulation with a working display:

```bash
vsim work.tb
```

For designs containing Altera IP, use the IP/project-generated simulation setup scripts and required simulation libraries, rather than only compiling the top-level HDL files.

## 4. Check programming hardware

```bash
jtagconfig
quartus_pgm --list
```

At verification time, both reported **No JTAG hardware available**. Connect and power the board and its supported JTAG connection, then repeat these checks. If a cable is attached but not visible, investigate USB visibility, cable drivers/permissions, and JTAG server configuration.

From a graphical desktop, launch the programmer with:

```bash
quartus_pgm
```

Select the correct hardware and a programming file built for the actual board. Hardware programming and board functionality have not yet been verified.

## 5. Verification performed on September 17, 2026

The following checks used the installation and license paths documented above:

| Check | Result |
| --- | --- |
| Quartus version | 26.1.1 Build 130 |
| Agilex 7 device database | Installed; 2,811 device entries |
| Small counter synthesis | Passed |
| Placement and routing | Passed; zero errors or warnings |
| Timing analysis at 100 MHz | Passed; setup slack +7.284 ns, hold slack +0.124 ns |
| Assembler/programming-file generation | Passed; generated `smoke.sof` |
| Questa FPGA Edition simulation | Passed; counter reached expected value 10; zero errors |
| JTAG visibility | No hardware detected |
| GUI and real-board operation | Not verified |

The compile test targeted `AGIA027R31A1E1VC` with virtual I/O pins. It generated warnings about missing Reset Release IP and board-specific power-management settings. **Its `smoke.sof` is a toolchain test artifact, not a programming file for the workstation's board.**

Verification sources and reports were left in `/tmp/opencode/altera_verify/`, including:

- `smoke.sv`: counter and self-checking testbench
- `compile.tcl` and `smoke.sdc`: Quartus test setup
- `compile.log`: synthesis, fitting, and timing results
- `assembler.log`: successful standalone assembler run
- `transcript`: Questa simulation output
- `output_files/`: Quartus reports and test programming file

The full-flow command reached the execution time limit after timing analysis; the assembler was then run separately and completed successfully. Temporary files may be removed by system cleanup.

## Troubleshooting

### Quartus reports version 23.1

Check `QUARTUS_ROOTDIR_OVERRIDE` and `PATH`, then reapply the environment block in section 1. An absolute path to the new launcher alone does not override an old `QUARTUS_ROOTDIR_OVERRIDE`.

### Questa reports an invalid license environment

Verify:

```bash
printenv LM_LICENSE_FILE MGLS_LICENSE_FILE SALT_LICENSE_SERVER
test -r "$SALT_LICENSE_SERVER" && printf 'License file is readable\n'
```

All three variables should reference the current `LR-191011_License.dat` file. Launch Questa from the configured terminal so it inherits these settings.

### License checkout fails after previously working

Check the error message, license expiration, system date, file readability, and workstation host-ID match. This license expires December 16, 2026 and is tied to this machine. Installing the software on another host does not transfer the license.

FULL PREFLIGHT VERIFIED
ISSUED dac6fb16074cbec5684f1e2ac7c99a06146937809e8b3de154efc4789c255052
