Info: Generated by version: 26.1.1 build 130
Info: Starting: Create simulation model
Info: qsys-generate /home/uwb_student00/ahls/new_BSP/work_ia840f_fim_06/syn/board/ia840f/syn_top/../../../../ipss/ia840f/bwbmc/ip/bmc_spi_sub/bmc_spi_to_avmm.ip --simulation=VERILOG --allow-mixed-language-simulation --simulator=MODELSIM --output-directory=/home/uwb_student00/ahls/new_BSP/work_ia840f_fim_06/ipss/ia840f/bwbmc/ip/bmc_spi_sub/bmc_spi_to_avmm --family="Agilex 7" --part=AGFB027R25A2E2V
Warning: bmc_spi_to_avmm: Used spi_slave_to_avalon_mm_master_bridge 20.0.0 (instead of 19.1.3)
Info: bmc_spi_to_avmm: "Transforming system: bmc_spi_to_avmm"
Info: bmc_spi_to_avmm: "Naming system components in system: bmc_spi_to_avmm"
Info: bmc_spi_to_avmm: "Processing generation queue"
Info: bmc_spi_to_avmm: "Generating: bmc_spi_to_avmm"
Info: bmc_spi_to_avmm: "Generating: SPISlaveToAvalonMasterBridge"
Info: bmc_spi_to_avmm: Done "bmc_spi_to_avmm" with 2 modules, 13 files
Info: Generating the following file(s) for MODELSIM simulator in /home/uwb_student00/ahls/new_BSP/work_ia840f_fim_06/ipss/ia840f/bwbmc/ip/bmc_spi_sub/bmc_spi_to_avmm/sim/ directory:
Info: 	common/modelsim_files.tcl
Info: For information on how to simulate your IP, see the explanatory comments in the simulator-specific subdirectories under /home/uwb_student00/ahls/new_BSP/work_ia840f_fim_06/ipss/ia840f/bwbmc/ip/bmc_spi_sub/bmc_spi_to_avmm/sim/.
Info: Regenerate these scripts whenever you make any change to any Quartus-generated IP in your project.
Info: Finished: Create simulation model
Info: Starting: Create simulation script
Info: sim-script-gen --system-file=/home/uwb_student00/ahls/new_BSP/work_ia840f_fim_06/syn/board/ia840f/syn_top/../../../../ipss/ia840f/bwbmc/ip/bmc_spi_sub/bmc_spi_to_avmm.ip --simulator=MODELSIM --output-directory=/home/uwb_student00/ahls/new_BSP/work_ia840f_fim_06/ipss/ia840f/bwbmc/ip/bmc_spi_sub/bmc_spi_to_avmm/sim/ --use-relative-paths=true --modelsim-flow=traditional
Info: Generating the following file(s) for MODELSIM simulator in /home/uwb_student00/ahls/new_BSP/work_ia840f_fim_06/ipss/ia840f/bwbmc/ip/bmc_spi_sub/bmc_spi_to_avmm/sim/ directory:
Info: 	mentor/msim_setup.tcl
Info: 	mentor/run_msim_setup.tcl
Info: For information on how to simulate your IP, see the explanatory comments in the simulator-specific subdirectories under /home/uwb_student00/ahls/new_BSP/work_ia840f_fim_06/ipss/ia840f/bwbmc/ip/bmc_spi_sub/bmc_spi_to_avmm/sim/.
Info: Regenerate these scripts whenever you make any change to any Quartus-generated IP in your project.
Info: Finished: Create simulation script
Info: 
Info: Starting: Create HDL design files for synthesis
Info: qsys-generate /home/uwb_student00/ahls/new_BSP/work_ia840f_fim_06/syn/board/ia840f/syn_top/../../../../ipss/ia840f/bwbmc/ip/bmc_spi_sub/bmc_spi_to_avmm.ip --synthesis=VERILOG --output-directory=/home/uwb_student00/ahls/new_BSP/work_ia840f_fim_06/ipss/ia840f/bwbmc/ip/bmc_spi_sub/bmc_spi_to_avmm --family="Agilex 7" --part=AGFB027R25A2E2V
Warning: bmc_spi_to_avmm: Used spi_slave_to_avalon_mm_master_bridge 20.0.0 (instead of 19.1.3)
Info: bmc_spi_to_avmm: "Transforming system: bmc_spi_to_avmm"
Info: bmc_spi_to_avmm: "Naming system components in system: bmc_spi_to_avmm"
Info: bmc_spi_to_avmm: "Processing generation queue"
Info: bmc_spi_to_avmm: "Generating: bmc_spi_to_avmm"
Info: bmc_spi_to_avmm: "Generating: SPISlaveToAvalonMasterBridge"
Info: bmc_spi_to_avmm: Done "bmc_spi_to_avmm" with 2 modules, 13 files
Info: Finished: Create HDL design files for synthesis
