807 730 0:53 / / rw,nodev,relatime unbindable - overlay overlay ro,seclabel,lowerdir=/home/uwb_student00/ahls/apptainer/x86_64/var/lib/apptainer/mnt/session/overlay-lowerdir:/home/uwb_student00/ahls/apptainer/x86_64/var/lib/apptainer/mnt/session/rootfs
817 807 0:51 /dev /dev rw,nosuid,relatime master:419 - tmpfs tmpfs rw,seclabel,size=65536k,uid=1000,gid=1000,inode64
818 817 0:58 / /dev/shm rw,nosuid,nodev,relatime - tmpfs tmpfs rw,seclabel,uid=1000,gid=1000,inode64
819 817 0:50 / /dev/mqueue rw,nosuid,nodev,relatime - mqueue mqueue rw,seclabel
820 817 0:59 / /dev/pts rw,nosuid,noexec,relatime - devpts devpts rw,seclabel,mode=620,ptmxmode=666
821 817 0:6 /tty /dev/tty rw,nosuid master:384 - devtmpfs devtmpfs rw,seclabel,size=65476040k,nr_inodes=16369010,mode=755,inode64
822 817 0:6 /null /dev/null rw,nosuid master:384 - devtmpfs devtmpfs rw,seclabel,size=65476040k,nr_inodes=16369010,mode=755,inode64
823 817 0:6 /zero /dev/zero rw,nosuid master:384 - devtmpfs devtmpfs rw,seclabel,size=65476040k,nr_inodes=16369010,mode=755,inode64
824 817 0:6 /random /dev/random rw,nosuid master:384 - devtmpfs devtmpfs rw,seclabel,size=65476040k,nr_inodes=16369010,mode=755,inode64
825 817 0:6 /urandom /dev/urandom rw,nosuid master:384 - devtmpfs devtmpfs rw,seclabel,size=65476040k,nr_inodes=16369010,mode=755,inode64
826 807 0:60 / /proc rw,nosuid,nodev,relatime - proc proc rw
827 807 253:0 /home/uwb_student00/ahls/new_BSP/work_fim24_caps03_runtime01/runtime-init64/scratch/tmp /tmp rw,nosuid,nodev,relatime master:371 - xfs /dev/mapper/rl-root rw,seclabel,attr2,inode64,logbufs=8,logbsize=32k,noquota
828 807 253:0 /home/uwb_student00/ahls/new_BSP/work_fim24_caps03_runtime01/runtime-init64/scratch/var_tmp /var/tmp rw,nosuid,nodev,relatime master:371 - xfs /dev/mapper/rl-root rw,seclabel,attr2,inode64,logbufs=8,logbsize=32k,noquota
829 807 0:51 /etc/passwd /etc/passwd rw,nosuid,relatime master:419 - tmpfs tmpfs rw,seclabel,size=65536k,uid=1000,gid=1000,inode64
830 807 0:51 /etc/group /etc/group rw,nosuid,relatime master:419 - tmpfs tmpfs rw,seclabel,size=65536k,uid=1000,gid=1000,inode64
831 807 253:0 /home/uwb_student00/ahls/new_BSP/work_caps01_vfio01/target01 /work ro,nosuid,nodev,relatime master:371 - xfs /dev/mapper/rl-root rw,seclabel,attr2,inode64,logbufs=8,logbsize=32k,noquota
832 807 253:0 /home/uwb_student00/ahls/new_BSP/work_fim24_caps03_runtime01/runtime-init64 /diag rw,nosuid,nodev,relatime master:371 - xfs /dev/mapper/rl-root rw,seclabel,attr2,inode64,logbufs=8,logbsize=32k,noquota
833 807 253:0 /home/uwb_student00/ahls/new_BSP/work_fim24_caps03_runtime01/runtime-init64/exec /exec ro,nosuid,nodev,relatime master:371 - xfs /dev/mapper/rl-root rw,seclabel,attr2,inode64,logbufs=8,logbsize=32k,noquota
834 807 253:0 /home/uwb_student00/ahls/new_BSP/work_fim24_caps03_runtime01/runtime-init64/empty /empty ro,nosuid,nodev,relatime master:371 - xfs /dev/mapper/rl-root rw,seclabel,attr2,inode64,logbufs=8,logbsize=32k,noquota
835 807 253:0 /home/uwb_student00/ahls/new_BSP/work_caps03_host01/build01 /caps03 ro,nosuid,nodev,relatime master:371 - xfs /dev/mapper/rl-root rw,seclabel,attr2,inode64,logbufs=8,logbsize=32k,noquota
