FPGA Test identity read 0x0
FPGA Test identity read 0x8
FPGA Test identity read 0x10
FPGA Test capability read 0x98
FPGA Test capability read 0xa0
FPGA Test capability read 0xa8
FPGA Test capability read 0xb0
FPGA Test discarded quiescent finish history=0
FPGA Test DMA submit sequence=0 mode=1 bank=0 bytes=64 ddr=0x10000
FPGA Test DMA retired and host pages verified sequence=0
FPGA Test DMA submit sequence=1 mode=1 bank=0 bytes=64 ddr=0x10040
FPGA Test DMA retired and host pages verified sequence=1
FPGA Test DMA submit sequence=2 mode=1 bank=1 bytes=64 ddr=0xffc0
FPGA Test DMA retired and host pages verified sequence=2
FPGA Test DMA submit sequence=3 mode=1 bank=1 bytes=128 ddr=0x10000
FPGA Test DMA retired and host pages verified sequence=3
FPGA Test HLS ticket=1 completion=0x10002
FPGA Test DMA submit sequence=4 mode=2 bank=1 bytes=64 ddr=0xffc0
FPGA Test DMA retired and host pages verified sequence=4
FPGA Test DMA submit sequence=5 mode=2 bank=1 bytes=128 ddr=0x10000
FPGA Test DMA retired and host pages verified sequence=5
FPGA Test HLS DATA PASS: integers=9 result_bytes=36 guard_bytes=156 descriptors=6
FPGA Test CAPS03 frontend PASSED: integers=9 copied_span_bytes=192 descriptors=6 verified_payload_and_guards=1
No simultaneous-bank, sustained or full-DDR qualification. Live VFIO lifecycle acceptance is separate.
