QIP /home/uwb_student00/ahls/new_BSP/work_ia840f_fim_12/ipss/mem/qip/mem_ss/mem_ss/mem_ss.qip
set_global_assignment -entity "mem_ss" -library "mem_ss" -name IP_TOOL_NAME "QsysPrimePro"
set_global_assignment -entity "mem_ss" -library "mem_ss" -name IP_TOOL_VERSION "26.1.1"
set_global_assignment -entity "mem_ss" -library "mem_ss" -name IP_TOOL_ENV "QsysPrimePro"
set_global_assignment -entity "mem_ss" -library "mem_ss" -name IP_TOOL_VENDOR_NAME "Altera Corporation"
set_global_assignment -entity "mem_ss" -library "mem_ss" -name IP_TOP_LEVEL_COMPONENT_NAME "mem_ss"
set_global_assignment -entity "mem_ss" -library "mem_ss" -name PRE_COMPILED_MODULE "ON"
set_global_assignment -entity "mem_ss" -library "mem_ss" -name OCS_IP_FILE [file join $::quartus(qip_path) "../mem_ss.ip"]
set_global_assignment -entity "mem_ss" -library "mem_ss" -name OCS_IP_TYPE "mem_ss"
set_global_assignment -entity "mem_ss" -library "mem_ss" -name OCS_IP_VERSION "5.0.1"
set_global_assignment -entity "mem_ss" -library "mem_ss" -name OCS_IP_HASH "qm5zaka"
set_global_assignment -library "mem_ss" -name SOPCINFO_FILE [file join $::quartus(qip_path) "mem_ss.sopcinfo"]
set_global_assignment -entity "mem_ss" -library "mem_ss" -name SLD_INFO "QSYS_NAME mem_ss HAS_SOPCINFO 1 GENERATION_ID 0"
set_global_assignment -library "mem_ss" -name MISC_FILE [file join $::quartus(qip_path) "mem_ss.cmp"]
set_global_assignment -entity "mem_ss" -library "mem_ss" -name IP_TARGETED_DEVICE_FAMILY "Agilex 7"
set_global_assignment -entity "mem_ss" -library "mem_ss" -name IP_TARGETED_PART_TRAIT "part.DEVICE_TEMPERATURE_GRADE::EXTENDED"
set_global_assignment -entity "mem_ss" -library "mem_ss" -name IP_TARGETED_PART_TRAIT "part.DEVICE_POWER_MODEL::STANDARD_POWER"
set_global_assignment -entity "mem_ss" -library "mem_ss" -name IP_TARGETED_PART_TRAIT "part.SUPPORTS_VID::1"
set_global_assignment -entity "mem_ss" -library "mem_ss" -nam
QIP /home/uwb_student00/ahls/new_BSP/work_ia840f_fim_12/ipss/mem/qip/mem_ss/mem_ss/mem_ss_mem_ss_501_qm5zaka/synth/ip/mem_ss_mem_ss_501_qm5zaka/mem_ss_mem_ss_501_qm5zaka_emif_0/mem_ss_mem_ss_501_qm5zaka_emif_0.qip
set_global_assignment -entity "mem_ss_mem_ss_501_qm5zaka_emif_0" -library "mem_ss_mem_ss_501_qm5zaka_emif_0" -name IP_TOOL_NAME "QsysPrimePro"
set_global_assignment -entity "mem_ss_mem_ss_501_qm5zaka_emif_0" -library "mem_ss_mem_ss_501_qm5zaka_emif_0" -name IP_TOOL_VERSION "26.1.1"
set_global_assignment -entity "mem_ss_mem_ss_501_qm5zaka_emif_0" -library "mem_ss_mem_ss_501_qm5zaka_emif_0" -name IP_TOOL_ENV "QsysPrimePro"
set_global_assignment -entity "mem_ss_mem_ss_501_qm5zaka_emif_0" -library "mem_ss_mem_ss_501_qm5zaka_emif_0" -name IP_TOOL_VENDOR_NAME "Altera Corporation"
set_global_assignment -entity "mem_ss_mem_ss_501_qm5zaka_emif_0" -library "mem_ss_mem_ss_501_qm5zaka_emif_0" -name IP_TOP_LEVEL_COMPONENT_NAME "altera_emif_fm"
set_global_assignment -entity "mem_ss_mem_ss_501_qm5zaka_emif_0" -library "mem_ss_mem_ss_501_qm5zaka_emif_0" -name PRE_COMPILED_MODULE "ON"
set_global_assignment -entity "mem_ss_mem_ss_501_qm5zaka_emif_0" -library "mem_ss_mem_ss_501_qm5zaka_emif_0" -name OCS_IP_TYPE "altera_emif_fm"
set_global_assignment -entity "mem_ss_mem_ss_501_qm5zaka_emif_0" -library "mem_ss_mem_ss_501_qm5zaka_emif_0" -name OCS_IP_VERSION "2.8.0"
set_global_assignment -entity "mem_ss_mem_ss_501_qm5zaka_emif_0" -library "mem_ss_mem_ss_501_qm5zaka_emif_0" -name OCS_IP_HASH "bb7nfma"
set_global_assignment -library "mem_ss_mem_ss_501_qm5zaka_emif_0" -name SOPCINFO_FILE [file join $::quartus(qip_path) "mem_ss_mem_ss_501_qm5zaka_emif_0.sopcinfo"]
set_global_assignment -entity "mem_ss_mem_ss_501_qm5zaka_emif_0" -library "mem_ss_mem_ss_501_qm5zaka_emif_0" -name SLD_INFO "QSYS_NAME mem_ss_mem_ss_501_qm5zaka_emif_0 HAS_SOPCINFO 1 GENERATION_ID 0"
set_global_assignment -library "mem_ss_mem_ss_501_qm5zaka_emif_0" -name MISC_FILE [file join $::quartus(qip_path) "mem_ss_mem_ss_501_qm5z
QIP /home/uwb_student00/ahls/new_BSP/work_ia840f_fim_12/ipss/mem/qip/mem_ss/mem_ss/mem_ss_mem_ss_501_qm5zaka/synth/ip/mem_ss_mem_ss_501_qm5zaka/mem_ss_mem_ss_501_qm5zaka_emif_0_clk_bridge/mem_ss_mem_ss_501_qm5zaka_emif_0_clk_bridge.qip
set_global_assignment -entity "mem_ss_mem_ss_501_qm5zaka_emif_0_clk_bridge" -library "mem_ss_mem_ss_501_qm5zaka_emif_0_clk_bridge" -name IP_TOOL_NAME "QsysPrimePro"
set_global_assignment -entity "mem_ss_mem_ss_501_qm5zaka_emif_0_clk_bridge" -library "mem_ss_mem_ss_501_qm5zaka_emif_0_clk_bridge" -name IP_TOOL_VERSION "26.1.1"
set_global_assignment -entity "mem_ss_mem_ss_501_qm5zaka_emif_0_clk_bridge" -library "mem_ss_mem_ss_501_qm5zaka_emif_0_clk_bridge" -name IP_TOOL_ENV "QsysPrimePro"
set_global_assignment -entity "mem_ss_mem_ss_501_qm5zaka_emif_0_clk_bridge" -library "mem_ss_mem_ss_501_qm5zaka_emif_0_clk_bridge" -name IP_TOOL_VENDOR_NAME "Intel Corporation"
set_global_assignment -entity "mem_ss_mem_ss_501_qm5zaka_emif_0_clk_bridge" -library "mem_ss_mem_ss_501_qm5zaka_emif_0_clk_bridge" -name IP_TOP_LEVEL_COMPONENT_NAME "altera_clock_bridge"
set_global_assignment -entity "mem_ss_mem_ss_501_qm5zaka_emif_0_clk_bridge" -library "mem_ss_mem_ss_501_qm5zaka_emif_0_clk_bridge" -name PRE_COMPILED_MODULE "ON"
set_global_assignment -entity "mem_ss_mem_ss_501_qm5zaka_emif_0_clk_bridge" -library "mem_ss_mem_ss_501_qm5zaka_emif_0_clk_bridge" -name OCS_IP_TYPE "altera_clock_bridge"
set_global_assignment -entity "mem_ss_mem_ss_501_qm5zaka_emif_0_clk_bridge" -library "mem_ss_mem_ss_501_qm5zaka_emif_0_clk_bridge" -name OCS_IP_VERSION "19.2.0"
set_global_assignment -entity "mem_ss_mem_ss_501_qm5zaka_emif_0_clk_bridge" -library "mem_ss_mem_ss_501_qm5zaka_emif_0_clk_bridge" -name OCS_IP_HASH "njakcna"
set_global_assignment -library "mem_ss_mem_ss_501_qm5zaka_emif_0_clk_bridge" -name SOPCINFO_FILE [file join $::quartus(qip_path) "mem_ss_mem_ss_501_qm5zaka_emif_0_clk_bridge.sopcinfo"]
set_global_assignment -entity "mem_ss_mem_ss_501_qm5zaka_emif_0_clk_bridge" -library "mem_ss_mem_ss_501_qm5
QIP /home/uwb_student00/ahls/new_BSP/work_ia840f_fim_12/ipss/mem/qip/mem_ss/mem_ss/mem_ss_mem_ss_501_qm5zaka/synth/ip/mem_ss_mem_ss_501_qm5zaka/mem_ss_mem_ss_501_qm5zaka_emif_0_reset_bridge/mem_ss_mem_ss_501_qm5zaka_emif_0_reset_bridge.qip
set_global_assignment -entity "mem_ss_mem_ss_501_qm5zaka_emif_0_reset_bridge" -library "mem_ss_mem_ss_501_qm5zaka_emif_0_reset_bridge" -name IP_TOOL_NAME "QsysPrimePro"
set_global_assignment -entity "mem_ss_mem_ss_501_qm5zaka_emif_0_reset_bridge" -library "mem_ss_mem_ss_501_qm5zaka_emif_0_reset_bridge" -name IP_TOOL_VERSION "26.1.1"
set_global_assignment -entity "mem_ss_mem_ss_501_qm5zaka_emif_0_reset_bridge" -library "mem_ss_mem_ss_501_qm5zaka_emif_0_reset_bridge" -name IP_TOOL_ENV "QsysPrimePro"
set_global_assignment -entity "mem_ss_mem_ss_501_qm5zaka_emif_0_reset_bridge" -library "mem_ss_mem_ss_501_qm5zaka_emif_0_reset_bridge" -name IP_TOOL_VENDOR_NAME "Intel Corporation"
set_global_assignment -entity "mem_ss_mem_ss_501_qm5zaka_emif_0_reset_bridge" -library "mem_ss_mem_ss_501_qm5zaka_emif_0_reset_bridge" -name IP_TOP_LEVEL_COMPONENT_NAME "altera_reset_bridge"
set_global_assignment -entity "mem_ss_mem_ss_501_qm5zaka_emif_0_reset_bridge" -library "mem_ss_mem_ss_501_qm5zaka_emif_0_reset_bridge" -name PRE_COMPILED_MODULE "ON"
set_global_assignment -entity "mem_ss_mem_ss_501_qm5zaka_emif_0_reset_bridge" -library "mem_ss_mem_ss_501_qm5zaka_emif_0_reset_bridge" -name OCS_IP_TYPE "altera_reset_bridge"
set_global_assignment -entity "mem_ss_mem_ss_501_qm5zaka_emif_0_reset_bridge" -library "mem_ss_mem_ss_501_qm5zaka_emif_0_reset_bridge" -name OCS_IP_VERSION "19.2.0"
set_global_assignment -entity "mem_ss_mem_ss_501_qm5zaka_emif_0_reset_bridge" -library "mem_ss_mem_ss_501_qm5zaka_emif_0_reset_bridge" -name OCS_IP_HASH "xf2264i"
set_global_assignment -library "mem_ss_mem_ss_501_qm5zaka_emif_0_reset_bridge" -name SOPCINFO_FILE [file join $::quartus(qip_path) "mem_ss_mem_ss_501_qm5zaka_emif_0_reset_bridge.sopcinfo"]
set_global_assignment -entity "mem_ss_mem_ss_501_qm5zaka_emif_0_res
QIP /home/uwb_student00/ahls/new_BSP/work_ia840f_fim_12/ipss/mem/qip/mem_ss/mem_ss/mem_ss_mem_ss_501_qm5zaka/synth/ip/mem_ss_mem_ss_501_qm5zaka/mem_ss_mem_ss_501_qm5zaka_emif_1/mem_ss_mem_ss_501_qm5zaka_emif_1.qip
set_global_assignment -entity "mem_ss_mem_ss_501_qm5zaka_emif_1" -library "mem_ss_mem_ss_501_qm5zaka_emif_1" -name IP_TOOL_NAME "QsysPrimePro"
set_global_assignment -entity "mem_ss_mem_ss_501_qm5zaka_emif_1" -library "mem_ss_mem_ss_501_qm5zaka_emif_1" -name IP_TOOL_VERSION "26.1.1"
set_global_assignment -entity "mem_ss_mem_ss_501_qm5zaka_emif_1" -library "mem_ss_mem_ss_501_qm5zaka_emif_1" -name IP_TOOL_ENV "QsysPrimePro"
set_global_assignment -entity "mem_ss_mem_ss_501_qm5zaka_emif_1" -library "mem_ss_mem_ss_501_qm5zaka_emif_1" -name IP_TOOL_VENDOR_NAME "Altera Corporation"
set_global_assignment -entity "mem_ss_mem_ss_501_qm5zaka_emif_1" -library "mem_ss_mem_ss_501_qm5zaka_emif_1" -name IP_TOP_LEVEL_COMPONENT_NAME "altera_emif_fm"
set_global_assignment -entity "mem_ss_mem_ss_501_qm5zaka_emif_1" -library "mem_ss_mem_ss_501_qm5zaka_emif_1" -name PRE_COMPILED_MODULE "ON"
set_global_assignment -entity "mem_ss_mem_ss_501_qm5zaka_emif_1" -library "mem_ss_mem_ss_501_qm5zaka_emif_1" -name OCS_IP_TYPE "altera_emif_fm"
set_global_assignment -entity "mem_ss_mem_ss_501_qm5zaka_emif_1" -library "mem_ss_mem_ss_501_qm5zaka_emif_1" -name OCS_IP_VERSION "2.8.0"
set_global_assignment -entity "mem_ss_mem_ss_501_qm5zaka_emif_1" -library "mem_ss_mem_ss_501_qm5zaka_emif_1" -name OCS_IP_HASH "gdk3rhy"
set_global_assignment -library "mem_ss_mem_ss_501_qm5zaka_emif_1" -name SOPCINFO_FILE [file join $::quartus(qip_path) "mem_ss_mem_ss_501_qm5zaka_emif_1.sopcinfo"]
set_global_assignment -entity "mem_ss_mem_ss_501_qm5zaka_emif_1" -library "mem_ss_mem_ss_501_qm5zaka_emif_1" -name SLD_INFO "QSYS_NAME mem_ss_mem_ss_501_qm5zaka_emif_1 HAS_SOPCINFO 1 GENERATION_ID 0"
set_global_assignment -library "mem_ss_mem_ss_501_qm5zaka_emif_1" -name MISC_FILE [file join $::quartus(qip_path) "mem_ss_mem_ss_501_qm5z
QIP /home/uwb_student00/ahls/new_BSP/work_ia840f_fim_12/ipss/mem/qip/mem_ss/mem_ss/mem_ss_mem_ss_501_qm5zaka/synth/ip/mem_ss_mem_ss_501_qm5zaka/mem_ss_mem_ss_501_qm5zaka_emif_1_clk_bridge/mem_ss_mem_ss_501_qm5zaka_emif_1_clk_bridge.qip
set_global_assignment -entity "mem_ss_mem_ss_501_qm5zaka_emif_1_clk_bridge" -library "mem_ss_mem_ss_501_qm5zaka_emif_1_clk_bridge" -name IP_TOOL_NAME "QsysPrimePro"
set_global_assignment -entity "mem_ss_mem_ss_501_qm5zaka_emif_1_clk_bridge" -library "mem_ss_mem_ss_501_qm5zaka_emif_1_clk_bridge" -name IP_TOOL_VERSION "26.1.1"
set_global_assignment -entity "mem_ss_mem_ss_501_qm5zaka_emif_1_clk_bridge" -library "mem_ss_mem_ss_501_qm5zaka_emif_1_clk_bridge" -name IP_TOOL_ENV "QsysPrimePro"
set_global_assignment -entity "mem_ss_mem_ss_501_qm5zaka_emif_1_clk_bridge" -library "mem_ss_mem_ss_501_qm5zaka_emif_1_clk_bridge" -name IP_TOOL_VENDOR_NAME "Intel Corporation"
set_global_assignment -entity "mem_ss_mem_ss_501_qm5zaka_emif_1_clk_bridge" -library "mem_ss_mem_ss_501_qm5zaka_emif_1_clk_bridge" -name IP_TOP_LEVEL_COMPONENT_NAME "altera_clock_bridge"
set_global_assignment -entity "mem_ss_mem_ss_501_qm5zaka_emif_1_clk_bridge" -library "mem_ss_mem_ss_501_qm5zaka_emif_1_clk_bridge" -name PRE_COMPILED_MODULE "ON"
set_global_assignment -entity "mem_ss_mem_ss_501_qm5zaka_emif_1_clk_bridge" -library "mem_ss_mem_ss_501_qm5zaka_emif_1_clk_bridge" -name OCS_IP_TYPE "altera_clock_bridge"
set_global_assignment -entity "mem_ss_mem_ss_501_qm5zaka_emif_1_clk_bridge" -library "mem_ss_mem_ss_501_qm5zaka_emif_1_clk_bridge" -name OCS_IP_VERSION "19.2.0"
set_global_assignment -entity "mem_ss_mem_ss_501_qm5zaka_emif_1_clk_bridge" -library "mem_ss_mem_ss_501_qm5zaka_emif_1_clk_bridge" -name OCS_IP_HASH "njakcna"
set_global_assignment -library "mem_ss_mem_ss_501_qm5zaka_emif_1_clk_bridge" -name SOPCINFO_FILE [file join $::quartus(qip_path) "mem_ss_mem_ss_501_qm5zaka_emif_1_clk_bridge.sopcinfo"]
set_global_assignment -entity "mem_ss_mem_ss_501_qm5zaka_emif_1_clk_bridge" -library "mem_ss_mem_ss_501_qm5
QIP /home/uwb_student00/ahls/new_BSP/work_ia840f_fim_12/ipss/mem/qip/mem_ss/mem_ss/mem_ss_mem_ss_501_qm5zaka/synth/ip/mem_ss_mem_ss_501_qm5zaka/mem_ss_mem_ss_501_qm5zaka_emif_1_reset_bridge/mem_ss_mem_ss_501_qm5zaka_emif_1_reset_bridge.qip
set_global_assignment -entity "mem_ss_mem_ss_501_qm5zaka_emif_1_reset_bridge" -library "mem_ss_mem_ss_501_qm5zaka_emif_1_reset_bridge" -name IP_TOOL_NAME "QsysPrimePro"
set_global_assignment -entity "mem_ss_mem_ss_501_qm5zaka_emif_1_reset_bridge" -library "mem_ss_mem_ss_501_qm5zaka_emif_1_reset_bridge" -name IP_TOOL_VERSION "26.1.1"
set_global_assignment -entity "mem_ss_mem_ss_501_qm5zaka_emif_1_reset_bridge" -library "mem_ss_mem_ss_501_qm5zaka_emif_1_reset_bridge" -name IP_TOOL_ENV "QsysPrimePro"
set_global_assignment -entity "mem_ss_mem_ss_501_qm5zaka_emif_1_reset_bridge" -library "mem_ss_mem_ss_501_qm5zaka_emif_1_reset_bridge" -name IP_TOOL_VENDOR_NAME "Intel Corporation"
set_global_assignment -entity "mem_ss_mem_ss_501_qm5zaka_emif_1_reset_bridge" -library "mem_ss_mem_ss_501_qm5zaka_emif_1_reset_bridge" -name IP_TOP_LEVEL_COMPONENT_NAME "altera_reset_bridge"
set_global_assignment -entity "mem_ss_mem_ss_501_qm5zaka_emif_1_reset_bridge" -library "mem_ss_mem_ss_501_qm5zaka_emif_1_reset_bridge" -name PRE_COMPILED_MODULE "ON"
set_global_assignment -entity "mem_ss_mem_ss_501_qm5zaka_emif_1_reset_bridge" -library "mem_ss_mem_ss_501_qm5zaka_emif_1_reset_bridge" -name OCS_IP_TYPE "altera_reset_bridge"
set_global_assignment -entity "mem_ss_mem_ss_501_qm5zaka_emif_1_reset_bridge" -library "mem_ss_mem_ss_501_qm5zaka_emif_1_reset_bridge" -name OCS_IP_VERSION "19.2.0"
set_global_assignment -entity "mem_ss_mem_ss_501_qm5zaka_emif_1_reset_bridge" -library "mem_ss_mem_ss_501_qm5zaka_emif_1_reset_bridge" -name OCS_IP_HASH "xf2264i"
set_global_assignment -library "mem_ss_mem_ss_501_qm5zaka_emif_1_reset_bridge" -name SOPCINFO_FILE [file join $::quartus(qip_path) "mem_ss_mem_ss_501_qm5zaka_emif_1_reset_bridge.sopcinfo"]
set_global_assignment -entity "mem_ss_mem_ss_501_qm5zaka_emif_1_res
QIP /home/uwb_student00/ahls/new_BSP/work_ia840f_fim_12/ipss/mem/qip/mem_ss/mem_ss/mem_ss_mem_ss_501_qm5zaka/synth/ip/mem_ss_mem_ss_501_qm5zaka/mem_ss_mem_ss_501_qm5zaka_emif_cal_bot/mem_ss_mem_ss_501_qm5zaka_emif_cal_bot.qip
set_global_assignment -entity "mem_ss_mem_ss_501_qm5zaka_emif_cal_bot" -library "mem_ss_mem_ss_501_qm5zaka_emif_cal_bot" -name IP_TOOL_NAME "QsysPrimePro"
set_global_assignment -entity "mem_ss_mem_ss_501_qm5zaka_emif_cal_bot" -library "mem_ss_mem_ss_501_qm5zaka_emif_cal_bot" -name IP_TOOL_VERSION "26.1.1"
set_global_assignment -entity "mem_ss_mem_ss_501_qm5zaka_emif_cal_bot" -library "mem_ss_mem_ss_501_qm5zaka_emif_cal_bot" -name IP_TOOL_ENV "QsysPrimePro"
set_global_assignment -entity "mem_ss_mem_ss_501_qm5zaka_emif_cal_bot" -library "mem_ss_mem_ss_501_qm5zaka_emif_cal_bot" -name IP_TOOL_VENDOR_NAME "Altera Corporation"
set_global_assignment -entity "mem_ss_mem_ss_501_qm5zaka_emif_cal_bot" -library "mem_ss_mem_ss_501_qm5zaka_emif_cal_bot" -name IP_TOP_LEVEL_COMPONENT_NAME "altera_emif_cal"
set_global_assignment -entity "mem_ss_mem_ss_501_qm5zaka_emif_cal_bot" -library "mem_ss_mem_ss_501_qm5zaka_emif_cal_bot" -name PRE_COMPILED_MODULE "ON"
set_global_assignment -entity "mem_ss_mem_ss_501_qm5zaka_emif_cal_bot" -library "mem_ss_mem_ss_501_qm5zaka_emif_cal_bot" -name OCS_IP_TYPE "altera_emif_cal"
set_global_assignment -entity "mem_ss_mem_ss_501_qm5zaka_emif_cal_bot" -library "mem_ss_mem_ss_501_qm5zaka_emif_cal_bot" -name OCS_IP_VERSION "2.8.0"
set_global_assignment -entity "mem_ss_mem_ss_501_qm5zaka_emif_cal_bot" -library "mem_ss_mem_ss_501_qm5zaka_emif_cal_bot" -name OCS_IP_HASH "kyo6ogi"
set_global_assignment -library "mem_ss_mem_ss_501_qm5zaka_emif_cal_bot" -name SOPCINFO_FILE [file join $::quartus(qip_path) "mem_ss_mem_ss_501_qm5zaka_emif_cal_bot.sopcinfo"]
set_global_assignment -entity "mem_ss_mem_ss_501_qm5zaka_emif_cal_bot" -library "mem_ss_mem_ss_501_qm5zaka_emif_cal_bot" -name SLD_INFO "QSYS_NAME mem_ss_mem_ss_501_qm5zaka_emif_cal_bot HAS_SOPCINFO 1 GENERATION_ID 
QIP /home/uwb_student00/ahls/new_BSP/work_ia840f_fim_12/ipss/mem/qip/mem_ss/mem_ss/mem_ss_mem_ss_501_qm5zaka/synth/ip/mem_ss_mem_ss_501_qm5zaka/mem_ss_mem_ss_501_qm5zaka_mem_reset_ctrl/mem_ss_mem_ss_501_qm5zaka_mem_reset_ctrl.qip
set_global_assignment -entity "mem_ss_mem_ss_501_qm5zaka_mem_reset_ctrl" -library "mem_ss_mem_ss_501_qm5zaka_mem_reset_ctrl" -name IP_TOOL_NAME "QsysPrimePro"
set_global_assignment -entity "mem_ss_mem_ss_501_qm5zaka_mem_reset_ctrl" -library "mem_ss_mem_ss_501_qm5zaka_mem_reset_ctrl" -name IP_TOOL_VERSION "26.1.1"
set_global_assignment -entity "mem_ss_mem_ss_501_qm5zaka_mem_reset_ctrl" -library "mem_ss_mem_ss_501_qm5zaka_mem_reset_ctrl" -name IP_TOOL_ENV "QsysPrimePro"
set_global_assignment -entity "mem_ss_mem_ss_501_qm5zaka_mem_reset_ctrl" -library "mem_ss_mem_ss_501_qm5zaka_mem_reset_ctrl" -name IP_TOOL_VENDOR_NAME "Altera Corporation"
set_global_assignment -entity "mem_ss_mem_ss_501_qm5zaka_mem_reset_ctrl" -library "mem_ss_mem_ss_501_qm5zaka_mem_reset_ctrl" -name IP_TOP_LEVEL_COMPONENT_NAME "mem_ss_reset_ctrl"
set_global_assignment -entity "mem_ss_mem_ss_501_qm5zaka_mem_reset_ctrl" -library "mem_ss_mem_ss_501_qm5zaka_mem_reset_ctrl" -name PRE_COMPILED_MODULE "ON"
set_global_assignment -entity "mem_ss_mem_ss_501_qm5zaka_mem_reset_ctrl" -library "mem_ss_mem_ss_501_qm5zaka_mem_reset_ctrl" -name OCS_IP_TYPE "mem_ss_reset_ctrl"
set_global_assignment -entity "mem_ss_mem_ss_501_qm5zaka_mem_reset_ctrl" -library "mem_ss_mem_ss_501_qm5zaka_mem_reset_ctrl" -name OCS_IP_VERSION "2.0.1"
set_global_assignment -entity "mem_ss_mem_ss_501_qm5zaka_mem_reset_ctrl" -library "mem_ss_mem_ss_501_qm5zaka_mem_reset_ctrl" -name OCS_IP_HASH "pb3fzui"
set_global_assignment -library "mem_ss_mem_ss_501_qm5zaka_mem_reset_ctrl" -name SOPCINFO_FILE [file join $::quartus(qip_path) "mem_ss_mem_ss_501_qm5zaka_mem_reset_ctrl.sopcinfo"]
set_global_assignment -entity "mem_ss_mem_ss_501_qm5zaka_mem_reset_ctrl" -library "mem_ss_mem_ss_501_qm5zaka_mem_reset_ctrl" -name SLD_INFO "QSYS_NAME mem_ss_mem_ss_501_qm
QIP /home/uwb_student00/ahls/new_BSP/work_ia840f_fim_12/ipss/mem/qip/mem_ss/mem_ss/mem_ss_mem_ss_501_qm5zaka/synth/ip/mem_ss_mem_ss_501_qm5zaka/mem_ss_mem_ss_501_qm5zaka_msa_0/mem_ss_mem_ss_501_qm5zaka_msa_0.qip
set_global_assignment -entity "mem_ss_mem_ss_501_qm5zaka_msa_0" -library "mem_ss_mem_ss_501_qm5zaka_msa_0" -name IP_TOOL_NAME "QsysPrimePro"
set_global_assignment -entity "mem_ss_mem_ss_501_qm5zaka_msa_0" -library "mem_ss_mem_ss_501_qm5zaka_msa_0" -name IP_TOOL_VERSION "26.1.1"
set_global_assignment -entity "mem_ss_mem_ss_501_qm5zaka_msa_0" -library "mem_ss_mem_ss_501_qm5zaka_msa_0" -name IP_TOOL_ENV "QsysPrimePro"
set_global_assignment -entity "mem_ss_mem_ss_501_qm5zaka_msa_0" -library "mem_ss_mem_ss_501_qm5zaka_msa_0" -name IP_TOOL_VENDOR_NAME "Altera Corporation"
set_global_assignment -entity "mem_ss_mem_ss_501_qm5zaka_msa_0" -library "mem_ss_mem_ss_501_qm5zaka_msa_0" -name IP_TOP_LEVEL_COMPONENT_NAME "mem_ss_msa"
set_global_assignment -entity "mem_ss_mem_ss_501_qm5zaka_msa_0" -library "mem_ss_mem_ss_501_qm5zaka_msa_0" -name PRE_COMPILED_MODULE "ON"
set_global_assignment -entity "mem_ss_mem_ss_501_qm5zaka_msa_0" -library "mem_ss_mem_ss_501_qm5zaka_msa_0" -name OCS_IP_TYPE "mem_ss_msa"
set_global_assignment -entity "mem_ss_mem_ss_501_qm5zaka_msa_0" -library "mem_ss_mem_ss_501_qm5zaka_msa_0" -name OCS_IP_VERSION "1.0.5"
set_global_assignment -entity "mem_ss_mem_ss_501_qm5zaka_msa_0" -library "mem_ss_mem_ss_501_qm5zaka_msa_0" -name OCS_IP_HASH "wemrbra"
set_global_assignment -library "mem_ss_mem_ss_501_qm5zaka_msa_0" -name SOPCINFO_FILE [file join $::quartus(qip_path) "mem_ss_mem_ss_501_qm5zaka_msa_0.sopcinfo"]
set_global_assignment -entity "mem_ss_mem_ss_501_qm5zaka_msa_0" -library "mem_ss_mem_ss_501_qm5zaka_msa_0" -name SLD_INFO "QSYS_NAME mem_ss_mem_ss_501_qm5zaka_msa_0 HAS_SOPCINFO 1 GENERATION_ID 0"
set_global_assignment -library "mem_ss_mem_ss_501_qm5zaka_msa_0" -name MISC_FILE [file join $::quartus(qip_path) "mem_ss_mem_ss_501_qm5zaka_msa_0.cmp"]
set_global_assig
QIP /home/uwb_student00/ahls/new_BSP/work_ia840f_fim_12/ipss/mem/qip/mem_ss/mem_ss/mem_ss_mem_ss_501_qm5zaka/synth/ip/mem_ss_mem_ss_501_qm5zaka/mem_ss_mem_ss_501_qm5zaka_msa_1/mem_ss_mem_ss_501_qm5zaka_msa_1.qip
set_global_assignment -entity "mem_ss_mem_ss_501_qm5zaka_msa_1" -library "mem_ss_mem_ss_501_qm5zaka_msa_1" -name IP_TOOL_NAME "QsysPrimePro"
set_global_assignment -entity "mem_ss_mem_ss_501_qm5zaka_msa_1" -library "mem_ss_mem_ss_501_qm5zaka_msa_1" -name IP_TOOL_VERSION "26.1.1"
set_global_assignment -entity "mem_ss_mem_ss_501_qm5zaka_msa_1" -library "mem_ss_mem_ss_501_qm5zaka_msa_1" -name IP_TOOL_ENV "QsysPrimePro"
set_global_assignment -entity "mem_ss_mem_ss_501_qm5zaka_msa_1" -library "mem_ss_mem_ss_501_qm5zaka_msa_1" -name IP_TOOL_VENDOR_NAME "Altera Corporation"
set_global_assignment -entity "mem_ss_mem_ss_501_qm5zaka_msa_1" -library "mem_ss_mem_ss_501_qm5zaka_msa_1" -name IP_TOP_LEVEL_COMPONENT_NAME "mem_ss_msa"
set_global_assignment -entity "mem_ss_mem_ss_501_qm5zaka_msa_1" -library "mem_ss_mem_ss_501_qm5zaka_msa_1" -name PRE_COMPILED_MODULE "ON"
set_global_assignment -entity "mem_ss_mem_ss_501_qm5zaka_msa_1" -library "mem_ss_mem_ss_501_qm5zaka_msa_1" -name OCS_IP_TYPE "mem_ss_msa"
set_global_assignment -entity "mem_ss_mem_ss_501_qm5zaka_msa_1" -library "mem_ss_mem_ss_501_qm5zaka_msa_1" -name OCS_IP_VERSION "1.0.5"
set_global_assignment -entity "mem_ss_mem_ss_501_qm5zaka_msa_1" -library "mem_ss_mem_ss_501_qm5zaka_msa_1" -name OCS_IP_HASH "wemrbra"
set_global_assignment -library "mem_ss_mem_ss_501_qm5zaka_msa_1" -name SOPCINFO_FILE [file join $::quartus(qip_path) "mem_ss_mem_ss_501_qm5zaka_msa_1.sopcinfo"]
set_global_assignment -entity "mem_ss_mem_ss_501_qm5zaka_msa_1" -library "mem_ss_mem_ss_501_qm5zaka_msa_1" -name SLD_INFO "QSYS_NAME mem_ss_mem_ss_501_qm5zaka_msa_1 HAS_SOPCINFO 1 GENERATION_ID 0"
set_global_assignment -library "mem_ss_mem_ss_501_qm5zaka_msa_1" -name MISC_FILE [file join $::quartus(qip_path) "mem_ss_mem_ss_501_qm5zaka_msa_1.cmp"]
set_global_assig
QIP /home/uwb_student00/ahls/new_BSP/work_ia840f_fim_12/ipss/mem/qip/mem_ss/mem_ss/mem_ss_mem_ss_501_qm5zaka/synth/mem_ss_mem_ss_501_qm5zaka/mem_ss_mem_ss_501_qm5zaka.qip
set_global_assignment -library "mem_ss_mem_ss_501_qm5zaka" -name SOPCINFO_FILE [file join $::quartus(qip_path) "mem_ss_mem_ss_501_qm5zaka.sopcinfo"]
set_global_assignment -entity "mem_ss_mem_ss_501_qm5zaka" -library "mem_ss_mem_ss_501_qm5zaka" -name SLD_INFO "QSYS_NAME mem_ss_mem_ss_501_qm5zaka HAS_SOPCINFO 1 GENERATION_ID 0"
set_global_assignment -library "mem_ss_mem_ss_501_qm5zaka" -name MISC_FILE [file join $::quartus(qip_path) "mem_ss_mem_ss_501_qm5zaka.cmp"]
set_global_assignment -entity "mem_ss_mem_ss_501_qm5zaka" -library "mem_ss_mem_ss_501_qm5zaka" -name IP_TARGETED_DEVICE_FAMILY "Agilex 7"
set_global_assignment -entity "mem_ss_mem_ss_501_qm5zaka" -library "mem_ss_mem_ss_501_qm5zaka" -name IP_TARGETED_PART_TRAIT "part.DEVICE_IOBANK_REVISION::IO96A_REVB2"
set_global_assignment -entity "mem_ss_mem_ss_501_qm5zaka" -library "mem_ss_mem_ss_501_qm5zaka" -name IP_TARGETED_PART_TRAIT "part.DEVICE_POWER_MODEL::STANDARD_POWER"
set_global_assignment -entity "mem_ss_mem_ss_501_qm5zaka" -library "mem_ss_mem_ss_501_qm5zaka" -name IP_TARGETED_PART_TRAIT "part.DEVICE_TEMPERATURE_GRADE::EXTENDED"
set_global_assignment -entity "mem_ss_mem_ss_501_qm5zaka" -library "mem_ss_mem_ss_501_qm5zaka" -name IP_TARGETED_PART_TRAIT "part.SUPPORTS_VID::1"
set_global_assignment -entity "mem_ss_mem_ss_501_qm5zaka" -library "mem_ss_mem_ss_501_qm5zaka" -name IP_GENERATED_DEVICE_FAMILY "{Agilex 7}"
set_global_assignment -name SYNTHESIS_ONLY_QIP ON

set_global_assignment -entity "mem_ss_mem_ss_501_qm5zaka_emif_0" -library "mem_ss_mem_ss_501_qm5zaka_emif_0" -name IP_COMPONENT_NAME "bWVtX3NzX21lbV9zc181MDFfcW01emFrYV9lbWlmXzA="
set_global_assignment -entity "mem_ss_mem_ss_501_qm5zaka_emif_0" -library "mem_ss_mem_ss_501_qm5zaka_emif_0" -name IP_COMPONENT_DISPLAY_NAME "R2VuZXJpYyBDb21wb25lbnQ="
set_glob
QPF # -------------------------------------------------------------------------- #
#
# Copyright (C) 2026  Altera Corporation. All rights reserved.
# Your use of Altera Corporation's design tools, logic functions 
# and other software and tools, and any partner logic 
# functions, and any output files from any of the foregoing 
# (including device programming or simulation files), and any 
# associated documentation or information are expressly subject 
# to the terms and conditions of the Altera Program License 
# Subscription Agreement, the Altera Quartus Prime License Agreement,
# the Altera IP License Agreement, or other applicable license
# agreement, including, without limitation, that your use is for
# the sole purpose of programming logic devices manufactured by
# Altera and sold by Altera or its authorized distributors.  Please
# refer to the Altera Software License Subscription Agreements 
# on the Quartus Prime software download page.
#
# -------------------------------------------------------------------------- #
#
# Quartus Prime
# Version 26.1.1 Build 130 08/06/2026 SC Pro Edition
# Date created = 10:08:34  September 18, 2026
#
# -------------------------------------------------------------------------- #

QUARTUS_VERSION = "26.1"
DATE = "10:08:34  September 18, 2026"

# Revisions

PROJECT_REVISION = "ofs_top"
PROJECT_REVISION = "ofs_pr_afu"

PYTHON /usr/bin/python3 /usr/bin/python3.9
