{
  "result": "PASS",
  "missing_review_argv": [
    "python3",
    "-B",
    "/home/uwb_student00/ahls/new_BSP/qualification/fim-build-12/compile-candidate-01/issue_authorization.py",
    "/home/uwb_student00/ahls/new_BSP/qualification/fim-build-12/compile-NO-REVIEW-DO-NOT-CREATE.json"
  ],
  "missing_review_rc": 1,
  "stderr": "Traceback (most recent call last):\n  File \"/home/uwb_student00/ahls/new_BSP/qualification/fim-build-12/compile-candidate-01/issue_authorization.py\", line 70, in <module>\n    if __name__=='__main__': issue(sys.argv[1])\n  File \"/home/uwb_student00/ahls/new_BSP/qualification/fim-build-12/compile-candidate-01/issue_authorization.py\", line 49, in issue\n    review_path=Path(review_path).resolve(strict=True)\n  File \"/usr/lib64/python3.9/pathlib.py\", line 1140, in resolve\n    s = self._accessor.realpath(self, strict=strict)\n  File \"/usr/lib64/python3.9/posixpath.py\", line 389, in realpath\n    path, ok = _joinrealpath(filename[:0], filename, strict, {})\n  File \"/usr/lib64/python3.9/posixpath.py\", line 433, in _joinrealpath\n    st = os.lstat(newpath)\nFileNotFoundError: [Errno 2] No such file or directory: '/home/uwb_student00/ahls/new_BSP/qualification/fim-build-12/compile-NO-REVIEW-DO-NOT-CREATE.json'\n",
  "package_unchanged": true,
  "source_work_pim_dependencies_tools_verified": true,
  "ready_for_build": false,
  "approved": false,
  "authorization_absent": true,
  "claim_absent": true,
  "run_absent": true,
  "files": 63,
  "manifest_sha256": "15687a2e812b78101246a66a57edc8e5991ef596a361d4de46e898afc8cc4836"
}
