{
  "source_files": 1360,
  "pim_entries": 530,
  "baseline_dependencies": 419,
  "work_entries": 5265,
  "memory_project_files": 283,
  "accepted_original_work_files": 284,
  "unchanged_nonmemory_entries": 4798,
  "explicit_nonmemory_deviations": 180,
  "qsf_sha256": "ad68b5bf4666731449b2ae326a0f307065d112fb6bb0a9a0a072a0cd6cb1516c",
  "header_contexts": 1,
  "compile_contexts": 135,
  "header_required_outputs": 8,
  "source_unchanged": true,
  "pim_unchanged": true,
  "baseline_dependencies_unchanged": true,
  "work04_unchanged": true,
  "work11_evidence_unchanged": true,
  "accepted_memory_original_unchanged": true,
  "header_launched": false,
  "compile_launched": false,
  "authorization_issued": false,
  "independent_reviews": "PENDING PARENT SPEC THEN QUALITY",
  "ready_for_build": false,
  "compile_inventory": "DEFERRED UNTIL REVIEWED HEADER RESULT",
  "header_binding_sha256": "316a499b61cff2281d5b9785650ff53b969f80ec7ec4178692cac98595f120d5"
}
